
> @ test /Users/user/development/solana/bounties/fee_router
> anchor build -- --features local && pnpm exec ts-mocha -p ./tsconfig.json -t 1000000 tests/*.test.ts

    Finished `release` profile [optimized] target(s) in 0.34s
    Finished `test` profile [unoptimized + debuginfo] target(s) in 0.34s
     Running unittests src/lib.rs (/Users/user/development/solana/bounties/fee_router/target/debug/deps/fee_router-08cfe41203be7f87)
    Finished `release` profile [optimized] target(s) in 0.25s
    Finished `test` profile [unoptimized + debuginfo] target(s) in 0.23s
     Running unittests src/lib.rs (/Users/user/development/solana/bounties/fee_router/target/debug/deps/cp_amm-5cf662afd2860002)
bigint: Failed to load bindings, pure JS will be used (try npm run rebuild?)


  Add liquidity
    SPL Token
[2025-11-05T06:35:14.083951000Z INFO  solana_program_test] "cp_amm" SBF program from ./target/deploy/cp_amm.so, modified 24 minutes, 21 seconds, 431 ms, 261 µs and 203 ns ago
[2025-11-05T06:35:14.084434000Z INFO  solana_program_test] "fee_router" SBF program from ./target/deploy/fee_router.so, modified 24 seconds, 168 ms, 691 µs and 331 ns ago
[2025-11-05T06:35:14.084862000Z INFO  solana_program_test] "transfer_hook_counter" SBF program from tests/fixtures/transfer_hook_counter.so, modified 3 weeks, 22 hours, 58 minutes, 48 seconds, 910 ms, 459 µs and 196 ns ago
[2025-11-05T06:35:14.085516000Z INFO  solana_program_test] "alpha_vault" SBF program from tests/fixtures/alpha_vault.so, modified 3 weeks, 22 hours, 58 minutes, 48 seconds, 911 ms, 800 µs and 72 ns ago
[2025-11-05T06:35:14.086239000Z INFO  solana_program_test] "streamflow" SBF program from tests/fixtures/streamflow.so, modified 3 weeks, 6 hours, 58 minutes, 58 seconds, 797 ms, 153 µs and 387 ns ago
[2025-11-05T06:35:14.086554000Z INFO  solana_program_test] "cp_amm" SBF program from ./target/deploy/cp_amm.so, modified 24 minutes, 21 seconds, 433 ms, 873 µs and 203 ns ago
[2025-11-05T06:35:14.086693000Z INFO  solana_program_test] "fee_router" SBF program from ./target/deploy/fee_router.so, modified 24 seconds, 170 ms, 953 µs and 331 ns ago
[2025-11-05T06:35:14.106855000Z INFO  solana_program_test] Overriding account at ASmKWt93JEMHxbdE6j7znD9y2FcdPboCzC3xtSTJvN7S
[2025-11-05T06:35:14.106874000Z INFO  solana_program_test] Overriding account at 5B57SJ3g2YoNXUpsZqqjEQkRSxyKtVTQRXdgAirz6bio
[2025-11-05T06:35:14.125191000Z DEBUG solana_runtime::message_processor::stable_log] Program 11111111111111111111111111111111 invoke [1]
[2025-11-05T06:35:14.125212000Z DEBUG solana_runtime::message_processor::stable_log] Program 11111111111111111111111111111111 success
[2025-11-05T06:35:14.132082000Z DEBUG solana_runtime::message_processor::stable_log] Program 11111111111111111111111111111111 invoke [1]
[2025-11-05T06:35:14.132097000Z DEBUG solana_runtime::message_processor::stable_log] Program 11111111111111111111111111111111 success
[2025-11-05T06:35:14.138671000Z DEBUG solana_runtime::message_processor::stable_log] Program 11111111111111111111111111111111 invoke [1]
[2025-11-05T06:35:14.138685000Z DEBUG solana_runtime::message_processor::stable_log] Program 11111111111111111111111111111111 success
[2025-11-05T06:35:14.162755000Z DEBUG solana_runtime::message_processor::stable_log] Program 11111111111111111111111111111111 invoke [1]
[2025-11-05T06:35:14.162772000Z DEBUG solana_runtime::message_processor::stable_log] Program 11111111111111111111111111111111 success
[2025-11-05T06:35:14.162778000Z DEBUG solana_runtime::message_processor::stable_log] Program TokenkegQfeZyiNwAJbNbGKPFXCWuBvf9Ss623VQ5DA invoke [1]
[2025-11-05T06:35:14.162847000Z DEBUG solana_runtime::message_processor::stable_log] Program log: Instruction: InitializeMint2
[2025-11-05T06:35:14.162888000Z DEBUG solana_runtime::message_processor::stable_log] Program TokenkegQfeZyiNwAJbNbGKPFXCWuBvf9Ss623VQ5DA consumed 2779 of 399850 compute units
[2025-11-05T06:35:14.162902000Z DEBUG solana_runtime::message_processor::stable_log] Program TokenkegQfeZyiNwAJbNbGKPFXCWuBvf9Ss623VQ5DA success
[2025-11-05T06:35:14.176231000Z DEBUG solana_runtime::message_processor::stable_log] Program 11111111111111111111111111111111 invoke [1]
[2025-11-05T06:35:14.176248000Z DEBUG solana_runtime::message_processor::stable_log] Program 11111111111111111111111111111111 success
[2025-11-05T06:35:14.176253000Z DEBUG solana_runtime::message_processor::stable_log] Program TokenkegQfeZyiNwAJbNbGKPFXCWuBvf9Ss623VQ5DA invoke [1]
[2025-11-05T06:35:14.176308000Z DEBUG solana_runtime::message_processor::stable_log] Program log: Instruction: InitializeMint2
[2025-11-05T06:35:14.176345000Z DEBUG solana_runtime::message_processor::stable_log] Program TokenkegQfeZyiNwAJbNbGKPFXCWuBvf9Ss623VQ5DA consumed 2779 of 399850 compute units
[2025-11-05T06:35:14.176356000Z DEBUG solana_runtime::message_processor::stable_log] Program TokenkegQfeZyiNwAJbNbGKPFXCWuBvf9Ss623VQ5DA success
[2025-11-05T06:35:14.186053000Z DEBUG solana_runtime::message_processor::stable_log] Program ATokenGPvbdGVxr1b2hvZbsiqW5xWH25efTNsLJA8knL invoke [1]
[2025-11-05T06:35:14.186129000Z DEBUG solana_runtime::message_processor::stable_log] Program log: Create
[2025-11-05T06:35:14.186255000Z DEBUG solana_runtime::message_processor::stable_log] Program TokenkegQfeZyiNwAJbNbGKPFXCWuBvf9Ss623VQ5DA invoke [2]
[2025-11-05T06:35:14.186296000Z DEBUG solana_runtime::message_processor::stable_log] Program log: Instruction: GetAccountDataSize
[2025-11-05T06:35:14.186316000Z DEBUG solana_runtime::message_processor::stable_log] Program TokenkegQfeZyiNwAJbNbGKPFXCWuBvf9Ss623VQ5DA consumed 1595 of 184055 compute units
[2025-11-05T06:35:14.186326000Z DEBUG solana_runtime::message_processor::stable_log] Program return: TokenkegQfeZyiNwAJbNbGKPFXCWuBvf9Ss623VQ5DA pQAAAAAAAAA=
[2025-11-05T06:35:14.186335000Z DEBUG solana_runtime::message_processor::stable_log] Program TokenkegQfeZyiNwAJbNbGKPFXCWuBvf9Ss623VQ5DA success
[2025-11-05T06:35:14.186396000Z DEBUG solana_runtime::message_processor::stable_log] Program 11111111111111111111111111111111 invoke [2]
[2025-11-05T06:35:14.186404000Z DEBUG solana_runtime::message_processor::stable_log] Program 11111111111111111111111111111111 success
[2025-11-05T06:35:14.186411000Z DEBUG solana_runtime::message_processor::stable_log] Program log: Initialize the associated token account
[2025-11-05T06:35:14.186430000Z DEBUG solana_runtime::message_processor::stable_log] Program TokenkegQfeZyiNwAJbNbGKPFXCWuBvf9Ss623VQ5DA invoke [2]
[2025-11-05T06:35:14.186456000Z DEBUG solana_runtime::message_processor::stable_log] Program log: Instruction: InitializeImmutableOwner
[2025-11-05T06:35:14.186468000Z DEBUG solana_runtime::message_processor::stable_log] Program log: Please upgrade to SPL Token 2022 for immutable owner support
[2025-11-05T06:35:14.186472000Z DEBUG solana_runtime::message_processor::stable_log] Program TokenkegQfeZyiNwAJbNbGKPFXCWuBvf9Ss623VQ5DA consumed 1405 of 177442 compute units
[2025-11-05T06:35:14.186481000Z DEBUG solana_runtime::message_processor::stable_log] Program TokenkegQfeZyiNwAJbNbGKPFXCWuBvf9Ss623VQ5DA success
[2025-11-05T06:35:14.186519000Z DEBUG solana_runtime::message_processor::stable_log] Program TokenkegQfeZyiNwAJbNbGKPFXCWuBvf9Ss623VQ5DA invoke [2]
[2025-11-05T06:35:14.186553000Z DEBUG solana_runtime::message_processor::stable_log] Program log: Instruction: InitializeAccount3
[2025-11-05T06:35:14.186616000Z DEBUG solana_runtime::message_processor::stable_log] Program TokenkegQfeZyiNwAJbNbGKPFXCWuBvf9Ss623VQ5DA consumed 4214 of 173558 compute units
[2025-11-05T06:35:14.186624000Z DEBUG solana_runtime::message_processor::stable_log] Program TokenkegQfeZyiNwAJbNbGKPFXCWuBvf9Ss623VQ5DA success
[2025-11-05T06:35:14.186638000Z DEBUG solana_runtime::message_processor::stable_log] Program ATokenGPvbdGVxr1b2hvZbsiqW5xWH25efTNsLJA8knL consumed 30960 of 200000 compute units
[2025-11-05T06:35:14.186658000Z DEBUG solana_runtime::message_processor::stable_log] Program ATokenGPvbdGVxr1b2hvZbsiqW5xWH25efTNsLJA8knL success
[2025-11-05T06:35:14.192071000Z DEBUG solana_runtime::message_processor::stable_log] Program TokenkegQfeZyiNwAJbNbGKPFXCWuBvf9Ss623VQ5DA invoke [1]
[2025-11-05T06:35:14.192136000Z DEBUG solana_runtime::message_processor::stable_log] Program log: Instruction: MintTo
[2025-11-05T06:35:14.192202000Z DEBUG solana_runtime::message_processor::stable_log] Program TokenkegQfeZyiNwAJbNbGKPFXCWuBvf9Ss623VQ5DA consumed 4491 of 200000 compute units
[2025-11-05T06:35:14.192214000Z DEBUG solana_runtime::message_processor::stable_log] Program TokenkegQfeZyiNwAJbNbGKPFXCWuBvf9Ss623VQ5DA success
[2025-11-05T06:35:14.197598000Z DEBUG solana_runtime::message_processor::stable_log] Program ATokenGPvbdGVxr1b2hvZbsiqW5xWH25efTNsLJA8knL invoke [1]
[2025-11-05T06:35:14.197675000Z DEBUG solana_runtime::message_processor::stable_log] Program log: Create
[2025-11-05T06:35:14.197730000Z DEBUG solana_runtime::message_processor::stable_log] Program TokenkegQfeZyiNwAJbNbGKPFXCWuBvf9Ss623VQ5DA invoke [2]
[2025-11-05T06:35:14.197773000Z DEBUG solana_runtime::message_processor::stable_log] Program log: Instruction: GetAccountDataSize
[2025-11-05T06:35:14.197793000Z DEBUG solana_runtime::message_processor::stable_log] Program TokenkegQfeZyiNwAJbNbGKPFXCWuBvf9Ss623VQ5DA consumed 1595 of 194555 compute units
[2025-11-05T06:35:14.197803000Z DEBUG solana_runtime::message_processor::stable_log] Program return: TokenkegQfeZyiNwAJbNbGKPFXCWuBvf9Ss623VQ5DA pQAAAAAAAAA=
[2025-11-05T06:35:14.197813000Z DEBUG solana_runtime::message_processor::stable_log] Program TokenkegQfeZyiNwAJbNbGKPFXCWuBvf9Ss623VQ5DA success
[2025-11-05T06:35:14.197873000Z DEBUG solana_runtime::message_processor::stable_log] Program 11111111111111111111111111111111 invoke [2]
[2025-11-05T06:35:14.197885000Z DEBUG solana_runtime::message_processor::stable_log] Program 11111111111111111111111111111111 success
[2025-11-05T06:35:14.197891000Z DEBUG solana_runtime::message_processor::stable_log] Program log: Initialize the associated token account
[2025-11-05T06:35:14.197911000Z DEBUG solana_runtime::message_processor::stable_log] Program TokenkegQfeZyiNwAJbNbGKPFXCWuBvf9Ss623VQ5DA invoke [2]
[2025-11-05T06:35:14.197936000Z DEBUG solana_runtime::message_processor::stable_log] Program log: Instruction: InitializeImmutableOwner
[2025-11-05T06:35:14.197948000Z DEBUG solana_runtime::message_processor::stable_log] Program log: Please upgrade to SPL Token 2022 for immutable owner support
[2025-11-05T06:35:14.197952000Z DEBUG solana_runtime::message_processor::stable_log] Program TokenkegQfeZyiNwAJbNbGKPFXCWuBvf9Ss623VQ5DA consumed 1405 of 187942 compute units
[2025-11-05T06:35:14.197960000Z DEBUG solana_runtime::message_processor::stable_log] Program TokenkegQfeZyiNwAJbNbGKPFXCWuBvf9Ss623VQ5DA success
[2025-11-05T06:35:14.197997000Z DEBUG solana_runtime::message_processor::stable_log] Program TokenkegQfeZyiNwAJbNbGKPFXCWuBvf9Ss623VQ5DA invoke [2]
[2025-11-05T06:35:14.198028000Z DEBUG solana_runtime::message_processor::stable_log] Program log: Instruction: InitializeAccount3
[2025-11-05T06:35:14.198088000Z DEBUG solana_runtime::message_processor::stable_log] Program TokenkegQfeZyiNwAJbNbGKPFXCWuBvf9Ss623VQ5DA consumed 4214 of 184058 compute units
[2025-11-05T06:35:14.198099000Z DEBUG solana_runtime::message_processor::stable_log] Program TokenkegQfeZyiNwAJbNbGKPFXCWuBvf9Ss623VQ5DA success
[2025-11-05T06:35:14.198113000Z DEBUG solana_runtime::message_processor::stable_log] Program ATokenGPvbdGVxr1b2hvZbsiqW5xWH25efTNsLJA8knL consumed 20460 of 200000 compute units
[2025-11-05T06:35:14.198122000Z DEBUG solana_runtime::message_processor::stable_log] Program ATokenGPvbdGVxr1b2hvZbsiqW5xWH25efTNsLJA8knL success
[2025-11-05T06:35:14.202128000Z DEBUG solana_runtime::message_processor::stable_log] Program TokenkegQfeZyiNwAJbNbGKPFXCWuBvf9Ss623VQ5DA invoke [1]
[2025-11-05T06:35:14.202187000Z DEBUG solana_runtime::message_processor::stable_log] Program log: Instruction: MintTo
[2025-11-05T06:35:14.202254000Z DEBUG solana_runtime::message_processor::stable_log] Program TokenkegQfeZyiNwAJbNbGKPFXCWuBvf9Ss623VQ5DA consumed 4491 of 200000 compute units
[2025-11-05T06:35:14.202265000Z DEBUG solana_runtime::message_processor::stable_log] Program TokenkegQfeZyiNwAJbNbGKPFXCWuBvf9Ss623VQ5DA success
[2025-11-05T06:35:14.207847000Z DEBUG solana_runtime::message_processor::stable_log] Program ATokenGPvbdGVxr1b2hvZbsiqW5xWH25efTNsLJA8knL invoke [1]
[2025-11-05T06:35:14.207927000Z DEBUG solana_runtime::message_processor::stable_log] Program log: Create
[2025-11-05T06:35:14.207986000Z DEBUG solana_runtime::message_processor::stable_log] Program TokenkegQfeZyiNwAJbNbGKPFXCWuBvf9Ss623VQ5DA invoke [2]
[2025-11-05T06:35:14.208023000Z DEBUG solana_runtime::message_processor::stable_log] Program log: Instruction: GetAccountDataSize
[2025-11-05T06:35:14.208043000Z DEBUG solana_runtime::message_processor::stable_log] Program TokenkegQfeZyiNwAJbNbGKPFXCWuBvf9Ss623VQ5DA consumed 1595 of 194555 compute units
[2025-11-05T06:35:14.208053000Z DEBUG solana_runtime::message_processor::stable_log] Program return: TokenkegQfeZyiNwAJbNbGKPFXCWuBvf9Ss623VQ5DA pQAAAAAAAAA=
[2025-11-05T06:35:14.208063000Z DEBUG solana_runtime::message_processor::stable_log] Program TokenkegQfeZyiNwAJbNbGKPFXCWuBvf9Ss623VQ5DA success
[2025-11-05T06:35:14.208124000Z DEBUG solana_runtime::message_processor::stable_log] Program 11111111111111111111111111111111 invoke [2]
[2025-11-05T06:35:14.208133000Z DEBUG solana_runtime::message_processor::stable_log] Program 11111111111111111111111111111111 success
[2025-11-05T06:35:14.208141000Z DEBUG solana_runtime::message_processor::stable_log] Program log: Initialize the associated token account
[2025-11-05T06:35:14.208162000Z DEBUG solana_runtime::message_processor::stable_log] Program TokenkegQfeZyiNwAJbNbGKPFXCWuBvf9Ss623VQ5DA invoke [2]
[2025-11-05T06:35:14.208187000Z DEBUG solana_runtime::message_processor::stable_log] Program log: Instruction: InitializeImmutableOwner
[2025-11-05T06:35:14.208200000Z DEBUG solana_runtime::message_processor::stable_log] Program log: Please upgrade to SPL Token 2022 for immutable owner support
[2025-11-05T06:35:14.208204000Z DEBUG solana_runtime::message_processor::stable_log] Program TokenkegQfeZyiNwAJbNbGKPFXCWuBvf9Ss623VQ5DA consumed 1405 of 187942 compute units
[2025-11-05T06:35:14.208213000Z DEBUG solana_runtime::message_processor::stable_log] Program TokenkegQfeZyiNwAJbNbGKPFXCWuBvf9Ss623VQ5DA success
[2025-11-05T06:35:14.208251000Z DEBUG solana_runtime::message_processor::stable_log] Program TokenkegQfeZyiNwAJbNbGKPFXCWuBvf9Ss623VQ5DA invoke [2]
[2025-11-05T06:35:14.208283000Z DEBUG solana_runtime::message_processor::stable_log] Program log: Instruction: InitializeAccount3
[2025-11-05T06:35:14.208344000Z DEBUG solana_runtime::message_processor::stable_log] Program TokenkegQfeZyiNwAJbNbGKPFXCWuBvf9Ss623VQ5DA consumed 4214 of 184058 compute units
[2025-11-05T06:35:14.208352000Z DEBUG solana_runtime::message_processor::stable_log] Program TokenkegQfeZyiNwAJbNbGKPFXCWuBvf9Ss623VQ5DA success
[2025-11-05T06:35:14.208366000Z DEBUG solana_runtime::message_processor::stable_log] Program ATokenGPvbdGVxr1b2hvZbsiqW5xWH25efTNsLJA8knL consumed 20460 of 200000 compute units
[2025-11-05T06:35:14.208376000Z DEBUG solana_runtime::message_processor::stable_log] Program ATokenGPvbdGVxr1b2hvZbsiqW5xWH25efTNsLJA8knL success
[2025-11-05T06:35:14.212123000Z DEBUG solana_runtime::message_processor::stable_log] Program TokenkegQfeZyiNwAJbNbGKPFXCWuBvf9Ss623VQ5DA invoke [1]
[2025-11-05T06:35:14.212172000Z DEBUG solana_runtime::message_processor::stable_log] Program log: Instruction: MintTo
[2025-11-05T06:35:14.212239000Z DEBUG solana_runtime::message_processor::stable_log] Program TokenkegQfeZyiNwAJbNbGKPFXCWuBvf9Ss623VQ5DA consumed 4491 of 200000 compute units
[2025-11-05T06:35:14.212250000Z DEBUG solana_runtime::message_processor::stable_log] Program TokenkegQfeZyiNwAJbNbGKPFXCWuBvf9Ss623VQ5DA success
[2025-11-05T06:35:14.219205000Z DEBUG solana_runtime::message_processor::stable_log] Program ATokenGPvbdGVxr1b2hvZbsiqW5xWH25efTNsLJA8knL invoke [1]
[2025-11-05T06:35:14.219304000Z DEBUG solana_runtime::message_processor::stable_log] Program log: Create
[2025-11-05T06:35:14.219403000Z DEBUG solana_runtime::message_processor::stable_log] Program TokenkegQfeZyiNwAJbNbGKPFXCWuBvf9Ss623VQ5DA invoke [2]
[2025-11-05T06:35:14.219443000Z DEBUG solana_runtime::message_processor::stable_log] Program log: Instruction: GetAccountDataSize
[2025-11-05T06:35:14.219463000Z DEBUG solana_runtime::message_processor::stable_log] Program TokenkegQfeZyiNwAJbNbGKPFXCWuBvf9Ss623VQ5DA consumed 1595 of 187055 compute units
[2025-11-05T06:35:14.219473000Z DEBUG solana_runtime::message_processor::stable_log] Program return: TokenkegQfeZyiNwAJbNbGKPFXCWuBvf9Ss623VQ5DA pQAAAAAAAAA=
[2025-11-05T06:35:14.219483000Z DEBUG solana_runtime::message_processor::stable_log] Program TokenkegQfeZyiNwAJbNbGKPFXCWuBvf9Ss623VQ5DA success
[2025-11-05T06:35:14.219545000Z DEBUG solana_runtime::message_processor::stable_log] Program 11111111111111111111111111111111 invoke [2]
[2025-11-05T06:35:14.219556000Z DEBUG solana_runtime::message_processor::stable_log] Program 11111111111111111111111111111111 success
[2025-11-05T06:35:14.219562000Z DEBUG solana_runtime::message_processor::stable_log] Program log: Initialize the associated token account
[2025-11-05T06:35:14.219583000Z DEBUG solana_runtime::message_processor::stable_log] Program TokenkegQfeZyiNwAJbNbGKPFXCWuBvf9Ss623VQ5DA invoke [2]
[2025-11-05T06:35:14.219610000Z DEBUG solana_runtime::message_processor::stable_log] Program log: Instruction: InitializeImmutableOwner
[2025-11-05T06:35:14.219623000Z DEBUG solana_runtime::message_processor::stable_log] Program log: Please upgrade to SPL Token 2022 for immutable owner support
[2025-11-05T06:35:14.219627000Z DEBUG solana_runtime::message_processor::stable_log] Program TokenkegQfeZyiNwAJbNbGKPFXCWuBvf9Ss623VQ5DA consumed 1405 of 180442 compute units
[2025-11-05T06:35:14.219639000Z DEBUG solana_runtime::message_processor::stable_log] Program TokenkegQfeZyiNwAJbNbGKPFXCWuBvf9Ss623VQ5DA success
[2025-11-05T06:35:14.219680000Z DEBUG solana_runtime::message_processor::stable_log] Program TokenkegQfeZyiNwAJbNbGKPFXCWuBvf9Ss623VQ5DA invoke [2]
[2025-11-05T06:35:14.219711000Z DEBUG solana_runtime::message_processor::stable_log] Program log: Instruction: InitializeAccount3
[2025-11-05T06:35:14.219772000Z DEBUG solana_runtime::message_processor::stable_log] Program TokenkegQfeZyiNwAJbNbGKPFXCWuBvf9Ss623VQ5DA consumed 4214 of 176558 compute units
[2025-11-05T06:35:14.219781000Z DEBUG solana_runtime::message_processor::stable_log] Program TokenkegQfeZyiNwAJbNbGKPFXCWuBvf9Ss623VQ5DA success
[2025-11-05T06:35:14.219795000Z DEBUG solana_runtime::message_processor::stable_log] Program ATokenGPvbdGVxr1b2hvZbsiqW5xWH25efTNsLJA8knL consumed 27960 of 200000 compute units
[2025-11-05T06:35:14.219806000Z DEBUG solana_runtime::message_processor::stable_log] Program ATokenGPvbdGVxr1b2hvZbsiqW5xWH25efTNsLJA8knL success
[2025-11-05T06:35:14.223971000Z DEBUG solana_runtime::message_processor::stable_log] Program TokenkegQfeZyiNwAJbNbGKPFXCWuBvf9Ss623VQ5DA invoke [1]
[2025-11-05T06:35:14.224029000Z DEBUG solana_runtime::message_processor::stable_log] Program log: Instruction: MintTo
[2025-11-05T06:35:14.224098000Z DEBUG solana_runtime::message_processor::stable_log] Program TokenkegQfeZyiNwAJbNbGKPFXCWuBvf9Ss623VQ5DA consumed 4491 of 200000 compute units
[2025-11-05T06:35:14.224110000Z DEBUG solana_runtime::message_processor::stable_log] Program TokenkegQfeZyiNwAJbNbGKPFXCWuBvf9Ss623VQ5DA success
[2025-11-05T06:35:14.247338000Z DEBUG solana_runtime::message_processor::stable_log] Program ASmKWt93JEMHxbdE6j7znD9y2FcdPboCzC3xtSTJvN7S invoke [1]
[2025-11-05T06:35:14.247410000Z DEBUG solana_runtime::message_processor::stable_log] Program log: Instruction: CreateConfig
[2025-11-05T06:35:14.247509000Z DEBUG solana_runtime::message_processor::stable_log] Program 11111111111111111111111111111111 invoke [2]
[2025-11-05T06:35:14.247528000Z DEBUG solana_runtime::message_processor::stable_log] Program 11111111111111111111111111111111 success
[2025-11-05T06:35:14.247636000Z DEBUG solana_runtime::message_processor::stable_log] Program ASmKWt93JEMHxbdE6j7znD9y2FcdPboCzC3xtSTJvN7S invoke [2]
[2025-11-05T06:35:14.247682000Z DEBUG solana_runtime::message_processor::stable_log] Program ASmKWt93JEMHxbdE6j7znD9y2FcdPboCzC3xtSTJvN7S consumed 2069 of 186098 compute units
[2025-11-05T06:35:14.247693000Z DEBUG solana_runtime::message_processor::stable_log] Program ASmKWt93JEMHxbdE6j7znD9y2FcdPboCzC3xtSTJvN7S success
[2025-11-05T06:35:14.247720000Z DEBUG solana_runtime::message_processor::stable_log] Program ASmKWt93JEMHxbdE6j7znD9y2FcdPboCzC3xtSTJvN7S consumed 16276 of 200000 compute units
[2025-11-05T06:35:14.247730000Z DEBUG solana_runtime::message_processor::stable_log] Program ASmKWt93JEMHxbdE6j7znD9y2FcdPboCzC3xtSTJvN7S success
[2025-11-05T06:35:14.281370000Z DEBUG solana_runtime::message_processor::stable_log] Program ASmKWt93JEMHxbdE6j7znD9y2FcdPboCzC3xtSTJvN7S invoke [1]
[2025-11-05T06:35:14.281493000Z DEBUG solana_runtime::message_processor::stable_log] Program log: Instruction: InitializePool
[2025-11-05T06:35:14.281625000Z DEBUG solana_runtime::message_processor::stable_log] Program 11111111111111111111111111111111 invoke [2]
[2025-11-05T06:35:14.281634000Z DEBUG solana_runtime::message_processor::stable_log] Program 11111111111111111111111111111111 success
[2025-11-05T06:35:14.281666000Z DEBUG solana_runtime::message_processor::stable_log] Program TokenzQdBNbLqP5VEhdkAS6EPFLC1PHnBqCXEpPxuEb invoke [2]
[2025-11-05T06:35:14.281692000Z DEBUG solana_runtime::message_processor::stable_log] Program log: MetadataPointerInstruction::Initialize
[2025-11-05T06:35:14.281726000Z DEBUG solana_runtime::message_processor::stable_log] Program TokenzQdBNbLqP5VEhdkAS6EPFLC1PHnBqCXEpPxuEb consumed 2442 of 334963 compute units
[2025-11-05T06:35:14.281735000Z DEBUG solana_runtime::message_processor::stable_log] Program TokenzQdBNbLqP5VEhdkAS6EPFLC1PHnBqCXEpPxuEb success
[2025-11-05T06:35:14.281763000Z DEBUG solana_runtime::message_processor::stable_log] Program TokenzQdBNbLqP5VEhdkAS6EPFLC1PHnBqCXEpPxuEb invoke [2]
[2025-11-05T06:35:14.281785000Z DEBUG solana_runtime::message_processor::stable_log] Program log: Instruction: InitializeMintCloseAuthority
[2025-11-05T06:35:14.281815000Z DEBUG solana_runtime::message_processor::stable_log] Program TokenzQdBNbLqP5VEhdkAS6EPFLC1PHnBqCXEpPxuEb consumed 2570 of 330543 compute units
[2025-11-05T06:35:14.281823000Z DEBUG solana_runtime::message_processor::stable_log] Program TokenzQdBNbLqP5VEhdkAS6EPFLC1PHnBqCXEpPxuEb success
[2025-11-05T06:35:14.281851000Z DEBUG solana_runtime::message_processor::stable_log] Program TokenzQdBNbLqP5VEhdkAS6EPFLC1PHnBqCXEpPxuEb invoke [2]
[2025-11-05T06:35:14.281873000Z DEBUG solana_runtime::message_processor::stable_log] Program log: Instruction: InitializeMint2
[2025-11-05T06:35:14.281928000Z DEBUG solana_runtime::message_processor::stable_log] Program TokenzQdBNbLqP5VEhdkAS6EPFLC1PHnBqCXEpPxuEb consumed 4078 of 326031 compute units
[2025-11-05T06:35:14.281936000Z DEBUG solana_runtime::message_processor::stable_log] Program TokenzQdBNbLqP5VEhdkAS6EPFLC1PHnBqCXEpPxuEb success
[2025-11-05T06:35:14.282052000Z DEBUG solana_runtime::message_processor::stable_log] Program 11111111111111111111111111111111 invoke [2]
[2025-11-05T06:35:14.282056000Z DEBUG solana_runtime::message_processor::stable_log] Program 11111111111111111111111111111111 success
[2025-11-05T06:35:14.282083000Z DEBUG solana_runtime::message_processor::stable_log] Program TokenzQdBNbLqP5VEhdkAS6EPFLC1PHnBqCXEpPxuEb invoke [2]
[2025-11-05T06:35:14.282107000Z DEBUG solana_runtime::message_processor::stable_log] Program log: Instruction: InitializeAccount3
[2025-11-05T06:35:14.282180000Z DEBUG solana_runtime::message_processor::stable_log] Program TokenzQdBNbLqP5VEhdkAS6EPFLC1PHnBqCXEpPxuEb consumed 5137 of 312347 compute units
[2025-11-05T06:35:14.282188000Z DEBUG solana_runtime::message_processor::stable_log] Program TokenzQdBNbLqP5VEhdkAS6EPFLC1PHnBqCXEpPxuEb success
[2025-11-05T06:35:14.282283000Z DEBUG solana_runtime::message_processor::stable_log] Program 11111111111111111111111111111111 invoke [2]
[2025-11-05T06:35:14.282287000Z DEBUG solana_runtime::message_processor::stable_log] Program 11111111111111111111111111111111 success
[2025-11-05T06:35:14.282372000Z DEBUG solana_runtime::message_processor::stable_log] Program 11111111111111111111111111111111 invoke [2]
[2025-11-05T06:35:14.282375000Z DEBUG solana_runtime::message_processor::stable_log] Program 11111111111111111111111111111111 success
[2025-11-05T06:35:14.282504000Z DEBUG solana_runtime::message_processor::stable_log] Program 11111111111111111111111111111111 invoke [2]
[2025-11-05T06:35:14.282513000Z DEBUG solana_runtime::message_processor::stable_log] Program 11111111111111111111111111111111 success
[2025-11-05T06:35:14.282546000Z DEBUG solana_runtime::message_processor::stable_log] Program TokenkegQfeZyiNwAJbNbGKPFXCWuBvf9Ss623VQ5DA invoke [2]
[2025-11-05T06:35:14.282580000Z DEBUG solana_runtime::message_processor::stable_log] Program log: Instruction: InitializeAccount3
[2025-11-05T06:35:14.282636000Z DEBUG solana_runtime::message_processor::stable_log] Program TokenkegQfeZyiNwAJbNbGKPFXCWuBvf9Ss623VQ5DA consumed 4214 of 282744 compute units
[2025-11-05T06:35:14.282645000Z DEBUG solana_runtime::message_processor::stable_log] Program TokenkegQfeZyiNwAJbNbGKPFXCWuBvf9Ss623VQ5DA success
[2025-11-05T06:35:14.282784000Z DEBUG solana_runtime::message_processor::stable_log] Program 11111111111111111111111111111111 invoke [2]
[2025-11-05T06:35:14.282789000Z DEBUG solana_runtime::message_processor::stable_log] Program 11111111111111111111111111111111 success
[2025-11-05T06:35:14.282816000Z DEBUG solana_runtime::message_processor::stable_log] Program TokenkegQfeZyiNwAJbNbGKPFXCWuBvf9Ss623VQ5DA invoke [2]
[2025-11-05T06:35:14.282842000Z DEBUG solana_runtime::message_processor::stable_log] Program log: Instruction: InitializeAccount3
[2025-11-05T06:35:14.282894000Z DEBUG solana_runtime::message_processor::stable_log] Program TokenkegQfeZyiNwAJbNbGKPFXCWuBvf9Ss623VQ5DA consumed 4214 of 265105 compute units
[2025-11-05T06:35:14.282901000Z DEBUG solana_runtime::message_processor::stable_log] Program TokenkegQfeZyiNwAJbNbGKPFXCWuBvf9Ss623VQ5DA success
[2025-11-05T06:35:14.283107000Z DEBUG solana_runtime::message_processor::stable_log] Program TokenzQdBNbLqP5VEhdkAS6EPFLC1PHnBqCXEpPxuEb invoke [2]
[2025-11-05T06:35:14.283157000Z DEBUG solana_runtime::message_processor::stable_log] Program log: TokenMetadataInstruction: Initialize
[2025-11-05T06:35:14.283279000Z DEBUG solana_runtime::message_processor::stable_log] Program TokenzQdBNbLqP5VEhdkAS6EPFLC1PHnBqCXEpPxuEb consumed 9900 of 248972 compute units
[2025-11-05T06:35:14.283287000Z DEBUG solana_runtime::message_processor::stable_log] Program TokenzQdBNbLqP5VEhdkAS6EPFLC1PHnBqCXEpPxuEb success
[2025-11-05T06:35:14.283342000Z DEBUG solana_runtime::message_processor::stable_log] Program 11111111111111111111111111111111 invoke [2]
[2025-11-05T06:35:14.283348000Z DEBUG solana_runtime::message_processor::stable_log] Program 11111111111111111111111111111111 success
[2025-11-05T06:35:14.283387000Z DEBUG solana_runtime::message_processor::stable_log] Program TokenzQdBNbLqP5VEhdkAS6EPFLC1PHnBqCXEpPxuEb invoke [2]
[2025-11-05T06:35:14.283418000Z DEBUG solana_runtime::message_processor::stable_log] Program log: Instruction: MintTo
[2025-11-05T06:35:14.283488000Z DEBUG solana_runtime::message_processor::stable_log] Program TokenzQdBNbLqP5VEhdkAS6EPFLC1PHnBqCXEpPxuEb consumed 5540 of 234010 compute units
[2025-11-05T06:35:14.283496000Z DEBUG solana_runtime::message_processor::stable_log] Program TokenzQdBNbLqP5VEhdkAS6EPFLC1PHnBqCXEpPxuEb success
[2025-11-05T06:35:14.283546000Z DEBUG solana_runtime::message_processor::stable_log] Program ASmKWt93JEMHxbdE6j7znD9y2FcdPboCzC3xtSTJvN7S invoke [2]
[2025-11-05T06:35:14.283577000Z DEBUG solana_runtime::message_processor::stable_log] Program ASmKWt93JEMHxbdE6j7znD9y2FcdPboCzC3xtSTJvN7S consumed 2069 of 225405 compute units
[2025-11-05T06:35:14.283585000Z DEBUG solana_runtime::message_processor::stable_log] Program ASmKWt93JEMHxbdE6j7znD9y2FcdPboCzC3xtSTJvN7S success
[2025-11-05T06:35:14.283638000Z DEBUG solana_runtime::message_processor::stable_log] Program TokenkegQfeZyiNwAJbNbGKPFXCWuBvf9Ss623VQ5DA invoke [2]
[2025-11-05T06:35:14.283677000Z DEBUG solana_runtime::message_processor::stable_log] Program log: Instruction: TransferChecked
[2025-11-05T06:35:14.283752000Z DEBUG solana_runtime::message_processor::stable_log] Program TokenkegQfeZyiNwAJbNbGKPFXCWuBvf9Ss623VQ5DA consumed 6174 of 220864 compute units
[2025-11-05T06:35:14.283760000Z DEBUG solana_runtime::message_processor::stable_log] Program TokenkegQfeZyiNwAJbNbGKPFXCWuBvf9Ss623VQ5DA success
[2025-11-05T06:35:14.283799000Z DEBUG solana_runtime::message_processor::stable_log] Program TokenkegQfeZyiNwAJbNbGKPFXCWuBvf9Ss623VQ5DA invoke [2]
[2025-11-05T06:35:14.283829000Z DEBUG solana_runtime::message_processor::stable_log] Program log: Instruction: TransferChecked
[2025-11-05T06:35:14.283903000Z DEBUG solana_runtime::message_processor::stable_log] Program TokenkegQfeZyiNwAJbNbGKPFXCWuBvf9Ss623VQ5DA consumed 6269 of 212280 compute units
[2025-11-05T06:35:14.283911000Z DEBUG solana_runtime::message_processor::stable_log] Program TokenkegQfeZyiNwAJbNbGKPFXCWuBvf9Ss623VQ5DA success
[2025-11-05T06:35:14.283984000Z DEBUG solana_runtime::message_processor::stable_log] Program ASmKWt93JEMHxbdE6j7znD9y2FcdPboCzC3xtSTJvN7S invoke [2]
[2025-11-05T06:35:14.284014000Z DEBUG solana_runtime::message_processor::stable_log] Program ASmKWt93JEMHxbdE6j7znD9y2FcdPboCzC3xtSTJvN7S consumed 2069 of 200930 compute units
[2025-11-05T06:35:14.284023000Z DEBUG solana_runtime::message_processor::stable_log] Program ASmKWt93JEMHxbdE6j7znD9y2FcdPboCzC3xtSTJvN7S success
[2025-11-05T06:35:14.284048000Z DEBUG solana_runtime::message_processor::stable_log] Program ASmKWt93JEMHxbdE6j7znD9y2FcdPboCzC3xtSTJvN7S consumed 151933 of 350000 compute units
[2025-11-05T06:35:14.284057000Z DEBUG solana_runtime::message_processor::stable_log] Program ASmKWt93JEMHxbdE6j7znD9y2FcdPboCzC3xtSTJvN7S success
[2025-11-05T06:35:14.284070000Z DEBUG solana_runtime::message_processor::stable_log] Program ComputeBudget111111111111111111111111111111 invoke [1]
[2025-11-05T06:35:14.284077000Z DEBUG solana_runtime::message_processor::stable_log] Program ComputeBudget111111111111111111111111111111 success
[2025-11-05T06:35:14.304806000Z DEBUG solana_runtime::message_processor::stable_log] Program ASmKWt93JEMHxbdE6j7znD9y2FcdPboCzC3xtSTJvN7S invoke [1]
[2025-11-05T06:35:14.304899000Z DEBUG solana_runtime::message_processor::stable_log] Program log: Instruction: CreatePosition
[2025-11-05T06:35:14.304970000Z DEBUG solana_runtime::message_processor::stable_log] Program 11111111111111111111111111111111 invoke [2]
[2025-11-05T06:35:14.304978000Z DEBUG solana_runtime::message_processor::stable_log] Program 11111111111111111111111111111111 success
[2025-11-05T06:35:14.305014000Z DEBUG solana_runtime::message_processor::stable_log] Program TokenzQdBNbLqP5VEhdkAS6EPFLC1PHnBqCXEpPxuEb invoke [2]
[2025-11-05T06:35:14.305049000Z DEBUG solana_runtime::message_processor::stable_log] Program log: MetadataPointerInstruction::Initialize
[2025-11-05T06:35:14.305082000Z DEBUG solana_runtime::message_processor::stable_log] Program TokenzQdBNbLqP5VEhdkAS6EPFLC1PHnBqCXEpPxuEb consumed 2442 of 191116 compute units
[2025-11-05T06:35:14.305091000Z DEBUG solana_runtime::message_processor::stable_log] Program TokenzQdBNbLqP5VEhdkAS6EPFLC1PHnBqCXEpPxuEb success
[2025-11-05T06:35:14.305121000Z DEBUG solana_runtime::message_processor::stable_log] Program TokenzQdBNbLqP5VEhdkAS6EPFLC1PHnBqCXEpPxuEb invoke [2]
[2025-11-05T06:35:14.305143000Z DEBUG solana_runtime::message_processor::stable_log] Program log: Instruction: InitializeMintCloseAuthority
[2025-11-05T06:35:14.305174000Z DEBUG solana_runtime::message_processor::stable_log] Program TokenzQdBNbLqP5VEhdkAS6EPFLC1PHnBqCXEpPxuEb consumed 2570 of 186696 compute units
[2025-11-05T06:35:14.305181000Z DEBUG solana_runtime::message_processor::stable_log] Program TokenzQdBNbLqP5VEhdkAS6EPFLC1PHnBqCXEpPxuEb success
[2025-11-05T06:35:14.305209000Z DEBUG solana_runtime::message_processor::stable_log] Program TokenzQdBNbLqP5VEhdkAS6EPFLC1PHnBqCXEpPxuEb invoke [2]
[2025-11-05T06:35:14.305233000Z DEBUG solana_runtime::message_processor::stable_log] Program log: Instruction: InitializeMint2
[2025-11-05T06:35:14.305291000Z DEBUG solana_runtime::message_processor::stable_log] Program TokenzQdBNbLqP5VEhdkAS6EPFLC1PHnBqCXEpPxuEb consumed 4078 of 182183 compute units
[2025-11-05T06:35:14.305298000Z DEBUG solana_runtime::message_processor::stable_log] Program TokenzQdBNbLqP5VEhdkAS6EPFLC1PHnBqCXEpPxuEb success
[2025-11-05T06:35:14.305413000Z DEBUG solana_runtime::message_processor::stable_log] Program 11111111111111111111111111111111 invoke [2]
[2025-11-05T06:35:14.305421000Z DEBUG solana_runtime::message_processor::stable_log] Program 11111111111111111111111111111111 success
[2025-11-05T06:35:14.305448000Z DEBUG solana_runtime::message_processor::stable_log] Program TokenzQdBNbLqP5VEhdkAS6EPFLC1PHnBqCXEpPxuEb invoke [2]
[2025-11-05T06:35:14.305475000Z DEBUG solana_runtime::message_processor::stable_log] Program log: Instruction: InitializeAccount3
[2025-11-05T06:35:14.305548000Z DEBUG solana_runtime::message_processor::stable_log] Program TokenzQdBNbLqP5VEhdkAS6EPFLC1PHnBqCXEpPxuEb consumed 5137 of 168499 compute units
[2025-11-05T06:35:14.305555000Z DEBUG solana_runtime::message_processor::stable_log] Program TokenzQdBNbLqP5VEhdkAS6EPFLC1PHnBqCXEpPxuEb success
[2025-11-05T06:35:14.305653000Z DEBUG solana_runtime::message_processor::stable_log] Program 11111111111111111111111111111111 invoke [2]
[2025-11-05T06:35:14.305656000Z DEBUG solana_runtime::message_processor::stable_log] Program 11111111111111111111111111111111 success
[2025-11-05T06:35:14.305752000Z DEBUG solana_runtime::message_processor::stable_log] Program TokenzQdBNbLqP5VEhdkAS6EPFLC1PHnBqCXEpPxuEb invoke [2]
[2025-11-05T06:35:14.305806000Z DEBUG solana_runtime::message_processor::stable_log] Program log: TokenMetadataInstruction: Initialize
[2025-11-05T06:35:14.305939000Z DEBUG solana_runtime::message_processor::stable_log] Program TokenzQdBNbLqP5VEhdkAS6EPFLC1PHnBqCXEpPxuEb consumed 9900 of 148769 compute units
[2025-11-05T06:35:14.305951000Z DEBUG solana_runtime::message_processor::stable_log] Program TokenzQdBNbLqP5VEhdkAS6EPFLC1PHnBqCXEpPxuEb success
[2025-11-05T06:35:14.305990000Z DEBUG solana_runtime::message_processor::stable_log] Program 11111111111111111111111111111111 invoke [2]
[2025-11-05T06:35:14.305993000Z DEBUG solana_runtime::message_processor::stable_log] Program 11111111111111111111111111111111 success
[2025-11-05T06:35:14.306031000Z DEBUG solana_runtime::message_processor::stable_log] Program TokenzQdBNbLqP5VEhdkAS6EPFLC1PHnBqCXEpPxuEb invoke [2]
[2025-11-05T06:35:14.306061000Z DEBUG solana_runtime::message_processor::stable_log] Program log: Instruction: MintTo
[2025-11-05T06:35:14.306130000Z DEBUG solana_runtime::message_processor::stable_log] Program TokenzQdBNbLqP5VEhdkAS6EPFLC1PHnBqCXEpPxuEb consumed 5540 of 133807 compute units
[2025-11-05T06:35:14.306139000Z DEBUG solana_runtime::message_processor::stable_log] Program TokenzQdBNbLqP5VEhdkAS6EPFLC1PHnBqCXEpPxuEb success
[2025-11-05T06:35:14.306188000Z DEBUG solana_runtime::message_processor::stable_log] Program ASmKWt93JEMHxbdE6j7znD9y2FcdPboCzC3xtSTJvN7S invoke [2]
[2025-11-05T06:35:14.306222000Z DEBUG solana_runtime::message_processor::stable_log] Program ASmKWt93JEMHxbdE6j7znD9y2FcdPboCzC3xtSTJvN7S consumed 2069 of 125201 compute units
[2025-11-05T06:35:14.306230000Z DEBUG solana_runtime::message_processor::stable_log] Program ASmKWt93JEMHxbdE6j7znD9y2FcdPboCzC3xtSTJvN7S success
[2025-11-05T06:35:14.306249000Z DEBUG solana_runtime::message_processor::stable_log] Program ASmKWt93JEMHxbdE6j7znD9y2FcdPboCzC3xtSTJvN7S consumed 77433 of 200000 compute units
[2025-11-05T06:35:14.306259000Z DEBUG solana_runtime::message_processor::stable_log] Program ASmKWt93JEMHxbdE6j7znD9y2FcdPboCzC3xtSTJvN7S success
[2025-11-05T06:35:14.346183000Z DEBUG solana_runtime::message_processor::stable_log] Program ASmKWt93JEMHxbdE6j7znD9y2FcdPboCzC3xtSTJvN7S invoke [1]
[2025-11-05T06:35:14.346295000Z DEBUG solana_runtime::message_processor::stable_log] Program log: Instruction: AddLiquidity
[2025-11-05T06:35:14.346599000Z DEBUG solana_runtime::message_processor::stable_log] Program TokenkegQfeZyiNwAJbNbGKPFXCWuBvf9Ss623VQ5DA invoke [2]
[2025-11-05T06:35:14.346653000Z DEBUG solana_runtime::message_processor::stable_log] Program log: Instruction: TransferChecked
[2025-11-05T06:35:14.346742000Z DEBUG solana_runtime::message_processor::stable_log] Program TokenkegQfeZyiNwAJbNbGKPFXCWuBvf9Ss623VQ5DA consumed 6174 of 178932 compute units
[2025-11-05T06:35:14.346758000Z DEBUG solana_runtime::message_processor::stable_log] Program TokenkegQfeZyiNwAJbNbGKPFXCWuBvf9Ss623VQ5DA success
[2025-11-05T06:35:14.346805000Z DEBUG solana_runtime::message_processor::stable_log] Program TokenkegQfeZyiNwAJbNbGKPFXCWuBvf9Ss623VQ5DA invoke [2]
[2025-11-05T06:35:14.346843000Z DEBUG solana_runtime::message_processor::stable_log] Program log: Instruction: TransferChecked
[2025-11-05T06:35:14.346924000Z DEBUG solana_runtime::message_processor::stable_log] Program TokenkegQfeZyiNwAJbNbGKPFXCWuBvf9Ss623VQ5DA consumed 6269 of 170348 compute units
[2025-11-05T06:35:14.346937000Z DEBUG solana_runtime::message_processor::stable_log] Program TokenkegQfeZyiNwAJbNbGKPFXCWuBvf9Ss623VQ5DA success
[2025-11-05T06:35:14.346996000Z DEBUG solana_runtime::message_processor::stable_log] Program ASmKWt93JEMHxbdE6j7znD9y2FcdPboCzC3xtSTJvN7S invoke [2]
[2025-11-05T06:35:14.347035000Z DEBUG solana_runtime::message_processor::stable_log] Program ASmKWt93JEMHxbdE6j7znD9y2FcdPboCzC3xtSTJvN7S consumed 2069 of 160825 compute units
[2025-11-05T06:35:14.347045000Z DEBUG solana_runtime::message_processor::stable_log] Program ASmKWt93JEMHxbdE6j7znD9y2FcdPboCzC3xtSTJvN7S success
[2025-11-05T06:35:14.347149000Z DEBUG solana_runtime::message_processor::stable_log] Program ASmKWt93JEMHxbdE6j7znD9y2FcdPboCzC3xtSTJvN7S invoke [2]
[2025-11-05T06:35:14.347183000Z DEBUG solana_runtime::message_processor::stable_log] Program ASmKWt93JEMHxbdE6j7znD9y2FcdPboCzC3xtSTJvN7S consumed 2069 of 152618 compute units
[2025-11-05T06:35:14.347192000Z DEBUG solana_runtime::message_processor::stable_log] Program ASmKWt93JEMHxbdE6j7znD9y2FcdPboCzC3xtSTJvN7S success
[2025-11-05T06:35:14.347215000Z DEBUG solana_runtime::message_processor::stable_log] Program ASmKWt93JEMHxbdE6j7znD9y2FcdPboCzC3xtSTJvN7S consumed 50092 of 200000 compute units
[2025-11-05T06:35:14.347228000Z DEBUG solana_runtime::message_processor::stable_log] Program ASmKWt93JEMHxbdE6j7znD9y2FcdPboCzC3xtSTJvN7S success
{
  preTokenAVaultBalance: 429488657752,
  postTokenAVaultBalance: 858977315504
}
{ preTokenBVaultBalance: 0, postTokenBVaultBalance: 0 }
      ✔ Create pool with sqrtPrice equal sqrtMintPrice (92ms)
[2025-11-05T06:35:14.351167000Z INFO  solana_program_test] "cp_amm" SBF program from ./target/deploy/cp_amm.so, modified 24 minutes, 21 seconds, 698 ms, 481 µs and 203 ns ago
[2025-11-05T06:35:14.351315000Z INFO  solana_program_test] "fee_router" SBF program from ./target/deploy/fee_router.so, modified 24 seconds, 435 ms, 574 µs and 331 ns ago
[2025-11-05T06:35:14.351649000Z INFO  solana_program_test] "transfer_hook_counter" SBF program from tests/fixtures/transfer_hook_counter.so, modified 3 weeks, 22 hours, 58 minutes, 49 seconds, 177 ms, 245 µs and 196 ns ago
[2025-11-05T06:35:14.351988000Z INFO  solana_program_test] "alpha_vault" SBF program from tests/fixtures/alpha_vault.so, modified 3 weeks, 22 hours, 58 minutes, 49 seconds, 178 ms, 269 µs and 72 ns ago
[2025-11-05T06:35:14.352456000Z INFO  solana_program_test] "streamflow" SBF program from tests/fixtures/streamflow.so, modified 3 weeks, 6 hours, 58 minutes, 59 seconds, 63 ms, 370 µs and 387 ns ago
[2025-11-05T06:35:14.352811000Z INFO  solana_program_test] "cp_amm" SBF program from ./target/deploy/cp_amm.so, modified 24 minutes, 21 seconds, 700 ms, 127 µs and 203 ns ago
[2025-11-05T06:35:14.353120000Z INFO  solana_program_test] "fee_router" SBF program from ./target/deploy/fee_router.so, modified 24 seconds, 437 ms, 377 µs and 331 ns ago
[2025-11-05T06:35:14.374765000Z INFO  solana_program_test] Overriding account at ASmKWt93JEMHxbdE6j7znD9y2FcdPboCzC3xtSTJvN7S
[2025-11-05T06:35:14.374779000Z INFO  solana_program_test] Overriding account at 5B57SJ3g2YoNXUpsZqqjEQkRSxyKtVTQRXdgAirz6bio
[2025-11-05T06:35:14.388452000Z DEBUG solana_runtime::message_processor::stable_log] Program 11111111111111111111111111111111 invoke [1]
[2025-11-05T06:35:14.388468000Z DEBUG solana_runtime::message_processor::stable_log] Program 11111111111111111111111111111111 success
[2025-11-05T06:35:14.392608000Z DEBUG solana_runtime::message_processor::stable_log] Program 11111111111111111111111111111111 invoke [1]
[2025-11-05T06:35:14.392620000Z DEBUG solana_runtime::message_processor::stable_log] Program 11111111111111111111111111111111 success
[2025-11-05T06:35:14.396797000Z DEBUG solana_runtime::message_processor::stable_log] Program 11111111111111111111111111111111 invoke [1]
[2025-11-05T06:35:14.396811000Z DEBUG solana_runtime::message_processor::stable_log] Program 11111111111111111111111111111111 success
[2025-11-05T06:35:14.405888000Z DEBUG solana_runtime::message_processor::stable_log] Program 11111111111111111111111111111111 invoke [1]
[2025-11-05T06:35:14.405907000Z DEBUG solana_runtime::message_processor::stable_log] Program 11111111111111111111111111111111 success
[2025-11-05T06:35:14.405912000Z DEBUG solana_runtime::message_processor::stable_log] Program TokenkegQfeZyiNwAJbNbGKPFXCWuBvf9Ss623VQ5DA invoke [1]
[2025-11-05T06:35:14.405963000Z DEBUG solana_runtime::message_processor::stable_log] Program log: Instruction: InitializeMint2
[2025-11-05T06:35:14.406001000Z DEBUG solana_runtime::message_processor::stable_log] Program TokenkegQfeZyiNwAJbNbGKPFXCWuBvf9Ss623VQ5DA consumed 2779 of 399850 compute units
[2025-11-05T06:35:14.406182000Z DEBUG solana_runtime::message_processor::stable_log] Program TokenkegQfeZyiNwAJbNbGKPFXCWuBvf9Ss623VQ5DA success
[2025-11-05T06:35:14.414089000Z DEBUG solana_runtime::message_processor::stable_log] Program 11111111111111111111111111111111 invoke [1]
[2025-11-05T06:35:14.414107000Z DEBUG solana_runtime::message_processor::stable_log] Program 11111111111111111111111111111111 success
[2025-11-05T06:35:14.414113000Z DEBUG solana_runtime::message_processor::stable_log] Program TokenkegQfeZyiNwAJbNbGKPFXCWuBvf9Ss623VQ5DA invoke [1]
[2025-11-05T06:35:14.414166000Z DEBUG solana_runtime::message_processor::stable_log] Program log: Instruction: InitializeMint2
[2025-11-05T06:35:14.414205000Z DEBUG solana_runtime::message_processor::stable_log] Program TokenkegQfeZyiNwAJbNbGKPFXCWuBvf9Ss623VQ5DA consumed 2779 of 399850 compute units
[2025-11-05T06:35:14.414220000Z DEBUG solana_runtime::message_processor::stable_log] Program TokenkegQfeZyiNwAJbNbGKPFXCWuBvf9Ss623VQ5DA success
[2025-11-05T06:35:14.422305000Z DEBUG solana_runtime::message_processor::stable_log] Program ATokenGPvbdGVxr1b2hvZbsiqW5xWH25efTNsLJA8knL invoke [1]
[2025-11-05T06:35:14.422378000Z DEBUG solana_runtime::message_processor::stable_log] Program log: Create
[2025-11-05T06:35:14.422472000Z DEBUG solana_runtime::message_processor::stable_log] Program TokenkegQfeZyiNwAJbNbGKPFXCWuBvf9Ss623VQ5DA invoke [2]
[2025-11-05T06:35:14.422513000Z DEBUG solana_runtime::message_processor::stable_log] Program log: Instruction: GetAccountDataSize
[2025-11-05T06:35:14.422533000Z DEBUG solana_runtime::message_processor::stable_log] Program TokenkegQfeZyiNwAJbNbGKPFXCWuBvf9Ss623VQ5DA consumed 1595 of 191555 compute units
[2025-11-05T06:35:14.422541000Z DEBUG solana_runtime::message_processor::stable_log] Program return: TokenkegQfeZyiNwAJbNbGKPFXCWuBvf9Ss623VQ5DA pQAAAAAAAAA=
[2025-11-05T06:35:14.422551000Z DEBUG solana_runtime::message_processor::stable_log] Program TokenkegQfeZyiNwAJbNbGKPFXCWuBvf9Ss623VQ5DA success
[2025-11-05T06:35:14.422611000Z DEBUG solana_runtime::message_processor::stable_log] Program 11111111111111111111111111111111 invoke [2]
[2025-11-05T06:35:14.422619000Z DEBUG solana_runtime::message_processor::stable_log] Program 11111111111111111111111111111111 success
[2025-11-05T06:35:14.422625000Z DEBUG solana_runtime::message_processor::stable_log] Program log: Initialize the associated token account
[2025-11-05T06:35:14.422645000Z DEBUG solana_runtime::message_processor::stable_log] Program TokenkegQfeZyiNwAJbNbGKPFXCWuBvf9Ss623VQ5DA invoke [2]
[2025-11-05T06:35:14.422668000Z DEBUG solana_runtime::message_processor::stable_log] Program log: Instruction: InitializeImmutableOwner
[2025-11-05T06:35:14.422680000Z DEBUG solana_runtime::message_processor::stable_log] Program log: Please upgrade to SPL Token 2022 for immutable owner support
[2025-11-05T06:35:14.422683000Z DEBUG solana_runtime::message_processor::stable_log] Program TokenkegQfeZyiNwAJbNbGKPFXCWuBvf9Ss623VQ5DA consumed 1405 of 184942 compute units
[2025-11-05T06:35:14.422692000Z DEBUG solana_runtime::message_processor::stable_log] Program TokenkegQfeZyiNwAJbNbGKPFXCWuBvf9Ss623VQ5DA success
[2025-11-05T06:35:14.422729000Z DEBUG solana_runtime::message_processor::stable_log] Program TokenkegQfeZyiNwAJbNbGKPFXCWuBvf9Ss623VQ5DA invoke [2]
[2025-11-05T06:35:14.422758000Z DEBUG solana_runtime::message_processor::stable_log] Program log: Instruction: InitializeAccount3
[2025-11-05T06:35:14.422820000Z DEBUG solana_runtime::message_processor::stable_log] Program TokenkegQfeZyiNwAJbNbGKPFXCWuBvf9Ss623VQ5DA consumed 4214 of 181058 compute units
[2025-11-05T06:35:14.422829000Z DEBUG solana_runtime::message_processor::stable_log] Program TokenkegQfeZyiNwAJbNbGKPFXCWuBvf9Ss623VQ5DA success
[2025-11-05T06:35:14.422843000Z DEBUG solana_runtime::message_processor::stable_log] Program ATokenGPvbdGVxr1b2hvZbsiqW5xWH25efTNsLJA8knL consumed 23460 of 200000 compute units
[2025-11-05T06:35:14.422853000Z DEBUG solana_runtime::message_processor::stable_log] Program ATokenGPvbdGVxr1b2hvZbsiqW5xWH25efTNsLJA8knL success
[2025-11-05T06:35:14.427066000Z DEBUG solana_runtime::message_processor::stable_log] Program TokenkegQfeZyiNwAJbNbGKPFXCWuBvf9Ss623VQ5DA invoke [1]
[2025-11-05T06:35:14.427124000Z DEBUG solana_runtime::message_processor::stable_log] Program log: Instruction: MintTo
[2025-11-05T06:35:14.427194000Z DEBUG solana_runtime::message_processor::stable_log] Program TokenkegQfeZyiNwAJbNbGKPFXCWuBvf9Ss623VQ5DA consumed 4491 of 200000 compute units
[2025-11-05T06:35:14.427204000Z DEBUG solana_runtime::message_processor::stable_log] Program TokenkegQfeZyiNwAJbNbGKPFXCWuBvf9Ss623VQ5DA success
[2025-11-05T06:35:14.432494000Z DEBUG solana_runtime::message_processor::stable_log] Program ATokenGPvbdGVxr1b2hvZbsiqW5xWH25efTNsLJA8knL invoke [1]
[2025-11-05T06:35:14.432621000Z DEBUG solana_runtime::message_processor::stable_log] Program log: Create
[2025-11-05T06:35:14.432681000Z DEBUG solana_runtime::message_processor::stable_log] Program TokenkegQfeZyiNwAJbNbGKPFXCWuBvf9Ss623VQ5DA invoke [2]
[2025-11-05T06:35:14.432714000Z DEBUG solana_runtime::message_processor::stable_log] Program log: Instruction: GetAccountDataSize
[2025-11-05T06:35:14.432734000Z DEBUG solana_runtime::message_processor::stable_log] Program TokenkegQfeZyiNwAJbNbGKPFXCWuBvf9Ss623VQ5DA consumed 1595 of 194555 compute units
[2025-11-05T06:35:14.432742000Z DEBUG solana_runtime::message_processor::stable_log] Program return: TokenkegQfeZyiNwAJbNbGKPFXCWuBvf9Ss623VQ5DA pQAAAAAAAAA=
[2025-11-05T06:35:14.432752000Z DEBUG solana_runtime::message_processor::stable_log] Program TokenkegQfeZyiNwAJbNbGKPFXCWuBvf9Ss623VQ5DA success
[2025-11-05T06:35:14.432813000Z DEBUG solana_runtime::message_processor::stable_log] Program 11111111111111111111111111111111 invoke [2]
[2025-11-05T06:35:14.432823000Z DEBUG solana_runtime::message_processor::stable_log] Program 11111111111111111111111111111111 success
[2025-11-05T06:35:14.432829000Z DEBUG solana_runtime::message_processor::stable_log] Program log: Initialize the associated token account
[2025-11-05T06:35:14.432849000Z DEBUG solana_runtime::message_processor::stable_log] Program TokenkegQfeZyiNwAJbNbGKPFXCWuBvf9Ss623VQ5DA invoke [2]
[2025-11-05T06:35:14.432874000Z DEBUG solana_runtime::message_processor::stable_log] Program log: Instruction: InitializeImmutableOwner
[2025-11-05T06:35:14.432924000Z DEBUG solana_runtime::message_processor::stable_log] Program log: Please upgrade to SPL Token 2022 for immutable owner support
[2025-11-05T06:35:14.432934000Z DEBUG solana_runtime::message_processor::stable_log] Program TokenkegQfeZyiNwAJbNbGKPFXCWuBvf9Ss623VQ5DA consumed 1405 of 187942 compute units
[2025-11-05T06:35:14.432946000Z DEBUG solana_runtime::message_processor::stable_log] Program TokenkegQfeZyiNwAJbNbGKPFXCWuBvf9Ss623VQ5DA success
[2025-11-05T06:35:14.432991000Z DEBUG solana_runtime::message_processor::stable_log] Program TokenkegQfeZyiNwAJbNbGKPFXCWuBvf9Ss623VQ5DA invoke [2]
[2025-11-05T06:35:14.433028000Z DEBUG solana_runtime::message_processor::stable_log] Program log: Instruction: InitializeAccount3
[2025-11-05T06:35:14.433098000Z DEBUG solana_runtime::message_processor::stable_log] Program TokenkegQfeZyiNwAJbNbGKPFXCWuBvf9Ss623VQ5DA consumed 4214 of 184058 compute units
[2025-11-05T06:35:14.433106000Z DEBUG solana_runtime::message_processor::stable_log] Program TokenkegQfeZyiNwAJbNbGKPFXCWuBvf9Ss623VQ5DA success
[2025-11-05T06:35:14.433121000Z DEBUG solana_runtime::message_processor::stable_log] Program ATokenGPvbdGVxr1b2hvZbsiqW5xWH25efTNsLJA8knL consumed 20460 of 200000 compute units
[2025-11-05T06:35:14.433131000Z DEBUG solana_runtime::message_processor::stable_log] Program ATokenGPvbdGVxr1b2hvZbsiqW5xWH25efTNsLJA8knL success
[2025-11-05T06:35:14.436877000Z DEBUG solana_runtime::message_processor::stable_log] Program TokenkegQfeZyiNwAJbNbGKPFXCWuBvf9Ss623VQ5DA invoke [1]
[2025-11-05T06:35:14.436934000Z DEBUG solana_runtime::message_processor::stable_log] Program log: Instruction: MintTo
[2025-11-05T06:35:14.437000000Z DEBUG solana_runtime::message_processor::stable_log] Program TokenkegQfeZyiNwAJbNbGKPFXCWuBvf9Ss623VQ5DA consumed 4491 of 200000 compute units
[2025-11-05T06:35:14.437016000Z DEBUG solana_runtime::message_processor::stable_log] Program TokenkegQfeZyiNwAJbNbGKPFXCWuBvf9Ss623VQ5DA success
[2025-11-05T06:35:14.442394000Z DEBUG solana_runtime::message_processor::stable_log] Program ATokenGPvbdGVxr1b2hvZbsiqW5xWH25efTNsLJA8knL invoke [1]
[2025-11-05T06:35:14.442468000Z DEBUG solana_runtime::message_processor::stable_log] Program log: Create
[2025-11-05T06:35:14.442535000Z DEBUG solana_runtime::message_processor::stable_log] Program TokenkegQfeZyiNwAJbNbGKPFXCWuBvf9Ss623VQ5DA invoke [2]
[2025-11-05T06:35:14.442571000Z DEBUG solana_runtime::message_processor::stable_log] Program log: Instruction: GetAccountDataSize
[2025-11-05T06:35:14.442591000Z DEBUG solana_runtime::message_processor::stable_log] Program TokenkegQfeZyiNwAJbNbGKPFXCWuBvf9Ss623VQ5DA consumed 1595 of 193055 compute units
[2025-11-05T06:35:14.442600000Z DEBUG solana_runtime::message_processor::stable_log] Program return: TokenkegQfeZyiNwAJbNbGKPFXCWuBvf9Ss623VQ5DA pQAAAAAAAAA=
[2025-11-05T06:35:14.442609000Z DEBUG solana_runtime::message_processor::stable_log] Program TokenkegQfeZyiNwAJbNbGKPFXCWuBvf9Ss623VQ5DA success
[2025-11-05T06:35:14.442669000Z DEBUG solana_runtime::message_processor::stable_log] Program 11111111111111111111111111111111 invoke [2]
[2025-11-05T06:35:14.442678000Z DEBUG solana_runtime::message_processor::stable_log] Program 11111111111111111111111111111111 success
[2025-11-05T06:35:14.442684000Z DEBUG solana_runtime::message_processor::stable_log] Program log: Initialize the associated token account
[2025-11-05T06:35:14.442703000Z DEBUG solana_runtime::message_processor::stable_log] Program TokenkegQfeZyiNwAJbNbGKPFXCWuBvf9Ss623VQ5DA invoke [2]
[2025-11-05T06:35:14.442731000Z DEBUG solana_runtime::message_processor::stable_log] Program log: Instruction: InitializeImmutableOwner
[2025-11-05T06:35:14.442743000Z DEBUG solana_runtime::message_processor::stable_log] Program log: Please upgrade to SPL Token 2022 for immutable owner support
[2025-11-05T06:35:14.442747000Z DEBUG solana_runtime::message_processor::stable_log] Program TokenkegQfeZyiNwAJbNbGKPFXCWuBvf9Ss623VQ5DA consumed 1405 of 186442 compute units
[2025-11-05T06:35:14.442755000Z DEBUG solana_runtime::message_processor::stable_log] Program TokenkegQfeZyiNwAJbNbGKPFXCWuBvf9Ss623VQ5DA success
[2025-11-05T06:35:14.442792000Z DEBUG solana_runtime::message_processor::stable_log] Program TokenkegQfeZyiNwAJbNbGKPFXCWuBvf9Ss623VQ5DA invoke [2]
[2025-11-05T06:35:14.442822000Z DEBUG solana_runtime::message_processor::stable_log] Program log: Instruction: InitializeAccount3
[2025-11-05T06:35:14.442882000Z DEBUG solana_runtime::message_processor::stable_log] Program TokenkegQfeZyiNwAJbNbGKPFXCWuBvf9Ss623VQ5DA consumed 4214 of 182558 compute units
[2025-11-05T06:35:14.442891000Z DEBUG solana_runtime::message_processor::stable_log] Program TokenkegQfeZyiNwAJbNbGKPFXCWuBvf9Ss623VQ5DA success
[2025-11-05T06:35:14.442905000Z DEBUG solana_runtime::message_processor::stable_log] Program ATokenGPvbdGVxr1b2hvZbsiqW5xWH25efTNsLJA8knL consumed 21960 of 200000 compute units
[2025-11-05T06:35:14.442915000Z DEBUG solana_runtime::message_processor::stable_log] Program ATokenGPvbdGVxr1b2hvZbsiqW5xWH25efTNsLJA8knL success
[2025-11-05T06:35:14.446550000Z DEBUG solana_runtime::message_processor::stable_log] Program TokenkegQfeZyiNwAJbNbGKPFXCWuBvf9Ss623VQ5DA invoke [1]
[2025-11-05T06:35:14.446602000Z DEBUG solana_runtime::message_processor::stable_log] Program log: Instruction: MintTo
[2025-11-05T06:35:14.446671000Z DEBUG solana_runtime::message_processor::stable_log] Program TokenkegQfeZyiNwAJbNbGKPFXCWuBvf9Ss623VQ5DA consumed 4491 of 200000 compute units
[2025-11-05T06:35:14.446683000Z DEBUG solana_runtime::message_processor::stable_log] Program TokenkegQfeZyiNwAJbNbGKPFXCWuBvf9Ss623VQ5DA success
[2025-11-05T06:35:14.451911000Z DEBUG solana_runtime::message_processor::stable_log] Program ATokenGPvbdGVxr1b2hvZbsiqW5xWH25efTNsLJA8knL invoke [1]
[2025-11-05T06:35:14.451987000Z DEBUG solana_runtime::message_processor::stable_log] Program log: Create
[2025-11-05T06:35:14.452042000Z DEBUG solana_runtime::message_processor::stable_log] Program TokenkegQfeZyiNwAJbNbGKPFXCWuBvf9Ss623VQ5DA invoke [2]
[2025-11-05T06:35:14.452075000Z DEBUG solana_runtime::message_processor::stable_log] Program log: Instruction: GetAccountDataSize
[2025-11-05T06:35:14.452094000Z DEBUG solana_runtime::message_processor::stable_log] Program TokenkegQfeZyiNwAJbNbGKPFXCWuBvf9Ss623VQ5DA consumed 1595 of 194555 compute units
[2025-11-05T06:35:14.452101000Z DEBUG solana_runtime::message_processor::stable_log] Program return: TokenkegQfeZyiNwAJbNbGKPFXCWuBvf9Ss623VQ5DA pQAAAAAAAAA=
[2025-11-05T06:35:14.452112000Z DEBUG solana_runtime::message_processor::stable_log] Program TokenkegQfeZyiNwAJbNbGKPFXCWuBvf9Ss623VQ5DA success
[2025-11-05T06:35:14.452209000Z DEBUG solana_runtime::message_processor::stable_log] Program 11111111111111111111111111111111 invoke [2]
[2025-11-05T06:35:14.452219000Z DEBUG solana_runtime::message_processor::stable_log] Program 11111111111111111111111111111111 success
[2025-11-05T06:35:14.452225000Z DEBUG solana_runtime::message_processor::stable_log] Program log: Initialize the associated token account
[2025-11-05T06:35:14.452245000Z DEBUG solana_runtime::message_processor::stable_log] Program TokenkegQfeZyiNwAJbNbGKPFXCWuBvf9Ss623VQ5DA invoke [2]
[2025-11-05T06:35:14.452268000Z DEBUG solana_runtime::message_processor::stable_log] Program log: Instruction: InitializeImmutableOwner
[2025-11-05T06:35:14.452280000Z DEBUG solana_runtime::message_processor::stable_log] Program log: Please upgrade to SPL Token 2022 for immutable owner support
[2025-11-05T06:35:14.452284000Z DEBUG solana_runtime::message_processor::stable_log] Program TokenkegQfeZyiNwAJbNbGKPFXCWuBvf9Ss623VQ5DA consumed 1405 of 187942 compute units
[2025-11-05T06:35:14.452292000Z DEBUG solana_runtime::message_processor::stable_log] Program TokenkegQfeZyiNwAJbNbGKPFXCWuBvf9Ss623VQ5DA success
[2025-11-05T06:35:14.452330000Z DEBUG solana_runtime::message_processor::stable_log] Program TokenkegQfeZyiNwAJbNbGKPFXCWuBvf9Ss623VQ5DA invoke [2]
[2025-11-05T06:35:14.452358000Z DEBUG solana_runtime::message_processor::stable_log] Program log: Instruction: InitializeAccount3
[2025-11-05T06:35:14.452419000Z DEBUG solana_runtime::message_processor::stable_log] Program TokenkegQfeZyiNwAJbNbGKPFXCWuBvf9Ss623VQ5DA consumed 4214 of 184058 compute units
[2025-11-05T06:35:14.452428000Z DEBUG solana_runtime::message_processor::stable_log] Program TokenkegQfeZyiNwAJbNbGKPFXCWuBvf9Ss623VQ5DA success
[2025-11-05T06:35:14.452442000Z DEBUG solana_runtime::message_processor::stable_log] Program ATokenGPvbdGVxr1b2hvZbsiqW5xWH25efTNsLJA8knL consumed 20460 of 200000 compute units
[2025-11-05T06:35:14.452452000Z DEBUG solana_runtime::message_processor::stable_log] Program ATokenGPvbdGVxr1b2hvZbsiqW5xWH25efTNsLJA8knL success
[2025-11-05T06:35:14.456290000Z DEBUG solana_runtime::message_processor::stable_log] Program TokenkegQfeZyiNwAJbNbGKPFXCWuBvf9Ss623VQ5DA invoke [1]
[2025-11-05T06:35:14.456340000Z DEBUG solana_runtime::message_processor::stable_log] Program log: Instruction: MintTo
[2025-11-05T06:35:14.456411000Z DEBUG solana_runtime::message_processor::stable_log] Program TokenkegQfeZyiNwAJbNbGKPFXCWuBvf9Ss623VQ5DA consumed 4491 of 200000 compute units
[2025-11-05T06:35:14.456422000Z DEBUG solana_runtime::message_processor::stable_log] Program TokenkegQfeZyiNwAJbNbGKPFXCWuBvf9Ss623VQ5DA success
[2025-11-05T06:35:14.470993000Z DEBUG solana_runtime::message_processor::stable_log] Program ASmKWt93JEMHxbdE6j7znD9y2FcdPboCzC3xtSTJvN7S invoke [1]
[2025-11-05T06:35:14.471069000Z DEBUG solana_runtime::message_processor::stable_log] Program log: Instruction: CreateConfig
[2025-11-05T06:35:14.471180000Z DEBUG solana_runtime::message_processor::stable_log] Program 11111111111111111111111111111111 invoke [2]
[2025-11-05T06:35:14.471189000Z DEBUG solana_runtime::message_processor::stable_log] Program 11111111111111111111111111111111 success
[2025-11-05T06:35:14.471299000Z DEBUG solana_runtime::message_processor::stable_log] Program ASmKWt93JEMHxbdE6j7znD9y2FcdPboCzC3xtSTJvN7S invoke [2]
[2025-11-05T06:35:14.471339000Z DEBUG solana_runtime::message_processor::stable_log] Program ASmKWt93JEMHxbdE6j7znD9y2FcdPboCzC3xtSTJvN7S consumed 2069 of 183098 compute units
[2025-11-05T06:35:14.471350000Z DEBUG solana_runtime::message_processor::stable_log] Program ASmKWt93JEMHxbdE6j7znD9y2FcdPboCzC3xtSTJvN7S success
[2025-11-05T06:35:14.471366000Z DEBUG solana_runtime::message_processor::stable_log] Program ASmKWt93JEMHxbdE6j7znD9y2FcdPboCzC3xtSTJvN7S consumed 19276 of 200000 compute units
[2025-11-05T06:35:14.471376000Z DEBUG solana_runtime::message_processor::stable_log] Program ASmKWt93JEMHxbdE6j7znD9y2FcdPboCzC3xtSTJvN7S success
[2025-11-05T06:35:14.499069000Z DEBUG solana_runtime::message_processor::stable_log] Program ASmKWt93JEMHxbdE6j7znD9y2FcdPboCzC3xtSTJvN7S invoke [1]
[2025-11-05T06:35:14.499197000Z DEBUG solana_runtime::message_processor::stable_log] Program log: Instruction: InitializePool
[2025-11-05T06:35:14.499345000Z DEBUG solana_runtime::message_processor::stable_log] Program 11111111111111111111111111111111 invoke [2]
[2025-11-05T06:35:14.499354000Z DEBUG solana_runtime::message_processor::stable_log] Program 11111111111111111111111111111111 success
[2025-11-05T06:35:14.499389000Z DEBUG solana_runtime::message_processor::stable_log] Program TokenzQdBNbLqP5VEhdkAS6EPFLC1PHnBqCXEpPxuEb invoke [2]
[2025-11-05T06:35:14.499422000Z DEBUG solana_runtime::message_processor::stable_log] Program log: MetadataPointerInstruction::Initialize
[2025-11-05T06:35:14.499461000Z DEBUG solana_runtime::message_processor::stable_log] Program TokenzQdBNbLqP5VEhdkAS6EPFLC1PHnBqCXEpPxuEb consumed 2442 of 334963 compute units
[2025-11-05T06:35:14.499471000Z DEBUG solana_runtime::message_processor::stable_log] Program TokenzQdBNbLqP5VEhdkAS6EPFLC1PHnBqCXEpPxuEb success
[2025-11-05T06:35:14.499504000Z DEBUG solana_runtime::message_processor::stable_log] Program TokenzQdBNbLqP5VEhdkAS6EPFLC1PHnBqCXEpPxuEb invoke [2]
[2025-11-05T06:35:14.499528000Z DEBUG solana_runtime::message_processor::stable_log] Program log: Instruction: InitializeMintCloseAuthority
[2025-11-05T06:35:14.499590000Z DEBUG solana_runtime::message_processor::stable_log] Program TokenzQdBNbLqP5VEhdkAS6EPFLC1PHnBqCXEpPxuEb consumed 2570 of 330543 compute units
[2025-11-05T06:35:14.499606000Z DEBUG solana_runtime::message_processor::stable_log] Program TokenzQdBNbLqP5VEhdkAS6EPFLC1PHnBqCXEpPxuEb success
[2025-11-05T06:35:14.499647000Z DEBUG solana_runtime::message_processor::stable_log] Program TokenzQdBNbLqP5VEhdkAS6EPFLC1PHnBqCXEpPxuEb invoke [2]
[2025-11-05T06:35:14.499693000Z DEBUG solana_runtime::message_processor::stable_log] Program log: Instruction: InitializeMint2
[2025-11-05T06:35:14.499762000Z DEBUG solana_runtime::message_processor::stable_log] Program TokenzQdBNbLqP5VEhdkAS6EPFLC1PHnBqCXEpPxuEb consumed 4078 of 326031 compute units
[2025-11-05T06:35:14.499783000Z DEBUG solana_runtime::message_processor::stable_log] Program TokenzQdBNbLqP5VEhdkAS6EPFLC1PHnBqCXEpPxuEb success
[2025-11-05T06:35:14.499919000Z DEBUG solana_runtime::message_processor::stable_log] Program 11111111111111111111111111111111 invoke [2]
[2025-11-05T06:35:14.499926000Z DEBUG solana_runtime::message_processor::stable_log] Program 11111111111111111111111111111111 success
[2025-11-05T06:35:14.499986000Z DEBUG solana_runtime::message_processor::stable_log] Program TokenzQdBNbLqP5VEhdkAS6EPFLC1PHnBqCXEpPxuEb invoke [2]
[2025-11-05T06:35:14.500019000Z DEBUG solana_runtime::message_processor::stable_log] Program log: Instruction: InitializeAccount3
[2025-11-05T06:35:14.500105000Z DEBUG solana_runtime::message_processor::stable_log] Program TokenzQdBNbLqP5VEhdkAS6EPFLC1PHnBqCXEpPxuEb consumed 5137 of 312347 compute units
[2025-11-05T06:35:14.500114000Z DEBUG solana_runtime::message_processor::stable_log] Program TokenzQdBNbLqP5VEhdkAS6EPFLC1PHnBqCXEpPxuEb success
[2025-11-05T06:35:14.500224000Z DEBUG solana_runtime::message_processor::stable_log] Program 11111111111111111111111111111111 invoke [2]
[2025-11-05T06:35:14.500229000Z DEBUG solana_runtime::message_processor::stable_log] Program 11111111111111111111111111111111 success
[2025-11-05T06:35:14.500303000Z DEBUG solana_runtime::message_processor::stable_log] Program 11111111111111111111111111111111 invoke [2]
[2025-11-05T06:35:14.500306000Z DEBUG solana_runtime::message_processor::stable_log] Program 11111111111111111111111111111111 success
[2025-11-05T06:35:14.500395000Z DEBUG solana_runtime::message_processor::stable_log] Program 11111111111111111111111111111111 invoke [2]
[2025-11-05T06:35:14.500398000Z DEBUG solana_runtime::message_processor::stable_log] Program 11111111111111111111111111111111 success
[2025-11-05T06:35:14.500429000Z DEBUG solana_runtime::message_processor::stable_log] Program TokenkegQfeZyiNwAJbNbGKPFXCWuBvf9Ss623VQ5DA invoke [2]
[2025-11-05T06:35:14.500463000Z DEBUG solana_runtime::message_processor::stable_log] Program log: Instruction: InitializeAccount3
[2025-11-05T06:35:14.500533000Z DEBUG solana_runtime::message_processor::stable_log] Program TokenkegQfeZyiNwAJbNbGKPFXCWuBvf9Ss623VQ5DA consumed 4214 of 284248 compute units
[2025-11-05T06:35:14.500542000Z DEBUG solana_runtime::message_processor::stable_log] Program TokenkegQfeZyiNwAJbNbGKPFXCWuBvf9Ss623VQ5DA success
[2025-11-05T06:35:14.500652000Z DEBUG solana_runtime::message_processor::stable_log] Program 11111111111111111111111111111111 invoke [2]
[2025-11-05T06:35:14.500656000Z DEBUG solana_runtime::message_processor::stable_log] Program 11111111111111111111111111111111 success
[2025-11-05T06:35:14.500685000Z DEBUG solana_runtime::message_processor::stable_log] Program TokenkegQfeZyiNwAJbNbGKPFXCWuBvf9Ss623VQ5DA invoke [2]
[2025-11-05T06:35:14.500713000Z DEBUG solana_runtime::message_processor::stable_log] Program log: Instruction: InitializeAccount3
[2025-11-05T06:35:14.500769000Z DEBUG solana_runtime::message_processor::stable_log] Program TokenkegQfeZyiNwAJbNbGKPFXCWuBvf9Ss623VQ5DA consumed 4214 of 269609 compute units
[2025-11-05T06:35:14.500778000Z DEBUG solana_runtime::message_processor::stable_log] Program TokenkegQfeZyiNwAJbNbGKPFXCWuBvf9Ss623VQ5DA success
[2025-11-05T06:35:14.501011000Z DEBUG solana_runtime::message_processor::stable_log] Program TokenzQdBNbLqP5VEhdkAS6EPFLC1PHnBqCXEpPxuEb invoke [2]
[2025-11-05T06:35:14.501067000Z DEBUG solana_runtime::message_processor::stable_log] Program log: TokenMetadataInstruction: Initialize
[2025-11-05T06:35:14.501200000Z DEBUG solana_runtime::message_processor::stable_log] Program TokenzQdBNbLqP5VEhdkAS6EPFLC1PHnBqCXEpPxuEb consumed 9900 of 253072 compute units
[2025-11-05T06:35:14.501209000Z DEBUG solana_runtime::message_processor::stable_log] Program TokenzQdBNbLqP5VEhdkAS6EPFLC1PHnBqCXEpPxuEb success
[2025-11-05T06:35:14.501312000Z DEBUG solana_runtime::message_processor::stable_log] Program 11111111111111111111111111111111 invoke [2]
[2025-11-05T06:35:14.501321000Z DEBUG solana_runtime::message_processor::stable_log] Program 11111111111111111111111111111111 success
[2025-11-05T06:35:14.501368000Z DEBUG solana_runtime::message_processor::stable_log] Program TokenzQdBNbLqP5VEhdkAS6EPFLC1PHnBqCXEpPxuEb invoke [2]
[2025-11-05T06:35:14.501406000Z DEBUG solana_runtime::message_processor::stable_log] Program log: Instruction: MintTo
[2025-11-05T06:35:14.501490000Z DEBUG solana_runtime::message_processor::stable_log] Program TokenzQdBNbLqP5VEhdkAS6EPFLC1PHnBqCXEpPxuEb consumed 5540 of 238110 compute units
[2025-11-05T06:35:14.501500000Z DEBUG solana_runtime::message_processor::stable_log] Program TokenzQdBNbLqP5VEhdkAS6EPFLC1PHnBqCXEpPxuEb success
[2025-11-05T06:35:14.501556000Z DEBUG solana_runtime::message_processor::stable_log] Program ASmKWt93JEMHxbdE6j7znD9y2FcdPboCzC3xtSTJvN7S invoke [2]
[2025-11-05T06:35:14.501592000Z DEBUG solana_runtime::message_processor::stable_log] Program ASmKWt93JEMHxbdE6j7znD9y2FcdPboCzC3xtSTJvN7S consumed 2069 of 229505 compute units
[2025-11-05T06:35:14.501601000Z DEBUG solana_runtime::message_processor::stable_log] Program ASmKWt93JEMHxbdE6j7znD9y2FcdPboCzC3xtSTJvN7S success
[2025-11-05T06:35:14.501649000Z DEBUG solana_runtime::message_processor::stable_log] Program TokenkegQfeZyiNwAJbNbGKPFXCWuBvf9Ss623VQ5DA invoke [2]
[2025-11-05T06:35:14.501688000Z DEBUG solana_runtime::message_processor::stable_log] Program log: Instruction: TransferChecked
[2025-11-05T06:35:14.501780000Z DEBUG solana_runtime::message_processor::stable_log] Program TokenkegQfeZyiNwAJbNbGKPFXCWuBvf9Ss623VQ5DA consumed 6269 of 224964 compute units
[2025-11-05T06:35:14.501790000Z DEBUG solana_runtime::message_processor::stable_log] Program TokenkegQfeZyiNwAJbNbGKPFXCWuBvf9Ss623VQ5DA success
[2025-11-05T06:35:14.501837000Z DEBUG solana_runtime::message_processor::stable_log] Program TokenkegQfeZyiNwAJbNbGKPFXCWuBvf9Ss623VQ5DA invoke [2]
[2025-11-05T06:35:14.501870000Z DEBUG solana_runtime::message_processor::stable_log] Program log: Instruction: TransferChecked
[2025-11-05T06:35:14.501945000Z DEBUG solana_runtime::message_processor::stable_log] Program TokenkegQfeZyiNwAJbNbGKPFXCWuBvf9Ss623VQ5DA consumed 6174 of 216285 compute units
[2025-11-05T06:35:14.501954000Z DEBUG solana_runtime::message_processor::stable_log] Program TokenkegQfeZyiNwAJbNbGKPFXCWuBvf9Ss623VQ5DA success
[2025-11-05T06:35:14.502036000Z DEBUG solana_runtime::message_processor::stable_log] Program ASmKWt93JEMHxbdE6j7znD9y2FcdPboCzC3xtSTJvN7S invoke [2]
[2025-11-05T06:35:14.502072000Z DEBUG solana_runtime::message_processor::stable_log] Program ASmKWt93JEMHxbdE6j7znD9y2FcdPboCzC3xtSTJvN7S consumed 2069 of 205030 compute units
[2025-11-05T06:35:14.502081000Z DEBUG solana_runtime::message_processor::stable_log] Program ASmKWt93JEMHxbdE6j7znD9y2FcdPboCzC3xtSTJvN7S success
[2025-11-05T06:35:14.502108000Z DEBUG solana_runtime::message_processor::stable_log] Program ASmKWt93JEMHxbdE6j7znD9y2FcdPboCzC3xtSTJvN7S consumed 147833 of 350000 compute units
[2025-11-05T06:35:14.502119000Z DEBUG solana_runtime::message_processor::stable_log] Program ASmKWt93JEMHxbdE6j7znD9y2FcdPboCzC3xtSTJvN7S success
[2025-11-05T06:35:14.502128000Z DEBUG solana_runtime::message_processor::stable_log] Program ComputeBudget111111111111111111111111111111 invoke [1]
[2025-11-05T06:35:14.502136000Z DEBUG solana_runtime::message_processor::stable_log] Program ComputeBudget111111111111111111111111111111 success
[2025-11-05T06:35:14.523310000Z DEBUG solana_runtime::message_processor::stable_log] Program ASmKWt93JEMHxbdE6j7znD9y2FcdPboCzC3xtSTJvN7S invoke [1]
[2025-11-05T06:35:14.523402000Z DEBUG solana_runtime::message_processor::stable_log] Program log: Instruction: CreatePosition
[2025-11-05T06:35:14.523472000Z DEBUG solana_runtime::message_processor::stable_log] Program 11111111111111111111111111111111 invoke [2]
[2025-11-05T06:35:14.523480000Z DEBUG solana_runtime::message_processor::stable_log] Program 11111111111111111111111111111111 success
[2025-11-05T06:35:14.523512000Z DEBUG solana_runtime::message_processor::stable_log] Program TokenzQdBNbLqP5VEhdkAS6EPFLC1PHnBqCXEpPxuEb invoke [2]
[2025-11-05T06:35:14.523547000Z DEBUG solana_runtime::message_processor::stable_log] Program log: MetadataPointerInstruction::Initialize
[2025-11-05T06:35:14.523580000Z DEBUG solana_runtime::message_processor::stable_log] Program TokenzQdBNbLqP5VEhdkAS6EPFLC1PHnBqCXEpPxuEb consumed 2442 of 190955 compute units
[2025-11-05T06:35:14.523589000Z DEBUG solana_runtime::message_processor::stable_log] Program TokenzQdBNbLqP5VEhdkAS6EPFLC1PHnBqCXEpPxuEb success
[2025-11-05T06:35:14.523618000Z DEBUG solana_runtime::message_processor::stable_log] Program TokenzQdBNbLqP5VEhdkAS6EPFLC1PHnBqCXEpPxuEb invoke [2]
[2025-11-05T06:35:14.523640000Z DEBUG solana_runtime::message_processor::stable_log] Program log: Instruction: InitializeMintCloseAuthority
[2025-11-05T06:35:14.523671000Z DEBUG solana_runtime::message_processor::stable_log] Program TokenzQdBNbLqP5VEhdkAS6EPFLC1PHnBqCXEpPxuEb consumed 2570 of 186535 compute units
[2025-11-05T06:35:14.523679000Z DEBUG solana_runtime::message_processor::stable_log] Program TokenzQdBNbLqP5VEhdkAS6EPFLC1PHnBqCXEpPxuEb success
[2025-11-05T06:35:14.523706000Z DEBUG solana_runtime::message_processor::stable_log] Program TokenzQdBNbLqP5VEhdkAS6EPFLC1PHnBqCXEpPxuEb invoke [2]
[2025-11-05T06:35:14.523730000Z DEBUG solana_runtime::message_processor::stable_log] Program log: Instruction: InitializeMint2
[2025-11-05T06:35:14.523788000Z DEBUG solana_runtime::message_processor::stable_log] Program TokenzQdBNbLqP5VEhdkAS6EPFLC1PHnBqCXEpPxuEb consumed 4078 of 182022 compute units
[2025-11-05T06:35:14.523795000Z DEBUG solana_runtime::message_processor::stable_log] Program TokenzQdBNbLqP5VEhdkAS6EPFLC1PHnBqCXEpPxuEb success
[2025-11-05T06:35:14.523930000Z DEBUG solana_runtime::message_processor::stable_log] Program 11111111111111111111111111111111 invoke [2]
[2025-11-05T06:35:14.523934000Z DEBUG solana_runtime::message_processor::stable_log] Program 11111111111111111111111111111111 success
[2025-11-05T06:35:14.523961000Z DEBUG solana_runtime::message_processor::stable_log] Program TokenzQdBNbLqP5VEhdkAS6EPFLC1PHnBqCXEpPxuEb invoke [2]
[2025-11-05T06:35:14.523988000Z DEBUG solana_runtime::message_processor::stable_log] Program log: Instruction: InitializeAccount3
[2025-11-05T06:35:14.524084000Z DEBUG solana_runtime::message_processor::stable_log] Program TokenzQdBNbLqP5VEhdkAS6EPFLC1PHnBqCXEpPxuEb consumed 5137 of 163838 compute units
[2025-11-05T06:35:14.524092000Z DEBUG solana_runtime::message_processor::stable_log] Program TokenzQdBNbLqP5VEhdkAS6EPFLC1PHnBqCXEpPxuEb success
[2025-11-05T06:35:14.524184000Z DEBUG solana_runtime::message_processor::stable_log] Program 11111111111111111111111111111111 invoke [2]
[2025-11-05T06:35:14.524187000Z DEBUG solana_runtime::message_processor::stable_log] Program 11111111111111111111111111111111 success
[2025-11-05T06:35:14.524282000Z DEBUG solana_runtime::message_processor::stable_log] Program TokenzQdBNbLqP5VEhdkAS6EPFLC1PHnBqCXEpPxuEb invoke [2]
[2025-11-05T06:35:14.524335000Z DEBUG solana_runtime::message_processor::stable_log] Program log: TokenMetadataInstruction: Initialize
[2025-11-05T06:35:14.524467000Z DEBUG solana_runtime::message_processor::stable_log] Program TokenzQdBNbLqP5VEhdkAS6EPFLC1PHnBqCXEpPxuEb consumed 9900 of 145608 compute units
[2025-11-05T06:35:14.524475000Z DEBUG solana_runtime::message_processor::stable_log] Program TokenzQdBNbLqP5VEhdkAS6EPFLC1PHnBqCXEpPxuEb success
[2025-11-05T06:35:14.524515000Z DEBUG solana_runtime::message_processor::stable_log] Program 11111111111111111111111111111111 invoke [2]
[2025-11-05T06:35:14.524518000Z DEBUG solana_runtime::message_processor::stable_log] Program 11111111111111111111111111111111 success
[2025-11-05T06:35:14.524555000Z DEBUG solana_runtime::message_processor::stable_log] Program TokenzQdBNbLqP5VEhdkAS6EPFLC1PHnBqCXEpPxuEb invoke [2]
[2025-11-05T06:35:14.524584000Z DEBUG solana_runtime::message_processor::stable_log] Program log: Instruction: MintTo
[2025-11-05T06:35:14.524653000Z DEBUG solana_runtime::message_processor::stable_log] Program TokenzQdBNbLqP5VEhdkAS6EPFLC1PHnBqCXEpPxuEb consumed 5540 of 130646 compute units
[2025-11-05T06:35:14.524661000Z DEBUG solana_runtime::message_processor::stable_log] Program TokenzQdBNbLqP5VEhdkAS6EPFLC1PHnBqCXEpPxuEb success
[2025-11-05T06:35:14.524710000Z DEBUG solana_runtime::message_processor::stable_log] Program ASmKWt93JEMHxbdE6j7znD9y2FcdPboCzC3xtSTJvN7S invoke [2]
[2025-11-05T06:35:14.524748000Z DEBUG solana_runtime::message_processor::stable_log] Program ASmKWt93JEMHxbdE6j7znD9y2FcdPboCzC3xtSTJvN7S consumed 2069 of 122040 compute units
[2025-11-05T06:35:14.524756000Z DEBUG solana_runtime::message_processor::stable_log] Program ASmKWt93JEMHxbdE6j7znD9y2FcdPboCzC3xtSTJvN7S success
[2025-11-05T06:35:14.524775000Z DEBUG solana_runtime::message_processor::stable_log] Program ASmKWt93JEMHxbdE6j7znD9y2FcdPboCzC3xtSTJvN7S consumed 80601 of 200000 compute units
[2025-11-05T06:35:14.524784000Z DEBUG solana_runtime::message_processor::stable_log] Program ASmKWt93JEMHxbdE6j7znD9y2FcdPboCzC3xtSTJvN7S success
[2025-11-05T06:35:14.556783000Z DEBUG solana_runtime::message_processor::stable_log] Program ASmKWt93JEMHxbdE6j7znD9y2FcdPboCzC3xtSTJvN7S invoke [1]
[2025-11-05T06:35:14.556889000Z DEBUG solana_runtime::message_processor::stable_log] Program log: Instruction: AddLiquidity
[2025-11-05T06:35:14.557165000Z DEBUG solana_runtime::message_processor::stable_log] Program TokenkegQfeZyiNwAJbNbGKPFXCWuBvf9Ss623VQ5DA invoke [2]
[2025-11-05T06:35:14.557205000Z DEBUG solana_runtime::message_processor::stable_log] Program log: Instruction: TransferChecked
[2025-11-05T06:35:14.557291000Z DEBUG solana_runtime::message_processor::stable_log] Program TokenkegQfeZyiNwAJbNbGKPFXCWuBvf9Ss623VQ5DA consumed 6269 of 178528 compute units
[2025-11-05T06:35:14.557302000Z DEBUG solana_runtime::message_processor::stable_log] Program TokenkegQfeZyiNwAJbNbGKPFXCWuBvf9Ss623VQ5DA success
[2025-11-05T06:35:14.557344000Z DEBUG solana_runtime::message_processor::stable_log] Program TokenkegQfeZyiNwAJbNbGKPFXCWuBvf9Ss623VQ5DA invoke [2]
[2025-11-05T06:35:14.557375000Z DEBUG solana_runtime::message_processor::stable_log] Program log: Instruction: TransferChecked
[2025-11-05T06:35:14.557445000Z DEBUG solana_runtime::message_processor::stable_log] Program TokenkegQfeZyiNwAJbNbGKPFXCWuBvf9Ss623VQ5DA consumed 6174 of 169849 compute units
[2025-11-05T06:35:14.557457000Z DEBUG solana_runtime::message_processor::stable_log] Program TokenkegQfeZyiNwAJbNbGKPFXCWuBvf9Ss623VQ5DA success
[2025-11-05T06:35:14.557508000Z DEBUG solana_runtime::message_processor::stable_log] Program ASmKWt93JEMHxbdE6j7znD9y2FcdPboCzC3xtSTJvN7S invoke [2]
[2025-11-05T06:35:14.557540000Z DEBUG solana_runtime::message_processor::stable_log] Program ASmKWt93JEMHxbdE6j7znD9y2FcdPboCzC3xtSTJvN7S consumed 2069 of 160421 compute units
[2025-11-05T06:35:14.557548000Z DEBUG solana_runtime::message_processor::stable_log] Program ASmKWt93JEMHxbdE6j7znD9y2FcdPboCzC3xtSTJvN7S success
[2025-11-05T06:35:14.557642000Z DEBUG solana_runtime::message_processor::stable_log] Program ASmKWt93JEMHxbdE6j7znD9y2FcdPboCzC3xtSTJvN7S invoke [2]
[2025-11-05T06:35:14.557669000Z DEBUG solana_runtime::message_processor::stable_log] Program ASmKWt93JEMHxbdE6j7znD9y2FcdPboCzC3xtSTJvN7S consumed 2069 of 152786 compute units
[2025-11-05T06:35:14.557677000Z DEBUG solana_runtime::message_processor::stable_log] Program ASmKWt93JEMHxbdE6j7znD9y2FcdPboCzC3xtSTJvN7S success
[2025-11-05T06:35:14.557697000Z DEBUG solana_runtime::message_processor::stable_log] Program ASmKWt93JEMHxbdE6j7znD9y2FcdPboCzC3xtSTJvN7S consumed 49924 of 200000 compute units
[2025-11-05T06:35:14.557708000Z DEBUG solana_runtime::message_processor::stable_log] Program ASmKWt93JEMHxbdE6j7znD9y2FcdPboCzC3xtSTJvN7S success
{ preTokenAVaultBalance: 0, postTokenAVaultBalance: 0 }
{
  preTokenBVaultBalance: 429488657752,
  postTokenBVaultBalance: 858977315504
}
      ✔ Create pool with sqrtPrice equal sqrtMaxPrice (81ms)
    Token 2022
[2025-11-05T06:35:14.560098000Z INFO  solana_program_test] "cp_amm" SBF program from ./target/deploy/cp_amm.so, modified 24 minutes, 21 seconds, 907 ms, 414 µs and 203 ns ago
[2025-11-05T06:35:14.560344000Z INFO  solana_program_test] "fee_router" SBF program from ./target/deploy/fee_router.so, modified 24 seconds, 644 ms, 602 µs and 331 ns ago
[2025-11-05T06:35:14.560504000Z INFO  solana_program_test] "transfer_hook_counter" SBF program from tests/fixtures/transfer_hook_counter.so, modified 3 weeks, 22 hours, 58 minutes, 49 seconds, 386 ms, 103 µs and 196 ns ago
[2025-11-05T06:35:14.560971000Z INFO  solana_program_test] "alpha_vault" SBF program from tests/fixtures/alpha_vault.so, modified 3 weeks, 22 hours, 58 minutes, 49 seconds, 387 ms, 257 µs and 72 ns ago
[2025-11-05T06:35:14.561792000Z INFO  solana_program_test] "streamflow" SBF program from tests/fixtures/streamflow.so, modified 3 weeks, 6 hours, 58 minutes, 59 seconds, 272 ms, 705 µs and 387 ns ago
[2025-11-05T06:35:14.562184000Z INFO  solana_program_test] "cp_amm" SBF program from ./target/deploy/cp_amm.so, modified 24 minutes, 21 seconds, 909 ms, 502 µs and 203 ns ago
[2025-11-05T06:35:14.562364000Z INFO  solana_program_test] "fee_router" SBF program from ./target/deploy/fee_router.so, modified 24 seconds, 646 ms, 622 µs and 331 ns ago
[2025-11-05T06:35:14.582189000Z INFO  solana_program_test] Overriding account at ASmKWt93JEMHxbdE6j7znD9y2FcdPboCzC3xtSTJvN7S
[2025-11-05T06:35:14.582202000Z INFO  solana_program_test] Overriding account at 5B57SJ3g2YoNXUpsZqqjEQkRSxyKtVTQRXdgAirz6bio
[2025-11-05T06:35:14.595469000Z DEBUG solana_runtime::message_processor::stable_log] Program 11111111111111111111111111111111 invoke [1]
[2025-11-05T06:35:14.595482000Z DEBUG solana_runtime::message_processor::stable_log] Program 11111111111111111111111111111111 success
[2025-11-05T06:35:14.599001000Z DEBUG solana_runtime::message_processor::stable_log] Program 11111111111111111111111111111111 invoke [1]
[2025-11-05T06:35:14.599014000Z DEBUG solana_runtime::message_processor::stable_log] Program 11111111111111111111111111111111 success
[2025-11-05T06:35:14.603473000Z DEBUG solana_runtime::message_processor::stable_log] Program 11111111111111111111111111111111 invoke [1]
[2025-11-05T06:35:14.603496000Z DEBUG solana_runtime::message_processor::stable_log] Program 11111111111111111111111111111111 success
[2025-11-05T06:35:14.612404000Z DEBUG solana_runtime::message_processor::stable_log] Program 11111111111111111111111111111111 invoke [1]
[2025-11-05T06:35:14.612439000Z DEBUG solana_runtime::message_processor::stable_log] Program 11111111111111111111111111111111 success
[2025-11-05T06:35:14.612448000Z DEBUG solana_runtime::message_processor::stable_log] Program TokenzQdBNbLqP5VEhdkAS6EPFLC1PHnBqCXEpPxuEb invoke [1]
[2025-11-05T06:35:14.612599000Z DEBUG solana_runtime::message_processor::stable_log] Program TokenzQdBNbLqP5VEhdkAS6EPFLC1PHnBqCXEpPxuEb consumed 3479 of 599850 compute units
[2025-11-05T06:35:14.612616000Z DEBUG solana_runtime::message_processor::stable_log] Program TokenzQdBNbLqP5VEhdkAS6EPFLC1PHnBqCXEpPxuEb success
[2025-11-05T06:35:14.612625000Z DEBUG solana_runtime::message_processor::stable_log] Program TokenzQdBNbLqP5VEhdkAS6EPFLC1PHnBqCXEpPxuEb invoke [1]
[2025-11-05T06:35:14.612678000Z DEBUG solana_runtime::message_processor::stable_log] Program log: Instruction: InitializeMint2
[2025-11-05T06:35:14.612742000Z DEBUG solana_runtime::message_processor::stable_log] Program TokenzQdBNbLqP5VEhdkAS6EPFLC1PHnBqCXEpPxuEb consumed 3868 of 596371 compute units
[2025-11-05T06:35:14.612756000Z DEBUG solana_runtime::message_processor::stable_log] Program TokenzQdBNbLqP5VEhdkAS6EPFLC1PHnBqCXEpPxuEb success
[2025-11-05T06:35:14.620736000Z DEBUG solana_runtime::message_processor::stable_log] Program 11111111111111111111111111111111 invoke [1]
[2025-11-05T06:35:14.620766000Z DEBUG solana_runtime::message_processor::stable_log] Program 11111111111111111111111111111111 success
[2025-11-05T06:35:14.620772000Z DEBUG solana_runtime::message_processor::stable_log] Program TokenzQdBNbLqP5VEhdkAS6EPFLC1PHnBqCXEpPxuEb invoke [1]
[2025-11-05T06:35:14.620886000Z DEBUG solana_runtime::message_processor::stable_log] Program TokenzQdBNbLqP5VEhdkAS6EPFLC1PHnBqCXEpPxuEb consumed 3479 of 599850 compute units
[2025-11-05T06:35:14.620900000Z DEBUG solana_runtime::message_processor::stable_log] Program TokenzQdBNbLqP5VEhdkAS6EPFLC1PHnBqCXEpPxuEb success
[2025-11-05T06:35:14.620908000Z DEBUG solana_runtime::message_processor::stable_log] Program TokenzQdBNbLqP5VEhdkAS6EPFLC1PHnBqCXEpPxuEb invoke [1]
[2025-11-05T06:35:14.620939000Z DEBUG solana_runtime::message_processor::stable_log] Program log: Instruction: InitializeMint2
[2025-11-05T06:35:14.621005000Z DEBUG solana_runtime::message_processor::stable_log] Program TokenzQdBNbLqP5VEhdkAS6EPFLC1PHnBqCXEpPxuEb consumed 3868 of 596371 compute units
[2025-11-05T06:35:14.621013000Z DEBUG solana_runtime::message_processor::stable_log] Program TokenzQdBNbLqP5VEhdkAS6EPFLC1PHnBqCXEpPxuEb success
[2025-11-05T06:35:14.627941000Z DEBUG solana_runtime::message_processor::stable_log] Program ATokenGPvbdGVxr1b2hvZbsiqW5xWH25efTNsLJA8knL invoke [1]
[2025-11-05T06:35:14.628023000Z DEBUG solana_runtime::message_processor::stable_log] Program log: Create
[2025-11-05T06:35:14.628076000Z DEBUG solana_runtime::message_processor::stable_log] Program TokenzQdBNbLqP5VEhdkAS6EPFLC1PHnBqCXEpPxuEb invoke [2]
[2025-11-05T06:35:14.628113000Z DEBUG solana_runtime::message_processor::stable_log] Program log: Instruction: GetAccountDataSize
[2025-11-05T06:35:14.628162000Z DEBUG solana_runtime::message_processor::stable_log] Program TokenzQdBNbLqP5VEhdkAS6EPFLC1PHnBqCXEpPxuEb consumed 2917 of 194642 compute units
[2025-11-05T06:35:14.628171000Z DEBUG solana_runtime::message_processor::stable_log] Program return: TokenzQdBNbLqP5VEhdkAS6EPFLC1PHnBqCXEpPxuEb tgAAAAAAAAA=
[2025-11-05T06:35:14.628180000Z DEBUG solana_runtime::message_processor::stable_log] Program TokenzQdBNbLqP5VEhdkAS6EPFLC1PHnBqCXEpPxuEb success
[2025-11-05T06:35:14.628241000Z DEBUG solana_runtime::message_processor::stable_log] Program 11111111111111111111111111111111 invoke [2]
[2025-11-05T06:35:14.628249000Z DEBUG solana_runtime::message_processor::stable_log] Program 11111111111111111111111111111111 success
[2025-11-05T06:35:14.628255000Z DEBUG solana_runtime::message_processor::stable_log] Program log: Initialize the associated token account
[2025-11-05T06:35:14.628274000Z DEBUG solana_runtime::message_processor::stable_log] Program TokenzQdBNbLqP5VEhdkAS6EPFLC1PHnBqCXEpPxuEb invoke [2]
[2025-11-05T06:35:14.628298000Z DEBUG solana_runtime::message_processor::stable_log] Program log: Instruction: InitializeImmutableOwner
[2025-11-05T06:35:14.628327000Z DEBUG solana_runtime::message_processor::stable_log] Program TokenzQdBNbLqP5VEhdkAS6EPFLC1PHnBqCXEpPxuEb consumed 1924 of 186795 compute units
[2025-11-05T06:35:14.628336000Z DEBUG solana_runtime::message_processor::stable_log] Program TokenzQdBNbLqP5VEhdkAS6EPFLC1PHnBqCXEpPxuEb success
[2025-11-05T06:35:14.628396000Z DEBUG solana_runtime::message_processor::stable_log] Program TokenzQdBNbLqP5VEhdkAS6EPFLC1PHnBqCXEpPxuEb invoke [2]
[2025-11-05T06:35:14.628428000Z DEBUG solana_runtime::message_processor::stable_log] Program log: Instruction: InitializeAccount3
[2025-11-05T06:35:14.628532000Z DEBUG solana_runtime::message_processor::stable_log] Program TokenzQdBNbLqP5VEhdkAS6EPFLC1PHnBqCXEpPxuEb consumed 5446 of 182481 compute units
[2025-11-05T06:35:14.628542000Z DEBUG solana_runtime::message_processor::stable_log] Program TokenzQdBNbLqP5VEhdkAS6EPFLC1PHnBqCXEpPxuEb success
[2025-11-05T06:35:14.628556000Z DEBUG solana_runtime::message_processor::stable_log] Program ATokenGPvbdGVxr1b2hvZbsiqW5xWH25efTNsLJA8knL consumed 23269 of 200000 compute units
[2025-11-05T06:35:14.628566000Z DEBUG solana_runtime::message_processor::stable_log] Program ATokenGPvbdGVxr1b2hvZbsiqW5xWH25efTNsLJA8knL success
[2025-11-05T06:35:14.632401000Z DEBUG solana_runtime::message_processor::stable_log] Program TokenzQdBNbLqP5VEhdkAS6EPFLC1PHnBqCXEpPxuEb invoke [1]
[2025-11-05T06:35:14.632471000Z DEBUG solana_runtime::message_processor::stable_log] Program log: Instruction: MintTo
[2025-11-05T06:35:14.632563000Z DEBUG solana_runtime::message_processor::stable_log] Program TokenzQdBNbLqP5VEhdkAS6EPFLC1PHnBqCXEpPxuEb consumed 5403 of 200000 compute units
[2025-11-05T06:35:14.632577000Z DEBUG solana_runtime::message_processor::stable_log] Program TokenzQdBNbLqP5VEhdkAS6EPFLC1PHnBqCXEpPxuEb success
[2025-11-05T06:35:14.638245000Z DEBUG solana_runtime::message_processor::stable_log] Program ATokenGPvbdGVxr1b2hvZbsiqW5xWH25efTNsLJA8knL invoke [1]
[2025-11-05T06:35:14.638323000Z DEBUG solana_runtime::message_processor::stable_log] Program log: Create
[2025-11-05T06:35:14.638377000Z DEBUG solana_runtime::message_processor::stable_log] Program TokenzQdBNbLqP5VEhdkAS6EPFLC1PHnBqCXEpPxuEb invoke [2]
[2025-11-05T06:35:14.638419000Z DEBUG solana_runtime::message_processor::stable_log] Program log: Instruction: GetAccountDataSize
[2025-11-05T06:35:14.638466000Z DEBUG solana_runtime::message_processor::stable_log] Program TokenzQdBNbLqP5VEhdkAS6EPFLC1PHnBqCXEpPxuEb consumed 2917 of 194642 compute units
[2025-11-05T06:35:14.638475000Z DEBUG solana_runtime::message_processor::stable_log] Program return: TokenzQdBNbLqP5VEhdkAS6EPFLC1PHnBqCXEpPxuEb tgAAAAAAAAA=
[2025-11-05T06:35:14.638485000Z DEBUG solana_runtime::message_processor::stable_log] Program TokenzQdBNbLqP5VEhdkAS6EPFLC1PHnBqCXEpPxuEb success
[2025-11-05T06:35:14.638592000Z DEBUG solana_runtime::message_processor::stable_log] Program 11111111111111111111111111111111 invoke [2]
[2025-11-05T06:35:14.638605000Z DEBUG solana_runtime::message_processor::stable_log] Program 11111111111111111111111111111111 success
[2025-11-05T06:35:14.638612000Z DEBUG solana_runtime::message_processor::stable_log] Program log: Initialize the associated token account
[2025-11-05T06:35:14.638632000Z DEBUG solana_runtime::message_processor::stable_log] Program TokenzQdBNbLqP5VEhdkAS6EPFLC1PHnBqCXEpPxuEb invoke [2]
[2025-11-05T06:35:14.638656000Z DEBUG solana_runtime::message_processor::stable_log] Program log: Instruction: InitializeImmutableOwner
[2025-11-05T06:35:14.638682000Z DEBUG solana_runtime::message_processor::stable_log] Program TokenzQdBNbLqP5VEhdkAS6EPFLC1PHnBqCXEpPxuEb consumed 1924 of 186795 compute units
[2025-11-05T06:35:14.638691000Z DEBUG solana_runtime::message_processor::stable_log] Program TokenzQdBNbLqP5VEhdkAS6EPFLC1PHnBqCXEpPxuEb success
[2025-11-05T06:35:14.638727000Z DEBUG solana_runtime::message_processor::stable_log] Program TokenzQdBNbLqP5VEhdkAS6EPFLC1PHnBqCXEpPxuEb invoke [2]
[2025-11-05T06:35:14.638756000Z DEBUG solana_runtime::message_processor::stable_log] Program log: Instruction: InitializeAccount3
[2025-11-05T06:35:14.638850000Z DEBUG solana_runtime::message_processor::stable_log] Program TokenzQdBNbLqP5VEhdkAS6EPFLC1PHnBqCXEpPxuEb consumed 5446 of 182481 compute units
[2025-11-05T06:35:14.638859000Z DEBUG solana_runtime::message_processor::stable_log] Program TokenzQdBNbLqP5VEhdkAS6EPFLC1PHnBqCXEpPxuEb success
[2025-11-05T06:35:14.638873000Z DEBUG solana_runtime::message_processor::stable_log] Program ATokenGPvbdGVxr1b2hvZbsiqW5xWH25efTNsLJA8knL consumed 23269 of 200000 compute units
[2025-11-05T06:35:14.638882000Z DEBUG solana_runtime::message_processor::stable_log] Program ATokenGPvbdGVxr1b2hvZbsiqW5xWH25efTNsLJA8knL success
[2025-11-05T06:35:14.642495000Z DEBUG solana_runtime::message_processor::stable_log] Program TokenzQdBNbLqP5VEhdkAS6EPFLC1PHnBqCXEpPxuEb invoke [1]
[2025-11-05T06:35:14.642555000Z DEBUG solana_runtime::message_processor::stable_log] Program log: Instruction: MintTo
[2025-11-05T06:35:14.642643000Z DEBUG solana_runtime::message_processor::stable_log] Program TokenzQdBNbLqP5VEhdkAS6EPFLC1PHnBqCXEpPxuEb consumed 5403 of 200000 compute units
[2025-11-05T06:35:14.642653000Z DEBUG solana_runtime::message_processor::stable_log] Program TokenzQdBNbLqP5VEhdkAS6EPFLC1PHnBqCXEpPxuEb success
[2025-11-05T06:35:14.647963000Z DEBUG solana_runtime::message_processor::stable_log] Program ATokenGPvbdGVxr1b2hvZbsiqW5xWH25efTNsLJA8knL invoke [1]
[2025-11-05T06:35:14.648047000Z DEBUG solana_runtime::message_processor::stable_log] Program log: Create
[2025-11-05T06:35:14.648109000Z DEBUG solana_runtime::message_processor::stable_log] Program TokenzQdBNbLqP5VEhdkAS6EPFLC1PHnBqCXEpPxuEb invoke [2]
[2025-11-05T06:35:14.648152000Z DEBUG solana_runtime::message_processor::stable_log] Program log: Instruction: GetAccountDataSize
[2025-11-05T06:35:14.648201000Z DEBUG solana_runtime::message_processor::stable_log] Program TokenzQdBNbLqP5VEhdkAS6EPFLC1PHnBqCXEpPxuEb consumed 2917 of 193142 compute units
[2025-11-05T06:35:14.648209000Z DEBUG solana_runtime::message_processor::stable_log] Program return: TokenzQdBNbLqP5VEhdkAS6EPFLC1PHnBqCXEpPxuEb tgAAAAAAAAA=
[2025-11-05T06:35:14.648219000Z DEBUG solana_runtime::message_processor::stable_log] Program TokenzQdBNbLqP5VEhdkAS6EPFLC1PHnBqCXEpPxuEb success
[2025-11-05T06:35:14.648282000Z DEBUG solana_runtime::message_processor::stable_log] Program 11111111111111111111111111111111 invoke [2]
[2025-11-05T06:35:14.648291000Z DEBUG solana_runtime::message_processor::stable_log] Program 11111111111111111111111111111111 success
[2025-11-05T06:35:14.648297000Z DEBUG solana_runtime::message_processor::stable_log] Program log: Initialize the associated token account
[2025-11-05T06:35:14.648316000Z DEBUG solana_runtime::message_processor::stable_log] Program TokenzQdBNbLqP5VEhdkAS6EPFLC1PHnBqCXEpPxuEb invoke [2]
[2025-11-05T06:35:14.648341000Z DEBUG solana_runtime::message_processor::stable_log] Program log: Instruction: InitializeImmutableOwner
[2025-11-05T06:35:14.648368000Z DEBUG solana_runtime::message_processor::stable_log] Program TokenzQdBNbLqP5VEhdkAS6EPFLC1PHnBqCXEpPxuEb consumed 1924 of 185295 compute units
[2025-11-05T06:35:14.648376000Z DEBUG solana_runtime::message_processor::stable_log] Program TokenzQdBNbLqP5VEhdkAS6EPFLC1PHnBqCXEpPxuEb success
[2025-11-05T06:35:14.648413000Z DEBUG solana_runtime::message_processor::stable_log] Program TokenzQdBNbLqP5VEhdkAS6EPFLC1PHnBqCXEpPxuEb invoke [2]
[2025-11-05T06:35:14.648442000Z DEBUG solana_runtime::message_processor::stable_log] Program log: Instruction: InitializeAccount3
[2025-11-05T06:35:14.648537000Z DEBUG solana_runtime::message_processor::stable_log] Program TokenzQdBNbLqP5VEhdkAS6EPFLC1PHnBqCXEpPxuEb consumed 5446 of 180981 compute units
[2025-11-05T06:35:14.648546000Z DEBUG solana_runtime::message_processor::stable_log] Program TokenzQdBNbLqP5VEhdkAS6EPFLC1PHnBqCXEpPxuEb success
[2025-11-05T06:35:14.648560000Z DEBUG solana_runtime::message_processor::stable_log] Program ATokenGPvbdGVxr1b2hvZbsiqW5xWH25efTNsLJA8knL consumed 24769 of 200000 compute units
[2025-11-05T06:35:14.648569000Z DEBUG solana_runtime::message_processor::stable_log] Program ATokenGPvbdGVxr1b2hvZbsiqW5xWH25efTNsLJA8knL success
[2025-11-05T06:35:14.652530000Z DEBUG solana_runtime::message_processor::stable_log] Program TokenzQdBNbLqP5VEhdkAS6EPFLC1PHnBqCXEpPxuEb invoke [1]
[2025-11-05T06:35:14.652597000Z DEBUG solana_runtime::message_processor::stable_log] Program log: Instruction: MintTo
[2025-11-05T06:35:14.652692000Z DEBUG solana_runtime::message_processor::stable_log] Program TokenzQdBNbLqP5VEhdkAS6EPFLC1PHnBqCXEpPxuEb consumed 5403 of 200000 compute units
[2025-11-05T06:35:14.652708000Z DEBUG solana_runtime::message_processor::stable_log] Program TokenzQdBNbLqP5VEhdkAS6EPFLC1PHnBqCXEpPxuEb success
[2025-11-05T06:35:14.658097000Z DEBUG solana_runtime::message_processor::stable_log] Program ATokenGPvbdGVxr1b2hvZbsiqW5xWH25efTNsLJA8knL invoke [1]
[2025-11-05T06:35:14.658175000Z DEBUG solana_runtime::message_processor::stable_log] Program log: Create
[2025-11-05T06:35:14.658244000Z DEBUG solana_runtime::message_processor::stable_log] Program TokenzQdBNbLqP5VEhdkAS6EPFLC1PHnBqCXEpPxuEb invoke [2]
[2025-11-05T06:35:14.658282000Z DEBUG solana_runtime::message_processor::stable_log] Program log: Instruction: GetAccountDataSize
[2025-11-05T06:35:14.658331000Z DEBUG solana_runtime::message_processor::stable_log] Program TokenzQdBNbLqP5VEhdkAS6EPFLC1PHnBqCXEpPxuEb consumed 2917 of 191642 compute units
[2025-11-05T06:35:14.658340000Z DEBUG solana_runtime::message_processor::stable_log] Program return: TokenzQdBNbLqP5VEhdkAS6EPFLC1PHnBqCXEpPxuEb tgAAAAAAAAA=
[2025-11-05T06:35:14.658350000Z DEBUG solana_runtime::message_processor::stable_log] Program TokenzQdBNbLqP5VEhdkAS6EPFLC1PHnBqCXEpPxuEb success
[2025-11-05T06:35:14.658413000Z DEBUG solana_runtime::message_processor::stable_log] Program 11111111111111111111111111111111 invoke [2]
[2025-11-05T06:35:14.658420000Z DEBUG solana_runtime::message_processor::stable_log] Program 11111111111111111111111111111111 success
[2025-11-05T06:35:14.658426000Z DEBUG solana_runtime::message_processor::stable_log] Program log: Initialize the associated token account
[2025-11-05T06:35:14.658445000Z DEBUG solana_runtime::message_processor::stable_log] Program TokenzQdBNbLqP5VEhdkAS6EPFLC1PHnBqCXEpPxuEb invoke [2]
[2025-11-05T06:35:14.658469000Z DEBUG solana_runtime::message_processor::stable_log] Program log: Instruction: InitializeImmutableOwner
[2025-11-05T06:35:14.658497000Z DEBUG solana_runtime::message_processor::stable_log] Program TokenzQdBNbLqP5VEhdkAS6EPFLC1PHnBqCXEpPxuEb consumed 1924 of 183795 compute units
[2025-11-05T06:35:14.658506000Z DEBUG solana_runtime::message_processor::stable_log] Program TokenzQdBNbLqP5VEhdkAS6EPFLC1PHnBqCXEpPxuEb success
[2025-11-05T06:35:14.658542000Z DEBUG solana_runtime::message_processor::stable_log] Program TokenzQdBNbLqP5VEhdkAS6EPFLC1PHnBqCXEpPxuEb invoke [2]
[2025-11-05T06:35:14.658571000Z DEBUG solana_runtime::message_processor::stable_log] Program log: Instruction: InitializeAccount3
[2025-11-05T06:35:14.658666000Z DEBUG solana_runtime::message_processor::stable_log] Program TokenzQdBNbLqP5VEhdkAS6EPFLC1PHnBqCXEpPxuEb consumed 5446 of 179481 compute units
[2025-11-05T06:35:14.658674000Z DEBUG solana_runtime::message_processor::stable_log] Program TokenzQdBNbLqP5VEhdkAS6EPFLC1PHnBqCXEpPxuEb success
[2025-11-05T06:35:14.658689000Z DEBUG solana_runtime::message_processor::stable_log] Program ATokenGPvbdGVxr1b2hvZbsiqW5xWH25efTNsLJA8knL consumed 26269 of 200000 compute units
[2025-11-05T06:35:14.658698000Z DEBUG solana_runtime::message_processor::stable_log] Program ATokenGPvbdGVxr1b2hvZbsiqW5xWH25efTNsLJA8knL success
[2025-11-05T06:35:14.662878000Z DEBUG solana_runtime::message_processor::stable_log] Program TokenzQdBNbLqP5VEhdkAS6EPFLC1PHnBqCXEpPxuEb invoke [1]
[2025-11-05T06:35:14.662939000Z DEBUG solana_runtime::message_processor::stable_log] Program log: Instruction: MintTo
[2025-11-05T06:35:14.663025000Z DEBUG solana_runtime::message_processor::stable_log] Program TokenzQdBNbLqP5VEhdkAS6EPFLC1PHnBqCXEpPxuEb consumed 5403 of 200000 compute units
[2025-11-05T06:35:14.663037000Z DEBUG solana_runtime::message_processor::stable_log] Program TokenzQdBNbLqP5VEhdkAS6EPFLC1PHnBqCXEpPxuEb success
[2025-11-05T06:35:14.676703000Z DEBUG solana_runtime::message_processor::stable_log] Program ASmKWt93JEMHxbdE6j7znD9y2FcdPboCzC3xtSTJvN7S invoke [1]
[2025-11-05T06:35:14.676777000Z DEBUG solana_runtime::message_processor::stable_log] Program log: Instruction: CreateConfig
[2025-11-05T06:35:14.676872000Z DEBUG solana_runtime::message_processor::stable_log] Program 11111111111111111111111111111111 invoke [2]
[2025-11-05T06:35:14.676881000Z DEBUG solana_runtime::message_processor::stable_log] Program 11111111111111111111111111111111 success
[2025-11-05T06:35:14.676990000Z DEBUG solana_runtime::message_processor::stable_log] Program ASmKWt93JEMHxbdE6j7znD9y2FcdPboCzC3xtSTJvN7S invoke [2]
[2025-11-05T06:35:14.677030000Z DEBUG solana_runtime::message_processor::stable_log] Program ASmKWt93JEMHxbdE6j7znD9y2FcdPboCzC3xtSTJvN7S consumed 2069 of 186098 compute units
[2025-11-05T06:35:14.677041000Z DEBUG solana_runtime::message_processor::stable_log] Program ASmKWt93JEMHxbdE6j7znD9y2FcdPboCzC3xtSTJvN7S success
[2025-11-05T06:35:14.677064000Z DEBUG solana_runtime::message_processor::stable_log] Program ASmKWt93JEMHxbdE6j7znD9y2FcdPboCzC3xtSTJvN7S consumed 16276 of 200000 compute units
[2025-11-05T06:35:14.677074000Z DEBUG solana_runtime::message_processor::stable_log] Program ASmKWt93JEMHxbdE6j7znD9y2FcdPboCzC3xtSTJvN7S success
[2025-11-05T06:35:14.703634000Z DEBUG solana_runtime::message_processor::stable_log] Program ASmKWt93JEMHxbdE6j7znD9y2FcdPboCzC3xtSTJvN7S invoke [1]
[2025-11-05T06:35:14.703775000Z DEBUG solana_runtime::message_processor::stable_log] Program log: Instruction: InitializePool
[2025-11-05T06:35:14.703938000Z DEBUG solana_runtime::message_processor::stable_log] Program 11111111111111111111111111111111 invoke [2]
[2025-11-05T06:35:14.703948000Z DEBUG solana_runtime::message_processor::stable_log] Program 11111111111111111111111111111111 success
[2025-11-05T06:35:14.703985000Z DEBUG solana_runtime::message_processor::stable_log] Program TokenzQdBNbLqP5VEhdkAS6EPFLC1PHnBqCXEpPxuEb invoke [2]
[2025-11-05T06:35:14.704023000Z DEBUG solana_runtime::message_processor::stable_log] Program log: MetadataPointerInstruction::Initialize
[2025-11-05T06:35:14.704061000Z DEBUG solana_runtime::message_processor::stable_log] Program TokenzQdBNbLqP5VEhdkAS6EPFLC1PHnBqCXEpPxuEb consumed 2442 of 334481 compute units
[2025-11-05T06:35:14.704112000Z DEBUG solana_runtime::message_processor::stable_log] Program TokenzQdBNbLqP5VEhdkAS6EPFLC1PHnBqCXEpPxuEb success
[2025-11-05T06:35:14.704148000Z DEBUG solana_runtime::message_processor::stable_log] Program TokenzQdBNbLqP5VEhdkAS6EPFLC1PHnBqCXEpPxuEb invoke [2]
[2025-11-05T06:35:14.704173000Z DEBUG solana_runtime::message_processor::stable_log] Program log: Instruction: InitializeMintCloseAuthority
[2025-11-05T06:35:14.704208000Z DEBUG solana_runtime::message_processor::stable_log] Program TokenzQdBNbLqP5VEhdkAS6EPFLC1PHnBqCXEpPxuEb consumed 2570 of 330061 compute units
[2025-11-05T06:35:14.704216000Z DEBUG solana_runtime::message_processor::stable_log] Program TokenzQdBNbLqP5VEhdkAS6EPFLC1PHnBqCXEpPxuEb success
[2025-11-05T06:35:14.704248000Z DEBUG solana_runtime::message_processor::stable_log] Program TokenzQdBNbLqP5VEhdkAS6EPFLC1PHnBqCXEpPxuEb invoke [2]
[2025-11-05T06:35:14.704278000Z DEBUG solana_runtime::message_processor::stable_log] Program log: Instruction: InitializeMint2
[2025-11-05T06:35:14.704344000Z DEBUG solana_runtime::message_processor::stable_log] Program TokenzQdBNbLqP5VEhdkAS6EPFLC1PHnBqCXEpPxuEb consumed 4078 of 325549 compute units
[2025-11-05T06:35:14.704352000Z DEBUG solana_runtime::message_processor::stable_log] Program TokenzQdBNbLqP5VEhdkAS6EPFLC1PHnBqCXEpPxuEb success
[2025-11-05T06:35:14.704482000Z DEBUG solana_runtime::message_processor::stable_log] Program 11111111111111111111111111111111 invoke [2]
[2025-11-05T06:35:14.704486000Z DEBUG solana_runtime::message_processor::stable_log] Program 11111111111111111111111111111111 success
[2025-11-05T06:35:14.704517000Z DEBUG solana_runtime::message_processor::stable_log] Program TokenzQdBNbLqP5VEhdkAS6EPFLC1PHnBqCXEpPxuEb invoke [2]
[2025-11-05T06:35:14.704547000Z DEBUG solana_runtime::message_processor::stable_log] Program log: Instruction: InitializeAccount3
[2025-11-05T06:35:14.704631000Z DEBUG solana_runtime::message_processor::stable_log] Program TokenzQdBNbLqP5VEhdkAS6EPFLC1PHnBqCXEpPxuEb consumed 5137 of 311865 compute units
[2025-11-05T06:35:14.704639000Z DEBUG solana_runtime::message_processor::stable_log] Program TokenzQdBNbLqP5VEhdkAS6EPFLC1PHnBqCXEpPxuEb success
[2025-11-05T06:35:14.704762000Z DEBUG solana_runtime::message_processor::stable_log] Program 11111111111111111111111111111111 invoke [2]
[2025-11-05T06:35:14.704767000Z DEBUG solana_runtime::message_processor::stable_log] Program 11111111111111111111111111111111 success
[2025-11-05T06:35:14.704838000Z DEBUG solana_runtime::message_processor::stable_log] Program 11111111111111111111111111111111 invoke [2]
[2025-11-05T06:35:14.704844000Z DEBUG solana_runtime::message_processor::stable_log] Program 11111111111111111111111111111111 success
[2025-11-05T06:35:14.704946000Z DEBUG solana_runtime::message_processor::stable_log] Program 11111111111111111111111111111111 invoke [2]
[2025-11-05T06:35:14.704951000Z DEBUG solana_runtime::message_processor::stable_log] Program 11111111111111111111111111111111 success
[2025-11-05T06:35:14.704980000Z DEBUG solana_runtime::message_processor::stable_log] Program TokenzQdBNbLqP5VEhdkAS6EPFLC1PHnBqCXEpPxuEb invoke [2]
[2025-11-05T06:35:14.705009000Z DEBUG solana_runtime::message_processor::stable_log] Program log: Instruction: InitializeAccount3
[2025-11-05T06:35:14.705097000Z DEBUG solana_runtime::message_processor::stable_log] Program TokenzQdBNbLqP5VEhdkAS6EPFLC1PHnBqCXEpPxuEb consumed 5379 of 282499 compute units
[2025-11-05T06:35:14.705105000Z DEBUG solana_runtime::message_processor::stable_log] Program TokenzQdBNbLqP5VEhdkAS6EPFLC1PHnBqCXEpPxuEb success
[2025-11-05T06:35:14.705256000Z DEBUG solana_runtime::message_processor::stable_log] Program 11111111111111111111111111111111 invoke [2]
[2025-11-05T06:35:14.705260000Z DEBUG solana_runtime::message_processor::stable_log] Program 11111111111111111111111111111111 success
[2025-11-05T06:35:14.705288000Z DEBUG solana_runtime::message_processor::stable_log] Program TokenzQdBNbLqP5VEhdkAS6EPFLC1PHnBqCXEpPxuEb invoke [2]
[2025-11-05T06:35:14.705316000Z DEBUG solana_runtime::message_processor::stable_log] Program log: Instruction: InitializeAccount3
[2025-11-05T06:35:14.705400000Z DEBUG solana_runtime::message_processor::stable_log] Program TokenzQdBNbLqP5VEhdkAS6EPFLC1PHnBqCXEpPxuEb consumed 5379 of 262414 compute units
[2025-11-05T06:35:14.705414000Z DEBUG solana_runtime::message_processor::stable_log] Program TokenzQdBNbLqP5VEhdkAS6EPFLC1PHnBqCXEpPxuEb success
[2025-11-05T06:35:14.705672000Z DEBUG solana_runtime::message_processor::stable_log] Program TokenzQdBNbLqP5VEhdkAS6EPFLC1PHnBqCXEpPxuEb invoke [2]
[2025-11-05T06:35:14.705730000Z DEBUG solana_runtime::message_processor::stable_log] Program log: TokenMetadataInstruction: Initialize
[2025-11-05T06:35:14.705867000Z DEBUG solana_runtime::message_processor::stable_log] Program TokenzQdBNbLqP5VEhdkAS6EPFLC1PHnBqCXEpPxuEb consumed 9900 of 243160 compute units
[2025-11-05T06:35:14.705878000Z DEBUG solana_runtime::message_processor::stable_log] Program TokenzQdBNbLqP5VEhdkAS6EPFLC1PHnBqCXEpPxuEb success
[2025-11-05T06:35:14.705923000Z DEBUG solana_runtime::message_processor::stable_log] Program 11111111111111111111111111111111 invoke [2]
[2025-11-05T06:35:14.705927000Z DEBUG solana_runtime::message_processor::stable_log] Program 11111111111111111111111111111111 success
[2025-11-05T06:35:14.705969000Z DEBUG solana_runtime::message_processor::stable_log] Program TokenzQdBNbLqP5VEhdkAS6EPFLC1PHnBqCXEpPxuEb invoke [2]
[2025-11-05T06:35:14.706004000Z DEBUG solana_runtime::message_processor::stable_log] Program log: Instruction: MintTo
[2025-11-05T06:35:14.706084000Z DEBUG solana_runtime::message_processor::stable_log] Program TokenzQdBNbLqP5VEhdkAS6EPFLC1PHnBqCXEpPxuEb consumed 5540 of 228198 compute units
[2025-11-05T06:35:14.706095000Z DEBUG solana_runtime::message_processor::stable_log] Program TokenzQdBNbLqP5VEhdkAS6EPFLC1PHnBqCXEpPxuEb success
[2025-11-05T06:35:14.706150000Z DEBUG solana_runtime::message_processor::stable_log] Program ASmKWt93JEMHxbdE6j7znD9y2FcdPboCzC3xtSTJvN7S invoke [2]
[2025-11-05T06:35:14.706186000Z DEBUG solana_runtime::message_processor::stable_log] Program ASmKWt93JEMHxbdE6j7znD9y2FcdPboCzC3xtSTJvN7S consumed 2069 of 219593 compute units
[2025-11-05T06:35:14.706195000Z DEBUG solana_runtime::message_processor::stable_log] Program ASmKWt93JEMHxbdE6j7znD9y2FcdPboCzC3xtSTJvN7S success
[2025-11-05T06:35:14.706278000Z DEBUG solana_runtime::message_processor::stable_log] Program TokenzQdBNbLqP5VEhdkAS6EPFLC1PHnBqCXEpPxuEb invoke [2]
[2025-11-05T06:35:14.706317000Z DEBUG solana_runtime::message_processor::stable_log] Program log: Instruction: TransferChecked
[2025-11-05T06:35:14.706452000Z DEBUG solana_runtime::message_processor::stable_log] Program TokenzQdBNbLqP5VEhdkAS6EPFLC1PHnBqCXEpPxuEb consumed 9156 of 213029 compute units
[2025-11-05T06:35:14.706462000Z DEBUG solana_runtime::message_processor::stable_log] Program TokenzQdBNbLqP5VEhdkAS6EPFLC1PHnBqCXEpPxuEb success
[2025-11-05T06:35:14.706508000Z DEBUG solana_runtime::message_processor::stable_log] Program TokenzQdBNbLqP5VEhdkAS6EPFLC1PHnBqCXEpPxuEb invoke [2]
[2025-11-05T06:35:14.706544000Z DEBUG solana_runtime::message_processor::stable_log] Program log: Instruction: TransferChecked
[2025-11-05T06:35:14.706664000Z DEBUG solana_runtime::message_processor::stable_log] Program TokenzQdBNbLqP5VEhdkAS6EPFLC1PHnBqCXEpPxuEb consumed 8762 of 201468 compute units
[2025-11-05T06:35:14.706677000Z DEBUG solana_runtime::message_processor::stable_log] Program TokenzQdBNbLqP5VEhdkAS6EPFLC1PHnBqCXEpPxuEb success
[2025-11-05T06:35:14.706760000Z DEBUG solana_runtime::message_processor::stable_log] Program ASmKWt93JEMHxbdE6j7znD9y2FcdPboCzC3xtSTJvN7S invoke [2]
[2025-11-05T06:35:14.706798000Z DEBUG solana_runtime::message_processor::stable_log] Program ASmKWt93JEMHxbdE6j7znD9y2FcdPboCzC3xtSTJvN7S consumed 2069 of 187625 compute units
[2025-11-05T06:35:14.706807000Z DEBUG solana_runtime::message_processor::stable_log] Program ASmKWt93JEMHxbdE6j7znD9y2FcdPboCzC3xtSTJvN7S success
[2025-11-05T06:35:14.706834000Z DEBUG solana_runtime::message_processor::stable_log] Program ASmKWt93JEMHxbdE6j7znD9y2FcdPboCzC3xtSTJvN7S consumed 165231 of 350000 compute units
[2025-11-05T06:35:14.706845000Z DEBUG solana_runtime::message_processor::stable_log] Program ASmKWt93JEMHxbdE6j7znD9y2FcdPboCzC3xtSTJvN7S success
[2025-11-05T06:35:14.706854000Z DEBUG solana_runtime::message_processor::stable_log] Program ComputeBudget111111111111111111111111111111 invoke [1]
[2025-11-05T06:35:14.706861000Z DEBUG solana_runtime::message_processor::stable_log] Program ComputeBudget111111111111111111111111111111 success
[2025-11-05T06:35:14.727375000Z DEBUG solana_runtime::message_processor::stable_log] Program ASmKWt93JEMHxbdE6j7znD9y2FcdPboCzC3xtSTJvN7S invoke [1]
[2025-11-05T06:35:14.727464000Z DEBUG solana_runtime::message_processor::stable_log] Program log: Instruction: CreatePosition
[2025-11-05T06:35:14.727547000Z DEBUG solana_runtime::message_processor::stable_log] Program 11111111111111111111111111111111 invoke [2]
[2025-11-05T06:35:14.727556000Z DEBUG solana_runtime::message_processor::stable_log] Program 11111111111111111111111111111111 success
[2025-11-05T06:35:14.727587000Z DEBUG solana_runtime::message_processor::stable_log] Program TokenzQdBNbLqP5VEhdkAS6EPFLC1PHnBqCXEpPxuEb invoke [2]
[2025-11-05T06:35:14.727623000Z DEBUG solana_runtime::message_processor::stable_log] Program log: MetadataPointerInstruction::Initialize
[2025-11-05T06:35:14.727659000Z DEBUG solana_runtime::message_processor::stable_log] Program TokenzQdBNbLqP5VEhdkAS6EPFLC1PHnBqCXEpPxuEb consumed 2442 of 191116 compute units
[2025-11-05T06:35:14.727668000Z DEBUG solana_runtime::message_processor::stable_log] Program TokenzQdBNbLqP5VEhdkAS6EPFLC1PHnBqCXEpPxuEb success
[2025-11-05T06:35:14.727698000Z DEBUG solana_runtime::message_processor::stable_log] Program TokenzQdBNbLqP5VEhdkAS6EPFLC1PHnBqCXEpPxuEb invoke [2]
[2025-11-05T06:35:14.727723000Z DEBUG solana_runtime::message_processor::stable_log] Program log: Instruction: InitializeMintCloseAuthority
[2025-11-05T06:35:14.727761000Z DEBUG solana_runtime::message_processor::stable_log] Program TokenzQdBNbLqP5VEhdkAS6EPFLC1PHnBqCXEpPxuEb consumed 2570 of 186696 compute units
[2025-11-05T06:35:14.727769000Z DEBUG solana_runtime::message_processor::stable_log] Program TokenzQdBNbLqP5VEhdkAS6EPFLC1PHnBqCXEpPxuEb success
[2025-11-05T06:35:14.727801000Z DEBUG solana_runtime::message_processor::stable_log] Program TokenzQdBNbLqP5VEhdkAS6EPFLC1PHnBqCXEpPxuEb invoke [2]
[2025-11-05T06:35:14.727825000Z DEBUG solana_runtime::message_processor::stable_log] Program log: Instruction: InitializeMint2
[2025-11-05T06:35:14.727884000Z DEBUG solana_runtime::message_processor::stable_log] Program TokenzQdBNbLqP5VEhdkAS6EPFLC1PHnBqCXEpPxuEb consumed 4078 of 182183 compute units
[2025-11-05T06:35:14.727896000Z DEBUG solana_runtime::message_processor::stable_log] Program TokenzQdBNbLqP5VEhdkAS6EPFLC1PHnBqCXEpPxuEb success
[2025-11-05T06:35:14.728015000Z DEBUG solana_runtime::message_processor::stable_log] Program 11111111111111111111111111111111 invoke [2]
[2025-11-05T06:35:14.728019000Z DEBUG solana_runtime::message_processor::stable_log] Program 11111111111111111111111111111111 success
[2025-11-05T06:35:14.728047000Z DEBUG solana_runtime::message_processor::stable_log] Program TokenzQdBNbLqP5VEhdkAS6EPFLC1PHnBqCXEpPxuEb invoke [2]
[2025-11-05T06:35:14.728076000Z DEBUG solana_runtime::message_processor::stable_log] Program log: Instruction: InitializeAccount3
[2025-11-05T06:35:14.728149000Z DEBUG solana_runtime::message_processor::stable_log] Program TokenzQdBNbLqP5VEhdkAS6EPFLC1PHnBqCXEpPxuEb consumed 5137 of 168499 compute units
[2025-11-05T06:35:14.728157000Z DEBUG solana_runtime::message_processor::stable_log] Program TokenzQdBNbLqP5VEhdkAS6EPFLC1PHnBqCXEpPxuEb success
[2025-11-05T06:35:14.728248000Z DEBUG solana_runtime::message_processor::stable_log] Program 11111111111111111111111111111111 invoke [2]
[2025-11-05T06:35:14.728251000Z DEBUG solana_runtime::message_processor::stable_log] Program 11111111111111111111111111111111 success
[2025-11-05T06:35:14.728348000Z DEBUG solana_runtime::message_processor::stable_log] Program TokenzQdBNbLqP5VEhdkAS6EPFLC1PHnBqCXEpPxuEb invoke [2]
[2025-11-05T06:35:14.728401000Z DEBUG solana_runtime::message_processor::stable_log] Program log: TokenMetadataInstruction: Initialize
[2025-11-05T06:35:14.728519000Z DEBUG solana_runtime::message_processor::stable_log] Program TokenzQdBNbLqP5VEhdkAS6EPFLC1PHnBqCXEpPxuEb consumed 9900 of 150269 compute units
[2025-11-05T06:35:14.728529000Z DEBUG solana_runtime::message_processor::stable_log] Program TokenzQdBNbLqP5VEhdkAS6EPFLC1PHnBqCXEpPxuEb success
[2025-11-05T06:35:14.728568000Z DEBUG solana_runtime::message_processor::stable_log] Program 11111111111111111111111111111111 invoke [2]
[2025-11-05T06:35:14.728571000Z DEBUG solana_runtime::message_processor::stable_log] Program 11111111111111111111111111111111 success
[2025-11-05T06:35:14.728607000Z DEBUG solana_runtime::message_processor::stable_log] Program TokenzQdBNbLqP5VEhdkAS6EPFLC1PHnBqCXEpPxuEb invoke [2]
[2025-11-05T06:35:14.728637000Z DEBUG solana_runtime::message_processor::stable_log] Program log: Instruction: MintTo
[2025-11-05T06:35:14.728707000Z DEBUG solana_runtime::message_processor::stable_log] Program TokenzQdBNbLqP5VEhdkAS6EPFLC1PHnBqCXEpPxuEb consumed 5540 of 135307 compute units
[2025-11-05T06:35:14.728714000Z DEBUG solana_runtime::message_processor::stable_log] Program TokenzQdBNbLqP5VEhdkAS6EPFLC1PHnBqCXEpPxuEb success
[2025-11-05T06:35:14.728762000Z DEBUG solana_runtime::message_processor::stable_log] Program ASmKWt93JEMHxbdE6j7znD9y2FcdPboCzC3xtSTJvN7S invoke [2]
[2025-11-05T06:35:14.728804000Z DEBUG solana_runtime::message_processor::stable_log] Program ASmKWt93JEMHxbdE6j7znD9y2FcdPboCzC3xtSTJvN7S consumed 2069 of 126701 compute units
[2025-11-05T06:35:14.728813000Z DEBUG solana_runtime::message_processor::stable_log] Program ASmKWt93JEMHxbdE6j7znD9y2FcdPboCzC3xtSTJvN7S success
[2025-11-05T06:35:14.728832000Z DEBUG solana_runtime::message_processor::stable_log] Program ASmKWt93JEMHxbdE6j7znD9y2FcdPboCzC3xtSTJvN7S consumed 75933 of 200000 compute units
[2025-11-05T06:35:14.728841000Z DEBUG solana_runtime::message_processor::stable_log] Program ASmKWt93JEMHxbdE6j7znD9y2FcdPboCzC3xtSTJvN7S success
[2025-11-05T06:35:14.760377000Z DEBUG solana_runtime::message_processor::stable_log] Program ASmKWt93JEMHxbdE6j7znD9y2FcdPboCzC3xtSTJvN7S invoke [1]
[2025-11-05T06:35:14.760481000Z DEBUG solana_runtime::message_processor::stable_log] Program log: Instruction: AddLiquidity
[2025-11-05T06:35:14.760801000Z DEBUG solana_runtime::message_processor::stable_log] Program TokenzQdBNbLqP5VEhdkAS6EPFLC1PHnBqCXEpPxuEb invoke [2]
[2025-11-05T06:35:14.760845000Z DEBUG solana_runtime::message_processor::stable_log] Program log: Instruction: TransferChecked
[2025-11-05T06:35:14.760981000Z DEBUG solana_runtime::message_processor::stable_log] Program TokenzQdBNbLqP5VEhdkAS6EPFLC1PHnBqCXEpPxuEb consumed 9156 of 176239 compute units
[2025-11-05T06:35:14.760992000Z DEBUG solana_runtime::message_processor::stable_log] Program TokenzQdBNbLqP5VEhdkAS6EPFLC1PHnBqCXEpPxuEb success
[2025-11-05T06:35:14.761040000Z DEBUG solana_runtime::message_processor::stable_log] Program TokenzQdBNbLqP5VEhdkAS6EPFLC1PHnBqCXEpPxuEb invoke [2]
[2025-11-05T06:35:14.761072000Z DEBUG solana_runtime::message_processor::stable_log] Program log: Instruction: TransferChecked
[2025-11-05T06:35:14.761182000Z DEBUG solana_runtime::message_processor::stable_log] Program TokenzQdBNbLqP5VEhdkAS6EPFLC1PHnBqCXEpPxuEb consumed 8762 of 164678 compute units
[2025-11-05T06:35:14.761191000Z DEBUG solana_runtime::message_processor::stable_log] Program TokenzQdBNbLqP5VEhdkAS6EPFLC1PHnBqCXEpPxuEb success
[2025-11-05T06:35:14.761242000Z DEBUG solana_runtime::message_processor::stable_log] Program ASmKWt93JEMHxbdE6j7znD9y2FcdPboCzC3xtSTJvN7S invoke [2]
[2025-11-05T06:35:14.761276000Z DEBUG solana_runtime::message_processor::stable_log] Program ASmKWt93JEMHxbdE6j7znD9y2FcdPboCzC3xtSTJvN7S consumed 2069 of 152662 compute units
[2025-11-05T06:35:14.761284000Z DEBUG solana_runtime::message_processor::stable_log] Program ASmKWt93JEMHxbdE6j7znD9y2FcdPboCzC3xtSTJvN7S success
[2025-11-05T06:35:14.761399000Z DEBUG solana_runtime::message_processor::stable_log] Program ASmKWt93JEMHxbdE6j7znD9y2FcdPboCzC3xtSTJvN7S invoke [2]
[2025-11-05T06:35:14.761432000Z DEBUG solana_runtime::message_processor::stable_log] Program ASmKWt93JEMHxbdE6j7znD9y2FcdPboCzC3xtSTJvN7S consumed 2069 of 144455 compute units
[2025-11-05T06:35:14.761440000Z DEBUG solana_runtime::message_processor::stable_log] Program ASmKWt93JEMHxbdE6j7znD9y2FcdPboCzC3xtSTJvN7S success
[2025-11-05T06:35:14.761461000Z DEBUG solana_runtime::message_processor::stable_log] Program ASmKWt93JEMHxbdE6j7znD9y2FcdPboCzC3xtSTJvN7S consumed 58255 of 200000 compute units
[2025-11-05T06:35:14.761470000Z DEBUG solana_runtime::message_processor::stable_log] Program ASmKWt93JEMHxbdE6j7znD9y2FcdPboCzC3xtSTJvN7S success
      ✔ Create pool with sqrtPrice equal sqrtMintPrice (79ms)
[2025-11-05T06:35:14.762937000Z INFO  solana_program_test] "cp_amm" SBF program from ./target/deploy/cp_amm.so, modified 24 minutes, 22 seconds, 110 ms, 253 µs and 203 ns ago
[2025-11-05T06:35:14.763132000Z INFO  solana_program_test] "fee_router" SBF program from ./target/deploy/fee_router.so, modified 24 seconds, 847 ms, 390 µs and 331 ns ago
[2025-11-05T06:35:14.763268000Z INFO  solana_program_test] "transfer_hook_counter" SBF program from tests/fixtures/transfer_hook_counter.so, modified 3 weeks, 22 hours, 58 minutes, 49 seconds, 588 ms, 868 µs and 196 ns ago
[2025-11-05T06:35:14.763529000Z INFO  solana_program_test] "alpha_vault" SBF program from tests/fixtures/alpha_vault.so, modified 3 weeks, 22 hours, 58 minutes, 49 seconds, 589 ms, 815 µs and 72 ns ago
[2025-11-05T06:35:14.763940000Z INFO  solana_program_test] "streamflow" SBF program from tests/fixtures/streamflow.so, modified 3 weeks, 6 hours, 58 minutes, 59 seconds, 474 ms, 852 µs and 387 ns ago
[2025-11-05T06:35:14.764295000Z INFO  solana_program_test] "cp_amm" SBF program from ./target/deploy/cp_amm.so, modified 24 minutes, 22 seconds, 111 ms, 611 µs and 203 ns ago
[2025-11-05T06:35:14.764472000Z INFO  solana_program_test] "fee_router" SBF program from ./target/deploy/fee_router.so, modified 24 seconds, 848 ms, 731 µs and 331 ns ago
[2025-11-05T06:35:14.784242000Z INFO  solana_program_test] Overriding account at ASmKWt93JEMHxbdE6j7znD9y2FcdPboCzC3xtSTJvN7S
[2025-11-05T06:35:14.784257000Z INFO  solana_program_test] Overriding account at 5B57SJ3g2YoNXUpsZqqjEQkRSxyKtVTQRXdgAirz6bio
[2025-11-05T06:35:14.796159000Z DEBUG solana_runtime::message_processor::stable_log] Program 11111111111111111111111111111111 invoke [1]
[2025-11-05T06:35:14.796172000Z DEBUG solana_runtime::message_processor::stable_log] Program 11111111111111111111111111111111 success
[2025-11-05T06:35:14.799513000Z DEBUG solana_runtime::message_processor::stable_log] Program 11111111111111111111111111111111 invoke [1]
[2025-11-05T06:35:14.799535000Z DEBUG solana_runtime::message_processor::stable_log] Program 11111111111111111111111111111111 success
[2025-11-05T06:35:14.803076000Z DEBUG solana_runtime::message_processor::stable_log] Program 11111111111111111111111111111111 invoke [1]
[2025-11-05T06:35:14.803085000Z DEBUG solana_runtime::message_processor::stable_log] Program 11111111111111111111111111111111 success
[2025-11-05T06:35:14.810843000Z DEBUG solana_runtime::message_processor::stable_log] Program 11111111111111111111111111111111 invoke [1]
[2025-11-05T06:35:14.810861000Z DEBUG solana_runtime::message_processor::stable_log] Program 11111111111111111111111111111111 success
[2025-11-05T06:35:14.810866000Z DEBUG solana_runtime::message_processor::stable_log] Program TokenzQdBNbLqP5VEhdkAS6EPFLC1PHnBqCXEpPxuEb invoke [1]
[2025-11-05T06:35:14.810955000Z DEBUG solana_runtime::message_processor::stable_log] Program TokenzQdBNbLqP5VEhdkAS6EPFLC1PHnBqCXEpPxuEb consumed 3479 of 599850 compute units
[2025-11-05T06:35:14.810970000Z DEBUG solana_runtime::message_processor::stable_log] Program TokenzQdBNbLqP5VEhdkAS6EPFLC1PHnBqCXEpPxuEb success
[2025-11-05T06:35:14.810977000Z DEBUG solana_runtime::message_processor::stable_log] Program TokenzQdBNbLqP5VEhdkAS6EPFLC1PHnBqCXEpPxuEb invoke [1]
[2025-11-05T06:35:14.811002000Z DEBUG solana_runtime::message_processor::stable_log] Program log: Instruction: InitializeMint2
[2025-11-05T06:35:14.811056000Z DEBUG solana_runtime::message_processor::stable_log] Program TokenzQdBNbLqP5VEhdkAS6EPFLC1PHnBqCXEpPxuEb consumed 3868 of 596371 compute units
[2025-11-05T06:35:14.811065000Z DEBUG solana_runtime::message_processor::stable_log] Program TokenzQdBNbLqP5VEhdkAS6EPFLC1PHnBqCXEpPxuEb success
[2025-11-05T06:35:14.817607000Z DEBUG solana_runtime::message_processor::stable_log] Program 11111111111111111111111111111111 invoke [1]
[2025-11-05T06:35:14.817625000Z DEBUG solana_runtime::message_processor::stable_log] Program 11111111111111111111111111111111 success
[2025-11-05T06:35:14.817629000Z DEBUG solana_runtime::message_processor::stable_log] Program TokenzQdBNbLqP5VEhdkAS6EPFLC1PHnBqCXEpPxuEb invoke [1]
[2025-11-05T06:35:14.817736000Z DEBUG solana_runtime::message_processor::stable_log] Program TokenzQdBNbLqP5VEhdkAS6EPFLC1PHnBqCXEpPxuEb consumed 3479 of 599850 compute units
[2025-11-05T06:35:14.817749000Z DEBUG solana_runtime::message_processor::stable_log] Program TokenzQdBNbLqP5VEhdkAS6EPFLC1PHnBqCXEpPxuEb success
[2025-11-05T06:35:14.817756000Z DEBUG solana_runtime::message_processor::stable_log] Program TokenzQdBNbLqP5VEhdkAS6EPFLC1PHnBqCXEpPxuEb invoke [1]
[2025-11-05T06:35:14.817782000Z DEBUG solana_runtime::message_processor::stable_log] Program log: Instruction: InitializeMint2
[2025-11-05T06:35:14.817840000Z DEBUG solana_runtime::message_processor::stable_log] Program TokenzQdBNbLqP5VEhdkAS6EPFLC1PHnBqCXEpPxuEb consumed 3868 of 596371 compute units
[2025-11-05T06:35:14.817847000Z DEBUG solana_runtime::message_processor::stable_log] Program TokenzQdBNbLqP5VEhdkAS6EPFLC1PHnBqCXEpPxuEb success
[2025-11-05T06:35:14.823752000Z DEBUG solana_runtime::message_processor::stable_log] Program ATokenGPvbdGVxr1b2hvZbsiqW5xWH25efTNsLJA8knL invoke [1]
[2025-11-05T06:35:14.823823000Z DEBUG solana_runtime::message_processor::stable_log] Program log: Create
[2025-11-05T06:35:14.823879000Z DEBUG solana_runtime::message_processor::stable_log] Program TokenzQdBNbLqP5VEhdkAS6EPFLC1PHnBqCXEpPxuEb invoke [2]
[2025-11-05T06:35:14.823912000Z DEBUG solana_runtime::message_processor::stable_log] Program log: Instruction: GetAccountDataSize
[2025-11-05T06:35:14.823961000Z DEBUG solana_runtime::message_processor::stable_log] Program TokenzQdBNbLqP5VEhdkAS6EPFLC1PHnBqCXEpPxuEb consumed 2917 of 193142 compute units
[2025-11-05T06:35:14.823970000Z DEBUG solana_runtime::message_processor::stable_log] Program return: TokenzQdBNbLqP5VEhdkAS6EPFLC1PHnBqCXEpPxuEb tgAAAAAAAAA=
[2025-11-05T06:35:14.823978000Z DEBUG solana_runtime::message_processor::stable_log] Program TokenzQdBNbLqP5VEhdkAS6EPFLC1PHnBqCXEpPxuEb success
[2025-11-05T06:35:14.824032000Z DEBUG solana_runtime::message_processor::stable_log] Program 11111111111111111111111111111111 invoke [2]
[2025-11-05T06:35:14.824040000Z DEBUG solana_runtime::message_processor::stable_log] Program 11111111111111111111111111111111 success
[2025-11-05T06:35:14.824046000Z DEBUG solana_runtime::message_processor::stable_log] Program log: Initialize the associated token account
[2025-11-05T06:35:14.824062000Z DEBUG solana_runtime::message_processor::stable_log] Program TokenzQdBNbLqP5VEhdkAS6EPFLC1PHnBqCXEpPxuEb invoke [2]
[2025-11-05T06:35:14.824087000Z DEBUG solana_runtime::message_processor::stable_log] Program log: Instruction: InitializeImmutableOwner
[2025-11-05T06:35:14.824110000Z DEBUG solana_runtime::message_processor::stable_log] Program TokenzQdBNbLqP5VEhdkAS6EPFLC1PHnBqCXEpPxuEb consumed 1924 of 185295 compute units
[2025-11-05T06:35:14.824119000Z DEBUG solana_runtime::message_processor::stable_log] Program TokenzQdBNbLqP5VEhdkAS6EPFLC1PHnBqCXEpPxuEb success
[2025-11-05T06:35:14.824151000Z DEBUG solana_runtime::message_processor::stable_log] Program TokenzQdBNbLqP5VEhdkAS6EPFLC1PHnBqCXEpPxuEb invoke [2]
[2025-11-05T06:35:14.824176000Z DEBUG solana_runtime::message_processor::stable_log] Program log: Instruction: InitializeAccount3
[2025-11-05T06:35:14.824260000Z DEBUG solana_runtime::message_processor::stable_log] Program TokenzQdBNbLqP5VEhdkAS6EPFLC1PHnBqCXEpPxuEb consumed 5446 of 180981 compute units
[2025-11-05T06:35:14.824267000Z DEBUG solana_runtime::message_processor::stable_log] Program TokenzQdBNbLqP5VEhdkAS6EPFLC1PHnBqCXEpPxuEb success
[2025-11-05T06:35:14.824279000Z DEBUG solana_runtime::message_processor::stable_log] Program ATokenGPvbdGVxr1b2hvZbsiqW5xWH25efTNsLJA8knL consumed 24769 of 200000 compute units
[2025-11-05T06:35:14.824289000Z DEBUG solana_runtime::message_processor::stable_log] Program ATokenGPvbdGVxr1b2hvZbsiqW5xWH25efTNsLJA8knL success
[2025-11-05T06:35:14.827554000Z DEBUG solana_runtime::message_processor::stable_log] Program TokenzQdBNbLqP5VEhdkAS6EPFLC1PHnBqCXEpPxuEb invoke [1]
[2025-11-05T06:35:14.827615000Z DEBUG solana_runtime::message_processor::stable_log] Program log: Instruction: MintTo
[2025-11-05T06:35:14.827698000Z DEBUG solana_runtime::message_processor::stable_log] Program TokenzQdBNbLqP5VEhdkAS6EPFLC1PHnBqCXEpPxuEb consumed 5403 of 200000 compute units
[2025-11-05T06:35:14.827707000Z DEBUG solana_runtime::message_processor::stable_log] Program TokenzQdBNbLqP5VEhdkAS6EPFLC1PHnBqCXEpPxuEb success
[2025-11-05T06:35:14.832562000Z DEBUG solana_runtime::message_processor::stable_log] Program ATokenGPvbdGVxr1b2hvZbsiqW5xWH25efTNsLJA8knL invoke [1]
[2025-11-05T06:35:14.832639000Z DEBUG solana_runtime::message_processor::stable_log] Program log: Create
[2025-11-05T06:35:14.832723000Z DEBUG solana_runtime::message_processor::stable_log] Program TokenzQdBNbLqP5VEhdkAS6EPFLC1PHnBqCXEpPxuEb invoke [2]
[2025-11-05T06:35:14.832771000Z DEBUG solana_runtime::message_processor::stable_log] Program log: Instruction: GetAccountDataSize
[2025-11-05T06:35:14.832815000Z DEBUG solana_runtime::message_processor::stable_log] Program TokenzQdBNbLqP5VEhdkAS6EPFLC1PHnBqCXEpPxuEb consumed 2917 of 191642 compute units
[2025-11-05T06:35:14.832823000Z DEBUG solana_runtime::message_processor::stable_log] Program return: TokenzQdBNbLqP5VEhdkAS6EPFLC1PHnBqCXEpPxuEb tgAAAAAAAAA=
[2025-11-05T06:35:14.832833000Z DEBUG solana_runtime::message_processor::stable_log] Program TokenzQdBNbLqP5VEhdkAS6EPFLC1PHnBqCXEpPxuEb success
[2025-11-05T06:35:14.832888000Z DEBUG solana_runtime::message_processor::stable_log] Program 11111111111111111111111111111111 invoke [2]
[2025-11-05T06:35:14.832898000Z DEBUG solana_runtime::message_processor::stable_log] Program 11111111111111111111111111111111 success
[2025-11-05T06:35:14.832907000Z DEBUG solana_runtime::message_processor::stable_log] Program log: Initialize the associated token account
[2025-11-05T06:35:14.832946000Z DEBUG solana_runtime::message_processor::stable_log] Program TokenzQdBNbLqP5VEhdkAS6EPFLC1PHnBqCXEpPxuEb invoke [2]
[2025-11-05T06:35:14.832976000Z DEBUG solana_runtime::message_processor::stable_log] Program log: Instruction: InitializeImmutableOwner
[2025-11-05T06:35:14.833002000Z DEBUG solana_runtime::message_processor::stable_log] Program TokenzQdBNbLqP5VEhdkAS6EPFLC1PHnBqCXEpPxuEb consumed 1924 of 183795 compute units
[2025-11-05T06:35:14.833011000Z DEBUG solana_runtime::message_processor::stable_log] Program TokenzQdBNbLqP5VEhdkAS6EPFLC1PHnBqCXEpPxuEb success
[2025-11-05T06:35:14.833045000Z DEBUG solana_runtime::message_processor::stable_log] Program TokenzQdBNbLqP5VEhdkAS6EPFLC1PHnBqCXEpPxuEb invoke [2]
[2025-11-05T06:35:14.833073000Z DEBUG solana_runtime::message_processor::stable_log] Program log: Instruction: InitializeAccount3
[2025-11-05T06:35:14.833161000Z DEBUG solana_runtime::message_processor::stable_log] Program TokenzQdBNbLqP5VEhdkAS6EPFLC1PHnBqCXEpPxuEb consumed 5446 of 179481 compute units
[2025-11-05T06:35:14.833170000Z DEBUG solana_runtime::message_processor::stable_log] Program TokenzQdBNbLqP5VEhdkAS6EPFLC1PHnBqCXEpPxuEb success
[2025-11-05T06:35:14.833183000Z DEBUG solana_runtime::message_processor::stable_log] Program ATokenGPvbdGVxr1b2hvZbsiqW5xWH25efTNsLJA8knL consumed 26269 of 200000 compute units
[2025-11-05T06:35:14.833192000Z DEBUG solana_runtime::message_processor::stable_log] Program ATokenGPvbdGVxr1b2hvZbsiqW5xWH25efTNsLJA8knL success
[2025-11-05T06:35:14.836427000Z DEBUG solana_runtime::message_processor::stable_log] Program TokenzQdBNbLqP5VEhdkAS6EPFLC1PHnBqCXEpPxuEb invoke [1]
[2025-11-05T06:35:14.836491000Z DEBUG solana_runtime::message_processor::stable_log] Program log: Instruction: MintTo
[2025-11-05T06:35:14.836570000Z DEBUG solana_runtime::message_processor::stable_log] Program TokenzQdBNbLqP5VEhdkAS6EPFLC1PHnBqCXEpPxuEb consumed 5403 of 200000 compute units
[2025-11-05T06:35:14.836582000Z DEBUG solana_runtime::message_processor::stable_log] Program TokenzQdBNbLqP5VEhdkAS6EPFLC1PHnBqCXEpPxuEb success
[2025-11-05T06:35:14.841384000Z DEBUG solana_runtime::message_processor::stable_log] Program ATokenGPvbdGVxr1b2hvZbsiqW5xWH25efTNsLJA8knL invoke [1]
[2025-11-05T06:35:14.841455000Z DEBUG solana_runtime::message_processor::stable_log] Program log: Create
[2025-11-05T06:35:14.841522000Z DEBUG solana_runtime::message_processor::stable_log] Program TokenzQdBNbLqP5VEhdkAS6EPFLC1PHnBqCXEpPxuEb invoke [2]
[2025-11-05T06:35:14.841563000Z DEBUG solana_runtime::message_processor::stable_log] Program log: Instruction: GetAccountDataSize
[2025-11-05T06:35:14.841605000Z DEBUG solana_runtime::message_processor::stable_log] Program TokenzQdBNbLqP5VEhdkAS6EPFLC1PHnBqCXEpPxuEb consumed 2917 of 191642 compute units
[2025-11-05T06:35:14.841612000Z DEBUG solana_runtime::message_processor::stable_log] Program return: TokenzQdBNbLqP5VEhdkAS6EPFLC1PHnBqCXEpPxuEb tgAAAAAAAAA=
[2025-11-05T06:35:14.841619000Z DEBUG solana_runtime::message_processor::stable_log] Program TokenzQdBNbLqP5VEhdkAS6EPFLC1PHnBqCXEpPxuEb success
[2025-11-05T06:35:14.841674000Z DEBUG solana_runtime::message_processor::stable_log] Program 11111111111111111111111111111111 invoke [2]
[2025-11-05T06:35:14.841682000Z DEBUG solana_runtime::message_processor::stable_log] Program 11111111111111111111111111111111 success
[2025-11-05T06:35:14.841689000Z DEBUG solana_runtime::message_processor::stable_log] Program log: Initialize the associated token account
[2025-11-05T06:35:14.841706000Z DEBUG solana_runtime::message_processor::stable_log] Program TokenzQdBNbLqP5VEhdkAS6EPFLC1PHnBqCXEpPxuEb invoke [2]
[2025-11-05T06:35:14.841727000Z DEBUG solana_runtime::message_processor::stable_log] Program log: Instruction: InitializeImmutableOwner
[2025-11-05T06:35:14.841750000Z DEBUG solana_runtime::message_processor::stable_log] Program TokenzQdBNbLqP5VEhdkAS6EPFLC1PHnBqCXEpPxuEb consumed 1924 of 183795 compute units
[2025-11-05T06:35:14.841757000Z DEBUG solana_runtime::message_processor::stable_log] Program TokenzQdBNbLqP5VEhdkAS6EPFLC1PHnBqCXEpPxuEb success
[2025-11-05T06:35:14.841790000Z DEBUG solana_runtime::message_processor::stable_log] Program TokenzQdBNbLqP5VEhdkAS6EPFLC1PHnBqCXEpPxuEb invoke [2]
[2025-11-05T06:35:14.841816000Z DEBUG solana_runtime::message_processor::stable_log] Program log: Instruction: InitializeAccount3
[2025-11-05T06:35:14.841899000Z DEBUG solana_runtime::message_processor::stable_log] Program TokenzQdBNbLqP5VEhdkAS6EPFLC1PHnBqCXEpPxuEb consumed 5446 of 179481 compute units
[2025-11-05T06:35:14.841906000Z DEBUG solana_runtime::message_processor::stable_log] Program TokenzQdBNbLqP5VEhdkAS6EPFLC1PHnBqCXEpPxuEb success
[2025-11-05T06:35:14.841919000Z DEBUG solana_runtime::message_processor::stable_log] Program ATokenGPvbdGVxr1b2hvZbsiqW5xWH25efTNsLJA8knL consumed 26269 of 200000 compute units
[2025-11-05T06:35:14.841927000Z DEBUG solana_runtime::message_processor::stable_log] Program ATokenGPvbdGVxr1b2hvZbsiqW5xWH25efTNsLJA8knL success
[2025-11-05T06:35:14.845206000Z DEBUG solana_runtime::message_processor::stable_log] Program TokenzQdBNbLqP5VEhdkAS6EPFLC1PHnBqCXEpPxuEb invoke [1]
[2025-11-05T06:35:14.845255000Z DEBUG solana_runtime::message_processor::stable_log] Program log: Instruction: MintTo
[2025-11-05T06:35:14.845334000Z DEBUG solana_runtime::message_processor::stable_log] Program TokenzQdBNbLqP5VEhdkAS6EPFLC1PHnBqCXEpPxuEb consumed 5403 of 200000 compute units
[2025-11-05T06:35:14.845344000Z DEBUG solana_runtime::message_processor::stable_log] Program TokenzQdBNbLqP5VEhdkAS6EPFLC1PHnBqCXEpPxuEb success
[2025-11-05T06:35:14.850588000Z DEBUG solana_runtime::message_processor::stable_log] Program ATokenGPvbdGVxr1b2hvZbsiqW5xWH25efTNsLJA8knL invoke [1]
[2025-11-05T06:35:14.850662000Z DEBUG solana_runtime::message_processor::stable_log] Program log: Create
[2025-11-05T06:35:14.850744000Z DEBUG solana_runtime::message_processor::stable_log] Program TokenzQdBNbLqP5VEhdkAS6EPFLC1PHnBqCXEpPxuEb invoke [2]
[2025-11-05T06:35:14.850779000Z DEBUG solana_runtime::message_processor::stable_log] Program log: Instruction: GetAccountDataSize
[2025-11-05T06:35:14.850822000Z DEBUG solana_runtime::message_processor::stable_log] Program TokenzQdBNbLqP5VEhdkAS6EPFLC1PHnBqCXEpPxuEb consumed 2917 of 187142 compute units
[2025-11-05T06:35:14.850829000Z DEBUG solana_runtime::message_processor::stable_log] Program return: TokenzQdBNbLqP5VEhdkAS6EPFLC1PHnBqCXEpPxuEb tgAAAAAAAAA=
[2025-11-05T06:35:14.850838000Z DEBUG solana_runtime::message_processor::stable_log] Program TokenzQdBNbLqP5VEhdkAS6EPFLC1PHnBqCXEpPxuEb success
[2025-11-05T06:35:14.850893000Z DEBUG solana_runtime::message_processor::stable_log] Program 11111111111111111111111111111111 invoke [2]
[2025-11-05T06:35:14.850900000Z DEBUG solana_runtime::message_processor::stable_log] Program 11111111111111111111111111111111 success
[2025-11-05T06:35:14.850905000Z DEBUG solana_runtime::message_processor::stable_log] Program log: Initialize the associated token account
[2025-11-05T06:35:14.850922000Z DEBUG solana_runtime::message_processor::stable_log] Program TokenzQdBNbLqP5VEhdkAS6EPFLC1PHnBqCXEpPxuEb invoke [2]
[2025-11-05T06:35:14.850943000Z DEBUG solana_runtime::message_processor::stable_log] Program log: Instruction: InitializeImmutableOwner
[2025-11-05T06:35:14.850967000Z DEBUG solana_runtime::message_processor::stable_log] Program TokenzQdBNbLqP5VEhdkAS6EPFLC1PHnBqCXEpPxuEb consumed 1924 of 179295 compute units
[2025-11-05T06:35:14.850974000Z DEBUG solana_runtime::message_processor::stable_log] Program TokenzQdBNbLqP5VEhdkAS6EPFLC1PHnBqCXEpPxuEb success
[2025-11-05T06:35:14.851007000Z DEBUG solana_runtime::message_processor::stable_log] Program TokenzQdBNbLqP5VEhdkAS6EPFLC1PHnBqCXEpPxuEb invoke [2]
[2025-11-05T06:35:14.851032000Z DEBUG solana_runtime::message_processor::stable_log] Program log: Instruction: InitializeAccount3
[2025-11-05T06:35:14.851116000Z DEBUG solana_runtime::message_processor::stable_log] Program TokenzQdBNbLqP5VEhdkAS6EPFLC1PHnBqCXEpPxuEb consumed 5446 of 174981 compute units
[2025-11-05T06:35:14.851123000Z DEBUG solana_runtime::message_processor::stable_log] Program TokenzQdBNbLqP5VEhdkAS6EPFLC1PHnBqCXEpPxuEb success
[2025-11-05T06:35:14.851135000Z DEBUG solana_runtime::message_processor::stable_log] Program ATokenGPvbdGVxr1b2hvZbsiqW5xWH25efTNsLJA8knL consumed 30769 of 200000 compute units
[2025-11-05T06:35:14.851144000Z DEBUG solana_runtime::message_processor::stable_log] Program ATokenGPvbdGVxr1b2hvZbsiqW5xWH25efTNsLJA8knL success
[2025-11-05T06:35:14.854809000Z DEBUG solana_runtime::message_processor::stable_log] Program TokenzQdBNbLqP5VEhdkAS6EPFLC1PHnBqCXEpPxuEb invoke [1]
[2025-11-05T06:35:14.854868000Z DEBUG solana_runtime::message_processor::stable_log] Program log: Instruction: MintTo
[2025-11-05T06:35:14.854945000Z DEBUG solana_runtime::message_processor::stable_log] Program TokenzQdBNbLqP5VEhdkAS6EPFLC1PHnBqCXEpPxuEb consumed 5403 of 200000 compute units
[2025-11-05T06:35:14.854957000Z DEBUG solana_runtime::message_processor::stable_log] Program TokenzQdBNbLqP5VEhdkAS6EPFLC1PHnBqCXEpPxuEb success
[2025-11-05T06:35:14.867160000Z DEBUG solana_runtime::message_processor::stable_log] Program ASmKWt93JEMHxbdE6j7znD9y2FcdPboCzC3xtSTJvN7S invoke [1]
[2025-11-05T06:35:14.867228000Z DEBUG solana_runtime::message_processor::stable_log] Program log: Instruction: CreateConfig
[2025-11-05T06:35:14.867312000Z DEBUG solana_runtime::message_processor::stable_log] Program 11111111111111111111111111111111 invoke [2]
[2025-11-05T06:35:14.867319000Z DEBUG solana_runtime::message_processor::stable_log] Program 11111111111111111111111111111111 success
[2025-11-05T06:35:14.867432000Z DEBUG solana_runtime::message_processor::stable_log] Program ASmKWt93JEMHxbdE6j7znD9y2FcdPboCzC3xtSTJvN7S invoke [2]
[2025-11-05T06:35:14.867475000Z DEBUG solana_runtime::message_processor::stable_log] Program ASmKWt93JEMHxbdE6j7znD9y2FcdPboCzC3xtSTJvN7S consumed 2069 of 186098 compute units
[2025-11-05T06:35:14.867485000Z DEBUG solana_runtime::message_processor::stable_log] Program ASmKWt93JEMHxbdE6j7znD9y2FcdPboCzC3xtSTJvN7S success
[2025-11-05T06:35:14.867499000Z DEBUG solana_runtime::message_processor::stable_log] Program ASmKWt93JEMHxbdE6j7znD9y2FcdPboCzC3xtSTJvN7S consumed 16276 of 200000 compute units
[2025-11-05T06:35:14.867508000Z DEBUG solana_runtime::message_processor::stable_log] Program ASmKWt93JEMHxbdE6j7znD9y2FcdPboCzC3xtSTJvN7S success
[2025-11-05T06:35:14.893106000Z DEBUG solana_runtime::message_processor::stable_log] Program ASmKWt93JEMHxbdE6j7znD9y2FcdPboCzC3xtSTJvN7S invoke [1]
[2025-11-05T06:35:14.893240000Z DEBUG solana_runtime::message_processor::stable_log] Program log: Instruction: InitializePool
[2025-11-05T06:35:14.893404000Z DEBUG solana_runtime::message_processor::stable_log] Program 11111111111111111111111111111111 invoke [2]
[2025-11-05T06:35:14.893439000Z DEBUG solana_runtime::message_processor::stable_log] Program 11111111111111111111111111111111 success
[2025-11-05T06:35:14.893476000Z DEBUG solana_runtime::message_processor::stable_log] Program TokenzQdBNbLqP5VEhdkAS6EPFLC1PHnBqCXEpPxuEb invoke [2]
[2025-11-05T06:35:14.893513000Z DEBUG solana_runtime::message_processor::stable_log] Program log: MetadataPointerInstruction::Initialize
[2025-11-05T06:35:14.893555000Z DEBUG solana_runtime::message_processor::stable_log] Program TokenzQdBNbLqP5VEhdkAS6EPFLC1PHnBqCXEpPxuEb consumed 2442 of 334481 compute units
[2025-11-05T06:35:14.893566000Z DEBUG solana_runtime::message_processor::stable_log] Program TokenzQdBNbLqP5VEhdkAS6EPFLC1PHnBqCXEpPxuEb success
[2025-11-05T06:35:14.893608000Z DEBUG solana_runtime::message_processor::stable_log] Program TokenzQdBNbLqP5VEhdkAS6EPFLC1PHnBqCXEpPxuEb invoke [2]
[2025-11-05T06:35:14.893633000Z DEBUG solana_runtime::message_processor::stable_log] Program log: Instruction: InitializeMintCloseAuthority
[2025-11-05T06:35:14.893669000Z DEBUG solana_runtime::message_processor::stable_log] Program TokenzQdBNbLqP5VEhdkAS6EPFLC1PHnBqCXEpPxuEb consumed 2570 of 330061 compute units
[2025-11-05T06:35:14.893678000Z DEBUG solana_runtime::message_processor::stable_log] Program TokenzQdBNbLqP5VEhdkAS6EPFLC1PHnBqCXEpPxuEb success
[2025-11-05T06:35:14.893711000Z DEBUG solana_runtime::message_processor::stable_log] Program TokenzQdBNbLqP5VEhdkAS6EPFLC1PHnBqCXEpPxuEb invoke [2]
[2025-11-05T06:35:14.893737000Z DEBUG solana_runtime::message_processor::stable_log] Program log: Instruction: InitializeMint2
[2025-11-05T06:35:14.893832000Z DEBUG solana_runtime::message_processor::stable_log] Program TokenzQdBNbLqP5VEhdkAS6EPFLC1PHnBqCXEpPxuEb consumed 4078 of 325549 compute units
[2025-11-05T06:35:14.893841000Z DEBUG solana_runtime::message_processor::stable_log] Program TokenzQdBNbLqP5VEhdkAS6EPFLC1PHnBqCXEpPxuEb success
[2025-11-05T06:35:14.894056000Z DEBUG solana_runtime::message_processor::stable_log] Program 11111111111111111111111111111111 invoke [2]
[2025-11-05T06:35:14.894062000Z DEBUG solana_runtime::message_processor::stable_log] Program 11111111111111111111111111111111 success
[2025-11-05T06:35:14.894094000Z DEBUG solana_runtime::message_processor::stable_log] Program TokenzQdBNbLqP5VEhdkAS6EPFLC1PHnBqCXEpPxuEb invoke [2]
[2025-11-05T06:35:14.894124000Z DEBUG solana_runtime::message_processor::stable_log] Program log: Instruction: InitializeAccount3
[2025-11-05T06:35:14.894209000Z DEBUG solana_runtime::message_processor::stable_log] Program TokenzQdBNbLqP5VEhdkAS6EPFLC1PHnBqCXEpPxuEb consumed 5137 of 302865 compute units
[2025-11-05T06:35:14.894217000Z DEBUG solana_runtime::message_processor::stable_log] Program TokenzQdBNbLqP5VEhdkAS6EPFLC1PHnBqCXEpPxuEb success
[2025-11-05T06:35:14.894343000Z DEBUG solana_runtime::message_processor::stable_log] Program 11111111111111111111111111111111 invoke [2]
[2025-11-05T06:35:14.894348000Z DEBUG solana_runtime::message_processor::stable_log] Program 11111111111111111111111111111111 success
[2025-11-05T06:35:14.894419000Z DEBUG solana_runtime::message_processor::stable_log] Program 11111111111111111111111111111111 invoke [2]
[2025-11-05T06:35:14.894423000Z DEBUG solana_runtime::message_processor::stable_log] Program 11111111111111111111111111111111 success
[2025-11-05T06:35:14.894527000Z DEBUG solana_runtime::message_processor::stable_log] Program 11111111111111111111111111111111 invoke [2]
[2025-11-05T06:35:14.894530000Z DEBUG solana_runtime::message_processor::stable_log] Program 11111111111111111111111111111111 success
[2025-11-05T06:35:14.894560000Z DEBUG solana_runtime::message_processor::stable_log] Program TokenzQdBNbLqP5VEhdkAS6EPFLC1PHnBqCXEpPxuEb invoke [2]
[2025-11-05T06:35:14.894586000Z DEBUG solana_runtime::message_processor::stable_log] Program log: Instruction: InitializeAccount3
[2025-11-05T06:35:14.894674000Z DEBUG solana_runtime::message_processor::stable_log] Program TokenzQdBNbLqP5VEhdkAS6EPFLC1PHnBqCXEpPxuEb consumed 5379 of 274999 compute units
[2025-11-05T06:35:14.894687000Z DEBUG solana_runtime::message_processor::stable_log] Program TokenzQdBNbLqP5VEhdkAS6EPFLC1PHnBqCXEpPxuEb success
[2025-11-05T06:35:14.894816000Z DEBUG solana_runtime::message_processor::stable_log] Program 11111111111111111111111111111111 invoke [2]
[2025-11-05T06:35:14.894821000Z DEBUG solana_runtime::message_processor::stable_log] Program 11111111111111111111111111111111 success
[2025-11-05T06:35:14.894849000Z DEBUG solana_runtime::message_processor::stable_log] Program TokenzQdBNbLqP5VEhdkAS6EPFLC1PHnBqCXEpPxuEb invoke [2]
[2025-11-05T06:35:14.894875000Z DEBUG solana_runtime::message_processor::stable_log] Program log: Instruction: InitializeAccount3
[2025-11-05T06:35:14.895042000Z DEBUG solana_runtime::message_processor::stable_log] Program TokenzQdBNbLqP5VEhdkAS6EPFLC1PHnBqCXEpPxuEb consumed 5379 of 259414 compute units
[2025-11-05T06:35:14.895071000Z DEBUG solana_runtime::message_processor::stable_log] Program TokenzQdBNbLqP5VEhdkAS6EPFLC1PHnBqCXEpPxuEb success
[2025-11-05T06:35:14.895419000Z DEBUG solana_runtime::message_processor::stable_log] Program TokenzQdBNbLqP5VEhdkAS6EPFLC1PHnBqCXEpPxuEb invoke [2]
[2025-11-05T06:35:14.895495000Z DEBUG solana_runtime::message_processor::stable_log] Program log: TokenMetadataInstruction: Initialize
[2025-11-05T06:35:14.895641000Z DEBUG solana_runtime::message_processor::stable_log] Program TokenzQdBNbLqP5VEhdkAS6EPFLC1PHnBqCXEpPxuEb consumed 9900 of 239756 compute units
[2025-11-05T06:35:14.895652000Z DEBUG solana_runtime::message_processor::stable_log] Program TokenzQdBNbLqP5VEhdkAS6EPFLC1PHnBqCXEpPxuEb success
[2025-11-05T06:35:14.895706000Z DEBUG solana_runtime::message_processor::stable_log] Program 11111111111111111111111111111111 invoke [2]
[2025-11-05T06:35:14.895711000Z DEBUG solana_runtime::message_processor::stable_log] Program 11111111111111111111111111111111 success
[2025-11-05T06:35:14.895758000Z DEBUG solana_runtime::message_processor::stable_log] Program TokenzQdBNbLqP5VEhdkAS6EPFLC1PHnBqCXEpPxuEb invoke [2]
[2025-11-05T06:35:14.895791000Z DEBUG solana_runtime::message_processor::stable_log] Program log: Instruction: MintTo
[2025-11-05T06:35:14.895872000Z DEBUG solana_runtime::message_processor::stable_log] Program TokenzQdBNbLqP5VEhdkAS6EPFLC1PHnBqCXEpPxuEb consumed 5540 of 224794 compute units
[2025-11-05T06:35:14.895881000Z DEBUG solana_runtime::message_processor::stable_log] Program TokenzQdBNbLqP5VEhdkAS6EPFLC1PHnBqCXEpPxuEb success
[2025-11-05T06:35:14.895937000Z DEBUG solana_runtime::message_processor::stable_log] Program ASmKWt93JEMHxbdE6j7znD9y2FcdPboCzC3xtSTJvN7S invoke [2]
[2025-11-05T06:35:14.895977000Z DEBUG solana_runtime::message_processor::stable_log] Program ASmKWt93JEMHxbdE6j7znD9y2FcdPboCzC3xtSTJvN7S consumed 2069 of 216189 compute units
[2025-11-05T06:35:14.895986000Z DEBUG solana_runtime::message_processor::stable_log] Program ASmKWt93JEMHxbdE6j7znD9y2FcdPboCzC3xtSTJvN7S success
[2025-11-05T06:35:14.896071000Z DEBUG solana_runtime::message_processor::stable_log] Program TokenzQdBNbLqP5VEhdkAS6EPFLC1PHnBqCXEpPxuEb invoke [2]
[2025-11-05T06:35:14.896109000Z DEBUG solana_runtime::message_processor::stable_log] Program log: Instruction: TransferChecked
[2025-11-05T06:35:14.896379000Z DEBUG solana_runtime::message_processor::stable_log] Program TokenzQdBNbLqP5VEhdkAS6EPFLC1PHnBqCXEpPxuEb consumed 8762 of 209625 compute units
[2025-11-05T06:35:14.896412000Z DEBUG solana_runtime::message_processor::stable_log] Program TokenzQdBNbLqP5VEhdkAS6EPFLC1PHnBqCXEpPxuEb success
[2025-11-05T06:35:14.896469000Z DEBUG solana_runtime::message_processor::stable_log] Program TokenzQdBNbLqP5VEhdkAS6EPFLC1PHnBqCXEpPxuEb invoke [2]
[2025-11-05T06:35:14.896515000Z DEBUG solana_runtime::message_processor::stable_log] Program log: Instruction: TransferChecked
[2025-11-05T06:35:14.896669000Z DEBUG solana_runtime::message_processor::stable_log] Program TokenzQdBNbLqP5VEhdkAS6EPFLC1PHnBqCXEpPxuEb consumed 9156 of 198458 compute units
[2025-11-05T06:35:14.896681000Z DEBUG solana_runtime::message_processor::stable_log] Program TokenzQdBNbLqP5VEhdkAS6EPFLC1PHnBqCXEpPxuEb success
[2025-11-05T06:35:14.896768000Z DEBUG solana_runtime::message_processor::stable_log] Program ASmKWt93JEMHxbdE6j7znD9y2FcdPboCzC3xtSTJvN7S invoke [2]
[2025-11-05T06:35:14.896815000Z DEBUG solana_runtime::message_processor::stable_log] Program ASmKWt93JEMHxbdE6j7znD9y2FcdPboCzC3xtSTJvN7S consumed 2069 of 184221 compute units
[2025-11-05T06:35:14.896824000Z DEBUG solana_runtime::message_processor::stable_log] Program ASmKWt93JEMHxbdE6j7znD9y2FcdPboCzC3xtSTJvN7S success
[2025-11-05T06:35:14.896853000Z DEBUG solana_runtime::message_processor::stable_log] Program ASmKWt93JEMHxbdE6j7znD9y2FcdPboCzC3xtSTJvN7S consumed 168635 of 350000 compute units
[2025-11-05T06:35:14.896865000Z DEBUG solana_runtime::message_processor::stable_log] Program ASmKWt93JEMHxbdE6j7znD9y2FcdPboCzC3xtSTJvN7S success
[2025-11-05T06:35:14.896874000Z DEBUG solana_runtime::message_processor::stable_log] Program ComputeBudget111111111111111111111111111111 invoke [1]
[2025-11-05T06:35:14.896883000Z DEBUG solana_runtime::message_processor::stable_log] Program ComputeBudget111111111111111111111111111111 success
[2025-11-05T06:35:14.921018000Z DEBUG solana_runtime::message_processor::stable_log] Program ASmKWt93JEMHxbdE6j7znD9y2FcdPboCzC3xtSTJvN7S invoke [1]
[2025-11-05T06:35:14.921121000Z DEBUG solana_runtime::message_processor::stable_log] Program log: Instruction: CreatePosition
[2025-11-05T06:35:14.921221000Z DEBUG solana_runtime::message_processor::stable_log] Program 11111111111111111111111111111111 invoke [2]
[2025-11-05T06:35:14.921231000Z DEBUG solana_runtime::message_processor::stable_log] Program 11111111111111111111111111111111 success
[2025-11-05T06:35:14.921267000Z DEBUG solana_runtime::message_processor::stable_log] Program TokenzQdBNbLqP5VEhdkAS6EPFLC1PHnBqCXEpPxuEb invoke [2]
[2025-11-05T06:35:14.921304000Z DEBUG solana_runtime::message_processor::stable_log] Program log: MetadataPointerInstruction::Initialize
[2025-11-05T06:35:14.921343000Z DEBUG solana_runtime::message_processor::stable_log] Program TokenzQdBNbLqP5VEhdkAS6EPFLC1PHnBqCXEpPxuEb consumed 2442 of 191116 compute units
[2025-11-05T06:35:14.921354000Z DEBUG solana_runtime::message_processor::stable_log] Program TokenzQdBNbLqP5VEhdkAS6EPFLC1PHnBqCXEpPxuEb success
[2025-11-05T06:35:14.921387000Z DEBUG solana_runtime::message_processor::stable_log] Program TokenzQdBNbLqP5VEhdkAS6EPFLC1PHnBqCXEpPxuEb invoke [2]
[2025-11-05T06:35:14.921449000Z DEBUG solana_runtime::message_processor::stable_log] Program log: Instruction: InitializeMintCloseAuthority
[2025-11-05T06:35:14.921488000Z DEBUG solana_runtime::message_processor::stable_log] Program TokenzQdBNbLqP5VEhdkAS6EPFLC1PHnBqCXEpPxuEb consumed 2570 of 186696 compute units
[2025-11-05T06:35:14.921497000Z DEBUG solana_runtime::message_processor::stable_log] Program TokenzQdBNbLqP5VEhdkAS6EPFLC1PHnBqCXEpPxuEb success
[2025-11-05T06:35:14.921529000Z DEBUG solana_runtime::message_processor::stable_log] Program TokenzQdBNbLqP5VEhdkAS6EPFLC1PHnBqCXEpPxuEb invoke [2]
[2025-11-05T06:35:14.921557000Z DEBUG solana_runtime::message_processor::stable_log] Program log: Instruction: InitializeMint2
[2025-11-05T06:35:14.921623000Z DEBUG solana_runtime::message_processor::stable_log] Program TokenzQdBNbLqP5VEhdkAS6EPFLC1PHnBqCXEpPxuEb consumed 4078 of 182183 compute units
[2025-11-05T06:35:14.921633000Z DEBUG solana_runtime::message_processor::stable_log] Program TokenzQdBNbLqP5VEhdkAS6EPFLC1PHnBqCXEpPxuEb success
[2025-11-05T06:35:14.921793000Z DEBUG solana_runtime::message_processor::stable_log] Program 11111111111111111111111111111111 invoke [2]
[2025-11-05T06:35:14.921804000Z DEBUG solana_runtime::message_processor::stable_log] Program 11111111111111111111111111111111 success
[2025-11-05T06:35:14.921837000Z DEBUG solana_runtime::message_processor::stable_log] Program TokenzQdBNbLqP5VEhdkAS6EPFLC1PHnBqCXEpPxuEb invoke [2]
[2025-11-05T06:35:14.921875000Z DEBUG solana_runtime::message_processor::stable_log] Program log: Instruction: InitializeAccount3
[2025-11-05T06:35:14.921963000Z DEBUG solana_runtime::message_processor::stable_log] Program TokenzQdBNbLqP5VEhdkAS6EPFLC1PHnBqCXEpPxuEb consumed 5137 of 168499 compute units
[2025-11-05T06:35:14.921974000Z DEBUG solana_runtime::message_processor::stable_log] Program TokenzQdBNbLqP5VEhdkAS6EPFLC1PHnBqCXEpPxuEb success
[2025-11-05T06:35:14.922077000Z DEBUG solana_runtime::message_processor::stable_log] Program 11111111111111111111111111111111 invoke [2]
[2025-11-05T06:35:14.922082000Z DEBUG solana_runtime::message_processor::stable_log] Program 11111111111111111111111111111111 success
[2025-11-05T06:35:14.922191000Z DEBUG solana_runtime::message_processor::stable_log] Program TokenzQdBNbLqP5VEhdkAS6EPFLC1PHnBqCXEpPxuEb invoke [2]
[2025-11-05T06:35:14.922250000Z DEBUG solana_runtime::message_processor::stable_log] Program log: TokenMetadataInstruction: Initialize
[2025-11-05T06:35:14.922384000Z DEBUG solana_runtime::message_processor::stable_log] Program TokenzQdBNbLqP5VEhdkAS6EPFLC1PHnBqCXEpPxuEb consumed 9900 of 150269 compute units
[2025-11-05T06:35:14.922394000Z DEBUG solana_runtime::message_processor::stable_log] Program TokenzQdBNbLqP5VEhdkAS6EPFLC1PHnBqCXEpPxuEb success
[2025-11-05T06:35:14.922439000Z DEBUG solana_runtime::message_processor::stable_log] Program 11111111111111111111111111111111 invoke [2]
[2025-11-05T06:35:14.922443000Z DEBUG solana_runtime::message_processor::stable_log] Program 11111111111111111111111111111111 success
[2025-11-05T06:35:14.922485000Z DEBUG solana_runtime::message_processor::stable_log] Program TokenzQdBNbLqP5VEhdkAS6EPFLC1PHnBqCXEpPxuEb invoke [2]
[2025-11-05T06:35:14.922519000Z DEBUG solana_runtime::message_processor::stable_log] Program log: Instruction: MintTo
[2025-11-05T06:35:14.922597000Z DEBUG solana_runtime::message_processor::stable_log] Program TokenzQdBNbLqP5VEhdkAS6EPFLC1PHnBqCXEpPxuEb consumed 5540 of 135307 compute units
[2025-11-05T06:35:14.922606000Z DEBUG solana_runtime::message_processor::stable_log] Program TokenzQdBNbLqP5VEhdkAS6EPFLC1PHnBqCXEpPxuEb success
[2025-11-05T06:35:14.922663000Z DEBUG solana_runtime::message_processor::stable_log] Program ASmKWt93JEMHxbdE6j7znD9y2FcdPboCzC3xtSTJvN7S invoke [2]
[2025-11-05T06:35:14.922731000Z DEBUG solana_runtime::message_processor::stable_log] Program ASmKWt93JEMHxbdE6j7znD9y2FcdPboCzC3xtSTJvN7S consumed 2069 of 126701 compute units
[2025-11-05T06:35:14.922740000Z DEBUG solana_runtime::message_processor::stable_log] Program ASmKWt93JEMHxbdE6j7znD9y2FcdPboCzC3xtSTJvN7S success
[2025-11-05T06:35:14.922762000Z DEBUG solana_runtime::message_processor::stable_log] Program ASmKWt93JEMHxbdE6j7znD9y2FcdPboCzC3xtSTJvN7S consumed 75933 of 200000 compute units
[2025-11-05T06:35:14.922772000Z DEBUG solana_runtime::message_processor::stable_log] Program ASmKWt93JEMHxbdE6j7znD9y2FcdPboCzC3xtSTJvN7S success
[2025-11-05T06:35:14.961173000Z DEBUG solana_runtime::message_processor::stable_log] Program ASmKWt93JEMHxbdE6j7znD9y2FcdPboCzC3xtSTJvN7S invoke [1]
[2025-11-05T06:35:14.961369000Z DEBUG solana_runtime::message_processor::stable_log] Program log: Instruction: AddLiquidity
[2025-11-05T06:35:14.961747000Z DEBUG solana_runtime::message_processor::stable_log] Program TokenzQdBNbLqP5VEhdkAS6EPFLC1PHnBqCXEpPxuEb invoke [2]
[2025-11-05T06:35:14.961799000Z DEBUG solana_runtime::message_processor::stable_log] Program log: Instruction: TransferChecked
[2025-11-05T06:35:14.961944000Z DEBUG solana_runtime::message_processor::stable_log] Program TokenzQdBNbLqP5VEhdkAS6EPFLC1PHnBqCXEpPxuEb consumed 8762 of 175835 compute units
[2025-11-05T06:35:14.961956000Z DEBUG solana_runtime::message_processor::stable_log] Program TokenzQdBNbLqP5VEhdkAS6EPFLC1PHnBqCXEpPxuEb success
[2025-11-05T06:35:14.962005000Z DEBUG solana_runtime::message_processor::stable_log] Program TokenzQdBNbLqP5VEhdkAS6EPFLC1PHnBqCXEpPxuEb invoke [2]
[2025-11-05T06:35:14.962051000Z DEBUG solana_runtime::message_processor::stable_log] Program log: Instruction: TransferChecked
[2025-11-05T06:35:14.962188000Z DEBUG solana_runtime::message_processor::stable_log] Program TokenzQdBNbLqP5VEhdkAS6EPFLC1PHnBqCXEpPxuEb consumed 9156 of 164668 compute units
[2025-11-05T06:35:14.962200000Z DEBUG solana_runtime::message_processor::stable_log] Program TokenzQdBNbLqP5VEhdkAS6EPFLC1PHnBqCXEpPxuEb success
[2025-11-05T06:35:14.962258000Z DEBUG solana_runtime::message_processor::stable_log] Program ASmKWt93JEMHxbdE6j7znD9y2FcdPboCzC3xtSTJvN7S invoke [2]
[2025-11-05T06:35:14.962297000Z DEBUG solana_runtime::message_processor::stable_log] Program ASmKWt93JEMHxbdE6j7znD9y2FcdPboCzC3xtSTJvN7S consumed 2069 of 152258 compute units
[2025-11-05T06:35:14.962306000Z DEBUG solana_runtime::message_processor::stable_log] Program ASmKWt93JEMHxbdE6j7znD9y2FcdPboCzC3xtSTJvN7S success
[2025-11-05T06:35:14.962400000Z DEBUG solana_runtime::message_processor::stable_log] Program ASmKWt93JEMHxbdE6j7znD9y2FcdPboCzC3xtSTJvN7S invoke [2]
[2025-11-05T06:35:14.962433000Z DEBUG solana_runtime::message_processor::stable_log] Program ASmKWt93JEMHxbdE6j7znD9y2FcdPboCzC3xtSTJvN7S consumed 2069 of 144623 compute units
[2025-11-05T06:35:14.962442000Z DEBUG solana_runtime::message_processor::stable_log] Program ASmKWt93JEMHxbdE6j7znD9y2FcdPboCzC3xtSTJvN7S success
[2025-11-05T06:35:14.962465000Z DEBUG solana_runtime::message_processor::stable_log] Program ASmKWt93JEMHxbdE6j7znD9y2FcdPboCzC3xtSTJvN7S consumed 58087 of 200000 compute units
[2025-11-05T06:35:14.962477000Z DEBUG solana_runtime::message_processor::stable_log] Program ASmKWt93JEMHxbdE6j7znD9y2FcdPboCzC3xtSTJvN7S success
{ preTokenAVaultBalance: 0, postTokenAVaultBalance: 0 }
{
  preTokenBVaultBalance: 429488657752,
  postTokenBVaultBalance: 858977315504
}
      ✔ Create pool with sqrtPrice equal sqrtMaxPrice (91ms)

  Alpha vault with sniper tax
    Fee Scheduler
      - Alpha vault can buy before activation point with minimum fee
    Rate limiter
      - Alpha vault can buy before activation point with minimum fee

  Claim fee
    SPL Token
[2025-11-05T06:35:14.966426000Z INFO  solana_program_test] "cp_amm" SBF program from ./target/deploy/cp_amm.so, modified 24 minutes, 22 seconds, 313 ms, 740 µs and 203 ns ago
[2025-11-05T06:35:14.966598000Z INFO  solana_program_test] "fee_router" SBF program from ./target/deploy/fee_router.so, modified 25 seconds, 50 ms, 857 µs and 331 ns ago
[2025-11-05T06:35:14.966736000Z INFO  solana_program_test] "transfer_hook_counter" SBF program from tests/fixtures/transfer_hook_counter.so, modified 3 weeks, 22 hours, 58 minutes, 49 seconds, 792 ms, 335 µs and 196 ns ago
[2025-11-05T06:35:14.967018000Z INFO  solana_program_test] "alpha_vault" SBF program from tests/fixtures/alpha_vault.so, modified 3 weeks, 22 hours, 58 minutes, 49 seconds, 793 ms, 304 µs and 72 ns ago
[2025-11-05T06:35:14.967308000Z INFO  solana_program_test] "streamflow" SBF program from tests/fixtures/streamflow.so, modified 3 weeks, 6 hours, 58 minutes, 59 seconds, 678 ms, 223 µs and 387 ns ago
[2025-11-05T06:35:14.967618000Z INFO  solana_program_test] "cp_amm" SBF program from ./target/deploy/cp_amm.so, modified 24 minutes, 22 seconds, 314 ms, 936 µs and 203 ns ago
[2025-11-05T06:35:14.967781000Z INFO  solana_program_test] "fee_router" SBF program from ./target/deploy/fee_router.so, modified 25 seconds, 52 ms, 41 µs and 331 ns ago
[2025-11-05T06:35:14.986944000Z INFO  solana_program_test] Overriding account at ASmKWt93JEMHxbdE6j7znD9y2FcdPboCzC3xtSTJvN7S
[2025-11-05T06:35:14.986958000Z INFO  solana_program_test] Overriding account at 5B57SJ3g2YoNXUpsZqqjEQkRSxyKtVTQRXdgAirz6bio
[2025-11-05T06:35:15.000063000Z DEBUG solana_runtime::message_processor::stable_log] Program 11111111111111111111111111111111 invoke [1]
[2025-11-05T06:35:15.000078000Z DEBUG solana_runtime::message_processor::stable_log] Program 11111111111111111111111111111111 success
[2025-11-05T06:35:15.004229000Z DEBUG solana_runtime::message_processor::stable_log] Program 11111111111111111111111111111111 invoke [1]
[2025-11-05T06:35:15.004242000Z DEBUG solana_runtime::message_processor::stable_log] Program 11111111111111111111111111111111 success
[2025-11-05T06:35:15.008319000Z DEBUG solana_runtime::message_processor::stable_log] Program 11111111111111111111111111111111 invoke [1]
[2025-11-05T06:35:15.008341000Z DEBUG solana_runtime::message_processor::stable_log] Program 11111111111111111111111111111111 success
[2025-11-05T06:35:15.012771000Z DEBUG solana_runtime::message_processor::stable_log] Program 11111111111111111111111111111111 invoke [1]
[2025-11-05T06:35:15.012781000Z DEBUG solana_runtime::message_processor::stable_log] Program 11111111111111111111111111111111 success
[2025-11-05T06:35:15.020625000Z DEBUG solana_runtime::message_processor::stable_log] Program 11111111111111111111111111111111 invoke [1]
[2025-11-05T06:35:15.020641000Z DEBUG solana_runtime::message_processor::stable_log] Program 11111111111111111111111111111111 success
[2025-11-05T06:35:15.020646000Z DEBUG solana_runtime::message_processor::stable_log] Program TokenkegQfeZyiNwAJbNbGKPFXCWuBvf9Ss623VQ5DA invoke [1]
[2025-11-05T06:35:15.020688000Z DEBUG solana_runtime::message_processor::stable_log] Program log: Instruction: InitializeMint2
[2025-11-05T06:35:15.020729000Z DEBUG solana_runtime::message_processor::stable_log] Program TokenkegQfeZyiNwAJbNbGKPFXCWuBvf9Ss623VQ5DA consumed 2779 of 399850 compute units
[2025-11-05T06:35:15.020740000Z DEBUG solana_runtime::message_processor::stable_log] Program TokenkegQfeZyiNwAJbNbGKPFXCWuBvf9Ss623VQ5DA success
[2025-11-05T06:35:15.028411000Z DEBUG solana_runtime::message_processor::stable_log] Program 11111111111111111111111111111111 invoke [1]
[2025-11-05T06:35:15.028426000Z DEBUG solana_runtime::message_processor::stable_log] Program 11111111111111111111111111111111 success
[2025-11-05T06:35:15.028430000Z DEBUG solana_runtime::message_processor::stable_log] Program TokenkegQfeZyiNwAJbNbGKPFXCWuBvf9Ss623VQ5DA invoke [1]
[2025-11-05T06:35:15.028481000Z DEBUG solana_runtime::message_processor::stable_log] Program log: Instruction: InitializeMint2
[2025-11-05T06:35:15.028519000Z DEBUG solana_runtime::message_processor::stable_log] Program TokenkegQfeZyiNwAJbNbGKPFXCWuBvf9Ss623VQ5DA consumed 2779 of 399850 compute units
[2025-11-05T06:35:15.028530000Z DEBUG solana_runtime::message_processor::stable_log] Program TokenkegQfeZyiNwAJbNbGKPFXCWuBvf9Ss623VQ5DA success
[2025-11-05T06:35:15.034962000Z DEBUG solana_runtime::message_processor::stable_log] Program ATokenGPvbdGVxr1b2hvZbsiqW5xWH25efTNsLJA8knL invoke [1]
[2025-11-05T06:35:15.035035000Z DEBUG solana_runtime::message_processor::stable_log] Program log: Create
[2025-11-05T06:35:15.035112000Z DEBUG solana_runtime::message_processor::stable_log] Program TokenkegQfeZyiNwAJbNbGKPFXCWuBvf9Ss623VQ5DA invoke [2]
[2025-11-05T06:35:15.035148000Z DEBUG solana_runtime::message_processor::stable_log] Program log: Instruction: GetAccountDataSize
[2025-11-05T06:35:15.035166000Z DEBUG solana_runtime::message_processor::stable_log] Program TokenkegQfeZyiNwAJbNbGKPFXCWuBvf9Ss623VQ5DA consumed 1595 of 190055 compute units
[2025-11-05T06:35:15.035175000Z DEBUG solana_runtime::message_processor::stable_log] Program return: TokenkegQfeZyiNwAJbNbGKPFXCWuBvf9Ss623VQ5DA pQAAAAAAAAA=
[2025-11-05T06:35:15.035184000Z DEBUG solana_runtime::message_processor::stable_log] Program TokenkegQfeZyiNwAJbNbGKPFXCWuBvf9Ss623VQ5DA success
[2025-11-05T06:35:15.035244000Z DEBUG solana_runtime::message_processor::stable_log] Program 11111111111111111111111111111111 invoke [2]
[2025-11-05T06:35:15.035252000Z DEBUG solana_runtime::message_processor::stable_log] Program 11111111111111111111111111111111 success
[2025-11-05T06:35:15.035257000Z DEBUG solana_runtime::message_processor::stable_log] Program log: Initialize the associated token account
[2025-11-05T06:35:15.035286000Z DEBUG solana_runtime::message_processor::stable_log] Program TokenkegQfeZyiNwAJbNbGKPFXCWuBvf9Ss623VQ5DA invoke [2]
[2025-11-05T06:35:15.035309000Z DEBUG solana_runtime::message_processor::stable_log] Program log: Instruction: InitializeImmutableOwner
[2025-11-05T06:35:15.035321000Z DEBUG solana_runtime::message_processor::stable_log] Program log: Please upgrade to SPL Token 2022 for immutable owner support
[2025-11-05T06:35:15.035324000Z DEBUG solana_runtime::message_processor::stable_log] Program TokenkegQfeZyiNwAJbNbGKPFXCWuBvf9Ss623VQ5DA consumed 1405 of 183442 compute units
[2025-11-05T06:35:15.035334000Z DEBUG solana_runtime::message_processor::stable_log] Program TokenkegQfeZyiNwAJbNbGKPFXCWuBvf9Ss623VQ5DA success
[2025-11-05T06:35:15.035371000Z DEBUG solana_runtime::message_processor::stable_log] Program TokenkegQfeZyiNwAJbNbGKPFXCWuBvf9Ss623VQ5DA invoke [2]
[2025-11-05T06:35:15.035398000Z DEBUG solana_runtime::message_processor::stable_log] Program log: Instruction: InitializeAccount3
[2025-11-05T06:35:15.035462000Z DEBUG solana_runtime::message_processor::stable_log] Program TokenkegQfeZyiNwAJbNbGKPFXCWuBvf9Ss623VQ5DA consumed 4214 of 179558 compute units
[2025-11-05T06:35:15.035470000Z DEBUG solana_runtime::message_processor::stable_log] Program TokenkegQfeZyiNwAJbNbGKPFXCWuBvf9Ss623VQ5DA success
[2025-11-05T06:35:15.035484000Z DEBUG solana_runtime::message_processor::stable_log] Program ATokenGPvbdGVxr1b2hvZbsiqW5xWH25efTNsLJA8knL consumed 24960 of 200000 compute units
[2025-11-05T06:35:15.035494000Z DEBUG solana_runtime::message_processor::stable_log] Program ATokenGPvbdGVxr1b2hvZbsiqW5xWH25efTNsLJA8knL success
[2025-11-05T06:35:15.039803000Z DEBUG solana_runtime::message_processor::stable_log] Program TokenkegQfeZyiNwAJbNbGKPFXCWuBvf9Ss623VQ5DA invoke [1]
[2025-11-05T06:35:15.039861000Z DEBUG solana_runtime::message_processor::stable_log] Program log: Instruction: MintTo
[2025-11-05T06:35:15.039931000Z DEBUG solana_runtime::message_processor::stable_log] Program TokenkegQfeZyiNwAJbNbGKPFXCWuBvf9Ss623VQ5DA consumed 4491 of 200000 compute units
[2025-11-05T06:35:15.039941000Z DEBUG solana_runtime::message_processor::stable_log] Program TokenkegQfeZyiNwAJbNbGKPFXCWuBvf9Ss623VQ5DA success
[2025-11-05T06:35:15.045182000Z DEBUG solana_runtime::message_processor::stable_log] Program ATokenGPvbdGVxr1b2hvZbsiqW5xWH25efTNsLJA8knL invoke [1]
[2025-11-05T06:35:15.045260000Z DEBUG solana_runtime::message_processor::stable_log] Program log: Create
[2025-11-05T06:35:15.045339000Z DEBUG solana_runtime::message_processor::stable_log] Program TokenkegQfeZyiNwAJbNbGKPFXCWuBvf9Ss623VQ5DA invoke [2]
[2025-11-05T06:35:15.045376000Z DEBUG solana_runtime::message_processor::stable_log] Program log: Instruction: GetAccountDataSize
[2025-11-05T06:35:15.045396000Z DEBUG solana_runtime::message_processor::stable_log] Program TokenkegQfeZyiNwAJbNbGKPFXCWuBvf9Ss623VQ5DA consumed 1595 of 191555 compute units
[2025-11-05T06:35:15.045405000Z DEBUG solana_runtime::message_processor::stable_log] Program return: TokenkegQfeZyiNwAJbNbGKPFXCWuBvf9Ss623VQ5DA pQAAAAAAAAA=
[2025-11-05T06:35:15.045415000Z DEBUG solana_runtime::message_processor::stable_log] Program TokenkegQfeZyiNwAJbNbGKPFXCWuBvf9Ss623VQ5DA success
[2025-11-05T06:35:15.045477000Z DEBUG solana_runtime::message_processor::stable_log] Program 11111111111111111111111111111111 invoke [2]
[2025-11-05T06:35:15.045486000Z DEBUG solana_runtime::message_processor::stable_log] Program 11111111111111111111111111111111 success
[2025-11-05T06:35:15.045492000Z DEBUG solana_runtime::message_processor::stable_log] Program log: Initialize the associated token account
[2025-11-05T06:35:15.045512000Z DEBUG solana_runtime::message_processor::stable_log] Program TokenkegQfeZyiNwAJbNbGKPFXCWuBvf9Ss623VQ5DA invoke [2]
[2025-11-05T06:35:15.045534000Z DEBUG solana_runtime::message_processor::stable_log] Program log: Instruction: InitializeImmutableOwner
[2025-11-05T06:35:15.045546000Z DEBUG solana_runtime::message_processor::stable_log] Program log: Please upgrade to SPL Token 2022 for immutable owner support
[2025-11-05T06:35:15.045549000Z DEBUG solana_runtime::message_processor::stable_log] Program TokenkegQfeZyiNwAJbNbGKPFXCWuBvf9Ss623VQ5DA consumed 1405 of 184942 compute units
[2025-11-05T06:35:15.045557000Z DEBUG solana_runtime::message_processor::stable_log] Program TokenkegQfeZyiNwAJbNbGKPFXCWuBvf9Ss623VQ5DA success
[2025-11-05T06:35:15.045594000Z DEBUG solana_runtime::message_processor::stable_log] Program TokenkegQfeZyiNwAJbNbGKPFXCWuBvf9Ss623VQ5DA invoke [2]
[2025-11-05T06:35:15.045622000Z DEBUG solana_runtime::message_processor::stable_log] Program log: Instruction: InitializeAccount3
[2025-11-05T06:35:15.045685000Z DEBUG solana_runtime::message_processor::stable_log] Program TokenkegQfeZyiNwAJbNbGKPFXCWuBvf9Ss623VQ5DA consumed 4214 of 181058 compute units
[2025-11-05T06:35:15.045693000Z DEBUG solana_runtime::message_processor::stable_log] Program TokenkegQfeZyiNwAJbNbGKPFXCWuBvf9Ss623VQ5DA success
[2025-11-05T06:35:15.045707000Z DEBUG solana_runtime::message_processor::stable_log] Program ATokenGPvbdGVxr1b2hvZbsiqW5xWH25efTNsLJA8knL consumed 23460 of 200000 compute units
[2025-11-05T06:35:15.045717000Z DEBUG solana_runtime::message_processor::stable_log] Program ATokenGPvbdGVxr1b2hvZbsiqW5xWH25efTNsLJA8knL success
[2025-11-05T06:35:15.049416000Z DEBUG solana_runtime::message_processor::stable_log] Program TokenkegQfeZyiNwAJbNbGKPFXCWuBvf9Ss623VQ5DA invoke [1]
[2025-11-05T06:35:15.049485000Z DEBUG solana_runtime::message_processor::stable_log] Program log: Instruction: MintTo
[2025-11-05T06:35:15.049550000Z DEBUG solana_runtime::message_processor::stable_log] Program TokenkegQfeZyiNwAJbNbGKPFXCWuBvf9Ss623VQ5DA consumed 4491 of 200000 compute units
[2025-11-05T06:35:15.049562000Z DEBUG solana_runtime::message_processor::stable_log] Program TokenkegQfeZyiNwAJbNbGKPFXCWuBvf9Ss623VQ5DA success
[2025-11-05T06:35:15.054879000Z DEBUG solana_runtime::message_processor::stable_log] Program ATokenGPvbdGVxr1b2hvZbsiqW5xWH25efTNsLJA8knL invoke [1]
[2025-11-05T06:35:15.054946000Z DEBUG solana_runtime::message_processor::stable_log] Program log: Create
[2025-11-05T06:35:15.055016000Z DEBUG solana_runtime::message_processor::stable_log] Program TokenkegQfeZyiNwAJbNbGKPFXCWuBvf9Ss623VQ5DA invoke [2]
[2025-11-05T06:35:15.055049000Z DEBUG solana_runtime::message_processor::stable_log] Program log: Instruction: GetAccountDataSize
[2025-11-05T06:35:15.055067000Z DEBUG solana_runtime::message_processor::stable_log] Program TokenkegQfeZyiNwAJbNbGKPFXCWuBvf9Ss623VQ5DA consumed 1595 of 191555 compute units
[2025-11-05T06:35:15.055075000Z DEBUG solana_runtime::message_processor::stable_log] Program return: TokenkegQfeZyiNwAJbNbGKPFXCWuBvf9Ss623VQ5DA pQAAAAAAAAA=
[2025-11-05T06:35:15.055084000Z DEBUG solana_runtime::message_processor::stable_log] Program TokenkegQfeZyiNwAJbNbGKPFXCWuBvf9Ss623VQ5DA success
[2025-11-05T06:35:15.055144000Z DEBUG solana_runtime::message_processor::stable_log] Program 11111111111111111111111111111111 invoke [2]
[2025-11-05T06:35:15.055151000Z DEBUG solana_runtime::message_processor::stable_log] Program 11111111111111111111111111111111 success
[2025-11-05T06:35:15.055157000Z DEBUG solana_runtime::message_processor::stable_log] Program log: Initialize the associated token account
[2025-11-05T06:35:15.055177000Z DEBUG solana_runtime::message_processor::stable_log] Program TokenkegQfeZyiNwAJbNbGKPFXCWuBvf9Ss623VQ5DA invoke [2]
[2025-11-05T06:35:15.055198000Z DEBUG solana_runtime::message_processor::stable_log] Program log: Instruction: InitializeImmutableOwner
[2025-11-05T06:35:15.055211000Z DEBUG solana_runtime::message_processor::stable_log] Program log: Please upgrade to SPL Token 2022 for immutable owner support
[2025-11-05T06:35:15.055214000Z DEBUG solana_runtime::message_processor::stable_log] Program TokenkegQfeZyiNwAJbNbGKPFXCWuBvf9Ss623VQ5DA consumed 1405 of 184942 compute units
[2025-11-05T06:35:15.055245000Z DEBUG solana_runtime::message_processor::stable_log] Program TokenkegQfeZyiNwAJbNbGKPFXCWuBvf9Ss623VQ5DA success
[2025-11-05T06:35:15.055282000Z DEBUG solana_runtime::message_processor::stable_log] Program TokenkegQfeZyiNwAJbNbGKPFXCWuBvf9Ss623VQ5DA invoke [2]
[2025-11-05T06:35:15.055310000Z DEBUG solana_runtime::message_processor::stable_log] Program log: Instruction: InitializeAccount3
[2025-11-05T06:35:15.055369000Z DEBUG solana_runtime::message_processor::stable_log] Program TokenkegQfeZyiNwAJbNbGKPFXCWuBvf9Ss623VQ5DA consumed 4214 of 181058 compute units
[2025-11-05T06:35:15.055376000Z DEBUG solana_runtime::message_processor::stable_log] Program TokenkegQfeZyiNwAJbNbGKPFXCWuBvf9Ss623VQ5DA success
[2025-11-05T06:35:15.055390000Z DEBUG solana_runtime::message_processor::stable_log] Program ATokenGPvbdGVxr1b2hvZbsiqW5xWH25efTNsLJA8knL consumed 23460 of 200000 compute units
[2025-11-05T06:35:15.055399000Z DEBUG solana_runtime::message_processor::stable_log] Program ATokenGPvbdGVxr1b2hvZbsiqW5xWH25efTNsLJA8knL success
[2025-11-05T06:35:15.058981000Z DEBUG solana_runtime::message_processor::stable_log] Program TokenkegQfeZyiNwAJbNbGKPFXCWuBvf9Ss623VQ5DA invoke [1]
[2025-11-05T06:35:15.059079000Z DEBUG solana_runtime::message_processor::stable_log] Program log: Instruction: MintTo
[2025-11-05T06:35:15.059154000Z DEBUG solana_runtime::message_processor::stable_log] Program TokenkegQfeZyiNwAJbNbGKPFXCWuBvf9Ss623VQ5DA consumed 4491 of 200000 compute units
[2025-11-05T06:35:15.059165000Z DEBUG solana_runtime::message_processor::stable_log] Program TokenkegQfeZyiNwAJbNbGKPFXCWuBvf9Ss623VQ5DA success
[2025-11-05T06:35:15.064247000Z DEBUG solana_runtime::message_processor::stable_log] Program ATokenGPvbdGVxr1b2hvZbsiqW5xWH25efTNsLJA8knL invoke [1]
[2025-11-05T06:35:15.064318000Z DEBUG solana_runtime::message_processor::stable_log] Program log: Create
[2025-11-05T06:35:15.064369000Z DEBUG solana_runtime::message_processor::stable_log] Program TokenkegQfeZyiNwAJbNbGKPFXCWuBvf9Ss623VQ5DA invoke [2]
[2025-11-05T06:35:15.064433000Z DEBUG solana_runtime::message_processor::stable_log] Program log: Instruction: GetAccountDataSize
[2025-11-05T06:35:15.064452000Z DEBUG solana_runtime::message_processor::stable_log] Program TokenkegQfeZyiNwAJbNbGKPFXCWuBvf9Ss623VQ5DA consumed 1595 of 194555 compute units
[2025-11-05T06:35:15.064460000Z DEBUG solana_runtime::message_processor::stable_log] Program return: TokenkegQfeZyiNwAJbNbGKPFXCWuBvf9Ss623VQ5DA pQAAAAAAAAA=
[2025-11-05T06:35:15.064469000Z DEBUG solana_runtime::message_processor::stable_log] Program TokenkegQfeZyiNwAJbNbGKPFXCWuBvf9Ss623VQ5DA success
[2025-11-05T06:35:15.064526000Z DEBUG solana_runtime::message_processor::stable_log] Program 11111111111111111111111111111111 invoke [2]
[2025-11-05T06:35:15.064536000Z DEBUG solana_runtime::message_processor::stable_log] Program 11111111111111111111111111111111 success
[2025-11-05T06:35:15.064542000Z DEBUG solana_runtime::message_processor::stable_log] Program log: Initialize the associated token account
[2025-11-05T06:35:15.064561000Z DEBUG solana_runtime::message_processor::stable_log] Program TokenkegQfeZyiNwAJbNbGKPFXCWuBvf9Ss623VQ5DA invoke [2]
[2025-11-05T06:35:15.064582000Z DEBUG solana_runtime::message_processor::stable_log] Program log: Instruction: InitializeImmutableOwner
[2025-11-05T06:35:15.064594000Z DEBUG solana_runtime::message_processor::stable_log] Program log: Please upgrade to SPL Token 2022 for immutable owner support
[2025-11-05T06:35:15.064597000Z DEBUG solana_runtime::message_processor::stable_log] Program TokenkegQfeZyiNwAJbNbGKPFXCWuBvf9Ss623VQ5DA consumed 1405 of 187942 compute units
[2025-11-05T06:35:15.064605000Z DEBUG solana_runtime::message_processor::stable_log] Program TokenkegQfeZyiNwAJbNbGKPFXCWuBvf9Ss623VQ5DA success
[2025-11-05T06:35:15.064642000Z DEBUG solana_runtime::message_processor::stable_log] Program TokenkegQfeZyiNwAJbNbGKPFXCWuBvf9Ss623VQ5DA invoke [2]
[2025-11-05T06:35:15.064668000Z DEBUG solana_runtime::message_processor::stable_log] Program log: Instruction: InitializeAccount3
[2025-11-05T06:35:15.064726000Z DEBUG solana_runtime::message_processor::stable_log] Program TokenkegQfeZyiNwAJbNbGKPFXCWuBvf9Ss623VQ5DA consumed 4214 of 184058 compute units
[2025-11-05T06:35:15.064734000Z DEBUG solana_runtime::message_processor::stable_log] Program TokenkegQfeZyiNwAJbNbGKPFXCWuBvf9Ss623VQ5DA success
[2025-11-05T06:35:15.064748000Z DEBUG solana_runtime::message_processor::stable_log] Program ATokenGPvbdGVxr1b2hvZbsiqW5xWH25efTNsLJA8knL consumed 20460 of 200000 compute units
[2025-11-05T06:35:15.064756000Z DEBUG solana_runtime::message_processor::stable_log] Program ATokenGPvbdGVxr1b2hvZbsiqW5xWH25efTNsLJA8knL success
[2025-11-05T06:35:15.068262000Z DEBUG solana_runtime::message_processor::stable_log] Program TokenkegQfeZyiNwAJbNbGKPFXCWuBvf9Ss623VQ5DA invoke [1]
[2025-11-05T06:35:15.068313000Z DEBUG solana_runtime::message_processor::stable_log] Program log: Instruction: MintTo
[2025-11-05T06:35:15.068375000Z DEBUG solana_runtime::message_processor::stable_log] Program TokenkegQfeZyiNwAJbNbGKPFXCWuBvf9Ss623VQ5DA consumed 4491 of 200000 compute units
[2025-11-05T06:35:15.068388000Z DEBUG solana_runtime::message_processor::stable_log] Program TokenkegQfeZyiNwAJbNbGKPFXCWuBvf9Ss623VQ5DA success
[2025-11-05T06:35:15.082635000Z DEBUG solana_runtime::message_processor::stable_log] Program ASmKWt93JEMHxbdE6j7znD9y2FcdPboCzC3xtSTJvN7S invoke [1]
[2025-11-05T06:35:15.082702000Z DEBUG solana_runtime::message_processor::stable_log] Program log: Instruction: CreateConfig
[2025-11-05T06:35:15.082807000Z DEBUG solana_runtime::message_processor::stable_log] Program 11111111111111111111111111111111 invoke [2]
[2025-11-05T06:35:15.082815000Z DEBUG solana_runtime::message_processor::stable_log] Program 11111111111111111111111111111111 success
[2025-11-05T06:35:15.082953000Z DEBUG solana_runtime::message_processor::stable_log] Program ASmKWt93JEMHxbdE6j7znD9y2FcdPboCzC3xtSTJvN7S invoke [2]
[2025-11-05T06:35:15.083011000Z DEBUG solana_runtime::message_processor::stable_log] Program ASmKWt93JEMHxbdE6j7znD9y2FcdPboCzC3xtSTJvN7S consumed 2069 of 184598 compute units
[2025-11-05T06:35:15.083022000Z DEBUG solana_runtime::message_processor::stable_log] Program ASmKWt93JEMHxbdE6j7znD9y2FcdPboCzC3xtSTJvN7S success
[2025-11-05T06:35:15.083040000Z DEBUG solana_runtime::message_processor::stable_log] Program ASmKWt93JEMHxbdE6j7znD9y2FcdPboCzC3xtSTJvN7S consumed 17776 of 200000 compute units
[2025-11-05T06:35:15.083051000Z DEBUG solana_runtime::message_processor::stable_log] Program ASmKWt93JEMHxbdE6j7znD9y2FcdPboCzC3xtSTJvN7S success
[2025-11-05T06:35:15.110066000Z DEBUG solana_runtime::message_processor::stable_log] Program ASmKWt93JEMHxbdE6j7znD9y2FcdPboCzC3xtSTJvN7S invoke [1]
[2025-11-05T06:35:15.110200000Z DEBUG solana_runtime::message_processor::stable_log] Program log: Instruction: InitializePool
[2025-11-05T06:35:15.110367000Z DEBUG solana_runtime::message_processor::stable_log] Program 11111111111111111111111111111111 invoke [2]
[2025-11-05T06:35:15.110374000Z DEBUG solana_runtime::message_processor::stable_log] Program 11111111111111111111111111111111 success
[2025-11-05T06:35:15.110409000Z DEBUG solana_runtime::message_processor::stable_log] Program TokenzQdBNbLqP5VEhdkAS6EPFLC1PHnBqCXEpPxuEb invoke [2]
[2025-11-05T06:35:15.110441000Z DEBUG solana_runtime::message_processor::stable_log] Program log: MetadataPointerInstruction::Initialize
[2025-11-05T06:35:15.110476000Z DEBUG solana_runtime::message_processor::stable_log] Program TokenzQdBNbLqP5VEhdkAS6EPFLC1PHnBqCXEpPxuEb consumed 2442 of 334963 compute units
[2025-11-05T06:35:15.110486000Z DEBUG solana_runtime::message_processor::stable_log] Program TokenzQdBNbLqP5VEhdkAS6EPFLC1PHnBqCXEpPxuEb success
[2025-11-05T06:35:15.110521000Z DEBUG solana_runtime::message_processor::stable_log] Program TokenzQdBNbLqP5VEhdkAS6EPFLC1PHnBqCXEpPxuEb invoke [2]
[2025-11-05T06:35:15.110544000Z DEBUG solana_runtime::message_processor::stable_log] Program log: Instruction: InitializeMintCloseAuthority
[2025-11-05T06:35:15.110578000Z DEBUG solana_runtime::message_processor::stable_log] Program TokenzQdBNbLqP5VEhdkAS6EPFLC1PHnBqCXEpPxuEb consumed 2570 of 330543 compute units
[2025-11-05T06:35:15.110587000Z DEBUG solana_runtime::message_processor::stable_log] Program TokenzQdBNbLqP5VEhdkAS6EPFLC1PHnBqCXEpPxuEb success
[2025-11-05T06:35:15.110619000Z DEBUG solana_runtime::message_processor::stable_log] Program TokenzQdBNbLqP5VEhdkAS6EPFLC1PHnBqCXEpPxuEb invoke [2]
[2025-11-05T06:35:15.110645000Z DEBUG solana_runtime::message_processor::stable_log] Program log: Instruction: InitializeMint2
[2025-11-05T06:35:15.110707000Z DEBUG solana_runtime::message_processor::stable_log] Program TokenzQdBNbLqP5VEhdkAS6EPFLC1PHnBqCXEpPxuEb consumed 4078 of 326031 compute units
[2025-11-05T06:35:15.110718000Z DEBUG solana_runtime::message_processor::stable_log] Program TokenzQdBNbLqP5VEhdkAS6EPFLC1PHnBqCXEpPxuEb success
[2025-11-05T06:35:15.110851000Z DEBUG solana_runtime::message_processor::stable_log] Program 11111111111111111111111111111111 invoke [2]
[2025-11-05T06:35:15.110855000Z DEBUG solana_runtime::message_processor::stable_log] Program 11111111111111111111111111111111 success
[2025-11-05T06:35:15.110885000Z DEBUG solana_runtime::message_processor::stable_log] Program TokenzQdBNbLqP5VEhdkAS6EPFLC1PHnBqCXEpPxuEb invoke [2]
[2025-11-05T06:35:15.110916000Z DEBUG solana_runtime::message_processor::stable_log] Program log: Instruction: InitializeAccount3
[2025-11-05T06:35:15.110997000Z DEBUG solana_runtime::message_processor::stable_log] Program TokenzQdBNbLqP5VEhdkAS6EPFLC1PHnBqCXEpPxuEb consumed 5137 of 312347 compute units
[2025-11-05T06:35:15.111006000Z DEBUG solana_runtime::message_processor::stable_log] Program TokenzQdBNbLqP5VEhdkAS6EPFLC1PHnBqCXEpPxuEb success
[2025-11-05T06:35:15.111150000Z DEBUG solana_runtime::message_processor::stable_log] Program 11111111111111111111111111111111 invoke [2]
[2025-11-05T06:35:15.111154000Z DEBUG solana_runtime::message_processor::stable_log] Program 11111111111111111111111111111111 success
[2025-11-05T06:35:15.111250000Z DEBUG solana_runtime::message_processor::stable_log] Program 11111111111111111111111111111111 invoke [2]
[2025-11-05T06:35:15.111253000Z DEBUG solana_runtime::message_processor::stable_log] Program 11111111111111111111111111111111 success
[2025-11-05T06:35:15.111326000Z DEBUG solana_runtime::message_processor::stable_log] Program 11111111111111111111111111111111 invoke [2]
[2025-11-05T06:35:15.111329000Z DEBUG solana_runtime::message_processor::stable_log] Program 11111111111111111111111111111111 success
[2025-11-05T06:35:15.111360000Z DEBUG solana_runtime::message_processor::stable_log] Program TokenkegQfeZyiNwAJbNbGKPFXCWuBvf9Ss623VQ5DA invoke [2]
[2025-11-05T06:35:15.111391000Z DEBUG solana_runtime::message_processor::stable_log] Program log: Instruction: InitializeAccount3
[2025-11-05T06:35:15.111454000Z DEBUG solana_runtime::message_processor::stable_log] Program TokenkegQfeZyiNwAJbNbGKPFXCWuBvf9Ss623VQ5DA consumed 4214 of 276744 compute units
[2025-11-05T06:35:15.111461000Z DEBUG solana_runtime::message_processor::stable_log] Program TokenkegQfeZyiNwAJbNbGKPFXCWuBvf9Ss623VQ5DA success
[2025-11-05T06:35:15.111564000Z DEBUG solana_runtime::message_processor::stable_log] Program 11111111111111111111111111111111 invoke [2]
[2025-11-05T06:35:15.111568000Z DEBUG solana_runtime::message_processor::stable_log] Program 11111111111111111111111111111111 success
[2025-11-05T06:35:15.111596000Z DEBUG solana_runtime::message_processor::stable_log] Program TokenkegQfeZyiNwAJbNbGKPFXCWuBvf9Ss623VQ5DA invoke [2]
[2025-11-05T06:35:15.111623000Z DEBUG solana_runtime::message_processor::stable_log] Program log: Instruction: InitializeAccount3
[2025-11-05T06:35:15.111678000Z DEBUG solana_runtime::message_processor::stable_log] Program TokenkegQfeZyiNwAJbNbGKPFXCWuBvf9Ss623VQ5DA consumed 4214 of 263605 compute units
[2025-11-05T06:35:15.111687000Z DEBUG solana_runtime::message_processor::stable_log] Program TokenkegQfeZyiNwAJbNbGKPFXCWuBvf9Ss623VQ5DA success
[2025-11-05T06:35:15.111935000Z DEBUG solana_runtime::message_processor::stable_log] Program TokenzQdBNbLqP5VEhdkAS6EPFLC1PHnBqCXEpPxuEb invoke [2]
[2025-11-05T06:35:15.111988000Z DEBUG solana_runtime::message_processor::stable_log] Program log: TokenMetadataInstruction: Initialize
[2025-11-05T06:35:15.112119000Z DEBUG solana_runtime::message_processor::stable_log] Program TokenzQdBNbLqP5VEhdkAS6EPFLC1PHnBqCXEpPxuEb consumed 9900 of 247088 compute units
[2025-11-05T06:35:15.112127000Z DEBUG solana_runtime::message_processor::stable_log] Program TokenzQdBNbLqP5VEhdkAS6EPFLC1PHnBqCXEpPxuEb success
[2025-11-05T06:35:15.112172000Z DEBUG solana_runtime::message_processor::stable_log] Program 11111111111111111111111111111111 invoke [2]
[2025-11-05T06:35:15.112175000Z DEBUG solana_runtime::message_processor::stable_log] Program 11111111111111111111111111111111 success
[2025-11-05T06:35:15.112217000Z DEBUG solana_runtime::message_processor::stable_log] Program TokenzQdBNbLqP5VEhdkAS6EPFLC1PHnBqCXEpPxuEb invoke [2]
[2025-11-05T06:35:15.112251000Z DEBUG solana_runtime::message_processor::stable_log] Program log: Instruction: MintTo
[2025-11-05T06:35:15.112329000Z DEBUG solana_runtime::message_processor::stable_log] Program TokenzQdBNbLqP5VEhdkAS6EPFLC1PHnBqCXEpPxuEb consumed 5540 of 232126 compute units
[2025-11-05T06:35:15.112337000Z DEBUG solana_runtime::message_processor::stable_log] Program TokenzQdBNbLqP5VEhdkAS6EPFLC1PHnBqCXEpPxuEb success
[2025-11-05T06:35:15.112396000Z DEBUG solana_runtime::message_processor::stable_log] Program ASmKWt93JEMHxbdE6j7znD9y2FcdPboCzC3xtSTJvN7S invoke [2]
[2025-11-05T06:35:15.112431000Z DEBUG solana_runtime::message_processor::stable_log] Program ASmKWt93JEMHxbdE6j7znD9y2FcdPboCzC3xtSTJvN7S consumed 2069 of 223521 compute units
[2025-11-05T06:35:15.112439000Z DEBUG solana_runtime::message_processor::stable_log] Program ASmKWt93JEMHxbdE6j7znD9y2FcdPboCzC3xtSTJvN7S success
[2025-11-05T06:35:15.112489000Z DEBUG solana_runtime::message_processor::stable_log] Program TokenkegQfeZyiNwAJbNbGKPFXCWuBvf9Ss623VQ5DA invoke [2]
[2025-11-05T06:35:15.112529000Z DEBUG solana_runtime::message_processor::stable_log] Program log: Instruction: TransferChecked
[2025-11-05T06:35:15.112609000Z DEBUG solana_runtime::message_processor::stable_log] Program TokenkegQfeZyiNwAJbNbGKPFXCWuBvf9Ss623VQ5DA consumed 6174 of 218908 compute units
[2025-11-05T06:35:15.112618000Z DEBUG solana_runtime::message_processor::stable_log] Program TokenkegQfeZyiNwAJbNbGKPFXCWuBvf9Ss623VQ5DA success
[2025-11-05T06:35:15.112662000Z DEBUG solana_runtime::message_processor::stable_log] Program TokenkegQfeZyiNwAJbNbGKPFXCWuBvf9Ss623VQ5DA invoke [2]
[2025-11-05T06:35:15.112695000Z DEBUG solana_runtime::message_processor::stable_log] Program log: Instruction: TransferChecked
[2025-11-05T06:35:15.112771000Z DEBUG solana_runtime::message_processor::stable_log] Program TokenkegQfeZyiNwAJbNbGKPFXCWuBvf9Ss623VQ5DA consumed 6174 of 210324 compute units
[2025-11-05T06:35:15.112780000Z DEBUG solana_runtime::message_processor::stable_log] Program TokenkegQfeZyiNwAJbNbGKPFXCWuBvf9Ss623VQ5DA success
[2025-11-05T06:35:15.112862000Z DEBUG solana_runtime::message_processor::stable_log] Program ASmKWt93JEMHxbdE6j7znD9y2FcdPboCzC3xtSTJvN7S invoke [2]
[2025-11-05T06:35:15.112896000Z DEBUG solana_runtime::message_processor::stable_log] Program ASmKWt93JEMHxbdE6j7znD9y2FcdPboCzC3xtSTJvN7S consumed 2069 of 199069 compute units
[2025-11-05T06:35:15.112904000Z DEBUG solana_runtime::message_processor::stable_log] Program ASmKWt93JEMHxbdE6j7znD9y2FcdPboCzC3xtSTJvN7S success
[2025-11-05T06:35:15.112931000Z DEBUG solana_runtime::message_processor::stable_log] Program ASmKWt93JEMHxbdE6j7znD9y2FcdPboCzC3xtSTJvN7S consumed 153794 of 350000 compute units
[2025-11-05T06:35:15.112944000Z DEBUG solana_runtime::message_processor::stable_log] Program ASmKWt93JEMHxbdE6j7znD9y2FcdPboCzC3xtSTJvN7S success
[2025-11-05T06:35:15.112952000Z DEBUG solana_runtime::message_processor::stable_log] Program ComputeBudget111111111111111111111111111111 invoke [1]
[2025-11-05T06:35:15.112960000Z DEBUG solana_runtime::message_processor::stable_log] Program ComputeBudget111111111111111111111111111111 success
[2025-11-05T06:35:15.132732000Z DEBUG solana_runtime::message_processor::stable_log] Program ASmKWt93JEMHxbdE6j7znD9y2FcdPboCzC3xtSTJvN7S invoke [1]
[2025-11-05T06:35:15.132882000Z DEBUG solana_runtime::message_processor::stable_log] Program log: Instruction: CreatePosition
[2025-11-05T06:35:15.132985000Z DEBUG solana_runtime::message_processor::stable_log] Program 11111111111111111111111111111111 invoke [2]
[2025-11-05T06:35:15.132998000Z DEBUG solana_runtime::message_processor::stable_log] Program 11111111111111111111111111111111 success
[2025-11-05T06:35:15.133036000Z DEBUG solana_runtime::message_processor::stable_log] Program TokenzQdBNbLqP5VEhdkAS6EPFLC1PHnBqCXEpPxuEb invoke [2]
[2025-11-05T06:35:15.133077000Z DEBUG solana_runtime::message_processor::stable_log] Program log: MetadataPointerInstruction::Initialize
[2025-11-05T06:35:15.133116000Z DEBUG solana_runtime::message_processor::stable_log] Program TokenzQdBNbLqP5VEhdkAS6EPFLC1PHnBqCXEpPxuEb consumed 2442 of 191116 compute units
[2025-11-05T06:35:15.133127000Z DEBUG solana_runtime::message_processor::stable_log] Program TokenzQdBNbLqP5VEhdkAS6EPFLC1PHnBqCXEpPxuEb success
[2025-11-05T06:35:15.133160000Z DEBUG solana_runtime::message_processor::stable_log] Program TokenzQdBNbLqP5VEhdkAS6EPFLC1PHnBqCXEpPxuEb invoke [2]
[2025-11-05T06:35:15.133184000Z DEBUG solana_runtime::message_processor::stable_log] Program log: Instruction: InitializeMintCloseAuthority
[2025-11-05T06:35:15.133218000Z DEBUG solana_runtime::message_processor::stable_log] Program TokenzQdBNbLqP5VEhdkAS6EPFLC1PHnBqCXEpPxuEb consumed 2570 of 186696 compute units
[2025-11-05T06:35:15.133226000Z DEBUG solana_runtime::message_processor::stable_log] Program TokenzQdBNbLqP5VEhdkAS6EPFLC1PHnBqCXEpPxuEb success
[2025-11-05T06:35:15.133276000Z DEBUG solana_runtime::message_processor::stable_log] Program TokenzQdBNbLqP5VEhdkAS6EPFLC1PHnBqCXEpPxuEb invoke [2]
[2025-11-05T06:35:15.133312000Z DEBUG solana_runtime::message_processor::stable_log] Program log: Instruction: InitializeMint2
[2025-11-05T06:35:15.133382000Z DEBUG solana_runtime::message_processor::stable_log] Program TokenzQdBNbLqP5VEhdkAS6EPFLC1PHnBqCXEpPxuEb consumed 4078 of 182183 compute units
[2025-11-05T06:35:15.133392000Z DEBUG solana_runtime::message_processor::stable_log] Program TokenzQdBNbLqP5VEhdkAS6EPFLC1PHnBqCXEpPxuEb success
[2025-11-05T06:35:15.133524000Z DEBUG solana_runtime::message_processor::stable_log] Program 11111111111111111111111111111111 invoke [2]
[2025-11-05T06:35:15.133529000Z DEBUG solana_runtime::message_processor::stable_log] Program 11111111111111111111111111111111 success
[2025-11-05T06:35:15.133563000Z DEBUG solana_runtime::message_processor::stable_log] Program TokenzQdBNbLqP5VEhdkAS6EPFLC1PHnBqCXEpPxuEb invoke [2]
[2025-11-05T06:35:15.133594000Z DEBUG solana_runtime::message_processor::stable_log] Program log: Instruction: InitializeAccount3
[2025-11-05T06:35:15.133681000Z DEBUG solana_runtime::message_processor::stable_log] Program TokenzQdBNbLqP5VEhdkAS6EPFLC1PHnBqCXEpPxuEb consumed 5137 of 168499 compute units
[2025-11-05T06:35:15.133689000Z DEBUG solana_runtime::message_processor::stable_log] Program TokenzQdBNbLqP5VEhdkAS6EPFLC1PHnBqCXEpPxuEb success
[2025-11-05T06:35:15.133792000Z DEBUG solana_runtime::message_processor::stable_log] Program 11111111111111111111111111111111 invoke [2]
[2025-11-05T06:35:15.133796000Z DEBUG solana_runtime::message_processor::stable_log] Program 11111111111111111111111111111111 success
[2025-11-05T06:35:15.133907000Z DEBUG solana_runtime::message_processor::stable_log] Program TokenzQdBNbLqP5VEhdkAS6EPFLC1PHnBqCXEpPxuEb invoke [2]
[2025-11-05T06:35:15.133962000Z DEBUG solana_runtime::message_processor::stable_log] Program log: TokenMetadataInstruction: Initialize
[2025-11-05T06:35:15.134123000Z DEBUG solana_runtime::message_processor::stable_log] Program TokenzQdBNbLqP5VEhdkAS6EPFLC1PHnBqCXEpPxuEb consumed 9900 of 150269 compute units
[2025-11-05T06:35:15.134132000Z DEBUG solana_runtime::message_processor::stable_log] Program TokenzQdBNbLqP5VEhdkAS6EPFLC1PHnBqCXEpPxuEb success
[2025-11-05T06:35:15.134177000Z DEBUG solana_runtime::message_processor::stable_log] Program 11111111111111111111111111111111 invoke [2]
[2025-11-05T06:35:15.134180000Z DEBUG solana_runtime::message_processor::stable_log] Program 11111111111111111111111111111111 success
[2025-11-05T06:35:15.134222000Z DEBUG solana_runtime::message_processor::stable_log] Program TokenzQdBNbLqP5VEhdkAS6EPFLC1PHnBqCXEpPxuEb invoke [2]
[2025-11-05T06:35:15.134254000Z DEBUG solana_runtime::message_processor::stable_log] Program log: Instruction: MintTo
[2025-11-05T06:35:15.134333000Z DEBUG solana_runtime::message_processor::stable_log] Program TokenzQdBNbLqP5VEhdkAS6EPFLC1PHnBqCXEpPxuEb consumed 5540 of 135307 compute units
[2025-11-05T06:35:15.134341000Z DEBUG solana_runtime::message_processor::stable_log] Program TokenzQdBNbLqP5VEhdkAS6EPFLC1PHnBqCXEpPxuEb success
[2025-11-05T06:35:15.134398000Z DEBUG solana_runtime::message_processor::stable_log] Program ASmKWt93JEMHxbdE6j7znD9y2FcdPboCzC3xtSTJvN7S invoke [2]
[2025-11-05T06:35:15.134434000Z DEBUG solana_runtime::message_processor::stable_log] Program ASmKWt93JEMHxbdE6j7znD9y2FcdPboCzC3xtSTJvN7S consumed 2069 of 126701 compute units
[2025-11-05T06:35:15.134442000Z DEBUG solana_runtime::message_processor::stable_log] Program ASmKWt93JEMHxbdE6j7znD9y2FcdPboCzC3xtSTJvN7S success
[2025-11-05T06:35:15.134463000Z DEBUG solana_runtime::message_processor::stable_log] Program ASmKWt93JEMHxbdE6j7znD9y2FcdPboCzC3xtSTJvN7S consumed 75933 of 200000 compute units
[2025-11-05T06:35:15.134473000Z DEBUG solana_runtime::message_processor::stable_log] Program ASmKWt93JEMHxbdE6j7znD9y2FcdPboCzC3xtSTJvN7S success
[2025-11-05T06:35:15.150318000Z DEBUG solana_runtime::message_processor::stable_log] Program ASmKWt93JEMHxbdE6j7znD9y2FcdPboCzC3xtSTJvN7S invoke [1]
[2025-11-05T06:35:15.150403000Z DEBUG solana_runtime::message_processor::stable_log] Program log: Instruction: CreateClaimFeeOperator
[2025-11-05T06:35:15.150532000Z DEBUG solana_runtime::message_processor::stable_log] Program 11111111111111111111111111111111 invoke [2]
[2025-11-05T06:35:15.150542000Z DEBUG solana_runtime::message_processor::stable_log] Program 11111111111111111111111111111111 success
[2025-11-05T06:35:15.150608000Z DEBUG solana_runtime::message_processor::stable_log] Program ASmKWt93JEMHxbdE6j7znD9y2FcdPboCzC3xtSTJvN7S invoke [2]
[2025-11-05T06:35:15.150650000Z DEBUG solana_runtime::message_processor::stable_log] Program ASmKWt93JEMHxbdE6j7znD9y2FcdPboCzC3xtSTJvN7S consumed 2069 of 186165 compute units
[2025-11-05T06:35:15.150660000Z DEBUG solana_runtime::message_processor::stable_log] Program ASmKWt93JEMHxbdE6j7znD9y2FcdPboCzC3xtSTJvN7S success
[2025-11-05T06:35:15.150719000Z DEBUG solana_runtime::message_processor::stable_log] Program ASmKWt93JEMHxbdE6j7znD9y2FcdPboCzC3xtSTJvN7S consumed 16226 of 200000 compute units
[2025-11-05T06:35:15.150729000Z DEBUG solana_runtime::message_processor::stable_log] Program ASmKWt93JEMHxbdE6j7znD9y2FcdPboCzC3xtSTJvN7S success
[2025-11-05T06:35:15.178770000Z DEBUG solana_runtime::message_processor::stable_log] Program ASmKWt93JEMHxbdE6j7znD9y2FcdPboCzC3xtSTJvN7S invoke [1]
[2025-11-05T06:35:15.178900000Z DEBUG solana_runtime::message_processor::stable_log] Program log: Instruction: AddLiquidity
[2025-11-05T06:35:15.179247000Z DEBUG solana_runtime::message_processor::stable_log] Program TokenkegQfeZyiNwAJbNbGKPFXCWuBvf9Ss623VQ5DA invoke [2]
[2025-11-05T06:35:15.179299000Z DEBUG solana_runtime::message_processor::stable_log] Program log: Instruction: TransferChecked
[2025-11-05T06:35:15.179401000Z DEBUG solana_runtime::message_processor::stable_log] Program TokenkegQfeZyiNwAJbNbGKPFXCWuBvf9Ss623VQ5DA consumed 6174 of 179378 compute units
[2025-11-05T06:35:15.179416000Z DEBUG solana_runtime::message_processor::stable_log] Program TokenkegQfeZyiNwAJbNbGKPFXCWuBvf9Ss623VQ5DA success
[2025-11-05T06:35:15.179470000Z DEBUG solana_runtime::message_processor::stable_log] Program TokenkegQfeZyiNwAJbNbGKPFXCWuBvf9Ss623VQ5DA invoke [2]
[2025-11-05T06:35:15.179510000Z DEBUG solana_runtime::message_processor::stable_log] Program log: Instruction: TransferChecked
[2025-11-05T06:35:15.179599000Z DEBUG solana_runtime::message_processor::stable_log] Program TokenkegQfeZyiNwAJbNbGKPFXCWuBvf9Ss623VQ5DA consumed 6174 of 170794 compute units
[2025-11-05T06:35:15.179609000Z DEBUG solana_runtime::message_processor::stable_log] Program TokenkegQfeZyiNwAJbNbGKPFXCWuBvf9Ss623VQ5DA success
[2025-11-05T06:35:15.179677000Z DEBUG solana_runtime::message_processor::stable_log] Program ASmKWt93JEMHxbdE6j7znD9y2FcdPboCzC3xtSTJvN7S invoke [2]
[2025-11-05T06:35:15.179719000Z DEBUG solana_runtime::message_processor::stable_log] Program ASmKWt93JEMHxbdE6j7znD9y2FcdPboCzC3xtSTJvN7S consumed 2069 of 161366 compute units
[2025-11-05T06:35:15.179729000Z DEBUG solana_runtime::message_processor::stable_log] Program ASmKWt93JEMHxbdE6j7znD9y2FcdPboCzC3xtSTJvN7S success
[2025-11-05T06:35:15.179867000Z DEBUG solana_runtime::message_processor::stable_log] Program ASmKWt93JEMHxbdE6j7znD9y2FcdPboCzC3xtSTJvN7S invoke [2]
[2025-11-05T06:35:15.179903000Z DEBUG solana_runtime::message_processor::stable_log] Program ASmKWt93JEMHxbdE6j7znD9y2FcdPboCzC3xtSTJvN7S consumed 2069 of 152596 compute units
[2025-11-05T06:35:15.179912000Z DEBUG solana_runtime::message_processor::stable_log] Program ASmKWt93JEMHxbdE6j7znD9y2FcdPboCzC3xtSTJvN7S success
[2025-11-05T06:35:15.179939000Z DEBUG solana_runtime::message_processor::stable_log] Program ASmKWt93JEMHxbdE6j7znD9y2FcdPboCzC3xtSTJvN7S consumed 50114 of 200000 compute units
[2025-11-05T06:35:15.179950000Z DEBUG solana_runtime::message_processor::stable_log] Program ASmKWt93JEMHxbdE6j7znD9y2FcdPboCzC3xtSTJvN7S success
[2025-11-05T06:35:15.203065000Z DEBUG solana_runtime::message_processor::stable_log] Program ASmKWt93JEMHxbdE6j7znD9y2FcdPboCzC3xtSTJvN7S invoke [1]
[2025-11-05T06:35:15.203235000Z DEBUG solana_runtime::message_processor::stable_log] Program log: Instruction: Swap
[2025-11-05T06:35:15.203607000Z DEBUG solana_runtime::message_processor::stable_log] Program TokenkegQfeZyiNwAJbNbGKPFXCWuBvf9Ss623VQ5DA invoke [2]
[2025-11-05T06:35:15.203665000Z DEBUG solana_runtime::message_processor::stable_log] Program log: Instruction: TransferChecked
[2025-11-05T06:35:15.203769000Z DEBUG solana_runtime::message_processor::stable_log] Program TokenkegQfeZyiNwAJbNbGKPFXCWuBvf9Ss623VQ5DA consumed 6174 of 179166 compute units
[2025-11-05T06:35:15.203784000Z DEBUG solana_runtime::message_processor::stable_log] Program TokenkegQfeZyiNwAJbNbGKPFXCWuBvf9Ss623VQ5DA success
[2025-11-05T06:35:15.203849000Z DEBUG solana_runtime::message_processor::stable_log] Program TokenkegQfeZyiNwAJbNbGKPFXCWuBvf9Ss623VQ5DA invoke [2]
[2025-11-05T06:35:15.203889000Z DEBUG solana_runtime::message_processor::stable_log] Program log: Instruction: TransferChecked
[2025-11-05T06:35:15.203985000Z DEBUG solana_runtime::message_processor::stable_log] Program TokenkegQfeZyiNwAJbNbGKPFXCWuBvf9Ss623VQ5DA consumed 6269 of 170528 compute units
[2025-11-05T06:35:15.203996000Z DEBUG solana_runtime::message_processor::stable_log] Program TokenkegQfeZyiNwAJbNbGKPFXCWuBvf9Ss623VQ5DA success
[2025-11-05T06:35:15.204130000Z DEBUG solana_runtime::message_processor::stable_log] Program ASmKWt93JEMHxbdE6j7znD9y2FcdPboCzC3xtSTJvN7S invoke [2]
[2025-11-05T06:35:15.204175000Z DEBUG solana_runtime::message_processor::stable_log] Program ASmKWt93JEMHxbdE6j7znD9y2FcdPboCzC3xtSTJvN7S consumed 2069 of 157962 compute units
[2025-11-05T06:35:15.204185000Z DEBUG solana_runtime::message_processor::stable_log] Program ASmKWt93JEMHxbdE6j7znD9y2FcdPboCzC3xtSTJvN7S success
[2025-11-05T06:35:15.204253000Z DEBUG solana_runtime::message_processor::stable_log] Program ASmKWt93JEMHxbdE6j7znD9y2FcdPboCzC3xtSTJvN7S invoke [2]
[2025-11-05T06:35:15.204287000Z DEBUG solana_runtime::message_processor::stable_log] Program ASmKWt93JEMHxbdE6j7znD9y2FcdPboCzC3xtSTJvN7S consumed 2069 of 152264 compute units
[2025-11-05T06:35:15.204297000Z DEBUG solana_runtime::message_processor::stable_log] Program ASmKWt93JEMHxbdE6j7znD9y2FcdPboCzC3xtSTJvN7S success
[2025-11-05T06:35:15.204324000Z DEBUG solana_runtime::message_processor::stable_log] Program ASmKWt93JEMHxbdE6j7znD9y2FcdPboCzC3xtSTJvN7S consumed 50339 of 200000 compute units
[2025-11-05T06:35:15.204335000Z DEBUG solana_runtime::message_processor::stable_log] Program ASmKWt93JEMHxbdE6j7znD9y2FcdPboCzC3xtSTJvN7S success
[2025-11-05T06:35:15.225078000Z DEBUG solana_runtime::message_processor::stable_log] Program ATokenGPvbdGVxr1b2hvZbsiqW5xWH25efTNsLJA8knL invoke [1]
[2025-11-05T06:35:15.225291000Z DEBUG solana_runtime::message_processor::stable_log] Program log: Create
[2025-11-05T06:35:15.225412000Z DEBUG solana_runtime::message_processor::stable_log] Program TokenkegQfeZyiNwAJbNbGKPFXCWuBvf9Ss623VQ5DA invoke [2]
[2025-11-05T06:35:15.225482000Z DEBUG solana_runtime::message_processor::stable_log] Program log: Instruction: GetAccountDataSize
[2025-11-05T06:35:15.225540000Z DEBUG solana_runtime::message_processor::stable_log] Program TokenkegQfeZyiNwAJbNbGKPFXCWuBvf9Ss623VQ5DA consumed 1595 of 194555 compute units
[2025-11-05T06:35:15.225555000Z DEBUG solana_runtime::message_processor::stable_log] Program return: TokenkegQfeZyiNwAJbNbGKPFXCWuBvf9Ss623VQ5DA pQAAAAAAAAA=
[2025-11-05T06:35:15.225569000Z DEBUG solana_runtime::message_processor::stable_log] Program TokenkegQfeZyiNwAJbNbGKPFXCWuBvf9Ss623VQ5DA success
[2025-11-05T06:35:15.225648000Z DEBUG solana_runtime::message_processor::stable_log] Program 11111111111111111111111111111111 invoke [2]
[2025-11-05T06:35:15.225658000Z DEBUG solana_runtime::message_processor::stable_log] Program 11111111111111111111111111111111 success
[2025-11-05T06:35:15.225665000Z DEBUG solana_runtime::message_processor::stable_log] Program log: Initialize the associated token account
[2025-11-05T06:35:15.225690000Z DEBUG solana_runtime::message_processor::stable_log] Program TokenkegQfeZyiNwAJbNbGKPFXCWuBvf9Ss623VQ5DA invoke [2]
[2025-11-05T06:35:15.225730000Z DEBUG solana_runtime::message_processor::stable_log] Program log: Instruction: InitializeImmutableOwner
[2025-11-05T06:35:15.225744000Z DEBUG solana_runtime::message_processor::stable_log] Program log: Please upgrade to SPL Token 2022 for immutable owner support
[2025-11-05T06:35:15.225749000Z DEBUG solana_runtime::message_processor::stable_log] Program TokenkegQfeZyiNwAJbNbGKPFXCWuBvf9Ss623VQ5DA consumed 1405 of 187942 compute units
[2025-11-05T06:35:15.225760000Z DEBUG solana_runtime::message_processor::stable_log] Program TokenkegQfeZyiNwAJbNbGKPFXCWuBvf9Ss623VQ5DA success
[2025-11-05T06:35:15.225806000Z DEBUG solana_runtime::message_processor::stable_log] Program TokenkegQfeZyiNwAJbNbGKPFXCWuBvf9Ss623VQ5DA invoke [2]
[2025-11-05T06:35:15.225843000Z DEBUG solana_runtime::message_processor::stable_log] Program log: Instruction: InitializeAccount3
[2025-11-05T06:35:15.225916000Z DEBUG solana_runtime::message_processor::stable_log] Program TokenkegQfeZyiNwAJbNbGKPFXCWuBvf9Ss623VQ5DA consumed 4214 of 184058 compute units
[2025-11-05T06:35:15.225925000Z DEBUG solana_runtime::message_processor::stable_log] Program TokenkegQfeZyiNwAJbNbGKPFXCWuBvf9Ss623VQ5DA success
[2025-11-05T06:35:15.225942000Z DEBUG solana_runtime::message_processor::stable_log] Program ATokenGPvbdGVxr1b2hvZbsiqW5xWH25efTNsLJA8knL consumed 20460 of 200000 compute units
[2025-11-05T06:35:15.225953000Z DEBUG solana_runtime::message_processor::stable_log] Program ATokenGPvbdGVxr1b2hvZbsiqW5xWH25efTNsLJA8knL success
[2025-11-05T06:35:15.231557000Z DEBUG solana_runtime::message_processor::stable_log] Program ATokenGPvbdGVxr1b2hvZbsiqW5xWH25efTNsLJA8knL invoke [1]
[2025-11-05T06:35:15.231650000Z DEBUG solana_runtime::message_processor::stable_log] Program log: Create
[2025-11-05T06:35:15.231730000Z DEBUG solana_runtime::message_processor::stable_log] Program TokenkegQfeZyiNwAJbNbGKPFXCWuBvf9Ss623VQ5DA invoke [2]
[2025-11-05T06:35:15.231770000Z DEBUG solana_runtime::message_processor::stable_log] Program log: Instruction: GetAccountDataSize
[2025-11-05T06:35:15.231792000Z DEBUG solana_runtime::message_processor::stable_log] Program TokenkegQfeZyiNwAJbNbGKPFXCWuBvf9Ss623VQ5DA consumed 1595 of 191555 compute units
[2025-11-05T06:35:15.231802000Z DEBUG solana_runtime::message_processor::stable_log] Program return: TokenkegQfeZyiNwAJbNbGKPFXCWuBvf9Ss623VQ5DA pQAAAAAAAAA=
[2025-11-05T06:35:15.231813000Z DEBUG solana_runtime::message_processor::stable_log] Program TokenkegQfeZyiNwAJbNbGKPFXCWuBvf9Ss623VQ5DA success
[2025-11-05T06:35:15.231883000Z DEBUG solana_runtime::message_processor::stable_log] Program 11111111111111111111111111111111 invoke [2]
[2025-11-05T06:35:15.231892000Z DEBUG solana_runtime::message_processor::stable_log] Program 11111111111111111111111111111111 success
[2025-11-05T06:35:15.231899000Z DEBUG solana_runtime::message_processor::stable_log] Program log: Initialize the associated token account
[2025-11-05T06:35:15.231922000Z DEBUG solana_runtime::message_processor::stable_log] Program TokenkegQfeZyiNwAJbNbGKPFXCWuBvf9Ss623VQ5DA invoke [2]
[2025-11-05T06:35:15.231950000Z DEBUG solana_runtime::message_processor::stable_log] Program log: Instruction: InitializeImmutableOwner
[2025-11-05T06:35:15.231963000Z DEBUG solana_runtime::message_processor::stable_log] Program log: Please upgrade to SPL Token 2022 for immutable owner support
[2025-11-05T06:35:15.231967000Z DEBUG solana_runtime::message_processor::stable_log] Program TokenkegQfeZyiNwAJbNbGKPFXCWuBvf9Ss623VQ5DA consumed 1405 of 184942 compute units
[2025-11-05T06:35:15.231977000Z DEBUG solana_runtime::message_processor::stable_log] Program TokenkegQfeZyiNwAJbNbGKPFXCWuBvf9Ss623VQ5DA success
[2025-11-05T06:35:15.232021000Z DEBUG solana_runtime::message_processor::stable_log] Program TokenkegQfeZyiNwAJbNbGKPFXCWuBvf9Ss623VQ5DA invoke [2]
[2025-11-05T06:35:15.232055000Z DEBUG solana_runtime::message_processor::stable_log] Program log: Instruction: InitializeAccount3
[2025-11-05T06:35:15.232124000Z DEBUG solana_runtime::message_processor::stable_log] Program TokenkegQfeZyiNwAJbNbGKPFXCWuBvf9Ss623VQ5DA consumed 4214 of 181058 compute units
[2025-11-05T06:35:15.232133000Z DEBUG solana_runtime::message_processor::stable_log] Program TokenkegQfeZyiNwAJbNbGKPFXCWuBvf9Ss623VQ5DA success
[2025-11-05T06:35:15.232150000Z DEBUG solana_runtime::message_processor::stable_log] Program ATokenGPvbdGVxr1b2hvZbsiqW5xWH25efTNsLJA8knL consumed 23460 of 200000 compute units
[2025-11-05T06:35:15.232162000Z DEBUG solana_runtime::message_processor::stable_log] Program ATokenGPvbdGVxr1b2hvZbsiqW5xWH25efTNsLJA8knL success
[2025-11-05T06:35:15.240437000Z DEBUG solana_runtime::message_processor::stable_log] Program ASmKWt93JEMHxbdE6j7znD9y2FcdPboCzC3xtSTJvN7S invoke [1]
[2025-11-05T06:35:15.240565000Z DEBUG solana_runtime::message_processor::stable_log] Program log: Instruction: ClaimProtocolFee
[2025-11-05T06:35:15.240845000Z DEBUG solana_runtime::message_processor::stable_log] Program ASmKWt93JEMHxbdE6j7znD9y2FcdPboCzC3xtSTJvN7S invoke [2]
[2025-11-05T06:35:15.240889000Z DEBUG solana_runtime::message_processor::stable_log] Program ASmKWt93JEMHxbdE6j7znD9y2FcdPboCzC3xtSTJvN7S consumed 2069 of 178571 compute units
[2025-11-05T06:35:15.240902000Z DEBUG solana_runtime::message_processor::stable_log] Program ASmKWt93JEMHxbdE6j7znD9y2FcdPboCzC3xtSTJvN7S success
[2025-11-05T06:35:15.240926000Z DEBUG solana_runtime::message_processor::stable_log] Program ASmKWt93JEMHxbdE6j7znD9y2FcdPboCzC3xtSTJvN7S consumed 24016 of 200000 compute units
[2025-11-05T06:35:15.240938000Z DEBUG solana_runtime::message_processor::stable_log] Program ASmKWt93JEMHxbdE6j7znD9y2FcdPboCzC3xtSTJvN7S success
[2025-11-05T06:35:15.262687000Z DEBUG solana_runtime::message_processor::stable_log] Program ASmKWt93JEMHxbdE6j7znD9y2FcdPboCzC3xtSTJvN7S invoke [1]
[2025-11-05T06:35:15.262833000Z DEBUG solana_runtime::message_processor::stable_log] Program log: Instruction: ClaimPartnerFee
[2025-11-05T06:35:15.263077000Z DEBUG solana_runtime::message_processor::stable_log] Program TokenkegQfeZyiNwAJbNbGKPFXCWuBvf9Ss623VQ5DA invoke [2]
[2025-11-05T06:35:15.263136000Z DEBUG solana_runtime::message_processor::stable_log] Program log: Instruction: TransferChecked
[2025-11-05T06:35:15.263238000Z DEBUG solana_runtime::message_processor::stable_log] Program TokenkegQfeZyiNwAJbNbGKPFXCWuBvf9Ss623VQ5DA consumed 6269 of 185073 compute units
[2025-11-05T06:35:15.263252000Z DEBUG solana_runtime::message_processor::stable_log] Program TokenkegQfeZyiNwAJbNbGKPFXCWuBvf9Ss623VQ5DA success
[2025-11-05T06:35:15.263317000Z DEBUG solana_runtime::message_processor::stable_log] Program TokenkegQfeZyiNwAJbNbGKPFXCWuBvf9Ss623VQ5DA invoke [2]
[2025-11-05T06:35:15.263357000Z DEBUG solana_runtime::message_processor::stable_log] Program log: Instruction: TransferChecked
[2025-11-05T06:35:15.263447000Z DEBUG solana_runtime::message_processor::stable_log] Program TokenkegQfeZyiNwAJbNbGKPFXCWuBvf9Ss623VQ5DA consumed 6269 of 176348 compute units
[2025-11-05T06:35:15.263458000Z DEBUG solana_runtime::message_processor::stable_log] Program TokenkegQfeZyiNwAJbNbGKPFXCWuBvf9Ss623VQ5DA success
[2025-11-05T06:35:15.263505000Z DEBUG solana_runtime::message_processor::stable_log] Program ASmKWt93JEMHxbdE6j7znD9y2FcdPboCzC3xtSTJvN7S invoke [2]
[2025-11-05T06:35:15.263546000Z DEBUG solana_runtime::message_processor::stable_log] Program ASmKWt93JEMHxbdE6j7znD9y2FcdPboCzC3xtSTJvN7S consumed 2069 of 167834 compute units
[2025-11-05T06:35:15.263555000Z DEBUG solana_runtime::message_processor::stable_log] Program ASmKWt93JEMHxbdE6j7znD9y2FcdPboCzC3xtSTJvN7S success
[2025-11-05T06:35:15.263579000Z DEBUG solana_runtime::message_processor::stable_log] Program ASmKWt93JEMHxbdE6j7znD9y2FcdPboCzC3xtSTJvN7S consumed 34733 of 200000 compute units
[2025-11-05T06:35:15.263590000Z DEBUG solana_runtime::message_processor::stable_log] Program ASmKWt93JEMHxbdE6j7znD9y2FcdPboCzC3xtSTJvN7S success
[2025-11-05T06:35:15.276315000Z DEBUG solana_runtime::message_processor::stable_log] Program ASmKWt93JEMHxbdE6j7znD9y2FcdPboCzC3xtSTJvN7S invoke [1]
[2025-11-05T06:35:15.276398000Z DEBUG solana_runtime::message_processor::stable_log] Program log: Instruction: CloseClaimFeeOperator
[2025-11-05T06:35:15.276486000Z DEBUG solana_runtime::message_processor::stable_log] Program ASmKWt93JEMHxbdE6j7znD9y2FcdPboCzC3xtSTJvN7S invoke [2]
[2025-11-05T06:35:15.276534000Z DEBUG solana_runtime::message_processor::stable_log] Program ASmKWt93JEMHxbdE6j7znD9y2FcdPboCzC3xtSTJvN7S consumed 2069 of 194133 compute units
[2025-11-05T06:35:15.276547000Z DEBUG solana_runtime::message_processor::stable_log] Program ASmKWt93JEMHxbdE6j7znD9y2FcdPboCzC3xtSTJvN7S success
[2025-11-05T06:35:15.276571000Z DEBUG solana_runtime::message_processor::stable_log] Program ASmKWt93JEMHxbdE6j7znD9y2FcdPboCzC3xtSTJvN7S consumed 8340 of 200000 compute units
[2025-11-05T06:35:15.276582000Z DEBUG solana_runtime::message_processor::stable_log] Program ASmKWt93JEMHxbdE6j7znD9y2FcdPboCzC3xtSTJvN7S success
      ✔ User swap A->B (126ms)
    Token 2022
[2025-11-05T06:35:15.278816000Z INFO  solana_program_test] "cp_amm" SBF program from ./target/deploy/cp_amm.so, modified 24 minutes, 22 seconds, 626 ms, 131 µs and 203 ns ago
[2025-11-05T06:35:15.278999000Z INFO  solana_program_test] "fee_router" SBF program from ./target/deploy/fee_router.so, modified 25 seconds, 363 ms, 258 µs and 331 ns ago
[2025-11-05T06:35:15.279143000Z INFO  solana_program_test] "transfer_hook_counter" SBF program from tests/fixtures/transfer_hook_counter.so, modified 3 weeks, 22 hours, 58 minutes, 50 seconds, 104 ms, 741 µs and 196 ns ago
[2025-11-05T06:35:15.279408000Z INFO  solana_program_test] "alpha_vault" SBF program from tests/fixtures/alpha_vault.so, modified 3 weeks, 22 hours, 58 minutes, 50 seconds, 105 ms, 692 µs and 72 ns ago
[2025-11-05T06:35:15.279756000Z INFO  solana_program_test] "streamflow" SBF program from tests/fixtures/streamflow.so, modified 3 weeks, 6 hours, 58 minutes, 59 seconds, 990 ms, 671 µs and 387 ns ago
[2025-11-05T06:35:15.280061000Z INFO  solana_program_test] "cp_amm" SBF program from ./target/deploy/cp_amm.so, modified 24 minutes, 22 seconds, 627 ms, 379 µs and 203 ns ago
[2025-11-05T06:35:15.280206000Z INFO  solana_program_test] "fee_router" SBF program from ./target/deploy/fee_router.so, modified 25 seconds, 364 ms, 466 µs and 331 ns ago
[2025-11-05T06:35:15.305174000Z INFO  solana_program_test] Overriding account at ASmKWt93JEMHxbdE6j7znD9y2FcdPboCzC3xtSTJvN7S
[2025-11-05T06:35:15.305191000Z INFO  solana_program_test] Overriding account at 5B57SJ3g2YoNXUpsZqqjEQkRSxyKtVTQRXdgAirz6bio
[2025-11-05T06:35:15.324166000Z DEBUG solana_runtime::message_processor::stable_log] Program 11111111111111111111111111111111 invoke [1]
[2025-11-05T06:35:15.324184000Z DEBUG solana_runtime::message_processor::stable_log] Program 11111111111111111111111111111111 success
[2025-11-05T06:35:15.329283000Z DEBUG solana_runtime::message_processor::stable_log] Program 11111111111111111111111111111111 invoke [1]
[2025-11-05T06:35:15.329297000Z DEBUG solana_runtime::message_processor::stable_log] Program 11111111111111111111111111111111 success
[2025-11-05T06:35:15.334398000Z DEBUG solana_runtime::message_processor::stable_log] Program 11111111111111111111111111111111 invoke [1]
[2025-11-05T06:35:15.334412000Z DEBUG solana_runtime::message_processor::stable_log] Program 11111111111111111111111111111111 success
[2025-11-05T06:35:15.339210000Z DEBUG solana_runtime::message_processor::stable_log] Program 11111111111111111111111111111111 invoke [1]
[2025-11-05T06:35:15.339221000Z DEBUG solana_runtime::message_processor::stable_log] Program 11111111111111111111111111111111 success
[2025-11-05T06:35:15.349170000Z DEBUG solana_runtime::message_processor::stable_log] Program 11111111111111111111111111111111 invoke [1]
[2025-11-05T06:35:15.349188000Z DEBUG solana_runtime::message_processor::stable_log] Program 11111111111111111111111111111111 success
[2025-11-05T06:35:15.349193000Z DEBUG solana_runtime::message_processor::stable_log] Program TokenzQdBNbLqP5VEhdkAS6EPFLC1PHnBqCXEpPxuEb invoke [1]
[2025-11-05T06:35:15.349311000Z DEBUG solana_runtime::message_processor::stable_log] Program TokenzQdBNbLqP5VEhdkAS6EPFLC1PHnBqCXEpPxuEb consumed 3479 of 599850 compute units
[2025-11-05T06:35:15.349323000Z DEBUG solana_runtime::message_processor::stable_log] Program TokenzQdBNbLqP5VEhdkAS6EPFLC1PHnBqCXEpPxuEb success
[2025-11-05T06:35:15.349332000Z DEBUG solana_runtime::message_processor::stable_log] Program TokenzQdBNbLqP5VEhdkAS6EPFLC1PHnBqCXEpPxuEb invoke [1]
[2025-11-05T06:35:15.349365000Z DEBUG solana_runtime::message_processor::stable_log] Program log: Instruction: InitializeMint2
[2025-11-05T06:35:15.349435000Z DEBUG solana_runtime::message_processor::stable_log] Program TokenzQdBNbLqP5VEhdkAS6EPFLC1PHnBqCXEpPxuEb consumed 3868 of 596371 compute units
[2025-11-05T06:35:15.349444000Z DEBUG solana_runtime::message_processor::stable_log] Program TokenzQdBNbLqP5VEhdkAS6EPFLC1PHnBqCXEpPxuEb success
[2025-11-05T06:35:15.358125000Z DEBUG solana_runtime::message_processor::stable_log] Program 11111111111111111111111111111111 invoke [1]
[2025-11-05T06:35:15.358143000Z DEBUG solana_runtime::message_processor::stable_log] Program 11111111111111111111111111111111 success
[2025-11-05T06:35:15.358156000Z DEBUG solana_runtime::message_processor::stable_log] Program TokenzQdBNbLqP5VEhdkAS6EPFLC1PHnBqCXEpPxuEb invoke [1]
[2025-11-05T06:35:15.358288000Z DEBUG solana_runtime::message_processor::stable_log] Program TokenzQdBNbLqP5VEhdkAS6EPFLC1PHnBqCXEpPxuEb consumed 3479 of 599850 compute units
[2025-11-05T06:35:15.358300000Z DEBUG solana_runtime::message_processor::stable_log] Program TokenzQdBNbLqP5VEhdkAS6EPFLC1PHnBqCXEpPxuEb success
[2025-11-05T06:35:15.358309000Z DEBUG solana_runtime::message_processor::stable_log] Program TokenzQdBNbLqP5VEhdkAS6EPFLC1PHnBqCXEpPxuEb invoke [1]
[2025-11-05T06:35:15.358341000Z DEBUG solana_runtime::message_processor::stable_log] Program log: Instruction: InitializeMint2
[2025-11-05T06:35:15.358414000Z DEBUG solana_runtime::message_processor::stable_log] Program TokenzQdBNbLqP5VEhdkAS6EPFLC1PHnBqCXEpPxuEb consumed 3868 of 596371 compute units
[2025-11-05T06:35:15.358423000Z DEBUG solana_runtime::message_processor::stable_log] Program TokenzQdBNbLqP5VEhdkAS6EPFLC1PHnBqCXEpPxuEb success
[2025-11-05T06:35:15.365311000Z DEBUG solana_runtime::message_processor::stable_log] Program ATokenGPvbdGVxr1b2hvZbsiqW5xWH25efTNsLJA8knL invoke [1]
[2025-11-05T06:35:15.365398000Z DEBUG solana_runtime::message_processor::stable_log] Program log: Create
[2025-11-05T06:35:15.365484000Z DEBUG solana_runtime::message_processor::stable_log] Program TokenzQdBNbLqP5VEhdkAS6EPFLC1PHnBqCXEpPxuEb invoke [2]
[2025-11-05T06:35:15.365526000Z DEBUG solana_runtime::message_processor::stable_log] Program log: Instruction: GetAccountDataSize
[2025-11-05T06:35:15.365581000Z DEBUG solana_runtime::message_processor::stable_log] Program TokenzQdBNbLqP5VEhdkAS6EPFLC1PHnBqCXEpPxuEb consumed 2917 of 190142 compute units
[2025-11-05T06:35:15.365591000Z DEBUG solana_runtime::message_processor::stable_log] Program return: TokenzQdBNbLqP5VEhdkAS6EPFLC1PHnBqCXEpPxuEb tgAAAAAAAAA=
[2025-11-05T06:35:15.365602000Z DEBUG solana_runtime::message_processor::stable_log] Program TokenzQdBNbLqP5VEhdkAS6EPFLC1PHnBqCXEpPxuEb success
[2025-11-05T06:35:15.365672000Z DEBUG solana_runtime::message_processor::stable_log] Program 11111111111111111111111111111111 invoke [2]
[2025-11-05T06:35:15.365682000Z DEBUG solana_runtime::message_processor::stable_log] Program 11111111111111111111111111111111 success
[2025-11-05T06:35:15.365689000Z DEBUG solana_runtime::message_processor::stable_log] Program log: Initialize the associated token account
[2025-11-05T06:35:15.365711000Z DEBUG solana_runtime::message_processor::stable_log] Program TokenzQdBNbLqP5VEhdkAS6EPFLC1PHnBqCXEpPxuEb invoke [2]
[2025-11-05T06:35:15.365738000Z DEBUG solana_runtime::message_processor::stable_log] Program log: Instruction: InitializeImmutableOwner
[2025-11-05T06:35:15.365767000Z DEBUG solana_runtime::message_processor::stable_log] Program TokenzQdBNbLqP5VEhdkAS6EPFLC1PHnBqCXEpPxuEb consumed 1924 of 182295 compute units
[2025-11-05T06:35:15.365777000Z DEBUG solana_runtime::message_processor::stable_log] Program TokenzQdBNbLqP5VEhdkAS6EPFLC1PHnBqCXEpPxuEb success
[2025-11-05T06:35:15.365819000Z DEBUG solana_runtime::message_processor::stable_log] Program TokenzQdBNbLqP5VEhdkAS6EPFLC1PHnBqCXEpPxuEb invoke [2]
[2025-11-05T06:35:15.365852000Z DEBUG solana_runtime::message_processor::stable_log] Program log: Instruction: InitializeAccount3
[2025-11-05T06:35:15.365963000Z DEBUG solana_runtime::message_processor::stable_log] Program TokenzQdBNbLqP5VEhdkAS6EPFLC1PHnBqCXEpPxuEb consumed 5446 of 177981 compute units
[2025-11-05T06:35:15.365973000Z DEBUG solana_runtime::message_processor::stable_log] Program TokenzQdBNbLqP5VEhdkAS6EPFLC1PHnBqCXEpPxuEb success
[2025-11-05T06:35:15.365989000Z DEBUG solana_runtime::message_processor::stable_log] Program ATokenGPvbdGVxr1b2hvZbsiqW5xWH25efTNsLJA8knL consumed 27769 of 200000 compute units
[2025-11-05T06:35:15.366000000Z DEBUG solana_runtime::message_processor::stable_log] Program ATokenGPvbdGVxr1b2hvZbsiqW5xWH25efTNsLJA8knL success
[2025-11-05T06:35:15.370446000Z DEBUG solana_runtime::message_processor::stable_log] Program TokenzQdBNbLqP5VEhdkAS6EPFLC1PHnBqCXEpPxuEb invoke [1]
[2025-11-05T06:35:15.370506000Z DEBUG solana_runtime::message_processor::stable_log] Program log: Instruction: MintTo
[2025-11-05T06:35:15.370614000Z DEBUG solana_runtime::message_processor::stable_log] Program TokenzQdBNbLqP5VEhdkAS6EPFLC1PHnBqCXEpPxuEb consumed 5403 of 200000 compute units
[2025-11-05T06:35:15.370626000Z DEBUG solana_runtime::message_processor::stable_log] Program TokenzQdBNbLqP5VEhdkAS6EPFLC1PHnBqCXEpPxuEb success
[2025-11-05T06:35:15.376163000Z DEBUG solana_runtime::message_processor::stable_log] Program ATokenGPvbdGVxr1b2hvZbsiqW5xWH25efTNsLJA8knL invoke [1]
[2025-11-05T06:35:15.376250000Z DEBUG solana_runtime::message_processor::stable_log] Program log: Create
[2025-11-05T06:35:15.376311000Z DEBUG solana_runtime::message_processor::stable_log] Program TokenzQdBNbLqP5VEhdkAS6EPFLC1PHnBqCXEpPxuEb invoke [2]
[2025-11-05T06:35:15.376352000Z DEBUG solana_runtime::message_processor::stable_log] Program log: Instruction: GetAccountDataSize
[2025-11-05T06:35:15.376406000Z DEBUG solana_runtime::message_processor::stable_log] Program TokenzQdBNbLqP5VEhdkAS6EPFLC1PHnBqCXEpPxuEb consumed 2917 of 194642 compute units
[2025-11-05T06:35:15.376425000Z DEBUG solana_runtime::message_processor::stable_log] Program return: TokenzQdBNbLqP5VEhdkAS6EPFLC1PHnBqCXEpPxuEb tgAAAAAAAAA=
[2025-11-05T06:35:15.376438000Z DEBUG solana_runtime::message_processor::stable_log] Program TokenzQdBNbLqP5VEhdkAS6EPFLC1PHnBqCXEpPxuEb success
[2025-11-05T06:35:15.376512000Z DEBUG solana_runtime::message_processor::stable_log] Program 11111111111111111111111111111111 invoke [2]
[2025-11-05T06:35:15.376520000Z DEBUG solana_runtime::message_processor::stable_log] Program 11111111111111111111111111111111 success
[2025-11-05T06:35:15.376527000Z DEBUG solana_runtime::message_processor::stable_log] Program log: Initialize the associated token account
[2025-11-05T06:35:15.376549000Z DEBUG solana_runtime::message_processor::stable_log] Program TokenzQdBNbLqP5VEhdkAS6EPFLC1PHnBqCXEpPxuEb invoke [2]
[2025-11-05T06:35:15.376576000Z DEBUG solana_runtime::message_processor::stable_log] Program log: Instruction: InitializeImmutableOwner
[2025-11-05T06:35:15.376606000Z DEBUG solana_runtime::message_processor::stable_log] Program TokenzQdBNbLqP5VEhdkAS6EPFLC1PHnBqCXEpPxuEb consumed 1924 of 186795 compute units
[2025-11-05T06:35:15.376615000Z DEBUG solana_runtime::message_processor::stable_log] Program TokenzQdBNbLqP5VEhdkAS6EPFLC1PHnBqCXEpPxuEb success
[2025-11-05T06:35:15.376657000Z DEBUG solana_runtime::message_processor::stable_log] Program TokenzQdBNbLqP5VEhdkAS6EPFLC1PHnBqCXEpPxuEb invoke [2]
[2025-11-05T06:35:15.376695000Z DEBUG solana_runtime::message_processor::stable_log] Program log: Instruction: InitializeAccount3
[2025-11-05T06:35:15.376803000Z DEBUG solana_runtime::message_processor::stable_log] Program TokenzQdBNbLqP5VEhdkAS6EPFLC1PHnBqCXEpPxuEb consumed 5446 of 182481 compute units
[2025-11-05T06:35:15.376813000Z DEBUG solana_runtime::message_processor::stable_log] Program TokenzQdBNbLqP5VEhdkAS6EPFLC1PHnBqCXEpPxuEb success
[2025-11-05T06:35:15.519360000Z DEBUG solana_runtime::message_processor::stable_log] Program ASmKWt93JEMHxbdE6j7znD9y2FcdPboCzC3xtSTJvN7S invoke [1]
[2025-11-05T06:35:15.519473000Z DEBUG solana_runtime::message_processor::stable_log] Program log: Instruction: AddLiquidity
[2025-11-05T06:35:15.519891000Z DEBUG solana_runtime::message_processor::stable_log] Program TokenzQdBNbLqP5VEhdkAS6EPFLC1PHnBqCXEpPxuEb invoke [2]
[2025-11-05T06:35:15.519942000Z DEBUG solana_runtime::message_processor::stable_log] Program log: Instruction: TransferChecked
[2025-11-05T06:35:15.520104000Z DEBUG solana_runtime::message_processor::stable_log] Program TokenzQdBNbLqP5VEhdkAS6EPFLC1PHnBqCXEpPxuEb consumed 9167 of 174629 compute units
[2025-11-05T06:35:15.520116000Z DEBUG solana_runtime::message_processor::stable_log] Program TokenzQdBNbLqP5VEhdkAS6EPFLC1PHnBqCXEpPxuEb success
[2025-11-05T06:35:15.520165000Z DEBUG solana_runtime::message_processor::stable_log] Program TokenzQdBNbLqP5VEhdkAS6EPFLC1PHnBqCXEpPxuEb invoke [2]
[2025-11-05T06:35:15.520200000Z DEBUG solana_runtime::message_processor::stable_log] Program log: Instruction: TransferChecked
[2025-11-05T06:35:15.520329000Z DEBUG solana_runtime::message_processor::stable_log] Program TokenzQdBNbLqP5VEhdkAS6EPFLC1PHnBqCXEpPxuEb consumed 9167 of 163057 compute units
[2025-11-05T06:35:15.520338000Z DEBUG solana_runtime::message_processor::stable_log] Program TokenzQdBNbLqP5VEhdkAS6EPFLC1PHnBqCXEpPxuEb success
[2025-11-05T06:35:15.520408000Z DEBUG solana_runtime::message_processor::stable_log] Program ASmKWt93JEMHxbdE6j7znD9y2FcdPboCzC3xtSTJvN7S invoke [2]
[2025-11-05T06:35:15.520451000Z DEBUG solana_runtime::message_processor::stable_log] Program ASmKWt93JEMHxbdE6j7znD9y2FcdPboCzC3xtSTJvN7S consumed 2069 of 150636 compute units
[2025-11-05T06:35:15.520460000Z DEBUG solana_runtime::message_processor::stable_log] Program ASmKWt93JEMHxbdE6j7znD9y2FcdPboCzC3xtSTJvN7S success
[2025-11-05T06:35:15.520582000Z DEBUG solana_runtime::message_processor::stable_log] Program ASmKWt93JEMHxbdE6j7znD9y2FcdPboCzC3xtSTJvN7S invoke [2]
[2025-11-05T06:35:15.520619000Z DEBUG solana_runtime::message_processor::stable_log] Program ASmKWt93JEMHxbdE6j7znD9y2FcdPboCzC3xtSTJvN7S consumed 2069 of 141866 compute units
[2025-11-05T06:35:15.520627000Z DEBUG solana_runtime::message_processor::stable_log] Program ASmKWt93JEMHxbdE6j7znD9y2FcdPboCzC3xtSTJvN7S success
[2025-11-05T06:35:15.520650000Z DEBUG solana_runtime::message_processor::stable_log] Program ASmKWt93JEMHxbdE6j7znD9y2FcdPboCzC3xtSTJvN7S consumed 60844 of 200000 compute units
[2025-11-05T06:35:15.520661000Z DEBUG solana_runtime::message_processor::stable_log] Program ASmKWt93JEMHxbdE6j7znD9y2FcdPboCzC3xtSTJvN7S success
[2025-11-05T06:35:15.539535000Z DEBUG solana_runtime::message_processor::stable_log] Program ASmKWt93JEMHxbdE6j7znD9y2FcdPboCzC3xtSTJvN7S invoke [1]
[2025-11-05T06:35:15.539654000Z DEBUG solana_runtime::message_processor::stable_log] Program log: Instruction: Swap
[2025-11-05T06:35:15.540067000Z DEBUG solana_runtime::message_processor::stable_log] Program TokenzQdBNbLqP5VEhdkAS6EPFLC1PHnBqCXEpPxuEb invoke [2]
[2025-11-05T06:35:15.540118000Z DEBUG solana_runtime::message_processor::stable_log] Program log: Instruction: TransferChecked
[2025-11-05T06:35:15.540273000Z DEBUG solana_runtime::message_processor::stable_log] Program TokenzQdBNbLqP5VEhdkAS6EPFLC1PHnBqCXEpPxuEb consumed 9167 of 175908 compute units
[2025-11-05T06:35:15.540287000Z DEBUG solana_runtime::message_processor::stable_log] Program TokenzQdBNbLqP5VEhdkAS6EPFLC1PHnBqCXEpPxuEb success
[2025-11-05T06:35:15.540346000Z DEBUG solana_runtime::message_processor::stable_log] Program TokenzQdBNbLqP5VEhdkAS6EPFLC1PHnBqCXEpPxuEb invoke [2]
[2025-11-05T06:35:15.540380000Z DEBUG solana_runtime::message_processor::stable_log] Program log: Instruction: TransferChecked
[2025-11-05T06:35:15.540506000Z DEBUG solana_runtime::message_processor::stable_log] Program TokenzQdBNbLqP5VEhdkAS6EPFLC1PHnBqCXEpPxuEb consumed 8762 of 164282 compute units
[2025-11-05T06:35:15.540515000Z DEBUG solana_runtime::message_processor::stable_log] Program TokenzQdBNbLqP5VEhdkAS6EPFLC1PHnBqCXEpPxuEb success
[2025-11-05T06:35:15.540633000Z DEBUG solana_runtime::message_processor::stable_log] Program ASmKWt93JEMHxbdE6j7znD9y2FcdPboCzC3xtSTJvN7S invoke [2]
[2025-11-05T06:35:15.540684000Z DEBUG solana_runtime::message_processor::stable_log] Program ASmKWt93JEMHxbdE6j7znD9y2FcdPboCzC3xtSTJvN7S consumed 2069 of 149223 compute units
[2025-11-05T06:35:15.540693000Z DEBUG solana_runtime::message_processor::stable_log] Program ASmKWt93JEMHxbdE6j7znD9y2FcdPboCzC3xtSTJvN7S success
[2025-11-05T06:35:15.540752000Z DEBUG solana_runtime::message_processor::stable_log] Program ASmKWt93JEMHxbdE6j7znD9y2FcdPboCzC3xtSTJvN7S invoke [2]
[2025-11-05T06:35:15.540784000Z DEBUG solana_runtime::message_processor::stable_log] Program ASmKWt93JEMHxbdE6j7znD9y2FcdPboCzC3xtSTJvN7S consumed 2069 of 143525 compute units
[2025-11-05T06:35:15.540791000Z DEBUG solana_runtime::message_processor::stable_log] Program ASmKWt93JEMHxbdE6j7znD9y2FcdPboCzC3xtSTJvN7S success
[2025-11-05T06:35:15.540811000Z DEBUG solana_runtime::message_processor::stable_log] Program ASmKWt93JEMHxbdE6j7znD9y2FcdPboCzC3xtSTJvN7S consumed 59078 of 200000 compute units
[2025-11-05T06:35:15.540822000Z DEBUG solana_runtime::message_processor::stable_log] Program ASmKWt93JEMHxbdE6j7znD9y2FcdPboCzC3xtSTJvN7S success
[2025-11-05T06:35:15.558516000Z DEBUG solana_runtime::message_processor::stable_log] Program ATokenGPvbdGVxr1b2hvZbsiqW5xWH25efTNsLJA8knL invoke [1]
[2025-11-05T06:35:15.558604000Z DEBUG solana_runtime::message_processor::stable_log] Program log: Create
[2025-11-05T06:35:15.558660000Z DEBUG solana_runtime::message_processor::stable_log] Program TokenzQdBNbLqP5VEhdkAS6EPFLC1PHnBqCXEpPxuEb invoke [2]
[2025-11-05T06:35:15.558695000Z DEBUG solana_runtime::message_processor::stable_log] Program log: Instruction: GetAccountDataSize
[2025-11-05T06:35:15.558747000Z DEBUG solana_runtime::message_processor::stable_log] Program TokenzQdBNbLqP5VEhdkAS6EPFLC1PHnBqCXEpPxuEb consumed 2917 of 194642 compute units
[2025-11-05T06:35:15.558755000Z DEBUG solana_runtime::message_processor::stable_log] Program return: TokenzQdBNbLqP5VEhdkAS6EPFLC1PHnBqCXEpPxuEb tgAAAAAAAAA=
[2025-11-05T06:35:15.558765000Z DEBUG solana_runtime::message_processor::stable_log] Program TokenzQdBNbLqP5VEhdkAS6EPFLC1PHnBqCXEpPxuEb success
[2025-11-05T06:35:15.558833000Z DEBUG solana_runtime::message_processor::stable_log] Program 11111111111111111111111111111111 invoke [2]
[2025-11-05T06:35:15.558842000Z DEBUG solana_runtime::message_processor::stable_log] Program 11111111111111111111111111111111 success
[2025-11-05T06:35:15.558849000Z DEBUG solana_runtime::message_processor::stable_log] Program log: Initialize the associated token account
[2025-11-05T06:35:15.558868000Z DEBUG solana_runtime::message_processor::stable_log] Program TokenzQdBNbLqP5VEhdkAS6EPFLC1PHnBqCXEpPxuEb invoke [2]
[2025-11-05T06:35:15.558890000Z DEBUG solana_runtime::message_processor::stable_log] Program log: Instruction: InitializeImmutableOwner
[2025-11-05T06:35:15.558916000Z DEBUG solana_runtime::message_processor::stable_log] Program TokenzQdBNbLqP5VEhdkAS6EPFLC1PHnBqCXEpPxuEb consumed 1924 of 186795 compute units
[2025-11-05T06:35:15.558925000Z DEBUG solana_runtime::message_processor::stable_log] Program TokenzQdBNbLqP5VEhdkAS6EPFLC1PHnBqCXEpPxuEb success
[2025-11-05T06:35:15.558962000Z DEBUG solana_runtime::message_processor::stable_log] Program TokenzQdBNbLqP5VEhdkAS6EPFLC1PHnBqCXEpPxuEb invoke [2]
[2025-11-05T06:35:15.558991000Z DEBUG solana_runtime::message_processor::stable_log] Program log: Instruction: InitializeAccount3
[2025-11-05T06:35:15.559086000Z DEBUG solana_runtime::message_processor::stable_log] Program TokenzQdBNbLqP5VEhdkAS6EPFLC1PHnBqCXEpPxuEb consumed 5446 of 182481 compute units
[2025-11-05T06:35:15.559094000Z DEBUG solana_runtime::message_processor::stable_log] Program TokenzQdBNbLqP5VEhdkAS6EPFLC1PHnBqCXEpPxuEb success
[2025-11-05T06:35:15.559108000Z DEBUG solana_runtime::message_processor::stable_log] Program ATokenGPvbdGVxr1b2hvZbsiqW5xWH25efTNsLJA8knL consumed 23269 of 200000 compute units
[2025-11-05T06:35:15.590938000Z DEBUG solana_runtime::message_processor::stable_log] Program ASmKWt93JEMHxbdE6j7znD9y2FcdPboCzC3xtSTJvN7S invoke [1]
[2025-11-05T06:35:15.591050000Z DEBUG solana_runtime::message_processor::stable_log] Program log: Instruction: ClaimPartnerFee
[2025-11-05T06:35:15.591280000Z DEBUG solana_runtime::message_processor::stable_log] Program TokenzQdBNbLqP5VEhdkAS6EPFLC1PHnBqCXEpPxuEb invoke [2]
[2025-11-05T06:35:15.591332000Z DEBUG solana_runtime::message_processor::stable_log] Program log: Instruction: TransferChecked
[2025-11-05T06:35:15.591472000Z DEBUG solana_runtime::message_processor::stable_log] Program TokenzQdBNbLqP5VEhdkAS6EPFLC1PHnBqCXEpPxuEb consumed 8762 of 184408 compute units
[2025-11-05T06:35:15.591484000Z DEBUG solana_runtime::message_processor::stable_log] Program TokenzQdBNbLqP5VEhdkAS6EPFLC1PHnBqCXEpPxuEb success
[2025-11-05T06:35:15.591540000Z DEBUG solana_runtime::message_processor::stable_log] Program TokenzQdBNbLqP5VEhdkAS6EPFLC1PHnBqCXEpPxuEb invoke [2]
[2025-11-05T06:35:15.591616000Z DEBUG solana_runtime::message_processor::stable_log] Program log: Instruction: TransferChecked
[2025-11-05T06:35:15.591765000Z DEBUG solana_runtime::message_processor::stable_log] Program TokenzQdBNbLqP5VEhdkAS6EPFLC1PHnBqCXEpPxuEb consumed 8762 of 173195 compute units
[2025-11-05T06:35:15.591783000Z DEBUG solana_runtime::message_processor::stable_log] Program TokenzQdBNbLqP5VEhdkAS6EPFLC1PHnBqCXEpPxuEb success
[2025-11-05T06:35:15.591832000Z DEBUG solana_runtime::message_processor::stable_log] Program ASmKWt93JEMHxbdE6j7znD9y2FcdPboCzC3xtSTJvN7S invoke [2]
[2025-11-05T06:35:15.591875000Z DEBUG solana_runtime::message_processor::stable_log] Program ASmKWt93JEMHxbdE6j7znD9y2FcdPboCzC3xtSTJvN7S consumed 2069 of 162188 compute units
[2025-11-05T06:35:15.591885000Z DEBUG solana_runtime::message_processor::stable_log] Program ASmKWt93JEMHxbdE6j7znD9y2FcdPboCzC3xtSTJvN7S success
[2025-11-05T06:35:15.591906000Z DEBUG solana_runtime::message_processor::stable_log] Program ASmKWt93JEMHxbdE6j7znD9y2FcdPboCzC3xtSTJvN7S consumed 40379 of 200000 compute units
[2025-11-05T06:35:15.591917000Z DEBUG solana_runtime::message_processor::stable_log] Program ASmKWt93JEMHxbdE6j7znD9y2FcdPboCzC3xtSTJvN7S success
[2025-11-05T06:35:15.602004000Z DEBUG solana_runtime::message_processor::stable_log] Program ASmKWt93JEMHxbdE6j7znD9y2FcdPboCzC3xtSTJvN7S invoke [1]
[2025-11-05T06:35:15.602081000Z DEBUG solana_runtime::message_processor::stable_log] Program log: Instruction: CloseClaimFeeOperator
[2025-11-05T06:35:15.602155000Z DEBUG solana_runtime::message_processor::stable_log] Program ASmKWt93JEMHxbdE6j7znD9y2FcdPboCzC3xtSTJvN7S invoke [2]
[2025-11-05T06:35:15.602193000Z DEBUG solana_runtime::message_processor::stable_log] Program ASmKWt93JEMHxbdE6j7znD9y2FcdPboCzC3xtSTJvN7S consumed 2069 of 194133 compute units
[2025-11-05T06:35:15.602204000Z DEBUG solana_runtime::message_processor::stable_log] Program ASmKWt93JEMHxbdE6j7znD9y2FcdPboCzC3xtSTJvN7S success
[2025-11-05T06:35:15.602225000Z DEBUG solana_runtime::message_processor::stable_log] Program ASmKWt93JEMHxbdE6j7znD9y2FcdPboCzC3xtSTJvN7S consumed 8340 of 200000 compute units
[2025-11-05T06:35:15.602253000Z DEBUG solana_runtime::message_processor::stable_log] Program ASmKWt93JEMHxbdE6j7znD9y2FcdPboCzC3xtSTJvN7S success
      ✔ User swap A->B (107ms)

  Claim position fee
[2025-11-05T06:35:15.604348000Z INFO  solana_program_test] "cp_amm" SBF program from ./target/deploy/cp_amm.so, modified 24 minutes, 22 seconds, 951 ms, 663 µs and 203 ns ago
[2025-11-05T06:35:15.604515000Z INFO  solana_program_test] "fee_router" SBF program from ./target/deploy/fee_router.so, modified 25 seconds, 688 ms, 773 µs and 331 ns ago
[2025-11-05T06:35:15.604641000Z INFO  solana_program_test] "transfer_hook_counter" SBF program from tests/fixtures/transfer_hook_counter.so, modified 3 weeks, 22 hours, 58 minutes, 50 seconds, 430 ms, 240 µs and 196 ns ago
[2025-11-05T06:35:15.604873000Z INFO  solana_program_test] "alpha_vault" SBF program from tests/fixtures/alpha_vault.so, modified 3 weeks, 22 hours, 58 minutes, 50 seconds, 431 ms, 159 µs and 72 ns ago
[2025-11-05T06:35:15.605182000Z INFO  solana_program_test] "streamflow" SBF program from tests/fixtures/streamflow.so, modified 3 weeks, 6 hours, 59 minutes, 316 ms, 98 µs and 387 ns ago
[2025-11-05T06:35:15.605472000Z INFO  solana_program_test] "cp_amm" SBF program from ./target/deploy/cp_amm.so, modified 24 minutes, 22 seconds, 952 ms, 791 µs and 203 ns ago
[2025-11-05T06:35:15.605611000Z INFO  solana_program_test] "fee_router" SBF program from ./target/deploy/fee_router.so, modified 25 seconds, 689 ms, 870 µs and 331 ns ago
[2025-11-05T06:35:15.626213000Z INFO  solana_program_test] Overriding account at ASmKWt93JEMHxbdE6j7znD9y2FcdPboCzC3xtSTJvN7S
[2025-11-05T06:35:15.626227000Z INFO  solana_program_test] Overriding account at 5B57SJ3g2YoNXUpsZqqjEQkRSxyKtVTQRXdgAirz6bio
[2025-11-05T06:35:15.638054000Z DEBUG solana_runtime::message_processor::stable_log] Program 11111111111111111111111111111111 invoke [1]
[2025-11-05T06:35:15.638070000Z DEBUG solana_runtime::message_processor::stable_log] Program 11111111111111111111111111111111 success
[2025-11-05T06:35:15.641999000Z DEBUG solana_runtime::message_processor::stable_log] Program 11111111111111111111111111111111 invoke [1]
[2025-11-05T06:35:15.642013000Z DEBUG solana_runtime::message_processor::stable_log] Program 11111111111111111111111111111111 success
[2025-11-05T06:35:15.646044000Z DEBUG solana_runtime::message_processor::stable_log] Program 11111111111111111111111111111111 invoke [1]
[2025-11-05T06:35:15.646057000Z DEBUG solana_runtime::message_processor::stable_log] Program 11111111111111111111111111111111 success
[2025-11-05T06:35:15.653690000Z DEBUG solana_runtime::message_processor::stable_log] Program 11111111111111111111111111111111 invoke [1]
[2025-11-05T06:35:15.653704000Z DEBUG solana_runtime::message_processor::stable_log] Program 11111111111111111111111111111111 success
[2025-11-05T06:35:15.653708000Z DEBUG solana_runtime::message_processor::stable_log] Program TokenkegQfeZyiNwAJbNbGKPFXCWuBvf9Ss623VQ5DA invoke [1]
[2025-11-05T06:35:15.653758000Z DEBUG solana_runtime::message_processor::stable_log] Program log: Instruction: InitializeMint2
[2025-11-05T06:35:15.653798000Z DEBUG solana_runtime::message_processor::stable_log] Program TokenkegQfeZyiNwAJbNbGKPFXCWuBvf9Ss623VQ5DA consumed 2779 of 399850 compute units
[2025-11-05T06:35:15.653809000Z DEBUG solana_runtime::message_processor::stable_log] Program TokenkegQfeZyiNwAJbNbGKPFXCWuBvf9Ss623VQ5DA success
[2025-11-05T06:35:15.661191000Z DEBUG solana_runtime::message_processor::stable_log] Program 11111111111111111111111111111111 invoke [1]
[2025-11-05T06:35:15.661209000Z DEBUG solana_runtime::message_processor::stable_log] Program 11111111111111111111111111111111 success
[2025-11-05T06:35:15.661213000Z DEBUG solana_runtime::message_processor::stable_log] Program TokenkegQfeZyiNwAJbNbGKPFXCWuBvf9Ss623VQ5DA invoke [1]
[2025-11-05T06:35:15.661264000Z DEBUG solana_runtime::message_processor::stable_log] Program log: Instruction: InitializeMint2
[2025-11-05T06:35:15.661302000Z DEBUG solana_runtime::message_processor::stable_log] Program TokenkegQfeZyiNwAJbNbGKPFXCWuBvf9Ss623VQ5DA consumed 2779 of 399850 compute units
[2025-11-05T06:35:15.661312000Z DEBUG solana_runtime::message_processor::stable_log] Program TokenkegQfeZyiNwAJbNbGKPFXCWuBvf9Ss623VQ5DA success
[2025-11-05T06:35:15.666647000Z DEBUG solana_runtime::message_processor::stable_log] Program ATokenGPvbdGVxr1b2hvZbsiqW5xWH25efTNsLJA8knL invoke [1]
[2025-11-05T06:35:15.666715000Z DEBUG solana_runtime::message_processor::stable_log] Program log: Create
[2025-11-05T06:35:15.666784000Z DEBUG solana_runtime::message_processor::stable_log] Program TokenkegQfeZyiNwAJbNbGKPFXCWuBvf9Ss623VQ5DA invoke [2]
[2025-11-05T06:35:15.666823000Z DEBUG solana_runtime::message_processor::stable_log] Program log: Instruction: GetAccountDataSize
[2025-11-05T06:35:15.666843000Z DEBUG solana_runtime::message_processor::stable_log] Program TokenkegQfeZyiNwAJbNbGKPFXCWuBvf9Ss623VQ5DA consumed 1595 of 194555 compute units
[2025-11-05T06:35:15.666852000Z DEBUG solana_runtime::message_processor::stable_log] Program return: TokenkegQfeZyiNwAJbNbGKPFXCWuBvf9Ss623VQ5DA pQAAAAAAAAA=
[2025-11-05T06:35:15.666862000Z DEBUG solana_runtime::message_processor::stable_log] Program TokenkegQfeZyiNwAJbNbGKPFXCWuBvf9Ss623VQ5DA success
[2025-11-05T06:35:15.666923000Z DEBUG solana_runtime::message_processor::stable_log] Program 11111111111111111111111111111111 invoke [2]
[2025-11-05T06:35:15.666931000Z DEBUG solana_runtime::message_processor::stable_log] Program 11111111111111111111111111111111 success
[2025-11-05T06:35:15.666937000Z DEBUG solana_runtime::message_processor::stable_log] Program log: Initialize the associated token account
[2025-11-05T06:35:15.666957000Z DEBUG solana_runtime::message_processor::stable_log] Program TokenkegQfeZyiNwAJbNbGKPFXCWuBvf9Ss623VQ5DA invoke [2]
[2025-11-05T06:35:15.666984000Z DEBUG solana_runtime::message_processor::stable_log] Program log: Instruction: InitializeImmutableOwner
[2025-11-05T06:35:15.666997000Z DEBUG solana_runtime::message_processor::stable_log] Program log: Please upgrade to SPL Token 2022 for immutable owner support
[2025-11-05T06:35:15.667000000Z DEBUG solana_runtime::message_processor::stable_log] Program TokenkegQfeZyiNwAJbNbGKPFXCWuBvf9Ss623VQ5DA consumed 1405 of 187942 compute units
[2025-11-05T06:35:15.667009000Z DEBUG solana_runtime::message_processor::stable_log] Program TokenkegQfeZyiNwAJbNbGKPFXCWuBvf9Ss623VQ5DA success
[2025-11-05T06:35:15.667047000Z DEBUG solana_runtime::message_processor::stable_log] Program TokenkegQfeZyiNwAJbNbGKPFXCWuBvf9Ss623VQ5DA invoke [2]
[2025-11-05T06:35:15.667076000Z DEBUG solana_runtime::message_processor::stable_log] Program log: Instruction: InitializeAccount3
[2025-11-05T06:35:15.667141000Z DEBUG solana_runtime::message_processor::stable_log] Program TokenkegQfeZyiNwAJbNbGKPFXCWuBvf9Ss623VQ5DA consumed 4214 of 184058 compute units
[2025-11-05T06:35:15.667149000Z DEBUG solana_runtime::message_processor::stable_log] Program TokenkegQfeZyiNwAJbNbGKPFXCWuBvf9Ss623VQ5DA success
[2025-11-05T06:35:15.667167000Z DEBUG solana_runtime::message_processor::stable_log] Program ATokenGPvbdGVxr1b2hvZbsiqW5xWH25efTNsLJA8knL consumed 20460 of 200000 compute units
[2025-11-05T06:35:15.667177000Z DEBUG solana_runtime::message_processor::stable_log] Program ATokenGPvbdGVxr1b2hvZbsiqW5xWH25efTNsLJA8knL success
[2025-11-05T06:35:15.671121000Z DEBUG solana_runtime::message_processor::stable_log] Program TokenkegQfeZyiNwAJbNbGKPFXCWuBvf9Ss623VQ5DA invoke [1]
[2025-11-05T06:35:15.671183000Z DEBUG solana_runtime::message_processor::stable_log] Program log: Instruction: MintTo
[2025-11-05T06:35:15.671250000Z DEBUG solana_runtime::message_processor::stable_log] Program TokenkegQfeZyiNwAJbNbGKPFXCWuBvf9Ss623VQ5DA consumed 4491 of 200000 compute units
[2025-11-05T06:35:15.671262000Z DEBUG solana_runtime::message_processor::stable_log] Program TokenkegQfeZyiNwAJbNbGKPFXCWuBvf9Ss623VQ5DA success
[2025-11-05T06:35:15.676581000Z DEBUG solana_runtime::message_processor::stable_log] Program ATokenGPvbdGVxr1b2hvZbsiqW5xWH25efTNsLJA8knL invoke [1]
[2025-11-05T06:35:15.676667000Z DEBUG solana_runtime::message_processor::stable_log] Program log: Create
[2025-11-05T06:35:15.676732000Z DEBUG solana_runtime::message_processor::stable_log] Program TokenkegQfeZyiNwAJbNbGKPFXCWuBvf9Ss623VQ5DA invoke [2]
[2025-11-05T06:35:15.676771000Z DEBUG solana_runtime::message_processor::stable_log] Program log: Instruction: GetAccountDataSize
[2025-11-05T06:35:15.676790000Z DEBUG solana_runtime::message_processor::stable_log] Program TokenkegQfeZyiNwAJbNbGKPFXCWuBvf9Ss623VQ5DA consumed 1595 of 193055 compute units
[2025-11-05T06:35:15.676799000Z DEBUG solana_runtime::message_processor::stable_log] Program return: TokenkegQfeZyiNwAJbNbGKPFXCWuBvf9Ss623VQ5DA pQAAAAAAAAA=
[2025-11-05T06:35:15.676808000Z DEBUG solana_runtime::message_processor::stable_log] Program TokenkegQfeZyiNwAJbNbGKPFXCWuBvf9Ss623VQ5DA success
[2025-11-05T06:35:15.676868000Z DEBUG solana_runtime::message_processor::stable_log] Program 11111111111111111111111111111111 invoke [2]
[2025-11-05T06:35:15.676877000Z DEBUG solana_runtime::message_processor::stable_log] Program 11111111111111111111111111111111 success
[2025-11-05T06:35:15.676884000Z DEBUG solana_runtime::message_processor::stable_log] Program log: Initialize the associated token account
[2025-11-05T06:35:15.676904000Z DEBUG solana_runtime::message_processor::stable_log] Program TokenkegQfeZyiNwAJbNbGKPFXCWuBvf9Ss623VQ5DA invoke [2]
[2025-11-05T06:35:15.676930000Z DEBUG solana_runtime::message_processor::stable_log] Program log: Instruction: InitializeImmutableOwner
[2025-11-05T06:35:15.676943000Z DEBUG solana_runtime::message_processor::stable_log] Program log: Please upgrade to SPL Token 2022 for immutable owner support
[2025-11-05T06:35:15.676946000Z DEBUG solana_runtime::message_processor::stable_log] Program TokenkegQfeZyiNwAJbNbGKPFXCWuBvf9Ss623VQ5DA consumed 1405 of 186442 compute units
[2025-11-05T06:35:15.676955000Z DEBUG solana_runtime::message_processor::stable_log] Program TokenkegQfeZyiNwAJbNbGKPFXCWuBvf9Ss623VQ5DA success
[2025-11-05T06:35:15.676992000Z DEBUG solana_runtime::message_processor::stable_log] Program TokenkegQfeZyiNwAJbNbGKPFXCWuBvf9Ss623VQ5DA invoke [2]
[2025-11-05T06:35:15.677022000Z DEBUG solana_runtime::message_processor::stable_log] Program log: Instruction: InitializeAccount3
[2025-11-05T06:35:15.677081000Z DEBUG solana_runtime::message_processor::stable_log] Program TokenkegQfeZyiNwAJbNbGKPFXCWuBvf9Ss623VQ5DA consumed 4214 of 182558 compute units
[2025-11-05T06:35:15.677090000Z DEBUG solana_runtime::message_processor::stable_log] Program TokenkegQfeZyiNwAJbNbGKPFXCWuBvf9Ss623VQ5DA success
[2025-11-05T06:35:15.677104000Z DEBUG solana_runtime::message_processor::stable_log] Program ATokenGPvbdGVxr1b2hvZbsiqW5xWH25efTNsLJA8knL consumed 21960 of 200000 compute units
[2025-11-05T06:35:15.677114000Z DEBUG solana_runtime::message_processor::stable_log] Program ATokenGPvbdGVxr1b2hvZbsiqW5xWH25efTNsLJA8knL success
[2025-11-05T06:35:15.680492000Z DEBUG solana_runtime::message_processor::stable_log] Program TokenkegQfeZyiNwAJbNbGKPFXCWuBvf9Ss623VQ5DA invoke [1]
[2025-11-05T06:35:15.680546000Z DEBUG solana_runtime::message_processor::stable_log] Program log: Instruction: MintTo
[2025-11-05T06:35:15.680615000Z DEBUG solana_runtime::message_processor::stable_log] Program TokenkegQfeZyiNwAJbNbGKPFXCWuBvf9Ss623VQ5DA consumed 4491 of 200000 compute units
[2025-11-05T06:35:15.680626000Z DEBUG solana_runtime::message_processor::stable_log] Program TokenkegQfeZyiNwAJbNbGKPFXCWuBvf9Ss623VQ5DA success
[2025-11-05T06:35:15.685475000Z DEBUG solana_runtime::message_processor::stable_log] Program ATokenGPvbdGVxr1b2hvZbsiqW5xWH25efTNsLJA8knL invoke [1]
[2025-11-05T06:35:15.685555000Z DEBUG solana_runtime::message_processor::stable_log] Program log: Create
[2025-11-05T06:35:15.685614000Z DEBUG solana_runtime::message_processor::stable_log] Program TokenkegQfeZyiNwAJbNbGKPFXCWuBvf9Ss623VQ5DA invoke [2]
[2025-11-05T06:35:15.685651000Z DEBUG solana_runtime::message_processor::stable_log] Program log: Instruction: GetAccountDataSize
[2025-11-05T06:35:15.685671000Z DEBUG solana_runtime::message_processor::stable_log] Program TokenkegQfeZyiNwAJbNbGKPFXCWuBvf9Ss623VQ5DA consumed 1595 of 194555 compute units
[2025-11-05T06:35:15.685680000Z DEBUG solana_runtime::message_processor::stable_log] Program return: TokenkegQfeZyiNwAJbNbGKPFXCWuBvf9Ss623VQ5DA pQAAAAAAAAA=
[2025-11-05T06:35:15.685689000Z DEBUG solana_runtime::message_processor::stable_log] Program TokenkegQfeZyiNwAJbNbGKPFXCWuBvf9Ss623VQ5DA success
[2025-11-05T06:35:15.685751000Z DEBUG solana_runtime::message_processor::stable_log] Program 11111111111111111111111111111111 invoke [2]
[2025-11-05T06:35:15.685759000Z DEBUG solana_runtime::message_processor::stable_log] Program 11111111111111111111111111111111 success
[2025-11-05T06:35:15.685787000Z DEBUG solana_runtime::message_processor::stable_log] Program log: Initialize the associated token account
[2025-11-05T06:35:15.685815000Z DEBUG solana_runtime::message_processor::stable_log] Program TokenkegQfeZyiNwAJbNbGKPFXCWuBvf9Ss623VQ5DA invoke [2]
[2025-11-05T06:35:15.685841000Z DEBUG solana_runtime::message_processor::stable_log] Program log: Instruction: InitializeImmutableOwner
[2025-11-05T06:35:15.685873000Z DEBUG solana_runtime::message_processor::stable_log] Program log: Please upgrade to SPL Token 2022 for immutable owner support
[2025-11-05T06:35:15.685879000Z DEBUG solana_runtime::message_processor::stable_log] Program TokenkegQfeZyiNwAJbNbGKPFXCWuBvf9Ss623VQ5DA consumed 1405 of 187942 compute units
[2025-11-05T06:35:15.685891000Z DEBUG solana_runtime::message_processor::stable_log] Program TokenkegQfeZyiNwAJbNbGKPFXCWuBvf9Ss623VQ5DA success
[2025-11-05T06:35:15.685936000Z DEBUG solana_runtime::message_processor::stable_log] Program TokenkegQfeZyiNwAJbNbGKPFXCWuBvf9Ss623VQ5DA invoke [2]
[2025-11-05T06:35:15.685975000Z DEBUG solana_runtime::message_processor::stable_log] Program log: Instruction: InitializeAccount3
[2025-11-05T06:35:15.686039000Z DEBUG solana_runtime::message_processor::stable_log] Program TokenkegQfeZyiNwAJbNbGKPFXCWuBvf9Ss623VQ5DA consumed 4214 of 184058 compute units
[2025-11-05T06:35:15.686048000Z DEBUG solana_runtime::message_processor::stable_log] Program TokenkegQfeZyiNwAJbNbGKPFXCWuBvf9Ss623VQ5DA success
[2025-11-05T06:35:15.686061000Z DEBUG solana_runtime::message_processor::stable_log] Program ATokenGPvbdGVxr1b2hvZbsiqW5xWH25efTNsLJA8knL consumed 20460 of 200000 compute units
[2025-11-05T06:35:15.686082000Z DEBUG solana_runtime::message_processor::stable_log] Program ATokenGPvbdGVxr1b2hvZbsiqW5xWH25efTNsLJA8knL success
[2025-11-05T06:35:15.689811000Z DEBUG solana_runtime::message_processor::stable_log] Program TokenkegQfeZyiNwAJbNbGKPFXCWuBvf9Ss623VQ5DA invoke [1]
[2025-11-05T06:35:15.689909000Z DEBUG solana_runtime::message_processor::stable_log] Program log: Instruction: MintTo
[2025-11-05T06:35:15.690114000Z DEBUG solana_runtime::message_processor::stable_log] Program TokenkegQfeZyiNwAJbNbGKPFXCWuBvf9Ss623VQ5DA consumed 4491 of 200000 compute units
[2025-11-05T06:35:15.690141000Z DEBUG solana_runtime::message_processor::stable_log] Program TokenkegQfeZyiNwAJbNbGKPFXCWuBvf9Ss623VQ5DA success
[2025-11-05T06:35:15.696569000Z DEBUG solana_runtime::message_processor::stable_log] Program ATokenGPvbdGVxr1b2hvZbsiqW5xWH25efTNsLJA8knL invoke [1]
[2025-11-05T06:35:15.696654000Z DEBUG solana_runtime::message_processor::stable_log] Program log: Create
[2025-11-05T06:35:15.696764000Z DEBUG solana_runtime::message_processor::stable_log] Program TokenkegQfeZyiNwAJbNbGKPFXCWuBvf9Ss623VQ5DA invoke [2]
[2025-11-05T06:35:15.696817000Z DEBUG solana_runtime::message_processor::stable_log] Program log: Instruction: GetAccountDataSize
[2025-11-05T06:35:15.696836000Z DEBUG solana_runtime::message_processor::stable_log] Program TokenkegQfeZyiNwAJbNbGKPFXCWuBvf9Ss623VQ5DA consumed 1595 of 184055 compute units
[2025-11-05T06:35:15.696844000Z DEBUG solana_runtime::message_processor::stable_log] Program return: TokenkegQfeZyiNwAJbNbGKPFXCWuBvf9Ss623VQ5DA pQAAAAAAAAA=
[2025-11-05T06:35:15.696853000Z DEBUG solana_runtime::message_processor::stable_log] Program TokenkegQfeZyiNwAJbNbGKPFXCWuBvf9Ss623VQ5DA success
[2025-11-05T06:35:15.696913000Z DEBUG solana_runtime::message_processor::stable_log] Program 11111111111111111111111111111111 invoke [2]
[2025-11-05T06:35:15.696921000Z DEBUG solana_runtime::message_processor::stable_log] Program 11111111111111111111111111111111 success
[2025-11-05T06:35:15.696927000Z DEBUG solana_runtime::message_processor::stable_log] Program log: Initialize the associated token account
[2025-11-05T06:35:15.696947000Z DEBUG solana_runtime::message_processor::stable_log] Program TokenkegQfeZyiNwAJbNbGKPFXCWuBvf9Ss623VQ5DA invoke [2]
[2025-11-05T06:35:15.696971000Z DEBUG solana_runtime::message_processor::stable_log] Program log: Instruction: InitializeImmutableOwner
[2025-11-05T06:35:15.696983000Z DEBUG solana_runtime::message_processor::stable_log] Program log: Please upgrade to SPL Token 2022 for immutable owner support
[2025-11-05T06:35:15.696987000Z DEBUG solana_runtime::message_processor::stable_log] Program TokenkegQfeZyiNwAJbNbGKPFXCWuBvf9Ss623VQ5DA consumed 1405 of 177442 compute units
[2025-11-05T06:35:15.696995000Z DEBUG solana_runtime::message_processor::stable_log] Program TokenkegQfeZyiNwAJbNbGKPFXCWuBvf9Ss623VQ5DA success
[2025-11-05T06:35:15.697032000Z DEBUG solana_runtime::message_processor::stable_log] Program TokenkegQfeZyiNwAJbNbGKPFXCWuBvf9Ss623VQ5DA invoke [2]
[2025-11-05T06:35:15.697062000Z DEBUG solana_runtime::message_processor::stable_log] Program log: Instruction: InitializeAccount3
[2025-11-05T06:35:15.697122000Z DEBUG solana_runtime::message_processor::stable_log] Program TokenkegQfeZyiNwAJbNbGKPFXCWuBvf9Ss623VQ5DA consumed 4214 of 173558 compute units
[2025-11-05T06:35:15.697130000Z DEBUG solana_runtime::message_processor::stable_log] Program TokenkegQfeZyiNwAJbNbGKPFXCWuBvf9Ss623VQ5DA success
[2025-11-05T06:35:15.697143000Z DEBUG solana_runtime::message_processor::stable_log] Program ATokenGPvbdGVxr1b2hvZbsiqW5xWH25efTNsLJA8knL consumed 30960 of 200000 compute units
[2025-11-05T06:35:15.697153000Z DEBUG solana_runtime::message_processor::stable_log] Program ATokenGPvbdGVxr1b2hvZbsiqW5xWH25efTNsLJA8knL success
[2025-11-05T06:35:15.700520000Z DEBUG solana_runtime::message_processor::stable_log] Program TokenkegQfeZyiNwAJbNbGKPFXCWuBvf9Ss623VQ5DA invoke [1]
[2025-11-05T06:35:15.700588000Z DEBUG solana_runtime::message_processor::stable_log] Program log: Instruction: MintTo
[2025-11-05T06:35:15.700650000Z DEBUG solana_runtime::message_processor::stable_log] Program TokenkegQfeZyiNwAJbNbGKPFXCWuBvf9Ss623VQ5DA consumed 4491 of 200000 compute units
[2025-11-05T06:35:15.700660000Z DEBUG solana_runtime::message_processor::stable_log] Program TokenkegQfeZyiNwAJbNbGKPFXCWuBvf9Ss623VQ5DA success
[2025-11-05T06:35:15.713933000Z DEBUG solana_runtime::message_processor::stable_log] Program ASmKWt93JEMHxbdE6j7znD9y2FcdPboCzC3xtSTJvN7S invoke [1]
[2025-11-05T06:35:15.713997000Z DEBUG solana_runtime::message_processor::stable_log] Program log: Instruction: CreateConfig
[2025-11-05T06:35:15.714093000Z DEBUG solana_runtime::message_processor::stable_log] Program 11111111111111111111111111111111 invoke [2]
[2025-11-05T06:35:15.714103000Z DEBUG solana_runtime::message_processor::stable_log] Program 11111111111111111111111111111111 success
[2025-11-05T06:35:15.714230000Z DEBUG solana_runtime::message_processor::stable_log] Program ASmKWt93JEMHxbdE6j7znD9y2FcdPboCzC3xtSTJvN7S invoke [2]
[2025-11-05T06:35:15.714283000Z DEBUG solana_runtime::message_processor::stable_log] Program ASmKWt93JEMHxbdE6j7znD9y2FcdPboCzC3xtSTJvN7S consumed 2069 of 186098 compute units
[2025-11-05T06:35:15.714293000Z DEBUG solana_runtime::message_processor::stable_log] Program ASmKWt93JEMHxbdE6j7znD9y2FcdPboCzC3xtSTJvN7S success
[2025-11-05T06:35:15.714309000Z DEBUG solana_runtime::message_processor::stable_log] Program ASmKWt93JEMHxbdE6j7znD9y2FcdPboCzC3xtSTJvN7S consumed 16276 of 200000 compute units
[2025-11-05T06:35:15.714319000Z DEBUG solana_runtime::message_processor::stable_log] Program ASmKWt93JEMHxbdE6j7znD9y2FcdPboCzC3xtSTJvN7S success
[2025-11-05T06:35:15.742639000Z DEBUG solana_runtime::message_processor::stable_log] Program ASmKWt93JEMHxbdE6j7znD9y2FcdPboCzC3xtSTJvN7S invoke [1]
[2025-11-05T06:35:15.742766000Z DEBUG solana_runtime::message_processor::stable_log] Program log: Instruction: InitializePool
[2025-11-05T06:35:15.742916000Z DEBUG solana_runtime::message_processor::stable_log] Program 11111111111111111111111111111111 invoke [2]
[2025-11-05T06:35:15.742925000Z DEBUG solana_runtime::message_processor::stable_log] Program 11111111111111111111111111111111 success
[2025-11-05T06:35:15.742961000Z DEBUG solana_runtime::message_processor::stable_log] Program TokenzQdBNbLqP5VEhdkAS6EPFLC1PHnBqCXEpPxuEb invoke [2]
[2025-11-05T06:35:15.742992000Z DEBUG solana_runtime::message_processor::stable_log] Program log: MetadataPointerInstruction::Initialize
[2025-11-05T06:35:15.743031000Z DEBUG solana_runtime::message_processor::stable_log] Program TokenzQdBNbLqP5VEhdkAS6EPFLC1PHnBqCXEpPxuEb consumed 2442 of 334963 compute units
[2025-11-05T06:35:15.743046000Z DEBUG solana_runtime::message_processor::stable_log] Program TokenzQdBNbLqP5VEhdkAS6EPFLC1PHnBqCXEpPxuEb success
[2025-11-05T06:35:15.743079000Z DEBUG solana_runtime::message_processor::stable_log] Program TokenzQdBNbLqP5VEhdkAS6EPFLC1PHnBqCXEpPxuEb invoke [2]
[2025-11-05T06:35:15.743102000Z DEBUG solana_runtime::message_processor::stable_log] Program log: Instruction: InitializeMintCloseAuthority
[2025-11-05T06:35:15.743136000Z DEBUG solana_runtime::message_processor::stable_log] Program TokenzQdBNbLqP5VEhdkAS6EPFLC1PHnBqCXEpPxuEb consumed 2570 of 330543 compute units
[2025-11-05T06:35:15.743149000Z DEBUG solana_runtime::message_processor::stable_log] Program TokenzQdBNbLqP5VEhdkAS6EPFLC1PHnBqCXEpPxuEb success
[2025-11-05T06:35:15.743180000Z DEBUG solana_runtime::message_processor::stable_log] Program TokenzQdBNbLqP5VEhdkAS6EPFLC1PHnBqCXEpPxuEb invoke [2]
[2025-11-05T06:35:15.743204000Z DEBUG solana_runtime::message_processor::stable_log] Program log: Instruction: InitializeMint2
[2025-11-05T06:35:15.743268000Z DEBUG solana_runtime::message_processor::stable_log] Program TokenzQdBNbLqP5VEhdkAS6EPFLC1PHnBqCXEpPxuEb consumed 4078 of 326031 compute units
[2025-11-05T06:35:15.743277000Z DEBUG solana_runtime::message_processor::stable_log] Program TokenzQdBNbLqP5VEhdkAS6EPFLC1PHnBqCXEpPxuEb success
[2025-11-05T06:35:15.743420000Z DEBUG solana_runtime::message_processor::stable_log] Program 11111111111111111111111111111111 invoke [2]
[2025-11-05T06:35:15.743424000Z DEBUG solana_runtime::message_processor::stable_log] Program 11111111111111111111111111111111 success
[2025-11-05T06:35:15.743454000Z DEBUG solana_runtime::message_processor::stable_log] Program TokenzQdBNbLqP5VEhdkAS6EPFLC1PHnBqCXEpPxuEb invoke [2]
[2025-11-05T06:35:15.743482000Z DEBUG solana_runtime::message_processor::stable_log] Program log: Instruction: InitializeAccount3
[2025-11-05T06:35:15.743564000Z DEBUG solana_runtime::message_processor::stable_log] Program TokenzQdBNbLqP5VEhdkAS6EPFLC1PHnBqCXEpPxuEb consumed 5137 of 309347 compute units
[2025-11-05T06:35:15.743572000Z DEBUG solana_runtime::message_processor::stable_log] Program TokenzQdBNbLqP5VEhdkAS6EPFLC1PHnBqCXEpPxuEb success
[2025-11-05T06:35:15.743681000Z DEBUG solana_runtime::message_processor::stable_log] Program 11111111111111111111111111111111 invoke [2]
[2025-11-05T06:35:15.743686000Z DEBUG solana_runtime::message_processor::stable_log] Program 11111111111111111111111111111111 success
[2025-11-05T06:35:15.743773000Z DEBUG solana_runtime::message_processor::stable_log] Program 11111111111111111111111111111111 invoke [2]
[2025-11-05T06:35:15.743776000Z DEBUG solana_runtime::message_processor::stable_log] Program 11111111111111111111111111111111 success
[2025-11-05T06:35:15.743856000Z DEBUG solana_runtime::message_processor::stable_log] Program 11111111111111111111111111111111 invoke [2]
[2025-11-05T06:35:15.743860000Z DEBUG solana_runtime::message_processor::stable_log] Program 11111111111111111111111111111111 success
[2025-11-05T06:35:15.743889000Z DEBUG solana_runtime::message_processor::stable_log] Program TokenkegQfeZyiNwAJbNbGKPFXCWuBvf9Ss623VQ5DA invoke [2]
[2025-11-05T06:35:15.743923000Z DEBUG solana_runtime::message_processor::stable_log] Program log: Instruction: InitializeAccount3
[2025-11-05T06:35:15.743986000Z DEBUG solana_runtime::message_processor::stable_log] Program TokenkegQfeZyiNwAJbNbGKPFXCWuBvf9Ss623VQ5DA consumed 4214 of 279744 compute units
[2025-11-05T06:35:15.743995000Z DEBUG solana_runtime::message_processor::stable_log] Program TokenkegQfeZyiNwAJbNbGKPFXCWuBvf9Ss623VQ5DA success
[2025-11-05T06:35:15.744099000Z DEBUG solana_runtime::message_processor::stable_log] Program 11111111111111111111111111111111 invoke [2]
[2025-11-05T06:35:15.744104000Z DEBUG solana_runtime::message_processor::stable_log] Program 11111111111111111111111111111111 success
[2025-11-05T06:35:15.744153000Z DEBUG solana_runtime::message_processor::stable_log] Program TokenkegQfeZyiNwAJbNbGKPFXCWuBvf9Ss623VQ5DA invoke [2]
[2025-11-05T06:35:15.744194000Z DEBUG solana_runtime::message_processor::stable_log] Program log: Instruction: InitializeAccount3
[2025-11-05T06:35:15.744258000Z DEBUG solana_runtime::message_processor::stable_log] Program TokenkegQfeZyiNwAJbNbGKPFXCWuBvf9Ss623VQ5DA consumed 4214 of 266605 compute units
[2025-11-05T06:35:15.744268000Z DEBUG solana_runtime::message_processor::stable_log] Program TokenkegQfeZyiNwAJbNbGKPFXCWuBvf9Ss623VQ5DA success
[2025-11-05T06:35:15.744542000Z DEBUG solana_runtime::message_processor::stable_log] Program TokenzQdBNbLqP5VEhdkAS6EPFLC1PHnBqCXEpPxuEb invoke [2]
[2025-11-05T06:35:15.744598000Z DEBUG solana_runtime::message_processor::stable_log] Program log: TokenMetadataInstruction: Initialize
[2025-11-05T06:35:15.744737000Z DEBUG solana_runtime::message_processor::stable_log] Program TokenzQdBNbLqP5VEhdkAS6EPFLC1PHnBqCXEpPxuEb consumed 9900 of 250103 compute units
[2025-11-05T06:35:15.744748000Z DEBUG solana_runtime::message_processor::stable_log] Program TokenzQdBNbLqP5VEhdkAS6EPFLC1PHnBqCXEpPxuEb success
[2025-11-05T06:35:15.744794000Z DEBUG solana_runtime::message_processor::stable_log] Program 11111111111111111111111111111111 invoke [2]
[2025-11-05T06:35:15.744799000Z DEBUG solana_runtime::message_processor::stable_log] Program 11111111111111111111111111111111 success
[2025-11-05T06:35:15.744855000Z DEBUG solana_runtime::message_processor::stable_log] Program TokenzQdBNbLqP5VEhdkAS6EPFLC1PHnBqCXEpPxuEb invoke [2]
[2025-11-05T06:35:15.744890000Z DEBUG solana_runtime::message_processor::stable_log] Program log: Instruction: MintTo
[2025-11-05T06:35:15.744973000Z DEBUG solana_runtime::message_processor::stable_log] Program TokenzQdBNbLqP5VEhdkAS6EPFLC1PHnBqCXEpPxuEb consumed 5540 of 235141 compute units
[2025-11-05T06:35:15.744982000Z DEBUG solana_runtime::message_processor::stable_log] Program TokenzQdBNbLqP5VEhdkAS6EPFLC1PHnBqCXEpPxuEb success
[2025-11-05T06:35:15.745036000Z DEBUG solana_runtime::message_processor::stable_log] Program ASmKWt93JEMHxbdE6j7znD9y2FcdPboCzC3xtSTJvN7S invoke [2]
[2025-11-05T06:35:15.745071000Z DEBUG solana_runtime::message_processor::stable_log] Program ASmKWt93JEMHxbdE6j7znD9y2FcdPboCzC3xtSTJvN7S consumed 2069 of 226536 compute units
[2025-11-05T06:35:15.745080000Z DEBUG solana_runtime::message_processor::stable_log] Program ASmKWt93JEMHxbdE6j7znD9y2FcdPboCzC3xtSTJvN7S success
[2025-11-05T06:35:15.745130000Z DEBUG solana_runtime::message_processor::stable_log] Program TokenkegQfeZyiNwAJbNbGKPFXCWuBvf9Ss623VQ5DA invoke [2]
[2025-11-05T06:35:15.745167000Z DEBUG solana_runtime::message_processor::stable_log] Program log: Instruction: TransferChecked
[2025-11-05T06:35:15.745247000Z DEBUG solana_runtime::message_processor::stable_log] Program TokenkegQfeZyiNwAJbNbGKPFXCWuBvf9Ss623VQ5DA consumed 6174 of 221923 compute units
[2025-11-05T06:35:15.745256000Z DEBUG solana_runtime::message_processor::stable_log] Program TokenkegQfeZyiNwAJbNbGKPFXCWuBvf9Ss623VQ5DA success
[2025-11-05T06:35:15.745300000Z DEBUG solana_runtime::message_processor::stable_log] Program TokenkegQfeZyiNwAJbNbGKPFXCWuBvf9Ss623VQ5DA invoke [2]
[2025-11-05T06:35:15.745332000Z DEBUG solana_runtime::message_processor::stable_log] Program log: Instruction: TransferChecked
[2025-11-05T06:35:15.745407000Z DEBUG solana_runtime::message_processor::stable_log] Program TokenkegQfeZyiNwAJbNbGKPFXCWuBvf9Ss623VQ5DA consumed 6174 of 213339 compute units
[2025-11-05T06:35:15.745416000Z DEBUG solana_runtime::message_processor::stable_log] Program TokenkegQfeZyiNwAJbNbGKPFXCWuBvf9Ss623VQ5DA success
[2025-11-05T06:35:15.745498000Z DEBUG solana_runtime::message_processor::stable_log] Program ASmKWt93JEMHxbdE6j7znD9y2FcdPboCzC3xtSTJvN7S invoke [2]
[2025-11-05T06:35:15.745532000Z DEBUG solana_runtime::message_processor::stable_log] Program ASmKWt93JEMHxbdE6j7znD9y2FcdPboCzC3xtSTJvN7S consumed 2069 of 202084 compute units
[2025-11-05T06:35:15.745541000Z DEBUG solana_runtime::message_processor::stable_log] Program ASmKWt93JEMHxbdE6j7znD9y2FcdPboCzC3xtSTJvN7S success
[2025-11-05T06:35:15.745568000Z DEBUG solana_runtime::message_processor::stable_log] Program ASmKWt93JEMHxbdE6j7znD9y2FcdPboCzC3xtSTJvN7S consumed 150779 of 350000 compute units
[2025-11-05T06:35:15.745583000Z DEBUG solana_runtime::message_processor::stable_log] Program ASmKWt93JEMHxbdE6j7znD9y2FcdPboCzC3xtSTJvN7S success
[2025-11-05T06:35:15.745592000Z DEBUG solana_runtime::message_processor::stable_log] Program ComputeBudget111111111111111111111111111111 invoke [1]
[2025-11-05T06:35:15.745600000Z DEBUG solana_runtime::message_processor::stable_log] Program ComputeBudget111111111111111111111111111111 success
[2025-11-05T06:35:15.765031000Z DEBUG solana_runtime::message_processor::stable_log] Program ASmKWt93JEMHxbdE6j7znD9y2FcdPboCzC3xtSTJvN7S invoke [1]
[2025-11-05T06:35:15.765136000Z DEBUG solana_runtime::message_processor::stable_log] Program log: Instruction: CreatePosition
[2025-11-05T06:35:15.765219000Z DEBUG solana_runtime::message_processor::stable_log] Program 11111111111111111111111111111111 invoke [2]
[2025-11-05T06:35:15.765231000Z DEBUG solana_runtime::message_processor::stable_log] Program 11111111111111111111111111111111 success
[2025-11-05T06:35:15.765270000Z DEBUG solana_runtime::message_processor::stable_log] Program TokenzQdBNbLqP5VEhdkAS6EPFLC1PHnBqCXEpPxuEb invoke [2]
[2025-11-05T06:35:15.765307000Z DEBUG solana_runtime::message_processor::stable_log] Program log: MetadataPointerInstruction::Initialize
[2025-11-05T06:35:15.765347000Z DEBUG solana_runtime::message_processor::stable_log] Program TokenzQdBNbLqP5VEhdkAS6EPFLC1PHnBqCXEpPxuEb consumed 2442 of 191116 compute units
[2025-11-05T06:35:15.765358000Z DEBUG solana_runtime::message_processor::stable_log] Program TokenzQdBNbLqP5VEhdkAS6EPFLC1PHnBqCXEpPxuEb success
[2025-11-05T06:35:15.765394000Z DEBUG solana_runtime::message_processor::stable_log] Program TokenzQdBNbLqP5VEhdkAS6EPFLC1PHnBqCXEpPxuEb invoke [2]
[2025-11-05T06:35:15.765418000Z DEBUG solana_runtime::message_processor::stable_log] Program log: Instruction: InitializeMintCloseAuthority
[2025-11-05T06:35:15.765453000Z DEBUG solana_runtime::message_processor::stable_log] Program TokenzQdBNbLqP5VEhdkAS6EPFLC1PHnBqCXEpPxuEb consumed 2570 of 186696 compute units
[2025-11-05T06:35:15.765461000Z DEBUG solana_runtime::message_processor::stable_log] Program TokenzQdBNbLqP5VEhdkAS6EPFLC1PHnBqCXEpPxuEb success
[2025-11-05T06:35:15.765493000Z DEBUG solana_runtime::message_processor::stable_log] Program TokenzQdBNbLqP5VEhdkAS6EPFLC1PHnBqCXEpPxuEb invoke [2]
[2025-11-05T06:35:15.765520000Z DEBUG solana_runtime::message_processor::stable_log] Program log: Instruction: InitializeMint2
[2025-11-05T06:35:15.765587000Z DEBUG solana_runtime::message_processor::stable_log] Program TokenzQdBNbLqP5VEhdkAS6EPFLC1PHnBqCXEpPxuEb consumed 4078 of 182183 compute units
[2025-11-05T06:35:15.765596000Z DEBUG solana_runtime::message_processor::stable_log] Program TokenzQdBNbLqP5VEhdkAS6EPFLC1PHnBqCXEpPxuEb success
[2025-11-05T06:35:15.765726000Z DEBUG solana_runtime::message_processor::stable_log] Program 11111111111111111111111111111111 invoke [2]
[2025-11-05T06:35:15.765732000Z DEBUG solana_runtime::message_processor::stable_log] Program 11111111111111111111111111111111 success
[2025-11-05T06:35:15.765769000Z DEBUG solana_runtime::message_processor::stable_log] Program TokenzQdBNbLqP5VEhdkAS6EPFLC1PHnBqCXEpPxuEb invoke [2]
[2025-11-05T06:35:15.765802000Z DEBUG solana_runtime::message_processor::stable_log] Program log: Instruction: InitializeAccount3
[2025-11-05T06:35:15.765885000Z DEBUG solana_runtime::message_processor::stable_log] Program TokenzQdBNbLqP5VEhdkAS6EPFLC1PHnBqCXEpPxuEb consumed 5137 of 168499 compute units
[2025-11-05T06:35:15.765897000Z DEBUG solana_runtime::message_processor::stable_log] Program TokenzQdBNbLqP5VEhdkAS6EPFLC1PHnBqCXEpPxuEb success
[2025-11-05T06:35:15.766008000Z DEBUG solana_runtime::message_processor::stable_log] Program 11111111111111111111111111111111 invoke [2]
[2025-11-05T06:35:15.766012000Z DEBUG solana_runtime::message_processor::stable_log] Program 11111111111111111111111111111111 success
[2025-11-05T06:35:15.766271000Z DEBUG solana_runtime::message_processor::stable_log] Program TokenzQdBNbLqP5VEhdkAS6EPFLC1PHnBqCXEpPxuEb invoke [2]
[2025-11-05T06:35:15.766338000Z DEBUG solana_runtime::message_processor::stable_log] Program log: TokenMetadataInstruction: Initialize
[2025-11-05T06:35:15.766476000Z DEBUG solana_runtime::message_processor::stable_log] Program TokenzQdBNbLqP5VEhdkAS6EPFLC1PHnBqCXEpPxuEb consumed 9900 of 148769 compute units
[2025-11-05T06:35:15.766488000Z DEBUG solana_runtime::message_processor::stable_log] Program TokenzQdBNbLqP5VEhdkAS6EPFLC1PHnBqCXEpPxuEb success
[2025-11-05T06:35:15.766538000Z DEBUG solana_runtime::message_processor::stable_log] Program 11111111111111111111111111111111 invoke [2]
[2025-11-05T06:35:15.766544000Z DEBUG solana_runtime::message_processor::stable_log] Program 11111111111111111111111111111111 success
[2025-11-05T06:35:15.766588000Z DEBUG solana_runtime::message_processor::stable_log] Program TokenzQdBNbLqP5VEhdkAS6EPFLC1PHnBqCXEpPxuEb invoke [2]
[2025-11-05T06:35:15.766622000Z DEBUG solana_runtime::message_processor::stable_log] Program log: Instruction: MintTo
[2025-11-05T06:35:15.766703000Z DEBUG solana_runtime::message_processor::stable_log] Program TokenzQdBNbLqP5VEhdkAS6EPFLC1PHnBqCXEpPxuEb consumed 5540 of 133807 compute units
[2025-11-05T06:35:15.766713000Z DEBUG solana_runtime::message_processor::stable_log] Program TokenzQdBNbLqP5VEhdkAS6EPFLC1PHnBqCXEpPxuEb success
[2025-11-05T06:35:15.766770000Z DEBUG solana_runtime::message_processor::stable_log] Program ASmKWt93JEMHxbdE6j7znD9y2FcdPboCzC3xtSTJvN7S invoke [2]
[2025-11-05T06:35:15.766811000Z DEBUG solana_runtime::message_processor::stable_log] Program ASmKWt93JEMHxbdE6j7znD9y2FcdPboCzC3xtSTJvN7S consumed 2069 of 125201 compute units
[2025-11-05T06:35:15.766821000Z DEBUG solana_runtime::message_processor::stable_log] Program ASmKWt93JEMHxbdE6j7znD9y2FcdPboCzC3xtSTJvN7S success
[2025-11-05T06:35:15.766842000Z DEBUG solana_runtime::message_processor::stable_log] Program ASmKWt93JEMHxbdE6j7znD9y2FcdPboCzC3xtSTJvN7S consumed 77433 of 200000 compute units
[2025-11-05T06:35:15.766855000Z DEBUG solana_runtime::message_processor::stable_log] Program ASmKWt93JEMHxbdE6j7znD9y2FcdPboCzC3xtSTJvN7S success
[2025-11-05T06:35:15.795409000Z DEBUG solana_runtime::message_processor::stable_log] Program ASmKWt93JEMHxbdE6j7znD9y2FcdPboCzC3xtSTJvN7S invoke [1]
[2025-11-05T06:35:15.795529000Z DEBUG solana_runtime::message_processor::stable_log] Program log: Instruction: AddLiquidity
[2025-11-05T06:35:15.795893000Z DEBUG solana_runtime::message_processor::stable_log] Program TokenkegQfeZyiNwAJbNbGKPFXCWuBvf9Ss623VQ5DA invoke [2]
[2025-11-05T06:35:15.795944000Z DEBUG solana_runtime::message_processor::stable_log] Program log: Instruction: TransferChecked
[2025-11-05T06:35:15.796047000Z DEBUG solana_runtime::message_processor::stable_log] Program TokenkegQfeZyiNwAJbNbGKPFXCWuBvf9Ss623VQ5DA consumed 6174 of 178459 compute units
[2025-11-05T06:35:15.796064000Z DEBUG solana_runtime::message_processor::stable_log] Program TokenkegQfeZyiNwAJbNbGKPFXCWuBvf9Ss623VQ5DA success
[2025-11-05T06:35:15.796114000Z DEBUG solana_runtime::message_processor::stable_log] Program TokenkegQfeZyiNwAJbNbGKPFXCWuBvf9Ss623VQ5DA invoke [2]
[2025-11-05T06:35:15.796149000Z DEBUG solana_runtime::message_processor::stable_log] Program log: Instruction: TransferChecked
[2025-11-05T06:35:15.796230000Z DEBUG solana_runtime::message_processor::stable_log] Program TokenkegQfeZyiNwAJbNbGKPFXCWuBvf9Ss623VQ5DA consumed 6174 of 169875 compute units
[2025-11-05T06:35:15.796240000Z DEBUG solana_runtime::message_processor::stable_log] Program TokenkegQfeZyiNwAJbNbGKPFXCWuBvf9Ss623VQ5DA success
[2025-11-05T06:35:15.796298000Z DEBUG solana_runtime::message_processor::stable_log] Program ASmKWt93JEMHxbdE6j7znD9y2FcdPboCzC3xtSTJvN7S invoke [2]
[2025-11-05T06:35:15.796334000Z DEBUG solana_runtime::message_processor::stable_log] Program ASmKWt93JEMHxbdE6j7znD9y2FcdPboCzC3xtSTJvN7S consumed 2069 of 160447 compute units
[2025-11-05T06:35:15.796343000Z DEBUG solana_runtime::message_processor::stable_log] Program ASmKWt93JEMHxbdE6j7znD9y2FcdPboCzC3xtSTJvN7S success
[2025-11-05T06:35:15.796460000Z DEBUG solana_runtime::message_processor::stable_log] Program ASmKWt93JEMHxbdE6j7znD9y2FcdPboCzC3xtSTJvN7S invoke [2]
[2025-11-05T06:35:15.796491000Z DEBUG solana_runtime::message_processor::stable_log] Program ASmKWt93JEMHxbdE6j7znD9y2FcdPboCzC3xtSTJvN7S consumed 2069 of 151677 compute units
[2025-11-05T06:35:15.796499000Z DEBUG solana_runtime::message_processor::stable_log] Program ASmKWt93JEMHxbdE6j7znD9y2FcdPboCzC3xtSTJvN7S success
[2025-11-05T06:35:15.796523000Z DEBUG solana_runtime::message_processor::stable_log] Program ASmKWt93JEMHxbdE6j7znD9y2FcdPboCzC3xtSTJvN7S consumed 51033 of 200000 compute units
[2025-11-05T06:35:15.796533000Z DEBUG solana_runtime::message_processor::stable_log] Program ASmKWt93JEMHxbdE6j7znD9y2FcdPboCzC3xtSTJvN7S success
[2025-11-05T06:35:15.816038000Z DEBUG solana_runtime::message_processor::stable_log] Program ASmKWt93JEMHxbdE6j7znD9y2FcdPboCzC3xtSTJvN7S invoke [1]
[2025-11-05T06:35:15.816157000Z DEBUG solana_runtime::message_processor::stable_log] Program log: Instruction: Swap
[2025-11-05T06:35:15.816448000Z DEBUG solana_runtime::message_processor::stable_log] Program TokenkegQfeZyiNwAJbNbGKPFXCWuBvf9Ss623VQ5DA invoke [2]
[2025-11-05T06:35:15.816491000Z DEBUG solana_runtime::message_processor::stable_log] Program log: Instruction: TransferChecked
[2025-11-05T06:35:15.816571000Z DEBUG solana_runtime::message_processor::stable_log] Program TokenkegQfeZyiNwAJbNbGKPFXCWuBvf9Ss623VQ5DA consumed 6174 of 179168 compute units
[2025-11-05T06:35:15.816582000Z DEBUG solana_runtime::message_processor::stable_log] Program TokenkegQfeZyiNwAJbNbGKPFXCWuBvf9Ss623VQ5DA success
[2025-11-05T06:35:15.816633000Z DEBUG solana_runtime::message_processor::stable_log] Program TokenkegQfeZyiNwAJbNbGKPFXCWuBvf9Ss623VQ5DA invoke [2]
[2025-11-05T06:35:15.816667000Z DEBUG solana_runtime::message_processor::stable_log] Program log: Instruction: TransferChecked
[2025-11-05T06:35:15.816748000Z DEBUG solana_runtime::message_processor::stable_log] Program TokenkegQfeZyiNwAJbNbGKPFXCWuBvf9Ss623VQ5DA consumed 6269 of 170530 compute units
[2025-11-05T06:35:15.816756000Z DEBUG solana_runtime::message_processor::stable_log] Program TokenkegQfeZyiNwAJbNbGKPFXCWuBvf9Ss623VQ5DA success
[2025-11-05T06:35:15.816861000Z DEBUG solana_runtime::message_processor::stable_log] Program ASmKWt93JEMHxbdE6j7znD9y2FcdPboCzC3xtSTJvN7S invoke [2]
[2025-11-05T06:35:15.816899000Z DEBUG solana_runtime::message_processor::stable_log] Program ASmKWt93JEMHxbdE6j7znD9y2FcdPboCzC3xtSTJvN7S consumed 2069 of 157964 compute units
[2025-11-05T06:35:15.816907000Z DEBUG solana_runtime::message_processor::stable_log] Program ASmKWt93JEMHxbdE6j7znD9y2FcdPboCzC3xtSTJvN7S success
[2025-11-05T06:35:15.816960000Z DEBUG solana_runtime::message_processor::stable_log] Program ASmKWt93JEMHxbdE6j7znD9y2FcdPboCzC3xtSTJvN7S invoke [2]
[2025-11-05T06:35:15.816987000Z DEBUG solana_runtime::message_processor::stable_log] Program ASmKWt93JEMHxbdE6j7znD9y2FcdPboCzC3xtSTJvN7S consumed 2069 of 152266 compute units
[2025-11-05T06:35:15.816995000Z DEBUG solana_runtime::message_processor::stable_log] Program ASmKWt93JEMHxbdE6j7znD9y2FcdPboCzC3xtSTJvN7S success
[2025-11-05T06:35:15.817012000Z DEBUG solana_runtime::message_processor::stable_log] Program ASmKWt93JEMHxbdE6j7znD9y2FcdPboCzC3xtSTJvN7S consumed 50337 of 200000 compute units
[2025-11-05T06:35:15.817022000Z DEBUG solana_runtime::message_processor::stable_log] Program ASmKWt93JEMHxbdE6j7znD9y2FcdPboCzC3xtSTJvN7S success
[2025-11-05T06:35:15.837649000Z DEBUG solana_runtime::message_processor::stable_log] Program ASmKWt93JEMHxbdE6j7znD9y2FcdPboCzC3xtSTJvN7S invoke [1]
[2025-11-05T06:35:15.837766000Z DEBUG solana_runtime::message_processor::stable_log] Program log: Instruction: ClaimPositionFee
[2025-11-05T06:35:15.837989000Z DEBUG solana_runtime::message_processor::stable_log] Program ASmKWt93JEMHxbdE6j7znD9y2FcdPboCzC3xtSTJvN7S invoke [2]
[2025-11-05T06:35:15.838023000Z DEBUG solana_runtime::message_processor::stable_log] Program ASmKWt93JEMHxbdE6j7znD9y2FcdPboCzC3xtSTJvN7S consumed 2069 of 181287 compute units
[2025-11-05T06:35:15.838033000Z DEBUG solana_runtime::message_processor::stable_log] Program ASmKWt93JEMHxbdE6j7znD9y2FcdPboCzC3xtSTJvN7S success
[2025-11-05T06:35:15.838052000Z DEBUG solana_runtime::message_processor::stable_log] Program ASmKWt93JEMHxbdE6j7znD9y2FcdPboCzC3xtSTJvN7S consumed 21323 of 200000 compute units
[2025-11-05T06:35:15.838061000Z DEBUG solana_runtime::message_processor::stable_log] Program ASmKWt93JEMHxbdE6j7znD9y2FcdPboCzC3xtSTJvN7S success
    ✔ User claim position fee (66ms)

  Admin function: Create config
[2025-11-05T06:35:15.839800000Z INFO  solana_program_test] "cp_amm" SBF program from ./target/deploy/cp_amm.so, modified 24 minutes, 23 seconds, 187 ms, 116 µs and 203 ns ago
[2025-11-05T06:35:15.839986000Z INFO  solana_program_test] "fee_router" SBF program from ./target/deploy/fee_router.so, modified 25 seconds, 924 ms, 245 µs and 331 ns ago
[2025-11-05T06:35:15.840107000Z INFO  solana_program_test] "transfer_hook_counter" SBF program from tests/fixtures/transfer_hook_counter.so, modified 3 weeks, 22 hours, 58 minutes, 50 seconds, 665 ms, 707 µs and 196 ns ago
[2025-11-05T06:35:15.840451000Z INFO  solana_program_test] "alpha_vault" SBF program from tests/fixtures/alpha_vault.so, modified 3 weeks, 22 hours, 58 minutes, 50 seconds, 666 ms, 734 µs and 72 ns ago
[2025-11-05T06:35:15.840872000Z INFO  solana_program_test] "streamflow" SBF program from tests/fixtures/streamflow.so, modified 3 weeks, 6 hours, 59 minutes, 551 ms, 787 µs and 387 ns ago
[2025-11-05T06:35:15.841409000Z INFO  solana_program_test] "cp_amm" SBF program from ./target/deploy/cp_amm.so, modified 24 minutes, 23 seconds, 188 ms, 726 µs and 203 ns ago
[2025-11-05T06:35:15.841608000Z INFO  solana_program_test] "fee_router" SBF program from ./target/deploy/fee_router.so, modified 25 seconds, 925 ms, 867 µs and 331 ns ago
[2025-11-05T06:35:15.861178000Z INFO  solana_program_test] Overriding account at ASmKWt93JEMHxbdE6j7znD9y2FcdPboCzC3xtSTJvN7S
[2025-11-05T06:35:15.861195000Z INFO  solana_program_test] Overriding account at 5B57SJ3g2YoNXUpsZqqjEQkRSxyKtVTQRXdgAirz6bio
[2025-11-05T06:35:15.871715000Z DEBUG solana_runtime::message_processor::stable_log] Program 11111111111111111111111111111111 invoke [1]
[2025-11-05T06:35:15.871727000Z DEBUG solana_runtime::message_processor::stable_log] Program 11111111111111111111111111111111 success
[2025-11-05T06:35:15.884072000Z DEBUG solana_runtime::message_processor::stable_log] Program ASmKWt93JEMHxbdE6j7znD9y2FcdPboCzC3xtSTJvN7S invoke [1]
[2025-11-05T06:35:15.884145000Z DEBUG solana_runtime::message_processor::stable_log] Program log: Instruction: CreateConfig
[2025-11-05T06:35:15.884241000Z DEBUG solana_runtime::message_processor::stable_log] Program 11111111111111111111111111111111 invoke [2]
[2025-11-05T06:35:15.884250000Z DEBUG solana_runtime::message_processor::stable_log] Program 11111111111111111111111111111111 success
[2025-11-05T06:35:15.884348000Z DEBUG solana_runtime::message_processor::stable_log] Program ASmKWt93JEMHxbdE6j7znD9y2FcdPboCzC3xtSTJvN7S invoke [2]
[2025-11-05T06:35:15.884385000Z DEBUG solana_runtime::message_processor::stable_log] Program ASmKWt93JEMHxbdE6j7znD9y2FcdPboCzC3xtSTJvN7S consumed 2069 of 184598 compute units
[2025-11-05T06:35:15.884397000Z DEBUG solana_runtime::message_processor::stable_log] Program ASmKWt93JEMHxbdE6j7znD9y2FcdPboCzC3xtSTJvN7S success
[2025-11-05T06:35:15.884411000Z DEBUG solana_runtime::message_processor::stable_log] Program ASmKWt93JEMHxbdE6j7znD9y2FcdPboCzC3xtSTJvN7S consumed 17776 of 200000 compute units
[2025-11-05T06:35:15.884421000Z DEBUG solana_runtime::message_processor::stable_log] Program ASmKWt93JEMHxbdE6j7znD9y2FcdPboCzC3xtSTJvN7S success
    ✔ Admin create config
[2025-11-05T06:35:15.890624000Z INFO  solana_program_test] "cp_amm" SBF program from ./target/deploy/cp_amm.so, modified 24 minutes, 23 seconds, 237 ms, 936 µs and 203 ns ago
[2025-11-05T06:35:15.890825000Z INFO  solana_program_test] "fee_router" SBF program from ./target/deploy/fee_router.so, modified 25 seconds, 975 ms, 84 µs and 331 ns ago
[2025-11-05T06:35:15.890963000Z INFO  solana_program_test] "transfer_hook_counter" SBF program from tests/fixtures/transfer_hook_counter.so, modified 3 weeks, 22 hours, 58 minutes, 50 seconds, 716 ms, 562 µs and 196 ns ago
[2025-11-05T06:35:15.891174000Z INFO  solana_program_test] "alpha_vault" SBF program from tests/fixtures/alpha_vault.so, modified 3 weeks, 22 hours, 58 minutes, 50 seconds, 717 ms, 461 µs and 72 ns ago
[2025-11-05T06:35:15.891477000Z INFO  solana_program_test] "streamflow" SBF program from tests/fixtures/streamflow.so, modified 3 weeks, 6 hours, 59 minutes, 602 ms, 393 µs and 387 ns ago
[2025-11-05T06:35:15.891742000Z INFO  solana_program_test] "cp_amm" SBF program from ./target/deploy/cp_amm.so, modified 24 minutes, 23 seconds, 239 ms, 61 µs and 203 ns ago
[2025-11-05T06:35:15.891872000Z INFO  solana_program_test] "fee_router" SBF program from ./target/deploy/fee_router.so, modified 25 seconds, 976 ms, 131 µs and 331 ns ago
[2025-11-05T06:35:15.909827000Z INFO  solana_program_test] Overriding account at ASmKWt93JEMHxbdE6j7znD9y2FcdPboCzC3xtSTJvN7S
[2025-11-05T06:35:15.909844000Z INFO  solana_program_test] Overriding account at 5B57SJ3g2YoNXUpsZqqjEQkRSxyKtVTQRXdgAirz6bio
[2025-11-05T06:35:15.920141000Z DEBUG solana_runtime::message_processor::stable_log] Program 11111111111111111111111111111111 invoke [1]
[2025-11-05T06:35:15.920152000Z DEBUG solana_runtime::message_processor::stable_log] Program 11111111111111111111111111111111 success
[2025-11-05T06:35:15.932441000Z DEBUG solana_runtime::message_processor::stable_log] Program ASmKWt93JEMHxbdE6j7znD9y2FcdPboCzC3xtSTJvN7S invoke [1]
[2025-11-05T06:35:15.932507000Z DEBUG solana_runtime::message_processor::stable_log] Program log: Instruction: CreateConfig
[2025-11-05T06:35:15.932590000Z DEBUG solana_runtime::message_processor::stable_log] Program 11111111111111111111111111111111 invoke [2]
[2025-11-05T06:35:15.932599000Z DEBUG solana_runtime::message_processor::stable_log] Program 11111111111111111111111111111111 success
[2025-11-05T06:35:15.932694000Z DEBUG solana_runtime::message_processor::stable_log] Program ASmKWt93JEMHxbdE6j7znD9y2FcdPboCzC3xtSTJvN7S invoke [2]
[2025-11-05T06:35:15.932728000Z DEBUG solana_runtime::message_processor::stable_log] Program ASmKWt93JEMHxbdE6j7znD9y2FcdPboCzC3xtSTJvN7S consumed 2069 of 186098 compute units
[2025-11-05T06:35:15.932737000Z DEBUG solana_runtime::message_processor::stable_log] Program ASmKWt93JEMHxbdE6j7znD9y2FcdPboCzC3xtSTJvN7S success
[2025-11-05T06:35:15.932751000Z DEBUG solana_runtime::message_processor::stable_log] Program ASmKWt93JEMHxbdE6j7znD9y2FcdPboCzC3xtSTJvN7S consumed 16276 of 200000 compute units
[2025-11-05T06:35:15.932759000Z DEBUG solana_runtime::message_processor::stable_log] Program ASmKWt93JEMHxbdE6j7znD9y2FcdPboCzC3xtSTJvN7S success
[2025-11-05T06:35:15.946364000Z DEBUG solana_runtime::message_processor::stable_log] Program ASmKWt93JEMHxbdE6j7znD9y2FcdPboCzC3xtSTJvN7S invoke [1]
[2025-11-05T06:35:15.946430000Z DEBUG solana_runtime::message_processor::stable_log] Program log: Instruction: CloseConfig
[2025-11-05T06:35:15.946571000Z DEBUG solana_runtime::message_processor::stable_log] Program ASmKWt93JEMHxbdE6j7znD9y2FcdPboCzC3xtSTJvN7S invoke [2]
[2025-11-05T06:35:15.946612000Z DEBUG solana_runtime::message_processor::stable_log] Program ASmKWt93JEMHxbdE6j7znD9y2FcdPboCzC3xtSTJvN7S consumed 2069 of 194337 compute units
[2025-11-05T06:35:15.946625000Z DEBUG solana_runtime::message_processor::stable_log] Program ASmKWt93JEMHxbdE6j7znD9y2FcdPboCzC3xtSTJvN7S success
[2025-11-05T06:35:15.946647000Z DEBUG solana_runtime::message_processor::stable_log] Program ASmKWt93JEMHxbdE6j7znD9y2FcdPboCzC3xtSTJvN7S consumed 8125 of 200000 compute units
[2025-11-05T06:35:15.946656000Z DEBUG solana_runtime::message_processor::stable_log] Program ASmKWt93JEMHxbdE6j7znD9y2FcdPboCzC3xtSTJvN7S success
    ✔ Admin close config
[2025-11-05T06:35:15.948120000Z INFO  solana_program_test] "cp_amm" SBF program from ./target/deploy/cp_amm.so, modified 24 minutes, 23 seconds, 295 ms, 436 µs and 203 ns ago
[2025-11-05T06:35:15.948279000Z INFO  solana_program_test] "fee_router" SBF program from ./target/deploy/fee_router.so, modified 26 seconds, 32 ms, 538 µs and 331 ns ago
[2025-11-05T06:35:15.948870000Z INFO  solana_program_test] "transfer_hook_counter" SBF program from tests/fixtures/transfer_hook_counter.so, modified 3 weeks, 22 hours, 58 minutes, 50 seconds, 774 ms, 468 µs and 196 ns ago
[2025-11-05T06:35:15.949145000Z INFO  solana_program_test] "alpha_vault" SBF program from tests/fixtures/alpha_vault.so, modified 3 weeks, 22 hours, 58 minutes, 50 seconds, 775 ms, 430 µs and 72 ns ago
[2025-11-05T06:35:15.949801000Z INFO  solana_program_test] "streamflow" SBF program from tests/fixtures/streamflow.so, modified 3 weeks, 6 hours, 59 minutes, 660 ms, 716 µs and 387 ns ago
[2025-11-05T06:35:15.950628000Z INFO  solana_program_test] "cp_amm" SBF program from ./target/deploy/cp_amm.so, modified 24 minutes, 23 seconds, 297 ms, 943 µs and 203 ns ago
[2025-11-05T06:35:15.950929000Z INFO  solana_program_test] "fee_router" SBF program from ./target/deploy/fee_router.so, modified 26 seconds, 35 ms, 187 µs and 331 ns ago
[2025-11-05T06:35:15.969802000Z INFO  solana_program_test] Overriding account at ASmKWt93JEMHxbdE6j7znD9y2FcdPboCzC3xtSTJvN7S
[2025-11-05T06:35:15.969817000Z INFO  solana_program_test] Overriding account at 5B57SJ3g2YoNXUpsZqqjEQkRSxyKtVTQRXdgAirz6bio
[2025-11-05T06:35:15.980107000Z DEBUG solana_runtime::message_processor::stable_log] Program 11111111111111111111111111111111 invoke [1]
[2025-11-05T06:35:15.980119000Z DEBUG solana_runtime::message_processor::stable_log] Program 11111111111111111111111111111111 success
[2025-11-05T06:35:15.992502000Z DEBUG solana_runtime::message_processor::stable_log] Program ASmKWt93JEMHxbdE6j7znD9y2FcdPboCzC3xtSTJvN7S invoke [1]
[2025-11-05T06:35:15.992572000Z DEBUG solana_runtime::message_processor::stable_log] Program log: Instruction: CreateConfig
[2025-11-05T06:35:15.992668000Z DEBUG solana_runtime::message_processor::stable_log] Program 11111111111111111111111111111111 invoke [2]
[2025-11-05T06:35:15.992677000Z DEBUG solana_runtime::message_processor::stable_log] Program 11111111111111111111111111111111 success
[2025-11-05T06:35:15.992777000Z DEBUG solana_runtime::message_processor::stable_log] Program ASmKWt93JEMHxbdE6j7znD9y2FcdPboCzC3xtSTJvN7S invoke [2]
[2025-11-05T06:35:15.992810000Z DEBUG solana_runtime::message_processor::stable_log] Program ASmKWt93JEMHxbdE6j7znD9y2FcdPboCzC3xtSTJvN7S consumed 2069 of 184160 compute units
[2025-11-05T06:35:15.992822000Z DEBUG solana_runtime::message_processor::stable_log] Program ASmKWt93JEMHxbdE6j7znD9y2FcdPboCzC3xtSTJvN7S success
[2025-11-05T06:35:15.992837000Z DEBUG solana_runtime::message_processor::stable_log] Program ASmKWt93JEMHxbdE6j7znD9y2FcdPboCzC3xtSTJvN7S consumed 18214 of 200000 compute units
[2025-11-05T06:35:15.992846000Z DEBUG solana_runtime::message_processor::stable_log] Program ASmKWt93JEMHxbdE6j7znD9y2FcdPboCzC3xtSTJvN7S success
    ✔ Admin create config with dynamic fee

  Initialize customizable pool
    SPL-Token
[2025-11-05T06:35:15.999442000Z INFO  solana_program_test] "cp_amm" SBF program from ./target/deploy/cp_amm.so, modified 24 minutes, 23 seconds, 346 ms, 758 µs and 203 ns ago
[2025-11-05T06:35:15.999619000Z INFO  solana_program_test] "fee_router" SBF program from ./target/deploy/fee_router.so, modified 26 seconds, 83 ms, 878 µs and 331 ns ago
[2025-11-05T06:35:15.999836000Z INFO  solana_program_test] "transfer_hook_counter" SBF program from tests/fixtures/transfer_hook_counter.so, modified 3 weeks, 22 hours, 58 minutes, 50 seconds, 825 ms, 433 µs and 196 ns ago
[2025-11-05T06:35:16.000096000Z INFO  solana_program_test] "alpha_vault" SBF program from tests/fixtures/alpha_vault.so, modified 3 weeks, 22 hours, 58 minutes, 50 seconds, 826 ms, 381 µs and 72 ns ago
[2025-11-05T06:35:16.000410000Z INFO  solana_program_test] "streamflow" SBF program from tests/fixtures/streamflow.so, modified 3 weeks, 6 hours, 59 minutes, 711 ms, 323 µs and 387 ns ago
[2025-11-05T06:35:16.000762000Z INFO  solana_program_test] "cp_amm" SBF program from ./target/deploy/cp_amm.so, modified 24 minutes, 23 seconds, 348 ms, 78 µs and 203 ns ago
[2025-11-05T06:35:16.001128000Z INFO  solana_program_test] "fee_router" SBF program from ./target/deploy/fee_router.so, modified 26 seconds, 85 ms, 386 µs and 331 ns ago
[2025-11-05T06:35:16.019730000Z INFO  solana_program_test] Overriding account at ASmKWt93JEMHxbdE6j7znD9y2FcdPboCzC3xtSTJvN7S
[2025-11-05T06:35:16.019744000Z INFO  solana_program_test] Overriding account at 5B57SJ3g2YoNXUpsZqqjEQkRSxyKtVTQRXdgAirz6bio
[2025-11-05T06:35:16.028898000Z DEBUG solana_runtime::message_processor::stable_log] Program 11111111111111111111111111111111 invoke [1]
[2025-11-05T06:35:16.028911000Z DEBUG solana_runtime::message_processor::stable_log] Program 11111111111111111111111111111111 success
[2025-11-05T06:35:16.035765000Z DEBUG solana_runtime::message_processor::stable_log] Program 11111111111111111111111111111111 invoke [1]
[2025-11-05T06:35:16.035779000Z DEBUG solana_runtime::message_processor::stable_log] Program 11111111111111111111111111111111 success
[2025-11-05T06:35:16.035783000Z DEBUG solana_runtime::message_processor::stable_log] Program TokenkegQfeZyiNwAJbNbGKPFXCWuBvf9Ss623VQ5DA invoke [1]
[2025-11-05T06:35:16.035826000Z DEBUG solana_runtime::message_processor::stable_log] Program log: Instruction: InitializeMint2
[2025-11-05T06:35:16.035859000Z DEBUG solana_runtime::message_processor::stable_log] Program TokenkegQfeZyiNwAJbNbGKPFXCWuBvf9Ss623VQ5DA consumed 2779 of 399850 compute units
[2025-11-05T06:35:16.035869000Z DEBUG solana_runtime::message_processor::stable_log] Program TokenkegQfeZyiNwAJbNbGKPFXCWuBvf9Ss623VQ5DA success
[2025-11-05T06:35:16.042913000Z DEBUG solana_runtime::message_processor::stable_log] Program 11111111111111111111111111111111 invoke [1]
[2025-11-05T06:35:16.042925000Z DEBUG solana_runtime::message_processor::stable_log] Program 11111111111111111111111111111111 success
[2025-11-05T06:35:16.042928000Z DEBUG solana_runtime::message_processor::stable_log] Program TokenkegQfeZyiNwAJbNbGKPFXCWuBvf9Ss623VQ5DA invoke [1]
[2025-11-05T06:35:16.042971000Z DEBUG solana_runtime::message_processor::stable_log] Program log: Instruction: InitializeMint2
[2025-11-05T06:35:16.043005000Z DEBUG solana_runtime::message_processor::stable_log] Program TokenkegQfeZyiNwAJbNbGKPFXCWuBvf9Ss623VQ5DA consumed 2779 of 399850 compute units
[2025-11-05T06:35:16.043014000Z DEBUG solana_runtime::message_processor::stable_log] Program TokenkegQfeZyiNwAJbNbGKPFXCWuBvf9Ss623VQ5DA success
[2025-11-05T06:35:16.047637000Z DEBUG solana_runtime::message_processor::stable_log] Program ATokenGPvbdGVxr1b2hvZbsiqW5xWH25efTNsLJA8knL invoke [1]
[2025-11-05T06:35:16.047705000Z DEBUG solana_runtime::message_processor::stable_log] Program log: Create
[2025-11-05T06:35:16.047755000Z DEBUG solana_runtime::message_processor::stable_log] Program TokenkegQfeZyiNwAJbNbGKPFXCWuBvf9Ss623VQ5DA invoke [2]
[2025-11-05T06:35:16.047790000Z DEBUG solana_runtime::message_processor::stable_log] Program log: Instruction: GetAccountDataSize
[2025-11-05T06:35:16.047807000Z DEBUG solana_runtime::message_processor::stable_log] Program TokenkegQfeZyiNwAJbNbGKPFXCWuBvf9Ss623VQ5DA consumed 1595 of 194555 compute units
[2025-11-05T06:35:16.047815000Z DEBUG solana_runtime::message_processor::stable_log] Program return: TokenkegQfeZyiNwAJbNbGKPFXCWuBvf9Ss623VQ5DA pQAAAAAAAAA=
[2025-11-05T06:35:16.047823000Z DEBUG solana_runtime::message_processor::stable_log] Program TokenkegQfeZyiNwAJbNbGKPFXCWuBvf9Ss623VQ5DA success
[2025-11-05T06:35:16.047880000Z DEBUG solana_runtime::message_processor::stable_log] Program 11111111111111111111111111111111 invoke [2]
[2025-11-05T06:35:16.047888000Z DEBUG solana_runtime::message_processor::stable_log] Program 11111111111111111111111111111111 success
[2025-11-05T06:35:16.047893000Z DEBUG solana_runtime::message_processor::stable_log] Program log: Initialize the associated token account
[2025-11-05T06:35:16.047911000Z DEBUG solana_runtime::message_processor::stable_log] Program TokenkegQfeZyiNwAJbNbGKPFXCWuBvf9Ss623VQ5DA invoke [2]
[2025-11-05T06:35:16.047933000Z DEBUG solana_runtime::message_processor::stable_log] Program log: Instruction: InitializeImmutableOwner
[2025-11-05T06:35:16.047949000Z DEBUG solana_runtime::message_processor::stable_log] Program log: Please upgrade to SPL Token 2022 for immutable owner support
[2025-11-05T06:35:16.047953000Z DEBUG solana_runtime::message_processor::stable_log] Program TokenkegQfeZyiNwAJbNbGKPFXCWuBvf9Ss623VQ5DA consumed 1405 of 187942 compute units
[2025-11-05T06:35:16.047960000Z DEBUG solana_runtime::message_processor::stable_log] Program TokenkegQfeZyiNwAJbNbGKPFXCWuBvf9Ss623VQ5DA success
[2025-11-05T06:35:16.047993000Z DEBUG solana_runtime::message_processor::stable_log] Program TokenkegQfeZyiNwAJbNbGKPFXCWuBvf9Ss623VQ5DA invoke [2]
[2025-11-05T06:35:16.048024000Z DEBUG solana_runtime::message_processor::stable_log] Program log: Instruction: InitializeAccount3
[2025-11-05T06:35:16.048101000Z DEBUG solana_runtime::message_processor::stable_log] Program TokenkegQfeZyiNwAJbNbGKPFXCWuBvf9Ss623VQ5DA consumed 4214 of 184058 compute units
[2025-11-05T06:35:16.048116000Z DEBUG solana_runtime::message_processor::stable_log] Program TokenkegQfeZyiNwAJbNbGKPFXCWuBvf9Ss623VQ5DA success
[2025-11-05T06:35:16.048130000Z DEBUG solana_runtime::message_processor::stable_log] Program ATokenGPvbdGVxr1b2hvZbsiqW5xWH25efTNsLJA8knL consumed 20460 of 200000 compute units
[2025-11-05T06:35:16.048145000Z DEBUG solana_runtime::message_processor::stable_log] Program ATokenGPvbdGVxr1b2hvZbsiqW5xWH25efTNsLJA8knL success
[2025-11-05T06:35:16.051354000Z DEBUG solana_runtime::message_processor::stable_log] Program TokenkegQfeZyiNwAJbNbGKPFXCWuBvf9Ss623VQ5DA invoke [1]
[2025-11-05T06:35:16.051403000Z DEBUG solana_runtime::message_processor::stable_log] Program log: Instruction: MintTo
[2025-11-05T06:35:16.051461000Z DEBUG solana_runtime::message_processor::stable_log] Program TokenkegQfeZyiNwAJbNbGKPFXCWuBvf9Ss623VQ5DA consumed 4491 of 200000 compute units
[2025-11-05T06:35:16.051471000Z DEBUG solana_runtime::message_processor::stable_log] Program TokenkegQfeZyiNwAJbNbGKPFXCWuBvf9Ss623VQ5DA success
[2025-11-05T06:35:16.056245000Z DEBUG solana_runtime::message_processor::stable_log] Program ATokenGPvbdGVxr1b2hvZbsiqW5xWH25efTNsLJA8knL invoke [1]
[2025-11-05T06:35:16.056313000Z DEBUG solana_runtime::message_processor::stable_log] Program log: Create
[2025-11-05T06:35:16.056390000Z DEBUG solana_runtime::message_processor::stable_log] Program TokenkegQfeZyiNwAJbNbGKPFXCWuBvf9Ss623VQ5DA invoke [2]
[2025-11-05T06:35:16.056424000Z DEBUG solana_runtime::message_processor::stable_log] Program log: Instruction: GetAccountDataSize
[2025-11-05T06:35:16.056441000Z DEBUG solana_runtime::message_processor::stable_log] Program TokenkegQfeZyiNwAJbNbGKPFXCWuBvf9Ss623VQ5DA consumed 1595 of 188555 compute units
[2025-11-05T06:35:16.056450000Z DEBUG solana_runtime::message_processor::stable_log] Program return: TokenkegQfeZyiNwAJbNbGKPFXCWuBvf9Ss623VQ5DA pQAAAAAAAAA=
[2025-11-05T06:35:16.056458000Z DEBUG solana_runtime::message_processor::stable_log] Program TokenkegQfeZyiNwAJbNbGKPFXCWuBvf9Ss623VQ5DA success
[2025-11-05T06:35:16.056512000Z DEBUG solana_runtime::message_processor::stable_log] Program 11111111111111111111111111111111 invoke [2]
[2025-11-05T06:35:16.056520000Z DEBUG solana_runtime::message_processor::stable_log] Program 11111111111111111111111111111111 success
[2025-11-05T06:35:16.056526000Z DEBUG solana_runtime::message_processor::stable_log] Program log: Initialize the associated token account
[2025-11-05T06:35:16.056543000Z DEBUG solana_runtime::message_processor::stable_log] Program TokenkegQfeZyiNwAJbNbGKPFXCWuBvf9Ss623VQ5DA invoke [2]
[2025-11-05T06:35:16.056566000Z DEBUG solana_runtime::message_processor::stable_log] Program log: Instruction: InitializeImmutableOwner
[2025-11-05T06:35:16.056577000Z DEBUG solana_runtime::message_processor::stable_log] Program log: Please upgrade to SPL Token 2022 for immutable owner support
[2025-11-05T06:35:16.056580000Z DEBUG solana_runtime::message_processor::stable_log] Program TokenkegQfeZyiNwAJbNbGKPFXCWuBvf9Ss623VQ5DA consumed 1405 of 181942 compute units
[2025-11-05T06:35:16.056587000Z DEBUG solana_runtime::message_processor::stable_log] Program TokenkegQfeZyiNwAJbNbGKPFXCWuBvf9Ss623VQ5DA success
[2025-11-05T06:35:16.056620000Z DEBUG solana_runtime::message_processor::stable_log] Program TokenkegQfeZyiNwAJbNbGKPFXCWuBvf9Ss623VQ5DA invoke [2]
[2025-11-05T06:35:16.056646000Z DEBUG solana_runtime::message_processor::stable_log] Program log: Instruction: InitializeAccount3
[2025-11-05T06:35:16.056699000Z DEBUG solana_runtime::message_processor::stable_log] Program TokenkegQfeZyiNwAJbNbGKPFXCWuBvf9Ss623VQ5DA consumed 4214 of 178058 compute units
[2025-11-05T06:35:16.056706000Z DEBUG solana_runtime::message_processor::stable_log] Program TokenkegQfeZyiNwAJbNbGKPFXCWuBvf9Ss623VQ5DA success
[2025-11-05T06:35:16.056719000Z DEBUG solana_runtime::message_processor::stable_log] Program ATokenGPvbdGVxr1b2hvZbsiqW5xWH25efTNsLJA8knL consumed 26460 of 200000 compute units
[2025-11-05T06:35:16.056728000Z DEBUG solana_runtime::message_processor::stable_log] Program ATokenGPvbdGVxr1b2hvZbsiqW5xWH25efTNsLJA8knL success
[2025-11-05T06:35:16.059790000Z DEBUG solana_runtime::message_processor::stable_log] Program TokenkegQfeZyiNwAJbNbGKPFXCWuBvf9Ss623VQ5DA invoke [1]
[2025-11-05T06:35:16.059833000Z DEBUG solana_runtime::message_processor::stable_log] Program log: Instruction: MintTo
[2025-11-05T06:35:16.059890000Z DEBUG solana_runtime::message_processor::stable_log] Program TokenkegQfeZyiNwAJbNbGKPFXCWuBvf9Ss623VQ5DA consumed 4491 of 200000 compute units
[2025-11-05T06:35:16.059899000Z DEBUG solana_runtime::message_processor::stable_log] Program TokenkegQfeZyiNwAJbNbGKPFXCWuBvf9Ss623VQ5DA success
[2025-11-05T06:35:16.084172000Z DEBUG solana_runtime::message_processor::stable_log] Program ASmKWt93JEMHxbdE6j7znD9y2FcdPboCzC3xtSTJvN7S invoke [1]
[2025-11-05T06:35:16.084314000Z DEBUG solana_runtime::message_processor::stable_log] Program log: Instruction: InitializeCustomizablePool
[2025-11-05T06:35:16.084460000Z DEBUG solana_runtime::message_processor::stable_log] Program 11111111111111111111111111111111 invoke [2]
[2025-11-05T06:35:16.084473000Z DEBUG solana_runtime::message_processor::stable_log] Program 11111111111111111111111111111111 success
[2025-11-05T06:35:16.084517000Z DEBUG solana_runtime::message_processor::stable_log] Program TokenzQdBNbLqP5VEhdkAS6EPFLC1PHnBqCXEpPxuEb invoke [2]
[2025-11-05T06:35:16.084616000Z DEBUG solana_runtime::message_processor::stable_log] Program log: MetadataPointerInstruction::Initialize
[2025-11-05T06:35:16.084690000Z DEBUG solana_runtime::message_processor::stable_log] Program TokenzQdBNbLqP5VEhdkAS6EPFLC1PHnBqCXEpPxuEb consumed 2442 of 334817 compute units
[2025-11-05T06:35:16.084719000Z DEBUG solana_runtime::message_processor::stable_log] Program TokenzQdBNbLqP5VEhdkAS6EPFLC1PHnBqCXEpPxuEb success
[2025-11-05T06:35:16.084755000Z DEBUG solana_runtime::message_processor::stable_log] Program TokenzQdBNbLqP5VEhdkAS6EPFLC1PHnBqCXEpPxuEb invoke [2]
[2025-11-05T06:35:16.084795000Z DEBUG solana_runtime::message_processor::stable_log] Program log: Instruction: InitializeMintCloseAuthority
[2025-11-05T06:35:16.084829000Z DEBUG solana_runtime::message_processor::stable_log] Program TokenzQdBNbLqP5VEhdkAS6EPFLC1PHnBqCXEpPxuEb consumed 2570 of 330397 compute units
[2025-11-05T06:35:16.084836000Z DEBUG solana_runtime::message_processor::stable_log] Program TokenzQdBNbLqP5VEhdkAS6EPFLC1PHnBqCXEpPxuEb success
[2025-11-05T06:35:16.084865000Z DEBUG solana_runtime::message_processor::stable_log] Program TokenzQdBNbLqP5VEhdkAS6EPFLC1PHnBqCXEpPxuEb invoke [2]
[2025-11-05T06:35:16.084893000Z DEBUG solana_runtime::message_processor::stable_log] Program log: Instruction: InitializeMint2
[2025-11-05T06:35:16.084975000Z DEBUG solana_runtime::message_processor::stable_log] Program TokenzQdBNbLqP5VEhdkAS6EPFLC1PHnBqCXEpPxuEb consumed 4078 of 325885 compute units
[2025-11-05T06:35:16.084987000Z DEBUG solana_runtime::message_processor::stable_log] Program TokenzQdBNbLqP5VEhdkAS6EPFLC1PHnBqCXEpPxuEb success
[2025-11-05T06:35:16.085117000Z DEBUG solana_runtime::message_processor::stable_log] Program 11111111111111111111111111111111 invoke [2]
[2025-11-05T06:35:16.085126000Z DEBUG solana_runtime::message_processor::stable_log] Program 11111111111111111111111111111111 success
[2025-11-05T06:35:16.085156000Z DEBUG solana_runtime::message_processor::stable_log] Program TokenzQdBNbLqP5VEhdkAS6EPFLC1PHnBqCXEpPxuEb invoke [2]
[2025-11-05T06:35:16.085194000Z DEBUG solana_runtime::message_processor::stable_log] Program log: Instruction: InitializeAccount3
[2025-11-05T06:35:16.085275000Z DEBUG solana_runtime::message_processor::stable_log] Program TokenzQdBNbLqP5VEhdkAS6EPFLC1PHnBqCXEpPxuEb consumed 5137 of 312201 compute units
[2025-11-05T06:35:16.085285000Z DEBUG solana_runtime::message_processor::stable_log] Program TokenzQdBNbLqP5VEhdkAS6EPFLC1PHnBqCXEpPxuEb success
[2025-11-05T06:35:16.085407000Z DEBUG solana_runtime::message_processor::stable_log] Program 11111111111111111111111111111111 invoke [2]
[2025-11-05T06:35:16.085416000Z DEBUG solana_runtime::message_processor::stable_log] Program 11111111111111111111111111111111 success
[2025-11-05T06:35:16.085483000Z DEBUG solana_runtime::message_processor::stable_log] Program 11111111111111111111111111111111 invoke [2]
[2025-11-05T06:35:16.085487000Z DEBUG solana_runtime::message_processor::stable_log] Program 11111111111111111111111111111111 success
[2025-11-05T06:35:16.085566000Z DEBUG solana_runtime::message_processor::stable_log] Program 11111111111111111111111111111111 invoke [2]
[2025-11-05T06:35:16.085570000Z DEBUG solana_runtime::message_processor::stable_log] Program 11111111111111111111111111111111 success
[2025-11-05T06:35:16.085597000Z DEBUG solana_runtime::message_processor::stable_log] Program TokenkegQfeZyiNwAJbNbGKPFXCWuBvf9Ss623VQ5DA invoke [2]
[2025-11-05T06:35:16.085640000Z DEBUG solana_runtime::message_processor::stable_log] Program log: Instruction: InitializeAccount3
[2025-11-05T06:35:16.085699000Z DEBUG solana_runtime::message_processor::stable_log] Program TokenkegQfeZyiNwAJbNbGKPFXCWuBvf9Ss623VQ5DA consumed 4214 of 284130 compute units
[2025-11-05T06:35:16.085708000Z DEBUG solana_runtime::message_processor::stable_log] Program TokenkegQfeZyiNwAJbNbGKPFXCWuBvf9Ss623VQ5DA success
[2025-11-05T06:35:16.085854000Z DEBUG solana_runtime::message_processor::stable_log] Program 11111111111111111111111111111111 invoke [2]
[2025-11-05T06:35:16.085858000Z DEBUG solana_runtime::message_processor::stable_log] Program 11111111111111111111111111111111 success
[2025-11-05T06:35:16.085884000Z DEBUG solana_runtime::message_processor::stable_log] Program TokenkegQfeZyiNwAJbNbGKPFXCWuBvf9Ss623VQ5DA invoke [2]
[2025-11-05T06:35:16.085915000Z DEBUG solana_runtime::message_processor::stable_log] Program log: Instruction: InitializeAccount3
[2025-11-05T06:35:16.085966000Z DEBUG solana_runtime::message_processor::stable_log] Program TokenkegQfeZyiNwAJbNbGKPFXCWuBvf9Ss623VQ5DA consumed 4214 of 258991 compute units
[2025-11-05T06:35:16.085973000Z DEBUG solana_runtime::message_processor::stable_log] Program TokenkegQfeZyiNwAJbNbGKPFXCWuBvf9Ss623VQ5DA success
[2025-11-05T06:35:16.086215000Z DEBUG solana_runtime::message_processor::stable_log] Program TokenzQdBNbLqP5VEhdkAS6EPFLC1PHnBqCXEpPxuEb invoke [2]
[2025-11-05T06:35:16.086271000Z DEBUG solana_runtime::message_processor::stable_log] Program log: TokenMetadataInstruction: Initialize
[2025-11-05T06:35:16.086391000Z DEBUG solana_runtime::message_processor::stable_log] Program TokenzQdBNbLqP5VEhdkAS6EPFLC1PHnBqCXEpPxuEb consumed 9900 of 242643 compute units
[2025-11-05T06:35:16.086399000Z DEBUG solana_runtime::message_processor::stable_log] Program TokenzQdBNbLqP5VEhdkAS6EPFLC1PHnBqCXEpPxuEb success
[2025-11-05T06:35:16.086438000Z DEBUG solana_runtime::message_processor::stable_log] Program 11111111111111111111111111111111 invoke [2]
[2025-11-05T06:35:16.086441000Z DEBUG solana_runtime::message_processor::stable_log] Program 11111111111111111111111111111111 success
[2025-11-05T06:35:16.086480000Z DEBUG solana_runtime::message_processor::stable_log] Program TokenzQdBNbLqP5VEhdkAS6EPFLC1PHnBqCXEpPxuEb invoke [2]
[2025-11-05T06:35:16.086509000Z DEBUG solana_runtime::message_processor::stable_log] Program log: Instruction: MintTo
[2025-11-05T06:35:16.086579000Z DEBUG solana_runtime::message_processor::stable_log] Program TokenzQdBNbLqP5VEhdkAS6EPFLC1PHnBqCXEpPxuEb consumed 5540 of 227681 compute units
[2025-11-05T06:35:16.086587000Z DEBUG solana_runtime::message_processor::stable_log] Program TokenzQdBNbLqP5VEhdkAS6EPFLC1PHnBqCXEpPxuEb success
[2025-11-05T06:35:16.086635000Z DEBUG solana_runtime::message_processor::stable_log] Program ASmKWt93JEMHxbdE6j7znD9y2FcdPboCzC3xtSTJvN7S invoke [2]
[2025-11-05T06:35:16.086668000Z DEBUG solana_runtime::message_processor::stable_log] Program ASmKWt93JEMHxbdE6j7znD9y2FcdPboCzC3xtSTJvN7S consumed 2069 of 219076 compute units
[2025-11-05T06:35:16.086676000Z DEBUG solana_runtime::message_processor::stable_log] Program ASmKWt93JEMHxbdE6j7znD9y2FcdPboCzC3xtSTJvN7S success
[2025-11-05T06:35:16.086718000Z DEBUG solana_runtime::message_processor::stable_log] Program TokenkegQfeZyiNwAJbNbGKPFXCWuBvf9Ss623VQ5DA invoke [2]
[2025-11-05T06:35:16.086762000Z DEBUG solana_runtime::message_processor::stable_log] Program log: Instruction: TransferChecked
[2025-11-05T06:35:16.086835000Z DEBUG solana_runtime::message_processor::stable_log] Program TokenkegQfeZyiNwAJbNbGKPFXCWuBvf9Ss623VQ5DA consumed 6174 of 214535 compute units
[2025-11-05T06:35:16.086844000Z DEBUG solana_runtime::message_processor::stable_log] Program TokenkegQfeZyiNwAJbNbGKPFXCWuBvf9Ss623VQ5DA success
[2025-11-05T06:35:16.086882000Z DEBUG solana_runtime::message_processor::stable_log] Program TokenkegQfeZyiNwAJbNbGKPFXCWuBvf9Ss623VQ5DA invoke [2]
[2025-11-05T06:35:16.086913000Z DEBUG solana_runtime::message_processor::stable_log] Program log: Instruction: TransferChecked
[2025-11-05T06:35:16.086980000Z DEBUG solana_runtime::message_processor::stable_log] Program TokenkegQfeZyiNwAJbNbGKPFXCWuBvf9Ss623VQ5DA consumed 6174 of 205950 compute units
[2025-11-05T06:35:16.086988000Z DEBUG solana_runtime::message_processor::stable_log] Program TokenkegQfeZyiNwAJbNbGKPFXCWuBvf9Ss623VQ5DA success
[2025-11-05T06:35:16.087059000Z DEBUG solana_runtime::message_processor::stable_log] Program ASmKWt93JEMHxbdE6j7znD9y2FcdPboCzC3xtSTJvN7S invoke [2]
[2025-11-05T06:35:16.087093000Z DEBUG solana_runtime::message_processor::stable_log] Program ASmKWt93JEMHxbdE6j7znD9y2FcdPboCzC3xtSTJvN7S consumed 2069 of 194684 compute units
[2025-11-05T06:35:16.087101000Z DEBUG solana_runtime::message_processor::stable_log] Program ASmKWt93JEMHxbdE6j7znD9y2FcdPboCzC3xtSTJvN7S success
[2025-11-05T06:35:16.087124000Z DEBUG solana_runtime::message_processor::stable_log] Program ASmKWt93JEMHxbdE6j7znD9y2FcdPboCzC3xtSTJvN7S consumed 158154 of 350000 compute units
[2025-11-05T06:35:16.087137000Z DEBUG solana_runtime::message_processor::stable_log] Program ASmKWt93JEMHxbdE6j7znD9y2FcdPboCzC3xtSTJvN7S success
[2025-11-05T06:35:16.087144000Z DEBUG solana_runtime::message_processor::stable_log] Program ComputeBudget111111111111111111111111111111 invoke [1]
[2025-11-05T06:35:16.087151000Z DEBUG solana_runtime::message_processor::stable_log] Program ComputeBudget111111111111111111111111111111 success
      ✔ Initialize customizeable pool with spl token
    Token 2022
[2025-11-05T06:35:16.093657000Z INFO  solana_program_test] "cp_amm" SBF program from ./target/deploy/cp_amm.so, modified 24 minutes, 23 seconds, 440 ms, 972 µs and 203 ns ago
[2025-11-05T06:35:16.093819000Z INFO  solana_program_test] "fee_router" SBF program from ./target/deploy/fee_router.so, modified 26 seconds, 178 ms, 78 µs and 331 ns ago
[2025-11-05T06:35:16.093936000Z INFO  solana_program_test] "transfer_hook_counter" SBF program from tests/fixtures/transfer_hook_counter.so, modified 3 weeks, 22 hours, 58 minutes, 50 seconds, 919 ms, 535 µs and 196 ns ago
[2025-11-05T06:35:16.094170000Z INFO  solana_program_test] "alpha_vault" SBF program from tests/fixtures/alpha_vault.so, modified 3 weeks, 22 hours, 58 minutes, 50 seconds, 920 ms, 457 µs and 72 ns ago
[2025-11-05T06:35:16.094414000Z INFO  solana_program_test] "streamflow" SBF program from tests/fixtures/streamflow.so, modified 3 weeks, 6 hours, 59 minutes, 805 ms, 330 µs and 387 ns ago
[2025-11-05T06:35:16.094799000Z INFO  solana_program_test] "cp_amm" SBF program from ./target/deploy/cp_amm.so, modified 24 minutes, 23 seconds, 442 ms, 114 µs and 203 ns ago
[2025-11-05T06:35:16.095002000Z INFO  solana_program_test] "fee_router" SBF program from ./target/deploy/fee_router.so, modified 26 seconds, 179 ms, 257 µs and 331 ns ago
[2025-11-05T06:35:16.115091000Z INFO  solana_program_test] Overriding account at ASmKWt93JEMHxbdE6j7znD9y2FcdPboCzC3xtSTJvN7S
[2025-11-05T06:35:16.115104000Z INFO  solana_program_test] Overriding account at 5B57SJ3g2YoNXUpsZqqjEQkRSxyKtVTQRXdgAirz6bio
[2025-11-05T06:35:16.127003000Z DEBUG solana_runtime::message_processor::stable_log] Program 11111111111111111111111111111111 invoke [1]
[2025-11-05T06:35:16.127036000Z DEBUG solana_runtime::message_processor::stable_log] Program 11111111111111111111111111111111 success
[2025-11-05T06:35:16.135429000Z DEBUG solana_runtime::message_processor::stable_log] Program 11111111111111111111111111111111 invoke [1]
[2025-11-05T06:35:16.135445000Z DEBUG solana_runtime::message_processor::stable_log] Program 11111111111111111111111111111111 success
[2025-11-05T06:35:16.135449000Z DEBUG solana_runtime::message_processor::stable_log] Program TokenzQdBNbLqP5VEhdkAS6EPFLC1PHnBqCXEpPxuEb invoke [1]
[2025-11-05T06:35:16.135540000Z DEBUG solana_runtime::message_processor::stable_log] Program TokenzQdBNbLqP5VEhdkAS6EPFLC1PHnBqCXEpPxuEb consumed 3479 of 599850 compute units
[2025-11-05T06:35:16.135550000Z DEBUG solana_runtime::message_processor::stable_log] Program TokenzQdBNbLqP5VEhdkAS6EPFLC1PHnBqCXEpPxuEb success
[2025-11-05T06:35:16.135556000Z DEBUG solana_runtime::message_processor::stable_log] Program TokenzQdBNbLqP5VEhdkAS6EPFLC1PHnBqCXEpPxuEb invoke [1]
[2025-11-05T06:35:16.135582000Z DEBUG solana_runtime::message_processor::stable_log] Program log: Instruction: InitializeMint2
[2025-11-05T06:35:16.135635000Z DEBUG solana_runtime::message_processor::stable_log] Program TokenzQdBNbLqP5VEhdkAS6EPFLC1PHnBqCXEpPxuEb consumed 3868 of 596371 compute units
[2025-11-05T06:35:16.135642000Z DEBUG solana_runtime::message_processor::stable_log] Program TokenzQdBNbLqP5VEhdkAS6EPFLC1PHnBqCXEpPxuEb success
[2025-11-05T06:35:16.145038000Z DEBUG solana_runtime::message_processor::stable_log] Program 11111111111111111111111111111111 invoke [1]
[2025-11-05T06:35:16.145056000Z DEBUG solana_runtime::message_processor::stable_log] Program 11111111111111111111111111111111 success
[2025-11-05T06:35:16.145066000Z DEBUG solana_runtime::message_processor::stable_log] Program TokenzQdBNbLqP5VEhdkAS6EPFLC1PHnBqCXEpPxuEb invoke [1]
[2025-11-05T06:35:16.145159000Z DEBUG solana_runtime::message_processor::stable_log] Program TokenzQdBNbLqP5VEhdkAS6EPFLC1PHnBqCXEpPxuEb consumed 3479 of 599850 compute units
[2025-11-05T06:35:16.145169000Z DEBUG solana_runtime::message_processor::stable_log] Program TokenzQdBNbLqP5VEhdkAS6EPFLC1PHnBqCXEpPxuEb success
[2025-11-05T06:35:16.145176000Z DEBUG solana_runtime::message_processor::stable_log] Program TokenzQdBNbLqP5VEhdkAS6EPFLC1PHnBqCXEpPxuEb invoke [1]
[2025-11-05T06:35:16.145200000Z DEBUG solana_runtime::message_processor::stable_log] Program log: Instruction: InitializeMint2
[2025-11-05T06:35:16.145256000Z DEBUG solana_runtime::message_processor::stable_log] Program TokenzQdBNbLqP5VEhdkAS6EPFLC1PHnBqCXEpPxuEb consumed 3868 of 596371 compute units
[2025-11-05T06:35:16.145264000Z DEBUG solana_runtime::message_processor::stable_log] Program TokenzQdBNbLqP5VEhdkAS6EPFLC1PHnBqCXEpPxuEb success
[2025-11-05T06:35:16.154172000Z DEBUG solana_runtime::message_processor::stable_log] Program ATokenGPvbdGVxr1b2hvZbsiqW5xWH25efTNsLJA8knL invoke [1]
[2025-11-05T06:35:16.154298000Z DEBUG solana_runtime::message_processor::stable_log] Program log: Create
[2025-11-05T06:35:16.154379000Z DEBUG solana_runtime::message_processor::stable_log] Program TokenzQdBNbLqP5VEhdkAS6EPFLC1PHnBqCXEpPxuEb invoke [2]
[2025-11-05T06:35:16.154429000Z DEBUG solana_runtime::message_processor::stable_log] Program log: Instruction: GetAccountDataSize
[2025-11-05T06:35:16.154509000Z DEBUG solana_runtime::message_processor::stable_log] Program TokenzQdBNbLqP5VEhdkAS6EPFLC1PHnBqCXEpPxuEb consumed 2917 of 194642 compute units
[2025-11-05T06:35:16.154519000Z DEBUG solana_runtime::message_processor::stable_log] Program return: TokenzQdBNbLqP5VEhdkAS6EPFLC1PHnBqCXEpPxuEb tgAAAAAAAAA=
[2025-11-05T06:35:16.154531000Z DEBUG solana_runtime::message_processor::stable_log] Program TokenzQdBNbLqP5VEhdkAS6EPFLC1PHnBqCXEpPxuEb success
[2025-11-05T06:35:16.154615000Z DEBUG solana_runtime::message_processor::stable_log] Program 11111111111111111111111111111111 invoke [2]
[2025-11-05T06:35:16.154631000Z DEBUG solana_runtime::message_processor::stable_log] Program 11111111111111111111111111111111 success
[2025-11-05T06:35:16.154640000Z DEBUG solana_runtime::message_processor::stable_log] Program log: Initialize the associated token account
[2025-11-05T06:35:16.154669000Z DEBUG solana_runtime::message_processor::stable_log] Program TokenzQdBNbLqP5VEhdkAS6EPFLC1PHnBqCXEpPxuEb invoke [2]
[2025-11-05T06:35:16.154699000Z DEBUG solana_runtime::message_processor::stable_log] Program log: Instruction: InitializeImmutableOwner
[2025-11-05T06:35:16.154743000Z DEBUG solana_runtime::message_processor::stable_log] Program TokenzQdBNbLqP5VEhdkAS6EPFLC1PHnBqCXEpPxuEb consumed 1924 of 186795 compute units
[2025-11-05T06:35:16.154753000Z DEBUG solana_runtime::message_processor::stable_log] Program TokenzQdBNbLqP5VEhdkAS6EPFLC1PHnBqCXEpPxuEb success
[2025-11-05T06:35:16.154806000Z DEBUG solana_runtime::message_processor::stable_log] Program TokenzQdBNbLqP5VEhdkAS6EPFLC1PHnBqCXEpPxuEb invoke [2]
[2025-11-05T06:35:16.154846000Z DEBUG solana_runtime::message_processor::stable_log] Program log: Instruction: InitializeAccount3
[2025-11-05T06:35:16.155017000Z DEBUG solana_runtime::message_processor::stable_log] Program TokenzQdBNbLqP5VEhdkAS6EPFLC1PHnBqCXEpPxuEb consumed 5446 of 182481 compute units
[2025-11-05T06:35:16.155034000Z DEBUG solana_runtime::message_processor::stable_log] Program TokenzQdBNbLqP5VEhdkAS6EPFLC1PHnBqCXEpPxuEb success
[2025-11-05T06:35:16.155053000Z DEBUG solana_runtime::message_processor::stable_log] Program ATokenGPvbdGVxr1b2hvZbsiqW5xWH25efTNsLJA8knL consumed 23269 of 200000 compute units
[2025-11-05T06:35:16.155106000Z DEBUG solana_runtime::message_processor::stable_log] Program ATokenGPvbdGVxr1b2hvZbsiqW5xWH25efTNsLJA8knL success
[2025-11-05T06:35:16.158760000Z DEBUG solana_runtime::message_processor::stable_log] Program TokenzQdBNbLqP5VEhdkAS6EPFLC1PHnBqCXEpPxuEb invoke [1]
[2025-11-05T06:35:16.158899000Z DEBUG solana_runtime::message_processor::stable_log] Program log: Instruction: MintTo
[2025-11-05T06:35:16.158980000Z DEBUG solana_runtime::message_processor::stable_log] Program TokenzQdBNbLqP5VEhdkAS6EPFLC1PHnBqCXEpPxuEb consumed 5403 of 200000 compute units
[2025-11-05T06:35:16.158992000Z DEBUG solana_runtime::message_processor::stable_log] Program TokenzQdBNbLqP5VEhdkAS6EPFLC1PHnBqCXEpPxuEb success
[2025-11-05T06:35:16.164696000Z DEBUG solana_runtime::message_processor::stable_log] Program ATokenGPvbdGVxr1b2hvZbsiqW5xWH25efTNsLJA8knL invoke [1]
[2025-11-05T06:35:16.164824000Z DEBUG solana_runtime::message_processor::stable_log] Program log: Create
[2025-11-05T06:35:16.164902000Z DEBUG solana_runtime::message_processor::stable_log] Program TokenzQdBNbLqP5VEhdkAS6EPFLC1PHnBqCXEpPxuEb invoke [2]
[2025-11-05T06:35:16.164950000Z DEBUG solana_runtime::message_processor::stable_log] Program log: Instruction: GetAccountDataSize
[2025-11-05T06:35:16.165021000Z DEBUG solana_runtime::message_processor::stable_log] Program TokenzQdBNbLqP5VEhdkAS6EPFLC1PHnBqCXEpPxuEb consumed 2917 of 194642 compute units
[2025-11-05T06:35:16.165031000Z DEBUG solana_runtime::message_processor::stable_log] Program return: TokenzQdBNbLqP5VEhdkAS6EPFLC1PHnBqCXEpPxuEb tgAAAAAAAAA=
[2025-11-05T06:35:16.165043000Z DEBUG solana_runtime::message_processor::stable_log] Program TokenzQdBNbLqP5VEhdkAS6EPFLC1PHnBqCXEpPxuEb success
[2025-11-05T06:35:16.165128000Z DEBUG solana_runtime::message_processor::stable_log] Program 11111111111111111111111111111111 invoke [2]
[2025-11-05T06:35:16.165143000Z DEBUG solana_runtime::message_processor::stable_log] Program 11111111111111111111111111111111 success
[2025-11-05T06:35:16.165195000Z DEBUG solana_runtime::message_processor::stable_log] Program log: Initialize the associated token account
[2025-11-05T06:35:16.165225000Z DEBUG solana_runtime::message_processor::stable_log] Program TokenzQdBNbLqP5VEhdkAS6EPFLC1PHnBqCXEpPxuEb invoke [2]
[2025-11-05T06:35:16.165256000Z DEBUG solana_runtime::message_processor::stable_log] Program log: Instruction: InitializeImmutableOwner
[2025-11-05T06:35:16.165297000Z DEBUG solana_runtime::message_processor::stable_log] Program TokenzQdBNbLqP5VEhdkAS6EPFLC1PHnBqCXEpPxuEb consumed 1924 of 186795 compute units
[2025-11-05T06:35:16.165309000Z DEBUG solana_runtime::message_processor::stable_log] Program TokenzQdBNbLqP5VEhdkAS6EPFLC1PHnBqCXEpPxuEb success
[2025-11-05T06:35:16.165362000Z DEBUG solana_runtime::message_processor::stable_log] Program TokenzQdBNbLqP5VEhdkAS6EPFLC1PHnBqCXEpPxuEb invoke [2]
[2025-11-05T06:35:16.165402000Z DEBUG solana_runtime::message_processor::stable_log] Program log: Instruction: InitializeAccount3
[2025-11-05T06:35:16.165608000Z DEBUG solana_runtime::message_processor::stable_log] Program TokenzQdBNbLqP5VEhdkAS6EPFLC1PHnBqCXEpPxuEb consumed 5446 of 182481 compute units
[2025-11-05T06:35:16.165623000Z DEBUG solana_runtime::message_processor::stable_log] Program TokenzQdBNbLqP5VEhdkAS6EPFLC1PHnBqCXEpPxuEb success
[2025-11-05T06:35:16.165643000Z DEBUG solana_runtime::message_processor::stable_log] Program ATokenGPvbdGVxr1b2hvZbsiqW5xWH25efTNsLJA8knL consumed 23269 of 200000 compute units
[2025-11-05T06:35:16.165654000Z DEBUG solana_runtime::message_processor::stable_log] Program ATokenGPvbdGVxr1b2hvZbsiqW5xWH25efTNsLJA8knL success
[2025-11-05T06:35:16.172286000Z DEBUG solana_runtime::message_processor::stable_log] Program TokenzQdBNbLqP5VEhdkAS6EPFLC1PHnBqCXEpPxuEb invoke [1]
[2025-11-05T06:35:16.172355000Z DEBUG solana_runtime::message_processor::stable_log] Program log: Instruction: MintTo
[2025-11-05T06:35:16.172438000Z DEBUG solana_runtime::message_processor::stable_log] Program TokenzQdBNbLqP5VEhdkAS6EPFLC1PHnBqCXEpPxuEb consumed 5403 of 200000 compute units
[2025-11-05T06:35:16.172450000Z DEBUG solana_runtime::message_processor::stable_log] Program TokenzQdBNbLqP5VEhdkAS6EPFLC1PHnBqCXEpPxuEb success
[2025-11-05T06:35:16.199854000Z DEBUG solana_runtime::message_processor::stable_log] Program ASmKWt93JEMHxbdE6j7znD9y2FcdPboCzC3xtSTJvN7S invoke [1]
[2025-11-05T06:35:16.199971000Z DEBUG solana_runtime::message_processor::stable_log] Program log: Instruction: InitializeCustomizablePool
[2025-11-05T06:35:16.200118000Z DEBUG solana_runtime::message_processor::stable_log] Program 11111111111111111111111111111111 invoke [2]
[2025-11-05T06:35:16.200127000Z DEBUG solana_runtime::message_processor::stable_log] Program 11111111111111111111111111111111 success
[2025-11-05T06:35:16.200158000Z DEBUG solana_runtime::message_processor::stable_log] Program TokenzQdBNbLqP5VEhdkAS6EPFLC1PHnBqCXEpPxuEb invoke [2]
[2025-11-05T06:35:16.200198000Z DEBUG solana_runtime::message_processor::stable_log] Program log: MetadataPointerInstruction::Initialize
[2025-11-05T06:35:16.200232000Z DEBUG solana_runtime::message_processor::stable_log] Program TokenzQdBNbLqP5VEhdkAS6EPFLC1PHnBqCXEpPxuEb consumed 2442 of 334335 compute units
[2025-11-05T06:35:16.200240000Z DEBUG solana_runtime::message_processor::stable_log] Program TokenzQdBNbLqP5VEhdkAS6EPFLC1PHnBqCXEpPxuEb success
[2025-11-05T06:35:16.200269000Z DEBUG solana_runtime::message_processor::stable_log] Program TokenzQdBNbLqP5VEhdkAS6EPFLC1PHnBqCXEpPxuEb invoke [2]
[2025-11-05T06:35:16.200292000Z DEBUG solana_runtime::message_processor::stable_log] Program log: Instruction: InitializeMintCloseAuthority
[2025-11-05T06:35:16.200322000Z DEBUG solana_runtime::message_processor::stable_log] Program TokenzQdBNbLqP5VEhdkAS6EPFLC1PHnBqCXEpPxuEb consumed 2570 of 329915 compute units
[2025-11-05T06:35:16.200329000Z DEBUG solana_runtime::message_processor::stable_log] Program TokenzQdBNbLqP5VEhdkAS6EPFLC1PHnBqCXEpPxuEb success
[2025-11-05T06:35:16.200357000Z DEBUG solana_runtime::message_processor::stable_log] Program TokenzQdBNbLqP5VEhdkAS6EPFLC1PHnBqCXEpPxuEb invoke [2]
[2025-11-05T06:35:16.200380000Z DEBUG solana_runtime::message_processor::stable_log] Program log: Instruction: InitializeMint2
[2025-11-05T06:35:16.200438000Z DEBUG solana_runtime::message_processor::stable_log] Program TokenzQdBNbLqP5VEhdkAS6EPFLC1PHnBqCXEpPxuEb consumed 4078 of 325403 compute units
[2025-11-05T06:35:16.200454000Z DEBUG solana_runtime::message_processor::stable_log] Program TokenzQdBNbLqP5VEhdkAS6EPFLC1PHnBqCXEpPxuEb success
[2025-11-05T06:35:16.200572000Z DEBUG solana_runtime::message_processor::stable_log] Program 11111111111111111111111111111111 invoke [2]
[2025-11-05T06:35:16.200576000Z DEBUG solana_runtime::message_processor::stable_log] Program 11111111111111111111111111111111 success
[2025-11-05T06:35:16.200604000Z DEBUG solana_runtime::message_processor::stable_log] Program TokenzQdBNbLqP5VEhdkAS6EPFLC1PHnBqCXEpPxuEb invoke [2]
[2025-11-05T06:35:16.200631000Z DEBUG solana_runtime::message_processor::stable_log] Program log: Instruction: InitializeAccount3
[2025-11-05T06:35:16.200705000Z DEBUG solana_runtime::message_processor::stable_log] Program TokenzQdBNbLqP5VEhdkAS6EPFLC1PHnBqCXEpPxuEb consumed 5137 of 311719 compute units
[2025-11-05T06:35:16.200713000Z DEBUG solana_runtime::message_processor::stable_log] Program TokenzQdBNbLqP5VEhdkAS6EPFLC1PHnBqCXEpPxuEb success
[2025-11-05T06:35:16.200827000Z DEBUG solana_runtime::message_processor::stable_log] Program 11111111111111111111111111111111 invoke [2]
[2025-11-05T06:35:16.200831000Z DEBUG solana_runtime::message_processor::stable_log] Program 11111111111111111111111111111111 success
[2025-11-05T06:35:16.200892000Z DEBUG solana_runtime::message_processor::stable_log] Program 11111111111111111111111111111111 invoke [2]
[2025-11-05T06:35:16.200895000Z DEBUG solana_runtime::message_processor::stable_log] Program 11111111111111111111111111111111 success
[2025-11-05T06:35:16.200985000Z DEBUG solana_runtime::message_processor::stable_log] Program 11111111111111111111111111111111 invoke [2]
[2025-11-05T06:35:16.200991000Z DEBUG solana_runtime::message_processor::stable_log] Program 11111111111111111111111111111111 success
[2025-11-05T06:35:16.201016000Z DEBUG solana_runtime::message_processor::stable_log] Program TokenzQdBNbLqP5VEhdkAS6EPFLC1PHnBqCXEpPxuEb invoke [2]
[2025-11-05T06:35:16.201042000Z DEBUG solana_runtime::message_processor::stable_log] Program log: Instruction: InitializeAccount3
[2025-11-05T06:35:16.201118000Z DEBUG solana_runtime::message_processor::stable_log] Program TokenzQdBNbLqP5VEhdkAS6EPFLC1PHnBqCXEpPxuEb consumed 5379 of 280881 compute units
[2025-11-05T06:35:16.201125000Z DEBUG solana_runtime::message_processor::stable_log] Program TokenzQdBNbLqP5VEhdkAS6EPFLC1PHnBqCXEpPxuEb success
[2025-11-05T06:35:16.201248000Z DEBUG solana_runtime::message_processor::stable_log] Program 11111111111111111111111111111111 invoke [2]
[2025-11-05T06:35:16.201252000Z DEBUG solana_runtime::message_processor::stable_log] Program 11111111111111111111111111111111 success
[2025-11-05T06:35:16.201277000Z DEBUG solana_runtime::message_processor::stable_log] Program TokenzQdBNbLqP5VEhdkAS6EPFLC1PHnBqCXEpPxuEb invoke [2]
[2025-11-05T06:35:16.201302000Z DEBUG solana_runtime::message_processor::stable_log] Program log: Instruction: InitializeAccount3
[2025-11-05T06:35:16.201376000Z DEBUG solana_runtime::message_processor::stable_log] Program TokenzQdBNbLqP5VEhdkAS6EPFLC1PHnBqCXEpPxuEb consumed 5379 of 265296 compute units
[2025-11-05T06:35:16.201385000Z DEBUG solana_runtime::message_processor::stable_log] Program TokenzQdBNbLqP5VEhdkAS6EPFLC1PHnBqCXEpPxuEb success
[2025-11-05T06:35:16.201614000Z DEBUG solana_runtime::message_processor::stable_log] Program TokenzQdBNbLqP5VEhdkAS6EPFLC1PHnBqCXEpPxuEb invoke [2]
[2025-11-05T06:35:16.201665000Z DEBUG solana_runtime::message_processor::stable_log] Program log: TokenMetadataInstruction: Initialize
[2025-11-05T06:35:16.201788000Z DEBUG solana_runtime::message_processor::stable_log] Program TokenzQdBNbLqP5VEhdkAS6EPFLC1PHnBqCXEpPxuEb consumed 9900 of 245827 compute units
[2025-11-05T06:35:16.201797000Z DEBUG solana_runtime::message_processor::stable_log] Program TokenzQdBNbLqP5VEhdkAS6EPFLC1PHnBqCXEpPxuEb success
[2025-11-05T06:35:16.201837000Z DEBUG solana_runtime::message_processor::stable_log] Program 11111111111111111111111111111111 invoke [2]
[2025-11-05T06:35:16.201840000Z DEBUG solana_runtime::message_processor::stable_log] Program 11111111111111111111111111111111 success
[2025-11-05T06:35:16.201878000Z DEBUG solana_runtime::message_processor::stable_log] Program TokenzQdBNbLqP5VEhdkAS6EPFLC1PHnBqCXEpPxuEb invoke [2]
[2025-11-05T06:35:16.201907000Z DEBUG solana_runtime::message_processor::stable_log] Program log: Instruction: MintTo
[2025-11-05T06:35:16.201976000Z DEBUG solana_runtime::message_processor::stable_log] Program TokenzQdBNbLqP5VEhdkAS6EPFLC1PHnBqCXEpPxuEb consumed 5540 of 230865 compute units
[2025-11-05T06:35:16.201984000Z DEBUG solana_runtime::message_processor::stable_log] Program TokenzQdBNbLqP5VEhdkAS6EPFLC1PHnBqCXEpPxuEb success
[2025-11-05T06:35:16.202035000Z DEBUG solana_runtime::message_processor::stable_log] Program ASmKWt93JEMHxbdE6j7znD9y2FcdPboCzC3xtSTJvN7S invoke [2]
[2025-11-05T06:35:16.202068000Z DEBUG solana_runtime::message_processor::stable_log] Program ASmKWt93JEMHxbdE6j7znD9y2FcdPboCzC3xtSTJvN7S consumed 2069 of 222260 compute units
[2025-11-05T06:35:16.202075000Z DEBUG solana_runtime::message_processor::stable_log] Program ASmKWt93JEMHxbdE6j7znD9y2FcdPboCzC3xtSTJvN7S success
[2025-11-05T06:35:16.202148000Z DEBUG solana_runtime::message_processor::stable_log] Program TokenzQdBNbLqP5VEhdkAS6EPFLC1PHnBqCXEpPxuEb invoke [2]
[2025-11-05T06:35:16.202184000Z DEBUG solana_runtime::message_processor::stable_log] Program log: Instruction: TransferChecked
[2025-11-05T06:35:16.202305000Z DEBUG solana_runtime::message_processor::stable_log] Program TokenzQdBNbLqP5VEhdkAS6EPFLC1PHnBqCXEpPxuEb consumed 9156 of 215696 compute units
[2025-11-05T06:35:16.202314000Z DEBUG solana_runtime::message_processor::stable_log] Program TokenzQdBNbLqP5VEhdkAS6EPFLC1PHnBqCXEpPxuEb success
[2025-11-05T06:35:16.202353000Z DEBUG solana_runtime::message_processor::stable_log] Program TokenzQdBNbLqP5VEhdkAS6EPFLC1PHnBqCXEpPxuEb invoke [2]
[2025-11-05T06:35:16.202383000Z DEBUG solana_runtime::message_processor::stable_log] Program log: Instruction: TransferChecked
[2025-11-05T06:35:16.202495000Z DEBUG solana_runtime::message_processor::stable_log] Program TokenzQdBNbLqP5VEhdkAS6EPFLC1PHnBqCXEpPxuEb consumed 9167 of 204134 compute units
[2025-11-05T06:35:16.202506000Z DEBUG solana_runtime::message_processor::stable_log] Program TokenzQdBNbLqP5VEhdkAS6EPFLC1PHnBqCXEpPxuEb success
[2025-11-05T06:35:16.202582000Z DEBUG solana_runtime::message_processor::stable_log] Program ASmKWt93JEMHxbdE6j7znD9y2FcdPboCzC3xtSTJvN7S invoke [2]
[2025-11-05T06:35:16.202618000Z DEBUG solana_runtime::message_processor::stable_log] Program ASmKWt93JEMHxbdE6j7znD9y2FcdPboCzC3xtSTJvN7S consumed 2069 of 189875 compute units
[2025-11-05T06:35:16.202626000Z DEBUG solana_runtime::message_processor::stable_log] Program ASmKWt93JEMHxbdE6j7znD9y2FcdPboCzC3xtSTJvN7S success
[2025-11-05T06:35:16.202648000Z DEBUG solana_runtime::message_processor::stable_log] Program ASmKWt93JEMHxbdE6j7znD9y2FcdPboCzC3xtSTJvN7S consumed 162956 of 350000 compute units
[2025-11-05T06:35:16.202658000Z DEBUG solana_runtime::message_processor::stable_log] Program ASmKWt93JEMHxbdE6j7znD9y2FcdPboCzC3xtSTJvN7S success
[2025-11-05T06:35:16.202674000Z DEBUG solana_runtime::message_processor::stable_log] Program ComputeBudget111111111111111111111111111111 invoke [1]
[2025-11-05T06:35:16.202681000Z DEBUG solana_runtime::message_processor::stable_log] Program ComputeBudget111111111111111111111111111111 success
      ✔ Initialize customizeable pool with spl token (40ms)

  Initialize pool
    SPL token
[2025-11-05T06:35:16.215363000Z INFO  solana_program_test] "cp_amm" SBF program from ./target/deploy/cp_amm.so, modified 24 minutes, 23 seconds, 562 ms, 679 µs and 203 ns ago
[2025-11-05T06:35:16.215496000Z INFO  solana_program_test] "fee_router" SBF program from ./target/deploy/fee_router.so, modified 26 seconds, 299 ms, 756 µs and 331 ns ago
[2025-11-05T06:35:16.215617000Z INFO  solana_program_test] "transfer_hook_counter" SBF program from tests/fixtures/transfer_hook_counter.so, modified 3 weeks, 22 hours, 58 minutes, 51 seconds, 41 ms, 215 µs and 196 ns ago
[2025-11-05T06:35:16.215865000Z INFO  solana_program_test] "alpha_vault" SBF program from tests/fixtures/alpha_vault.so, modified 3 weeks, 22 hours, 58 minutes, 51 seconds, 42 ms, 152 µs and 72 ns ago
[2025-11-05T06:35:16.216210000Z INFO  solana_program_test] "streamflow" SBF program from tests/fixtures/streamflow.so, modified 3 weeks, 6 hours, 59 minutes, 927 ms, 121 µs and 387 ns ago
[2025-11-05T06:35:16.216580000Z INFO  solana_program_test] "cp_amm" SBF program from ./target/deploy/cp_amm.so, modified 24 minutes, 23 seconds, 563 ms, 897 µs and 203 ns ago
[2025-11-05T06:35:16.216730000Z INFO  solana_program_test] "fee_router" SBF program from ./target/deploy/fee_router.so, modified 26 seconds, 300 ms, 990 µs and 331 ns ago
[2025-11-05T06:35:16.234228000Z INFO  solana_program_test] Overriding account at ASmKWt93JEMHxbdE6j7znD9y2FcdPboCzC3xtSTJvN7S
[2025-11-05T06:35:16.234244000Z INFO  solana_program_test] Overriding account at 5B57SJ3g2YoNXUpsZqqjEQkRSxyKtVTQRXdgAirz6bio
[2025-11-05T06:35:16.243255000Z DEBUG solana_runtime::message_processor::stable_log] Program 11111111111111111111111111111111 invoke [1]
[2025-11-05T06:35:16.243270000Z DEBUG solana_runtime::message_processor::stable_log] Program 11111111111111111111111111111111 success
[2025-11-05T06:35:16.247577000Z DEBUG solana_runtime::message_processor::stable_log] Program 11111111111111111111111111111111 invoke [1]
[2025-11-05T06:35:16.247587000Z DEBUG solana_runtime::message_processor::stable_log] Program 11111111111111111111111111111111 success
[2025-11-05T06:35:16.254294000Z DEBUG solana_runtime::message_processor::stable_log] Program 11111111111111111111111111111111 invoke [1]
[2025-11-05T06:35:16.254308000Z DEBUG solana_runtime::message_processor::stable_log] Program 11111111111111111111111111111111 success
[2025-11-05T06:35:16.254312000Z DEBUG solana_runtime::message_processor::stable_log] Program TokenkegQfeZyiNwAJbNbGKPFXCWuBvf9Ss623VQ5DA invoke [1]
[2025-11-05T06:35:16.254363000Z DEBUG solana_runtime::message_processor::stable_log] Program log: Instruction: InitializeMint2
[2025-11-05T06:35:16.254397000Z DEBUG solana_runtime::message_processor::stable_log] Program TokenkegQfeZyiNwAJbNbGKPFXCWuBvf9Ss623VQ5DA consumed 2779 of 399850 compute units
[2025-11-05T06:35:16.254406000Z DEBUG solana_runtime::message_processor::stable_log] Program TokenkegQfeZyiNwAJbNbGKPFXCWuBvf9Ss623VQ5DA success
[2025-11-05T06:35:16.261084000Z DEBUG solana_runtime::message_processor::stable_log] Program 11111111111111111111111111111111 invoke [1]
[2025-11-05T06:35:16.261097000Z DEBUG solana_runtime::message_processor::stable_log] Program 11111111111111111111111111111111 success
[2025-11-05T06:35:16.261101000Z DEBUG solana_runtime::message_processor::stable_log] Program TokenkegQfeZyiNwAJbNbGKPFXCWuBvf9Ss623VQ5DA invoke [1]
[2025-11-05T06:35:16.261144000Z DEBUG solana_runtime::message_processor::stable_log] Program log: Instruction: InitializeMint2
[2025-11-05T06:35:16.261177000Z DEBUG solana_runtime::message_processor::stable_log] Program TokenkegQfeZyiNwAJbNbGKPFXCWuBvf9Ss623VQ5DA consumed 2779 of 399850 compute units
[2025-11-05T06:35:16.261186000Z DEBUG solana_runtime::message_processor::stable_log] Program TokenkegQfeZyiNwAJbNbGKPFXCWuBvf9Ss623VQ5DA success
[2025-11-05T06:35:16.265765000Z DEBUG solana_runtime::message_processor::stable_log] Program ATokenGPvbdGVxr1b2hvZbsiqW5xWH25efTNsLJA8knL invoke [1]
[2025-11-05T06:35:16.265838000Z DEBUG solana_runtime::message_processor::stable_log] Program log: Create
[2025-11-05T06:35:16.265886000Z DEBUG solana_runtime::message_processor::stable_log] Program TokenkegQfeZyiNwAJbNbGKPFXCWuBvf9Ss623VQ5DA invoke [2]
[2025-11-05T06:35:16.265916000Z DEBUG solana_runtime::message_processor::stable_log] Program log: Instruction: GetAccountDataSize
[2025-11-05T06:35:16.265932000Z DEBUG solana_runtime::message_processor::stable_log] Program TokenkegQfeZyiNwAJbNbGKPFXCWuBvf9Ss623VQ5DA consumed 1595 of 194555 compute units
[2025-11-05T06:35:16.265940000Z DEBUG solana_runtime::message_processor::stable_log] Program return: TokenkegQfeZyiNwAJbNbGKPFXCWuBvf9Ss623VQ5DA pQAAAAAAAAA=
[2025-11-05T06:35:16.265948000Z DEBUG solana_runtime::message_processor::stable_log] Program TokenkegQfeZyiNwAJbNbGKPFXCWuBvf9Ss623VQ5DA success
[2025-11-05T06:35:16.266000000Z DEBUG solana_runtime::message_processor::stable_log] Program 11111111111111111111111111111111 invoke [2]
[2025-11-05T06:35:16.266006000Z DEBUG solana_runtime::message_processor::stable_log] Program 11111111111111111111111111111111 success
[2025-11-05T06:35:16.266012000Z DEBUG solana_runtime::message_processor::stable_log] Program log: Initialize the associated token account
[2025-11-05T06:35:16.266029000Z DEBUG solana_runtime::message_processor::stable_log] Program TokenkegQfeZyiNwAJbNbGKPFXCWuBvf9Ss623VQ5DA invoke [2]
[2025-11-05T06:35:16.266050000Z DEBUG solana_runtime::message_processor::stable_log] Program log: Instruction: InitializeImmutableOwner
[2025-11-05T06:35:16.266061000Z DEBUG solana_runtime::message_processor::stable_log] Program log: Please upgrade to SPL Token 2022 for immutable owner support
[2025-11-05T06:35:16.266064000Z DEBUG solana_runtime::message_processor::stable_log] Program TokenkegQfeZyiNwAJbNbGKPFXCWuBvf9Ss623VQ5DA consumed 1405 of 187942 compute units
[2025-11-05T06:35:16.266072000Z DEBUG solana_runtime::message_processor::stable_log] Program TokenkegQfeZyiNwAJbNbGKPFXCWuBvf9Ss623VQ5DA success
[2025-11-05T06:35:16.266104000Z DEBUG solana_runtime::message_processor::stable_log] Program TokenkegQfeZyiNwAJbNbGKPFXCWuBvf9Ss623VQ5DA invoke [2]
[2025-11-05T06:35:16.266133000Z DEBUG solana_runtime::message_processor::stable_log] Program log: Instruction: InitializeAccount3
[2025-11-05T06:35:16.266185000Z DEBUG solana_runtime::message_processor::stable_log] Program TokenkegQfeZyiNwAJbNbGKPFXCWuBvf9Ss623VQ5DA consumed 4214 of 184058 compute units
[2025-11-05T06:35:16.266192000Z DEBUG solana_runtime::message_processor::stable_log] Program TokenkegQfeZyiNwAJbNbGKPFXCWuBvf9Ss623VQ5DA success
[2025-11-05T06:35:16.266205000Z DEBUG solana_runtime::message_processor::stable_log] Program ATokenGPvbdGVxr1b2hvZbsiqW5xWH25efTNsLJA8knL consumed 20460 of 200000 compute units
[2025-11-05T06:35:16.266214000Z DEBUG solana_runtime::message_processor::stable_log] Program ATokenGPvbdGVxr1b2hvZbsiqW5xWH25efTNsLJA8knL success
[2025-11-05T06:35:16.269657000Z DEBUG solana_runtime::message_processor::stable_log] Program TokenkegQfeZyiNwAJbNbGKPFXCWuBvf9Ss623VQ5DA invoke [1]
[2025-11-05T06:35:16.269713000Z DEBUG solana_runtime::message_processor::stable_log] Program log: Instruction: MintTo
[2025-11-05T06:35:16.269770000Z DEBUG solana_runtime::message_processor::stable_log] Program TokenkegQfeZyiNwAJbNbGKPFXCWuBvf9Ss623VQ5DA consumed 4491 of 200000 compute units
[2025-11-05T06:35:16.269779000Z DEBUG solana_runtime::message_processor::stable_log] Program TokenkegQfeZyiNwAJbNbGKPFXCWuBvf9Ss623VQ5DA success
[2025-11-05T06:35:16.274196000Z DEBUG solana_runtime::message_processor::stable_log] Program ATokenGPvbdGVxr1b2hvZbsiqW5xWH25efTNsLJA8knL invoke [1]
[2025-11-05T06:35:16.274256000Z DEBUG solana_runtime::message_processor::stable_log] Program log: Create
[2025-11-05T06:35:16.274302000Z DEBUG solana_runtime::message_processor::stable_log] Program TokenkegQfeZyiNwAJbNbGKPFXCWuBvf9Ss623VQ5DA invoke [2]
[2025-11-05T06:35:16.274332000Z DEBUG solana_runtime::message_processor::stable_log] Program log: Instruction: GetAccountDataSize
[2025-11-05T06:35:16.274349000Z DEBUG solana_runtime::message_processor::stable_log] Program TokenkegQfeZyiNwAJbNbGKPFXCWuBvf9Ss623VQ5DA consumed 1595 of 194555 compute units
[2025-11-05T06:35:16.274356000Z DEBUG solana_runtime::message_processor::stable_log] Program return: TokenkegQfeZyiNwAJbNbGKPFXCWuBvf9Ss623VQ5DA pQAAAAAAAAA=
[2025-11-05T06:35:16.274364000Z DEBUG solana_runtime::message_processor::stable_log] Program TokenkegQfeZyiNwAJbNbGKPFXCWuBvf9Ss623VQ5DA success
[2025-11-05T06:35:16.274416000Z DEBUG solana_runtime::message_processor::stable_log] Program 11111111111111111111111111111111 invoke [2]
[2025-11-05T06:35:16.274424000Z DEBUG solana_runtime::message_processor::stable_log] Program 11111111111111111111111111111111 success
[2025-11-05T06:35:16.274429000Z DEBUG solana_runtime::message_processor::stable_log] Program log: Initialize the associated token account
[2025-11-05T06:35:16.274446000Z DEBUG solana_runtime::message_processor::stable_log] Program TokenkegQfeZyiNwAJbNbGKPFXCWuBvf9Ss623VQ5DA invoke [2]
[2025-11-05T06:35:16.274470000Z DEBUG solana_runtime::message_processor::stable_log] Program log: Instruction: InitializeImmutableOwner
[2025-11-05T06:35:16.274482000Z DEBUG solana_runtime::message_processor::stable_log] Program log: Please upgrade to SPL Token 2022 for immutable owner support
[2025-11-05T06:35:16.274485000Z DEBUG solana_runtime::message_processor::stable_log] Program TokenkegQfeZyiNwAJbNbGKPFXCWuBvf9Ss623VQ5DA consumed 1405 of 187942 compute units
[2025-11-05T06:35:16.274492000Z DEBUG solana_runtime::message_processor::stable_log] Program TokenkegQfeZyiNwAJbNbGKPFXCWuBvf9Ss623VQ5DA success
[2025-11-05T06:35:16.274530000Z DEBUG solana_runtime::message_processor::stable_log] Program TokenkegQfeZyiNwAJbNbGKPFXCWuBvf9Ss623VQ5DA invoke [2]
[2025-11-05T06:35:16.274558000Z DEBUG solana_runtime::message_processor::stable_log] Program log: Instruction: InitializeAccount3
[2025-11-05T06:35:16.274610000Z DEBUG solana_runtime::message_processor::stable_log] Program TokenkegQfeZyiNwAJbNbGKPFXCWuBvf9Ss623VQ5DA consumed 4214 of 184058 compute units
[2025-11-05T06:35:16.274617000Z DEBUG solana_runtime::message_processor::stable_log] Program TokenkegQfeZyiNwAJbNbGKPFXCWuBvf9Ss623VQ5DA success
[2025-11-05T06:35:16.274630000Z DEBUG solana_runtime::message_processor::stable_log] Program ATokenGPvbdGVxr1b2hvZbsiqW5xWH25efTNsLJA8knL consumed 20460 of 200000 compute units
[2025-11-05T06:35:16.274638000Z DEBUG solana_runtime::message_processor::stable_log] Program ATokenGPvbdGVxr1b2hvZbsiqW5xWH25efTNsLJA8knL success
[2025-11-05T06:35:16.277688000Z DEBUG solana_runtime::message_processor::stable_log] Program TokenkegQfeZyiNwAJbNbGKPFXCWuBvf9Ss623VQ5DA invoke [1]
[2025-11-05T06:35:16.277734000Z DEBUG solana_runtime::message_processor::stable_log] Program log: Instruction: MintTo
[2025-11-05T06:35:16.277793000Z DEBUG solana_runtime::message_processor::stable_log] Program TokenkegQfeZyiNwAJbNbGKPFXCWuBvf9Ss623VQ5DA consumed 4491 of 200000 compute units
[2025-11-05T06:35:16.277804000Z DEBUG solana_runtime::message_processor::stable_log] Program TokenkegQfeZyiNwAJbNbGKPFXCWuBvf9Ss623VQ5DA success
[2025-11-05T06:35:16.289766000Z DEBUG solana_runtime::message_processor::stable_log] Program ASmKWt93JEMHxbdE6j7znD9y2FcdPboCzC3xtSTJvN7S invoke [1]
[2025-11-05T06:35:16.289820000Z DEBUG solana_runtime::message_processor::stable_log] Program log: Instruction: CreateConfig
[2025-11-05T06:35:16.289904000Z DEBUG solana_runtime::message_processor::stable_log] Program 11111111111111111111111111111111 invoke [2]
[2025-11-05T06:35:16.289912000Z DEBUG solana_runtime::message_processor::stable_log] Program 11111111111111111111111111111111 success
[2025-11-05T06:35:16.290007000Z DEBUG solana_runtime::message_processor::stable_log] Program ASmKWt93JEMHxbdE6j7znD9y2FcdPboCzC3xtSTJvN7S invoke [2]
[2025-11-05T06:35:16.290042000Z DEBUG solana_runtime::message_processor::stable_log] Program ASmKWt93JEMHxbdE6j7znD9y2FcdPboCzC3xtSTJvN7S consumed 2069 of 186098 compute units
[2025-11-05T06:35:16.290052000Z DEBUG solana_runtime::message_processor::stable_log] Program ASmKWt93JEMHxbdE6j7znD9y2FcdPboCzC3xtSTJvN7S success
[2025-11-05T06:35:16.290066000Z DEBUG solana_runtime::message_processor::stable_log] Program ASmKWt93JEMHxbdE6j7znD9y2FcdPboCzC3xtSTJvN7S consumed 16276 of 200000 compute units
[2025-11-05T06:35:16.290075000Z DEBUG solana_runtime::message_processor::stable_log] Program ASmKWt93JEMHxbdE6j7znD9y2FcdPboCzC3xtSTJvN7S success
[2025-11-05T06:35:16.313094000Z DEBUG solana_runtime::message_processor::stable_log] Program ASmKWt93JEMHxbdE6j7znD9y2FcdPboCzC3xtSTJvN7S invoke [1]
[2025-11-05T06:35:16.313207000Z DEBUG solana_runtime::message_processor::stable_log] Program log: Instruction: InitializePool
[2025-11-05T06:35:16.313342000Z DEBUG solana_runtime::message_processor::stable_log] Program 11111111111111111111111111111111 invoke [2]
[2025-11-05T06:35:16.313350000Z DEBUG solana_runtime::message_processor::stable_log] Program 11111111111111111111111111111111 success
[2025-11-05T06:35:16.313382000Z DEBUG solana_runtime::message_processor::stable_log] Program TokenzQdBNbLqP5VEhdkAS6EPFLC1PHnBqCXEpPxuEb invoke [2]
[2025-11-05T06:35:16.313411000Z DEBUG solana_runtime::message_processor::stable_log] Program log: MetadataPointerInstruction::Initialize
[2025-11-05T06:35:16.313444000Z DEBUG solana_runtime::message_processor::stable_log] Program TokenzQdBNbLqP5VEhdkAS6EPFLC1PHnBqCXEpPxuEb consumed 2442 of 334963 compute units
[2025-11-05T06:35:16.313453000Z DEBUG solana_runtime::message_processor::stable_log] Program TokenzQdBNbLqP5VEhdkAS6EPFLC1PHnBqCXEpPxuEb success
[2025-11-05T06:35:16.313483000Z DEBUG solana_runtime::message_processor::stable_log] Program TokenzQdBNbLqP5VEhdkAS6EPFLC1PHnBqCXEpPxuEb invoke [2]
[2025-11-05T06:35:16.313503000Z DEBUG solana_runtime::message_processor::stable_log] Program log: Instruction: InitializeMintCloseAuthority
[2025-11-05T06:35:16.313534000Z DEBUG solana_runtime::message_processor::stable_log] Program TokenzQdBNbLqP5VEhdkAS6EPFLC1PHnBqCXEpPxuEb consumed 2570 of 330543 compute units
[2025-11-05T06:35:16.313551000Z DEBUG solana_runtime::message_processor::stable_log] Program TokenzQdBNbLqP5VEhdkAS6EPFLC1PHnBqCXEpPxuEb success
[2025-11-05T06:35:16.313579000Z DEBUG solana_runtime::message_processor::stable_log] Program TokenzQdBNbLqP5VEhdkAS6EPFLC1PHnBqCXEpPxuEb invoke [2]
[2025-11-05T06:35:16.313601000Z DEBUG solana_runtime::message_processor::stable_log] Program log: Instruction: InitializeMint2
[2025-11-05T06:35:16.313656000Z DEBUG solana_runtime::message_processor::stable_log] Program TokenzQdBNbLqP5VEhdkAS6EPFLC1PHnBqCXEpPxuEb consumed 4078 of 326031 compute units
[2025-11-05T06:35:16.313663000Z DEBUG solana_runtime::message_processor::stable_log] Program TokenzQdBNbLqP5VEhdkAS6EPFLC1PHnBqCXEpPxuEb success
[2025-11-05T06:35:16.313778000Z DEBUG solana_runtime::message_processor::stable_log] Program 11111111111111111111111111111111 invoke [2]
[2025-11-05T06:35:16.313784000Z DEBUG solana_runtime::message_processor::stable_log] Program 11111111111111111111111111111111 success
[2025-11-05T06:35:16.313811000Z DEBUG solana_runtime::message_processor::stable_log] Program TokenzQdBNbLqP5VEhdkAS6EPFLC1PHnBqCXEpPxuEb invoke [2]
[2025-11-05T06:35:16.313836000Z DEBUG solana_runtime::message_processor::stable_log] Program log: Instruction: InitializeAccount3
[2025-11-05T06:35:16.313912000Z DEBUG solana_runtime::message_processor::stable_log] Program TokenzQdBNbLqP5VEhdkAS6EPFLC1PHnBqCXEpPxuEb consumed 5137 of 312347 compute units
[2025-11-05T06:35:16.313920000Z DEBUG solana_runtime::message_processor::stable_log] Program TokenzQdBNbLqP5VEhdkAS6EPFLC1PHnBqCXEpPxuEb success
[2025-11-05T06:35:16.314033000Z DEBUG solana_runtime::message_processor::stable_log] Program 11111111111111111111111111111111 invoke [2]
[2025-11-05T06:35:16.314037000Z DEBUG solana_runtime::message_processor::stable_log] Program 11111111111111111111111111111111 success
[2025-11-05T06:35:16.314101000Z DEBUG solana_runtime::message_processor::stable_log] Program 11111111111111111111111111111111 invoke [2]
[2025-11-05T06:35:16.314104000Z DEBUG solana_runtime::message_processor::stable_log] Program 11111111111111111111111111111111 success
[2025-11-05T06:35:16.314169000Z DEBUG solana_runtime::message_processor::stable_log] Program 11111111111111111111111111111111 invoke [2]
[2025-11-05T06:35:16.314172000Z DEBUG solana_runtime::message_processor::stable_log] Program 11111111111111111111111111111111 success
[2025-11-05T06:35:16.314199000Z DEBUG solana_runtime::message_processor::stable_log] Program TokenkegQfeZyiNwAJbNbGKPFXCWuBvf9Ss623VQ5DA invoke [2]
[2025-11-05T06:35:16.314227000Z DEBUG solana_runtime::message_processor::stable_log] Program log: Instruction: InitializeAccount3
[2025-11-05T06:35:16.314282000Z DEBUG solana_runtime::message_processor::stable_log] Program TokenkegQfeZyiNwAJbNbGKPFXCWuBvf9Ss623VQ5DA consumed 4214 of 284244 compute units
[2025-11-05T06:35:16.314290000Z DEBUG solana_runtime::message_processor::stable_log] Program TokenkegQfeZyiNwAJbNbGKPFXCWuBvf9Ss623VQ5DA success
[2025-11-05T06:35:16.314379000Z DEBUG solana_runtime::message_processor::stable_log] Program 11111111111111111111111111111111 invoke [2]
[2025-11-05T06:35:16.314385000Z DEBUG solana_runtime::message_processor::stable_log] Program 11111111111111111111111111111111 success
[2025-11-05T06:35:16.314410000Z DEBUG solana_runtime::message_processor::stable_log] Program TokenkegQfeZyiNwAJbNbGKPFXCWuBvf9Ss623VQ5DA invoke [2]
[2025-11-05T06:35:16.314437000Z DEBUG solana_runtime::message_processor::stable_log] Program log: Instruction: InitializeAccount3
[2025-11-05T06:35:16.314487000Z DEBUG solana_runtime::message_processor::stable_log] Program TokenkegQfeZyiNwAJbNbGKPFXCWuBvf9Ss623VQ5DA consumed 4214 of 271105 compute units
[2025-11-05T06:35:16.314495000Z DEBUG solana_runtime::message_processor::stable_log] Program TokenkegQfeZyiNwAJbNbGKPFXCWuBvf9Ss623VQ5DA success
[2025-11-05T06:35:16.314690000Z DEBUG solana_runtime::message_processor::stable_log] Program TokenzQdBNbLqP5VEhdkAS6EPFLC1PHnBqCXEpPxuEb invoke [2]
[2025-11-05T06:35:16.314737000Z DEBUG solana_runtime::message_processor::stable_log] Program log: TokenMetadataInstruction: Initialize
[2025-11-05T06:35:16.314855000Z DEBUG solana_runtime::message_processor::stable_log] Program TokenzQdBNbLqP5VEhdkAS6EPFLC1PHnBqCXEpPxuEb consumed 9900 of 254972 compute units
[2025-11-05T06:35:16.314866000Z DEBUG solana_runtime::message_processor::stable_log] Program TokenzQdBNbLqP5VEhdkAS6EPFLC1PHnBqCXEpPxuEb success
[2025-11-05T06:35:16.314906000Z DEBUG solana_runtime::message_processor::stable_log] Program 11111111111111111111111111111111 invoke [2]
[2025-11-05T06:35:16.314909000Z DEBUG solana_runtime::message_processor::stable_log] Program 11111111111111111111111111111111 success
[2025-11-05T06:35:16.314947000Z DEBUG solana_runtime::message_processor::stable_log] Program TokenzQdBNbLqP5VEhdkAS6EPFLC1PHnBqCXEpPxuEb invoke [2]
[2025-11-05T06:35:16.314976000Z DEBUG solana_runtime::message_processor::stable_log] Program log: Instruction: MintTo
[2025-11-05T06:35:16.315046000Z DEBUG solana_runtime::message_processor::stable_log] Program TokenzQdBNbLqP5VEhdkAS6EPFLC1PHnBqCXEpPxuEb consumed 5540 of 240010 compute units
[2025-11-05T06:35:16.315055000Z DEBUG solana_runtime::message_processor::stable_log] Program TokenzQdBNbLqP5VEhdkAS6EPFLC1PHnBqCXEpPxuEb success
[2025-11-05T06:35:16.315104000Z DEBUG solana_runtime::message_processor::stable_log] Program ASmKWt93JEMHxbdE6j7znD9y2FcdPboCzC3xtSTJvN7S invoke [2]
[2025-11-05T06:35:16.315136000Z DEBUG solana_runtime::message_processor::stable_log] Program ASmKWt93JEMHxbdE6j7znD9y2FcdPboCzC3xtSTJvN7S consumed 2069 of 231405 compute units
[2025-11-05T06:35:16.315145000Z DEBUG solana_runtime::message_processor::stable_log] Program ASmKWt93JEMHxbdE6j7znD9y2FcdPboCzC3xtSTJvN7S success
[2025-11-05T06:35:16.315188000Z DEBUG solana_runtime::message_processor::stable_log] Program TokenkegQfeZyiNwAJbNbGKPFXCWuBvf9Ss623VQ5DA invoke [2]
[2025-11-05T06:35:16.315221000Z DEBUG solana_runtime::message_processor::stable_log] Program log: Instruction: TransferChecked
[2025-11-05T06:35:16.315293000Z DEBUG solana_runtime::message_processor::stable_log] Program TokenkegQfeZyiNwAJbNbGKPFXCWuBvf9Ss623VQ5DA consumed 6174 of 226864 compute units
[2025-11-05T06:35:16.315301000Z DEBUG solana_runtime::message_processor::stable_log] Program TokenkegQfeZyiNwAJbNbGKPFXCWuBvf9Ss623VQ5DA success
[2025-11-05T06:35:16.315341000Z DEBUG solana_runtime::message_processor::stable_log] Program TokenkegQfeZyiNwAJbNbGKPFXCWuBvf9Ss623VQ5DA invoke [2]
[2025-11-05T06:35:16.315369000Z DEBUG solana_runtime::message_processor::stable_log] Program log: Instruction: TransferChecked
[2025-11-05T06:35:16.315439000Z DEBUG solana_runtime::message_processor::stable_log] Program TokenkegQfeZyiNwAJbNbGKPFXCWuBvf9Ss623VQ5DA consumed 6269 of 218280 compute units
[2025-11-05T06:35:16.315447000Z DEBUG solana_runtime::message_processor::stable_log] Program TokenkegQfeZyiNwAJbNbGKPFXCWuBvf9Ss623VQ5DA success
[2025-11-05T06:35:16.315520000Z DEBUG solana_runtime::message_processor::stable_log] Program ASmKWt93JEMHxbdE6j7znD9y2FcdPboCzC3xtSTJvN7S invoke [2]
[2025-11-05T06:35:16.315551000Z DEBUG solana_runtime::message_processor::stable_log] Program ASmKWt93JEMHxbdE6j7znD9y2FcdPboCzC3xtSTJvN7S consumed 2069 of 206930 compute units
[2025-11-05T06:35:16.315559000Z DEBUG solana_runtime::message_processor::stable_log] Program ASmKWt93JEMHxbdE6j7znD9y2FcdPboCzC3xtSTJvN7S success
[2025-11-05T06:35:16.315583000Z DEBUG solana_runtime::message_processor::stable_log] Program ASmKWt93JEMHxbdE6j7znD9y2FcdPboCzC3xtSTJvN7S consumed 145933 of 350000 compute units
[2025-11-05T06:35:16.315593000Z DEBUG solana_runtime::message_processor::stable_log] Program ASmKWt93JEMHxbdE6j7znD9y2FcdPboCzC3xtSTJvN7S success
[2025-11-05T06:35:16.315601000Z DEBUG solana_runtime::message_processor::stable_log] Program ComputeBudget111111111111111111111111111111 invoke [1]
[2025-11-05T06:35:16.315608000Z DEBUG solana_runtime::message_processor::stable_log] Program ComputeBudget111111111111111111111111111111 success
[2025-11-05T06:35:16.328762000Z DEBUG solana_runtime::message_processor::stable_log] Program ASmKWt93JEMHxbdE6j7znD9y2FcdPboCzC3xtSTJvN7S invoke [1]
[2025-11-05T06:35:16.328825000Z DEBUG solana_runtime::message_processor::stable_log] Program log: Instruction: SetPoolStatus
[2025-11-05T06:35:16.328886000Z DEBUG solana_runtime::message_processor::stable_log] Program ASmKWt93JEMHxbdE6j7znD9y2FcdPboCzC3xtSTJvN7S invoke [2]
[2025-11-05T06:35:16.328923000Z DEBUG solana_runtime::message_processor::stable_log] Program ASmKWt93JEMHxbdE6j7znD9y2FcdPboCzC3xtSTJvN7S consumed 2069 of 195012 compute units
[2025-11-05T06:35:16.328932000Z DEBUG solana_runtime::message_processor::stable_log] Program ASmKWt93JEMHxbdE6j7znD9y2FcdPboCzC3xtSTJvN7S success
[2025-11-05T06:35:16.328947000Z DEBUG solana_runtime::message_processor::stable_log] Program ASmKWt93JEMHxbdE6j7znD9y2FcdPboCzC3xtSTJvN7S consumed 7340 of 200000 compute units
[2025-11-05T06:35:16.328956000Z DEBUG solana_runtime::message_processor::stable_log] Program ASmKWt93JEMHxbdE6j7znD9y2FcdPboCzC3xtSTJvN7S success
      ✔ Initialize pool & update status (38ms)
    Token 2022
[2025-11-05T06:35:16.334982000Z INFO  solana_program_test] "cp_amm" SBF program from ./target/deploy/cp_amm.so, modified 24 minutes, 23 seconds, 682 ms, 299 µs and 203 ns ago
[2025-11-05T06:35:16.335145000Z INFO  solana_program_test] "fee_router" SBF program from ./target/deploy/fee_router.so, modified 26 seconds, 419 ms, 404 µs and 331 ns ago
[2025-11-05T06:35:16.335279000Z INFO  solana_program_test] "transfer_hook_counter" SBF program from tests/fixtures/transfer_hook_counter.so, modified 3 weeks, 22 hours, 58 minutes, 51 seconds, 160 ms, 878 µs and 196 ns ago
[2025-11-05T06:35:16.335548000Z INFO  solana_program_test] "alpha_vault" SBF program from tests/fixtures/alpha_vault.so, modified 3 weeks, 22 hours, 58 minutes, 51 seconds, 161 ms, 835 µs and 72 ns ago
[2025-11-05T06:35:16.335792000Z INFO  solana_program_test] "streamflow" SBF program from tests/fixtures/streamflow.so, modified 3 weeks, 6 hours, 59 minutes, 1 second, 46 ms, 708 µs and 387 ns ago
[2025-11-05T06:35:16.336045000Z INFO  solana_program_test] "cp_amm" SBF program from ./target/deploy/cp_amm.so, modified 24 minutes, 23 seconds, 683 ms, 365 µs and 203 ns ago
[2025-11-05T06:35:16.336163000Z INFO  solana_program_test] "fee_router" SBF program from ./target/deploy/fee_router.so, modified 26 seconds, 420 ms, 423 µs and 331 ns ago
[2025-11-05T06:35:16.354631000Z INFO  solana_program_test] Overriding account at ASmKWt93JEMHxbdE6j7znD9y2FcdPboCzC3xtSTJvN7S
[2025-11-05T06:35:16.354647000Z INFO  solana_program_test] Overriding account at 5B57SJ3g2YoNXUpsZqqjEQkRSxyKtVTQRXdgAirz6bio
[2025-11-05T06:35:16.365778000Z DEBUG solana_runtime::message_processor::stable_log] Program 11111111111111111111111111111111 invoke [1]
[2025-11-05T06:35:16.365791000Z DEBUG solana_runtime::message_processor::stable_log] Program 11111111111111111111111111111111 success
[2025-11-05T06:35:16.369125000Z DEBUG solana_runtime::message_processor::stable_log] Program 11111111111111111111111111111111 invoke [1]
[2025-11-05T06:35:16.369133000Z DEBUG solana_runtime::message_processor::stable_log] Program 11111111111111111111111111111111 success
[2025-11-05T06:35:16.376478000Z DEBUG solana_runtime::message_processor::stable_log] Program 11111111111111111111111111111111 invoke [1]
[2025-11-05T06:35:16.376497000Z DEBUG solana_runtime::message_processor::stable_log] Program 11111111111111111111111111111111 success
[2025-11-05T06:35:16.376501000Z DEBUG solana_runtime::message_processor::stable_log] Program TokenzQdBNbLqP5VEhdkAS6EPFLC1PHnBqCXEpPxuEb invoke [1]
[2025-11-05T06:35:16.376585000Z DEBUG solana_runtime::message_processor::stable_log] Program TokenzQdBNbLqP5VEhdkAS6EPFLC1PHnBqCXEpPxuEb consumed 3479 of 599850 compute units
[2025-11-05T06:35:16.376594000Z DEBUG solana_runtime::message_processor::stable_log] Program TokenzQdBNbLqP5VEhdkAS6EPFLC1PHnBqCXEpPxuEb success
[2025-11-05T06:35:16.376601000Z DEBUG solana_runtime::message_processor::stable_log] Program TokenzQdBNbLqP5VEhdkAS6EPFLC1PHnBqCXEpPxuEb invoke [1]
[2025-11-05T06:35:16.376626000Z DEBUG solana_runtime::message_processor::stable_log] Program log: Instruction: InitializeMint2
[2025-11-05T06:35:16.376679000Z DEBUG solana_runtime::message_processor::stable_log] Program TokenzQdBNbLqP5VEhdkAS6EPFLC1PHnBqCXEpPxuEb consumed 3868 of 596371 compute units
[2025-11-05T06:35:16.376689000Z DEBUG solana_runtime::message_processor::stable_log] Program TokenzQdBNbLqP5VEhdkAS6EPFLC1PHnBqCXEpPxuEb success
[2025-11-05T06:35:16.383313000Z DEBUG solana_runtime::message_processor::stable_log] Program 11111111111111111111111111111111 invoke [1]
[2025-11-05T06:35:16.383332000Z DEBUG solana_runtime::message_processor::stable_log] Program 11111111111111111111111111111111 success
[2025-11-05T06:35:16.383336000Z DEBUG solana_runtime::message_processor::stable_log] Program TokenzQdBNbLqP5VEhdkAS6EPFLC1PHnBqCXEpPxuEb invoke [1]
[2025-11-05T06:35:16.383544000Z DEBUG solana_runtime::message_processor::stable_log] Program TokenzQdBNbLqP5VEhdkAS6EPFLC1PHnBqCXEpPxuEb consumed 3479 of 599850 compute units
[2025-11-05T06:35:16.383568000Z DEBUG solana_runtime::message_processor::stable_log] Program TokenzQdBNbLqP5VEhdkAS6EPFLC1PHnBqCXEpPxuEb success
[2025-11-05T06:35:16.383583000Z DEBUG solana_runtime::message_processor::stable_log] Program TokenzQdBNbLqP5VEhdkAS6EPFLC1PHnBqCXEpPxuEb invoke [1]
[2025-11-05T06:35:16.383640000Z DEBUG solana_runtime::message_processor::stable_log] Program log: Instruction: InitializeMint2
[2025-11-05T06:35:16.383737000Z DEBUG solana_runtime::message_processor::stable_log] Program TokenzQdBNbLqP5VEhdkAS6EPFLC1PHnBqCXEpPxuEb consumed 3868 of 596371 compute units
[2025-11-05T06:35:16.383754000Z DEBUG solana_runtime::message_processor::stable_log] Program TokenzQdBNbLqP5VEhdkAS6EPFLC1PHnBqCXEpPxuEb success
[2025-11-05T06:35:16.388672000Z DEBUG solana_runtime::message_processor::stable_log] Program ATokenGPvbdGVxr1b2hvZbsiqW5xWH25efTNsLJA8knL invoke [1]
[2025-11-05T06:35:16.388738000Z DEBUG solana_runtime::message_processor::stable_log] Program log: Create
[2025-11-05T06:35:16.388784000Z DEBUG solana_runtime::message_processor::stable_log] Program TokenzQdBNbLqP5VEhdkAS6EPFLC1PHnBqCXEpPxuEb invoke [2]
[2025-11-05T06:35:16.388819000Z DEBUG solana_runtime::message_processor::stable_log] Program log: Instruction: GetAccountDataSize
[2025-11-05T06:35:16.388862000Z DEBUG solana_runtime::message_processor::stable_log] Program TokenzQdBNbLqP5VEhdkAS6EPFLC1PHnBqCXEpPxuEb consumed 2917 of 194642 compute units
[2025-11-05T06:35:16.388870000Z DEBUG solana_runtime::message_processor::stable_log] Program return: TokenzQdBNbLqP5VEhdkAS6EPFLC1PHnBqCXEpPxuEb tgAAAAAAAAA=
[2025-11-05T06:35:16.388878000Z DEBUG solana_runtime::message_processor::stable_log] Program TokenzQdBNbLqP5VEhdkAS6EPFLC1PHnBqCXEpPxuEb success
[2025-11-05T06:35:16.388932000Z DEBUG solana_runtime::message_processor::stable_log] Program 11111111111111111111111111111111 invoke [2]
[2025-11-05T06:35:16.388942000Z DEBUG solana_runtime::message_processor::stable_log] Program 11111111111111111111111111111111 success
[2025-11-05T06:35:16.388948000Z DEBUG solana_runtime::message_processor::stable_log] Program log: Initialize the associated token account
[2025-11-05T06:35:16.388964000Z DEBUG solana_runtime::message_processor::stable_log] Program TokenzQdBNbLqP5VEhdkAS6EPFLC1PHnBqCXEpPxuEb invoke [2]
[2025-11-05T06:35:16.388986000Z DEBUG solana_runtime::message_processor::stable_log] Program log: Instruction: InitializeImmutableOwner
[2025-11-05T06:35:16.389011000Z DEBUG solana_runtime::message_processor::stable_log] Program TokenzQdBNbLqP5VEhdkAS6EPFLC1PHnBqCXEpPxuEb consumed 1924 of 186795 compute units
[2025-11-05T06:35:16.389019000Z DEBUG solana_runtime::message_processor::stable_log] Program TokenzQdBNbLqP5VEhdkAS6EPFLC1PHnBqCXEpPxuEb success
[2025-11-05T06:35:16.389050000Z DEBUG solana_runtime::message_processor::stable_log] Program TokenzQdBNbLqP5VEhdkAS6EPFLC1PHnBqCXEpPxuEb invoke [2]
[2025-11-05T06:35:16.389077000Z DEBUG solana_runtime::message_processor::stable_log] Program log: Instruction: InitializeAccount3
[2025-11-05T06:35:16.389176000Z DEBUG solana_runtime::message_processor::stable_log] Program TokenzQdBNbLqP5VEhdkAS6EPFLC1PHnBqCXEpPxuEb consumed 5446 of 182481 compute units
[2025-11-05T06:35:16.389188000Z DEBUG solana_runtime::message_processor::stable_log] Program TokenzQdBNbLqP5VEhdkAS6EPFLC1PHnBqCXEpPxuEb success
[2025-11-05T06:35:16.389201000Z DEBUG solana_runtime::message_processor::stable_log] Program ATokenGPvbdGVxr1b2hvZbsiqW5xWH25efTNsLJA8knL consumed 23269 of 200000 compute units
[2025-11-05T06:35:16.389212000Z DEBUG solana_runtime::message_processor::stable_log] Program ATokenGPvbdGVxr1b2hvZbsiqW5xWH25efTNsLJA8knL success
[2025-11-05T06:35:16.392344000Z DEBUG solana_runtime::message_processor::stable_log] Program TokenzQdBNbLqP5VEhdkAS6EPFLC1PHnBqCXEpPxuEb invoke [1]
[2025-11-05T06:35:16.392398000Z DEBUG solana_runtime::message_processor::stable_log] Program log: Instruction: MintTo
[2025-11-05T06:35:16.392479000Z DEBUG solana_runtime::message_processor::stable_log] Program TokenzQdBNbLqP5VEhdkAS6EPFLC1PHnBqCXEpPxuEb consumed 5403 of 200000 compute units
[2025-11-05T06:35:16.392490000Z DEBUG solana_runtime::message_processor::stable_log] Program TokenzQdBNbLqP5VEhdkAS6EPFLC1PHnBqCXEpPxuEb success
[2025-11-05T06:35:16.396852000Z DEBUG solana_runtime::message_processor::stable_log] Program ATokenGPvbdGVxr1b2hvZbsiqW5xWH25efTNsLJA8knL invoke [1]
[2025-11-05T06:35:16.396919000Z DEBUG solana_runtime::message_processor::stable_log] Program log: Create
[2025-11-05T06:35:16.396966000Z DEBUG solana_runtime::message_processor::stable_log] Program TokenzQdBNbLqP5VEhdkAS6EPFLC1PHnBqCXEpPxuEb invoke [2]
[2025-11-05T06:35:16.397005000Z DEBUG solana_runtime::message_processor::stable_log] Program log: Instruction: GetAccountDataSize
[2025-11-05T06:35:16.397046000Z DEBUG solana_runtime::message_processor::stable_log] Program TokenzQdBNbLqP5VEhdkAS6EPFLC1PHnBqCXEpPxuEb consumed 2917 of 194642 compute units
[2025-11-05T06:35:16.397054000Z DEBUG solana_runtime::message_processor::stable_log] Program return: TokenzQdBNbLqP5VEhdkAS6EPFLC1PHnBqCXEpPxuEb tgAAAAAAAAA=
[2025-11-05T06:35:16.397062000Z DEBUG solana_runtime::message_processor::stable_log] Program TokenzQdBNbLqP5VEhdkAS6EPFLC1PHnBqCXEpPxuEb success
[2025-11-05T06:35:16.397117000Z DEBUG solana_runtime::message_processor::stable_log] Program 11111111111111111111111111111111 invoke [2]
[2025-11-05T06:35:16.397124000Z DEBUG solana_runtime::message_processor::stable_log] Program 11111111111111111111111111111111 success
[2025-11-05T06:35:16.397130000Z DEBUG solana_runtime::message_processor::stable_log] Program log: Initialize the associated token account
[2025-11-05T06:35:16.397146000Z DEBUG solana_runtime::message_processor::stable_log] Program TokenzQdBNbLqP5VEhdkAS6EPFLC1PHnBqCXEpPxuEb invoke [2]
[2025-11-05T06:35:16.397167000Z DEBUG solana_runtime::message_processor::stable_log] Program log: Instruction: InitializeImmutableOwner
[2025-11-05T06:35:16.397191000Z DEBUG solana_runtime::message_processor::stable_log] Program TokenzQdBNbLqP5VEhdkAS6EPFLC1PHnBqCXEpPxuEb consumed 1924 of 186795 compute units
[2025-11-05T06:35:16.397198000Z DEBUG solana_runtime::message_processor::stable_log] Program TokenzQdBNbLqP5VEhdkAS6EPFLC1PHnBqCXEpPxuEb success
[2025-11-05T06:35:16.397231000Z DEBUG solana_runtime::message_processor::stable_log] Program TokenzQdBNbLqP5VEhdkAS6EPFLC1PHnBqCXEpPxuEb invoke [2]
[2025-11-05T06:35:16.397262000Z DEBUG solana_runtime::message_processor::stable_log] Program log: Instruction: InitializeAccount3
[2025-11-05T06:35:16.397348000Z DEBUG solana_runtime::message_processor::stable_log] Program TokenzQdBNbLqP5VEhdkAS6EPFLC1PHnBqCXEpPxuEb consumed 5446 of 182481 compute units
[2025-11-05T06:35:16.397358000Z DEBUG solana_runtime::message_processor::stable_log] Program TokenzQdBNbLqP5VEhdkAS6EPFLC1PHnBqCXEpPxuEb success
[2025-11-05T06:35:16.397371000Z DEBUG solana_runtime::message_processor::stable_log] Program ATokenGPvbdGVxr1b2hvZbsiqW5xWH25efTNsLJA8knL consumed 23269 of 200000 compute units
[2025-11-05T06:35:16.397380000Z DEBUG solana_runtime::message_processor::stable_log] Program ATokenGPvbdGVxr1b2hvZbsiqW5xWH25efTNsLJA8knL success
[2025-11-05T06:35:16.400304000Z DEBUG solana_runtime::message_processor::stable_log] Program TokenzQdBNbLqP5VEhdkAS6EPFLC1PHnBqCXEpPxuEb invoke [1]
[2025-11-05T06:35:16.400346000Z DEBUG solana_runtime::message_processor::stable_log] Program log: Instruction: MintTo
[2025-11-05T06:35:16.400419000Z DEBUG solana_runtime::message_processor::stable_log] Program TokenzQdBNbLqP5VEhdkAS6EPFLC1PHnBqCXEpPxuEb consumed 5403 of 200000 compute units
[2025-11-05T06:35:16.400427000Z DEBUG solana_runtime::message_processor::stable_log] Program TokenzQdBNbLqP5VEhdkAS6EPFLC1PHnBqCXEpPxuEb success
[2025-11-05T06:35:16.412172000Z DEBUG solana_runtime::message_processor::stable_log] Program ASmKWt93JEMHxbdE6j7znD9y2FcdPboCzC3xtSTJvN7S invoke [1]
[2025-11-05T06:35:16.412236000Z DEBUG solana_runtime::message_processor::stable_log] Program log: Instruction: CreateConfig
[2025-11-05T06:35:16.412346000Z DEBUG solana_runtime::message_processor::stable_log] Program 11111111111111111111111111111111 invoke [2]
[2025-11-05T06:35:16.412354000Z DEBUG solana_runtime::message_processor::stable_log] Program 11111111111111111111111111111111 success
[2025-11-05T06:35:16.412451000Z DEBUG solana_runtime::message_processor::stable_log] Program ASmKWt93JEMHxbdE6j7znD9y2FcdPboCzC3xtSTJvN7S invoke [2]
[2025-11-05T06:35:16.412491000Z DEBUG solana_runtime::message_processor::stable_log] Program ASmKWt93JEMHxbdE6j7znD9y2FcdPboCzC3xtSTJvN7S consumed 2069 of 180098 compute units
[2025-11-05T06:35:16.412505000Z DEBUG solana_runtime::message_processor::stable_log] Program ASmKWt93JEMHxbdE6j7znD9y2FcdPboCzC3xtSTJvN7S success
[2025-11-05T06:35:16.412519000Z DEBUG solana_runtime::message_processor::stable_log] Program ASmKWt93JEMHxbdE6j7znD9y2FcdPboCzC3xtSTJvN7S consumed 22276 of 200000 compute units
[2025-11-05T06:35:16.412528000Z DEBUG solana_runtime::message_processor::stable_log] Program ASmKWt93JEMHxbdE6j7znD9y2FcdPboCzC3xtSTJvN7S success
[2025-11-05T06:35:16.435418000Z DEBUG solana_runtime::message_processor::stable_log] Program ASmKWt93JEMHxbdE6j7znD9y2FcdPboCzC3xtSTJvN7S invoke [1]
[2025-11-05T06:35:16.435540000Z DEBUG solana_runtime::message_processor::stable_log] Program log: Instruction: InitializePool
[2025-11-05T06:35:16.435684000Z DEBUG solana_runtime::message_processor::stable_log] Program 11111111111111111111111111111111 invoke [2]
[2025-11-05T06:35:16.435692000Z DEBUG solana_runtime::message_processor::stable_log] Program 11111111111111111111111111111111 success
[2025-11-05T06:35:16.435724000Z DEBUG solana_runtime::message_processor::stable_log] Program TokenzQdBNbLqP5VEhdkAS6EPFLC1PHnBqCXEpPxuEb invoke [2]
[2025-11-05T06:35:16.435764000Z DEBUG solana_runtime::message_processor::stable_log] Program log: MetadataPointerInstruction::Initialize
[2025-11-05T06:35:16.435802000Z DEBUG solana_runtime::message_processor::stable_log] Program TokenzQdBNbLqP5VEhdkAS6EPFLC1PHnBqCXEpPxuEb consumed 2442 of 334481 compute units
[2025-11-05T06:35:16.435814000Z DEBUG solana_runtime::message_processor::stable_log] Program TokenzQdBNbLqP5VEhdkAS6EPFLC1PHnBqCXEpPxuEb success
[2025-11-05T06:35:16.435845000Z DEBUG solana_runtime::message_processor::stable_log] Program TokenzQdBNbLqP5VEhdkAS6EPFLC1PHnBqCXEpPxuEb invoke [2]
[2025-11-05T06:35:16.435865000Z DEBUG solana_runtime::message_processor::stable_log] Program log: Instruction: InitializeMintCloseAuthority
[2025-11-05T06:35:16.435897000Z DEBUG solana_runtime::message_processor::stable_log] Program TokenzQdBNbLqP5VEhdkAS6EPFLC1PHnBqCXEpPxuEb consumed 2570 of 330061 compute units
[2025-11-05T06:35:16.435907000Z DEBUG solana_runtime::message_processor::stable_log] Program TokenzQdBNbLqP5VEhdkAS6EPFLC1PHnBqCXEpPxuEb success
[2025-11-05T06:35:16.435934000Z DEBUG solana_runtime::message_processor::stable_log] Program TokenzQdBNbLqP5VEhdkAS6EPFLC1PHnBqCXEpPxuEb invoke [2]
[2025-11-05T06:35:16.435956000Z DEBUG solana_runtime::message_processor::stable_log] Program log: Instruction: InitializeMint2
[2025-11-05T06:35:16.436013000Z DEBUG solana_runtime::message_processor::stable_log] Program TokenzQdBNbLqP5VEhdkAS6EPFLC1PHnBqCXEpPxuEb consumed 4078 of 325549 compute units
[2025-11-05T06:35:16.436023000Z DEBUG solana_runtime::message_processor::stable_log] Program TokenzQdBNbLqP5VEhdkAS6EPFLC1PHnBqCXEpPxuEb success
[2025-11-05T06:35:16.436141000Z DEBUG solana_runtime::message_processor::stable_log] Program 11111111111111111111111111111111 invoke [2]
[2025-11-05T06:35:16.436154000Z DEBUG solana_runtime::message_processor::stable_log] Program 11111111111111111111111111111111 success
[2025-11-05T06:35:16.436182000Z DEBUG solana_runtime::message_processor::stable_log] Program TokenzQdBNbLqP5VEhdkAS6EPFLC1PHnBqCXEpPxuEb invoke [2]
[2025-11-05T06:35:16.436207000Z DEBUG solana_runtime::message_processor::stable_log] Program log: Instruction: InitializeAccount3
[2025-11-05T06:35:16.436282000Z DEBUG solana_runtime::message_processor::stable_log] Program TokenzQdBNbLqP5VEhdkAS6EPFLC1PHnBqCXEpPxuEb consumed 5137 of 311865 compute units
[2025-11-05T06:35:16.436291000Z DEBUG solana_runtime::message_processor::stable_log] Program TokenzQdBNbLqP5VEhdkAS6EPFLC1PHnBqCXEpPxuEb success
[2025-11-05T06:35:16.436392000Z DEBUG solana_runtime::message_processor::stable_log] Program 11111111111111111111111111111111 invoke [2]
[2025-11-05T06:35:16.436397000Z DEBUG solana_runtime::message_processor::stable_log] Program 11111111111111111111111111111111 success
[2025-11-05T06:35:16.436485000Z DEBUG solana_runtime::message_processor::stable_log] Program 11111111111111111111111111111111 invoke [2]
[2025-11-05T06:35:16.436491000Z DEBUG solana_runtime::message_processor::stable_log] Program 11111111111111111111111111111111 success
[2025-11-05T06:35:16.436590000Z DEBUG solana_runtime::message_processor::stable_log] Program 11111111111111111111111111111111 invoke [2]
[2025-11-05T06:35:16.436594000Z DEBUG solana_runtime::message_processor::stable_log] Program 11111111111111111111111111111111 success
[2025-11-05T06:35:16.436620000Z DEBUG solana_runtime::message_processor::stable_log] Program TokenzQdBNbLqP5VEhdkAS6EPFLC1PHnBqCXEpPxuEb invoke [2]
[2025-11-05T06:35:16.436642000Z DEBUG solana_runtime::message_processor::stable_log] Program log: Instruction: InitializeAccount3
[2025-11-05T06:35:16.436718000Z DEBUG solana_runtime::message_processor::stable_log] Program TokenzQdBNbLqP5VEhdkAS6EPFLC1PHnBqCXEpPxuEb consumed 5379 of 282495 compute units
[2025-11-05T06:35:16.436727000Z DEBUG solana_runtime::message_processor::stable_log] Program TokenzQdBNbLqP5VEhdkAS6EPFLC1PHnBqCXEpPxuEb success
[2025-11-05T06:35:16.436854000Z DEBUG solana_runtime::message_processor::stable_log] Program 11111111111111111111111111111111 invoke [2]
[2025-11-05T06:35:16.436862000Z DEBUG solana_runtime::message_processor::stable_log] Program 11111111111111111111111111111111 success
[2025-11-05T06:35:16.436887000Z DEBUG solana_runtime::message_processor::stable_log] Program TokenzQdBNbLqP5VEhdkAS6EPFLC1PHnBqCXEpPxuEb invoke [2]
[2025-11-05T06:35:16.436909000Z DEBUG solana_runtime::message_processor::stable_log] Program log: Instruction: InitializeAccount3
[2025-11-05T06:35:16.436983000Z DEBUG solana_runtime::message_processor::stable_log] Program TokenzQdBNbLqP5VEhdkAS6EPFLC1PHnBqCXEpPxuEb consumed 5379 of 263910 compute units
[2025-11-05T06:35:16.436992000Z DEBUG solana_runtime::message_processor::stable_log] Program TokenzQdBNbLqP5VEhdkAS6EPFLC1PHnBqCXEpPxuEb success
[2025-11-05T06:35:16.437223000Z DEBUG solana_runtime::message_processor::stable_log] Program TokenzQdBNbLqP5VEhdkAS6EPFLC1PHnBqCXEpPxuEb invoke [2]
[2025-11-05T06:35:16.437272000Z DEBUG solana_runtime::message_processor::stable_log] Program log: TokenMetadataInstruction: Initialize
[2025-11-05T06:35:16.437395000Z DEBUG solana_runtime::message_processor::stable_log] Program TokenzQdBNbLqP5VEhdkAS6EPFLC1PHnBqCXEpPxuEb consumed 9900 of 244656 compute units
[2025-11-05T06:35:16.437403000Z DEBUG solana_runtime::message_processor::stable_log] Program TokenzQdBNbLqP5VEhdkAS6EPFLC1PHnBqCXEpPxuEb success
[2025-11-05T06:35:16.437443000Z DEBUG solana_runtime::message_processor::stable_log] Program 11111111111111111111111111111111 invoke [2]
[2025-11-05T06:35:16.437446000Z DEBUG solana_runtime::message_processor::stable_log] Program 11111111111111111111111111111111 success
[2025-11-05T06:35:16.437483000Z DEBUG solana_runtime::message_processor::stable_log] Program TokenzQdBNbLqP5VEhdkAS6EPFLC1PHnBqCXEpPxuEb invoke [2]
[2025-11-05T06:35:16.437515000Z DEBUG solana_runtime::message_processor::stable_log] Program log: Instruction: MintTo
[2025-11-05T06:35:16.437587000Z DEBUG solana_runtime::message_processor::stable_log] Program TokenzQdBNbLqP5VEhdkAS6EPFLC1PHnBqCXEpPxuEb consumed 5540 of 229694 compute units
[2025-11-05T06:35:16.437594000Z DEBUG solana_runtime::message_processor::stable_log] Program TokenzQdBNbLqP5VEhdkAS6EPFLC1PHnBqCXEpPxuEb success
[2025-11-05T06:35:16.437642000Z DEBUG solana_runtime::message_processor::stable_log] Program ASmKWt93JEMHxbdE6j7znD9y2FcdPboCzC3xtSTJvN7S invoke [2]
[2025-11-05T06:35:16.437676000Z DEBUG solana_runtime::message_processor::stable_log] Program ASmKWt93JEMHxbdE6j7znD9y2FcdPboCzC3xtSTJvN7S consumed 2069 of 221089 compute units
[2025-11-05T06:35:16.437683000Z DEBUG solana_runtime::message_processor::stable_log] Program ASmKWt93JEMHxbdE6j7znD9y2FcdPboCzC3xtSTJvN7S success
[2025-11-05T06:35:16.437758000Z DEBUG solana_runtime::message_processor::stable_log] Program TokenzQdBNbLqP5VEhdkAS6EPFLC1PHnBqCXEpPxuEb invoke [2]
[2025-11-05T06:35:16.437790000Z DEBUG solana_runtime::message_processor::stable_log] Program log: Instruction: TransferChecked
[2025-11-05T06:35:16.437910000Z DEBUG solana_runtime::message_processor::stable_log] Program TokenzQdBNbLqP5VEhdkAS6EPFLC1PHnBqCXEpPxuEb consumed 9156 of 214525 compute units
[2025-11-05T06:35:16.437920000Z DEBUG solana_runtime::message_processor::stable_log] Program TokenzQdBNbLqP5VEhdkAS6EPFLC1PHnBqCXEpPxuEb success
[2025-11-05T06:35:16.437961000Z DEBUG solana_runtime::message_processor::stable_log] Program TokenzQdBNbLqP5VEhdkAS6EPFLC1PHnBqCXEpPxuEb invoke [2]
[2025-11-05T06:35:16.437987000Z DEBUG solana_runtime::message_processor::stable_log] Program log: Instruction: TransferChecked
[2025-11-05T06:35:16.438090000Z DEBUG solana_runtime::message_processor::stable_log] Program TokenzQdBNbLqP5VEhdkAS6EPFLC1PHnBqCXEpPxuEb consumed 8762 of 202964 compute units
[2025-11-05T06:35:16.438097000Z DEBUG solana_runtime::message_processor::stable_log] Program TokenzQdBNbLqP5VEhdkAS6EPFLC1PHnBqCXEpPxuEb success
[2025-11-05T06:35:16.438169000Z DEBUG solana_runtime::message_processor::stable_log] Program ASmKWt93JEMHxbdE6j7znD9y2FcdPboCzC3xtSTJvN7S invoke [2]
[2025-11-05T06:35:16.438198000Z DEBUG solana_runtime::message_processor::stable_log] Program ASmKWt93JEMHxbdE6j7znD9y2FcdPboCzC3xtSTJvN7S consumed 2069 of 189121 compute units
[2025-11-05T06:35:16.438206000Z DEBUG solana_runtime::message_processor::stable_log] Program ASmKWt93JEMHxbdE6j7znD9y2FcdPboCzC3xtSTJvN7S success
[2025-11-05T06:35:16.438229000Z DEBUG solana_runtime::message_processor::stable_log] Program ASmKWt93JEMHxbdE6j7znD9y2FcdPboCzC3xtSTJvN7S consumed 163735 of 350000 compute units
[2025-11-05T06:35:16.438240000Z DEBUG solana_runtime::message_processor::stable_log] Program ASmKWt93JEMHxbdE6j7znD9y2FcdPboCzC3xtSTJvN7S success
[2025-11-05T06:35:16.438249000Z DEBUG solana_runtime::message_processor::stable_log] Program ComputeBudget111111111111111111111111111111 invoke [1]
[2025-11-05T06:35:16.438257000Z DEBUG solana_runtime::message_processor::stable_log] Program ComputeBudget111111111111111111111111111111 success
[2025-11-05T06:35:16.451012000Z DEBUG solana_runtime::message_processor::stable_log] Program ASmKWt93JEMHxbdE6j7znD9y2FcdPboCzC3xtSTJvN7S invoke [1]
[2025-11-05T06:35:16.451078000Z DEBUG solana_runtime::message_processor::stable_log] Program log: Instruction: SetPoolStatus
[2025-11-05T06:35:16.451139000Z DEBUG solana_runtime::message_processor::stable_log] Program ASmKWt93JEMHxbdE6j7znD9y2FcdPboCzC3xtSTJvN7S invoke [2]
[2025-11-05T06:35:16.451176000Z DEBUG solana_runtime::message_processor::stable_log] Program ASmKWt93JEMHxbdE6j7znD9y2FcdPboCzC3xtSTJvN7S consumed 2069 of 195012 compute units
[2025-11-05T06:35:16.451186000Z DEBUG solana_runtime::message_processor::stable_log] Program ASmKWt93JEMHxbdE6j7znD9y2FcdPboCzC3xtSTJvN7S success
[2025-11-05T06:35:16.451202000Z DEBUG solana_runtime::message_processor::stable_log] Program ASmKWt93JEMHxbdE6j7znD9y2FcdPboCzC3xtSTJvN7S consumed 7340 of 200000 compute units
[2025-11-05T06:35:16.451212000Z DEBUG solana_runtime::message_processor::stable_log] Program ASmKWt93JEMHxbdE6j7znD9y2FcdPboCzC3xtSTJvN7S success
      ✔ Initialize pool (38ms)

  Create position
    SPL token
[2025-11-05T06:35:16.457546000Z INFO  solana_program_test] "cp_amm" SBF program from ./target/deploy/cp_amm.so, modified 24 minutes, 23 seconds, 804 ms, 862 µs and 203 ns ago
[2025-11-05T06:35:16.457702000Z INFO  solana_program_test] "fee_router" SBF program from ./target/deploy/fee_router.so, modified 26 seconds, 541 ms, 961 µs and 331 ns ago
[2025-11-05T06:35:16.457827000Z INFO  solana_program_test] "transfer_hook_counter" SBF program from tests/fixtures/transfer_hook_counter.so, modified 3 weeks, 22 hours, 58 minutes, 51 seconds, 283 ms, 427 µs and 196 ns ago
[2025-11-05T06:35:16.458051000Z INFO  solana_program_test] "alpha_vault" SBF program from tests/fixtures/alpha_vault.so, modified 3 weeks, 22 hours, 58 minutes, 51 seconds, 284 ms, 336 µs and 72 ns ago
[2025-11-05T06:35:16.458374000Z INFO  solana_program_test] "streamflow" SBF program from tests/fixtures/streamflow.so, modified 3 weeks, 6 hours, 59 minutes, 1 second, 169 ms, 289 µs and 387 ns ago
[2025-11-05T06:35:16.458654000Z INFO  solana_program_test] "cp_amm" SBF program from ./target/deploy/cp_amm.so, modified 24 minutes, 23 seconds, 805 ms, 973 µs and 203 ns ago
[2025-11-05T06:35:16.458829000Z INFO  solana_program_test] "fee_router" SBF program from ./target/deploy/fee_router.so, modified 26 seconds, 543 ms, 89 µs and 331 ns ago
[2025-11-05T06:35:16.476567000Z INFO  solana_program_test] Overriding account at ASmKWt93JEMHxbdE6j7znD9y2FcdPboCzC3xtSTJvN7S
[2025-11-05T06:35:16.476583000Z INFO  solana_program_test] Overriding account at 5B57SJ3g2YoNXUpsZqqjEQkRSxyKtVTQRXdgAirz6bio
[2025-11-05T06:35:16.485913000Z DEBUG solana_runtime::message_processor::stable_log] Program 11111111111111111111111111111111 invoke [1]
[2025-11-05T06:35:16.485926000Z DEBUG solana_runtime::message_processor::stable_log] Program 11111111111111111111111111111111 success
[2025-11-05T06:35:16.489244000Z DEBUG solana_runtime::message_processor::stable_log] Program 11111111111111111111111111111111 invoke [1]
[2025-11-05T06:35:16.489250000Z DEBUG solana_runtime::message_processor::stable_log] Program 11111111111111111111111111111111 success
[2025-11-05T06:35:16.492728000Z DEBUG solana_runtime::message_processor::stable_log] Program 11111111111111111111111111111111 invoke [1]
[2025-11-05T06:35:16.492738000Z DEBUG solana_runtime::message_processor::stable_log] Program 11111111111111111111111111111111 success
[2025-11-05T06:35:16.499650000Z DEBUG solana_runtime::message_processor::stable_log] Program 11111111111111111111111111111111 invoke [1]
[2025-11-05T06:35:16.499665000Z DEBUG solana_runtime::message_processor::stable_log] Program 11111111111111111111111111111111 success
[2025-11-05T06:35:16.499691000Z DEBUG solana_runtime::message_processor::stable_log] Program TokenkegQfeZyiNwAJbNbGKPFXCWuBvf9Ss623VQ5DA invoke [1]
[2025-11-05T06:35:16.499778000Z DEBUG solana_runtime::message_processor::stable_log] Program log: Instruction: InitializeMint2
[2025-11-05T06:35:16.499843000Z DEBUG solana_runtime::message_processor::stable_log] Program TokenkegQfeZyiNwAJbNbGKPFXCWuBvf9Ss623VQ5DA consumed 2779 of 399850 compute units
[2025-11-05T06:35:16.499858000Z DEBUG solana_runtime::message_processor::stable_log] Program TokenkegQfeZyiNwAJbNbGKPFXCWuBvf9Ss623VQ5DA success
[2025-11-05T06:35:16.506892000Z DEBUG solana_runtime::message_processor::stable_log] Program 11111111111111111111111111111111 invoke [1]
[2025-11-05T06:35:16.506906000Z DEBUG solana_runtime::message_processor::stable_log] Program 11111111111111111111111111111111 success
[2025-11-05T06:35:16.506910000Z DEBUG solana_runtime::message_processor::stable_log] Program TokenkegQfeZyiNwAJbNbGKPFXCWuBvf9Ss623VQ5DA invoke [1]
[2025-11-05T06:35:16.506962000Z DEBUG solana_runtime::message_processor::stable_log] Program log: Instruction: InitializeMint2
[2025-11-05T06:35:16.506997000Z DEBUG solana_runtime::message_processor::stable_log] Program TokenkegQfeZyiNwAJbNbGKPFXCWuBvf9Ss623VQ5DA consumed 2779 of 399850 compute units
[2025-11-05T06:35:16.507007000Z DEBUG solana_runtime::message_processor::stable_log] Program TokenkegQfeZyiNwAJbNbGKPFXCWuBvf9Ss623VQ5DA success
[2025-11-05T06:35:16.511680000Z DEBUG solana_runtime::message_processor::stable_log] Program ATokenGPvbdGVxr1b2hvZbsiqW5xWH25efTNsLJA8knL invoke [1]
[2025-11-05T06:35:16.511744000Z DEBUG solana_runtime::message_processor::stable_log] Program log: Create
[2025-11-05T06:35:16.511793000Z DEBUG solana_runtime::message_processor::stable_log] Program TokenkegQfeZyiNwAJbNbGKPFXCWuBvf9Ss623VQ5DA invoke [2]
[2025-11-05T06:35:16.511821000Z DEBUG solana_runtime::message_processor::stable_log] Program log: Instruction: GetAccountDataSize
[2025-11-05T06:35:16.511839000Z DEBUG solana_runtime::message_processor::stable_log] Program TokenkegQfeZyiNwAJbNbGKPFXCWuBvf9Ss623VQ5DA consumed 1595 of 194555 compute units
[2025-11-05T06:35:16.511846000Z DEBUG solana_runtime::message_processor::stable_log] Program return: TokenkegQfeZyiNwAJbNbGKPFXCWuBvf9Ss623VQ5DA pQAAAAAAAAA=
[2025-11-05T06:35:16.511854000Z DEBUG solana_runtime::message_processor::stable_log] Program TokenkegQfeZyiNwAJbNbGKPFXCWuBvf9Ss623VQ5DA success
[2025-11-05T06:35:16.511907000Z DEBUG solana_runtime::message_processor::stable_log] Program 11111111111111111111111111111111 invoke [2]
[2025-11-05T06:35:16.511914000Z DEBUG solana_runtime::message_processor::stable_log] Program 11111111111111111111111111111111 success
[2025-11-05T06:35:16.511920000Z DEBUG solana_runtime::message_processor::stable_log] Program log: Initialize the associated token account
[2025-11-05T06:35:16.511937000Z DEBUG solana_runtime::message_processor::stable_log] Program TokenkegQfeZyiNwAJbNbGKPFXCWuBvf9Ss623VQ5DA invoke [2]
[2025-11-05T06:35:16.511958000Z DEBUG solana_runtime::message_processor::stable_log] Program log: Instruction: InitializeImmutableOwner
[2025-11-05T06:35:16.511970000Z DEBUG solana_runtime::message_processor::stable_log] Program log: Please upgrade to SPL Token 2022 for immutable owner support
[2025-11-05T06:35:16.511973000Z DEBUG solana_runtime::message_processor::stable_log] Program TokenkegQfeZyiNwAJbNbGKPFXCWuBvf9Ss623VQ5DA consumed 1405 of 187942 compute units
[2025-11-05T06:35:16.511981000Z DEBUG solana_runtime::message_processor::stable_log] Program TokenkegQfeZyiNwAJbNbGKPFXCWuBvf9Ss623VQ5DA success
[2025-11-05T06:35:16.512014000Z DEBUG solana_runtime::message_processor::stable_log] Program TokenkegQfeZyiNwAJbNbGKPFXCWuBvf9Ss623VQ5DA invoke [2]
[2025-11-05T06:35:16.512038000Z DEBUG solana_runtime::message_processor::stable_log] Program log: Instruction: InitializeAccount3
[2025-11-05T06:35:16.512093000Z DEBUG solana_runtime::message_processor::stable_log] Program TokenkegQfeZyiNwAJbNbGKPFXCWuBvf9Ss623VQ5DA consumed 4214 of 184058 compute units
[2025-11-05T06:35:16.512100000Z DEBUG solana_runtime::message_processor::stable_log] Program TokenkegQfeZyiNwAJbNbGKPFXCWuBvf9Ss623VQ5DA success
[2025-11-05T06:35:16.512112000Z DEBUG solana_runtime::message_processor::stable_log] Program ATokenGPvbdGVxr1b2hvZbsiqW5xWH25efTNsLJA8knL consumed 20460 of 200000 compute units
[2025-11-05T06:35:16.512121000Z DEBUG solana_runtime::message_processor::stable_log] Program ATokenGPvbdGVxr1b2hvZbsiqW5xWH25efTNsLJA8knL success
[2025-11-05T06:35:16.515213000Z DEBUG solana_runtime::message_processor::stable_log] Program TokenkegQfeZyiNwAJbNbGKPFXCWuBvf9Ss623VQ5DA invoke [1]
[2025-11-05T06:35:16.515266000Z DEBUG solana_runtime::message_processor::stable_log] Program log: Instruction: MintTo
[2025-11-05T06:35:16.515349000Z DEBUG solana_runtime::message_processor::stable_log] Program TokenkegQfeZyiNwAJbNbGKPFXCWuBvf9Ss623VQ5DA consumed 4491 of 200000 compute units
[2025-11-05T06:35:16.515363000Z DEBUG solana_runtime::message_processor::stable_log] Program TokenkegQfeZyiNwAJbNbGKPFXCWuBvf9Ss623VQ5DA success
[2025-11-05T06:35:16.520717000Z DEBUG solana_runtime::message_processor::stable_log] Program ATokenGPvbdGVxr1b2hvZbsiqW5xWH25efTNsLJA8knL invoke [1]
[2025-11-05T06:35:16.520786000Z DEBUG solana_runtime::message_processor::stable_log] Program log: Create
[2025-11-05T06:35:16.520856000Z DEBUG solana_runtime::message_processor::stable_log] Program TokenkegQfeZyiNwAJbNbGKPFXCWuBvf9Ss623VQ5DA invoke [2]
[2025-11-05T06:35:16.520888000Z DEBUG solana_runtime::message_processor::stable_log] Program log: Instruction: GetAccountDataSize
[2025-11-05T06:35:16.520906000Z DEBUG solana_runtime::message_processor::stable_log] Program TokenkegQfeZyiNwAJbNbGKPFXCWuBvf9Ss623VQ5DA consumed 1595 of 190055 compute units
[2025-11-05T06:35:16.520914000Z DEBUG solana_runtime::message_processor::stable_log] Program return: TokenkegQfeZyiNwAJbNbGKPFXCWuBvf9Ss623VQ5DA pQAAAAAAAAA=
[2025-11-05T06:35:16.520922000Z DEBUG solana_runtime::message_processor::stable_log] Program TokenkegQfeZyiNwAJbNbGKPFXCWuBvf9Ss623VQ5DA success
[2025-11-05T06:35:16.520976000Z DEBUG solana_runtime::message_processor::stable_log] Program 11111111111111111111111111111111 invoke [2]
[2025-11-05T06:35:16.520984000Z DEBUG solana_runtime::message_processor::stable_log] Program 11111111111111111111111111111111 success
[2025-11-05T06:35:16.520990000Z DEBUG solana_runtime::message_processor::stable_log] Program log: Initialize the associated token account
[2025-11-05T06:35:16.521007000Z DEBUG solana_runtime::message_processor::stable_log] Program TokenkegQfeZyiNwAJbNbGKPFXCWuBvf9Ss623VQ5DA invoke [2]
[2025-11-05T06:35:16.521027000Z DEBUG solana_runtime::message_processor::stable_log] Program log: Instruction: InitializeImmutableOwner
[2025-11-05T06:35:16.521039000Z DEBUG solana_runtime::message_processor::stable_log] Program log: Please upgrade to SPL Token 2022 for immutable owner support
[2025-11-05T06:35:16.521043000Z DEBUG solana_runtime::message_processor::stable_log] Program TokenkegQfeZyiNwAJbNbGKPFXCWuBvf9Ss623VQ5DA consumed 1405 of 183442 compute units
[2025-11-05T06:35:16.521050000Z DEBUG solana_runtime::message_processor::stable_log] Program TokenkegQfeZyiNwAJbNbGKPFXCWuBvf9Ss623VQ5DA success
[2025-11-05T06:35:16.521082000Z DEBUG solana_runtime::message_processor::stable_log] Program TokenkegQfeZyiNwAJbNbGKPFXCWuBvf9Ss623VQ5DA invoke [2]
[2025-11-05T06:35:16.521106000Z DEBUG solana_runtime::message_processor::stable_log] Program log: Instruction: InitializeAccount3
[2025-11-05T06:35:16.521160000Z DEBUG solana_runtime::message_processor::stable_log] Program TokenkegQfeZyiNwAJbNbGKPFXCWuBvf9Ss623VQ5DA consumed 4214 of 179558 compute units
[2025-11-05T06:35:16.521167000Z DEBUG solana_runtime::message_processor::stable_log] Program TokenkegQfeZyiNwAJbNbGKPFXCWuBvf9Ss623VQ5DA success
[2025-11-05T06:35:16.521179000Z DEBUG solana_runtime::message_processor::stable_log] Program ATokenGPvbdGVxr1b2hvZbsiqW5xWH25efTNsLJA8knL consumed 24960 of 200000 compute units
[2025-11-05T06:35:16.521188000Z DEBUG solana_runtime::message_processor::stable_log] Program ATokenGPvbdGVxr1b2hvZbsiqW5xWH25efTNsLJA8knL success
[2025-11-05T06:35:16.524448000Z DEBUG solana_runtime::message_processor::stable_log] Program TokenkegQfeZyiNwAJbNbGKPFXCWuBvf9Ss623VQ5DA invoke [1]
[2025-11-05T06:35:16.524491000Z DEBUG solana_runtime::message_processor::stable_log] Program log: Instruction: MintTo
[2025-11-05T06:35:16.524547000Z DEBUG solana_runtime::message_processor::stable_log] Program TokenkegQfeZyiNwAJbNbGKPFXCWuBvf9Ss623VQ5DA consumed 4491 of 200000 compute units
[2025-11-05T06:35:16.524557000Z DEBUG solana_runtime::message_processor::stable_log] Program TokenkegQfeZyiNwAJbNbGKPFXCWuBvf9Ss623VQ5DA success
[2025-11-05T06:35:16.537320000Z DEBUG solana_runtime::message_processor::stable_log] Program ASmKWt93JEMHxbdE6j7znD9y2FcdPboCzC3xtSTJvN7S invoke [1]
[2025-11-05T06:35:16.537384000Z DEBUG solana_runtime::message_processor::stable_log] Program log: Instruction: CreateConfig
[2025-11-05T06:35:16.537497000Z DEBUG solana_runtime::message_processor::stable_log] Program 11111111111111111111111111111111 invoke [2]
[2025-11-05T06:35:16.537506000Z DEBUG solana_runtime::message_processor::stable_log] Program 11111111111111111111111111111111 success
[2025-11-05T06:35:16.537602000Z DEBUG solana_runtime::message_processor::stable_log] Program ASmKWt93JEMHxbdE6j7znD9y2FcdPboCzC3xtSTJvN7S invoke [2]
[2025-11-05T06:35:16.537647000Z DEBUG solana_runtime::message_processor::stable_log] Program ASmKWt93JEMHxbdE6j7znD9y2FcdPboCzC3xtSTJvN7S consumed 2069 of 180098 compute units
[2025-11-05T06:35:16.537657000Z DEBUG solana_runtime::message_processor::stable_log] Program ASmKWt93JEMHxbdE6j7znD9y2FcdPboCzC3xtSTJvN7S success
[2025-11-05T06:35:16.537671000Z DEBUG solana_runtime::message_processor::stable_log] Program ASmKWt93JEMHxbdE6j7znD9y2FcdPboCzC3xtSTJvN7S consumed 22276 of 200000 compute units
[2025-11-05T06:35:16.537680000Z DEBUG solana_runtime::message_processor::stable_log] Program ASmKWt93JEMHxbdE6j7znD9y2FcdPboCzC3xtSTJvN7S success
[2025-11-05T06:35:16.561586000Z DEBUG solana_runtime::message_processor::stable_log] Program ASmKWt93JEMHxbdE6j7znD9y2FcdPboCzC3xtSTJvN7S invoke [1]
[2025-11-05T06:35:16.561697000Z DEBUG solana_runtime::message_processor::stable_log] Program log: Instruction: InitializePool
[2025-11-05T06:35:16.561830000Z DEBUG solana_runtime::message_processor::stable_log] Program 11111111111111111111111111111111 invoke [2]
[2025-11-05T06:35:16.561838000Z DEBUG solana_runtime::message_processor::stable_log] Program 11111111111111111111111111111111 success
[2025-11-05T06:35:16.561869000Z DEBUG solana_runtime::message_processor::stable_log] Program TokenzQdBNbLqP5VEhdkAS6EPFLC1PHnBqCXEpPxuEb invoke [2]
[2025-11-05T06:35:16.561895000Z DEBUG solana_runtime::message_processor::stable_log] Program log: MetadataPointerInstruction::Initialize
[2025-11-05T06:35:16.561927000Z DEBUG solana_runtime::message_processor::stable_log] Program TokenzQdBNbLqP5VEhdkAS6EPFLC1PHnBqCXEpPxuEb consumed 2442 of 334963 compute units
[2025-11-05T06:35:16.561936000Z DEBUG solana_runtime::message_processor::stable_log] Program TokenzQdBNbLqP5VEhdkAS6EPFLC1PHnBqCXEpPxuEb success
[2025-11-05T06:35:16.561965000Z DEBUG solana_runtime::message_processor::stable_log] Program TokenzQdBNbLqP5VEhdkAS6EPFLC1PHnBqCXEpPxuEb invoke [2]
[2025-11-05T06:35:16.561985000Z DEBUG solana_runtime::message_processor::stable_log] Program log: Instruction: InitializeMintCloseAuthority
[2025-11-05T06:35:16.562015000Z DEBUG solana_runtime::message_processor::stable_log] Program TokenzQdBNbLqP5VEhdkAS6EPFLC1PHnBqCXEpPxuEb consumed 2570 of 330543 compute units
[2025-11-05T06:35:16.562023000Z DEBUG solana_runtime::message_processor::stable_log] Program TokenzQdBNbLqP5VEhdkAS6EPFLC1PHnBqCXEpPxuEb success
[2025-11-05T06:35:16.562051000Z DEBUG solana_runtime::message_processor::stable_log] Program TokenzQdBNbLqP5VEhdkAS6EPFLC1PHnBqCXEpPxuEb invoke [2]
[2025-11-05T06:35:16.562073000Z DEBUG solana_runtime::message_processor::stable_log] Program log: Instruction: InitializeMint2
[2025-11-05T06:35:16.562132000Z DEBUG solana_runtime::message_processor::stable_log] Program TokenzQdBNbLqP5VEhdkAS6EPFLC1PHnBqCXEpPxuEb consumed 4078 of 326031 compute units
[2025-11-05T06:35:16.562139000Z DEBUG solana_runtime::message_processor::stable_log] Program TokenzQdBNbLqP5VEhdkAS6EPFLC1PHnBqCXEpPxuEb success
[2025-11-05T06:35:16.562253000Z DEBUG solana_runtime::message_processor::stable_log] Program 11111111111111111111111111111111 invoke [2]
[2025-11-05T06:35:16.562257000Z DEBUG solana_runtime::message_processor::stable_log] Program 11111111111111111111111111111111 success
[2025-11-05T06:35:16.562284000Z DEBUG solana_runtime::message_processor::stable_log] Program TokenzQdBNbLqP5VEhdkAS6EPFLC1PHnBqCXEpPxuEb invoke [2]
[2025-11-05T06:35:16.562309000Z DEBUG solana_runtime::message_processor::stable_log] Program log: Instruction: InitializeAccount3
[2025-11-05T06:35:16.562382000Z DEBUG solana_runtime::message_processor::stable_log] Program TokenzQdBNbLqP5VEhdkAS6EPFLC1PHnBqCXEpPxuEb consumed 5137 of 312347 compute units
[2025-11-05T06:35:16.562390000Z DEBUG solana_runtime::message_processor::stable_log] Program TokenzQdBNbLqP5VEhdkAS6EPFLC1PHnBqCXEpPxuEb success
[2025-11-05T06:35:16.562502000Z DEBUG solana_runtime::message_processor::stable_log] Program 11111111111111111111111111111111 invoke [2]
[2025-11-05T06:35:16.562511000Z DEBUG solana_runtime::message_processor::stable_log] Program 11111111111111111111111111111111 success
[2025-11-05T06:35:16.562579000Z DEBUG solana_runtime::message_processor::stable_log] Program 11111111111111111111111111111111 invoke [2]
[2025-11-05T06:35:16.562582000Z DEBUG solana_runtime::message_processor::stable_log] Program 11111111111111111111111111111111 success
[2025-11-05T06:35:16.562653000Z DEBUG solana_runtime::message_processor::stable_log] Program 11111111111111111111111111111111 invoke [2]
[2025-11-05T06:35:16.562656000Z DEBUG solana_runtime::message_processor::stable_log] Program 11111111111111111111111111111111 success
[2025-11-05T06:35:16.562681000Z DEBUG solana_runtime::message_processor::stable_log] Program TokenkegQfeZyiNwAJbNbGKPFXCWuBvf9Ss623VQ5DA invoke [2]
[2025-11-05T06:35:16.562710000Z DEBUG solana_runtime::message_processor::stable_log] Program log: Instruction: InitializeAccount3
[2025-11-05T06:35:16.562766000Z DEBUG solana_runtime::message_processor::stable_log] Program TokenkegQfeZyiNwAJbNbGKPFXCWuBvf9Ss623VQ5DA consumed 4214 of 284248 compute units
[2025-11-05T06:35:16.562773000Z DEBUG solana_runtime::message_processor::stable_log] Program TokenkegQfeZyiNwAJbNbGKPFXCWuBvf9Ss623VQ5DA success
[2025-11-05T06:35:16.562865000Z DEBUG solana_runtime::message_processor::stable_log] Program 11111111111111111111111111111111 invoke [2]
[2025-11-05T06:35:16.562869000Z DEBUG solana_runtime::message_processor::stable_log] Program 11111111111111111111111111111111 success
[2025-11-05T06:35:16.562893000Z DEBUG solana_runtime::message_processor::stable_log] Program TokenkegQfeZyiNwAJbNbGKPFXCWuBvf9Ss623VQ5DA invoke [2]
[2025-11-05T06:35:16.562917000Z DEBUG solana_runtime::message_processor::stable_log] Program log: Instruction: InitializeAccount3
[2025-11-05T06:35:16.562967000Z DEBUG solana_runtime::message_processor::stable_log] Program TokenkegQfeZyiNwAJbNbGKPFXCWuBvf9Ss623VQ5DA consumed 4214 of 271109 compute units
[2025-11-05T06:35:16.562974000Z DEBUG solana_runtime::message_processor::stable_log] Program TokenkegQfeZyiNwAJbNbGKPFXCWuBvf9Ss623VQ5DA success
[2025-11-05T06:35:16.563171000Z DEBUG solana_runtime::message_processor::stable_log] Program TokenzQdBNbLqP5VEhdkAS6EPFLC1PHnBqCXEpPxuEb invoke [2]
[2025-11-05T06:35:16.563219000Z DEBUG solana_runtime::message_processor::stable_log] Program log: TokenMetadataInstruction: Initialize
[2025-11-05T06:35:16.563336000Z DEBUG solana_runtime::message_processor::stable_log] Program TokenzQdBNbLqP5VEhdkAS6EPFLC1PHnBqCXEpPxuEb consumed 9900 of 254976 compute units
[2025-11-05T06:35:16.563348000Z DEBUG solana_runtime::message_processor::stable_log] Program TokenzQdBNbLqP5VEhdkAS6EPFLC1PHnBqCXEpPxuEb success
[2025-11-05T06:35:16.563389000Z DEBUG solana_runtime::message_processor::stable_log] Program 11111111111111111111111111111111 invoke [2]
[2025-11-05T06:35:16.563391000Z DEBUG solana_runtime::message_processor::stable_log] Program 11111111111111111111111111111111 success
[2025-11-05T06:35:16.563430000Z DEBUG solana_runtime::message_processor::stable_log] Program TokenzQdBNbLqP5VEhdkAS6EPFLC1PHnBqCXEpPxuEb invoke [2]
[2025-11-05T06:35:16.563457000Z DEBUG solana_runtime::message_processor::stable_log] Program log: Instruction: MintTo
[2025-11-05T06:35:16.563526000Z DEBUG solana_runtime::message_processor::stable_log] Program TokenzQdBNbLqP5VEhdkAS6EPFLC1PHnBqCXEpPxuEb consumed 5540 of 240014 compute units
[2025-11-05T06:35:16.563534000Z DEBUG solana_runtime::message_processor::stable_log] Program TokenzQdBNbLqP5VEhdkAS6EPFLC1PHnBqCXEpPxuEb success
[2025-11-05T06:35:16.563582000Z DEBUG solana_runtime::message_processor::stable_log] Program ASmKWt93JEMHxbdE6j7znD9y2FcdPboCzC3xtSTJvN7S invoke [2]
[2025-11-05T06:35:16.563615000Z DEBUG solana_runtime::message_processor::stable_log] Program ASmKWt93JEMHxbdE6j7znD9y2FcdPboCzC3xtSTJvN7S consumed 2069 of 231409 compute units
[2025-11-05T06:35:16.563622000Z DEBUG solana_runtime::message_processor::stable_log] Program ASmKWt93JEMHxbdE6j7znD9y2FcdPboCzC3xtSTJvN7S success
[2025-11-05T06:35:16.563664000Z DEBUG solana_runtime::message_processor::stable_log] Program TokenkegQfeZyiNwAJbNbGKPFXCWuBvf9Ss623VQ5DA invoke [2]
[2025-11-05T06:35:16.563700000Z DEBUG solana_runtime::message_processor::stable_log] Program log: Instruction: TransferChecked
[2025-11-05T06:35:16.563794000Z DEBUG solana_runtime::message_processor::stable_log] Program TokenkegQfeZyiNwAJbNbGKPFXCWuBvf9Ss623VQ5DA consumed 6174 of 226868 compute units
[2025-11-05T06:35:16.563803000Z DEBUG solana_runtime::message_processor::stable_log] Program TokenkegQfeZyiNwAJbNbGKPFXCWuBvf9Ss623VQ5DA success
[2025-11-05T06:35:16.563841000Z DEBUG solana_runtime::message_processor::stable_log] Program TokenkegQfeZyiNwAJbNbGKPFXCWuBvf9Ss623VQ5DA invoke [2]
[2025-11-05T06:35:16.563873000Z DEBUG solana_runtime::message_processor::stable_log] Program log: Instruction: TransferChecked
[2025-11-05T06:35:16.563942000Z DEBUG solana_runtime::message_processor::stable_log] Program TokenkegQfeZyiNwAJbNbGKPFXCWuBvf9Ss623VQ5DA consumed 6269 of 218284 compute units
[2025-11-05T06:35:16.563951000Z DEBUG solana_runtime::message_processor::stable_log] Program TokenkegQfeZyiNwAJbNbGKPFXCWuBvf9Ss623VQ5DA success
[2025-11-05T06:35:16.564023000Z DEBUG solana_runtime::message_processor::stable_log] Program ASmKWt93JEMHxbdE6j7znD9y2FcdPboCzC3xtSTJvN7S invoke [2]
[2025-11-05T06:35:16.564054000Z DEBUG solana_runtime::message_processor::stable_log] Program ASmKWt93JEMHxbdE6j7znD9y2FcdPboCzC3xtSTJvN7S consumed 2069 of 206934 compute units
[2025-11-05T06:35:16.564063000Z DEBUG solana_runtime::message_processor::stable_log] Program ASmKWt93JEMHxbdE6j7znD9y2FcdPboCzC3xtSTJvN7S success
[2025-11-05T06:35:16.564086000Z DEBUG solana_runtime::message_processor::stable_log] Program ASmKWt93JEMHxbdE6j7znD9y2FcdPboCzC3xtSTJvN7S consumed 145929 of 350000 compute units
[2025-11-05T06:35:16.564097000Z DEBUG solana_runtime::message_processor::stable_log] Program ASmKWt93JEMHxbdE6j7znD9y2FcdPboCzC3xtSTJvN7S success
[2025-11-05T06:35:16.564105000Z DEBUG solana_runtime::message_processor::stable_log] Program ComputeBudget111111111111111111111111111111 invoke [1]
[2025-11-05T06:35:16.564112000Z DEBUG solana_runtime::message_processor::stable_log] Program ComputeBudget111111111111111111111111111111 success
[2025-11-05T06:35:16.581333000Z DEBUG solana_runtime::message_processor::stable_log] Program ASmKWt93JEMHxbdE6j7znD9y2FcdPboCzC3xtSTJvN7S invoke [1]
[2025-11-05T06:35:16.581457000Z DEBUG solana_runtime::message_processor::stable_log] Program log: Instruction: CreatePosition
[2025-11-05T06:35:16.581535000Z DEBUG solana_runtime::message_processor::stable_log] Program 11111111111111111111111111111111 invoke [2]
[2025-11-05T06:35:16.581545000Z DEBUG solana_runtime::message_processor::stable_log] Program 11111111111111111111111111111111 success
[2025-11-05T06:35:16.581577000Z DEBUG solana_runtime::message_processor::stable_log] Program TokenzQdBNbLqP5VEhdkAS6EPFLC1PHnBqCXEpPxuEb invoke [2]
[2025-11-05T06:35:16.581614000Z DEBUG solana_runtime::message_processor::stable_log] Program log: MetadataPointerInstruction::Initialize
[2025-11-05T06:35:16.581648000Z DEBUG solana_runtime::message_processor::stable_log] Program TokenzQdBNbLqP5VEhdkAS6EPFLC1PHnBqCXEpPxuEb consumed 2442 of 191116 compute units
[2025-11-05T06:35:16.581659000Z DEBUG solana_runtime::message_processor::stable_log] Program TokenzQdBNbLqP5VEhdkAS6EPFLC1PHnBqCXEpPxuEb success
[2025-11-05T06:35:16.581689000Z DEBUG solana_runtime::message_processor::stable_log] Program TokenzQdBNbLqP5VEhdkAS6EPFLC1PHnBqCXEpPxuEb invoke [2]
[2025-11-05T06:35:16.581713000Z DEBUG solana_runtime::message_processor::stable_log] Program log: Instruction: InitializeMintCloseAuthority
[2025-11-05T06:35:16.581745000Z DEBUG solana_runtime::message_processor::stable_log] Program TokenzQdBNbLqP5VEhdkAS6EPFLC1PHnBqCXEpPxuEb consumed 2570 of 186696 compute units
[2025-11-05T06:35:16.581752000Z DEBUG solana_runtime::message_processor::stable_log] Program TokenzQdBNbLqP5VEhdkAS6EPFLC1PHnBqCXEpPxuEb success
[2025-11-05T06:35:16.581781000Z DEBUG solana_runtime::message_processor::stable_log] Program TokenzQdBNbLqP5VEhdkAS6EPFLC1PHnBqCXEpPxuEb invoke [2]
[2025-11-05T06:35:16.581805000Z DEBUG solana_runtime::message_processor::stable_log] Program log: Instruction: InitializeMint2
[2025-11-05T06:35:16.581864000Z DEBUG solana_runtime::message_processor::stable_log] Program TokenzQdBNbLqP5VEhdkAS6EPFLC1PHnBqCXEpPxuEb consumed 4078 of 182183 compute units
[2025-11-05T06:35:16.581872000Z DEBUG solana_runtime::message_processor::stable_log] Program TokenzQdBNbLqP5VEhdkAS6EPFLC1PHnBqCXEpPxuEb success
[2025-11-05T06:35:16.581993000Z DEBUG solana_runtime::message_processor::stable_log] Program 11111111111111111111111111111111 invoke [2]
[2025-11-05T06:35:16.581999000Z DEBUG solana_runtime::message_processor::stable_log] Program 11111111111111111111111111111111 success
[2025-11-05T06:35:16.582027000Z DEBUG solana_runtime::message_processor::stable_log] Program TokenzQdBNbLqP5VEhdkAS6EPFLC1PHnBqCXEpPxuEb invoke [2]
[2025-11-05T06:35:16.582060000Z DEBUG solana_runtime::message_processor::stable_log] Program log: Instruction: InitializeAccount3
[2025-11-05T06:35:16.582134000Z DEBUG solana_runtime::message_processor::stable_log] Program TokenzQdBNbLqP5VEhdkAS6EPFLC1PHnBqCXEpPxuEb consumed 5137 of 168499 compute units
[2025-11-05T06:35:16.582142000Z DEBUG solana_runtime::message_processor::stable_log] Program TokenzQdBNbLqP5VEhdkAS6EPFLC1PHnBqCXEpPxuEb success
[2025-11-05T06:35:16.582240000Z DEBUG solana_runtime::message_processor::stable_log] Program 11111111111111111111111111111111 invoke [2]
[2025-11-05T06:35:16.582247000Z DEBUG solana_runtime::message_processor::stable_log] Program 11111111111111111111111111111111 success
[2025-11-05T06:35:16.582343000Z DEBUG solana_runtime::message_processor::stable_log] Program TokenzQdBNbLqP5VEhdkAS6EPFLC1PHnBqCXEpPxuEb invoke [2]
[2025-11-05T06:35:16.582409000Z DEBUG solana_runtime::message_processor::stable_log] Program log: TokenMetadataInstruction: Initialize
[2025-11-05T06:35:16.582527000Z DEBUG solana_runtime::message_processor::stable_log] Program TokenzQdBNbLqP5VEhdkAS6EPFLC1PHnBqCXEpPxuEb consumed 9900 of 148769 compute units
[2025-11-05T06:35:16.582535000Z DEBUG solana_runtime::message_processor::stable_log] Program TokenzQdBNbLqP5VEhdkAS6EPFLC1PHnBqCXEpPxuEb success
[2025-11-05T06:35:16.582574000Z DEBUG solana_runtime::message_processor::stable_log] Program 11111111111111111111111111111111 invoke [2]
[2025-11-05T06:35:16.582577000Z DEBUG solana_runtime::message_processor::stable_log] Program 11111111111111111111111111111111 success
[2025-11-05T06:35:16.582615000Z DEBUG solana_runtime::message_processor::stable_log] Program TokenzQdBNbLqP5VEhdkAS6EPFLC1PHnBqCXEpPxuEb invoke [2]
[2025-11-05T06:35:16.582643000Z DEBUG solana_runtime::message_processor::stable_log] Program log: Instruction: MintTo
[2025-11-05T06:35:16.582722000Z DEBUG solana_runtime::message_processor::stable_log] Program TokenzQdBNbLqP5VEhdkAS6EPFLC1PHnBqCXEpPxuEb consumed 5540 of 133807 compute units
[2025-11-05T06:35:16.582733000Z DEBUG solana_runtime::message_processor::stable_log] Program TokenzQdBNbLqP5VEhdkAS6EPFLC1PHnBqCXEpPxuEb success
[2025-11-05T06:35:16.582792000Z DEBUG solana_runtime::message_processor::stable_log] Program ASmKWt93JEMHxbdE6j7znD9y2FcdPboCzC3xtSTJvN7S invoke [2]
[2025-11-05T06:35:16.582827000Z DEBUG solana_runtime::message_processor::stable_log] Program ASmKWt93JEMHxbdE6j7znD9y2FcdPboCzC3xtSTJvN7S consumed 2069 of 125201 compute units
[2025-11-05T06:35:16.582835000Z DEBUG solana_runtime::message_processor::stable_log] Program ASmKWt93JEMHxbdE6j7znD9y2FcdPboCzC3xtSTJvN7S success
[2025-11-05T06:35:16.582854000Z DEBUG solana_runtime::message_processor::stable_log] Program ASmKWt93JEMHxbdE6j7znD9y2FcdPboCzC3xtSTJvN7S consumed 77433 of 200000 compute units
[2025-11-05T06:35:16.582865000Z DEBUG solana_runtime::message_processor::stable_log] Program ASmKWt93JEMHxbdE6j7znD9y2FcdPboCzC3xtSTJvN7S success
      ✔ User create a position (63ms)
    Token 2022
[2025-11-05T06:35:16.589259000Z INFO  solana_program_test] "cp_amm" SBF program from ./target/deploy/cp_amm.so, modified 24 minutes, 23 seconds, 936 ms, 575 µs and 203 ns ago
[2025-11-05T06:35:16.589420000Z INFO  solana_program_test] "fee_router" SBF program from ./target/deploy/fee_router.so, modified 26 seconds, 673 ms, 679 µs and 331 ns ago
[2025-11-05T06:35:16.589548000Z INFO  solana_program_test] "transfer_hook_counter" SBF program from tests/fixtures/transfer_hook_counter.so, modified 3 weeks, 22 hours, 58 minutes, 51 seconds, 415 ms, 148 µs and 196 ns ago
[2025-11-05T06:35:16.589777000Z INFO  solana_program_test] "alpha_vault" SBF program from tests/fixtures/alpha_vault.so, modified 3 weeks, 22 hours, 58 minutes, 51 seconds, 416 ms, 64 µs and 72 ns ago
[2025-11-05T06:35:16.590106000Z INFO  solana_program_test] "streamflow" SBF program from tests/fixtures/streamflow.so, modified 3 weeks, 6 hours, 59 minutes, 1 second, 301 ms, 21 µs and 387 ns ago
[2025-11-05T06:35:16.590362000Z INFO  solana_program_test] "cp_amm" SBF program from ./target/deploy/cp_amm.so, modified 24 minutes, 23 seconds, 937 ms, 681 µs and 203 ns ago
[2025-11-05T06:35:16.590476000Z INFO  solana_program_test] "fee_router" SBF program from ./target/deploy/fee_router.so, modified 26 seconds, 674 ms, 736 µs and 331 ns ago
[2025-11-05T06:35:16.608712000Z INFO  solana_program_test] Overriding account at ASmKWt93JEMHxbdE6j7znD9y2FcdPboCzC3xtSTJvN7S
[2025-11-05T06:35:16.608723000Z INFO  solana_program_test] Overriding account at 5B57SJ3g2YoNXUpsZqqjEQkRSxyKtVTQRXdgAirz6bio
[2025-11-05T06:35:16.620241000Z DEBUG solana_runtime::message_processor::stable_log] Program 11111111111111111111111111111111 invoke [1]
[2025-11-05T06:35:16.620255000Z DEBUG solana_runtime::message_processor::stable_log] Program 11111111111111111111111111111111 success
[2025-11-05T06:35:16.623803000Z DEBUG solana_runtime::message_processor::stable_log] Program 11111111111111111111111111111111 invoke [1]
[2025-11-05T06:35:16.623817000Z DEBUG solana_runtime::message_processor::stable_log] Program 11111111111111111111111111111111 success
[2025-11-05T06:35:16.627086000Z DEBUG solana_runtime::message_processor::stable_log] Program 11111111111111111111111111111111 invoke [1]
[2025-11-05T06:35:16.627101000Z DEBUG solana_runtime::message_processor::stable_log] Program 11111111111111111111111111111111 success
[2025-11-05T06:35:16.634423000Z DEBUG solana_runtime::message_processor::stable_log] Program 11111111111111111111111111111111 invoke [1]
[2025-11-05T06:35:16.634441000Z DEBUG solana_runtime::message_processor::stable_log] Program 11111111111111111111111111111111 success
[2025-11-05T06:35:16.634446000Z DEBUG solana_runtime::message_processor::stable_log] Program TokenzQdBNbLqP5VEhdkAS6EPFLC1PHnBqCXEpPxuEb invoke [1]
[2025-11-05T06:35:16.634533000Z DEBUG solana_runtime::message_processor::stable_log] Program TokenzQdBNbLqP5VEhdkAS6EPFLC1PHnBqCXEpPxuEb consumed 3479 of 599850 compute units
[2025-11-05T06:35:16.634542000Z DEBUG solana_runtime::message_processor::stable_log] Program TokenzQdBNbLqP5VEhdkAS6EPFLC1PHnBqCXEpPxuEb success
[2025-11-05T06:35:16.634549000Z DEBUG solana_runtime::message_processor::stable_log] Program TokenzQdBNbLqP5VEhdkAS6EPFLC1PHnBqCXEpPxuEb invoke [1]
[2025-11-05T06:35:16.634575000Z DEBUG solana_runtime::message_processor::stable_log] Program log: Instruction: InitializeMint2
[2025-11-05T06:35:16.634629000Z DEBUG solana_runtime::message_processor::stable_log] Program TokenzQdBNbLqP5VEhdkAS6EPFLC1PHnBqCXEpPxuEb consumed 3868 of 596371 compute units
[2025-11-05T06:35:16.634636000Z DEBUG solana_runtime::message_processor::stable_log] Program TokenzQdBNbLqP5VEhdkAS6EPFLC1PHnBqCXEpPxuEb success
[2025-11-05T06:35:16.640780000Z DEBUG solana_runtime::message_processor::stable_log] Program 11111111111111111111111111111111 invoke [1]
[2025-11-05T06:35:16.640792000Z DEBUG solana_runtime::message_processor::stable_log] Program 11111111111111111111111111111111 success
[2025-11-05T06:35:16.640796000Z DEBUG solana_runtime::message_processor::stable_log] Program TokenzQdBNbLqP5VEhdkAS6EPFLC1PHnBqCXEpPxuEb invoke [1]
[2025-11-05T06:35:16.640878000Z DEBUG solana_runtime::message_processor::stable_log] Program TokenzQdBNbLqP5VEhdkAS6EPFLC1PHnBqCXEpPxuEb consumed 3479 of 599850 compute units
[2025-11-05T06:35:16.640887000Z DEBUG solana_runtime::message_processor::stable_log] Program TokenzQdBNbLqP5VEhdkAS6EPFLC1PHnBqCXEpPxuEb success
[2025-11-05T06:35:16.640894000Z DEBUG solana_runtime::message_processor::stable_log] Program TokenzQdBNbLqP5VEhdkAS6EPFLC1PHnBqCXEpPxuEb invoke [1]
[2025-11-05T06:35:16.640919000Z DEBUG solana_runtime::message_processor::stable_log] Program log: Instruction: InitializeMint2
[2025-11-05T06:35:16.640975000Z DEBUG solana_runtime::message_processor::stable_log] Program TokenzQdBNbLqP5VEhdkAS6EPFLC1PHnBqCXEpPxuEb consumed 3868 of 596371 compute units
[2025-11-05T06:35:16.640982000Z DEBUG solana_runtime::message_processor::stable_log] Program TokenzQdBNbLqP5VEhdkAS6EPFLC1PHnBqCXEpPxuEb success
[2025-11-05T06:35:16.645632000Z DEBUG solana_runtime::message_processor::stable_log] Program ATokenGPvbdGVxr1b2hvZbsiqW5xWH25efTNsLJA8knL invoke [1]
[2025-11-05T06:35:16.645694000Z DEBUG solana_runtime::message_processor::stable_log] Program log: Create
[2025-11-05T06:35:16.645740000Z DEBUG solana_runtime::message_processor::stable_log] Program TokenzQdBNbLqP5VEhdkAS6EPFLC1PHnBqCXEpPxuEb invoke [2]
[2025-11-05T06:35:16.645774000Z DEBUG solana_runtime::message_processor::stable_log] Program log: Instruction: GetAccountDataSize
[2025-11-05T06:35:16.645816000Z DEBUG solana_runtime::message_processor::stable_log] Program TokenzQdBNbLqP5VEhdkAS6EPFLC1PHnBqCXEpPxuEb consumed 2917 of 194642 compute units
[2025-11-05T06:35:16.645825000Z DEBUG solana_runtime::message_processor::stable_log] Program return: TokenzQdBNbLqP5VEhdkAS6EPFLC1PHnBqCXEpPxuEb tgAAAAAAAAA=
[2025-11-05T06:35:16.645833000Z DEBUG solana_runtime::message_processor::stable_log] Program TokenzQdBNbLqP5VEhdkAS6EPFLC1PHnBqCXEpPxuEb success
[2025-11-05T06:35:16.645887000Z DEBUG solana_runtime::message_processor::stable_log] Program 11111111111111111111111111111111 invoke [2]
[2025-11-05T06:35:16.645892000Z DEBUG solana_runtime::message_processor::stable_log] Program 11111111111111111111111111111111 success
[2025-11-05T06:35:16.645898000Z DEBUG solana_runtime::message_processor::stable_log] Program log: Initialize the associated token account
[2025-11-05T06:35:16.645915000Z DEBUG solana_runtime::message_processor::stable_log] Program TokenzQdBNbLqP5VEhdkAS6EPFLC1PHnBqCXEpPxuEb invoke [2]
[2025-11-05T06:35:16.645936000Z DEBUG solana_runtime::message_processor::stable_log] Program log: Instruction: InitializeImmutableOwner
[2025-11-05T06:35:16.645962000Z DEBUG solana_runtime::message_processor::stable_log] Program TokenzQdBNbLqP5VEhdkAS6EPFLC1PHnBqCXEpPxuEb consumed 1924 of 186795 compute units
[2025-11-05T06:35:16.645971000Z DEBUG solana_runtime::message_processor::stable_log] Program TokenzQdBNbLqP5VEhdkAS6EPFLC1PHnBqCXEpPxuEb success
[2025-11-05T06:35:16.646004000Z DEBUG solana_runtime::message_processor::stable_log] Program TokenzQdBNbLqP5VEhdkAS6EPFLC1PHnBqCXEpPxuEb invoke [2]
[2025-11-05T06:35:16.646031000Z DEBUG solana_runtime::message_processor::stable_log] Program log: Instruction: InitializeAccount3
[2025-11-05T06:35:16.646116000Z DEBUG solana_runtime::message_processor::stable_log] Program TokenzQdBNbLqP5VEhdkAS6EPFLC1PHnBqCXEpPxuEb consumed 5446 of 182481 compute units
[2025-11-05T06:35:16.646125000Z DEBUG solana_runtime::message_processor::stable_log] Program TokenzQdBNbLqP5VEhdkAS6EPFLC1PHnBqCXEpPxuEb success
[2025-11-05T06:35:16.646138000Z DEBUG solana_runtime::message_processor::stable_log] Program ATokenGPvbdGVxr1b2hvZbsiqW5xWH25efTNsLJA8knL consumed 23269 of 200000 compute units
[2025-11-05T06:35:16.646147000Z DEBUG solana_runtime::message_processor::stable_log] Program ATokenGPvbdGVxr1b2hvZbsiqW5xWH25efTNsLJA8knL success
[2025-11-05T06:35:16.649517000Z DEBUG solana_runtime::message_processor::stable_log] Program TokenzQdBNbLqP5VEhdkAS6EPFLC1PHnBqCXEpPxuEb invoke [1]
[2025-11-05T06:35:16.649569000Z DEBUG solana_runtime::message_processor::stable_log] Program log: Instruction: MintTo
[2025-11-05T06:35:16.649647000Z DEBUG solana_runtime::message_processor::stable_log] Program TokenzQdBNbLqP5VEhdkAS6EPFLC1PHnBqCXEpPxuEb consumed 5403 of 200000 compute units
[2025-11-05T06:35:16.649659000Z DEBUG solana_runtime::message_processor::stable_log] Program TokenzQdBNbLqP5VEhdkAS6EPFLC1PHnBqCXEpPxuEb success
[2025-11-05T06:35:16.654793000Z DEBUG solana_runtime::message_processor::stable_log] Program ATokenGPvbdGVxr1b2hvZbsiqW5xWH25efTNsLJA8knL invoke [1]
[2025-11-05T06:35:16.654881000Z DEBUG solana_runtime::message_processor::stable_log] Program log: Create
[2025-11-05T06:35:16.654932000Z DEBUG solana_runtime::message_processor::stable_log] Program TokenzQdBNbLqP5VEhdkAS6EPFLC1PHnBqCXEpPxuEb invoke [2]
[2025-11-05T06:35:16.654981000Z DEBUG solana_runtime::message_processor::stable_log] Program log: Instruction: GetAccountDataSize
[2025-11-05T06:35:16.655027000Z DEBUG solana_runtime::message_processor::stable_log] Program TokenzQdBNbLqP5VEhdkAS6EPFLC1PHnBqCXEpPxuEb consumed 2917 of 194642 compute units
[2025-11-05T06:35:16.655036000Z DEBUG solana_runtime::message_processor::stable_log] Program return: TokenzQdBNbLqP5VEhdkAS6EPFLC1PHnBqCXEpPxuEb tgAAAAAAAAA=
[2025-11-05T06:35:16.655046000Z DEBUG solana_runtime::message_processor::stable_log] Program TokenzQdBNbLqP5VEhdkAS6EPFLC1PHnBqCXEpPxuEb success
[2025-11-05T06:35:16.655102000Z DEBUG solana_runtime::message_processor::stable_log] Program 11111111111111111111111111111111 invoke [2]
[2025-11-05T06:35:16.655114000Z DEBUG solana_runtime::message_processor::stable_log] Program 11111111111111111111111111111111 success
[2025-11-05T06:35:16.655120000Z DEBUG solana_runtime::message_processor::stable_log] Program log: Initialize the associated token account
[2025-11-05T06:35:16.655137000Z DEBUG solana_runtime::message_processor::stable_log] Program TokenzQdBNbLqP5VEhdkAS6EPFLC1PHnBqCXEpPxuEb invoke [2]
[2025-11-05T06:35:16.655158000Z DEBUG solana_runtime::message_processor::stable_log] Program log: Instruction: InitializeImmutableOwner
[2025-11-05T06:35:16.655184000Z DEBUG solana_runtime::message_processor::stable_log] Program TokenzQdBNbLqP5VEhdkAS6EPFLC1PHnBqCXEpPxuEb consumed 1924 of 186795 compute units
[2025-11-05T06:35:16.655192000Z DEBUG solana_runtime::message_processor::stable_log] Program TokenzQdBNbLqP5VEhdkAS6EPFLC1PHnBqCXEpPxuEb success
[2025-11-05T06:35:16.655223000Z DEBUG solana_runtime::message_processor::stable_log] Program TokenzQdBNbLqP5VEhdkAS6EPFLC1PHnBqCXEpPxuEb invoke [2]
[2025-11-05T06:35:16.655250000Z DEBUG solana_runtime::message_processor::stable_log] Program log: Instruction: InitializeAccount3
[2025-11-05T06:35:16.655334000Z DEBUG solana_runtime::message_processor::stable_log] Program TokenzQdBNbLqP5VEhdkAS6EPFLC1PHnBqCXEpPxuEb consumed 5446 of 182481 compute units
[2025-11-05T06:35:16.655342000Z DEBUG solana_runtime::message_processor::stable_log] Program TokenzQdBNbLqP5VEhdkAS6EPFLC1PHnBqCXEpPxuEb success
[2025-11-05T06:35:16.655355000Z DEBUG solana_runtime::message_processor::stable_log] Program ATokenGPvbdGVxr1b2hvZbsiqW5xWH25efTNsLJA8knL consumed 23269 of 200000 compute units
[2025-11-05T06:35:16.655364000Z DEBUG solana_runtime::message_processor::stable_log] Program ATokenGPvbdGVxr1b2hvZbsiqW5xWH25efTNsLJA8knL success
[2025-11-05T06:35:16.658493000Z DEBUG solana_runtime::message_processor::stable_log] Program TokenzQdBNbLqP5VEhdkAS6EPFLC1PHnBqCXEpPxuEb invoke [1]
[2025-11-05T06:35:16.658537000Z DEBUG solana_runtime::message_processor::stable_log] Program log: Instruction: MintTo
[2025-11-05T06:35:16.658612000Z DEBUG solana_runtime::message_processor::stable_log] Program TokenzQdBNbLqP5VEhdkAS6EPFLC1PHnBqCXEpPxuEb consumed 5403 of 200000 compute units
[2025-11-05T06:35:16.658624000Z DEBUG solana_runtime::message_processor::stable_log] Program TokenzQdBNbLqP5VEhdkAS6EPFLC1PHnBqCXEpPxuEb success
[2025-11-05T06:35:16.670389000Z DEBUG solana_runtime::message_processor::stable_log] Program ASmKWt93JEMHxbdE6j7znD9y2FcdPboCzC3xtSTJvN7S invoke [1]
[2025-11-05T06:35:16.670454000Z DEBUG solana_runtime::message_processor::stable_log] Program log: Instruction: CreateConfig
[2025-11-05T06:35:16.670539000Z DEBUG solana_runtime::message_processor::stable_log] Program 11111111111111111111111111111111 invoke [2]
[2025-11-05T06:35:16.670548000Z DEBUG solana_runtime::message_processor::stable_log] Program 11111111111111111111111111111111 success
[2025-11-05T06:35:16.670699000Z DEBUG solana_runtime::message_processor::stable_log] Program ASmKWt93JEMHxbdE6j7znD9y2FcdPboCzC3xtSTJvN7S invoke [2]
[2025-11-05T06:35:16.670745000Z DEBUG solana_runtime::message_processor::stable_log] Program ASmKWt93JEMHxbdE6j7znD9y2FcdPboCzC3xtSTJvN7S consumed 2069 of 186098 compute units
[2025-11-05T06:35:16.670756000Z DEBUG solana_runtime::message_processor::stable_log] Program ASmKWt93JEMHxbdE6j7znD9y2FcdPboCzC3xtSTJvN7S success
[2025-11-05T06:35:16.670773000Z DEBUG solana_runtime::message_processor::stable_log] Program ASmKWt93JEMHxbdE6j7znD9y2FcdPboCzC3xtSTJvN7S consumed 16276 of 200000 compute units
[2025-11-05T06:35:16.670782000Z DEBUG solana_runtime::message_processor::stable_log] Program ASmKWt93JEMHxbdE6j7znD9y2FcdPboCzC3xtSTJvN7S success
config config:  PublicKey [PublicKey(Dp61WrPsAqMvAeDJdeCr3XaFK4WGBBJdQWkeicbpXCtE)] {
  _bn: <BN: be5c3466db5abcdfdcc40ddb4e724e02f6ae4737f18fccdf5cdfde658ac7aa47>
}
[2025-11-05T06:35:16.692945000Z DEBUG solana_runtime::message_processor::stable_log] Program ASmKWt93JEMHxbdE6j7znD9y2FcdPboCzC3xtSTJvN7S invoke [1]
[2025-11-05T06:35:16.693069000Z DEBUG solana_runtime::message_processor::stable_log] Program log: Instruction: InitializePool
[2025-11-05T06:35:16.693230000Z DEBUG solana_runtime::message_processor::stable_log] Program 11111111111111111111111111111111 invoke [2]
[2025-11-05T06:35:16.693239000Z DEBUG solana_runtime::message_processor::stable_log] Program 11111111111111111111111111111111 success
[2025-11-05T06:35:16.693273000Z DEBUG solana_runtime::message_processor::stable_log] Program TokenzQdBNbLqP5VEhdkAS6EPFLC1PHnBqCXEpPxuEb invoke [2]
[2025-11-05T06:35:16.693310000Z DEBUG solana_runtime::message_processor::stable_log] Program log: MetadataPointerInstruction::Initialize
[2025-11-05T06:35:16.693346000Z DEBUG solana_runtime::message_processor::stable_log] Program TokenzQdBNbLqP5VEhdkAS6EPFLC1PHnBqCXEpPxuEb consumed 2442 of 334481 compute units
[2025-11-05T06:35:16.693355000Z DEBUG solana_runtime::message_processor::stable_log] Program TokenzQdBNbLqP5VEhdkAS6EPFLC1PHnBqCXEpPxuEb success
[2025-11-05T06:35:16.693386000Z DEBUG solana_runtime::message_processor::stable_log] Program TokenzQdBNbLqP5VEhdkAS6EPFLC1PHnBqCXEpPxuEb invoke [2]
[2025-11-05T06:35:16.693411000Z DEBUG solana_runtime::message_processor::stable_log] Program log: Instruction: InitializeMintCloseAuthority
[2025-11-05T06:35:16.693442000Z DEBUG solana_runtime::message_processor::stable_log] Program TokenzQdBNbLqP5VEhdkAS6EPFLC1PHnBqCXEpPxuEb consumed 2570 of 330061 compute units
[2025-11-05T06:35:16.693450000Z DEBUG solana_runtime::message_processor::stable_log] Program TokenzQdBNbLqP5VEhdkAS6EPFLC1PHnBqCXEpPxuEb success
[2025-11-05T06:35:16.693479000Z DEBUG solana_runtime::message_processor::stable_log] Program TokenzQdBNbLqP5VEhdkAS6EPFLC1PHnBqCXEpPxuEb invoke [2]
[2025-11-05T06:35:16.693500000Z DEBUG solana_runtime::message_processor::stable_log] Program log: Instruction: InitializeMint2
[2025-11-05T06:35:16.693558000Z DEBUG solana_runtime::message_processor::stable_log] Program TokenzQdBNbLqP5VEhdkAS6EPFLC1PHnBqCXEpPxuEb consumed 4078 of 325549 compute units
[2025-11-05T06:35:16.693566000Z DEBUG solana_runtime::message_processor::stable_log] Program TokenzQdBNbLqP5VEhdkAS6EPFLC1PHnBqCXEpPxuEb success
[2025-11-05T06:35:16.693681000Z DEBUG solana_runtime::message_processor::stable_log] Program 11111111111111111111111111111111 invoke [2]
[2025-11-05T06:35:16.693686000Z DEBUG solana_runtime::message_processor::stable_log] Program 11111111111111111111111111111111 success
[2025-11-05T06:35:16.693715000Z DEBUG solana_runtime::message_processor::stable_log] Program TokenzQdBNbLqP5VEhdkAS6EPFLC1PHnBqCXEpPxuEb invoke [2]
[2025-11-05T06:35:16.693740000Z DEBUG solana_runtime::message_processor::stable_log] Program log: Instruction: InitializeAccount3
[2025-11-05T06:35:16.693817000Z DEBUG solana_runtime::message_processor::stable_log] Program TokenzQdBNbLqP5VEhdkAS6EPFLC1PHnBqCXEpPxuEb consumed 5137 of 311865 compute units
[2025-11-05T06:35:16.693825000Z DEBUG solana_runtime::message_processor::stable_log] Program TokenzQdBNbLqP5VEhdkAS6EPFLC1PHnBqCXEpPxuEb success
[2025-11-05T06:35:16.693920000Z DEBUG solana_runtime::message_processor::stable_log] Program 11111111111111111111111111111111 invoke [2]
[2025-11-05T06:35:16.693923000Z DEBUG solana_runtime::message_processor::stable_log] Program 11111111111111111111111111111111 success
[2025-11-05T06:35:16.694006000Z DEBUG solana_runtime::message_processor::stable_log] Program 11111111111111111111111111111111 invoke [2]
[2025-11-05T06:35:16.694009000Z DEBUG solana_runtime::message_processor::stable_log] Program 11111111111111111111111111111111 success
[2025-11-05T06:35:16.694119000Z DEBUG solana_runtime::message_processor::stable_log] Program 11111111111111111111111111111111 invoke [2]
[2025-11-05T06:35:16.694123000Z DEBUG solana_runtime::message_processor::stable_log] Program 11111111111111111111111111111111 success
[2025-11-05T06:35:16.694154000Z DEBUG solana_runtime::message_processor::stable_log] Program TokenzQdBNbLqP5VEhdkAS6EPFLC1PHnBqCXEpPxuEb invoke [2]
[2025-11-05T06:35:16.694178000Z DEBUG solana_runtime::message_processor::stable_log] Program log: Instruction: InitializeAccount3
[2025-11-05T06:35:16.694256000Z DEBUG solana_runtime::message_processor::stable_log] Program TokenzQdBNbLqP5VEhdkAS6EPFLC1PHnBqCXEpPxuEb consumed 5379 of 279499 compute units
[2025-11-05T06:35:16.694264000Z DEBUG solana_runtime::message_processor::stable_log] Program TokenzQdBNbLqP5VEhdkAS6EPFLC1PHnBqCXEpPxuEb success
[2025-11-05T06:35:16.694385000Z DEBUG solana_runtime::message_processor::stable_log] Program 11111111111111111111111111111111 invoke [2]
[2025-11-05T06:35:16.694389000Z DEBUG solana_runtime::message_processor::stable_log] Program 11111111111111111111111111111111 success
[2025-11-05T06:35:16.694413000Z DEBUG solana_runtime::message_processor::stable_log] Program TokenzQdBNbLqP5VEhdkAS6EPFLC1PHnBqCXEpPxuEb invoke [2]
[2025-11-05T06:35:16.694435000Z DEBUG solana_runtime::message_processor::stable_log] Program log: Instruction: InitializeAccount3
[2025-11-05T06:35:16.694513000Z DEBUG solana_runtime::message_processor::stable_log] Program TokenzQdBNbLqP5VEhdkAS6EPFLC1PHnBqCXEpPxuEb consumed 5379 of 262414 compute units
[2025-11-05T06:35:16.694523000Z DEBUG solana_runtime::message_processor::stable_log] Program TokenzQdBNbLqP5VEhdkAS6EPFLC1PHnBqCXEpPxuEb success
[2025-11-05T06:35:16.694762000Z DEBUG solana_runtime::message_processor::stable_log] Program TokenzQdBNbLqP5VEhdkAS6EPFLC1PHnBqCXEpPxuEb invoke [2]
[2025-11-05T06:35:16.694815000Z DEBUG solana_runtime::message_processor::stable_log] Program log: TokenMetadataInstruction: Initialize
[2025-11-05T06:35:16.694935000Z DEBUG solana_runtime::message_processor::stable_log] Program TokenzQdBNbLqP5VEhdkAS6EPFLC1PHnBqCXEpPxuEb consumed 9900 of 243160 compute units
[2025-11-05T06:35:16.694946000Z DEBUG solana_runtime::message_processor::stable_log] Program TokenzQdBNbLqP5VEhdkAS6EPFLC1PHnBqCXEpPxuEb success
[2025-11-05T06:35:16.694986000Z DEBUG solana_runtime::message_processor::stable_log] Program 11111111111111111111111111111111 invoke [2]
[2025-11-05T06:35:16.694990000Z DEBUG solana_runtime::message_processor::stable_log] Program 11111111111111111111111111111111 success
[2025-11-05T06:35:16.695031000Z DEBUG solana_runtime::message_processor::stable_log] Program TokenzQdBNbLqP5VEhdkAS6EPFLC1PHnBqCXEpPxuEb invoke [2]
[2025-11-05T06:35:16.695063000Z DEBUG solana_runtime::message_processor::stable_log] Program log: Instruction: MintTo
[2025-11-05T06:35:16.695133000Z DEBUG solana_runtime::message_processor::stable_log] Program TokenzQdBNbLqP5VEhdkAS6EPFLC1PHnBqCXEpPxuEb consumed 5540 of 228198 compute units
[2025-11-05T06:35:16.695141000Z DEBUG solana_runtime::message_processor::stable_log] Program TokenzQdBNbLqP5VEhdkAS6EPFLC1PHnBqCXEpPxuEb success
[2025-11-05T06:35:16.695191000Z DEBUG solana_runtime::message_processor::stable_log] Program ASmKWt93JEMHxbdE6j7znD9y2FcdPboCzC3xtSTJvN7S invoke [2]
[2025-11-05T06:35:16.695223000Z DEBUG solana_runtime::message_processor::stable_log] Program ASmKWt93JEMHxbdE6j7znD9y2FcdPboCzC3xtSTJvN7S consumed 2069 of 219593 compute units
[2025-11-05T06:35:16.695230000Z DEBUG solana_runtime::message_processor::stable_log] Program ASmKWt93JEMHxbdE6j7znD9y2FcdPboCzC3xtSTJvN7S success
[2025-11-05T06:35:16.695312000Z DEBUG solana_runtime::message_processor::stable_log] Program TokenzQdBNbLqP5VEhdkAS6EPFLC1PHnBqCXEpPxuEb invoke [2]
[2025-11-05T06:35:16.695345000Z DEBUG solana_runtime::message_processor::stable_log] Program log: Instruction: TransferChecked
[2025-11-05T06:35:16.695467000Z DEBUG solana_runtime::message_processor::stable_log] Program TokenzQdBNbLqP5VEhdkAS6EPFLC1PHnBqCXEpPxuEb consumed 9156 of 213029 compute units
[2025-11-05T06:35:16.695477000Z DEBUG solana_runtime::message_processor::stable_log] Program TokenzQdBNbLqP5VEhdkAS6EPFLC1PHnBqCXEpPxuEb success
[2025-11-05T06:35:16.695517000Z DEBUG solana_runtime::message_processor::stable_log] Program TokenzQdBNbLqP5VEhdkAS6EPFLC1PHnBqCXEpPxuEb invoke [2]
[2025-11-05T06:35:16.695545000Z DEBUG solana_runtime::message_processor::stable_log] Program log: Instruction: TransferChecked
[2025-11-05T06:35:16.695648000Z DEBUG solana_runtime::message_processor::stable_log] Program TokenzQdBNbLqP5VEhdkAS6EPFLC1PHnBqCXEpPxuEb consumed 8762 of 201468 compute units
[2025-11-05T06:35:16.695656000Z DEBUG solana_runtime::message_processor::stable_log] Program TokenzQdBNbLqP5VEhdkAS6EPFLC1PHnBqCXEpPxuEb success
[2025-11-05T06:35:16.695729000Z DEBUG solana_runtime::message_processor::stable_log] Program ASmKWt93JEMHxbdE6j7znD9y2FcdPboCzC3xtSTJvN7S invoke [2]
[2025-11-05T06:35:16.695758000Z DEBUG solana_runtime::message_processor::stable_log] Program ASmKWt93JEMHxbdE6j7znD9y2FcdPboCzC3xtSTJvN7S consumed 2069 of 187625 compute units
[2025-11-05T06:35:16.695776000Z DEBUG solana_runtime::message_processor::stable_log] Program ASmKWt93JEMHxbdE6j7znD9y2FcdPboCzC3xtSTJvN7S success
[2025-11-05T06:35:16.695807000Z DEBUG solana_runtime::message_processor::stable_log] Program ASmKWt93JEMHxbdE6j7znD9y2FcdPboCzC3xtSTJvN7S consumed 165231 of 350000 compute units
[2025-11-05T06:35:16.695817000Z DEBUG solana_runtime::message_processor::stable_log] Program ASmKWt93JEMHxbdE6j7znD9y2FcdPboCzC3xtSTJvN7S success
[2025-11-05T06:35:16.695826000Z DEBUG solana_runtime::message_processor::stable_log] Program ComputeBudget111111111111111111111111111111 invoke [1]
[2025-11-05T06:35:16.695832000Z DEBUG solana_runtime::message_processor::stable_log] Program ComputeBudget111111111111111111111111111111 success
[2025-11-05T06:35:16.713601000Z DEBUG solana_runtime::message_processor::stable_log] Program ASmKWt93JEMHxbdE6j7znD9y2FcdPboCzC3xtSTJvN7S invoke [1]
[2025-11-05T06:35:16.713707000Z DEBUG solana_runtime::message_processor::stable_log] Program log: Instruction: CreatePosition
[2025-11-05T06:35:16.713780000Z DEBUG solana_runtime::message_processor::stable_log] Program 11111111111111111111111111111111 invoke [2]
[2025-11-05T06:35:16.713788000Z DEBUG solana_runtime::message_processor::stable_log] Program 11111111111111111111111111111111 success
[2025-11-05T06:35:16.713820000Z DEBUG solana_runtime::message_processor::stable_log] Program TokenzQdBNbLqP5VEhdkAS6EPFLC1PHnBqCXEpPxuEb invoke [2]
[2025-11-05T06:35:16.713854000Z DEBUG solana_runtime::message_processor::stable_log] Program log: MetadataPointerInstruction::Initialize
[2025-11-05T06:35:16.713888000Z DEBUG solana_runtime::message_processor::stable_log] Program TokenzQdBNbLqP5VEhdkAS6EPFLC1PHnBqCXEpPxuEb consumed 2442 of 191116 compute units
[2025-11-05T06:35:16.713897000Z DEBUG solana_runtime::message_processor::stable_log] Program TokenzQdBNbLqP5VEhdkAS6EPFLC1PHnBqCXEpPxuEb success
[2025-11-05T06:35:16.713926000Z DEBUG solana_runtime::message_processor::stable_log] Program TokenzQdBNbLqP5VEhdkAS6EPFLC1PHnBqCXEpPxuEb invoke [2]
[2025-11-05T06:35:16.713949000Z DEBUG solana_runtime::message_processor::stable_log] Program log: Instruction: InitializeMintCloseAuthority
[2025-11-05T06:35:16.713980000Z DEBUG solana_runtime::message_processor::stable_log] Program TokenzQdBNbLqP5VEhdkAS6EPFLC1PHnBqCXEpPxuEb consumed 2570 of 186696 compute units
[2025-11-05T06:35:16.713987000Z DEBUG solana_runtime::message_processor::stable_log] Program TokenzQdBNbLqP5VEhdkAS6EPFLC1PHnBqCXEpPxuEb success
[2025-11-05T06:35:16.714015000Z DEBUG solana_runtime::message_processor::stable_log] Program TokenzQdBNbLqP5VEhdkAS6EPFLC1PHnBqCXEpPxuEb invoke [2]
[2025-11-05T06:35:16.714038000Z DEBUG solana_runtime::message_processor::stable_log] Program log: Instruction: InitializeMint2
[2025-11-05T06:35:16.714095000Z DEBUG solana_runtime::message_processor::stable_log] Program TokenzQdBNbLqP5VEhdkAS6EPFLC1PHnBqCXEpPxuEb consumed 4078 of 182183 compute units
[2025-11-05T06:35:16.714103000Z DEBUG solana_runtime::message_processor::stable_log] Program TokenzQdBNbLqP5VEhdkAS6EPFLC1PHnBqCXEpPxuEb success
[2025-11-05T06:35:16.714217000Z DEBUG solana_runtime::message_processor::stable_log] Program 11111111111111111111111111111111 invoke [2]
[2025-11-05T06:35:16.714220000Z DEBUG solana_runtime::message_processor::stable_log] Program 11111111111111111111111111111111 success
[2025-11-05T06:35:16.714249000Z DEBUG solana_runtime::message_processor::stable_log] Program TokenzQdBNbLqP5VEhdkAS6EPFLC1PHnBqCXEpPxuEb invoke [2]
[2025-11-05T06:35:16.714293000Z DEBUG solana_runtime::message_processor::stable_log] Program log: Instruction: InitializeAccount3
[2025-11-05T06:35:16.714370000Z DEBUG solana_runtime::message_processor::stable_log] Program TokenzQdBNbLqP5VEhdkAS6EPFLC1PHnBqCXEpPxuEb consumed 5137 of 168499 compute units
[2025-11-05T06:35:16.714378000Z DEBUG solana_runtime::message_processor::stable_log] Program TokenzQdBNbLqP5VEhdkAS6EPFLC1PHnBqCXEpPxuEb success
[2025-11-05T06:35:16.714472000Z DEBUG solana_runtime::message_processor::stable_log] Program 11111111111111111111111111111111 invoke [2]
[2025-11-05T06:35:16.714476000Z DEBUG solana_runtime::message_processor::stable_log] Program 11111111111111111111111111111111 success
[2025-11-05T06:35:16.714606000Z DEBUG solana_runtime::message_processor::stable_log] Program TokenzQdBNbLqP5VEhdkAS6EPFLC1PHnBqCXEpPxuEb invoke [2]
[2025-11-05T06:35:16.714660000Z DEBUG solana_runtime::message_processor::stable_log] Program log: TokenMetadataInstruction: Initialize
[2025-11-05T06:35:16.714778000Z DEBUG solana_runtime::message_processor::stable_log] Program TokenzQdBNbLqP5VEhdkAS6EPFLC1PHnBqCXEpPxuEb consumed 9900 of 150269 compute units
[2025-11-05T06:35:16.714786000Z DEBUG solana_runtime::message_processor::stable_log] Program TokenzQdBNbLqP5VEhdkAS6EPFLC1PHnBqCXEpPxuEb success
[2025-11-05T06:35:16.714826000Z DEBUG solana_runtime::message_processor::stable_log] Program 11111111111111111111111111111111 invoke [2]
[2025-11-05T06:35:16.714829000Z DEBUG solana_runtime::message_processor::stable_log] Program 11111111111111111111111111111111 success
[2025-11-05T06:35:16.714867000Z DEBUG solana_runtime::message_processor::stable_log] Program TokenzQdBNbLqP5VEhdkAS6EPFLC1PHnBqCXEpPxuEb invoke [2]
[2025-11-05T06:35:16.714897000Z DEBUG solana_runtime::message_processor::stable_log] Program log: Instruction: MintTo
[2025-11-05T06:35:16.714966000Z DEBUG solana_runtime::message_processor::stable_log] Program TokenzQdBNbLqP5VEhdkAS6EPFLC1PHnBqCXEpPxuEb consumed 5540 of 135307 compute units
[2025-11-05T06:35:16.714974000Z DEBUG solana_runtime::message_processor::stable_log] Program TokenzQdBNbLqP5VEhdkAS6EPFLC1PHnBqCXEpPxuEb success
[2025-11-05T06:35:16.715022000Z DEBUG solana_runtime::message_processor::stable_log] Program ASmKWt93JEMHxbdE6j7znD9y2FcdPboCzC3xtSTJvN7S invoke [2]
[2025-11-05T06:35:16.715055000Z DEBUG solana_runtime::message_processor::stable_log] Program ASmKWt93JEMHxbdE6j7znD9y2FcdPboCzC3xtSTJvN7S consumed 2069 of 126701 compute units
[2025-11-05T06:35:16.715062000Z DEBUG solana_runtime::message_processor::stable_log] Program ASmKWt93JEMHxbdE6j7znD9y2FcdPboCzC3xtSTJvN7S success
[2025-11-05T06:35:16.715081000Z DEBUG solana_runtime::message_processor::stable_log] Program ASmKWt93JEMHxbdE6j7znD9y2FcdPboCzC3xtSTJvN7S consumed 75933 of 200000 compute units
[2025-11-05T06:35:16.715090000Z DEBUG solana_runtime::message_processor::stable_log] Program ASmKWt93JEMHxbdE6j7znD9y2FcdPboCzC3xtSTJvN7S success
      ✔ User create a position (62ms)

  Admin function: Create token badge
[2025-11-05T06:35:16.721664000Z INFO  solana_program_test] "cp_amm" SBF program from ./target/deploy/cp_amm.so, modified 24 minutes, 24 seconds, 68 ms, 981 µs and 203 ns ago
[2025-11-05T06:35:16.721799000Z INFO  solana_program_test] "fee_router" SBF program from ./target/deploy/fee_router.so, modified 26 seconds, 806 ms, 58 µs and 331 ns ago
[2025-11-05T06:35:16.721932000Z INFO  solana_program_test] "transfer_hook_counter" SBF program from tests/fixtures/transfer_hook_counter.so, modified 3 weeks, 22 hours, 58 minutes, 51 seconds, 547 ms, 531 µs and 196 ns ago
[2025-11-05T06:35:16.722161000Z INFO  solana_program_test] "alpha_vault" SBF program from tests/fixtures/alpha_vault.so, modified 3 weeks, 22 hours, 58 minutes, 51 seconds, 548 ms, 448 µs and 72 ns ago
[2025-11-05T06:35:16.722486000Z INFO  solana_program_test] "streamflow" SBF program from tests/fixtures/streamflow.so, modified 3 weeks, 6 hours, 59 minutes, 1 second, 433 ms, 402 µs and 387 ns ago
[2025-11-05T06:35:16.722755000Z INFO  solana_program_test] "cp_amm" SBF program from ./target/deploy/cp_amm.so, modified 24 minutes, 24 seconds, 70 ms, 74 µs and 203 ns ago
[2025-11-05T06:35:16.722887000Z INFO  solana_program_test] "fee_router" SBF program from ./target/deploy/fee_router.so, modified 26 seconds, 807 ms, 147 µs and 331 ns ago
[2025-11-05T06:35:16.742795000Z INFO  solana_program_test] Overriding account at ASmKWt93JEMHxbdE6j7znD9y2FcdPboCzC3xtSTJvN7S
[2025-11-05T06:35:16.742811000Z INFO  solana_program_test] Overriding account at 5B57SJ3g2YoNXUpsZqqjEQkRSxyKtVTQRXdgAirz6bio
[2025-11-05T06:35:16.751879000Z DEBUG solana_runtime::message_processor::stable_log] Program 11111111111111111111111111111111 invoke [1]
[2025-11-05T06:35:16.751895000Z DEBUG solana_runtime::message_processor::stable_log] Program 11111111111111111111111111111111 success
[2025-11-05T06:35:16.759824000Z DEBUG solana_runtime::message_processor::stable_log] Program 11111111111111111111111111111111 invoke [1]
[2025-11-05T06:35:16.759837000Z DEBUG solana_runtime::message_processor::stable_log] Program 11111111111111111111111111111111 success
[2025-11-05T06:35:16.759841000Z DEBUG solana_runtime::message_processor::stable_log] Program TokenzQdBNbLqP5VEhdkAS6EPFLC1PHnBqCXEpPxuEb invoke [1]
[2025-11-05T06:35:16.759887000Z DEBUG solana_runtime::message_processor::stable_log] Program log: Instruction: InitializePermanentDelegate
[2025-11-05T06:35:16.759920000Z DEBUG solana_runtime::message_processor::stable_log] Program TokenzQdBNbLqP5VEhdkAS6EPFLC1PHnBqCXEpPxuEb consumed 2396 of 599850 compute units
[2025-11-05T06:35:16.759929000Z DEBUG solana_runtime::message_processor::stable_log] Program TokenzQdBNbLqP5VEhdkAS6EPFLC1PHnBqCXEpPxuEb success
[2025-11-05T06:35:16.759935000Z DEBUG solana_runtime::message_processor::stable_log] Program TokenzQdBNbLqP5VEhdkAS6EPFLC1PHnBqCXEpPxuEb invoke [1]
[2025-11-05T06:35:16.759959000Z DEBUG solana_runtime::message_processor::stable_log] Program log: Instruction: InitializeMint2
[2025-11-05T06:35:16.760012000Z DEBUG solana_runtime::message_processor::stable_log] Program TokenzQdBNbLqP5VEhdkAS6EPFLC1PHnBqCXEpPxuEb consumed 3867 of 597454 compute units
[2025-11-05T06:35:16.760019000Z DEBUG solana_runtime::message_processor::stable_log] Program TokenzQdBNbLqP5VEhdkAS6EPFLC1PHnBqCXEpPxuEb success
[2025-11-05T06:35:16.772420000Z DEBUG solana_runtime::message_processor::stable_log] Program ASmKWt93JEMHxbdE6j7znD9y2FcdPboCzC3xtSTJvN7S invoke [1]
[2025-11-05T06:35:16.772488000Z DEBUG solana_runtime::message_processor::stable_log] Program log: Instruction: CreateTokenBadge
[2025-11-05T06:35:16.772595000Z DEBUG solana_runtime::message_processor::stable_log] Program 11111111111111111111111111111111 invoke [2]
[2025-11-05T06:35:16.772603000Z DEBUG solana_runtime::message_processor::stable_log] Program 11111111111111111111111111111111 success
[2025-11-05T06:35:16.772677000Z DEBUG solana_runtime::message_processor::stable_log] Program ASmKWt93JEMHxbdE6j7znD9y2FcdPboCzC3xtSTJvN7S invoke [2]
[2025-11-05T06:35:16.772713000Z DEBUG solana_runtime::message_processor::stable_log] Program ASmKWt93JEMHxbdE6j7znD9y2FcdPboCzC3xtSTJvN7S consumed 2069 of 184151 compute units
[2025-11-05T06:35:16.772723000Z DEBUG solana_runtime::message_processor::stable_log] Program ASmKWt93JEMHxbdE6j7znD9y2FcdPboCzC3xtSTJvN7S success
[2025-11-05T06:35:16.772737000Z DEBUG solana_runtime::message_processor::stable_log] Program ASmKWt93JEMHxbdE6j7znD9y2FcdPboCzC3xtSTJvN7S consumed 18241 of 200000 compute units
[2025-11-05T06:35:16.772746000Z DEBUG solana_runtime::message_processor::stable_log] Program ASmKWt93JEMHxbdE6j7znD9y2FcdPboCzC3xtSTJvN7S success
    ✔ Admin create token badge
[2025-11-05T06:35:16.778610000Z INFO  solana_program_test] "cp_amm" SBF program from ./target/deploy/cp_amm.so, modified 24 minutes, 24 seconds, 125 ms, 926 µs and 203 ns ago
[2025-11-05T06:35:16.778773000Z INFO  solana_program_test] "fee_router" SBF program from ./target/deploy/fee_router.so, modified 26 seconds, 863 ms, 33 µs and 331 ns ago
[2025-11-05T06:35:16.778897000Z INFO  solana_program_test] "transfer_hook_counter" SBF program from tests/fixtures/transfer_hook_counter.so, modified 3 weeks, 22 hours, 58 minutes, 51 seconds, 604 ms, 497 µs and 196 ns ago
[2025-11-05T06:35:16.779116000Z INFO  solana_program_test] "alpha_vault" SBF program from tests/fixtures/alpha_vault.so, modified 3 weeks, 22 hours, 58 minutes, 51 seconds, 605 ms, 402 µs and 72 ns ago
[2025-11-05T06:35:16.779393000Z INFO  solana_program_test] "streamflow" SBF program from tests/fixtures/streamflow.so, modified 3 weeks, 6 hours, 59 minutes, 1 second, 490 ms, 308 µs and 387 ns ago
[2025-11-05T06:35:16.779672000Z INFO  solana_program_test] "cp_amm" SBF program from ./target/deploy/cp_amm.so, modified 24 minutes, 24 seconds, 126 ms, 991 µs and 203 ns ago
[2025-11-05T06:35:16.779807000Z INFO  solana_program_test] "fee_router" SBF program from ./target/deploy/fee_router.so, modified 26 seconds, 864 ms, 67 µs and 331 ns ago
[2025-11-05T06:35:16.798078000Z INFO  solana_program_test] Overriding account at ASmKWt93JEMHxbdE6j7znD9y2FcdPboCzC3xtSTJvN7S
[2025-11-05T06:35:16.798095000Z INFO  solana_program_test] Overriding account at 5B57SJ3g2YoNXUpsZqqjEQkRSxyKtVTQRXdgAirz6bio
[2025-11-05T06:35:16.807561000Z DEBUG solana_runtime::message_processor::stable_log] Program 11111111111111111111111111111111 invoke [1]
[2025-11-05T06:35:16.807575000Z DEBUG solana_runtime::message_processor::stable_log] Program 11111111111111111111111111111111 success
[2025-11-05T06:35:16.815371000Z DEBUG solana_runtime::message_processor::stable_log] Program 11111111111111111111111111111111 invoke [1]
[2025-11-05T06:35:16.815388000Z DEBUG solana_runtime::message_processor::stable_log] Program 11111111111111111111111111111111 success
[2025-11-05T06:35:16.815392000Z DEBUG solana_runtime::message_processor::stable_log] Program TokenzQdBNbLqP5VEhdkAS6EPFLC1PHnBqCXEpPxuEb invoke [1]
[2025-11-05T06:35:16.815426000Z DEBUG solana_runtime::message_processor::stable_log] Program log: Instruction: InitializePermanentDelegate
[2025-11-05T06:35:16.815459000Z DEBUG solana_runtime::message_processor::stable_log] Program TokenzQdBNbLqP5VEhdkAS6EPFLC1PHnBqCXEpPxuEb consumed 2396 of 599850 compute units
[2025-11-05T06:35:16.815468000Z DEBUG solana_runtime::message_processor::stable_log] Program TokenzQdBNbLqP5VEhdkAS6EPFLC1PHnBqCXEpPxuEb success
[2025-11-05T06:35:16.815475000Z DEBUG solana_runtime::message_processor::stable_log] Program TokenzQdBNbLqP5VEhdkAS6EPFLC1PHnBqCXEpPxuEb invoke [1]
[2025-11-05T06:35:16.815500000Z DEBUG solana_runtime::message_processor::stable_log] Program log: Instruction: InitializeMint2
[2025-11-05T06:35:16.815552000Z DEBUG solana_runtime::message_processor::stable_log] Program TokenzQdBNbLqP5VEhdkAS6EPFLC1PHnBqCXEpPxuEb consumed 3867 of 597454 compute units
[2025-11-05T06:35:16.815561000Z DEBUG solana_runtime::message_processor::stable_log] Program TokenzQdBNbLqP5VEhdkAS6EPFLC1PHnBqCXEpPxuEb success
[2025-11-05T06:35:16.827822000Z DEBUG solana_runtime::message_processor::stable_log] Program ASmKWt93JEMHxbdE6j7znD9y2FcdPboCzC3xtSTJvN7S invoke [1]
[2025-11-05T06:35:16.827896000Z DEBUG solana_runtime::message_processor::stable_log] Program log: Instruction: CreateTokenBadge
[2025-11-05T06:35:16.828003000Z DEBUG solana_runtime::message_processor::stable_log] Program 11111111111111111111111111111111 invoke [2]
[2025-11-05T06:35:16.828013000Z DEBUG solana_runtime::message_processor::stable_log] Program 11111111111111111111111111111111 success
[2025-11-05T06:35:16.828092000Z DEBUG solana_runtime::message_processor::stable_log] Program ASmKWt93JEMHxbdE6j7znD9y2FcdPboCzC3xtSTJvN7S invoke [2]
[2025-11-05T06:35:16.828131000Z DEBUG solana_runtime::message_processor::stable_log] Program ASmKWt93JEMHxbdE6j7znD9y2FcdPboCzC3xtSTJvN7S consumed 2069 of 184151 compute units
[2025-11-05T06:35:16.828140000Z DEBUG solana_runtime::message_processor::stable_log] Program ASmKWt93JEMHxbdE6j7znD9y2FcdPboCzC3xtSTJvN7S success
[2025-11-05T06:35:16.828154000Z DEBUG solana_runtime::message_processor::stable_log] Program ASmKWt93JEMHxbdE6j7znD9y2FcdPboCzC3xtSTJvN7S consumed 18241 of 200000 compute units
[2025-11-05T06:35:16.828163000Z DEBUG solana_runtime::message_processor::stable_log] Program ASmKWt93JEMHxbdE6j7znD9y2FcdPboCzC3xtSTJvN7S success
[2025-11-05T06:35:16.841301000Z DEBUG solana_runtime::message_processor::stable_log] Program ASmKWt93JEMHxbdE6j7znD9y2FcdPboCzC3xtSTJvN7S invoke [1]
[2025-11-05T06:35:16.841370000Z DEBUG solana_runtime::message_processor::stable_log] Program log: Instruction: CloseTokenBadge
[2025-11-05T06:35:16.841407000Z DEBUG solana_runtime::message_processor::stable_log] Program ASmKWt93JEMHxbdE6j7znD9y2FcdPboCzC3xtSTJvN7S consumed 3662 of 200000 compute units
[2025-11-05T06:35:16.841420000Z DEBUG solana_runtime::message_processor::stable_log] Program ASmKWt93JEMHxbdE6j7znD9y2FcdPboCzC3xtSTJvN7S success
    ✔ Admin close token badge

  Dynamic config test
[2025-11-05T06:35:16.842910000Z INFO  solana_program_test] "cp_amm" SBF program from ./target/deploy/cp_amm.so, modified 24 minutes, 24 seconds, 190 ms, 227 µs and 203 ns ago
[2025-11-05T06:35:16.843080000Z INFO  solana_program_test] "fee_router" SBF program from ./target/deploy/fee_router.so, modified 26 seconds, 927 ms, 340 µs and 331 ns ago
[2025-11-05T06:35:16.843207000Z INFO  solana_program_test] "transfer_hook_counter" SBF program from tests/fixtures/transfer_hook_counter.so, modified 3 weeks, 22 hours, 58 minutes, 51 seconds, 668 ms, 807 µs and 196 ns ago
[2025-11-05T06:35:16.843444000Z INFO  solana_program_test] "alpha_vault" SBF program from tests/fixtures/alpha_vault.so, modified 3 weeks, 22 hours, 58 minutes, 51 seconds, 669 ms, 730 µs and 72 ns ago
[2025-11-05T06:35:16.843692000Z INFO  solana_program_test] "streamflow" SBF program from tests/fixtures/streamflow.so, modified 3 weeks, 6 hours, 59 minutes, 1 second, 554 ms, 608 µs and 387 ns ago
[2025-11-05T06:35:16.844019000Z INFO  solana_program_test] "cp_amm" SBF program from ./target/deploy/cp_amm.so, modified 24 minutes, 24 seconds, 191 ms, 338 µs and 203 ns ago
[2025-11-05T06:35:16.844127000Z INFO  solana_program_test] "fee_router" SBF program from ./target/deploy/fee_router.so, modified 26 seconds, 928 ms, 387 µs and 331 ns ago
[2025-11-05T06:35:16.862339000Z INFO  solana_program_test] Overriding account at ASmKWt93JEMHxbdE6j7znD9y2FcdPboCzC3xtSTJvN7S
[2025-11-05T06:35:16.862355000Z INFO  solana_program_test] Overriding account at 5B57SJ3g2YoNXUpsZqqjEQkRSxyKtVTQRXdgAirz6bio
[2025-11-05T06:35:16.871861000Z DEBUG solana_runtime::message_processor::stable_log] Program 11111111111111111111111111111111 invoke [1]
[2025-11-05T06:35:16.871872000Z DEBUG solana_runtime::message_processor::stable_log] Program 11111111111111111111111111111111 success
[2025-11-05T06:35:16.875103000Z DEBUG solana_runtime::message_processor::stable_log] Program 11111111111111111111111111111111 invoke [1]
[2025-11-05T06:35:16.875111000Z DEBUG solana_runtime::message_processor::stable_log] Program 11111111111111111111111111111111 success
[2025-11-05T06:35:16.881909000Z DEBUG solana_runtime::message_processor::stable_log] Program 11111111111111111111111111111111 invoke [1]
[2025-11-05T06:35:16.881921000Z DEBUG solana_runtime::message_processor::stable_log] Program 11111111111111111111111111111111 success
[2025-11-05T06:35:16.881925000Z DEBUG solana_runtime::message_processor::stable_log] Program TokenkegQfeZyiNwAJbNbGKPFXCWuBvf9Ss623VQ5DA invoke [1]
[2025-11-05T06:35:16.881976000Z DEBUG solana_runtime::message_processor::stable_log] Program log: Instruction: InitializeMint2
[2025-11-05T06:35:16.882012000Z DEBUG solana_runtime::message_processor::stable_log] Program TokenkegQfeZyiNwAJbNbGKPFXCWuBvf9Ss623VQ5DA consumed 2779 of 399850 compute units
[2025-11-05T06:35:16.882021000Z DEBUG solana_runtime::message_processor::stable_log] Program TokenkegQfeZyiNwAJbNbGKPFXCWuBvf9Ss623VQ5DA success
[2025-11-05T06:35:16.888869000Z DEBUG solana_runtime::message_processor::stable_log] Program 11111111111111111111111111111111 invoke [1]
[2025-11-05T06:35:16.888885000Z DEBUG solana_runtime::message_processor::stable_log] Program 11111111111111111111111111111111 success
[2025-11-05T06:35:16.888889000Z DEBUG solana_runtime::message_processor::stable_log] Program TokenkegQfeZyiNwAJbNbGKPFXCWuBvf9Ss623VQ5DA invoke [1]
[2025-11-05T06:35:16.888945000Z DEBUG solana_runtime::message_processor::stable_log] Program log: Instruction: InitializeMint2
[2025-11-05T06:35:16.889001000Z DEBUG solana_runtime::message_processor::stable_log] Program TokenkegQfeZyiNwAJbNbGKPFXCWuBvf9Ss623VQ5DA consumed 2779 of 399850 compute units
[2025-11-05T06:35:16.889012000Z DEBUG solana_runtime::message_processor::stable_log] Program TokenkegQfeZyiNwAJbNbGKPFXCWuBvf9Ss623VQ5DA success
[2025-11-05T06:35:16.894255000Z DEBUG solana_runtime::message_processor::stable_log] Program ATokenGPvbdGVxr1b2hvZbsiqW5xWH25efTNsLJA8knL invoke [1]
[2025-11-05T06:35:16.894331000Z DEBUG solana_runtime::message_processor::stable_log] Program log: Create
[2025-11-05T06:35:16.894392000Z DEBUG solana_runtime::message_processor::stable_log] Program TokenkegQfeZyiNwAJbNbGKPFXCWuBvf9Ss623VQ5DA invoke [2]
[2025-11-05T06:35:16.894423000Z DEBUG solana_runtime::message_processor::stable_log] Program log: Instruction: GetAccountDataSize
[2025-11-05T06:35:16.894440000Z DEBUG solana_runtime::message_processor::stable_log] Program TokenkegQfeZyiNwAJbNbGKPFXCWuBvf9Ss623VQ5DA consumed 1595 of 191555 compute units
[2025-11-05T06:35:16.894448000Z DEBUG solana_runtime::message_processor::stable_log] Program return: TokenkegQfeZyiNwAJbNbGKPFXCWuBvf9Ss623VQ5DA pQAAAAAAAAA=
[2025-11-05T06:35:16.894455000Z DEBUG solana_runtime::message_processor::stable_log] Program TokenkegQfeZyiNwAJbNbGKPFXCWuBvf9Ss623VQ5DA success
[2025-11-05T06:35:16.894509000Z DEBUG solana_runtime::message_processor::stable_log] Program 11111111111111111111111111111111 invoke [2]
[2025-11-05T06:35:16.894515000Z DEBUG solana_runtime::message_processor::stable_log] Program 11111111111111111111111111111111 success
[2025-11-05T06:35:16.894521000Z DEBUG solana_runtime::message_processor::stable_log] Program log: Initialize the associated token account
[2025-11-05T06:35:16.894539000Z DEBUG solana_runtime::message_processor::stable_log] Program TokenkegQfeZyiNwAJbNbGKPFXCWuBvf9Ss623VQ5DA invoke [2]
[2025-11-05T06:35:16.894561000Z DEBUG solana_runtime::message_processor::stable_log] Program log: Instruction: InitializeImmutableOwner
[2025-11-05T06:35:16.894572000Z DEBUG solana_runtime::message_processor::stable_log] Program log: Please upgrade to SPL Token 2022 for immutable owner support
[2025-11-05T06:35:16.894575000Z DEBUG solana_runtime::message_processor::stable_log] Program TokenkegQfeZyiNwAJbNbGKPFXCWuBvf9Ss623VQ5DA consumed 1405 of 184942 compute units
[2025-11-05T06:35:16.894582000Z DEBUG solana_runtime::message_processor::stable_log] Program TokenkegQfeZyiNwAJbNbGKPFXCWuBvf9Ss623VQ5DA success
[2025-11-05T06:35:16.894615000Z DEBUG solana_runtime::message_processor::stable_log] Program TokenkegQfeZyiNwAJbNbGKPFXCWuBvf9Ss623VQ5DA invoke [2]
[2025-11-05T06:35:16.894642000Z DEBUG solana_runtime::message_processor::stable_log] Program log: Instruction: InitializeAccount3
[2025-11-05T06:35:16.894696000Z DEBUG solana_runtime::message_processor::stable_log] Program TokenkegQfeZyiNwAJbNbGKPFXCWuBvf9Ss623VQ5DA consumed 4214 of 181058 compute units
[2025-11-05T06:35:16.894703000Z DEBUG solana_runtime::message_processor::stable_log] Program TokenkegQfeZyiNwAJbNbGKPFXCWuBvf9Ss623VQ5DA success
[2025-11-05T06:35:16.894715000Z DEBUG solana_runtime::message_processor::stable_log] Program ATokenGPvbdGVxr1b2hvZbsiqW5xWH25efTNsLJA8knL consumed 23460 of 200000 compute units
[2025-11-05T06:35:16.894724000Z DEBUG solana_runtime::message_processor::stable_log] Program ATokenGPvbdGVxr1b2hvZbsiqW5xWH25efTNsLJA8knL success
[2025-11-05T06:35:16.897795000Z DEBUG solana_runtime::message_processor::stable_log] Program TokenkegQfeZyiNwAJbNbGKPFXCWuBvf9Ss623VQ5DA invoke [1]
[2025-11-05T06:35:16.897837000Z DEBUG solana_runtime::message_processor::stable_log] Program log: Instruction: MintTo
[2025-11-05T06:35:16.897893000Z DEBUG solana_runtime::message_processor::stable_log] Program TokenkegQfeZyiNwAJbNbGKPFXCWuBvf9Ss623VQ5DA consumed 4491 of 200000 compute units
[2025-11-05T06:35:16.897904000Z DEBUG solana_runtime::message_processor::stable_log] Program TokenkegQfeZyiNwAJbNbGKPFXCWuBvf9Ss623VQ5DA success
[2025-11-05T06:35:16.902449000Z DEBUG solana_runtime::message_processor::stable_log] Program ATokenGPvbdGVxr1b2hvZbsiqW5xWH25efTNsLJA8knL invoke [1]
[2025-11-05T06:35:16.902534000Z DEBUG solana_runtime::message_processor::stable_log] Program log: Create
[2025-11-05T06:35:16.902586000Z DEBUG solana_runtime::message_processor::stable_log] Program TokenkegQfeZyiNwAJbNbGKPFXCWuBvf9Ss623VQ5DA invoke [2]
[2025-11-05T06:35:16.902626000Z DEBUG solana_runtime::message_processor::stable_log] Program log: Instruction: GetAccountDataSize
[2025-11-05T06:35:16.902643000Z DEBUG solana_runtime::message_processor::stable_log] Program TokenkegQfeZyiNwAJbNbGKPFXCWuBvf9Ss623VQ5DA consumed 1595 of 194555 compute units
[2025-11-05T06:35:16.902650000Z DEBUG solana_runtime::message_processor::stable_log] Program return: TokenkegQfeZyiNwAJbNbGKPFXCWuBvf9Ss623VQ5DA pQAAAAAAAAA=
[2025-11-05T06:35:16.902658000Z DEBUG solana_runtime::message_processor::stable_log] Program TokenkegQfeZyiNwAJbNbGKPFXCWuBvf9Ss623VQ5DA success
[2025-11-05T06:35:16.902713000Z DEBUG solana_runtime::message_processor::stable_log] Program 11111111111111111111111111111111 invoke [2]
[2025-11-05T06:35:16.902722000Z DEBUG solana_runtime::message_processor::stable_log] Program 11111111111111111111111111111111 success
[2025-11-05T06:35:16.902729000Z DEBUG solana_runtime::message_processor::stable_log] Program log: Initialize the associated token account
[2025-11-05T06:35:16.902747000Z DEBUG solana_runtime::message_processor::stable_log] Program TokenkegQfeZyiNwAJbNbGKPFXCWuBvf9Ss623VQ5DA invoke [2]
[2025-11-05T06:35:16.902771000Z DEBUG solana_runtime::message_processor::stable_log] Program log: Instruction: InitializeImmutableOwner
[2025-11-05T06:35:16.902781000Z DEBUG solana_runtime::message_processor::stable_log] Program log: Please upgrade to SPL Token 2022 for immutable owner support
[2025-11-05T06:35:16.902785000Z DEBUG solana_runtime::message_processor::stable_log] Program TokenkegQfeZyiNwAJbNbGKPFXCWuBvf9Ss623VQ5DA consumed 1405 of 187942 compute units
[2025-11-05T06:35:16.902793000Z DEBUG solana_runtime::message_processor::stable_log] Program TokenkegQfeZyiNwAJbNbGKPFXCWuBvf9Ss623VQ5DA success
[2025-11-05T06:35:16.902826000Z DEBUG solana_runtime::message_processor::stable_log] Program TokenkegQfeZyiNwAJbNbGKPFXCWuBvf9Ss623VQ5DA invoke [2]
[2025-11-05T06:35:16.902854000Z DEBUG solana_runtime::message_processor::stable_log] Program log: Instruction: InitializeAccount3
[2025-11-05T06:35:16.902924000Z DEBUG solana_runtime::message_processor::stable_log] Program TokenkegQfeZyiNwAJbNbGKPFXCWuBvf9Ss623VQ5DA consumed 4214 of 184058 compute units
[2025-11-05T06:35:16.902935000Z DEBUG solana_runtime::message_processor::stable_log] Program TokenkegQfeZyiNwAJbNbGKPFXCWuBvf9Ss623VQ5DA success
[2025-11-05T06:35:16.902947000Z DEBUG solana_runtime::message_processor::stable_log] Program ATokenGPvbdGVxr1b2hvZbsiqW5xWH25efTNsLJA8knL consumed 20460 of 200000 compute units
[2025-11-05T06:35:16.902956000Z DEBUG solana_runtime::message_processor::stable_log] Program ATokenGPvbdGVxr1b2hvZbsiqW5xWH25efTNsLJA8knL success
[2025-11-05T06:35:16.906017000Z DEBUG solana_runtime::message_processor::stable_log] Program TokenkegQfeZyiNwAJbNbGKPFXCWuBvf9Ss623VQ5DA invoke [1]
[2025-11-05T06:35:16.906075000Z DEBUG solana_runtime::message_processor::stable_log] Program log: Instruction: MintTo
[2025-11-05T06:35:16.906133000Z DEBUG solana_runtime::message_processor::stable_log] Program TokenkegQfeZyiNwAJbNbGKPFXCWuBvf9Ss623VQ5DA consumed 4491 of 200000 compute units
[2025-11-05T06:35:16.906142000Z DEBUG solana_runtime::message_processor::stable_log] Program TokenkegQfeZyiNwAJbNbGKPFXCWuBvf9Ss623VQ5DA success
[2025-11-05T06:35:16.917045000Z DEBUG solana_runtime::message_processor::stable_log] Program ASmKWt93JEMHxbdE6j7znD9y2FcdPboCzC3xtSTJvN7S invoke [1]
[2025-11-05T06:35:16.917100000Z DEBUG solana_runtime::message_processor::stable_log] Program log: Instruction: CreateDynamicConfig
[2025-11-05T06:35:16.917179000Z DEBUG solana_runtime::message_processor::stable_log] Program 11111111111111111111111111111111 invoke [2]
[2025-11-05T06:35:16.917187000Z DEBUG solana_runtime::message_processor::stable_log] Program 11111111111111111111111111111111 success
[2025-11-05T06:35:16.917250000Z DEBUG solana_runtime::message_processor::stable_log] Program ASmKWt93JEMHxbdE6j7znD9y2FcdPboCzC3xtSTJvN7S invoke [2]
[2025-11-05T06:35:16.917286000Z DEBUG solana_runtime::message_processor::stable_log] Program ASmKWt93JEMHxbdE6j7znD9y2FcdPboCzC3xtSTJvN7S consumed 2069 of 188642 compute units
[2025-11-05T06:35:16.917295000Z DEBUG solana_runtime::message_processor::stable_log] Program ASmKWt93JEMHxbdE6j7znD9y2FcdPboCzC3xtSTJvN7S success
[2025-11-05T06:35:16.917310000Z DEBUG solana_runtime::message_processor::stable_log] Program ASmKWt93JEMHxbdE6j7znD9y2FcdPboCzC3xtSTJvN7S consumed 13731 of 200000 compute units
[2025-11-05T06:35:16.917319000Z DEBUG solana_runtime::message_processor::stable_log] Program ASmKWt93JEMHxbdE6j7znD9y2FcdPboCzC3xtSTJvN7S success
[2025-11-05T06:35:16.943342000Z DEBUG solana_runtime::message_processor::stable_log] Program ASmKWt93JEMHxbdE6j7znD9y2FcdPboCzC3xtSTJvN7S invoke [1]
[2025-11-05T06:35:16.943482000Z DEBUG solana_runtime::message_processor::stable_log] Program log: Instruction: InitializePoolWithDynamicConfig
[2025-11-05T06:35:16.943651000Z DEBUG solana_runtime::message_processor::stable_log] Program 11111111111111111111111111111111 invoke [2]
[2025-11-05T06:35:16.943661000Z DEBUG solana_runtime::message_processor::stable_log] Program 11111111111111111111111111111111 success
[2025-11-05T06:35:16.943694000Z DEBUG solana_runtime::message_processor::stable_log] Program TokenzQdBNbLqP5VEhdkAS6EPFLC1PHnBqCXEpPxuEb invoke [2]
[2025-11-05T06:35:16.943726000Z DEBUG solana_runtime::message_processor::stable_log] Program log: MetadataPointerInstruction::Initialize
[2025-11-05T06:35:16.943759000Z DEBUG solana_runtime::message_processor::stable_log] Program TokenzQdBNbLqP5VEhdkAS6EPFLC1PHnBqCXEpPxuEb consumed 2442 of 334387 compute units
[2025-11-05T06:35:16.943769000Z DEBUG solana_runtime::message_processor::stable_log] Program TokenzQdBNbLqP5VEhdkAS6EPFLC1PHnBqCXEpPxuEb success
[2025-11-05T06:35:16.943801000Z DEBUG solana_runtime::message_processor::stable_log] Program TokenzQdBNbLqP5VEhdkAS6EPFLC1PHnBqCXEpPxuEb invoke [2]
[2025-11-05T06:35:16.943824000Z DEBUG solana_runtime::message_processor::stable_log] Program log: Instruction: InitializeMintCloseAuthority
[2025-11-05T06:35:16.943866000Z DEBUG solana_runtime::message_processor::stable_log] Program TokenzQdBNbLqP5VEhdkAS6EPFLC1PHnBqCXEpPxuEb consumed 2570 of 329967 compute units
[2025-11-05T06:35:16.943881000Z DEBUG solana_runtime::message_processor::stable_log] Program TokenzQdBNbLqP5VEhdkAS6EPFLC1PHnBqCXEpPxuEb success
[2025-11-05T06:35:16.943915000Z DEBUG solana_runtime::message_processor::stable_log] Program TokenzQdBNbLqP5VEhdkAS6EPFLC1PHnBqCXEpPxuEb invoke [2]
[2025-11-05T06:35:16.943942000Z DEBUG solana_runtime::message_processor::stable_log] Program log: Instruction: InitializeMint2
[2025-11-05T06:35:16.943998000Z DEBUG solana_runtime::message_processor::stable_log] Program TokenzQdBNbLqP5VEhdkAS6EPFLC1PHnBqCXEpPxuEb consumed 4078 of 325455 compute units
[2025-11-05T06:35:16.944009000Z DEBUG solana_runtime::message_processor::stable_log] Program TokenzQdBNbLqP5VEhdkAS6EPFLC1PHnBqCXEpPxuEb success
[2025-11-05T06:35:16.944135000Z DEBUG solana_runtime::message_processor::stable_log] Program 11111111111111111111111111111111 invoke [2]
[2025-11-05T06:35:16.944143000Z DEBUG solana_runtime::message_processor::stable_log] Program 11111111111111111111111111111111 success
[2025-11-05T06:35:16.944170000Z DEBUG solana_runtime::message_processor::stable_log] Program TokenzQdBNbLqP5VEhdkAS6EPFLC1PHnBqCXEpPxuEb invoke [2]
[2025-11-05T06:35:16.944198000Z DEBUG solana_runtime::message_processor::stable_log] Program log: Instruction: InitializeAccount3
[2025-11-05T06:35:16.944272000Z DEBUG solana_runtime::message_processor::stable_log] Program TokenzQdBNbLqP5VEhdkAS6EPFLC1PHnBqCXEpPxuEb consumed 5137 of 310271 compute units
[2025-11-05T06:35:16.944280000Z DEBUG solana_runtime::message_processor::stable_log] Program TokenzQdBNbLqP5VEhdkAS6EPFLC1PHnBqCXEpPxuEb success
[2025-11-05T06:35:16.944387000Z DEBUG solana_runtime::message_processor::stable_log] Program 11111111111111111111111111111111 invoke [2]
[2025-11-05T06:35:16.944391000Z DEBUG solana_runtime::message_processor::stable_log] Program 11111111111111111111111111111111 success
[2025-11-05T06:35:16.944469000Z DEBUG solana_runtime::message_processor::stable_log] Program 11111111111111111111111111111111 invoke [2]
[2025-11-05T06:35:16.944472000Z DEBUG solana_runtime::message_processor::stable_log] Program 11111111111111111111111111111111 success
[2025-11-05T06:35:16.944543000Z DEBUG solana_runtime::message_processor::stable_log] Program 11111111111111111111111111111111 invoke [2]
[2025-11-05T06:35:16.944546000Z DEBUG solana_runtime::message_processor::stable_log] Program 11111111111111111111111111111111 success
[2025-11-05T06:35:16.944574000Z DEBUG solana_runtime::message_processor::stable_log] Program TokenkegQfeZyiNwAJbNbGKPFXCWuBvf9Ss623VQ5DA invoke [2]
[2025-11-05T06:35:16.944604000Z DEBUG solana_runtime::message_processor::stable_log] Program log: Instruction: InitializeAccount3
[2025-11-05T06:35:16.944660000Z DEBUG solana_runtime::message_processor::stable_log] Program TokenkegQfeZyiNwAJbNbGKPFXCWuBvf9Ss623VQ5DA consumed 4214 of 279164 compute units
[2025-11-05T06:35:16.944669000Z DEBUG solana_runtime::message_processor::stable_log] Program TokenkegQfeZyiNwAJbNbGKPFXCWuBvf9Ss623VQ5DA success
[2025-11-05T06:35:16.944758000Z DEBUG solana_runtime::message_processor::stable_log] Program 11111111111111111111111111111111 invoke [2]
[2025-11-05T06:35:16.944762000Z DEBUG solana_runtime::message_processor::stable_log] Program 11111111111111111111111111111111 success
[2025-11-05T06:35:16.944792000Z DEBUG solana_runtime::message_processor::stable_log] Program TokenkegQfeZyiNwAJbNbGKPFXCWuBvf9Ss623VQ5DA invoke [2]
[2025-11-05T06:35:16.944821000Z DEBUG solana_runtime::message_processor::stable_log] Program log: Instruction: InitializeAccount3
[2025-11-05T06:35:16.944871000Z DEBUG solana_runtime::message_processor::stable_log] Program TokenkegQfeZyiNwAJbNbGKPFXCWuBvf9Ss623VQ5DA consumed 4214 of 266025 compute units
[2025-11-05T06:35:16.944882000Z DEBUG solana_runtime::message_processor::stable_log] Program TokenkegQfeZyiNwAJbNbGKPFXCWuBvf9Ss623VQ5DA success
[2025-11-05T06:35:16.945105000Z DEBUG solana_runtime::message_processor::stable_log] Program TokenzQdBNbLqP5VEhdkAS6EPFLC1PHnBqCXEpPxuEb invoke [2]
[2025-11-05T06:35:16.945173000Z DEBUG solana_runtime::message_processor::stable_log] Program log: TokenMetadataInstruction: Initialize
[2025-11-05T06:35:16.945296000Z DEBUG solana_runtime::message_processor::stable_log] Program TokenzQdBNbLqP5VEhdkAS6EPFLC1PHnBqCXEpPxuEb consumed 9900 of 249446 compute units
[2025-11-05T06:35:16.945305000Z DEBUG solana_runtime::message_processor::stable_log] Program TokenzQdBNbLqP5VEhdkAS6EPFLC1PHnBqCXEpPxuEb success
[2025-11-05T06:35:16.945345000Z DEBUG solana_runtime::message_processor::stable_log] Program 11111111111111111111111111111111 invoke [2]
[2025-11-05T06:35:16.945349000Z DEBUG solana_runtime::message_processor::stable_log] Program 11111111111111111111111111111111 success
[2025-11-05T06:35:16.945387000Z DEBUG solana_runtime::message_processor::stable_log] Program TokenzQdBNbLqP5VEhdkAS6EPFLC1PHnBqCXEpPxuEb invoke [2]
[2025-11-05T06:35:16.945416000Z DEBUG solana_runtime::message_processor::stable_log] Program log: Instruction: MintTo
[2025-11-05T06:35:16.945486000Z DEBUG solana_runtime::message_processor::stable_log] Program TokenzQdBNbLqP5VEhdkAS6EPFLC1PHnBqCXEpPxuEb consumed 5540 of 234484 compute units
[2025-11-05T06:35:16.945494000Z DEBUG solana_runtime::message_processor::stable_log] Program TokenzQdBNbLqP5VEhdkAS6EPFLC1PHnBqCXEpPxuEb success
[2025-11-05T06:35:16.945544000Z DEBUG solana_runtime::message_processor::stable_log] Program ASmKWt93JEMHxbdE6j7znD9y2FcdPboCzC3xtSTJvN7S invoke [2]
[2025-11-05T06:35:16.945577000Z DEBUG solana_runtime::message_processor::stable_log] Program ASmKWt93JEMHxbdE6j7znD9y2FcdPboCzC3xtSTJvN7S consumed 2069 of 225879 compute units
[2025-11-05T06:35:16.945586000Z DEBUG solana_runtime::message_processor::stable_log] Program ASmKWt93JEMHxbdE6j7znD9y2FcdPboCzC3xtSTJvN7S success
[2025-11-05T06:35:16.945628000Z DEBUG solana_runtime::message_processor::stable_log] Program TokenkegQfeZyiNwAJbNbGKPFXCWuBvf9Ss623VQ5DA invoke [2]
[2025-11-05T06:35:16.945672000Z DEBUG solana_runtime::message_processor::stable_log] Program log: Instruction: TransferChecked
[2025-11-05T06:35:16.945744000Z DEBUG solana_runtime::message_processor::stable_log] Program TokenkegQfeZyiNwAJbNbGKPFXCWuBvf9Ss623VQ5DA consumed 6174 of 221338 compute units
[2025-11-05T06:35:16.945752000Z DEBUG solana_runtime::message_processor::stable_log] Program TokenkegQfeZyiNwAJbNbGKPFXCWuBvf9Ss623VQ5DA success
[2025-11-05T06:35:16.945792000Z DEBUG solana_runtime::message_processor::stable_log] Program TokenkegQfeZyiNwAJbNbGKPFXCWuBvf9Ss623VQ5DA invoke [2]
[2025-11-05T06:35:16.945823000Z DEBUG solana_runtime::message_processor::stable_log] Program log: Instruction: TransferChecked
[2025-11-05T06:35:16.945893000Z DEBUG solana_runtime::message_processor::stable_log] Program TokenkegQfeZyiNwAJbNbGKPFXCWuBvf9Ss623VQ5DA consumed 6269 of 212754 compute units
[2025-11-05T06:35:16.945902000Z DEBUG solana_runtime::message_processor::stable_log] Program TokenkegQfeZyiNwAJbNbGKPFXCWuBvf9Ss623VQ5DA success
[2025-11-05T06:35:16.945973000Z DEBUG solana_runtime::message_processor::stable_log] Program ASmKWt93JEMHxbdE6j7znD9y2FcdPboCzC3xtSTJvN7S invoke [2]
[2025-11-05T06:35:16.946006000Z DEBUG solana_runtime::message_processor::stable_log] Program ASmKWt93JEMHxbdE6j7znD9y2FcdPboCzC3xtSTJvN7S consumed 2069 of 201395 compute units
[2025-11-05T06:35:16.946014000Z DEBUG solana_runtime::message_processor::stable_log] Program ASmKWt93JEMHxbdE6j7znD9y2FcdPboCzC3xtSTJvN7S success
[2025-11-05T06:35:16.946038000Z DEBUG solana_runtime::message_processor::stable_log] Program ASmKWt93JEMHxbdE6j7znD9y2FcdPboCzC3xtSTJvN7S consumed 151481 of 350000 compute units
[2025-11-05T06:35:16.946047000Z DEBUG solana_runtime::message_processor::stable_log] Program ASmKWt93JEMHxbdE6j7znD9y2FcdPboCzC3xtSTJvN7S success
[2025-11-05T06:35:16.946055000Z DEBUG solana_runtime::message_processor::stable_log] Program ComputeBudget111111111111111111111111111111 invoke [1]
[2025-11-05T06:35:16.946062000Z DEBUG solana_runtime::message_processor::stable_log] Program ComputeBudget111111111111111111111111111111 success
    ✔ create pool with dynamic config

  Fee Router - Comprehensive Test Suite
    1. Initialize Honorary Position (Quote-Only)
[2025-11-05T06:35:16.957644000Z INFO  solana_program_test] "cp_amm" SBF program from ./target/deploy/cp_amm.so, modified 24 minutes, 24 seconds, 304 ms, 960 µs and 203 ns ago
[2025-11-05T06:35:16.957844000Z INFO  solana_program_test] "fee_router" SBF program from ./target/deploy/fee_router.so, modified 27 seconds, 42 ms, 103 µs and 331 ns ago
[2025-11-05T06:35:16.957989000Z INFO  solana_program_test] "transfer_hook_counter" SBF program from tests/fixtures/transfer_hook_counter.so, modified 3 weeks, 22 hours, 58 minutes, 51 seconds, 783 ms, 589 µs and 196 ns ago
[2025-11-05T06:35:16.958195000Z INFO  solana_program_test] "alpha_vault" SBF program from tests/fixtures/alpha_vault.so, modified 3 weeks, 22 hours, 58 minutes, 51 seconds, 784 ms, 482 µs and 72 ns ago
[2025-11-05T06:35:16.958517000Z INFO  solana_program_test] "streamflow" SBF program from tests/fixtures/streamflow.so, modified 3 weeks, 6 hours, 59 minutes, 1 second, 669 ms, 433 µs and 387 ns ago
[2025-11-05T06:35:16.958802000Z INFO  solana_program_test] "cp_amm" SBF program from ./target/deploy/cp_amm.so, modified 24 minutes, 24 seconds, 306 ms, 120 µs and 203 ns ago
[2025-11-05T06:35:16.958949000Z INFO  solana_program_test] "fee_router" SBF program from ./target/deploy/fee_router.so, modified 27 seconds, 43 ms, 209 µs and 331 ns ago
[2025-11-05T06:35:16.977468000Z INFO  solana_program_test] Overriding account at ASmKWt93JEMHxbdE6j7znD9y2FcdPboCzC3xtSTJvN7S
[2025-11-05T06:35:16.977482000Z INFO  solana_program_test] Overriding account at 5B57SJ3g2YoNXUpsZqqjEQkRSxyKtVTQRXdgAirz6bio
[2025-11-05T06:35:16.988406000Z DEBUG solana_runtime::message_processor::stable_log] Program 11111111111111111111111111111111 invoke [1]
[2025-11-05T06:35:16.988423000Z DEBUG solana_runtime::message_processor::stable_log] Program 11111111111111111111111111111111 success
[2025-11-05T06:35:16.991885000Z DEBUG solana_runtime::message_processor::stable_log] Program 11111111111111111111111111111111 invoke [1]
[2025-11-05T06:35:16.991898000Z DEBUG solana_runtime::message_processor::stable_log] Program 11111111111111111111111111111111 success
[2025-11-05T06:35:16.995623000Z DEBUG solana_runtime::message_processor::stable_log] Program 11111111111111111111111111111111 invoke [1]
[2025-11-05T06:35:16.995637000Z DEBUG solana_runtime::message_processor::stable_log] Program 11111111111111111111111111111111 success
[2025-11-05T06:35:17.004432000Z DEBUG solana_runtime::message_processor::stable_log] Program 11111111111111111111111111111111 invoke [1]
[2025-11-05T06:35:17.004446000Z DEBUG solana_runtime::message_processor::stable_log] Program 11111111111111111111111111111111 success
[2025-11-05T06:35:17.004451000Z DEBUG solana_runtime::message_processor::stable_log] Program TokenkegQfeZyiNwAJbNbGKPFXCWuBvf9Ss623VQ5DA invoke [1]
[2025-11-05T06:35:17.004503000Z DEBUG solana_runtime::message_processor::stable_log] Program log: Instruction: InitializeMint2
[2025-11-05T06:35:17.004540000Z DEBUG solana_runtime::message_processor::stable_log] Program TokenkegQfeZyiNwAJbNbGKPFXCWuBvf9Ss623VQ5DA consumed 2779 of 399850 compute units
[2025-11-05T06:35:17.004550000Z DEBUG solana_runtime::message_processor::stable_log] Program TokenkegQfeZyiNwAJbNbGKPFXCWuBvf9Ss623VQ5DA success
[2025-11-05T06:35:17.011059000Z DEBUG solana_runtime::message_processor::stable_log] Program 11111111111111111111111111111111 invoke [1]
[2025-11-05T06:35:17.011075000Z DEBUG solana_runtime::message_processor::stable_log] Program 11111111111111111111111111111111 success
[2025-11-05T06:35:17.011079000Z DEBUG solana_runtime::message_processor::stable_log] Program TokenkegQfeZyiNwAJbNbGKPFXCWuBvf9Ss623VQ5DA invoke [1]
[2025-11-05T06:35:17.011130000Z DEBUG solana_runtime::message_processor::stable_log] Program log: Instruction: InitializeMint2
[2025-11-05T06:35:17.011165000Z DEBUG solana_runtime::message_processor::stable_log] Program TokenkegQfeZyiNwAJbNbGKPFXCWuBvf9Ss623VQ5DA consumed 2779 of 399850 compute units
[2025-11-05T06:35:17.011175000Z DEBUG solana_runtime::message_processor::stable_log] Program TokenkegQfeZyiNwAJbNbGKPFXCWuBvf9Ss623VQ5DA success
[2025-11-05T06:35:17.016060000Z DEBUG solana_runtime::message_processor::stable_log] Program ATokenGPvbdGVxr1b2hvZbsiqW5xWH25efTNsLJA8knL invoke [1]
[2025-11-05T06:35:17.016135000Z DEBUG solana_runtime::message_processor::stable_log] Program log: Create
[2025-11-05T06:35:17.016194000Z DEBUG solana_runtime::message_processor::stable_log] Program TokenkegQfeZyiNwAJbNbGKPFXCWuBvf9Ss623VQ5DA invoke [2]
[2025-11-05T06:35:17.016227000Z DEBUG solana_runtime::message_processor::stable_log] Program log: Instruction: GetAccountDataSize
[2025-11-05T06:35:17.016244000Z DEBUG solana_runtime::message_processor::stable_log] Program TokenkegQfeZyiNwAJbNbGKPFXCWuBvf9Ss623VQ5DA consumed 1595 of 193055 compute units
[2025-11-05T06:35:17.016253000Z DEBUG solana_runtime::message_processor::stable_log] Program return: TokenkegQfeZyiNwAJbNbGKPFXCWuBvf9Ss623VQ5DA pQAAAAAAAAA=
[2025-11-05T06:35:17.016262000Z DEBUG solana_runtime::message_processor::stable_log] Program TokenkegQfeZyiNwAJbNbGKPFXCWuBvf9Ss623VQ5DA success
[2025-11-05T06:35:17.016315000Z DEBUG solana_runtime::message_processor::stable_log] Program 11111111111111111111111111111111 invoke [2]
[2025-11-05T06:35:17.016323000Z DEBUG solana_runtime::message_processor::stable_log] Program 11111111111111111111111111111111 success
[2025-11-05T06:35:17.016328000Z DEBUG solana_runtime::message_processor::stable_log] Program log: Initialize the associated token account
[2025-11-05T06:35:17.016345000Z DEBUG solana_runtime::message_processor::stable_log] Program TokenkegQfeZyiNwAJbNbGKPFXCWuBvf9Ss623VQ5DA invoke [2]
[2025-11-05T06:35:17.016367000Z DEBUG solana_runtime::message_processor::stable_log] Program log: Instruction: InitializeImmutableOwner
[2025-11-05T06:35:17.016379000Z DEBUG solana_runtime::message_processor::stable_log] Program log: Please upgrade to SPL Token 2022 for immutable owner support
[2025-11-05T06:35:17.016382000Z DEBUG solana_runtime::message_processor::stable_log] Program TokenkegQfeZyiNwAJbNbGKPFXCWuBvf9Ss623VQ5DA consumed 1405 of 186442 compute units
[2025-11-05T06:35:17.016389000Z DEBUG solana_runtime::message_processor::stable_log] Program TokenkegQfeZyiNwAJbNbGKPFXCWuBvf9Ss623VQ5DA success
[2025-11-05T06:35:17.016425000Z DEBUG solana_runtime::message_processor::stable_log] Program TokenkegQfeZyiNwAJbNbGKPFXCWuBvf9Ss623VQ5DA invoke [2]
[2025-11-05T06:35:17.016452000Z DEBUG solana_runtime::message_processor::stable_log] Program log: Instruction: InitializeAccount3
[2025-11-05T06:35:17.016507000Z DEBUG solana_runtime::message_processor::stable_log] Program TokenkegQfeZyiNwAJbNbGKPFXCWuBvf9Ss623VQ5DA consumed 4214 of 182558 compute units
[2025-11-05T06:35:17.016514000Z DEBUG solana_runtime::message_processor::stable_log] Program TokenkegQfeZyiNwAJbNbGKPFXCWuBvf9Ss623VQ5DA success
[2025-11-05T06:35:17.016527000Z DEBUG solana_runtime::message_processor::stable_log] Program ATokenGPvbdGVxr1b2hvZbsiqW5xWH25efTNsLJA8knL consumed 21960 of 200000 compute units
[2025-11-05T06:35:17.016536000Z DEBUG solana_runtime::message_processor::stable_log] Program ATokenGPvbdGVxr1b2hvZbsiqW5xWH25efTNsLJA8knL success
[2025-11-05T06:35:17.020331000Z DEBUG solana_runtime::message_processor::stable_log] Program TokenkegQfeZyiNwAJbNbGKPFXCWuBvf9Ss623VQ5DA invoke [1]
[2025-11-05T06:35:17.020395000Z DEBUG solana_runtime::message_processor::stable_log] Program log: Instruction: MintTo
[2025-11-05T06:35:17.020460000Z DEBUG solana_runtime::message_processor::stable_log] Program TokenkegQfeZyiNwAJbNbGKPFXCWuBvf9Ss623VQ5DA consumed 4491 of 200000 compute units
[2025-11-05T06:35:17.020470000Z DEBUG solana_runtime::message_processor::stable_log] Program TokenkegQfeZyiNwAJbNbGKPFXCWuBvf9Ss623VQ5DA success
[2025-11-05T06:35:17.024822000Z DEBUG solana_runtime::message_processor::stable_log] Program ATokenGPvbdGVxr1b2hvZbsiqW5xWH25efTNsLJA8knL invoke [1]
[2025-11-05T06:35:17.024886000Z DEBUG solana_runtime::message_processor::stable_log] Program log: Create
[2025-11-05T06:35:17.024937000Z DEBUG solana_runtime::message_processor::stable_log] Program TokenkegQfeZyiNwAJbNbGKPFXCWuBvf9Ss623VQ5DA invoke [2]
[2025-11-05T06:35:17.024973000Z DEBUG solana_runtime::message_processor::stable_log] Program log: Instruction: GetAccountDataSize
[2025-11-05T06:35:17.024990000Z DEBUG solana_runtime::message_processor::stable_log] Program TokenkegQfeZyiNwAJbNbGKPFXCWuBvf9Ss623VQ5DA consumed 1595 of 194555 compute units
[2025-11-05T06:35:17.024998000Z DEBUG solana_runtime::message_processor::stable_log] Program return: TokenkegQfeZyiNwAJbNbGKPFXCWuBvf9Ss623VQ5DA pQAAAAAAAAA=
[2025-11-05T06:35:17.025006000Z DEBUG solana_runtime::message_processor::stable_log] Program TokenkegQfeZyiNwAJbNbGKPFXCWuBvf9Ss623VQ5DA success
[2025-11-05T06:35:17.025060000Z DEBUG solana_runtime::message_processor::stable_log] Program 11111111111111111111111111111111 invoke [2]
[2025-11-05T06:35:17.025068000Z DEBUG solana_runtime::message_processor::stable_log] Program 11111111111111111111111111111111 success
[2025-11-05T06:35:17.025073000Z DEBUG solana_runtime::message_processor::stable_log] Program log: Initialize the associated token account
[2025-11-05T06:35:17.025090000Z DEBUG solana_runtime::message_processor::stable_log] Program TokenkegQfeZyiNwAJbNbGKPFXCWuBvf9Ss623VQ5DA invoke [2]
[2025-11-05T06:35:17.025113000Z DEBUG solana_runtime::message_processor::stable_log] Program log: Instruction: InitializeImmutableOwner
[2025-11-05T06:35:17.025124000Z DEBUG solana_runtime::message_processor::stable_log] Program log: Please upgrade to SPL Token 2022 for immutable owner support
[2025-11-05T06:35:17.025127000Z DEBUG solana_runtime::message_processor::stable_log] Program TokenkegQfeZyiNwAJbNbGKPFXCWuBvf9Ss623VQ5DA consumed 1405 of 187942 compute units
[2025-11-05T06:35:17.025134000Z DEBUG solana_runtime::message_processor::stable_log] Program TokenkegQfeZyiNwAJbNbGKPFXCWuBvf9Ss623VQ5DA success
[2025-11-05T06:35:17.025167000Z DEBUG solana_runtime::message_processor::stable_log] Program TokenkegQfeZyiNwAJbNbGKPFXCWuBvf9Ss623VQ5DA invoke [2]
[2025-11-05T06:35:17.025193000Z DEBUG solana_runtime::message_processor::stable_log] Program log: Instruction: InitializeAccount3
[2025-11-05T06:35:17.025245000Z DEBUG solana_runtime::message_processor::stable_log] Program TokenkegQfeZyiNwAJbNbGKPFXCWuBvf9Ss623VQ5DA consumed 4214 of 184058 compute units
[2025-11-05T06:35:17.025253000Z DEBUG solana_runtime::message_processor::stable_log] Program TokenkegQfeZyiNwAJbNbGKPFXCWuBvf9Ss623VQ5DA success
[2025-11-05T06:35:17.025266000Z DEBUG solana_runtime::message_processor::stable_log] Program ATokenGPvbdGVxr1b2hvZbsiqW5xWH25efTNsLJA8knL consumed 20460 of 200000 compute units
[2025-11-05T06:35:17.025274000Z DEBUG solana_runtime::message_processor::stable_log] Program ATokenGPvbdGVxr1b2hvZbsiqW5xWH25efTNsLJA8knL success
[2025-11-05T06:35:17.028358000Z DEBUG solana_runtime::message_processor::stable_log] Program TokenkegQfeZyiNwAJbNbGKPFXCWuBvf9Ss623VQ5DA invoke [1]
[2025-11-05T06:35:17.028410000Z DEBUG solana_runtime::message_processor::stable_log] Program log: Instruction: MintTo
[2025-11-05T06:35:17.028469000Z DEBUG solana_runtime::message_processor::stable_log] Program TokenkegQfeZyiNwAJbNbGKPFXCWuBvf9Ss623VQ5DA consumed 4491 of 200000 compute units
[2025-11-05T06:35:17.028479000Z DEBUG solana_runtime::message_processor::stable_log] Program TokenkegQfeZyiNwAJbNbGKPFXCWuBvf9Ss623VQ5DA success
[2025-11-05T06:35:17.040931000Z DEBUG solana_runtime::message_processor::stable_log] Program ASmKWt93JEMHxbdE6j7znD9y2FcdPboCzC3xtSTJvN7S invoke [1]
[2025-11-05T06:35:17.040997000Z DEBUG solana_runtime::message_processor::stable_log] Program log: Instruction: CreateConfig
[2025-11-05T06:35:17.041088000Z DEBUG solana_runtime::message_processor::stable_log] Program 11111111111111111111111111111111 invoke [2]
[2025-11-05T06:35:17.041097000Z DEBUG solana_runtime::message_processor::stable_log] Program 11111111111111111111111111111111 success
[2025-11-05T06:35:17.041191000Z DEBUG solana_runtime::message_processor::stable_log] Program ASmKWt93JEMHxbdE6j7znD9y2FcdPboCzC3xtSTJvN7S invoke [2]
[2025-11-05T06:35:17.041240000Z DEBUG solana_runtime::message_processor::stable_log] Program ASmKWt93JEMHxbdE6j7znD9y2FcdPboCzC3xtSTJvN7S consumed 2069 of 186095 compute units
[2025-11-05T06:35:17.041250000Z DEBUG solana_runtime::message_processor::stable_log] Program ASmKWt93JEMHxbdE6j7znD9y2FcdPboCzC3xtSTJvN7S success
[2025-11-05T06:35:17.041267000Z DEBUG solana_runtime::message_processor::stable_log] Program ASmKWt93JEMHxbdE6j7znD9y2FcdPboCzC3xtSTJvN7S consumed 16279 of 200000 compute units
[2025-11-05T06:35:17.041276000Z DEBUG solana_runtime::message_processor::stable_log] Program ASmKWt93JEMHxbdE6j7znD9y2FcdPboCzC3xtSTJvN7S success
[2025-11-05T06:35:17.064701000Z DEBUG solana_runtime::message_processor::stable_log] Program ASmKWt93JEMHxbdE6j7znD9y2FcdPboCzC3xtSTJvN7S invoke [1]
[2025-11-05T06:35:17.064816000Z DEBUG solana_runtime::message_processor::stable_log] Program log: Instruction: InitializePool
[2025-11-05T06:35:17.064952000Z DEBUG solana_runtime::message_processor::stable_log] Program 11111111111111111111111111111111 invoke [2]
[2025-11-05T06:35:17.064961000Z DEBUG solana_runtime::message_processor::stable_log] Program 11111111111111111111111111111111 success
[2025-11-05T06:35:17.064992000Z DEBUG solana_runtime::message_processor::stable_log] Program TokenzQdBNbLqP5VEhdkAS6EPFLC1PHnBqCXEpPxuEb invoke [2]
[2025-11-05T06:35:17.065025000Z DEBUG solana_runtime::message_processor::stable_log] Program log: MetadataPointerInstruction::Initialize
[2025-11-05T06:35:17.065058000Z DEBUG solana_runtime::message_processor::stable_log] Program TokenzQdBNbLqP5VEhdkAS6EPFLC1PHnBqCXEpPxuEb consumed 2442 of 334963 compute units
[2025-11-05T06:35:17.065067000Z DEBUG solana_runtime::message_processor::stable_log] Program TokenzQdBNbLqP5VEhdkAS6EPFLC1PHnBqCXEpPxuEb success
[2025-11-05T06:35:17.065096000Z DEBUG solana_runtime::message_processor::stable_log] Program TokenzQdBNbLqP5VEhdkAS6EPFLC1PHnBqCXEpPxuEb invoke [2]
[2025-11-05T06:35:17.065117000Z DEBUG solana_runtime::message_processor::stable_log] Program log: Instruction: InitializeMintCloseAuthority
[2025-11-05T06:35:17.065147000Z DEBUG solana_runtime::message_processor::stable_log] Program TokenzQdBNbLqP5VEhdkAS6EPFLC1PHnBqCXEpPxuEb consumed 2570 of 330543 compute units
[2025-11-05T06:35:17.065154000Z DEBUG solana_runtime::message_processor::stable_log] Program TokenzQdBNbLqP5VEhdkAS6EPFLC1PHnBqCXEpPxuEb success
[2025-11-05T06:35:17.065182000Z DEBUG solana_runtime::message_processor::stable_log] Program TokenzQdBNbLqP5VEhdkAS6EPFLC1PHnBqCXEpPxuEb invoke [2]
[2025-11-05T06:35:17.065204000Z DEBUG solana_runtime::message_processor::stable_log] Program log: Instruction: InitializeMint2
[2025-11-05T06:35:17.065259000Z DEBUG solana_runtime::message_processor::stable_log] Program TokenzQdBNbLqP5VEhdkAS6EPFLC1PHnBqCXEpPxuEb consumed 4078 of 326031 compute units
[2025-11-05T06:35:17.065267000Z DEBUG solana_runtime::message_processor::stable_log] Program TokenzQdBNbLqP5VEhdkAS6EPFLC1PHnBqCXEpPxuEb success
[2025-11-05T06:35:17.065388000Z DEBUG solana_runtime::message_processor::stable_log] Program 11111111111111111111111111111111 invoke [2]
[2025-11-05T06:35:17.065395000Z DEBUG solana_runtime::message_processor::stable_log] Program 11111111111111111111111111111111 success
[2025-11-05T06:35:17.065422000Z DEBUG solana_runtime::message_processor::stable_log] Program TokenzQdBNbLqP5VEhdkAS6EPFLC1PHnBqCXEpPxuEb invoke [2]
[2025-11-05T06:35:17.065446000Z DEBUG solana_runtime::message_processor::stable_log] Program log: Instruction: InitializeAccount3
[2025-11-05T06:35:17.065518000Z DEBUG solana_runtime::message_processor::stable_log] Program TokenzQdBNbLqP5VEhdkAS6EPFLC1PHnBqCXEpPxuEb consumed 5137 of 312347 compute units
[2025-11-05T06:35:17.065528000Z DEBUG solana_runtime::message_processor::stable_log] Program TokenzQdBNbLqP5VEhdkAS6EPFLC1PHnBqCXEpPxuEb success
[2025-11-05T06:35:17.065635000Z DEBUG solana_runtime::message_processor::stable_log] Program 11111111111111111111111111111111 invoke [2]
[2025-11-05T06:35:17.065640000Z DEBUG solana_runtime::message_processor::stable_log] Program 11111111111111111111111111111111 success
[2025-11-05T06:35:17.065704000Z DEBUG solana_runtime::message_processor::stable_log] Program 11111111111111111111111111111111 invoke [2]
[2025-11-05T06:35:17.065710000Z DEBUG solana_runtime::message_processor::stable_log] Program 11111111111111111111111111111111 success
[2025-11-05T06:35:17.065775000Z DEBUG solana_runtime::message_processor::stable_log] Program 11111111111111111111111111111111 invoke [2]
[2025-11-05T06:35:17.065778000Z DEBUG solana_runtime::message_processor::stable_log] Program 11111111111111111111111111111111 success
[2025-11-05T06:35:17.065804000Z DEBUG solana_runtime::message_processor::stable_log] Program TokenkegQfeZyiNwAJbNbGKPFXCWuBvf9Ss623VQ5DA invoke [2]
[2025-11-05T06:35:17.065832000Z DEBUG solana_runtime::message_processor::stable_log] Program log: Instruction: InitializeAccount3
[2025-11-05T06:35:17.065901000Z DEBUG solana_runtime::message_processor::stable_log] Program TokenkegQfeZyiNwAJbNbGKPFXCWuBvf9Ss623VQ5DA consumed 4214 of 285744 compute units
[2025-11-05T06:35:17.065934000Z DEBUG solana_runtime::message_processor::stable_log] Program TokenkegQfeZyiNwAJbNbGKPFXCWuBvf9Ss623VQ5DA success
[2025-11-05T06:35:17.066041000Z DEBUG solana_runtime::message_processor::stable_log] Program 11111111111111111111111111111111 invoke [2]
[2025-11-05T06:35:17.066048000Z DEBUG solana_runtime::message_processor::stable_log] Program 11111111111111111111111111111111 success
[2025-11-05T06:35:17.066076000Z DEBUG solana_runtime::message_processor::stable_log] Program TokenkegQfeZyiNwAJbNbGKPFXCWuBvf9Ss623VQ5DA invoke [2]
[2025-11-05T06:35:17.066106000Z DEBUG solana_runtime::message_processor::stable_log] Program log: Instruction: InitializeAccount3
[2025-11-05T06:35:17.066333000Z DEBUG solana_runtime::message_processor::stable_log] Program TokenkegQfeZyiNwAJbNbGKPFXCWuBvf9Ss623VQ5DA consumed 4214 of 272605 compute units
[2025-11-05T06:35:17.066345000Z DEBUG solana_runtime::message_processor::stable_log] Program TokenkegQfeZyiNwAJbNbGKPFXCWuBvf9Ss623VQ5DA success
[2025-11-05T06:35:17.066570000Z DEBUG solana_runtime::message_processor::stable_log] Program TokenzQdBNbLqP5VEhdkAS6EPFLC1PHnBqCXEpPxuEb invoke [2]
[2025-11-05T06:35:17.066645000Z DEBUG solana_runtime::message_processor::stable_log] Program log: TokenMetadataInstruction: Initialize
[2025-11-05T06:35:17.066813000Z DEBUG solana_runtime::message_processor::stable_log] Program TokenzQdBNbLqP5VEhdkAS6EPFLC1PHnBqCXEpPxuEb consumed 9900 of 256103 compute units
[2025-11-05T06:35:17.066832000Z DEBUG solana_runtime::message_processor::stable_log] Program TokenzQdBNbLqP5VEhdkAS6EPFLC1PHnBqCXEpPxuEb success
[2025-11-05T06:35:17.066884000Z DEBUG solana_runtime::message_processor::stable_log] Program 11111111111111111111111111111111 invoke [2]
[2025-11-05T06:35:17.066890000Z DEBUG solana_runtime::message_processor::stable_log] Program 11111111111111111111111111111111 success
[2025-11-05T06:35:17.066931000Z DEBUG solana_runtime::message_processor::stable_log] Program TokenzQdBNbLqP5VEhdkAS6EPFLC1PHnBqCXEpPxuEb invoke [2]
[2025-11-05T06:35:17.066963000Z DEBUG solana_runtime::message_processor::stable_log] Program log: Instruction: MintTo
[2025-11-05T06:35:17.067039000Z DEBUG solana_runtime::message_processor::stable_log] Program TokenzQdBNbLqP5VEhdkAS6EPFLC1PHnBqCXEpPxuEb consumed 5540 of 241141 compute units
[2025-11-05T06:35:17.067053000Z DEBUG solana_runtime::message_processor::stable_log] Program TokenzQdBNbLqP5VEhdkAS6EPFLC1PHnBqCXEpPxuEb success
[2025-11-05T06:35:17.067102000Z DEBUG solana_runtime::message_processor::stable_log] Program ASmKWt93JEMHxbdE6j7znD9y2FcdPboCzC3xtSTJvN7S invoke [2]
[2025-11-05T06:35:17.067136000Z DEBUG solana_runtime::message_processor::stable_log] Program ASmKWt93JEMHxbdE6j7znD9y2FcdPboCzC3xtSTJvN7S consumed 2069 of 232536 compute units
[2025-11-05T06:35:17.067162000Z DEBUG solana_runtime::message_processor::stable_log] Program ASmKWt93JEMHxbdE6j7znD9y2FcdPboCzC3xtSTJvN7S success
[2025-11-05T06:35:17.067210000Z DEBUG solana_runtime::message_processor::stable_log] Program TokenkegQfeZyiNwAJbNbGKPFXCWuBvf9Ss623VQ5DA invoke [2]
[2025-11-05T06:35:17.067245000Z DEBUG solana_runtime::message_processor::stable_log] Program log: Instruction: TransferChecked
[2025-11-05T06:35:17.067318000Z DEBUG solana_runtime::message_processor::stable_log] Program TokenkegQfeZyiNwAJbNbGKPFXCWuBvf9Ss623VQ5DA consumed 6174 of 227923 compute units
[2025-11-05T06:35:17.067328000Z DEBUG solana_runtime::message_processor::stable_log] Program TokenkegQfeZyiNwAJbNbGKPFXCWuBvf9Ss623VQ5DA success
[2025-11-05T06:35:17.067367000Z DEBUG solana_runtime::message_processor::stable_log] Program TokenkegQfeZyiNwAJbNbGKPFXCWuBvf9Ss623VQ5DA invoke [2]
[2025-11-05T06:35:17.067396000Z DEBUG solana_runtime::message_processor::stable_log] Program log: Instruction: TransferChecked
[2025-11-05T06:35:17.067467000Z DEBUG solana_runtime::message_processor::stable_log] Program TokenkegQfeZyiNwAJbNbGKPFXCWuBvf9Ss623VQ5DA consumed 6174 of 219339 compute units
[2025-11-05T06:35:17.067477000Z DEBUG solana_runtime::message_processor::stable_log] Program TokenkegQfeZyiNwAJbNbGKPFXCWuBvf9Ss623VQ5DA success
[2025-11-05T06:35:17.067552000Z DEBUG solana_runtime::message_processor::stable_log] Program ASmKWt93JEMHxbdE6j7znD9y2FcdPboCzC3xtSTJvN7S invoke [2]
[2025-11-05T06:35:17.067584000Z DEBUG solana_runtime::message_processor::stable_log] Program ASmKWt93JEMHxbdE6j7znD9y2FcdPboCzC3xtSTJvN7S consumed 2069 of 208084 compute units
[2025-11-05T06:35:17.067594000Z DEBUG solana_runtime::message_processor::stable_log] Program ASmKWt93JEMHxbdE6j7znD9y2FcdPboCzC3xtSTJvN7S success
[2025-11-05T06:35:17.067619000Z DEBUG solana_runtime::message_processor::stable_log] Program ASmKWt93JEMHxbdE6j7znD9y2FcdPboCzC3xtSTJvN7S consumed 144779 of 350000 compute units
[2025-11-05T06:35:17.067630000Z DEBUG solana_runtime::message_processor::stable_log] Program ASmKWt93JEMHxbdE6j7znD9y2FcdPboCzC3xtSTJvN7S success
[2025-11-05T06:35:17.067638000Z DEBUG solana_runtime::message_processor::stable_log] Program ComputeBudget111111111111111111111111111111 invoke [1]
[2025-11-05T06:35:17.067645000Z DEBUG solana_runtime::message_processor::stable_log] Program ComputeBudget111111111111111111111111111111 success
[2025-11-05T06:35:17.089213000Z DEBUG solana_runtime::message_processor::stable_log] Program 5B57SJ3g2YoNXUpsZqqjEQkRSxyKtVTQRXdgAirz6bio invoke [1]
[2025-11-05T06:35:17.089340000Z DEBUG solana_runtime::message_processor::stable_log] Program log: Instruction: InitializeHonoraryPosition
[2025-11-05T06:35:17.089500000Z DEBUG solana_runtime::message_processor::stable_log] Program 11111111111111111111111111111111 invoke [2]
[2025-11-05T06:35:17.089523000Z DEBUG solana_runtime::message_processor::stable_log] Program 11111111111111111111111111111111 success
[2025-11-05T06:35:17.089634000Z DEBUG solana_runtime::message_processor::stable_log] Program 11111111111111111111111111111111 invoke [2]
[2025-11-05T06:35:17.089638000Z DEBUG solana_runtime::message_processor::stable_log] Program 11111111111111111111111111111111 success
[2025-11-05T06:35:17.089666000Z DEBUG solana_runtime::message_processor::stable_log] Program TokenkegQfeZyiNwAJbNbGKPFXCWuBvf9Ss623VQ5DA invoke [2]
[2025-11-05T06:35:17.089702000Z DEBUG solana_runtime::message_processor::stable_log] Program log: Instruction: InitializeAccount3
[2025-11-05T06:35:17.089762000Z DEBUG solana_runtime::message_processor::stable_log] Program TokenkegQfeZyiNwAJbNbGKPFXCWuBvf9Ss623VQ5DA consumed 4214 of 169612 compute units
[2025-11-05T06:35:17.089775000Z DEBUG solana_runtime::message_processor::stable_log] Program TokenkegQfeZyiNwAJbNbGKPFXCWuBvf9Ss623VQ5DA success
[2025-11-05T06:35:17.089867000Z DEBUG solana_runtime::message_processor::stable_log] Program 11111111111111111111111111111111 invoke [2]
[2025-11-05T06:35:17.089872000Z DEBUG solana_runtime::message_processor::stable_log] Program 11111111111111111111111111111111 success
[2025-11-05T06:35:17.089898000Z DEBUG solana_runtime::message_processor::stable_log] Program TokenkegQfeZyiNwAJbNbGKPFXCWuBvf9Ss623VQ5DA invoke [2]
[2025-11-05T06:35:17.089926000Z DEBUG solana_runtime::message_processor::stable_log] Program log: Instruction: InitializeAccount3
[2025-11-05T06:35:17.089976000Z DEBUG solana_runtime::message_processor::stable_log] Program TokenkegQfeZyiNwAJbNbGKPFXCWuBvf9Ss623VQ5DA consumed 4214 of 156476 compute units
[2025-11-05T06:35:17.089984000Z DEBUG solana_runtime::message_processor::stable_log] Program TokenkegQfeZyiNwAJbNbGKPFXCWuBvf9Ss623VQ5DA success
[2025-11-05T06:35:17.090037000Z DEBUG solana_runtime::message_processor::stable_log] Program log: Creating honorary position through CP-AMM CPI
[2025-11-05T06:35:17.090127000Z DEBUG solana_runtime::message_processor::stable_log] Program ASmKWt93JEMHxbdE6j7znD9y2FcdPboCzC3xtSTJvN7S invoke [2]
[2025-11-05T06:35:17.090202000Z DEBUG solana_runtime::message_processor::stable_log] Program log: Instruction: CreatePosition
[2025-11-05T06:35:17.090274000Z DEBUG solana_runtime::message_processor::stable_log] Program 11111111111111111111111111111111 invoke [3]
[2025-11-05T06:35:17.090278000Z DEBUG solana_runtime::message_processor::stable_log] Program 11111111111111111111111111111111 success
[2025-11-05T06:35:17.090309000Z DEBUG solana_runtime::message_processor::stable_log] Program TokenzQdBNbLqP5VEhdkAS6EPFLC1PHnBqCXEpPxuEb invoke [3]
[2025-11-05T06:35:17.090338000Z DEBUG solana_runtime::message_processor::stable_log] Program log: MetadataPointerInstruction::Initialize
[2025-11-05T06:35:17.090377000Z DEBUG solana_runtime::message_processor::stable_log] Program TokenzQdBNbLqP5VEhdkAS6EPFLC1PHnBqCXEpPxuEb consumed 2442 of 131170 compute units
[2025-11-05T06:35:17.090388000Z DEBUG solana_runtime::message_processor::stable_log] Program TokenzQdBNbLqP5VEhdkAS6EPFLC1PHnBqCXEpPxuEb success
[2025-11-05T06:35:17.090417000Z DEBUG solana_runtime::message_processor::stable_log] Program TokenzQdBNbLqP5VEhdkAS6EPFLC1PHnBqCXEpPxuEb invoke [3]
[2025-11-05T06:35:17.090440000Z DEBUG solana_runtime::message_processor::stable_log] Program log: Instruction: InitializeMintCloseAuthority
[2025-11-05T06:35:17.090471000Z DEBUG solana_runtime::message_processor::stable_log] Program TokenzQdBNbLqP5VEhdkAS6EPFLC1PHnBqCXEpPxuEb consumed 2570 of 126750 compute units
[2025-11-05T06:35:17.090478000Z DEBUG solana_runtime::message_processor::stable_log] Program TokenzQdBNbLqP5VEhdkAS6EPFLC1PHnBqCXEpPxuEb success
[2025-11-05T06:35:17.090507000Z DEBUG solana_runtime::message_processor::stable_log] Program TokenzQdBNbLqP5VEhdkAS6EPFLC1PHnBqCXEpPxuEb invoke [3]
[2025-11-05T06:35:17.090529000Z DEBUG solana_runtime::message_processor::stable_log] Program log: Instruction: InitializeMint2
[2025-11-05T06:35:17.090586000Z DEBUG solana_runtime::message_processor::stable_log] Program TokenzQdBNbLqP5VEhdkAS6EPFLC1PHnBqCXEpPxuEb consumed 4078 of 122237 compute units
[2025-11-05T06:35:17.090593000Z DEBUG solana_runtime::message_processor::stable_log] Program TokenzQdBNbLqP5VEhdkAS6EPFLC1PHnBqCXEpPxuEb success
[2025-11-05T06:35:17.090706000Z DEBUG solana_runtime::message_processor::stable_log] Program 11111111111111111111111111111111 invoke [3]
[2025-11-05T06:35:17.090709000Z DEBUG solana_runtime::message_processor::stable_log] Program 11111111111111111111111111111111 success
[2025-11-05T06:35:17.090736000Z DEBUG solana_runtime::message_processor::stable_log] Program TokenzQdBNbLqP5VEhdkAS6EPFLC1PHnBqCXEpPxuEb invoke [3]
[2025-11-05T06:35:17.090759000Z DEBUG solana_runtime::message_processor::stable_log] Program log: Instruction: InitializeAccount3
[2025-11-05T06:35:17.090841000Z DEBUG solana_runtime::message_processor::stable_log] Program TokenzQdBNbLqP5VEhdkAS6EPFLC1PHnBqCXEpPxuEb consumed 5137 of 108553 compute units
[2025-11-05T06:35:17.090850000Z DEBUG solana_runtime::message_processor::stable_log] Program TokenzQdBNbLqP5VEhdkAS6EPFLC1PHnBqCXEpPxuEb success
[2025-11-05T06:35:17.090973000Z DEBUG solana_runtime::message_processor::stable_log] Program 11111111111111111111111111111111 invoke [3]
[2025-11-05T06:35:17.090976000Z DEBUG solana_runtime::message_processor::stable_log] Program 11111111111111111111111111111111 success
[2025-11-05T06:35:17.091071000Z DEBUG solana_runtime::message_processor::stable_log] Program TokenzQdBNbLqP5VEhdkAS6EPFLC1PHnBqCXEpPxuEb invoke [3]
[2025-11-05T06:35:17.091120000Z DEBUG solana_runtime::message_processor::stable_log] Program log: TokenMetadataInstruction: Initialize
[2025-11-05T06:35:17.091240000Z DEBUG solana_runtime::message_processor::stable_log] Program TokenzQdBNbLqP5VEhdkAS6EPFLC1PHnBqCXEpPxuEb consumed 9900 of 82823 compute units
[2025-11-05T06:35:17.091248000Z DEBUG solana_runtime::message_processor::stable_log] Program TokenzQdBNbLqP5VEhdkAS6EPFLC1PHnBqCXEpPxuEb success
[2025-11-05T06:35:17.091287000Z DEBUG solana_runtime::message_processor::stable_log] Program 11111111111111111111111111111111 invoke [3]
[2025-11-05T06:35:17.091290000Z DEBUG solana_runtime::message_processor::stable_log] Program 11111111111111111111111111111111 success
[2025-11-05T06:35:17.091329000Z DEBUG solana_runtime::message_processor::stable_log] Program TokenzQdBNbLqP5VEhdkAS6EPFLC1PHnBqCXEpPxuEb invoke [3]
[2025-11-05T06:35:17.091369000Z DEBUG solana_runtime::message_processor::stable_log] Program log: Instruction: MintTo
[2025-11-05T06:35:17.091440000Z DEBUG solana_runtime::message_processor::stable_log] Program TokenzQdBNbLqP5VEhdkAS6EPFLC1PHnBqCXEpPxuEb consumed 5540 of 67861 compute units
[2025-11-05T06:35:17.091448000Z DEBUG solana_runtime::message_processor::stable_log] Program TokenzQdBNbLqP5VEhdkAS6EPFLC1PHnBqCXEpPxuEb success
[2025-11-05T06:35:17.091496000Z DEBUG solana_runtime::message_processor::stable_log] Program ASmKWt93JEMHxbdE6j7znD9y2FcdPboCzC3xtSTJvN7S invoke [3]
[2025-11-05T06:35:17.091526000Z DEBUG solana_runtime::message_processor::stable_log] Program ASmKWt93JEMHxbdE6j7znD9y2FcdPboCzC3xtSTJvN7S consumed 2069 of 59255 compute units
[2025-11-05T06:35:17.091534000Z DEBUG solana_runtime::message_processor::stable_log] Program ASmKWt93JEMHxbdE6j7znD9y2FcdPboCzC3xtSTJvN7S success
[2025-11-05T06:35:17.091552000Z DEBUG solana_runtime::message_processor::stable_log] Program ASmKWt93JEMHxbdE6j7znD9y2FcdPboCzC3xtSTJvN7S consumed 83600 of 140214 compute units
[2025-11-05T06:35:17.091561000Z DEBUG solana_runtime::message_processor::stable_log] Program ASmKWt93JEMHxbdE6j7znD9y2FcdPboCzC3xtSTJvN7S success
[2025-11-05T06:35:17.091585000Z DEBUG solana_runtime::message_processor::stable_log] Program data: B9TwvmYpSymx7CKU/b1e7rbmIGOpOIeZn+lyVW0svjgSCOGrIajSWUhhFzVzQWMh4EQ8uMzNNpdghiAMLT9oo/yNi02qpXp64+gd3q3ZihKSonKDFXs0Pos4Q6HgnrUkgeu0RyytwJFB1IzLhBe710B2QXT7XZBu9w7/9Kgu2BONqyX4nZU8Vppg4+3KILZYXDwL+LOt0795QFPwBDzKKRe9zkL14CnOJPAKaQAAAAA=
[2025-11-05T06:35:17.091603000Z DEBUG solana_runtime::message_processor::stable_log] Program 5B57SJ3g2YoNXUpsZqqjEQkRSxyKtVTQRXdgAirz6bio consumed 145480 of 200000 compute units
[2025-11-05T06:35:17.091614000Z DEBUG solana_runtime::message_processor::stable_log] Program 5B57SJ3g2YoNXUpsZqqjEQkRSxyKtVTQRXdgAirz6bio success
      ✔ Should successfully initialize honorary position with quote-only pool (collectFeeMode = 1) (65ms)
[2025-11-05T06:35:17.094770000Z INFO  solana_program_test] "cp_amm" SBF program from ./target/deploy/cp_amm.so, modified 24 minutes, 24 seconds, 442 ms, 86 µs and 203 ns ago
[2025-11-05T06:35:17.094932000Z INFO  solana_program_test] "fee_router" SBF program from ./target/deploy/fee_router.so, modified 27 seconds, 179 ms, 191 µs and 331 ns ago
[2025-11-05T06:35:17.095066000Z INFO  solana_program_test] "transfer_hook_counter" SBF program from tests/fixtures/transfer_hook_counter.so, modified 3 weeks, 22 hours, 58 minutes, 51 seconds, 920 ms, 666 µs and 196 ns ago
[2025-11-05T06:35:17.095287000Z INFO  solana_program_test] "alpha_vault" SBF program from tests/fixtures/alpha_vault.so, modified 3 weeks, 22 hours, 58 minutes, 51 seconds, 921 ms, 574 µs and 72 ns ago
[2025-11-05T06:35:17.095550000Z INFO  solana_program_test] "streamflow" SBF program from tests/fixtures/streamflow.so, modified 3 weeks, 6 hours, 59 minutes, 1 second, 806 ms, 466 µs and 387 ns ago
[2025-11-05T06:35:17.095793000Z INFO  solana_program_test] "cp_amm" SBF program from ./target/deploy/cp_amm.so, modified 24 minutes, 24 seconds, 443 ms, 112 µs and 203 ns ago
[2025-11-05T06:35:17.095938000Z INFO  solana_program_test] "fee_router" SBF program from ./target/deploy/fee_router.so, modified 27 seconds, 180 ms, 198 µs and 331 ns ago
[2025-11-05T06:35:17.112825000Z INFO  solana_program_test] Overriding account at ASmKWt93JEMHxbdE6j7znD9y2FcdPboCzC3xtSTJvN7S
[2025-11-05T06:35:17.112839000Z INFO  solana_program_test] Overriding account at 5B57SJ3g2YoNXUpsZqqjEQkRSxyKtVTQRXdgAirz6bio
[2025-11-05T06:35:17.121864000Z DEBUG solana_runtime::message_processor::stable_log] Program 11111111111111111111111111111111 invoke [1]
[2025-11-05T06:35:17.121875000Z DEBUG solana_runtime::message_processor::stable_log] Program 11111111111111111111111111111111 success
[2025-11-05T06:35:17.125403000Z DEBUG solana_runtime::message_processor::stable_log] Program 11111111111111111111111111111111 invoke [1]
[2025-11-05T06:35:17.125412000Z DEBUG solana_runtime::message_processor::stable_log] Program 11111111111111111111111111111111 success
[2025-11-05T06:35:17.128764000Z DEBUG solana_runtime::message_processor::stable_log] Program 11111111111111111111111111111111 invoke [1]
[2025-11-05T06:35:17.128772000Z DEBUG solana_runtime::message_processor::stable_log] Program 11111111111111111111111111111111 success
[2025-11-05T06:35:17.136292000Z DEBUG solana_runtime::message_processor::stable_log] Program 11111111111111111111111111111111 invoke [1]
[2025-11-05T06:35:17.136307000Z DEBUG solana_runtime::message_processor::stable_log] Program 11111111111111111111111111111111 success
[2025-11-05T06:35:17.136315000Z DEBUG solana_runtime::message_processor::stable_log] Program TokenkegQfeZyiNwAJbNbGKPFXCWuBvf9Ss623VQ5DA invoke [1]
[2025-11-05T06:35:17.136364000Z DEBUG solana_runtime::message_processor::stable_log] Program log: Instruction: InitializeMint2
[2025-11-05T06:35:17.136399000Z DEBUG solana_runtime::message_processor::stable_log] Program TokenkegQfeZyiNwAJbNbGKPFXCWuBvf9Ss623VQ5DA consumed 2779 of 399850 compute units
[2025-11-05T06:35:17.136408000Z DEBUG solana_runtime::message_processor::stable_log] Program TokenkegQfeZyiNwAJbNbGKPFXCWuBvf9Ss623VQ5DA success
[2025-11-05T06:35:17.142942000Z DEBUG solana_runtime::message_processor::stable_log] Program 11111111111111111111111111111111 invoke [1]
[2025-11-05T06:35:17.142958000Z DEBUG solana_runtime::message_processor::stable_log] Program 11111111111111111111111111111111 success
[2025-11-05T06:35:17.142963000Z DEBUG solana_runtime::message_processor::stable_log] Program TokenkegQfeZyiNwAJbNbGKPFXCWuBvf9Ss623VQ5DA invoke [1]
[2025-11-05T06:35:17.143018000Z DEBUG solana_runtime::message_processor::stable_log] Program log: Instruction: InitializeMint2
[2025-11-05T06:35:17.143053000Z DEBUG solana_runtime::message_processor::stable_log] Program TokenkegQfeZyiNwAJbNbGKPFXCWuBvf9Ss623VQ5DA consumed 2779 of 399850 compute units
[2025-11-05T06:35:17.143063000Z DEBUG solana_runtime::message_processor::stable_log] Program TokenkegQfeZyiNwAJbNbGKPFXCWuBvf9Ss623VQ5DA success
[2025-11-05T06:35:17.148349000Z DEBUG solana_runtime::message_processor::stable_log] Program ATokenGPvbdGVxr1b2hvZbsiqW5xWH25efTNsLJA8knL invoke [1]
[2025-11-05T06:35:17.148430000Z DEBUG solana_runtime::message_processor::stable_log] Program log: Create
[2025-11-05T06:35:17.148485000Z DEBUG solana_runtime::message_processor::stable_log] Program TokenkegQfeZyiNwAJbNbGKPFXCWuBvf9Ss623VQ5DA invoke [2]
[2025-11-05T06:35:17.148518000Z DEBUG solana_runtime::message_processor::stable_log] Program log: Instruction: GetAccountDataSize
[2025-11-05T06:35:17.148535000Z DEBUG solana_runtime::message_processor::stable_log] Program TokenkegQfeZyiNwAJbNbGKPFXCWuBvf9Ss623VQ5DA consumed 1595 of 193055 compute units
[2025-11-05T06:35:17.148543000Z DEBUG solana_runtime::message_processor::stable_log] Program return: TokenkegQfeZyiNwAJbNbGKPFXCWuBvf9Ss623VQ5DA pQAAAAAAAAA=
[2025-11-05T06:35:17.148551000Z DEBUG solana_runtime::message_processor::stable_log] Program TokenkegQfeZyiNwAJbNbGKPFXCWuBvf9Ss623VQ5DA success
[2025-11-05T06:35:17.148604000Z DEBUG solana_runtime::message_processor::stable_log] Program 11111111111111111111111111111111 invoke [2]
[2025-11-05T06:35:17.148612000Z DEBUG solana_runtime::message_processor::stable_log] Program 11111111111111111111111111111111 success
[2025-11-05T06:35:17.148617000Z DEBUG solana_runtime::message_processor::stable_log] Program log: Initialize the associated token account
[2025-11-05T06:35:17.148635000Z DEBUG solana_runtime::message_processor::stable_log] Program TokenkegQfeZyiNwAJbNbGKPFXCWuBvf9Ss623VQ5DA invoke [2]
[2025-11-05T06:35:17.148656000Z DEBUG solana_runtime::message_processor::stable_log] Program log: Instruction: InitializeImmutableOwner
[2025-11-05T06:35:17.148667000Z DEBUG solana_runtime::message_processor::stable_log] Program log: Please upgrade to SPL Token 2022 for immutable owner support
[2025-11-05T06:35:17.148670000Z DEBUG solana_runtime::message_processor::stable_log] Program TokenkegQfeZyiNwAJbNbGKPFXCWuBvf9Ss623VQ5DA consumed 1405 of 186442 compute units
[2025-11-05T06:35:17.148678000Z DEBUG solana_runtime::message_processor::stable_log] Program TokenkegQfeZyiNwAJbNbGKPFXCWuBvf9Ss623VQ5DA success
[2025-11-05T06:35:17.148711000Z DEBUG solana_runtime::message_processor::stable_log] Program TokenkegQfeZyiNwAJbNbGKPFXCWuBvf9Ss623VQ5DA invoke [2]
[2025-11-05T06:35:17.148737000Z DEBUG solana_runtime::message_processor::stable_log] Program log: Instruction: InitializeAccount3
[2025-11-05T06:35:17.148794000Z DEBUG solana_runtime::message_processor::stable_log] Program TokenkegQfeZyiNwAJbNbGKPFXCWuBvf9Ss623VQ5DA consumed 4214 of 182558 compute units
[2025-11-05T06:35:17.148802000Z DEBUG solana_runtime::message_processor::stable_log] Program TokenkegQfeZyiNwAJbNbGKPFXCWuBvf9Ss623VQ5DA success
[2025-11-05T06:35:17.148815000Z DEBUG solana_runtime::message_processor::stable_log] Program ATokenGPvbdGVxr1b2hvZbsiqW5xWH25efTNsLJA8knL consumed 21960 of 200000 compute units
[2025-11-05T06:35:17.148824000Z DEBUG solana_runtime::message_processor::stable_log] Program ATokenGPvbdGVxr1b2hvZbsiqW5xWH25efTNsLJA8knL success
[2025-11-05T06:35:17.152148000Z DEBUG solana_runtime::message_processor::stable_log] Program TokenkegQfeZyiNwAJbNbGKPFXCWuBvf9Ss623VQ5DA invoke [1]
[2025-11-05T06:35:17.152198000Z DEBUG solana_runtime::message_processor::stable_log] Program log: Instruction: MintTo
[2025-11-05T06:35:17.152255000Z DEBUG solana_runtime::message_processor::stable_log] Program TokenkegQfeZyiNwAJbNbGKPFXCWuBvf9Ss623VQ5DA consumed 4491 of 200000 compute units
[2025-11-05T06:35:17.152264000Z DEBUG solana_runtime::message_processor::stable_log] Program TokenkegQfeZyiNwAJbNbGKPFXCWuBvf9Ss623VQ5DA success
[2025-11-05T06:35:17.158006000Z DEBUG solana_runtime::message_processor::stable_log] Program ATokenGPvbdGVxr1b2hvZbsiqW5xWH25efTNsLJA8knL invoke [1]
[2025-11-05T06:35:17.158083000Z DEBUG solana_runtime::message_processor::stable_log] Program log: Create
[2025-11-05T06:35:17.158183000Z DEBUG solana_runtime::message_processor::stable_log] Program TokenkegQfeZyiNwAJbNbGKPFXCWuBvf9Ss623VQ5DA invoke [2]
[2025-11-05T06:35:17.158221000Z DEBUG solana_runtime::message_processor::stable_log] Program log: Instruction: GetAccountDataSize
[2025-11-05T06:35:17.158238000Z DEBUG solana_runtime::message_processor::stable_log] Program TokenkegQfeZyiNwAJbNbGKPFXCWuBvf9Ss623VQ5DA consumed 1595 of 190055 compute units
[2025-11-05T06:35:17.158247000Z DEBUG solana_runtime::message_processor::stable_log] Program return: TokenkegQfeZyiNwAJbNbGKPFXCWuBvf9Ss623VQ5DA pQAAAAAAAAA=
[2025-11-05T06:35:17.158256000Z DEBUG solana_runtime::message_processor::stable_log] Program TokenkegQfeZyiNwAJbNbGKPFXCWuBvf9Ss623VQ5DA success
[2025-11-05T06:35:17.158310000Z DEBUG solana_runtime::message_processor::stable_log] Program 11111111111111111111111111111111 invoke [2]
[2025-11-05T06:35:17.158318000Z DEBUG solana_runtime::message_processor::stable_log] Program 11111111111111111111111111111111 success
[2025-11-05T06:35:17.158323000Z DEBUG solana_runtime::message_processor::stable_log] Program log: Initialize the associated token account
[2025-11-05T06:35:17.158341000Z DEBUG solana_runtime::message_processor::stable_log] Program TokenkegQfeZyiNwAJbNbGKPFXCWuBvf9Ss623VQ5DA invoke [2]
[2025-11-05T06:35:17.158363000Z DEBUG solana_runtime::message_processor::stable_log] Program log: Instruction: InitializeImmutableOwner
[2025-11-05T06:35:17.158374000Z DEBUG solana_runtime::message_processor::stable_log] Program log: Please upgrade to SPL Token 2022 for immutable owner support
[2025-11-05T06:35:17.158377000Z DEBUG solana_runtime::message_processor::stable_log] Program TokenkegQfeZyiNwAJbNbGKPFXCWuBvf9Ss623VQ5DA consumed 1405 of 183442 compute units
[2025-11-05T06:35:17.158384000Z DEBUG solana_runtime::message_processor::stable_log] Program TokenkegQfeZyiNwAJbNbGKPFXCWuBvf9Ss623VQ5DA success
[2025-11-05T06:35:17.158417000Z DEBUG solana_runtime::message_processor::stable_log] Program TokenkegQfeZyiNwAJbNbGKPFXCWuBvf9Ss623VQ5DA invoke [2]
[2025-11-05T06:35:17.158444000Z DEBUG solana_runtime::message_processor::stable_log] Program log: Instruction: InitializeAccount3
[2025-11-05T06:35:17.158497000Z DEBUG solana_runtime::message_processor::stable_log] Program TokenkegQfeZyiNwAJbNbGKPFXCWuBvf9Ss623VQ5DA consumed 4214 of 179558 compute units
[2025-11-05T06:35:17.158504000Z DEBUG solana_runtime::message_processor::stable_log] Program TokenkegQfeZyiNwAJbNbGKPFXCWuBvf9Ss623VQ5DA success
[2025-11-05T06:35:17.158516000Z DEBUG solana_runtime::message_processor::stable_log] Program ATokenGPvbdGVxr1b2hvZbsiqW5xWH25efTNsLJA8knL consumed 24960 of 200000 compute units
[2025-11-05T06:35:17.158525000Z DEBUG solana_runtime::message_processor::stable_log] Program ATokenGPvbdGVxr1b2hvZbsiqW5xWH25efTNsLJA8knL success
[2025-11-05T06:35:17.161558000Z DEBUG solana_runtime::message_processor::stable_log] Program TokenkegQfeZyiNwAJbNbGKPFXCWuBvf9Ss623VQ5DA invoke [1]
[2025-11-05T06:35:17.161606000Z DEBUG solana_runtime::message_processor::stable_log] Program log: Instruction: MintTo
[2025-11-05T06:35:17.161667000Z DEBUG solana_runtime::message_processor::stable_log] Program TokenkegQfeZyiNwAJbNbGKPFXCWuBvf9Ss623VQ5DA consumed 4491 of 200000 compute units
[2025-11-05T06:35:17.161676000Z DEBUG solana_runtime::message_processor::stable_log] Program TokenkegQfeZyiNwAJbNbGKPFXCWuBvf9Ss623VQ5DA success
[2025-11-05T06:35:17.174132000Z DEBUG solana_runtime::message_processor::stable_log] Program ASmKWt93JEMHxbdE6j7znD9y2FcdPboCzC3xtSTJvN7S invoke [1]
[2025-11-05T06:35:17.174196000Z DEBUG solana_runtime::message_processor::stable_log] Program log: Instruction: CreateConfig
[2025-11-05T06:35:17.174281000Z DEBUG solana_runtime::message_processor::stable_log] Program 11111111111111111111111111111111 invoke [2]
[2025-11-05T06:35:17.174290000Z DEBUG solana_runtime::message_processor::stable_log] Program 11111111111111111111111111111111 success
[2025-11-05T06:35:17.174386000Z DEBUG solana_runtime::message_processor::stable_log] Program ASmKWt93JEMHxbdE6j7znD9y2FcdPboCzC3xtSTJvN7S invoke [2]
[2025-11-05T06:35:17.174422000Z DEBUG solana_runtime::message_processor::stable_log] Program ASmKWt93JEMHxbdE6j7znD9y2FcdPboCzC3xtSTJvN7S consumed 2069 of 186095 compute units
[2025-11-05T06:35:17.174431000Z DEBUG solana_runtime::message_processor::stable_log] Program ASmKWt93JEMHxbdE6j7znD9y2FcdPboCzC3xtSTJvN7S success
[2025-11-05T06:35:17.174446000Z DEBUG solana_runtime::message_processor::stable_log] Program ASmKWt93JEMHxbdE6j7znD9y2FcdPboCzC3xtSTJvN7S consumed 16279 of 200000 compute units
[2025-11-05T06:35:17.174457000Z DEBUG solana_runtime::message_processor::stable_log] Program ASmKWt93JEMHxbdE6j7znD9y2FcdPboCzC3xtSTJvN7S success
[2025-11-05T06:35:17.199103000Z DEBUG solana_runtime::message_processor::stable_log] Program ASmKWt93JEMHxbdE6j7znD9y2FcdPboCzC3xtSTJvN7S invoke [1]
[2025-11-05T06:35:17.199275000Z DEBUG solana_runtime::message_processor::stable_log] Program log: Instruction: InitializePool
[2025-11-05T06:35:17.199408000Z DEBUG solana_runtime::message_processor::stable_log] Program 11111111111111111111111111111111 invoke [2]
[2025-11-05T06:35:17.199417000Z DEBUG solana_runtime::message_processor::stable_log] Program 11111111111111111111111111111111 success
[2025-11-05T06:35:17.199450000Z DEBUG solana_runtime::message_processor::stable_log] Program TokenzQdBNbLqP5VEhdkAS6EPFLC1PHnBqCXEpPxuEb invoke [2]
[2025-11-05T06:35:17.199482000Z DEBUG solana_runtime::message_processor::stable_log] Program log: MetadataPointerInstruction::Initialize
[2025-11-05T06:35:17.199515000Z DEBUG solana_runtime::message_processor::stable_log] Program TokenzQdBNbLqP5VEhdkAS6EPFLC1PHnBqCXEpPxuEb consumed 2442 of 334963 compute units
[2025-11-05T06:35:17.199526000Z DEBUG solana_runtime::message_processor::stable_log] Program TokenzQdBNbLqP5VEhdkAS6EPFLC1PHnBqCXEpPxuEb success
[2025-11-05T06:35:17.199556000Z DEBUG solana_runtime::message_processor::stable_log] Program TokenzQdBNbLqP5VEhdkAS6EPFLC1PHnBqCXEpPxuEb invoke [2]
[2025-11-05T06:35:17.199582000Z DEBUG solana_runtime::message_processor::stable_log] Program log: Instruction: InitializeMintCloseAuthority
[2025-11-05T06:35:17.199613000Z DEBUG solana_runtime::message_processor::stable_log] Program TokenzQdBNbLqP5VEhdkAS6EPFLC1PHnBqCXEpPxuEb consumed 2570 of 330543 compute units
[2025-11-05T06:35:17.199620000Z DEBUG solana_runtime::message_processor::stable_log] Program TokenzQdBNbLqP5VEhdkAS6EPFLC1PHnBqCXEpPxuEb success
[2025-11-05T06:35:17.199650000Z DEBUG solana_runtime::message_processor::stable_log] Program TokenzQdBNbLqP5VEhdkAS6EPFLC1PHnBqCXEpPxuEb invoke [2]
[2025-11-05T06:35:17.199673000Z DEBUG solana_runtime::message_processor::stable_log] Program log: Instruction: InitializeMint2
[2025-11-05T06:35:17.199729000Z DEBUG solana_runtime::message_processor::stable_log] Program TokenzQdBNbLqP5VEhdkAS6EPFLC1PHnBqCXEpPxuEb consumed 4078 of 326031 compute units
[2025-11-05T06:35:17.199738000Z DEBUG solana_runtime::message_processor::stable_log] Program TokenzQdBNbLqP5VEhdkAS6EPFLC1PHnBqCXEpPxuEb success
[2025-11-05T06:35:17.199859000Z DEBUG solana_runtime::message_processor::stable_log] Program 11111111111111111111111111111111 invoke [2]
[2025-11-05T06:35:17.199867000Z DEBUG solana_runtime::message_processor::stable_log] Program 11111111111111111111111111111111 success
[2025-11-05T06:35:17.199893000Z DEBUG solana_runtime::message_processor::stable_log] Program TokenzQdBNbLqP5VEhdkAS6EPFLC1PHnBqCXEpPxuEb invoke [2]
[2025-11-05T06:35:17.199920000Z DEBUG solana_runtime::message_processor::stable_log] Program log: Instruction: InitializeAccount3
[2025-11-05T06:35:17.200008000Z DEBUG solana_runtime::message_processor::stable_log] Program TokenzQdBNbLqP5VEhdkAS6EPFLC1PHnBqCXEpPxuEb consumed 5137 of 310847 compute units
[2025-11-05T06:35:17.200021000Z DEBUG solana_runtime::message_processor::stable_log] Program TokenzQdBNbLqP5VEhdkAS6EPFLC1PHnBqCXEpPxuEb success
[2025-11-05T06:35:17.200146000Z DEBUG solana_runtime::message_processor::stable_log] Program 11111111111111111111111111111111 invoke [2]
[2025-11-05T06:35:17.200156000Z DEBUG solana_runtime::message_processor::stable_log] Program 11111111111111111111111111111111 success
[2025-11-05T06:35:17.200227000Z DEBUG solana_runtime::message_processor::stable_log] Program 11111111111111111111111111111111 invoke [2]
[2025-11-05T06:35:17.200231000Z DEBUG solana_runtime::message_processor::stable_log] Program 11111111111111111111111111111111 success
[2025-11-05T06:35:17.200303000Z DEBUG solana_runtime::message_processor::stable_log] Program 11111111111111111111111111111111 invoke [2]
[2025-11-05T06:35:17.200307000Z DEBUG solana_runtime::message_processor::stable_log] Program 11111111111111111111111111111111 success
[2025-11-05T06:35:17.200335000Z DEBUG solana_runtime::message_processor::stable_log] Program TokenkegQfeZyiNwAJbNbGKPFXCWuBvf9Ss623VQ5DA invoke [2]
[2025-11-05T06:35:17.200369000Z DEBUG solana_runtime::message_processor::stable_log] Program log: Instruction: InitializeAccount3
[2025-11-05T06:35:17.200455000Z DEBUG solana_runtime::message_processor::stable_log] Program TokenkegQfeZyiNwAJbNbGKPFXCWuBvf9Ss623VQ5DA consumed 4214 of 284244 compute units
[2025-11-05T06:35:17.200464000Z DEBUG solana_runtime::message_processor::stable_log] Program TokenkegQfeZyiNwAJbNbGKPFXCWuBvf9Ss623VQ5DA success
[2025-11-05T06:35:17.200572000Z DEBUG solana_runtime::message_processor::stable_log] Program 11111111111111111111111111111111 invoke [2]
[2025-11-05T06:35:17.200576000Z DEBUG solana_runtime::message_processor::stable_log] Program 11111111111111111111111111111111 success
[2025-11-05T06:35:17.200601000Z DEBUG solana_runtime::message_processor::stable_log] Program TokenkegQfeZyiNwAJbNbGKPFXCWuBvf9Ss623VQ5DA invoke [2]
[2025-11-05T06:35:17.200629000Z DEBUG solana_runtime::message_processor::stable_log] Program log: Instruction: InitializeAccount3
[2025-11-05T06:35:17.200680000Z DEBUG solana_runtime::message_processor::stable_log] Program TokenkegQfeZyiNwAJbNbGKPFXCWuBvf9Ss623VQ5DA consumed 4214 of 269605 compute units
[2025-11-05T06:35:17.200687000Z DEBUG solana_runtime::message_processor::stable_log] Program TokenkegQfeZyiNwAJbNbGKPFXCWuBvf9Ss623VQ5DA success
[2025-11-05T06:35:17.200897000Z DEBUG solana_runtime::message_processor::stable_log] Program TokenzQdBNbLqP5VEhdkAS6EPFLC1PHnBqCXEpPxuEb invoke [2]
[2025-11-05T06:35:17.200950000Z DEBUG solana_runtime::message_processor::stable_log] Program log: TokenMetadataInstruction: Initialize
[2025-11-05T06:35:17.201067000Z DEBUG solana_runtime::message_processor::stable_log] Program TokenzQdBNbLqP5VEhdkAS6EPFLC1PHnBqCXEpPxuEb consumed 9900 of 253103 compute units
[2025-11-05T06:35:17.201074000Z DEBUG solana_runtime::message_processor::stable_log] Program TokenzQdBNbLqP5VEhdkAS6EPFLC1PHnBqCXEpPxuEb success
[2025-11-05T06:35:17.201115000Z DEBUG solana_runtime::message_processor::stable_log] Program 11111111111111111111111111111111 invoke [2]
[2025-11-05T06:35:17.201118000Z DEBUG solana_runtime::message_processor::stable_log] Program 11111111111111111111111111111111 success
[2025-11-05T06:35:17.201159000Z DEBUG solana_runtime::message_processor::stable_log] Program TokenzQdBNbLqP5VEhdkAS6EPFLC1PHnBqCXEpPxuEb invoke [2]
[2025-11-05T06:35:17.201189000Z DEBUG solana_runtime::message_processor::stable_log] Program log: Instruction: MintTo
[2025-11-05T06:35:17.201257000Z DEBUG solana_runtime::message_processor::stable_log] Program TokenzQdBNbLqP5VEhdkAS6EPFLC1PHnBqCXEpPxuEb consumed 5540 of 238141 compute units
[2025-11-05T06:35:17.201265000Z DEBUG solana_runtime::message_processor::stable_log] Program TokenzQdBNbLqP5VEhdkAS6EPFLC1PHnBqCXEpPxuEb success
[2025-11-05T06:35:17.201313000Z DEBUG solana_runtime::message_processor::stable_log] Program ASmKWt93JEMHxbdE6j7znD9y2FcdPboCzC3xtSTJvN7S invoke [2]
[2025-11-05T06:35:17.201356000Z DEBUG solana_runtime::message_processor::stable_log] Program ASmKWt93JEMHxbdE6j7znD9y2FcdPboCzC3xtSTJvN7S consumed 2069 of 229536 compute units
[2025-11-05T06:35:17.201371000Z DEBUG solana_runtime::message_processor::stable_log] Program ASmKWt93JEMHxbdE6j7znD9y2FcdPboCzC3xtSTJvN7S success
[2025-11-05T06:35:17.201416000Z DEBUG solana_runtime::message_processor::stable_log] Program TokenkegQfeZyiNwAJbNbGKPFXCWuBvf9Ss623VQ5DA invoke [2]
[2025-11-05T06:35:17.201459000Z DEBUG solana_runtime::message_processor::stable_log] Program log: Instruction: TransferChecked
[2025-11-05T06:35:17.201530000Z DEBUG solana_runtime::message_processor::stable_log] Program TokenkegQfeZyiNwAJbNbGKPFXCWuBvf9Ss623VQ5DA consumed 6174 of 224923 compute units
[2025-11-05T06:35:17.201543000Z DEBUG solana_runtime::message_processor::stable_log] Program TokenkegQfeZyiNwAJbNbGKPFXCWuBvf9Ss623VQ5DA success
[2025-11-05T06:35:17.201582000Z DEBUG solana_runtime::message_processor::stable_log] Program TokenkegQfeZyiNwAJbNbGKPFXCWuBvf9Ss623VQ5DA invoke [2]
[2025-11-05T06:35:17.201615000Z DEBUG solana_runtime::message_processor::stable_log] Program log: Instruction: TransferChecked
[2025-11-05T06:35:17.201684000Z DEBUG solana_runtime::message_processor::stable_log] Program TokenkegQfeZyiNwAJbNbGKPFXCWuBvf9Ss623VQ5DA consumed 6174 of 216339 compute units
[2025-11-05T06:35:17.201696000Z DEBUG solana_runtime::message_processor::stable_log] Program TokenkegQfeZyiNwAJbNbGKPFXCWuBvf9Ss623VQ5DA success
[2025-11-05T06:35:17.201770000Z DEBUG solana_runtime::message_processor::stable_log] Program ASmKWt93JEMHxbdE6j7znD9y2FcdPboCzC3xtSTJvN7S invoke [2]
[2025-11-05T06:35:17.201804000Z DEBUG solana_runtime::message_processor::stable_log] Program ASmKWt93JEMHxbdE6j7znD9y2FcdPboCzC3xtSTJvN7S consumed 2069 of 205084 compute units
[2025-11-05T06:35:17.201814000Z DEBUG solana_runtime::message_processor::stable_log] Program ASmKWt93JEMHxbdE6j7znD9y2FcdPboCzC3xtSTJvN7S success
[2025-11-05T06:35:17.201838000Z DEBUG solana_runtime::message_processor::stable_log] Program ASmKWt93JEMHxbdE6j7znD9y2FcdPboCzC3xtSTJvN7S consumed 147779 of 350000 compute units
[2025-11-05T06:35:17.201850000Z DEBUG solana_runtime::message_processor::stable_log] Program ASmKWt93JEMHxbdE6j7znD9y2FcdPboCzC3xtSTJvN7S success
[2025-11-05T06:35:17.201857000Z DEBUG solana_runtime::message_processor::stable_log] Program ComputeBudget111111111111111111111111111111 invoke [1]
[2025-11-05T06:35:17.201864000Z DEBUG solana_runtime::message_processor::stable_log] Program ComputeBudget111111111111111111111111111111 success
[2025-11-05T06:35:17.221915000Z DEBUG solana_runtime::message_processor::stable_log] Program 5B57SJ3g2YoNXUpsZqqjEQkRSxyKtVTQRXdgAirz6bio invoke [1]
[2025-11-05T06:35:17.222037000Z DEBUG solana_runtime::message_processor::stable_log] Program log: Instruction: InitializeHonoraryPosition
[2025-11-05T06:35:17.222187000Z DEBUG solana_runtime::message_processor::stable_log] Program 11111111111111111111111111111111 invoke [2]
[2025-11-05T06:35:17.222195000Z DEBUG solana_runtime::message_processor::stable_log] Program 11111111111111111111111111111111 success
[2025-11-05T06:35:17.222275000Z DEBUG solana_runtime::message_processor::stable_log] Program 11111111111111111111111111111111 invoke [2]
[2025-11-05T06:35:17.222278000Z DEBUG solana_runtime::message_processor::stable_log] Program 11111111111111111111111111111111 success
[2025-11-05T06:35:17.222306000Z DEBUG solana_runtime::message_processor::stable_log] Program TokenkegQfeZyiNwAJbNbGKPFXCWuBvf9Ss623VQ5DA invoke [2]
[2025-11-05T06:35:17.222340000Z DEBUG solana_runtime::message_processor::stable_log] Program log: Instruction: InitializeAccount3
[2025-11-05T06:35:17.222399000Z DEBUG solana_runtime::message_processor::stable_log] Program TokenkegQfeZyiNwAJbNbGKPFXCWuBvf9Ss623VQ5DA consumed 4214 of 178612 compute units
[2025-11-05T06:35:17.222409000Z DEBUG solana_runtime::message_processor::stable_log] Program TokenkegQfeZyiNwAJbNbGKPFXCWuBvf9Ss623VQ5DA success
[2025-11-05T06:35:17.222521000Z DEBUG solana_runtime::message_processor::stable_log] Program 11111111111111111111111111111111 invoke [2]
[2025-11-05T06:35:17.222524000Z DEBUG solana_runtime::message_processor::stable_log] Program 11111111111111111111111111111111 success
[2025-11-05T06:35:17.222552000Z DEBUG solana_runtime::message_processor::stable_log] Program TokenkegQfeZyiNwAJbNbGKPFXCWuBvf9Ss623VQ5DA invoke [2]
[2025-11-05T06:35:17.222578000Z DEBUG solana_runtime::message_processor::stable_log] Program log: Instruction: InitializeAccount3
[2025-11-05T06:35:17.222629000Z DEBUG solana_runtime::message_processor::stable_log] Program TokenkegQfeZyiNwAJbNbGKPFXCWuBvf9Ss623VQ5DA consumed 4214 of 160976 compute units
[2025-11-05T06:35:17.222636000Z DEBUG solana_runtime::message_processor::stable_log] Program TokenkegQfeZyiNwAJbNbGKPFXCWuBvf9Ss623VQ5DA success
[2025-11-05T06:35:17.222702000Z DEBUG solana_runtime::message_processor::stable_log] Program log: Creating honorary position through CP-AMM CPI
[2025-11-05T06:35:17.222785000Z DEBUG solana_runtime::message_processor::stable_log] Program ASmKWt93JEMHxbdE6j7znD9y2FcdPboCzC3xtSTJvN7S invoke [2]
[2025-11-05T06:35:17.222853000Z DEBUG solana_runtime::message_processor::stable_log] Program log: Instruction: CreatePosition
[2025-11-05T06:35:17.222918000Z DEBUG solana_runtime::message_processor::stable_log] Program 11111111111111111111111111111111 invoke [3]
[2025-11-05T06:35:17.222926000Z DEBUG solana_runtime::message_processor::stable_log] Program 11111111111111111111111111111111 success
[2025-11-05T06:35:17.222956000Z DEBUG solana_runtime::message_processor::stable_log] Program TokenzQdBNbLqP5VEhdkAS6EPFLC1PHnBqCXEpPxuEb invoke [3]
[2025-11-05T06:35:17.222985000Z DEBUG solana_runtime::message_processor::stable_log] Program log: MetadataPointerInstruction::Initialize
[2025-11-05T06:35:17.223020000Z DEBUG solana_runtime::message_processor::stable_log] Program TokenzQdBNbLqP5VEhdkAS6EPFLC1PHnBqCXEpPxuEb consumed 2442 of 135670 compute units
[2025-11-05T06:35:17.223027000Z DEBUG solana_runtime::message_processor::stable_log] Program TokenzQdBNbLqP5VEhdkAS6EPFLC1PHnBqCXEpPxuEb success
[2025-11-05T06:35:17.223055000Z DEBUG solana_runtime::message_processor::stable_log] Program TokenzQdBNbLqP5VEhdkAS6EPFLC1PHnBqCXEpPxuEb invoke [3]
[2025-11-05T06:35:17.223074000Z DEBUG solana_runtime::message_processor::stable_log] Program log: Instruction: InitializeMintCloseAuthority
[2025-11-05T06:35:17.223105000Z DEBUG solana_runtime::message_processor::stable_log] Program TokenzQdBNbLqP5VEhdkAS6EPFLC1PHnBqCXEpPxuEb consumed 2570 of 131250 compute units
[2025-11-05T06:35:17.223112000Z DEBUG solana_runtime::message_processor::stable_log] Program TokenzQdBNbLqP5VEhdkAS6EPFLC1PHnBqCXEpPxuEb success
[2025-11-05T06:35:17.223140000Z DEBUG solana_runtime::message_processor::stable_log] Program TokenzQdBNbLqP5VEhdkAS6EPFLC1PHnBqCXEpPxuEb invoke [3]
[2025-11-05T06:35:17.223161000Z DEBUG solana_runtime::message_processor::stable_log] Program log: Instruction: InitializeMint2
[2025-11-05T06:35:17.223219000Z DEBUG solana_runtime::message_processor::stable_log] Program TokenzQdBNbLqP5VEhdkAS6EPFLC1PHnBqCXEpPxuEb consumed 4078 of 126737 compute units
[2025-11-05T06:35:17.223227000Z DEBUG solana_runtime::message_processor::stable_log] Program TokenzQdBNbLqP5VEhdkAS6EPFLC1PHnBqCXEpPxuEb success
[2025-11-05T06:35:17.223357000Z DEBUG solana_runtime::message_processor::stable_log] Program 11111111111111111111111111111111 invoke [3]
[2025-11-05T06:35:17.223363000Z DEBUG solana_runtime::message_processor::stable_log] Program 11111111111111111111111111111111 success
[2025-11-05T06:35:17.223389000Z DEBUG solana_runtime::message_processor::stable_log] Program TokenzQdBNbLqP5VEhdkAS6EPFLC1PHnBqCXEpPxuEb invoke [3]
[2025-11-05T06:35:17.223412000Z DEBUG solana_runtime::message_processor::stable_log] Program log: Instruction: InitializeAccount3
[2025-11-05T06:35:17.223484000Z DEBUG solana_runtime::message_processor::stable_log] Program TokenzQdBNbLqP5VEhdkAS6EPFLC1PHnBqCXEpPxuEb consumed 5137 of 111553 compute units
[2025-11-05T06:35:17.223492000Z DEBUG solana_runtime::message_processor::stable_log] Program TokenzQdBNbLqP5VEhdkAS6EPFLC1PHnBqCXEpPxuEb success
[2025-11-05T06:35:17.223590000Z DEBUG solana_runtime::message_processor::stable_log] Program 11111111111111111111111111111111 invoke [3]
[2025-11-05T06:35:17.223594000Z DEBUG solana_runtime::message_processor::stable_log] Program 11111111111111111111111111111111 success
[2025-11-05T06:35:17.223693000Z DEBUG solana_runtime::message_processor::stable_log] Program TokenzQdBNbLqP5VEhdkAS6EPFLC1PHnBqCXEpPxuEb invoke [3]
[2025-11-05T06:35:17.223740000Z DEBUG solana_runtime::message_processor::stable_log] Program log: TokenMetadataInstruction: Initialize
[2025-11-05T06:35:17.223859000Z DEBUG solana_runtime::message_processor::stable_log] Program TokenzQdBNbLqP5VEhdkAS6EPFLC1PHnBqCXEpPxuEb consumed 9900 of 91823 compute units
[2025-11-05T06:35:17.223869000Z DEBUG solana_runtime::message_processor::stable_log] Program TokenzQdBNbLqP5VEhdkAS6EPFLC1PHnBqCXEpPxuEb success
[2025-11-05T06:35:17.223908000Z DEBUG solana_runtime::message_processor::stable_log] Program 11111111111111111111111111111111 invoke [3]
[2025-11-05T06:35:17.223911000Z DEBUG solana_runtime::message_processor::stable_log] Program 11111111111111111111111111111111 success
[2025-11-05T06:35:17.223947000Z DEBUG solana_runtime::message_processor::stable_log] Program TokenzQdBNbLqP5VEhdkAS6EPFLC1PHnBqCXEpPxuEb invoke [3]
[2025-11-05T06:35:17.224009000Z DEBUG solana_runtime::message_processor::stable_log] Program log: Instruction: MintTo
[2025-11-05T06:35:17.224080000Z DEBUG solana_runtime::message_processor::stable_log] Program TokenzQdBNbLqP5VEhdkAS6EPFLC1PHnBqCXEpPxuEb consumed 5540 of 76861 compute units
[2025-11-05T06:35:17.224092000Z DEBUG solana_runtime::message_processor::stable_log] Program TokenzQdBNbLqP5VEhdkAS6EPFLC1PHnBqCXEpPxuEb success
[2025-11-05T06:35:17.224140000Z DEBUG solana_runtime::message_processor::stable_log] Program ASmKWt93JEMHxbdE6j7znD9y2FcdPboCzC3xtSTJvN7S invoke [3]
[2025-11-05T06:35:17.224172000Z DEBUG solana_runtime::message_processor::stable_log] Program ASmKWt93JEMHxbdE6j7znD9y2FcdPboCzC3xtSTJvN7S consumed 2069 of 68255 compute units
[2025-11-05T06:35:17.224180000Z DEBUG solana_runtime::message_processor::stable_log] Program ASmKWt93JEMHxbdE6j7znD9y2FcdPboCzC3xtSTJvN7S success
[2025-11-05T06:35:17.224199000Z DEBUG solana_runtime::message_processor::stable_log] Program ASmKWt93JEMHxbdE6j7znD9y2FcdPboCzC3xtSTJvN7S consumed 79100 of 144714 compute units
[2025-11-05T06:35:17.224208000Z DEBUG solana_runtime::message_processor::stable_log] Program ASmKWt93JEMHxbdE6j7znD9y2FcdPboCzC3xtSTJvN7S success
[2025-11-05T06:35:17.224232000Z DEBUG solana_runtime::message_processor::stable_log] Program data: B9TwvmYpSykv4DdCQ6cSPUTOSl+boOa07BuaQRpIu2+6mBMlJ3Vy5BgXIyaE3AkNxUk6NIgMqyw7mWxsRX9qIdxU1v1wFX42Jk+GSqNpY0o7pW9to/CTcV8FBHS0nan5au8NipOHzxKRVvwstC8BXtfWGNCQKOjnI0LBD5YFLC7CLYG+SAsd7snIip5VwfMnA1dJAsKEcTbRTAcTs7gR1jDTbT6QTJoJJfAKaQAAAAA=
[2025-11-05T06:35:17.224250000Z DEBUG solana_runtime::message_processor::stable_log] Program 5B57SJ3g2YoNXUpsZqqjEQkRSxyKtVTQRXdgAirz6bio consumed 136480 of 200000 compute units
[2025-11-05T06:35:17.224260000Z DEBUG solana_runtime::message_processor::stable_log] Program 5B57SJ3g2YoNXUpsZqqjEQkRSxyKtVTQRXdgAirz6bio success
      ✔ Should successfully initialize honorary position with quote-only pool (collectFeeMode = 1, flipped tokens) (65ms)
[2025-11-05T06:35:17.227383000Z INFO  solana_program_test] "cp_amm" SBF program from ./target/deploy/cp_amm.so, modified 24 minutes, 24 seconds, 574 ms, 699 µs and 203 ns ago
[2025-11-05T06:35:17.227554000Z INFO  solana_program_test] "fee_router" SBF program from ./target/deploy/fee_router.so, modified 27 seconds, 311 ms, 813 µs and 331 ns ago
[2025-11-05T06:35:17.227679000Z INFO  solana_program_test] "transfer_hook_counter" SBF program from tests/fixtures/transfer_hook_counter.so, modified 3 weeks, 22 hours, 58 minutes, 52 seconds, 53 ms, 278 µs and 196 ns ago
[2025-11-05T06:35:17.227915000Z INFO  solana_program_test] "alpha_vault" SBF program from tests/fixtures/alpha_vault.so, modified 3 weeks, 22 hours, 58 minutes, 52 seconds, 54 ms, 202 µs and 72 ns ago
[2025-11-05T06:35:17.228193000Z INFO  solana_program_test] "streamflow" SBF program from tests/fixtures/streamflow.so, modified 3 weeks, 6 hours, 59 minutes, 1 second, 939 ms, 108 µs and 387 ns ago
[2025-11-05T06:35:17.228496000Z INFO  solana_program_test] "cp_amm" SBF program from ./target/deploy/cp_amm.so, modified 24 minutes, 24 seconds, 575 ms, 814 µs and 203 ns ago
[2025-11-05T06:35:17.228628000Z INFO  solana_program_test] "fee_router" SBF program from ./target/deploy/fee_router.so, modified 27 seconds, 312 ms, 887 µs and 331 ns ago
[2025-11-05T06:35:17.245726000Z INFO  solana_program_test] Overriding account at ASmKWt93JEMHxbdE6j7znD9y2FcdPboCzC3xtSTJvN7S
[2025-11-05T06:35:17.245741000Z INFO  solana_program_test] Overriding account at 5B57SJ3g2YoNXUpsZqqjEQkRSxyKtVTQRXdgAirz6bio
[2025-11-05T06:35:17.256330000Z DEBUG solana_runtime::message_processor::stable_log] Program 11111111111111111111111111111111 invoke [1]
[2025-11-05T06:35:17.256345000Z DEBUG solana_runtime::message_processor::stable_log] Program 11111111111111111111111111111111 success
[2025-11-05T06:35:17.259819000Z DEBUG solana_runtime::message_processor::stable_log] Program 11111111111111111111111111111111 invoke [1]
[2025-11-05T06:35:17.259830000Z DEBUG solana_runtime::message_processor::stable_log] Program 11111111111111111111111111111111 success
[2025-11-05T06:35:17.263169000Z DEBUG solana_runtime::message_processor::stable_log] Program 11111111111111111111111111111111 invoke [1]
[2025-11-05T06:35:17.263179000Z DEBUG solana_runtime::message_processor::stable_log] Program 11111111111111111111111111111111 success
[2025-11-05T06:35:17.270447000Z DEBUG solana_runtime::message_processor::stable_log] Program 11111111111111111111111111111111 invoke [1]
[2025-11-05T06:35:17.270465000Z DEBUG solana_runtime::message_processor::stable_log] Program 11111111111111111111111111111111 success
[2025-11-05T06:35:17.270470000Z DEBUG solana_runtime::message_processor::stable_log] Program TokenkegQfeZyiNwAJbNbGKPFXCWuBvf9Ss623VQ5DA invoke [1]
[2025-11-05T06:35:17.270517000Z DEBUG solana_runtime::message_processor::stable_log] Program log: Instruction: InitializeMint2
[2025-11-05T06:35:17.270552000Z DEBUG solana_runtime::message_processor::stable_log] Program TokenkegQfeZyiNwAJbNbGKPFXCWuBvf9Ss623VQ5DA consumed 2779 of 399850 compute units
[2025-11-05T06:35:17.270561000Z DEBUG solana_runtime::message_processor::stable_log] Program TokenkegQfeZyiNwAJbNbGKPFXCWuBvf9Ss623VQ5DA success
[2025-11-05T06:35:17.277092000Z DEBUG solana_runtime::message_processor::stable_log] Program 11111111111111111111111111111111 invoke [1]
[2025-11-05T06:35:17.277106000Z DEBUG solana_runtime::message_processor::stable_log] Program 11111111111111111111111111111111 success
[2025-11-05T06:35:17.277110000Z DEBUG solana_runtime::message_processor::stable_log] Program TokenkegQfeZyiNwAJbNbGKPFXCWuBvf9Ss623VQ5DA invoke [1]
[2025-11-05T06:35:17.277161000Z DEBUG solana_runtime::message_processor::stable_log] Program log: Instruction: InitializeMint2
[2025-11-05T06:35:17.277195000Z DEBUG solana_runtime::message_processor::stable_log] Program TokenkegQfeZyiNwAJbNbGKPFXCWuBvf9Ss623VQ5DA consumed 2779 of 399850 compute units
[2025-11-05T06:35:17.277209000Z DEBUG solana_runtime::message_processor::stable_log] Program TokenkegQfeZyiNwAJbNbGKPFXCWuBvf9Ss623VQ5DA success
[2025-11-05T06:35:17.282056000Z DEBUG solana_runtime::message_processor::stable_log] Program ATokenGPvbdGVxr1b2hvZbsiqW5xWH25efTNsLJA8knL invoke [1]
[2025-11-05T06:35:17.282121000Z DEBUG solana_runtime::message_processor::stable_log] Program log: Create
[2025-11-05T06:35:17.282169000Z DEBUG solana_runtime::message_processor::stable_log] Program TokenkegQfeZyiNwAJbNbGKPFXCWuBvf9Ss623VQ5DA invoke [2]
[2025-11-05T06:35:17.282207000Z DEBUG solana_runtime::message_processor::stable_log] Program log: Instruction: GetAccountDataSize
[2025-11-05T06:35:17.282225000Z DEBUG solana_runtime::message_processor::stable_log] Program TokenkegQfeZyiNwAJbNbGKPFXCWuBvf9Ss623VQ5DA consumed 1595 of 194555 compute units
[2025-11-05T06:35:17.282233000Z DEBUG solana_runtime::message_processor::stable_log] Program return: TokenkegQfeZyiNwAJbNbGKPFXCWuBvf9Ss623VQ5DA pQAAAAAAAAA=
[2025-11-05T06:35:17.282241000Z DEBUG solana_runtime::message_processor::stable_log] Program TokenkegQfeZyiNwAJbNbGKPFXCWuBvf9Ss623VQ5DA success
[2025-11-05T06:35:17.282294000Z DEBUG solana_runtime::message_processor::stable_log] Program 11111111111111111111111111111111 invoke [2]
[2025-11-05T06:35:17.282300000Z DEBUG solana_runtime::message_processor::stable_log] Program 11111111111111111111111111111111 success
[2025-11-05T06:35:17.282306000Z DEBUG solana_runtime::message_processor::stable_log] Program log: Initialize the associated token account
[2025-11-05T06:35:17.282327000Z DEBUG solana_runtime::message_processor::stable_log] Program TokenkegQfeZyiNwAJbNbGKPFXCWuBvf9Ss623VQ5DA invoke [2]
[2025-11-05T06:35:17.282352000Z DEBUG solana_runtime::message_processor::stable_log] Program log: Instruction: InitializeImmutableOwner
[2025-11-05T06:35:17.282363000Z DEBUG solana_runtime::message_processor::stable_log] Program log: Please upgrade to SPL Token 2022 for immutable owner support
[2025-11-05T06:35:17.282366000Z DEBUG solana_runtime::message_processor::stable_log] Program TokenkegQfeZyiNwAJbNbGKPFXCWuBvf9Ss623VQ5DA consumed 1405 of 187942 compute units
[2025-11-05T06:35:17.282373000Z DEBUG solana_runtime::message_processor::stable_log] Program TokenkegQfeZyiNwAJbNbGKPFXCWuBvf9Ss623VQ5DA success
[2025-11-05T06:35:17.282407000Z DEBUG solana_runtime::message_processor::stable_log] Program TokenkegQfeZyiNwAJbNbGKPFXCWuBvf9Ss623VQ5DA invoke [2]
[2025-11-05T06:35:17.282433000Z DEBUG solana_runtime::message_processor::stable_log] Program log: Instruction: InitializeAccount3
[2025-11-05T06:35:17.282487000Z DEBUG solana_runtime::message_processor::stable_log] Program TokenkegQfeZyiNwAJbNbGKPFXCWuBvf9Ss623VQ5DA consumed 4214 of 184058 compute units
[2025-11-05T06:35:17.282495000Z DEBUG solana_runtime::message_processor::stable_log] Program TokenkegQfeZyiNwAJbNbGKPFXCWuBvf9Ss623VQ5DA success
[2025-11-05T06:35:17.282507000Z DEBUG solana_runtime::message_processor::stable_log] Program ATokenGPvbdGVxr1b2hvZbsiqW5xWH25efTNsLJA8knL consumed 20460 of 200000 compute units
[2025-11-05T06:35:17.282516000Z DEBUG solana_runtime::message_processor::stable_log] Program ATokenGPvbdGVxr1b2hvZbsiqW5xWH25efTNsLJA8knL success
[2025-11-05T06:35:17.286036000Z DEBUG solana_runtime::message_processor::stable_log] Program TokenkegQfeZyiNwAJbNbGKPFXCWuBvf9Ss623VQ5DA invoke [1]
[2025-11-05T06:35:17.286095000Z DEBUG solana_runtime::message_processor::stable_log] Program log: Instruction: MintTo
[2025-11-05T06:35:17.286153000Z DEBUG solana_runtime::message_processor::stable_log] Program TokenkegQfeZyiNwAJbNbGKPFXCWuBvf9Ss623VQ5DA consumed 4491 of 200000 compute units
[2025-11-05T06:35:17.286163000Z DEBUG solana_runtime::message_processor::stable_log] Program TokenkegQfeZyiNwAJbNbGKPFXCWuBvf9Ss623VQ5DA success
[2025-11-05T06:35:17.290460000Z DEBUG solana_runtime::message_processor::stable_log] Program ATokenGPvbdGVxr1b2hvZbsiqW5xWH25efTNsLJA8knL invoke [1]
[2025-11-05T06:35:17.290529000Z DEBUG solana_runtime::message_processor::stable_log] Program log: Create
[2025-11-05T06:35:17.290581000Z DEBUG solana_runtime::message_processor::stable_log] Program TokenkegQfeZyiNwAJbNbGKPFXCWuBvf9Ss623VQ5DA invoke [2]
[2025-11-05T06:35:17.290620000Z DEBUG solana_runtime::message_processor::stable_log] Program log: Instruction: GetAccountDataSize
[2025-11-05T06:35:17.290637000Z DEBUG solana_runtime::message_processor::stable_log] Program TokenkegQfeZyiNwAJbNbGKPFXCWuBvf9Ss623VQ5DA consumed 1595 of 194555 compute units
[2025-11-05T06:35:17.290647000Z DEBUG solana_runtime::message_processor::stable_log] Program return: TokenkegQfeZyiNwAJbNbGKPFXCWuBvf9Ss623VQ5DA pQAAAAAAAAA=
[2025-11-05T06:35:17.290655000Z DEBUG solana_runtime::message_processor::stable_log] Program TokenkegQfeZyiNwAJbNbGKPFXCWuBvf9Ss623VQ5DA success
[2025-11-05T06:35:17.290708000Z DEBUG solana_runtime::message_processor::stable_log] Program 11111111111111111111111111111111 invoke [2]
[2025-11-05T06:35:17.290715000Z DEBUG solana_runtime::message_processor::stable_log] Program 11111111111111111111111111111111 success
[2025-11-05T06:35:17.290721000Z DEBUG solana_runtime::message_processor::stable_log] Program log: Initialize the associated token account
[2025-11-05T06:35:17.290738000Z DEBUG solana_runtime::message_processor::stable_log] Program TokenkegQfeZyiNwAJbNbGKPFXCWuBvf9Ss623VQ5DA invoke [2]
[2025-11-05T06:35:17.290760000Z DEBUG solana_runtime::message_processor::stable_log] Program log: Instruction: InitializeImmutableOwner
[2025-11-05T06:35:17.290772000Z DEBUG solana_runtime::message_processor::stable_log] Program log: Please upgrade to SPL Token 2022 for immutable owner support
[2025-11-05T06:35:17.290775000Z DEBUG solana_runtime::message_processor::stable_log] Program TokenkegQfeZyiNwAJbNbGKPFXCWuBvf9Ss623VQ5DA consumed 1405 of 187942 compute units
[2025-11-05T06:35:17.290782000Z DEBUG solana_runtime::message_processor::stable_log] Program TokenkegQfeZyiNwAJbNbGKPFXCWuBvf9Ss623VQ5DA success
[2025-11-05T06:35:17.290818000Z DEBUG solana_runtime::message_processor::stable_log] Program TokenkegQfeZyiNwAJbNbGKPFXCWuBvf9Ss623VQ5DA invoke [2]
[2025-11-05T06:35:17.290844000Z DEBUG solana_runtime::message_processor::stable_log] Program log: Instruction: InitializeAccount3
[2025-11-05T06:35:17.290897000Z DEBUG solana_runtime::message_processor::stable_log] Program TokenkegQfeZyiNwAJbNbGKPFXCWuBvf9Ss623VQ5DA consumed 4214 of 184058 compute units
[2025-11-05T06:35:17.290916000Z DEBUG solana_runtime::message_processor::stable_log] Program TokenkegQfeZyiNwAJbNbGKPFXCWuBvf9Ss623VQ5DA success
[2025-11-05T06:35:17.290929000Z DEBUG solana_runtime::message_processor::stable_log] Program ATokenGPvbdGVxr1b2hvZbsiqW5xWH25efTNsLJA8knL consumed 20460 of 200000 compute units
[2025-11-05T06:35:17.290938000Z DEBUG solana_runtime::message_processor::stable_log] Program ATokenGPvbdGVxr1b2hvZbsiqW5xWH25efTNsLJA8knL success
[2025-11-05T06:35:17.294001000Z DEBUG solana_runtime::message_processor::stable_log] Program TokenkegQfeZyiNwAJbNbGKPFXCWuBvf9Ss623VQ5DA invoke [1]
[2025-11-05T06:35:17.294042000Z DEBUG solana_runtime::message_processor::stable_log] Program log: Instruction: MintTo
[2025-11-05T06:35:17.294097000Z DEBUG solana_runtime::message_processor::stable_log] Program TokenkegQfeZyiNwAJbNbGKPFXCWuBvf9Ss623VQ5DA consumed 4491 of 200000 compute units
[2025-11-05T06:35:17.294106000Z DEBUG solana_runtime::message_processor::stable_log] Program TokenkegQfeZyiNwAJbNbGKPFXCWuBvf9Ss623VQ5DA success
[2025-11-05T06:35:17.306360000Z DEBUG solana_runtime::message_processor::stable_log] Program ASmKWt93JEMHxbdE6j7znD9y2FcdPboCzC3xtSTJvN7S invoke [1]
[2025-11-05T06:35:17.306453000Z DEBUG solana_runtime::message_processor::stable_log] Program log: Instruction: CreateConfig
[2025-11-05T06:35:17.306542000Z DEBUG solana_runtime::message_processor::stable_log] Program 11111111111111111111111111111111 invoke [2]
[2025-11-05T06:35:17.306551000Z DEBUG solana_runtime::message_processor::stable_log] Program 11111111111111111111111111111111 success
[2025-11-05T06:35:17.306647000Z DEBUG solana_runtime::message_processor::stable_log] Program ASmKWt93JEMHxbdE6j7znD9y2FcdPboCzC3xtSTJvN7S invoke [2]
[2025-11-05T06:35:17.306682000Z DEBUG solana_runtime::message_processor::stable_log] Program ASmKWt93JEMHxbdE6j7znD9y2FcdPboCzC3xtSTJvN7S consumed 2069 of 184598 compute units
[2025-11-05T06:35:17.306691000Z DEBUG solana_runtime::message_processor::stable_log] Program ASmKWt93JEMHxbdE6j7znD9y2FcdPboCzC3xtSTJvN7S success
[2025-11-05T06:35:17.306705000Z DEBUG solana_runtime::message_processor::stable_log] Program ASmKWt93JEMHxbdE6j7znD9y2FcdPboCzC3xtSTJvN7S consumed 17776 of 200000 compute units
[2025-11-05T06:35:17.306714000Z DEBUG solana_runtime::message_processor::stable_log] Program ASmKWt93JEMHxbdE6j7znD9y2FcdPboCzC3xtSTJvN7S success
[2025-11-05T06:35:17.331729000Z DEBUG solana_runtime::message_processor::stable_log] Program ASmKWt93JEMHxbdE6j7znD9y2FcdPboCzC3xtSTJvN7S invoke [1]
[2025-11-05T06:35:17.331853000Z DEBUG solana_runtime::message_processor::stable_log] Program log: Instruction: InitializePool
[2025-11-05T06:35:17.331994000Z DEBUG solana_runtime::message_processor::stable_log] Program 11111111111111111111111111111111 invoke [2]
[2025-11-05T06:35:17.332003000Z DEBUG solana_runtime::message_processor::stable_log] Program 11111111111111111111111111111111 success
[2025-11-05T06:35:17.332035000Z DEBUG solana_runtime::message_processor::stable_log] Program TokenzQdBNbLqP5VEhdkAS6EPFLC1PHnBqCXEpPxuEb invoke [2]
[2025-11-05T06:35:17.332064000Z DEBUG solana_runtime::message_processor::stable_log] Program log: MetadataPointerInstruction::Initialize
[2025-11-05T06:35:17.332097000Z DEBUG solana_runtime::message_processor::stable_log] Program TokenzQdBNbLqP5VEhdkAS6EPFLC1PHnBqCXEpPxuEb consumed 2442 of 334963 compute units
[2025-11-05T06:35:17.332106000Z DEBUG solana_runtime::message_processor::stable_log] Program TokenzQdBNbLqP5VEhdkAS6EPFLC1PHnBqCXEpPxuEb success
[2025-11-05T06:35:17.332134000Z DEBUG solana_runtime::message_processor::stable_log] Program TokenzQdBNbLqP5VEhdkAS6EPFLC1PHnBqCXEpPxuEb invoke [2]
[2025-11-05T06:35:17.332157000Z DEBUG solana_runtime::message_processor::stable_log] Program log: Instruction: InitializeMintCloseAuthority
[2025-11-05T06:35:17.332188000Z DEBUG solana_runtime::message_processor::stable_log] Program TokenzQdBNbLqP5VEhdkAS6EPFLC1PHnBqCXEpPxuEb consumed 2570 of 330543 compute units
[2025-11-05T06:35:17.332196000Z DEBUG solana_runtime::message_processor::stable_log] Program TokenzQdBNbLqP5VEhdkAS6EPFLC1PHnBqCXEpPxuEb success
[2025-11-05T06:35:17.332224000Z DEBUG solana_runtime::message_processor::stable_log] Program TokenzQdBNbLqP5VEhdkAS6EPFLC1PHnBqCXEpPxuEb invoke [2]
[2025-11-05T06:35:17.332256000Z DEBUG solana_runtime::message_processor::stable_log] Program log: Instruction: InitializeMint2
[2025-11-05T06:35:17.332314000Z DEBUG solana_runtime::message_processor::stable_log] Program TokenzQdBNbLqP5VEhdkAS6EPFLC1PHnBqCXEpPxuEb consumed 4078 of 326031 compute units
[2025-11-05T06:35:17.332333000Z DEBUG solana_runtime::message_processor::stable_log] Program TokenzQdBNbLqP5VEhdkAS6EPFLC1PHnBqCXEpPxuEb success
[2025-11-05T06:35:17.332454000Z DEBUG solana_runtime::message_processor::stable_log] Program 11111111111111111111111111111111 invoke [2]
[2025-11-05T06:35:17.332458000Z DEBUG solana_runtime::message_processor::stable_log] Program 11111111111111111111111111111111 success
[2025-11-05T06:35:17.332485000Z DEBUG solana_runtime::message_processor::stable_log] Program TokenzQdBNbLqP5VEhdkAS6EPFLC1PHnBqCXEpPxuEb invoke [2]
[2025-11-05T06:35:17.332512000Z DEBUG solana_runtime::message_processor::stable_log] Program log: Instruction: InitializeAccount3
[2025-11-05T06:35:17.332584000Z DEBUG solana_runtime::message_processor::stable_log] Program TokenzQdBNbLqP5VEhdkAS6EPFLC1PHnBqCXEpPxuEb consumed 5137 of 310847 compute units
[2025-11-05T06:35:17.332592000Z DEBUG solana_runtime::message_processor::stable_log] Program TokenzQdBNbLqP5VEhdkAS6EPFLC1PHnBqCXEpPxuEb success
[2025-11-05T06:35:17.332694000Z DEBUG solana_runtime::message_processor::stable_log] Program 11111111111111111111111111111111 invoke [2]
[2025-11-05T06:35:17.332698000Z DEBUG solana_runtime::message_processor::stable_log] Program 11111111111111111111111111111111 success
[2025-11-05T06:35:17.332782000Z DEBUG solana_runtime::message_processor::stable_log] Program 11111111111111111111111111111111 invoke [2]
[2025-11-05T06:35:17.332785000Z DEBUG solana_runtime::message_processor::stable_log] Program 11111111111111111111111111111111 success
[2025-11-05T06:35:17.332849000Z DEBUG solana_runtime::message_processor::stable_log] Program 11111111111111111111111111111111 invoke [2]
[2025-11-05T06:35:17.332852000Z DEBUG solana_runtime::message_processor::stable_log] Program 11111111111111111111111111111111 success
[2025-11-05T06:35:17.332878000Z DEBUG solana_runtime::message_processor::stable_log] Program TokenkegQfeZyiNwAJbNbGKPFXCWuBvf9Ss623VQ5DA invoke [2]
[2025-11-05T06:35:17.332908000Z DEBUG solana_runtime::message_processor::stable_log] Program log: Instruction: InitializeAccount3
[2025-11-05T06:35:17.332964000Z DEBUG solana_runtime::message_processor::stable_log] Program TokenkegQfeZyiNwAJbNbGKPFXCWuBvf9Ss623VQ5DA consumed 4214 of 279744 compute units
[2025-11-05T06:35:17.332971000Z DEBUG solana_runtime::message_processor::stable_log] Program TokenkegQfeZyiNwAJbNbGKPFXCWuBvf9Ss623VQ5DA success
[2025-11-05T06:35:17.333192000Z DEBUG solana_runtime::message_processor::stable_log] Program 11111111111111111111111111111111 invoke [2]
[2025-11-05T06:35:17.333218000Z DEBUG solana_runtime::message_processor::stable_log] Program 11111111111111111111111111111111 success
[2025-11-05T06:35:17.333274000Z DEBUG solana_runtime::message_processor::stable_log] Program TokenkegQfeZyiNwAJbNbGKPFXCWuBvf9Ss623VQ5DA invoke [2]
[2025-11-05T06:35:17.333316000Z DEBUG solana_runtime::message_processor::stable_log] Program log: Instruction: InitializeAccount3
[2025-11-05T06:35:17.333372000Z DEBUG solana_runtime::message_processor::stable_log] Program TokenkegQfeZyiNwAJbNbGKPFXCWuBvf9Ss623VQ5DA consumed 4214 of 262105 compute units
[2025-11-05T06:35:17.333383000Z DEBUG solana_runtime::message_processor::stable_log] Program TokenkegQfeZyiNwAJbNbGKPFXCWuBvf9Ss623VQ5DA success
[2025-11-05T06:35:17.333613000Z DEBUG solana_runtime::message_processor::stable_log] Program TokenzQdBNbLqP5VEhdkAS6EPFLC1PHnBqCXEpPxuEb invoke [2]
[2025-11-05T06:35:17.333666000Z DEBUG solana_runtime::message_processor::stable_log] Program log: TokenMetadataInstruction: Initialize
[2025-11-05T06:35:17.333787000Z DEBUG solana_runtime::message_processor::stable_log] Program TokenzQdBNbLqP5VEhdkAS6EPFLC1PHnBqCXEpPxuEb consumed 9900 of 245603 compute units
[2025-11-05T06:35:17.333797000Z DEBUG solana_runtime::message_processor::stable_log] Program TokenzQdBNbLqP5VEhdkAS6EPFLC1PHnBqCXEpPxuEb success
[2025-11-05T06:35:17.333838000Z DEBUG solana_runtime::message_processor::stable_log] Program 11111111111111111111111111111111 invoke [2]
[2025-11-05T06:35:17.333844000Z DEBUG solana_runtime::message_processor::stable_log] Program 11111111111111111111111111111111 success
[2025-11-05T06:35:17.333885000Z DEBUG solana_runtime::message_processor::stable_log] Program TokenzQdBNbLqP5VEhdkAS6EPFLC1PHnBqCXEpPxuEb invoke [2]
[2025-11-05T06:35:17.333917000Z DEBUG solana_runtime::message_processor::stable_log] Program log: Instruction: MintTo
[2025-11-05T06:35:17.333988000Z DEBUG solana_runtime::message_processor::stable_log] Program TokenzQdBNbLqP5VEhdkAS6EPFLC1PHnBqCXEpPxuEb consumed 5540 of 230641 compute units
[2025-11-05T06:35:17.333998000Z DEBUG solana_runtime::message_processor::stable_log] Program TokenzQdBNbLqP5VEhdkAS6EPFLC1PHnBqCXEpPxuEb success
[2025-11-05T06:35:17.334046000Z DEBUG solana_runtime::message_processor::stable_log] Program ASmKWt93JEMHxbdE6j7znD9y2FcdPboCzC3xtSTJvN7S invoke [2]
[2025-11-05T06:35:17.334081000Z DEBUG solana_runtime::message_processor::stable_log] Program ASmKWt93JEMHxbdE6j7znD9y2FcdPboCzC3xtSTJvN7S consumed 2069 of 222036 compute units
[2025-11-05T06:35:17.334088000Z DEBUG solana_runtime::message_processor::stable_log] Program ASmKWt93JEMHxbdE6j7znD9y2FcdPboCzC3xtSTJvN7S success
[2025-11-05T06:35:17.334134000Z DEBUG solana_runtime::message_processor::stable_log] Program TokenkegQfeZyiNwAJbNbGKPFXCWuBvf9Ss623VQ5DA invoke [2]
[2025-11-05T06:35:17.334177000Z DEBUG solana_runtime::message_processor::stable_log] Program log: Instruction: TransferChecked
[2025-11-05T06:35:17.334249000Z DEBUG solana_runtime::message_processor::stable_log] Program TokenkegQfeZyiNwAJbNbGKPFXCWuBvf9Ss623VQ5DA consumed 6174 of 217423 compute units
[2025-11-05T06:35:17.334257000Z DEBUG solana_runtime::message_processor::stable_log] Program TokenkegQfeZyiNwAJbNbGKPFXCWuBvf9Ss623VQ5DA success
[2025-11-05T06:35:17.334297000Z DEBUG solana_runtime::message_processor::stable_log] Program TokenkegQfeZyiNwAJbNbGKPFXCWuBvf9Ss623VQ5DA invoke [2]
[2025-11-05T06:35:17.334331000Z DEBUG solana_runtime::message_processor::stable_log] Program log: Instruction: TransferChecked
[2025-11-05T06:35:17.334436000Z DEBUG solana_runtime::message_processor::stable_log] Program TokenkegQfeZyiNwAJbNbGKPFXCWuBvf9Ss623VQ5DA consumed 6174 of 208839 compute units
[2025-11-05T06:35:17.334447000Z DEBUG solana_runtime::message_processor::stable_log] Program TokenkegQfeZyiNwAJbNbGKPFXCWuBvf9Ss623VQ5DA success
[2025-11-05T06:35:17.334524000Z DEBUG solana_runtime::message_processor::stable_log] Program ASmKWt93JEMHxbdE6j7znD9y2FcdPboCzC3xtSTJvN7S invoke [2]
[2025-11-05T06:35:17.334556000Z DEBUG solana_runtime::message_processor::stable_log] Program ASmKWt93JEMHxbdE6j7znD9y2FcdPboCzC3xtSTJvN7S consumed 2069 of 197584 compute units
[2025-11-05T06:35:17.334564000Z DEBUG solana_runtime::message_processor::stable_log] Program ASmKWt93JEMHxbdE6j7znD9y2FcdPboCzC3xtSTJvN7S success
[2025-11-05T06:35:17.334591000Z DEBUG solana_runtime::message_processor::stable_log] Program ASmKWt93JEMHxbdE6j7znD9y2FcdPboCzC3xtSTJvN7S consumed 155279 of 350000 compute units
[2025-11-05T06:35:17.334602000Z DEBUG solana_runtime::message_processor::stable_log] Program ASmKWt93JEMHxbdE6j7znD9y2FcdPboCzC3xtSTJvN7S success
[2025-11-05T06:35:17.334610000Z DEBUG solana_runtime::message_processor::stable_log] Program ComputeBudget111111111111111111111111111111 invoke [1]
[2025-11-05T06:35:17.334617000Z DEBUG solana_runtime::message_processor::stable_log] Program ComputeBudget111111111111111111111111111111 success
[2025-11-05T06:35:17.354381000Z DEBUG solana_runtime::message_processor::stable_log] Program 5B57SJ3g2YoNXUpsZqqjEQkRSxyKtVTQRXdgAirz6bio invoke [1]
[2025-11-05T06:35:17.354492000Z DEBUG solana_runtime::message_processor::stable_log] Program log: Instruction: InitializeHonoraryPosition
[2025-11-05T06:35:17.354645000Z DEBUG solana_runtime::message_processor::stable_log] Program 11111111111111111111111111111111 invoke [2]
[2025-11-05T06:35:17.354652000Z DEBUG solana_runtime::message_processor::stable_log] Program 11111111111111111111111111111111 success
[2025-11-05T06:35:17.354732000Z DEBUG solana_runtime::message_processor::stable_log] Program 11111111111111111111111111111111 invoke [2]
[2025-11-05T06:35:17.354736000Z DEBUG solana_runtime::message_processor::stable_log] Program 11111111111111111111111111111111 success
[2025-11-05T06:35:17.354764000Z DEBUG solana_runtime::message_processor::stable_log] Program TokenkegQfeZyiNwAJbNbGKPFXCWuBvf9Ss623VQ5DA invoke [2]
[2025-11-05T06:35:17.354800000Z DEBUG solana_runtime::message_processor::stable_log] Program log: Instruction: InitializeAccount3
[2025-11-05T06:35:17.354861000Z DEBUG solana_runtime::message_processor::stable_log] Program TokenkegQfeZyiNwAJbNbGKPFXCWuBvf9Ss623VQ5DA consumed 4214 of 177112 compute units
[2025-11-05T06:35:17.354871000Z DEBUG solana_runtime::message_processor::stable_log] Program TokenkegQfeZyiNwAJbNbGKPFXCWuBvf9Ss623VQ5DA success
[2025-11-05T06:35:17.354990000Z DEBUG solana_runtime::message_processor::stable_log] Program 11111111111111111111111111111111 invoke [2]
[2025-11-05T06:35:17.354993000Z DEBUG solana_runtime::message_processor::stable_log] Program 11111111111111111111111111111111 success
[2025-11-05T06:35:17.355019000Z DEBUG solana_runtime::message_processor::stable_log] Program TokenkegQfeZyiNwAJbNbGKPFXCWuBvf9Ss623VQ5DA invoke [2]
[2025-11-05T06:35:17.355044000Z DEBUG solana_runtime::message_processor::stable_log] Program log: Instruction: InitializeAccount3
[2025-11-05T06:35:17.355094000Z DEBUG solana_runtime::message_processor::stable_log] Program TokenkegQfeZyiNwAJbNbGKPFXCWuBvf9Ss623VQ5DA consumed 4214 of 157976 compute units
[2025-11-05T06:35:17.355101000Z DEBUG solana_runtime::message_processor::stable_log] Program TokenkegQfeZyiNwAJbNbGKPFXCWuBvf9Ss623VQ5DA success
[2025-11-05T06:35:17.355169000Z DEBUG solana_runtime::message_processor::stable_log] Program log: AnchorError occurred. Error Code: QuoteOnlyValidationFailed. Error Number: 12000. Error Message: Quote-only validation failed: pool configuration allows base token fees.
[2025-11-05T06:35:17.355186000Z DEBUG solana_runtime::message_processor::stable_log] Program 5B57SJ3g2YoNXUpsZqqjEQkRSxyKtVTQRXdgAirz6bio consumed 50330 of 200000 compute units
[2025-11-05T06:35:17.355196000Z DEBUG solana_runtime::message_processor::stable_log] Program 5B57SJ3g2YoNXUpsZqqjEQkRSxyKtVTQRXdgAirz6bio failed: custom program error: 0x2ee0
      ✔ Should reject pool with collectFeeMode = 0 (BothToken) (62ms)
[2025-11-05T06:35:17.357523000Z INFO  solana_program_test] "cp_amm" SBF program from ./target/deploy/cp_amm.so, modified 24 minutes, 24 seconds, 704 ms, 840 µs and 203 ns ago
[2025-11-05T06:35:17.357681000Z INFO  solana_program_test] "fee_router" SBF program from ./target/deploy/fee_router.so, modified 27 seconds, 441 ms, 940 µs and 331 ns ago
[2025-11-05T06:35:17.357798000Z INFO  solana_program_test] "transfer_hook_counter" SBF program from tests/fixtures/transfer_hook_counter.so, modified 3 weeks, 22 hours, 58 minutes, 52 seconds, 183 ms, 398 µs and 196 ns ago
[2025-11-05T06:35:17.358067000Z INFO  solana_program_test] "alpha_vault" SBF program from tests/fixtures/alpha_vault.so, modified 3 weeks, 22 hours, 58 minutes, 52 seconds, 184 ms, 354 µs and 72 ns ago
[2025-11-05T06:35:17.358375000Z INFO  solana_program_test] "streamflow" SBF program from tests/fixtures/streamflow.so, modified 3 weeks, 6 hours, 59 minutes, 2 seconds, 69 ms, 290 µs and 387 ns ago
[2025-11-05T06:35:17.358624000Z INFO  solana_program_test] "cp_amm" SBF program from ./target/deploy/cp_amm.so, modified 24 minutes, 24 seconds, 705 ms, 943 µs and 203 ns ago
[2025-11-05T06:35:17.358747000Z INFO  solana_program_test] "fee_router" SBF program from ./target/deploy/fee_router.so, modified 27 seconds, 443 ms, 7 µs and 331 ns ago
[2025-11-05T06:35:17.376489000Z INFO  solana_program_test] Overriding account at ASmKWt93JEMHxbdE6j7znD9y2FcdPboCzC3xtSTJvN7S
[2025-11-05T06:35:17.376502000Z INFO  solana_program_test] Overriding account at 5B57SJ3g2YoNXUpsZqqjEQkRSxyKtVTQRXdgAirz6bio
[2025-11-05T06:35:17.386898000Z DEBUG solana_runtime::message_processor::stable_log] Program 11111111111111111111111111111111 invoke [1]
[2025-11-05T06:35:17.386915000Z DEBUG solana_runtime::message_processor::stable_log] Program 11111111111111111111111111111111 success
[2025-11-05T06:35:17.390384000Z DEBUG solana_runtime::message_processor::stable_log] Program 11111111111111111111111111111111 invoke [1]
[2025-11-05T06:35:17.390396000Z DEBUG solana_runtime::message_processor::stable_log] Program 11111111111111111111111111111111 success
[2025-11-05T06:35:17.393839000Z DEBUG solana_runtime::message_processor::stable_log] Program 11111111111111111111111111111111 invoke [1]
[2025-11-05T06:35:17.393847000Z DEBUG solana_runtime::message_processor::stable_log] Program 11111111111111111111111111111111 success
[2025-11-05T06:35:17.400686000Z DEBUG solana_runtime::message_processor::stable_log] Program 11111111111111111111111111111111 invoke [1]
[2025-11-05T06:35:17.400701000Z DEBUG solana_runtime::message_processor::stable_log] Program 11111111111111111111111111111111 success
[2025-11-05T06:35:17.400705000Z DEBUG solana_runtime::message_processor::stable_log] Program TokenkegQfeZyiNwAJbNbGKPFXCWuBvf9Ss623VQ5DA invoke [1]
[2025-11-05T06:35:17.400751000Z DEBUG solana_runtime::message_processor::stable_log] Program log: Instruction: InitializeMint2
[2025-11-05T06:35:17.400784000Z DEBUG solana_runtime::message_processor::stable_log] Program TokenkegQfeZyiNwAJbNbGKPFXCWuBvf9Ss623VQ5DA consumed 2779 of 399850 compute units
[2025-11-05T06:35:17.400799000Z DEBUG solana_runtime::message_processor::stable_log] Program TokenkegQfeZyiNwAJbNbGKPFXCWuBvf9Ss623VQ5DA success
[2025-11-05T06:35:17.407971000Z DEBUG solana_runtime::message_processor::stable_log] Program 11111111111111111111111111111111 invoke [1]
[2025-11-05T06:35:17.407986000Z DEBUG solana_runtime::message_processor::stable_log] Program 11111111111111111111111111111111 success
[2025-11-05T06:35:17.407992000Z DEBUG solana_runtime::message_processor::stable_log] Program TokenkegQfeZyiNwAJbNbGKPFXCWuBvf9Ss623VQ5DA invoke [1]
[2025-11-05T06:35:17.408042000Z DEBUG solana_runtime::message_processor::stable_log] Program log: Instruction: InitializeMint2
[2025-11-05T06:35:17.408077000Z DEBUG solana_runtime::message_processor::stable_log] Program TokenkegQfeZyiNwAJbNbGKPFXCWuBvf9Ss623VQ5DA consumed 2779 of 399850 compute units
[2025-11-05T06:35:17.408087000Z DEBUG solana_runtime::message_processor::stable_log] Program TokenkegQfeZyiNwAJbNbGKPFXCWuBvf9Ss623VQ5DA success
[2025-11-05T06:35:17.413024000Z DEBUG solana_runtime::message_processor::stable_log] Program ATokenGPvbdGVxr1b2hvZbsiqW5xWH25efTNsLJA8knL invoke [1]
[2025-11-05T06:35:17.413099000Z DEBUG solana_runtime::message_processor::stable_log] Program log: Create
[2025-11-05T06:35:17.413154000Z DEBUG solana_runtime::message_processor::stable_log] Program TokenkegQfeZyiNwAJbNbGKPFXCWuBvf9Ss623VQ5DA invoke [2]
[2025-11-05T06:35:17.413196000Z DEBUG solana_runtime::message_processor::stable_log] Program log: Instruction: GetAccountDataSize
[2025-11-05T06:35:17.413217000Z DEBUG solana_runtime::message_processor::stable_log] Program TokenkegQfeZyiNwAJbNbGKPFXCWuBvf9Ss623VQ5DA consumed 1595 of 193055 compute units
[2025-11-05T06:35:17.413225000Z DEBUG solana_runtime::message_processor::stable_log] Program return: TokenkegQfeZyiNwAJbNbGKPFXCWuBvf9Ss623VQ5DA pQAAAAAAAAA=
[2025-11-05T06:35:17.413233000Z DEBUG solana_runtime::message_processor::stable_log] Program TokenkegQfeZyiNwAJbNbGKPFXCWuBvf9Ss623VQ5DA success
[2025-11-05T06:35:17.413286000Z DEBUG solana_runtime::message_processor::stable_log] Program 11111111111111111111111111111111 invoke [2]
[2025-11-05T06:35:17.413293000Z DEBUG solana_runtime::message_processor::stable_log] Program 11111111111111111111111111111111 success
[2025-11-05T06:35:17.413299000Z DEBUG solana_runtime::message_processor::stable_log] Program log: Initialize the associated token account
[2025-11-05T06:35:17.413320000Z DEBUG solana_runtime::message_processor::stable_log] Program TokenkegQfeZyiNwAJbNbGKPFXCWuBvf9Ss623VQ5DA invoke [2]
[2025-11-05T06:35:17.413343000Z DEBUG solana_runtime::message_processor::stable_log] Program log: Instruction: InitializeImmutableOwner
[2025-11-05T06:35:17.413357000Z DEBUG solana_runtime::message_processor::stable_log] Program log: Please upgrade to SPL Token 2022 for immutable owner support
[2025-11-05T06:35:17.413360000Z DEBUG solana_runtime::message_processor::stable_log] Program TokenkegQfeZyiNwAJbNbGKPFXCWuBvf9Ss623VQ5DA consumed 1405 of 186442 compute units
[2025-11-05T06:35:17.413369000Z DEBUG solana_runtime::message_processor::stable_log] Program TokenkegQfeZyiNwAJbNbGKPFXCWuBvf9Ss623VQ5DA success
[2025-11-05T06:35:17.413401000Z DEBUG solana_runtime::message_processor::stable_log] Program TokenkegQfeZyiNwAJbNbGKPFXCWuBvf9Ss623VQ5DA invoke [2]
[2025-11-05T06:35:17.413427000Z DEBUG solana_runtime::message_processor::stable_log] Program log: Instruction: InitializeAccount3
[2025-11-05T06:35:17.413483000Z DEBUG solana_runtime::message_processor::stable_log] Program TokenkegQfeZyiNwAJbNbGKPFXCWuBvf9Ss623VQ5DA consumed 4214 of 182558 compute units
[2025-11-05T06:35:17.413492000Z DEBUG solana_runtime::message_processor::stable_log] Program TokenkegQfeZyiNwAJbNbGKPFXCWuBvf9Ss623VQ5DA success
[2025-11-05T06:35:17.413504000Z DEBUG solana_runtime::message_processor::stable_log] Program ATokenGPvbdGVxr1b2hvZbsiqW5xWH25efTNsLJA8knL consumed 21960 of 200000 compute units
[2025-11-05T06:35:17.413513000Z DEBUG solana_runtime::message_processor::stable_log] Program ATokenGPvbdGVxr1b2hvZbsiqW5xWH25efTNsLJA8knL success
[2025-11-05T06:35:17.416743000Z DEBUG solana_runtime::message_processor::stable_log] Program TokenkegQfeZyiNwAJbNbGKPFXCWuBvf9Ss623VQ5DA invoke [1]
[2025-11-05T06:35:17.416820000Z DEBUG solana_runtime::message_processor::stable_log] Program log: Instruction: MintTo
[2025-11-05T06:35:17.416880000Z DEBUG solana_runtime::message_processor::stable_log] Program TokenkegQfeZyiNwAJbNbGKPFXCWuBvf9Ss623VQ5DA consumed 4491 of 200000 compute units
[2025-11-05T06:35:17.416890000Z DEBUG solana_runtime::message_processor::stable_log] Program TokenkegQfeZyiNwAJbNbGKPFXCWuBvf9Ss623VQ5DA success
[2025-11-05T06:35:17.422215000Z DEBUG solana_runtime::message_processor::stable_log] Program ATokenGPvbdGVxr1b2hvZbsiqW5xWH25efTNsLJA8knL invoke [1]
[2025-11-05T06:35:17.422311000Z DEBUG solana_runtime::message_processor::stable_log] Program log: Create
[2025-11-05T06:35:17.422370000Z DEBUG solana_runtime::message_processor::stable_log] Program TokenkegQfeZyiNwAJbNbGKPFXCWuBvf9Ss623VQ5DA invoke [2]
[2025-11-05T06:35:17.422403000Z DEBUG solana_runtime::message_processor::stable_log] Program log: Instruction: GetAccountDataSize
[2025-11-05T06:35:17.422421000Z DEBUG solana_runtime::message_processor::stable_log] Program TokenkegQfeZyiNwAJbNbGKPFXCWuBvf9Ss623VQ5DA consumed 1595 of 193055 compute units
[2025-11-05T06:35:17.422429000Z DEBUG solana_runtime::message_processor::stable_log] Program return: TokenkegQfeZyiNwAJbNbGKPFXCWuBvf9Ss623VQ5DA pQAAAAAAAAA=
[2025-11-05T06:35:17.422438000Z DEBUG solana_runtime::message_processor::stable_log] Program TokenkegQfeZyiNwAJbNbGKPFXCWuBvf9Ss623VQ5DA success
[2025-11-05T06:35:17.422492000Z DEBUG solana_runtime::message_processor::stable_log] Program 11111111111111111111111111111111 invoke [2]
[2025-11-05T06:35:17.422500000Z DEBUG solana_runtime::message_processor::stable_log] Program 11111111111111111111111111111111 success
[2025-11-05T06:35:17.422514000Z DEBUG solana_runtime::message_processor::stable_log] Program log: Initialize the associated token account
[2025-11-05T06:35:17.422534000Z DEBUG solana_runtime::message_processor::stable_log] Program TokenkegQfeZyiNwAJbNbGKPFXCWuBvf9Ss623VQ5DA invoke [2]
[2025-11-05T06:35:17.422557000Z DEBUG solana_runtime::message_processor::stable_log] Program log: Instruction: InitializeImmutableOwner
[2025-11-05T06:35:17.422569000Z DEBUG solana_runtime::message_processor::stable_log] Program log: Please upgrade to SPL Token 2022 for immutable owner support
[2025-11-05T06:35:17.422572000Z DEBUG solana_runtime::message_processor::stable_log] Program TokenkegQfeZyiNwAJbNbGKPFXCWuBvf9Ss623VQ5DA consumed 1405 of 186442 compute units
[2025-11-05T06:35:17.422580000Z DEBUG solana_runtime::message_processor::stable_log] Program TokenkegQfeZyiNwAJbNbGKPFXCWuBvf9Ss623VQ5DA success
[2025-11-05T06:35:17.422613000Z DEBUG solana_runtime::message_processor::stable_log] Program TokenkegQfeZyiNwAJbNbGKPFXCWuBvf9Ss623VQ5DA invoke [2]
[2025-11-05T06:35:17.422640000Z DEBUG solana_runtime::message_processor::stable_log] Program log: Instruction: InitializeAccount3
[2025-11-05T06:35:17.422695000Z DEBUG solana_runtime::message_processor::stable_log] Program TokenkegQfeZyiNwAJbNbGKPFXCWuBvf9Ss623VQ5DA consumed 4214 of 182558 compute units
[2025-11-05T06:35:17.422703000Z DEBUG solana_runtime::message_processor::stable_log] Program TokenkegQfeZyiNwAJbNbGKPFXCWuBvf9Ss623VQ5DA success
[2025-11-05T06:35:17.422716000Z DEBUG solana_runtime::message_processor::stable_log] Program ATokenGPvbdGVxr1b2hvZbsiqW5xWH25efTNsLJA8knL consumed 21960 of 200000 compute units
[2025-11-05T06:35:17.422725000Z DEBUG solana_runtime::message_processor::stable_log] Program ATokenGPvbdGVxr1b2hvZbsiqW5xWH25efTNsLJA8knL success
[2025-11-05T06:35:17.425891000Z DEBUG solana_runtime::message_processor::stable_log] Program TokenkegQfeZyiNwAJbNbGKPFXCWuBvf9Ss623VQ5DA invoke [1]
[2025-11-05T06:35:17.425959000Z DEBUG solana_runtime::message_processor::stable_log] Program log: Instruction: MintTo
[2025-11-05T06:35:17.426022000Z DEBUG solana_runtime::message_processor::stable_log] Program TokenkegQfeZyiNwAJbNbGKPFXCWuBvf9Ss623VQ5DA consumed 4491 of 200000 compute units
[2025-11-05T06:35:17.426033000Z DEBUG solana_runtime::message_processor::stable_log] Program TokenkegQfeZyiNwAJbNbGKPFXCWuBvf9Ss623VQ5DA success
[2025-11-05T06:35:17.439321000Z DEBUG solana_runtime::message_processor::stable_log] Program ASmKWt93JEMHxbdE6j7znD9y2FcdPboCzC3xtSTJvN7S invoke [1]
[2025-11-05T06:35:17.439396000Z DEBUG solana_runtime::message_processor::stable_log] Program log: Instruction: CreateConfig
[2025-11-05T06:35:17.439492000Z DEBUG solana_runtime::message_processor::stable_log] Program 11111111111111111111111111111111 invoke [2]
[2025-11-05T06:35:17.439502000Z DEBUG solana_runtime::message_processor::stable_log] Program 11111111111111111111111111111111 success
[2025-11-05T06:35:17.439599000Z DEBUG solana_runtime::message_processor::stable_log] Program ASmKWt93JEMHxbdE6j7znD9y2FcdPboCzC3xtSTJvN7S invoke [2]
[2025-11-05T06:35:17.439637000Z DEBUG solana_runtime::message_processor::stable_log] Program ASmKWt93JEMHxbdE6j7znD9y2FcdPboCzC3xtSTJvN7S consumed 2069 of 184595 compute units
[2025-11-05T06:35:17.439647000Z DEBUG solana_runtime::message_processor::stable_log] Program ASmKWt93JEMHxbdE6j7znD9y2FcdPboCzC3xtSTJvN7S success
[2025-11-05T06:35:17.439661000Z DEBUG solana_runtime::message_processor::stable_log] Program ASmKWt93JEMHxbdE6j7znD9y2FcdPboCzC3xtSTJvN7S consumed 17779 of 200000 compute units
[2025-11-05T06:35:17.439669000Z DEBUG solana_runtime::message_processor::stable_log] Program ASmKWt93JEMHxbdE6j7znD9y2FcdPboCzC3xtSTJvN7S success
[2025-11-05T06:35:17.463641000Z DEBUG solana_runtime::message_processor::stable_log] Program ASmKWt93JEMHxbdE6j7znD9y2FcdPboCzC3xtSTJvN7S invoke [1]
[2025-11-05T06:35:17.463780000Z DEBUG solana_runtime::message_processor::stable_log] Program log: Instruction: InitializePool
[2025-11-05T06:35:17.463913000Z DEBUG solana_runtime::message_processor::stable_log] Program 11111111111111111111111111111111 invoke [2]
[2025-11-05T06:35:17.463923000Z DEBUG solana_runtime::message_processor::stable_log] Program 11111111111111111111111111111111 success
[2025-11-05T06:35:17.463955000Z DEBUG solana_runtime::message_processor::stable_log] Program TokenzQdBNbLqP5VEhdkAS6EPFLC1PHnBqCXEpPxuEb invoke [2]
[2025-11-05T06:35:17.463984000Z DEBUG solana_runtime::message_processor::stable_log] Program log: MetadataPointerInstruction::Initialize
[2025-11-05T06:35:17.464021000Z DEBUG solana_runtime::message_processor::stable_log] Program TokenzQdBNbLqP5VEhdkAS6EPFLC1PHnBqCXEpPxuEb consumed 2442 of 334963 compute units
[2025-11-05T06:35:17.464031000Z DEBUG solana_runtime::message_processor::stable_log] Program TokenzQdBNbLqP5VEhdkAS6EPFLC1PHnBqCXEpPxuEb success
[2025-11-05T06:35:17.464060000Z DEBUG solana_runtime::message_processor::stable_log] Program TokenzQdBNbLqP5VEhdkAS6EPFLC1PHnBqCXEpPxuEb invoke [2]
[2025-11-05T06:35:17.464082000Z DEBUG solana_runtime::message_processor::stable_log] Program log: Instruction: InitializeMintCloseAuthority
[2025-11-05T06:35:17.464113000Z DEBUG solana_runtime::message_processor::stable_log] Program TokenzQdBNbLqP5VEhdkAS6EPFLC1PHnBqCXEpPxuEb consumed 2570 of 330543 compute units
[2025-11-05T06:35:17.464120000Z DEBUG solana_runtime::message_processor::stable_log] Program TokenzQdBNbLqP5VEhdkAS6EPFLC1PHnBqCXEpPxuEb success
[2025-11-05T06:35:17.464148000Z DEBUG solana_runtime::message_processor::stable_log] Program TokenzQdBNbLqP5VEhdkAS6EPFLC1PHnBqCXEpPxuEb invoke [2]
[2025-11-05T06:35:17.464172000Z DEBUG solana_runtime::message_processor::stable_log] Program log: Instruction: InitializeMint2
[2025-11-05T06:35:17.464228000Z DEBUG solana_runtime::message_processor::stable_log] Program TokenzQdBNbLqP5VEhdkAS6EPFLC1PHnBqCXEpPxuEb consumed 4078 of 326031 compute units
[2025-11-05T06:35:17.464235000Z DEBUG solana_runtime::message_processor::stable_log] Program TokenzQdBNbLqP5VEhdkAS6EPFLC1PHnBqCXEpPxuEb success
[2025-11-05T06:35:17.464367000Z DEBUG solana_runtime::message_processor::stable_log] Program 11111111111111111111111111111111 invoke [2]
[2025-11-05T06:35:17.464372000Z DEBUG solana_runtime::message_processor::stable_log] Program 11111111111111111111111111111111 success
[2025-11-05T06:35:17.464400000Z DEBUG solana_runtime::message_processor::stable_log] Program TokenzQdBNbLqP5VEhdkAS6EPFLC1PHnBqCXEpPxuEb invoke [2]
[2025-11-05T06:35:17.464427000Z DEBUG solana_runtime::message_processor::stable_log] Program log: Instruction: InitializeAccount3
[2025-11-05T06:35:17.464500000Z DEBUG solana_runtime::message_processor::stable_log] Program TokenzQdBNbLqP5VEhdkAS6EPFLC1PHnBqCXEpPxuEb consumed 5137 of 310847 compute units
[2025-11-05T06:35:17.464508000Z DEBUG solana_runtime::message_processor::stable_log] Program TokenzQdBNbLqP5VEhdkAS6EPFLC1PHnBqCXEpPxuEb success
[2025-11-05T06:35:17.464613000Z DEBUG solana_runtime::message_processor::stable_log] Program 11111111111111111111111111111111 invoke [2]
[2025-11-05T06:35:17.464623000Z DEBUG solana_runtime::message_processor::stable_log] Program 11111111111111111111111111111111 success
[2025-11-05T06:35:17.464688000Z DEBUG solana_runtime::message_processor::stable_log] Program 11111111111111111111111111111111 invoke [2]
[2025-11-05T06:35:17.464691000Z DEBUG solana_runtime::message_processor::stable_log] Program 11111111111111111111111111111111 success
[2025-11-05T06:35:17.464756000Z DEBUG solana_runtime::message_processor::stable_log] Program 11111111111111111111111111111111 invoke [2]
[2025-11-05T06:35:17.464760000Z DEBUG solana_runtime::message_processor::stable_log] Program 11111111111111111111111111111111 success
[2025-11-05T06:35:17.464786000Z DEBUG solana_runtime::message_processor::stable_log] Program TokenkegQfeZyiNwAJbNbGKPFXCWuBvf9Ss623VQ5DA invoke [2]
[2025-11-05T06:35:17.464818000Z DEBUG solana_runtime::message_processor::stable_log] Program log: Instruction: InitializeAccount3
[2025-11-05T06:35:17.464877000Z DEBUG solana_runtime::message_processor::stable_log] Program TokenkegQfeZyiNwAJbNbGKPFXCWuBvf9Ss623VQ5DA consumed 4214 of 285744 compute units
[2025-11-05T06:35:17.464887000Z DEBUG solana_runtime::message_processor::stable_log] Program TokenkegQfeZyiNwAJbNbGKPFXCWuBvf9Ss623VQ5DA success
[2025-11-05T06:35:17.464983000Z DEBUG solana_runtime::message_processor::stable_log] Program 11111111111111111111111111111111 invoke [2]
[2025-11-05T06:35:17.464989000Z DEBUG solana_runtime::message_processor::stable_log] Program 11111111111111111111111111111111 success
[2025-11-05T06:35:17.465014000Z DEBUG solana_runtime::message_processor::stable_log] Program TokenkegQfeZyiNwAJbNbGKPFXCWuBvf9Ss623VQ5DA invoke [2]
[2025-11-05T06:35:17.465040000Z DEBUG solana_runtime::message_processor::stable_log] Program log: Instruction: InitializeAccount3
[2025-11-05T06:35:17.465090000Z DEBUG solana_runtime::message_processor::stable_log] Program TokenkegQfeZyiNwAJbNbGKPFXCWuBvf9Ss623VQ5DA consumed 4214 of 271105 compute units
[2025-11-05T06:35:17.465098000Z DEBUG solana_runtime::message_processor::stable_log] Program TokenkegQfeZyiNwAJbNbGKPFXCWuBvf9Ss623VQ5DA success
[2025-11-05T06:35:17.465308000Z DEBUG solana_runtime::message_processor::stable_log] Program TokenzQdBNbLqP5VEhdkAS6EPFLC1PHnBqCXEpPxuEb invoke [2]
[2025-11-05T06:35:17.465359000Z DEBUG solana_runtime::message_processor::stable_log] Program log: TokenMetadataInstruction: Initialize
[2025-11-05T06:35:17.465479000Z DEBUG solana_runtime::message_processor::stable_log] Program TokenzQdBNbLqP5VEhdkAS6EPFLC1PHnBqCXEpPxuEb consumed 9900 of 254603 compute units
[2025-11-05T06:35:17.465487000Z DEBUG solana_runtime::message_processor::stable_log] Program TokenzQdBNbLqP5VEhdkAS6EPFLC1PHnBqCXEpPxuEb success
[2025-11-05T06:35:17.465527000Z DEBUG solana_runtime::message_processor::stable_log] Program 11111111111111111111111111111111 invoke [2]
[2025-11-05T06:35:17.465530000Z DEBUG solana_runtime::message_processor::stable_log] Program 11111111111111111111111111111111 success
[2025-11-05T06:35:17.465570000Z DEBUG solana_runtime::message_processor::stable_log] Program TokenzQdBNbLqP5VEhdkAS6EPFLC1PHnBqCXEpPxuEb invoke [2]
[2025-11-05T06:35:17.465605000Z DEBUG solana_runtime::message_processor::stable_log] Program log: Instruction: MintTo
[2025-11-05T06:35:17.465685000Z DEBUG solana_runtime::message_processor::stable_log] Program TokenzQdBNbLqP5VEhdkAS6EPFLC1PHnBqCXEpPxuEb consumed 5540 of 239641 compute units
[2025-11-05T06:35:17.465695000Z DEBUG solana_runtime::message_processor::stable_log] Program TokenzQdBNbLqP5VEhdkAS6EPFLC1PHnBqCXEpPxuEb success
[2025-11-05T06:35:17.465743000Z DEBUG solana_runtime::message_processor::stable_log] Program ASmKWt93JEMHxbdE6j7znD9y2FcdPboCzC3xtSTJvN7S invoke [2]
[2025-11-05T06:35:17.465777000Z DEBUG solana_runtime::message_processor::stable_log] Program ASmKWt93JEMHxbdE6j7znD9y2FcdPboCzC3xtSTJvN7S consumed 2069 of 231036 compute units
[2025-11-05T06:35:17.465785000Z DEBUG solana_runtime::message_processor::stable_log] Program ASmKWt93JEMHxbdE6j7znD9y2FcdPboCzC3xtSTJvN7S success
[2025-11-05T06:35:17.465829000Z DEBUG solana_runtime::message_processor::stable_log] Program TokenkegQfeZyiNwAJbNbGKPFXCWuBvf9Ss623VQ5DA invoke [2]
[2025-11-05T06:35:17.465866000Z DEBUG solana_runtime::message_processor::stable_log] Program log: Instruction: TransferChecked
[2025-11-05T06:35:17.465951000Z DEBUG solana_runtime::message_processor::stable_log] Program TokenkegQfeZyiNwAJbNbGKPFXCWuBvf9Ss623VQ5DA consumed 6174 of 226423 compute units
[2025-11-05T06:35:17.465960000Z DEBUG solana_runtime::message_processor::stable_log] Program TokenkegQfeZyiNwAJbNbGKPFXCWuBvf9Ss623VQ5DA success
[2025-11-05T06:35:17.465999000Z DEBUG solana_runtime::message_processor::stable_log] Program TokenkegQfeZyiNwAJbNbGKPFXCWuBvf9Ss623VQ5DA invoke [2]
[2025-11-05T06:35:17.466030000Z DEBUG solana_runtime::message_processor::stable_log] Program log: Instruction: TransferChecked
[2025-11-05T06:35:17.466097000Z DEBUG solana_runtime::message_processor::stable_log] Program TokenkegQfeZyiNwAJbNbGKPFXCWuBvf9Ss623VQ5DA consumed 6174 of 217839 compute units
[2025-11-05T06:35:17.466105000Z DEBUG solana_runtime::message_processor::stable_log] Program TokenkegQfeZyiNwAJbNbGKPFXCWuBvf9Ss623VQ5DA success
[2025-11-05T06:35:17.466177000Z DEBUG solana_runtime::message_processor::stable_log] Program ASmKWt93JEMHxbdE6j7znD9y2FcdPboCzC3xtSTJvN7S invoke [2]
[2025-11-05T06:35:17.466213000Z DEBUG solana_runtime::message_processor::stable_log] Program ASmKWt93JEMHxbdE6j7znD9y2FcdPboCzC3xtSTJvN7S consumed 2069 of 206584 compute units
[2025-11-05T06:35:17.466220000Z DEBUG solana_runtime::message_processor::stable_log] Program ASmKWt93JEMHxbdE6j7znD9y2FcdPboCzC3xtSTJvN7S success
[2025-11-05T06:35:17.466246000Z DEBUG solana_runtime::message_processor::stable_log] Program ASmKWt93JEMHxbdE6j7znD9y2FcdPboCzC3xtSTJvN7S consumed 146279 of 350000 compute units
[2025-11-05T06:35:17.466256000Z DEBUG solana_runtime::message_processor::stable_log] Program ASmKWt93JEMHxbdE6j7znD9y2FcdPboCzC3xtSTJvN7S success
[2025-11-05T06:35:17.466264000Z DEBUG solana_runtime::message_processor::stable_log] Program ComputeBudget111111111111111111111111111111 invoke [1]
[2025-11-05T06:35:17.466270000Z DEBUG solana_runtime::message_processor::stable_log] Program ComputeBudget111111111111111111111111111111 success
[2025-11-05T06:35:17.486245000Z DEBUG solana_runtime::message_processor::stable_log] Program 5B57SJ3g2YoNXUpsZqqjEQkRSxyKtVTQRXdgAirz6bio invoke [1]
[2025-11-05T06:35:17.486362000Z DEBUG solana_runtime::message_processor::stable_log] Program log: Instruction: InitializeHonoraryPosition
[2025-11-05T06:35:17.486513000Z DEBUG solana_runtime::message_processor::stable_log] Program 11111111111111111111111111111111 invoke [2]
[2025-11-05T06:35:17.486522000Z DEBUG solana_runtime::message_processor::stable_log] Program 11111111111111111111111111111111 success
[2025-11-05T06:35:17.486609000Z DEBUG solana_runtime::message_processor::stable_log] Program 11111111111111111111111111111111 invoke [2]
[2025-11-05T06:35:17.486612000Z DEBUG solana_runtime::message_processor::stable_log] Program 11111111111111111111111111111111 success
[2025-11-05T06:35:17.486641000Z DEBUG solana_runtime::message_processor::stable_log] Program TokenkegQfeZyiNwAJbNbGKPFXCWuBvf9Ss623VQ5DA invoke [2]
[2025-11-05T06:35:17.486673000Z DEBUG solana_runtime::message_processor::stable_log] Program log: Instruction: InitializeAccount3
[2025-11-05T06:35:17.486733000Z DEBUG solana_runtime::message_processor::stable_log] Program TokenkegQfeZyiNwAJbNbGKPFXCWuBvf9Ss623VQ5DA consumed 4214 of 177112 compute units
[2025-11-05T06:35:17.486742000Z DEBUG solana_runtime::message_processor::stable_log] Program TokenkegQfeZyiNwAJbNbGKPFXCWuBvf9Ss623VQ5DA success
[2025-11-05T06:35:17.486833000Z DEBUG solana_runtime::message_processor::stable_log] Program 11111111111111111111111111111111 invoke [2]
[2025-11-05T06:35:17.486837000Z DEBUG solana_runtime::message_processor::stable_log] Program 11111111111111111111111111111111 success
[2025-11-05T06:35:17.486876000Z DEBUG solana_runtime::message_processor::stable_log] Program TokenkegQfeZyiNwAJbNbGKPFXCWuBvf9Ss623VQ5DA invoke [2]
[2025-11-05T06:35:17.486940000Z DEBUG solana_runtime::message_processor::stable_log] Program log: Instruction: InitializeAccount3
[2025-11-05T06:35:17.486990000Z DEBUG solana_runtime::message_processor::stable_log] Program TokenkegQfeZyiNwAJbNbGKPFXCWuBvf9Ss623VQ5DA consumed 4214 of 163976 compute units
[2025-11-05T06:35:17.487000000Z DEBUG solana_runtime::message_processor::stable_log] Program TokenkegQfeZyiNwAJbNbGKPFXCWuBvf9Ss623VQ5DA success
[2025-11-05T06:35:17.487053000Z DEBUG solana_runtime::message_processor::stable_log] Program log: Creating honorary position through CP-AMM CPI
[2025-11-05T06:35:17.487131000Z DEBUG solana_runtime::message_processor::stable_log] Program ASmKWt93JEMHxbdE6j7znD9y2FcdPboCzC3xtSTJvN7S invoke [2]
[2025-11-05T06:35:17.487196000Z DEBUG solana_runtime::message_processor::stable_log] Program log: Instruction: CreatePosition
[2025-11-05T06:35:17.487264000Z DEBUG solana_runtime::message_processor::stable_log] Program 11111111111111111111111111111111 invoke [3]
[2025-11-05T06:35:17.487269000Z DEBUG solana_runtime::message_processor::stable_log] Program 11111111111111111111111111111111 success
[2025-11-05T06:35:17.487299000Z DEBUG solana_runtime::message_processor::stable_log] Program TokenzQdBNbLqP5VEhdkAS6EPFLC1PHnBqCXEpPxuEb invoke [3]
[2025-11-05T06:35:17.487330000Z DEBUG solana_runtime::message_processor::stable_log] Program log: MetadataPointerInstruction::Initialize
[2025-11-05T06:35:17.487365000Z DEBUG solana_runtime::message_processor::stable_log] Program TokenzQdBNbLqP5VEhdkAS6EPFLC1PHnBqCXEpPxuEb consumed 2442 of 138670 compute units
[2025-11-05T06:35:17.487377000Z DEBUG solana_runtime::message_processor::stable_log] Program TokenzQdBNbLqP5VEhdkAS6EPFLC1PHnBqCXEpPxuEb success
[2025-11-05T06:35:17.487405000Z DEBUG solana_runtime::message_processor::stable_log] Program TokenzQdBNbLqP5VEhdkAS6EPFLC1PHnBqCXEpPxuEb invoke [3]
[2025-11-05T06:35:17.487425000Z DEBUG solana_runtime::message_processor::stable_log] Program log: Instruction: InitializeMintCloseAuthority
[2025-11-05T06:35:17.487457000Z DEBUG solana_runtime::message_processor::stable_log] Program TokenzQdBNbLqP5VEhdkAS6EPFLC1PHnBqCXEpPxuEb consumed 2570 of 134250 compute units
[2025-11-05T06:35:17.487464000Z DEBUG solana_runtime::message_processor::stable_log] Program TokenzQdBNbLqP5VEhdkAS6EPFLC1PHnBqCXEpPxuEb success
[2025-11-05T06:35:17.487491000Z DEBUG solana_runtime::message_processor::stable_log] Program TokenzQdBNbLqP5VEhdkAS6EPFLC1PHnBqCXEpPxuEb invoke [3]
[2025-11-05T06:35:17.487513000Z DEBUG solana_runtime::message_processor::stable_log] Program log: Instruction: InitializeMint2
[2025-11-05T06:35:17.487570000Z DEBUG solana_runtime::message_processor::stable_log] Program TokenzQdBNbLqP5VEhdkAS6EPFLC1PHnBqCXEpPxuEb consumed 4078 of 129737 compute units
[2025-11-05T06:35:17.487577000Z DEBUG solana_runtime::message_processor::stable_log] Program TokenzQdBNbLqP5VEhdkAS6EPFLC1PHnBqCXEpPxuEb success
[2025-11-05T06:35:17.487699000Z DEBUG solana_runtime::message_processor::stable_log] Program 11111111111111111111111111111111 invoke [3]
[2025-11-05T06:35:17.487703000Z DEBUG solana_runtime::message_processor::stable_log] Program 11111111111111111111111111111111 success
[2025-11-05T06:35:17.487729000Z DEBUG solana_runtime::message_processor::stable_log] Program TokenzQdBNbLqP5VEhdkAS6EPFLC1PHnBqCXEpPxuEb invoke [3]
[2025-11-05T06:35:17.487752000Z DEBUG solana_runtime::message_processor::stable_log] Program log: Instruction: InitializeAccount3
[2025-11-05T06:35:17.487826000Z DEBUG solana_runtime::message_processor::stable_log] Program TokenzQdBNbLqP5VEhdkAS6EPFLC1PHnBqCXEpPxuEb consumed 5137 of 116053 compute units
[2025-11-05T06:35:17.487833000Z DEBUG solana_runtime::message_processor::stable_log] Program TokenzQdBNbLqP5VEhdkAS6EPFLC1PHnBqCXEpPxuEb success
[2025-11-05T06:35:17.487928000Z DEBUG solana_runtime::message_processor::stable_log] Program 11111111111111111111111111111111 invoke [3]
[2025-11-05T06:35:17.487931000Z DEBUG solana_runtime::message_processor::stable_log] Program 11111111111111111111111111111111 success
[2025-11-05T06:35:17.488031000Z DEBUG solana_runtime::message_processor::stable_log] Program TokenzQdBNbLqP5VEhdkAS6EPFLC1PHnBqCXEpPxuEb invoke [3]
[2025-11-05T06:35:17.488078000Z DEBUG solana_runtime::message_processor::stable_log] Program log: TokenMetadataInstruction: Initialize
[2025-11-05T06:35:17.488237000Z DEBUG solana_runtime::message_processor::stable_log] Program TokenzQdBNbLqP5VEhdkAS6EPFLC1PHnBqCXEpPxuEb consumed 9900 of 96323 compute units
[2025-11-05T06:35:17.488247000Z DEBUG solana_runtime::message_processor::stable_log] Program TokenzQdBNbLqP5VEhdkAS6EPFLC1PHnBqCXEpPxuEb success
[2025-11-05T06:35:17.488286000Z DEBUG solana_runtime::message_processor::stable_log] Program 11111111111111111111111111111111 invoke [3]
[2025-11-05T06:35:17.488289000Z DEBUG solana_runtime::message_processor::stable_log] Program 11111111111111111111111111111111 success
[2025-11-05T06:35:17.488326000Z DEBUG solana_runtime::message_processor::stable_log] Program TokenzQdBNbLqP5VEhdkAS6EPFLC1PHnBqCXEpPxuEb invoke [3]
[2025-11-05T06:35:17.488353000Z DEBUG solana_runtime::message_processor::stable_log] Program log: Instruction: MintTo
[2025-11-05T06:35:17.488424000Z DEBUG solana_runtime::message_processor::stable_log] Program TokenzQdBNbLqP5VEhdkAS6EPFLC1PHnBqCXEpPxuEb consumed 5540 of 81361 compute units
[2025-11-05T06:35:17.488432000Z DEBUG solana_runtime::message_processor::stable_log] Program TokenzQdBNbLqP5VEhdkAS6EPFLC1PHnBqCXEpPxuEb success
[2025-11-05T06:35:17.488481000Z DEBUG solana_runtime::message_processor::stable_log] Program ASmKWt93JEMHxbdE6j7znD9y2FcdPboCzC3xtSTJvN7S invoke [3]
[2025-11-05T06:35:17.488514000Z DEBUG solana_runtime::message_processor::stable_log] Program ASmKWt93JEMHxbdE6j7znD9y2FcdPboCzC3xtSTJvN7S consumed 2069 of 72755 compute units
[2025-11-05T06:35:17.488524000Z DEBUG solana_runtime::message_processor::stable_log] Program ASmKWt93JEMHxbdE6j7znD9y2FcdPboCzC3xtSTJvN7S success
[2025-11-05T06:35:17.488543000Z DEBUG solana_runtime::message_processor::stable_log] Program ASmKWt93JEMHxbdE6j7znD9y2FcdPboCzC3xtSTJvN7S consumed 77600 of 147714 compute units
[2025-11-05T06:35:17.488552000Z DEBUG solana_runtime::message_processor::stable_log] Program ASmKWt93JEMHxbdE6j7znD9y2FcdPboCzC3xtSTJvN7S success
[2025-11-05T06:35:17.488577000Z DEBUG solana_runtime::message_processor::stable_log] Program data: B9TwvmYpSyludSwSx6uuKsy+vIewE6T1T32lOKfyEmNldskEEyKDEY39tC4ub04cNM+pLTEtyjHY/m/nzfBrDutzk512F1cQYpIBLUAl1uB6PyDN0jHrDheZG60deaa/ymgjZJjqJCuuUKnvMeREpbcggCC3+XjsZUUVvbsDHuuIZoMVV+8vz8lbfC0eBASziTfq2Yz8VVKS8pNUoesnKZfHWoYe9MLGJfAKaQAAAAA=
[2025-11-05T06:35:17.488595000Z DEBUG solana_runtime::message_processor::stable_log] Program 5B57SJ3g2YoNXUpsZqqjEQkRSxyKtVTQRXdgAirz6bio consumed 131980 of 200000 compute units
[2025-11-05T06:35:17.488606000Z DEBUG solana_runtime::message_processor::stable_log] Program 5B57SJ3g2YoNXUpsZqqjEQkRSxyKtVTQRXdgAirz6bio success
[2025-11-05T06:35:17.506338000Z DEBUG solana_runtime::message_processor::stable_log] Program 5B57SJ3g2YoNXUpsZqqjEQkRSxyKtVTQRXdgAirz6bio invoke [1]
[2025-11-05T06:35:17.506454000Z DEBUG solana_runtime::message_processor::stable_log] Program log: Instruction: AddHonoraryLiquidity
[2025-11-05T06:35:17.506726000Z DEBUG solana_runtime::message_processor::stable_log] Program log: Adding liquidity to honorary position
[2025-11-05T06:35:17.506771000Z DEBUG solana_runtime::message_processor::stable_log] Program TokenkegQfeZyiNwAJbNbGKPFXCWuBvf9Ss623VQ5DA invoke [2]
[2025-11-05T06:35:17.506866000Z DEBUG solana_runtime::message_processor::stable_log] Program log: Instruction: TransferChecked
[2025-11-05T06:35:17.506947000Z DEBUG solana_runtime::message_processor::stable_log] Program TokenkegQfeZyiNwAJbNbGKPFXCWuBvf9Ss623VQ5DA consumed 6174 of 171243 compute units
[2025-11-05T06:35:17.506961000Z DEBUG solana_runtime::message_processor::stable_log] Program TokenkegQfeZyiNwAJbNbGKPFXCWuBvf9Ss623VQ5DA success
[2025-11-05T06:35:17.507007000Z DEBUG solana_runtime::message_processor::stable_log] Program TokenkegQfeZyiNwAJbNbGKPFXCWuBvf9Ss623VQ5DA invoke [2]
[2025-11-05T06:35:17.507038000Z DEBUG solana_runtime::message_processor::stable_log] Program log: Instruction: TransferChecked
[2025-11-05T06:35:17.507108000Z DEBUG solana_runtime::message_processor::stable_log] Program TokenkegQfeZyiNwAJbNbGKPFXCWuBvf9Ss623VQ5DA consumed 6174 of 162336 compute units
[2025-11-05T06:35:17.507116000Z DEBUG solana_runtime::message_processor::stable_log] Program TokenkegQfeZyiNwAJbNbGKPFXCWuBvf9Ss623VQ5DA success
[2025-11-05T06:35:17.507258000Z DEBUG solana_runtime::message_processor::stable_log] Program ASmKWt93JEMHxbdE6j7znD9y2FcdPboCzC3xtSTJvN7S invoke [2]
[2025-11-05T06:35:17.507344000Z DEBUG solana_runtime::message_processor::stable_log] Program log: Instruction: AddLiquidity
[2025-11-05T06:35:17.507618000Z DEBUG solana_runtime::message_processor::stable_log] Program TokenkegQfeZyiNwAJbNbGKPFXCWuBvf9Ss623VQ5DA invoke [3]
[2025-11-05T06:35:17.507654000Z DEBUG solana_runtime::message_processor::stable_log] Program log: Instruction: TransferChecked
[2025-11-05T06:35:17.507725000Z DEBUG solana_runtime::message_processor::stable_log] Program TokenkegQfeZyiNwAJbNbGKPFXCWuBvf9Ss623VQ5DA consumed 6174 of 123756 compute units
[2025-11-05T06:35:17.507734000Z DEBUG solana_runtime::message_processor::stable_log] Program TokenkegQfeZyiNwAJbNbGKPFXCWuBvf9Ss623VQ5DA success
[2025-11-05T06:35:17.507773000Z DEBUG solana_runtime::message_processor::stable_log] Program TokenkegQfeZyiNwAJbNbGKPFXCWuBvf9Ss623VQ5DA invoke [3]
[2025-11-05T06:35:17.507802000Z DEBUG solana_runtime::message_processor::stable_log] Program log: Instruction: TransferChecked
[2025-11-05T06:35:17.507867000Z DEBUG solana_runtime::message_processor::stable_log] Program TokenkegQfeZyiNwAJbNbGKPFXCWuBvf9Ss623VQ5DA consumed 6174 of 115172 compute units
[2025-11-05T06:35:17.507875000Z DEBUG solana_runtime::message_processor::stable_log] Program TokenkegQfeZyiNwAJbNbGKPFXCWuBvf9Ss623VQ5DA success
[2025-11-05T06:35:17.507924000Z DEBUG solana_runtime::message_processor::stable_log] Program ASmKWt93JEMHxbdE6j7znD9y2FcdPboCzC3xtSTJvN7S invoke [3]
[2025-11-05T06:35:17.507955000Z DEBUG solana_runtime::message_processor::stable_log] Program ASmKWt93JEMHxbdE6j7znD9y2FcdPboCzC3xtSTJvN7S consumed 2069 of 105744 compute units
[2025-11-05T06:35:17.507963000Z DEBUG solana_runtime::message_processor::stable_log] Program ASmKWt93JEMHxbdE6j7znD9y2FcdPboCzC3xtSTJvN7S success
[2025-11-05T06:35:17.508065000Z DEBUG solana_runtime::message_processor::stable_log] Program ASmKWt93JEMHxbdE6j7znD9y2FcdPboCzC3xtSTJvN7S invoke [3]
[2025-11-05T06:35:17.508105000Z DEBUG solana_runtime::message_processor::stable_log] Program ASmKWt93JEMHxbdE6j7znD9y2FcdPboCzC3xtSTJvN7S consumed 2069 of 97241 compute units
[2025-11-05T06:35:17.508113000Z DEBUG solana_runtime::message_processor::stable_log] Program ASmKWt93JEMHxbdE6j7znD9y2FcdPboCzC3xtSTJvN7S success
[2025-11-05T06:35:17.508134000Z DEBUG solana_runtime::message_processor::stable_log] Program ASmKWt93JEMHxbdE6j7znD9y2FcdPboCzC3xtSTJvN7S consumed 50736 of 145267 compute units
[2025-11-05T06:35:17.508143000Z DEBUG solana_runtime::message_processor::stable_log] Program ASmKWt93JEMHxbdE6j7znD9y2FcdPboCzC3xtSTJvN7S success
[2025-11-05T06:35:17.508174000Z DEBUG solana_runtime::message_processor::stable_log] Program log: Successfully added 1844674407370955161600 liquidity to honorary position
[2025-11-05T06:35:17.508187000Z DEBUG solana_runtime::message_processor::stable_log] Program 5B57SJ3g2YoNXUpsZqqjEQkRSxyKtVTQRXdgAirz6bio consumed 107147 of 200000 compute units
[2025-11-05T06:35:17.508198000Z DEBUG solana_runtime::message_processor::stable_log] Program 5B57SJ3g2YoNXUpsZqqjEQkRSxyKtVTQRXdgAirz6bio success
[2025-11-05T06:35:17.525830000Z DEBUG solana_runtime::message_processor::stable_log] Program ASmKWt93JEMHxbdE6j7znD9y2FcdPboCzC3xtSTJvN7S invoke [1]
[2025-11-05T06:35:17.525993000Z DEBUG solana_runtime::message_processor::stable_log] Program log: Instruction: Swap
[2025-11-05T06:35:17.526296000Z DEBUG solana_runtime::message_processor::stable_log] Program TokenkegQfeZyiNwAJbNbGKPFXCWuBvf9Ss623VQ5DA invoke [2]
[2025-11-05T06:35:17.526340000Z DEBUG solana_runtime::message_processor::stable_log] Program log: Instruction: TransferChecked
[2025-11-05T06:35:17.526417000Z DEBUG solana_runtime::message_processor::stable_log] Program TokenkegQfeZyiNwAJbNbGKPFXCWuBvf9Ss623VQ5DA consumed 6174 of 177262 compute units
[2025-11-05T06:35:17.526427000Z DEBUG solana_runtime::message_processor::stable_log] Program TokenkegQfeZyiNwAJbNbGKPFXCWuBvf9Ss623VQ5DA success
[2025-11-05T06:35:17.526486000Z DEBUG solana_runtime::message_processor::stable_log] Program TokenkegQfeZyiNwAJbNbGKPFXCWuBvf9Ss623VQ5DA invoke [2]
[2025-11-05T06:35:17.526519000Z DEBUG solana_runtime::message_processor::stable_log] Program log: Instruction: TransferChecked
[2025-11-05T06:35:17.526594000Z DEBUG solana_runtime::message_processor::stable_log] Program TokenkegQfeZyiNwAJbNbGKPFXCWuBvf9Ss623VQ5DA consumed 6174 of 168624 compute units
[2025-11-05T06:35:17.526602000Z DEBUG solana_runtime::message_processor::stable_log] Program TokenkegQfeZyiNwAJbNbGKPFXCWuBvf9Ss623VQ5DA success
[2025-11-05T06:35:17.526702000Z DEBUG solana_runtime::message_processor::stable_log] Program ASmKWt93JEMHxbdE6j7znD9y2FcdPboCzC3xtSTJvN7S invoke [2]
[2025-11-05T06:35:17.526790000Z DEBUG solana_runtime::message_processor::stable_log] Program ASmKWt93JEMHxbdE6j7znD9y2FcdPboCzC3xtSTJvN7S consumed 2069 of 156440 compute units
[2025-11-05T06:35:17.526802000Z DEBUG solana_runtime::message_processor::stable_log] Program ASmKWt93JEMHxbdE6j7znD9y2FcdPboCzC3xtSTJvN7S success
[2025-11-05T06:35:17.526856000Z DEBUG solana_runtime::message_processor::stable_log] Program ASmKWt93JEMHxbdE6j7znD9y2FcdPboCzC3xtSTJvN7S invoke [2]
[2025-11-05T06:35:17.526885000Z DEBUG solana_runtime::message_processor::stable_log] Program ASmKWt93JEMHxbdE6j7znD9y2FcdPboCzC3xtSTJvN7S consumed 2069 of 150742 compute units
[2025-11-05T06:35:17.526893000Z DEBUG solana_runtime::message_processor::stable_log] Program ASmKWt93JEMHxbdE6j7znD9y2FcdPboCzC3xtSTJvN7S success
[2025-11-05T06:35:17.526911000Z DEBUG solana_runtime::message_processor::stable_log] Program ASmKWt93JEMHxbdE6j7znD9y2FcdPboCzC3xtSTJvN7S consumed 51861 of 200000 compute units
[2025-11-05T06:35:17.526921000Z DEBUG solana_runtime::message_processor::stable_log] Program ASmKWt93JEMHxbdE6j7znD9y2FcdPboCzC3xtSTJvN7S success
[2025-11-05T06:35:17.533271000Z DEBUG solana_runtime::message_processor::stable_log] Program 5B57SJ3g2YoNXUpsZqqjEQkRSxyKtVTQRXdgAirz6bio invoke [1]
[2025-11-05T06:35:17.533344000Z DEBUG solana_runtime::message_processor::stable_log] Program log: Instruction: SetupPolicy
[2025-11-05T06:35:17.533447000Z DEBUG solana_runtime::message_processor::stable_log] Program 11111111111111111111111111111111 invoke [2]
[2025-11-05T06:35:17.533456000Z DEBUG solana_runtime::message_processor::stable_log] Program 11111111111111111111111111111111 success
[2025-11-05T06:35:17.533584000Z DEBUG solana_runtime::message_processor::stable_log] Program 11111111111111111111111111111111 invoke [2]
[2025-11-05T06:35:17.533589000Z DEBUG solana_runtime::message_processor::stable_log] Program 11111111111111111111111111111111 success
[2025-11-05T06:35:17.533628000Z DEBUG solana_runtime::message_processor::stable_log] Program data: HFXHbHKxoyZudSwSx6uuKsy+vIewE6T1T32lOKfyEmNldskEEyKDEQoKfqSz02amupl9mGG7MA0h27XDGw1gCc97u75Hx4aGiBMA4fUFAAAAACXwCmkAAAAA
[2025-11-05T06:35:17.533654000Z DEBUG solana_runtime::message_processor::stable_log] Program 5B57SJ3g2YoNXUpsZqqjEQkRSxyKtVTQRXdgAirz6bio consumed 16526 of 200000 compute units
[2025-11-05T06:35:17.533665000Z DEBUG solana_runtime::message_processor::stable_log] Program 5B57SJ3g2YoNXUpsZqqjEQkRSxyKtVTQRXdgAirz6bio success
[2025-11-05T06:35:17.542461000Z DEBUG solana_runtime::message_processor::stable_log] Program 11111111111111111111111111111111 invoke [1]
[2025-11-05T06:35:17.542477000Z DEBUG solana_runtime::message_processor::stable_log] Program 11111111111111111111111111111111 success
  Stream 0: 100% locked, expected locked amount: 100000000, amount_per_period: 273224
[2025-11-05T06:35:17.546705000Z DEBUG solana_runtime::message_processor::stable_log] Program ATokenGPvbdGVxr1b2hvZbsiqW5xWH25efTNsLJA8knL invoke [1]
[2025-11-05T06:35:17.546777000Z DEBUG solana_runtime::message_processor::stable_log] Program log: Create
[2025-11-05T06:35:17.546836000Z DEBUG solana_runtime::message_processor::stable_log] Program TokenkegQfeZyiNwAJbNbGKPFXCWuBvf9Ss623VQ5DA invoke [2]
[2025-11-05T06:35:17.546867000Z DEBUG solana_runtime::message_processor::stable_log] Program log: Instruction: GetAccountDataSize
[2025-11-05T06:35:17.546885000Z DEBUG solana_runtime::message_processor::stable_log] Program TokenkegQfeZyiNwAJbNbGKPFXCWuBvf9Ss623VQ5DA consumed 1595 of 193055 compute units
[2025-11-05T06:35:17.546892000Z DEBUG solana_runtime::message_processor::stable_log] Program return: TokenkegQfeZyiNwAJbNbGKPFXCWuBvf9Ss623VQ5DA pQAAAAAAAAA=
[2025-11-05T06:35:17.546901000Z DEBUG solana_runtime::message_processor::stable_log] Program TokenkegQfeZyiNwAJbNbGKPFXCWuBvf9Ss623VQ5DA success
[2025-11-05T06:35:17.546958000Z DEBUG solana_runtime::message_processor::stable_log] Program 11111111111111111111111111111111 invoke [2]
[2025-11-05T06:35:17.546965000Z DEBUG solana_runtime::message_processor::stable_log] Program 11111111111111111111111111111111 success
[2025-11-05T06:35:17.546970000Z DEBUG solana_runtime::message_processor::stable_log] Program log: Initialize the associated token account
[2025-11-05T06:35:17.546988000Z DEBUG solana_runtime::message_processor::stable_log] Program TokenkegQfeZyiNwAJbNbGKPFXCWuBvf9Ss623VQ5DA invoke [2]
[2025-11-05T06:35:17.547011000Z DEBUG solana_runtime::message_processor::stable_log] Program log: Instruction: InitializeImmutableOwner
[2025-11-05T06:35:17.547022000Z DEBUG solana_runtime::message_processor::stable_log] Program log: Please upgrade to SPL Token 2022 for immutable owner support
[2025-11-05T06:35:17.547026000Z DEBUG solana_runtime::message_processor::stable_log] Program TokenkegQfeZyiNwAJbNbGKPFXCWuBvf9Ss623VQ5DA consumed 1405 of 186442 compute units
[2025-11-05T06:35:17.547033000Z DEBUG solana_runtime::message_processor::stable_log] Program TokenkegQfeZyiNwAJbNbGKPFXCWuBvf9Ss623VQ5DA success
[2025-11-05T06:35:17.547066000Z DEBUG solana_runtime::message_processor::stable_log] Program TokenkegQfeZyiNwAJbNbGKPFXCWuBvf9Ss623VQ5DA invoke [2]
[2025-11-05T06:35:17.547092000Z DEBUG solana_runtime::message_processor::stable_log] Program log: Instruction: InitializeAccount3
[2025-11-05T06:35:17.547154000Z DEBUG solana_runtime::message_processor::stable_log] Program TokenkegQfeZyiNwAJbNbGKPFXCWuBvf9Ss623VQ5DA consumed 4214 of 182558 compute units
[2025-11-05T06:35:17.547165000Z DEBUG solana_runtime::message_processor::stable_log] Program TokenkegQfeZyiNwAJbNbGKPFXCWuBvf9Ss623VQ5DA success
[2025-11-05T06:35:17.547178000Z DEBUG solana_runtime::message_processor::stable_log] Program ATokenGPvbdGVxr1b2hvZbsiqW5xWH25efTNsLJA8knL consumed 21960 of 200000 compute units
[2025-11-05T06:35:17.547187000Z DEBUG solana_runtime::message_processor::stable_log] Program ATokenGPvbdGVxr1b2hvZbsiqW5xWH25efTNsLJA8knL success
[2025-11-05T06:35:17.563923000Z DEBUG solana_runtime::message_processor::stable_log] Program ComputeBudget111111111111111111111111111111 invoke [1]
[2025-11-05T06:35:17.563937000Z DEBUG solana_runtime::message_processor::stable_log] Program ComputeBudget111111111111111111111111111111 success
[2025-11-05T06:35:17.563946000Z DEBUG solana_runtime::message_processor::stable_log] Program 5B57SJ3g2YoNXUpsZqqjEQkRSxyKtVTQRXdgAirz6bio invoke [1]
[2025-11-05T06:35:17.564079000Z DEBUG solana_runtime::message_processor::stable_log] Program log: Instruction: CrankDistribution
[2025-11-05T06:35:17.564483000Z DEBUG solana_runtime::message_processor::stable_log] Program log: === DEBUG: Before claiming fees ===
[2025-11-05T06:35:17.564497000Z DEBUG solana_runtime::message_processor::stable_log] Program log: Pool collect_fee_mode: 1
[2025-11-05T06:35:17.564612000Z DEBUG solana_runtime::message_processor::stable_log] Program log: Pool token_a_mint: Hn4cJgvZBXroAsTKibmgTz7HC8a8N8vCPG3hE77xtphh
[2025-11-05T06:35:17.564722000Z DEBUG solana_runtime::message_processor::stable_log] Program log: Pool token_b_mint: CjTHBBgWmVRnpz4Nmao35WcwcVDF8962yisSrNqMhqft
[2025-11-05T06:35:17.564830000Z DEBUG solana_runtime::message_processor::stable_log] Program log: Quote mint: CjTHBBgWmVRnpz4Nmao35WcwcVDF8962yisSrNqMhqft
[2025-11-05T06:35:17.564940000Z DEBUG solana_runtime::message_processor::stable_log] Program log: Base mint: Hn4cJgvZBXroAsTKibmgTz7HC8a8N8vCPG3hE77xtphh
[2025-11-05T06:35:17.564955000Z DEBUG solana_runtime::message_processor::stable_log] Program log: Position unlocked_liquidity: 1844674407370955161600
[2025-11-05T06:35:17.564962000Z DEBUG solana_runtime::message_processor::stable_log] Program log: Position vested_liquidity: 0
[2025-11-05T06:35:17.564969000Z DEBUG solana_runtime::message_processor::stable_log] Program log: Position permanent_locked_liquidity: 0
[2025-11-05T06:35:17.564975000Z DEBUG solana_runtime::message_processor::stable_log] Program log: Position fee_a_pending: 0
[2025-11-05T06:35:17.564981000Z DEBUG solana_runtime::message_processor::stable_log] Program log: Position fee_b_pending: 0
[2025-11-05T06:35:17.564987000Z DEBUG solana_runtime::message_processor::stable_log] Program log: Position fee_a_checkpoint (first 8 bytes): 0
[2025-11-05T06:35:17.564992000Z DEBUG solana_runtime::message_processor::stable_log] Program log: Position fee_b_checkpoint (first 8 bytes): 0
[2025-11-05T06:35:17.564999000Z DEBUG solana_runtime::message_processor::stable_log] Program log: Pool fee_a_per_liquidity (first 8 bytes): 0
[2025-11-05T06:35:17.565004000Z DEBUG solana_runtime::message_processor::stable_log] Program log: Pool fee_b_per_liquidity (first 8 bytes): 0
[2025-11-05T06:35:17.565017000Z DEBUG solana_runtime::message_processor::stable_log] Program log: Pool liquidity: 3689348814741910323200
[2025-11-05T06:35:17.565024000Z DEBUG solana_runtime::message_processor::stable_log] Program log: Treasury quote balance before: 99999999999999999
[2025-11-05T06:35:17.565031000Z DEBUG solana_runtime::message_processor::stable_log] Program log: Treasury base balance before: 99999785255671124
[2025-11-05T06:35:17.565033000Z DEBUG solana_runtime::message_processor::stable_log] Program log: Claiming position fees from CP-AMM
[2025-11-05T06:35:17.565132000Z DEBUG solana_runtime::message_processor::stable_log] Program ASmKWt93JEMHxbdE6j7znD9y2FcdPboCzC3xtSTJvN7S invoke [2]
[2025-11-05T06:35:17.565215000Z DEBUG solana_runtime::message_processor::stable_log] Program log: Instruction: ClaimPositionFee
[2025-11-05T06:35:17.565439000Z DEBUG solana_runtime::message_processor::stable_log] Program TokenkegQfeZyiNwAJbNbGKPFXCWuBvf9Ss623VQ5DA invoke [3]
[2025-11-05T06:35:17.565480000Z DEBUG solana_runtime::message_processor::stable_log] Program log: Instruction: TransferChecked
[2025-11-05T06:35:17.565559000Z DEBUG solana_runtime::message_processor::stable_log] Program TokenkegQfeZyiNwAJbNbGKPFXCWuBvf9Ss623VQ5DA consumed 6174 of 280854 compute units
[2025-11-05T06:35:17.565572000Z DEBUG solana_runtime::message_processor::stable_log] Program TokenkegQfeZyiNwAJbNbGKPFXCWuBvf9Ss623VQ5DA success
[2025-11-05T06:35:17.565616000Z DEBUG solana_runtime::message_processor::stable_log] Program ASmKWt93JEMHxbdE6j7znD9y2FcdPboCzC3xtSTJvN7S invoke [3]
[2025-11-05T06:35:17.565647000Z DEBUG solana_runtime::message_processor::stable_log] Program ASmKWt93JEMHxbdE6j7znD9y2FcdPboCzC3xtSTJvN7S consumed 2069 of 271940 compute units
[2025-11-05T06:35:17.565655000Z DEBUG solana_runtime::message_processor::stable_log] Program ASmKWt93JEMHxbdE6j7znD9y2FcdPboCzC3xtSTJvN7S success
[2025-11-05T06:35:17.565674000Z DEBUG solana_runtime::message_processor::stable_log] Program ASmKWt93JEMHxbdE6j7znD9y2FcdPboCzC3xtSTJvN7S consumed 30035 of 299365 compute units
[2025-11-05T06:35:17.565684000Z DEBUG solana_runtime::message_processor::stable_log] Program ASmKWt93JEMHxbdE6j7znD9y2FcdPboCzC3xtSTJvN7S success
[2025-11-05T06:35:17.565724000Z DEBUG solana_runtime::message_processor::stable_log] Program log: === DEBUG: After claiming fees ===
[2025-11-05T06:35:17.565736000Z DEBUG solana_runtime::message_processor::stable_log] Program log: Treasury quote balance after: 100000000000000999
[2025-11-05T06:35:17.565745000Z DEBUG solana_runtime::message_processor::stable_log] Program log: Treasury base balance after: 99999785255671124
[2025-11-05T06:35:17.565752000Z DEBUG solana_runtime::message_processor::stable_log] Program log: Quote tokens claimed: 1000
[2025-11-05T06:35:17.565760000Z DEBUG solana_runtime::message_processor::stable_log] Program data: fzkUsNcjWlhudSwSx6uuKsy+vIewE6T1T32lOKfyEmNldskEEyKDEegDAAAAAAAAJfAKaQAAAAA=
[2025-11-05T06:35:17.565881000Z DEBUG solana_runtime::message_processor::stable_log] Program TokenkegQfeZyiNwAJbNbGKPFXCWuBvf9Ss623VQ5DA invoke [2]
[2025-11-05T06:35:17.565917000Z DEBUG solana_runtime::message_processor::stable_log] Program log: Instruction: TransferChecked
[2025-11-05T06:35:17.565987000Z DEBUG solana_runtime::message_processor::stable_log] Program TokenkegQfeZyiNwAJbNbGKPFXCWuBvf9Ss623VQ5DA consumed 6174 of 258006 compute units
[2025-11-05T06:35:17.565995000Z DEBUG solana_runtime::message_processor::stable_log] Program TokenkegQfeZyiNwAJbNbGKPFXCWuBvf9Ss623VQ5DA success
[2025-11-05T06:35:17.566009000Z DEBUG solana_runtime::message_processor::stable_log] Program data: jhY1V/E9sS1udSwSx6uuKsy+vIewE6T1T32lOKfyEmNldskEEyKDEfQBAAAAAAAAAAAAAAAAAAAl8AppAAAAAA==
[2025-11-05T06:35:17.566014000Z DEBUG solana_runtime::message_processor::stable_log] Program data: KjXqZeHwy3ludSwSx6uuKsy+vIewE6T1T32lOKfyEmNldskEEyKDEQAAAAABAAAAAQAAAAAAAAAAAAAA9AEAAAAAAAAl8AppAAAAAA==
[2025-11-05T06:35:17.566048000Z DEBUG solana_runtime::message_processor::stable_log] Program 5B57SJ3g2YoNXUpsZqqjEQkRSxyKtVTQRXdgAirz6bio consumed 150713 of 399850 compute units
[2025-11-05T06:35:17.566058000Z DEBUG solana_runtime::message_processor::stable_log] Program 5B57SJ3g2YoNXUpsZqqjEQkRSxyKtVTQRXdgAirz6bio success
      ✔ Should verify base treasury stays zero during fee claims (base fee detection) (140ms)
    2. Setup Distribution Policy
[2025-11-05T06:35:17.567695000Z INFO  solana_program_test] "cp_amm" SBF program from ./target/deploy/cp_amm.so, modified 24 minutes, 24 seconds, 915 ms, 12 µs and 203 ns ago
[2025-11-05T06:35:17.567876000Z INFO  solana_program_test] "fee_router" SBF program from ./target/deploy/fee_router.so, modified 27 seconds, 652 ms, 135 µs and 331 ns ago
[2025-11-05T06:35:17.568050000Z INFO  solana_program_test] "transfer_hook_counter" SBF program from tests/fixtures/transfer_hook_counter.so, modified 3 weeks, 22 hours, 58 minutes, 52 seconds, 393 ms, 650 µs and 196 ns ago
[2025-11-05T06:35:17.568282000Z INFO  solana_program_test] "alpha_vault" SBF program from tests/fixtures/alpha_vault.so, modified 3 weeks, 22 hours, 58 minutes, 52 seconds, 394 ms, 569 µs and 72 ns ago
[2025-11-05T06:35:17.568541000Z INFO  solana_program_test] "streamflow" SBF program from tests/fixtures/streamflow.so, modified 3 weeks, 6 hours, 59 minutes, 2 seconds, 279 ms, 457 µs and 387 ns ago
[2025-11-05T06:35:17.568785000Z INFO  solana_program_test] "cp_amm" SBF program from ./target/deploy/cp_amm.so, modified 24 minutes, 24 seconds, 916 ms, 104 µs and 203 ns ago
[2025-11-05T06:35:17.568904000Z INFO  solana_program_test] "fee_router" SBF program from ./target/deploy/fee_router.so, modified 27 seconds, 653 ms, 164 µs and 331 ns ago
[2025-11-05T06:35:17.586094000Z INFO  solana_program_test] Overriding account at ASmKWt93JEMHxbdE6j7znD9y2FcdPboCzC3xtSTJvN7S
[2025-11-05T06:35:17.586110000Z INFO  solana_program_test] Overriding account at 5B57SJ3g2YoNXUpsZqqjEQkRSxyKtVTQRXdgAirz6bio
[2025-11-05T06:35:17.596473000Z DEBUG solana_runtime::message_processor::stable_log] Program 11111111111111111111111111111111 invoke [1]
[2025-11-05T06:35:17.596486000Z DEBUG solana_runtime::message_processor::stable_log] Program 11111111111111111111111111111111 success
[2025-11-05T06:35:17.599828000Z DEBUG solana_runtime::message_processor::stable_log] Program 11111111111111111111111111111111 invoke [1]
[2025-11-05T06:35:17.599851000Z DEBUG solana_runtime::message_processor::stable_log] Program 11111111111111111111111111111111 success
[2025-11-05T06:35:17.609497000Z DEBUG solana_runtime::message_processor::stable_log] Program 5B57SJ3g2YoNXUpsZqqjEQkRSxyKtVTQRXdgAirz6bio invoke [1]
[2025-11-05T06:35:17.609562000Z DEBUG solana_runtime::message_processor::stable_log] Program log: Instruction: SetupPolicy
[2025-11-05T06:35:17.609638000Z DEBUG solana_runtime::message_processor::stable_log] Program 11111111111111111111111111111111 invoke [2]
[2025-11-05T06:35:17.609647000Z DEBUG solana_runtime::message_processor::stable_log] Program 11111111111111111111111111111111 success
[2025-11-05T06:35:17.609743000Z DEBUG solana_runtime::message_processor::stable_log] Program 11111111111111111111111111111111 invoke [2]
[2025-11-05T06:35:17.609747000Z DEBUG solana_runtime::message_processor::stable_log] Program 11111111111111111111111111111111 success
[2025-11-05T06:35:17.609783000Z DEBUG solana_runtime::message_processor::stable_log] Program data: HFXHbHKxoyZslIx8juioVDyQf40I3ncP0Q8kTdTODwa+KIAcVJZbsvYPczaLzYbKpWWAsZSudajz55tb5WCza9KjquHcBECXiBMA4fUFAAAAACXwCmkAAAAA
[2025-11-05T06:35:17.609810000Z DEBUG solana_runtime::message_processor::stable_log] Program 5B57SJ3g2YoNXUpsZqqjEQkRSxyKtVTQRXdgAirz6bio consumed 18191 of 200000 compute units
[2025-11-05T06:35:17.609820000Z DEBUG solana_runtime::message_processor::stable_log] Program 5B57SJ3g2YoNXUpsZqqjEQkRSxyKtVTQRXdgAirz6bio success
      ✔ Should successfully setup policy with valid parameters
[2025-11-05T06:35:17.614503000Z INFO  solana_program_test] "cp_amm" SBF program from ./target/deploy/cp_amm.so, modified 24 minutes, 24 seconds, 961 ms, 819 µs and 203 ns ago
[2025-11-05T06:35:17.614649000Z INFO  solana_program_test] "fee_router" SBF program from ./target/deploy/fee_router.so, modified 27 seconds, 698 ms, 909 µs and 331 ns ago
[2025-11-05T06:35:17.614780000Z INFO  solana_program_test] "transfer_hook_counter" SBF program from tests/fixtures/transfer_hook_counter.so, modified 3 weeks, 22 hours, 58 minutes, 52 seconds, 440 ms, 380 µs and 196 ns ago
[2025-11-05T06:35:17.614986000Z INFO  solana_program_test] "alpha_vault" SBF program from tests/fixtures/alpha_vault.so, modified 3 weeks, 22 hours, 58 minutes, 52 seconds, 441 ms, 272 µs and 72 ns ago
[2025-11-05T06:35:17.615306000Z INFO  solana_program_test] "streamflow" SBF program from tests/fixtures/streamflow.so, modified 3 weeks, 6 hours, 59 minutes, 2 seconds, 326 ms, 222 µs and 387 ns ago
[2025-11-05T06:35:17.615676000Z INFO  solana_program_test] "cp_amm" SBF program from ./target/deploy/cp_amm.so, modified 24 minutes, 24 seconds, 962 ms, 993 µs and 203 ns ago
[2025-11-05T06:35:17.615841000Z INFO  solana_program_test] "fee_router" SBF program from ./target/deploy/fee_router.so, modified 27 seconds, 700 ms, 101 µs and 331 ns ago
[2025-11-05T06:35:17.633904000Z INFO  solana_program_test] Overriding account at ASmKWt93JEMHxbdE6j7znD9y2FcdPboCzC3xtSTJvN7S
[2025-11-05T06:35:17.633919000Z INFO  solana_program_test] Overriding account at 5B57SJ3g2YoNXUpsZqqjEQkRSxyKtVTQRXdgAirz6bio
[2025-11-05T06:35:17.644205000Z DEBUG solana_runtime::message_processor::stable_log] Program 11111111111111111111111111111111 invoke [1]
[2025-11-05T06:35:17.644217000Z DEBUG solana_runtime::message_processor::stable_log] Program 11111111111111111111111111111111 success
[2025-11-05T06:35:17.647413000Z DEBUG solana_runtime::message_processor::stable_log] Program 11111111111111111111111111111111 invoke [1]
[2025-11-05T06:35:17.647422000Z DEBUG solana_runtime::message_processor::stable_log] Program 11111111111111111111111111111111 success
[2025-11-05T06:35:17.658437000Z DEBUG solana_runtime::message_processor::stable_log] Program 5B57SJ3g2YoNXUpsZqqjEQkRSxyKtVTQRXdgAirz6bio invoke [1]
[2025-11-05T06:35:17.658501000Z DEBUG solana_runtime::message_processor::stable_log] Program log: Instruction: SetupPolicy
[2025-11-05T06:35:17.658614000Z DEBUG solana_runtime::message_processor::stable_log] Program 11111111111111111111111111111111 invoke [2]
[2025-11-05T06:35:17.658623000Z DEBUG solana_runtime::message_processor::stable_log] Program 11111111111111111111111111111111 success
[2025-11-05T06:35:17.658714000Z DEBUG solana_runtime::message_processor::stable_log] Program 11111111111111111111111111111111 invoke [2]
[2025-11-05T06:35:17.658718000Z DEBUG solana_runtime::message_processor::stable_log] Program 11111111111111111111111111111111 success
[2025-11-05T06:35:17.658773000Z DEBUG solana_runtime::message_processor::stable_log] Program log: AnchorError thrown in programs/fee_router/src/instructions/setup_policy.rs:49. Error Code: InvalidPoolConfiguration. Error Number: 12006. Error Message: Invalid pool configuration - not compatible with quote-only requirements.
[2025-11-05T06:35:17.658781000Z DEBUG solana_runtime::message_processor::stable_log] Program 5B57SJ3g2YoNXUpsZqqjEQkRSxyKtVTQRXdgAirz6bio consumed 25025 of 200000 compute units
[2025-11-05T06:35:17.658814000Z DEBUG solana_runtime::message_processor::stable_log] Program 5B57SJ3g2YoNXUpsZqqjEQkRSxyKtVTQRXdgAirz6bio failed: custom program error: 0x2ee6
      ✔ Should reject invalid investor_fee_share_bps (> 10000)
[2025-11-05T06:35:17.660620000Z INFO  solana_program_test] "cp_amm" SBF program from ./target/deploy/cp_amm.so, modified 24 minutes, 25 seconds, 7 ms, 936 µs and 203 ns ago
[2025-11-05T06:35:17.660848000Z INFO  solana_program_test] "fee_router" SBF program from ./target/deploy/fee_router.so, modified 27 seconds, 745 ms, 107 µs and 331 ns ago
[2025-11-05T06:35:17.660997000Z INFO  solana_program_test] "transfer_hook_counter" SBF program from tests/fixtures/transfer_hook_counter.so, modified 3 weeks, 22 hours, 58 minutes, 52 seconds, 486 ms, 596 µs and 196 ns ago
[2025-11-05T06:35:17.661308000Z INFO  solana_program_test] "alpha_vault" SBF program from tests/fixtures/alpha_vault.so, modified 3 weeks, 22 hours, 58 minutes, 52 seconds, 487 ms, 594 µs and 72 ns ago
[2025-11-05T06:35:17.661686000Z INFO  solana_program_test] "streamflow" SBF program from tests/fixtures/streamflow.so, modified 3 weeks, 6 hours, 59 minutes, 2 seconds, 372 ms, 601 µs and 387 ns ago
[2025-11-05T06:35:17.662140000Z INFO  solana_program_test] "cp_amm" SBF program from ./target/deploy/cp_amm.so, modified 24 minutes, 25 seconds, 9 ms, 457 µs and 203 ns ago
[2025-11-05T06:35:17.662308000Z INFO  solana_program_test] "fee_router" SBF program from ./target/deploy/fee_router.so, modified 27 seconds, 746 ms, 568 µs and 331 ns ago
[2025-11-05T06:35:17.680783000Z INFO  solana_program_test] Overriding account at ASmKWt93JEMHxbdE6j7znD9y2FcdPboCzC3xtSTJvN7S
[2025-11-05T06:35:17.680797000Z INFO  solana_program_test] Overriding account at 5B57SJ3g2YoNXUpsZqqjEQkRSxyKtVTQRXdgAirz6bio
[2025-11-05T06:35:17.690580000Z DEBUG solana_runtime::message_processor::stable_log] Program 11111111111111111111111111111111 invoke [1]
[2025-11-05T06:35:17.690618000Z DEBUG solana_runtime::message_processor::stable_log] Program 11111111111111111111111111111111 success
[2025-11-05T06:35:17.693953000Z DEBUG solana_runtime::message_processor::stable_log] Program 11111111111111111111111111111111 invoke [1]
[2025-11-05T06:35:17.693963000Z DEBUG solana_runtime::message_processor::stable_log] Program 11111111111111111111111111111111 success
[2025-11-05T06:35:17.703793000Z DEBUG solana_runtime::message_processor::stable_log] Program 5B57SJ3g2YoNXUpsZqqjEQkRSxyKtVTQRXdgAirz6bio invoke [1]
[2025-11-05T06:35:17.703865000Z DEBUG solana_runtime::message_processor::stable_log] Program log: Instruction: SetupPolicy
[2025-11-05T06:35:17.703950000Z DEBUG solana_runtime::message_processor::stable_log] Program 11111111111111111111111111111111 invoke [2]
[2025-11-05T06:35:17.703958000Z DEBUG solana_runtime::message_processor::stable_log] Program 11111111111111111111111111111111 success
[2025-11-05T06:35:17.704036000Z DEBUG solana_runtime::message_processor::stable_log] Program 11111111111111111111111111111111 invoke [2]
[2025-11-05T06:35:17.704041000Z DEBUG solana_runtime::message_processor::stable_log] Program 11111111111111111111111111111111 success
[2025-11-05T06:35:17.704100000Z DEBUG solana_runtime::message_processor::stable_log] Program log: AnchorError thrown in programs/fee_router/src/instructions/setup_policy.rs:54. Error Code: InvalidPoolConfiguration. Error Number: 12006. Error Message: Invalid pool configuration - not compatible with quote-only requirements.
[2025-11-05T06:35:17.704108000Z DEBUG solana_runtime::message_processor::stable_log] Program 5B57SJ3g2YoNXUpsZqqjEQkRSxyKtVTQRXdgAirz6bio consumed 17527 of 200000 compute units
[2025-11-05T06:35:17.704118000Z DEBUG solana_runtime::message_processor::stable_log] Program 5B57SJ3g2YoNXUpsZqqjEQkRSxyKtVTQRXdgAirz6bio failed: custom program error: 0x2ee6
      ✔ Should reject zero y0_total_allocation
    3. Basic Crank Distribution (Single Page)
[2025-11-05T06:35:17.705899000Z INFO  solana_program_test] "cp_amm" SBF program from ./target/deploy/cp_amm.so, modified 24 minutes, 25 seconds, 53 ms, 214 µs and 203 ns ago
[2025-11-05T06:35:17.706066000Z INFO  solana_program_test] "fee_router" SBF program from ./target/deploy/fee_router.so, modified 27 seconds, 790 ms, 325 µs and 331 ns ago
[2025-11-05T06:35:17.706191000Z INFO  solana_program_test] "transfer_hook_counter" SBF program from tests/fixtures/transfer_hook_counter.so, modified 3 weeks, 22 hours, 58 minutes, 52 seconds, 531 ms, 790 µs and 196 ns ago
[2025-11-05T06:35:17.706405000Z INFO  solana_program_test] "alpha_vault" SBF program from tests/fixtures/alpha_vault.so, modified 3 weeks, 22 hours, 58 minutes, 52 seconds, 532 ms, 691 µs and 72 ns ago
[2025-11-05T06:35:17.706673000Z INFO  solana_program_test] "streamflow" SBF program from tests/fixtures/streamflow.so, modified 3 weeks, 6 hours, 59 minutes, 2 seconds, 417 ms, 589 µs and 387 ns ago
[2025-11-05T06:35:17.706964000Z INFO  solana_program_test] "cp_amm" SBF program from ./target/deploy/cp_amm.so, modified 24 minutes, 25 seconds, 54 ms, 283 µs and 203 ns ago
[2025-11-05T06:35:17.707120000Z INFO  solana_program_test] "fee_router" SBF program from ./target/deploy/fee_router.so, modified 27 seconds, 791 ms, 380 µs and 331 ns ago
[2025-11-05T06:35:17.725428000Z INFO  solana_program_test] Overriding account at ASmKWt93JEMHxbdE6j7znD9y2FcdPboCzC3xtSTJvN7S
[2025-11-05T06:35:17.725443000Z INFO  solana_program_test] Overriding account at 5B57SJ3g2YoNXUpsZqqjEQkRSxyKtVTQRXdgAirz6bio
[2025-11-05T06:35:17.735375000Z DEBUG solana_runtime::message_processor::stable_log] Program 11111111111111111111111111111111 invoke [1]
[2025-11-05T06:35:17.735387000Z DEBUG solana_runtime::message_processor::stable_log] Program 11111111111111111111111111111111 success
[2025-11-05T06:35:17.738714000Z DEBUG solana_runtime::message_processor::stable_log] Program 11111111111111111111111111111111 invoke [1]
[2025-11-05T06:35:17.738727000Z DEBUG solana_runtime::message_processor::stable_log] Program 11111111111111111111111111111111 success
[2025-11-05T06:35:17.742256000Z DEBUG solana_runtime::message_processor::stable_log] Program 11111111111111111111111111111111 invoke [1]
[2025-11-05T06:35:17.742274000Z DEBUG solana_runtime::message_processor::stable_log] Program 11111111111111111111111111111111 success
[2025-11-05T06:35:17.745959000Z DEBUG solana_runtime::message_processor::stable_log] Program 11111111111111111111111111111111 invoke [1]
[2025-11-05T06:35:17.745982000Z DEBUG solana_runtime::message_processor::stable_log] Program 11111111111111111111111111111111 success
[2025-11-05T06:35:17.753280000Z DEBUG solana_runtime::message_processor::stable_log] Program 11111111111111111111111111111111 invoke [1]
[2025-11-05T06:35:17.753302000Z DEBUG solana_runtime::message_processor::stable_log] Program 11111111111111111111111111111111 success
[2025-11-05T06:35:17.753311000Z DEBUG solana_runtime::message_processor::stable_log] Program TokenkegQfeZyiNwAJbNbGKPFXCWuBvf9Ss623VQ5DA invoke [1]
[2025-11-05T06:35:17.753363000Z DEBUG solana_runtime::message_processor::stable_log] Program log: Instruction: InitializeMint2
[2025-11-05T06:35:17.753428000Z DEBUG solana_runtime::message_processor::stable_log] Program TokenkegQfeZyiNwAJbNbGKPFXCWuBvf9Ss623VQ5DA consumed 2779 of 399850 compute units
[2025-11-05T06:35:17.753441000Z DEBUG solana_runtime::message_processor::stable_log] Program TokenkegQfeZyiNwAJbNbGKPFXCWuBvf9Ss623VQ5DA success
[2025-11-05T06:35:17.759911000Z DEBUG solana_runtime::message_processor::stable_log] Program 11111111111111111111111111111111 invoke [1]
[2025-11-05T06:35:17.759930000Z DEBUG solana_runtime::message_processor::stable_log] Program 11111111111111111111111111111111 success
[2025-11-05T06:35:17.759933000Z DEBUG solana_runtime::message_processor::stable_log] Program TokenkegQfeZyiNwAJbNbGKPFXCWuBvf9Ss623VQ5DA invoke [1]
[2025-11-05T06:35:17.759982000Z DEBUG solana_runtime::message_processor::stable_log] Program log: Instruction: InitializeMint2
[2025-11-05T06:35:17.760020000Z DEBUG solana_runtime::message_processor::stable_log] Program TokenkegQfeZyiNwAJbNbGKPFXCWuBvf9Ss623VQ5DA consumed 2779 of 399850 compute units
[2025-11-05T06:35:17.760029000Z DEBUG solana_runtime::message_processor::stable_log] Program TokenkegQfeZyiNwAJbNbGKPFXCWuBvf9Ss623VQ5DA success
[2025-11-05T06:35:17.764700000Z DEBUG solana_runtime::message_processor::stable_log] Program ATokenGPvbdGVxr1b2hvZbsiqW5xWH25efTNsLJA8knL invoke [1]
[2025-11-05T06:35:17.764764000Z DEBUG solana_runtime::message_processor::stable_log] Program log: Create
[2025-11-05T06:35:17.764814000Z DEBUG solana_runtime::message_processor::stable_log] Program TokenkegQfeZyiNwAJbNbGKPFXCWuBvf9Ss623VQ5DA invoke [2]
[2025-11-05T06:35:17.764847000Z DEBUG solana_runtime::message_processor::stable_log] Program log: Instruction: GetAccountDataSize
[2025-11-05T06:35:17.764864000Z DEBUG solana_runtime::message_processor::stable_log] Program TokenkegQfeZyiNwAJbNbGKPFXCWuBvf9Ss623VQ5DA consumed 1595 of 194555 compute units
[2025-11-05T06:35:17.764871000Z DEBUG solana_runtime::message_processor::stable_log] Program return: TokenkegQfeZyiNwAJbNbGKPFXCWuBvf9Ss623VQ5DA pQAAAAAAAAA=
[2025-11-05T06:35:17.764879000Z DEBUG solana_runtime::message_processor::stable_log] Program TokenkegQfeZyiNwAJbNbGKPFXCWuBvf9Ss623VQ5DA success
[2025-11-05T06:35:17.764931000Z DEBUG solana_runtime::message_processor::stable_log] Program 11111111111111111111111111111111 invoke [2]
[2025-11-05T06:35:17.764937000Z DEBUG solana_runtime::message_processor::stable_log] Program 11111111111111111111111111111111 success
[2025-11-05T06:35:17.764943000Z DEBUG solana_runtime::message_processor::stable_log] Program log: Initialize the associated token account
[2025-11-05T06:35:17.764960000Z DEBUG solana_runtime::message_processor::stable_log] Program TokenkegQfeZyiNwAJbNbGKPFXCWuBvf9Ss623VQ5DA invoke [2]
[2025-11-05T06:35:17.764984000Z DEBUG solana_runtime::message_processor::stable_log] Program log: Instruction: InitializeImmutableOwner
[2025-11-05T06:35:17.764995000Z DEBUG solana_runtime::message_processor::stable_log] Program log: Please upgrade to SPL Token 2022 for immutable owner support
[2025-11-05T06:35:17.764998000Z DEBUG solana_runtime::message_processor::stable_log] Program TokenkegQfeZyiNwAJbNbGKPFXCWuBvf9Ss623VQ5DA consumed 1405 of 187942 compute units
[2025-11-05T06:35:17.765006000Z DEBUG solana_runtime::message_processor::stable_log] Program TokenkegQfeZyiNwAJbNbGKPFXCWuBvf9Ss623VQ5DA success
[2025-11-05T06:35:17.765038000Z DEBUG solana_runtime::message_processor::stable_log] Program TokenkegQfeZyiNwAJbNbGKPFXCWuBvf9Ss623VQ5DA invoke [2]
[2025-11-05T06:35:17.765064000Z DEBUG solana_runtime::message_processor::stable_log] Program log: Instruction: InitializeAccount3
[2025-11-05T06:35:17.765118000Z DEBUG solana_runtime::message_processor::stable_log] Program TokenkegQfeZyiNwAJbNbGKPFXCWuBvf9Ss623VQ5DA consumed 4214 of 184058 compute units
[2025-11-05T06:35:17.765126000Z DEBUG solana_runtime::message_processor::stable_log] Program TokenkegQfeZyiNwAJbNbGKPFXCWuBvf9Ss623VQ5DA success
[2025-11-05T06:35:17.765138000Z DEBUG solana_runtime::message_processor::stable_log] Program ATokenGPvbdGVxr1b2hvZbsiqW5xWH25efTNsLJA8knL consumed 20460 of 200000 compute units
[2025-11-05T06:35:17.765147000Z DEBUG solana_runtime::message_processor::stable_log] Program ATokenGPvbdGVxr1b2hvZbsiqW5xWH25efTNsLJA8knL success
[2025-11-05T06:35:17.769041000Z DEBUG solana_runtime::message_processor::stable_log] Program TokenkegQfeZyiNwAJbNbGKPFXCWuBvf9Ss623VQ5DA invoke [1]
[2025-11-05T06:35:17.769101000Z DEBUG solana_runtime::message_processor::stable_log] Program log: Instruction: MintTo
[2025-11-05T06:35:17.769167000Z DEBUG solana_runtime::message_processor::stable_log] Program TokenkegQfeZyiNwAJbNbGKPFXCWuBvf9Ss623VQ5DA consumed 4491 of 200000 compute units
[2025-11-05T06:35:17.769177000Z DEBUG solana_runtime::message_processor::stable_log] Program TokenkegQfeZyiNwAJbNbGKPFXCWuBvf9Ss623VQ5DA success
[2025-11-05T06:35:17.773673000Z DEBUG solana_runtime::message_processor::stable_log] Program ATokenGPvbdGVxr1b2hvZbsiqW5xWH25efTNsLJA8knL invoke [1]
[2025-11-05T06:35:17.773739000Z DEBUG solana_runtime::message_processor::stable_log] Program log: Create
[2025-11-05T06:35:17.773795000Z DEBUG solana_runtime::message_processor::stable_log] Program TokenkegQfeZyiNwAJbNbGKPFXCWuBvf9Ss623VQ5DA invoke [2]
[2025-11-05T06:35:17.773831000Z DEBUG solana_runtime::message_processor::stable_log] Program log: Instruction: GetAccountDataSize
[2025-11-05T06:35:17.773851000Z DEBUG solana_runtime::message_processor::stable_log] Program TokenkegQfeZyiNwAJbNbGKPFXCWuBvf9Ss623VQ5DA consumed 1595 of 193055 compute units
[2025-11-05T06:35:17.773859000Z DEBUG solana_runtime::message_processor::stable_log] Program return: TokenkegQfeZyiNwAJbNbGKPFXCWuBvf9Ss623VQ5DA pQAAAAAAAAA=
[2025-11-05T06:35:17.773934000Z DEBUG solana_runtime::message_processor::stable_log] Program TokenkegQfeZyiNwAJbNbGKPFXCWuBvf9Ss623VQ5DA success
[2025-11-05T06:35:17.773990000Z DEBUG solana_runtime::message_processor::stable_log] Program 11111111111111111111111111111111 invoke [2]
[2025-11-05T06:35:17.773999000Z DEBUG solana_runtime::message_processor::stable_log] Program 11111111111111111111111111111111 success
[2025-11-05T06:35:17.774004000Z DEBUG solana_runtime::message_processor::stable_log] Program log: Initialize the associated token account
[2025-11-05T06:35:17.774022000Z DEBUG solana_runtime::message_processor::stable_log] Program TokenkegQfeZyiNwAJbNbGKPFXCWuBvf9Ss623VQ5DA invoke [2]
[2025-11-05T06:35:17.774045000Z DEBUG solana_runtime::message_processor::stable_log] Program log: Instruction: InitializeImmutableOwner
[2025-11-05T06:35:17.774056000Z DEBUG solana_runtime::message_processor::stable_log] Program log: Please upgrade to SPL Token 2022 for immutable owner support
[2025-11-05T06:35:17.774059000Z DEBUG solana_runtime::message_processor::stable_log] Program TokenkegQfeZyiNwAJbNbGKPFXCWuBvf9Ss623VQ5DA consumed 1405 of 186442 compute units
[2025-11-05T06:35:17.774066000Z DEBUG solana_runtime::message_processor::stable_log] Program TokenkegQfeZyiNwAJbNbGKPFXCWuBvf9Ss623VQ5DA success
[2025-11-05T06:35:17.774099000Z DEBUG solana_runtime::message_processor::stable_log] Program TokenkegQfeZyiNwAJbNbGKPFXCWuBvf9Ss623VQ5DA invoke [2]
[2025-11-05T06:35:17.774126000Z DEBUG solana_runtime::message_processor::stable_log] Program log: Instruction: InitializeAccount3
[2025-11-05T06:35:17.774180000Z DEBUG solana_runtime::message_processor::stable_log] Program TokenkegQfeZyiNwAJbNbGKPFXCWuBvf9Ss623VQ5DA consumed 4214 of 182558 compute units
[2025-11-05T06:35:17.774188000Z DEBUG solana_runtime::message_processor::stable_log] Program TokenkegQfeZyiNwAJbNbGKPFXCWuBvf9Ss623VQ5DA success
[2025-11-05T06:35:17.774200000Z DEBUG solana_runtime::message_processor::stable_log] Program ATokenGPvbdGVxr1b2hvZbsiqW5xWH25efTNsLJA8knL consumed 21960 of 200000 compute units
[2025-11-05T06:35:17.774209000Z DEBUG solana_runtime::message_processor::stable_log] Program ATokenGPvbdGVxr1b2hvZbsiqW5xWH25efTNsLJA8knL success
[2025-11-05T06:35:17.777324000Z DEBUG solana_runtime::message_processor::stable_log] Program TokenkegQfeZyiNwAJbNbGKPFXCWuBvf9Ss623VQ5DA invoke [1]
[2025-11-05T06:35:17.777367000Z DEBUG solana_runtime::message_processor::stable_log] Program log: Instruction: MintTo
[2025-11-05T06:35:17.777423000Z DEBUG solana_runtime::message_processor::stable_log] Program TokenkegQfeZyiNwAJbNbGKPFXCWuBvf9Ss623VQ5DA consumed 4491 of 200000 compute units
[2025-11-05T06:35:17.777431000Z DEBUG solana_runtime::message_processor::stable_log] Program TokenkegQfeZyiNwAJbNbGKPFXCWuBvf9Ss623VQ5DA success
[2025-11-05T06:35:17.781798000Z DEBUG solana_runtime::message_processor::stable_log] Program ATokenGPvbdGVxr1b2hvZbsiqW5xWH25efTNsLJA8knL invoke [1]
[2025-11-05T06:35:17.781869000Z DEBUG solana_runtime::message_processor::stable_log] Program log: Create
[2025-11-05T06:35:17.781925000Z DEBUG solana_runtime::message_processor::stable_log] Program TokenkegQfeZyiNwAJbNbGKPFXCWuBvf9Ss623VQ5DA invoke [2]
[2025-11-05T06:35:17.781957000Z DEBUG solana_runtime::message_processor::stable_log] Program log: Instruction: GetAccountDataSize
[2025-11-05T06:35:17.781974000Z DEBUG solana_runtime::message_processor::stable_log] Program TokenkegQfeZyiNwAJbNbGKPFXCWuBvf9Ss623VQ5DA consumed 1595 of 193055 compute units
[2025-11-05T06:35:17.781981000Z DEBUG solana_runtime::message_processor::stable_log] Program return: TokenkegQfeZyiNwAJbNbGKPFXCWuBvf9Ss623VQ5DA pQAAAAAAAAA=
[2025-11-05T06:35:17.781989000Z DEBUG solana_runtime::message_processor::stable_log] Program TokenkegQfeZyiNwAJbNbGKPFXCWuBvf9Ss623VQ5DA success
[2025-11-05T06:35:17.782046000Z DEBUG solana_runtime::message_processor::stable_log] Program 11111111111111111111111111111111 invoke [2]
[2025-11-05T06:35:17.782053000Z DEBUG solana_runtime::message_processor::stable_log] Program 11111111111111111111111111111111 success
[2025-11-05T06:35:17.782059000Z DEBUG solana_runtime::message_processor::stable_log] Program log: Initialize the associated token account
[2025-11-05T06:35:17.782077000Z DEBUG solana_runtime::message_processor::stable_log] Program TokenkegQfeZyiNwAJbNbGKPFXCWuBvf9Ss623VQ5DA invoke [2]
[2025-11-05T06:35:17.782099000Z DEBUG solana_runtime::message_processor::stable_log] Program log: Instruction: InitializeImmutableOwner
[2025-11-05T06:35:17.782110000Z DEBUG solana_runtime::message_processor::stable_log] Program log: Please upgrade to SPL Token 2022 for immutable owner support
[2025-11-05T06:35:17.782114000Z DEBUG solana_runtime::message_processor::stable_log] Program TokenkegQfeZyiNwAJbNbGKPFXCWuBvf9Ss623VQ5DA consumed 1405 of 186442 compute units
[2025-11-05T06:35:17.782121000Z DEBUG solana_runtime::message_processor::stable_log] Program TokenkegQfeZyiNwAJbNbGKPFXCWuBvf9Ss623VQ5DA success
[2025-11-05T06:35:17.782187000Z DEBUG solana_runtime::message_processor::stable_log] Program TokenkegQfeZyiNwAJbNbGKPFXCWuBvf9Ss623VQ5DA invoke [2]
[2025-11-05T06:35:17.782220000Z DEBUG solana_runtime::message_processor::stable_log] Program log: Instruction: InitializeAccount3
[2025-11-05T06:35:17.782274000Z DEBUG solana_runtime::message_processor::stable_log] Program TokenkegQfeZyiNwAJbNbGKPFXCWuBvf9Ss623VQ5DA consumed 4214 of 182558 compute units
[2025-11-05T06:35:17.782282000Z DEBUG solana_runtime::message_processor::stable_log] Program TokenkegQfeZyiNwAJbNbGKPFXCWuBvf9Ss623VQ5DA success
[2025-11-05T06:35:17.782295000Z DEBUG solana_runtime::message_processor::stable_log] Program ATokenGPvbdGVxr1b2hvZbsiqW5xWH25efTNsLJA8knL consumed 21960 of 200000 compute units
[2025-11-05T06:35:17.782302000Z DEBUG solana_runtime::message_processor::stable_log] Program ATokenGPvbdGVxr1b2hvZbsiqW5xWH25efTNsLJA8knL success
[2025-11-05T06:35:17.785360000Z DEBUG solana_runtime::message_processor::stable_log] Program TokenkegQfeZyiNwAJbNbGKPFXCWuBvf9Ss623VQ5DA invoke [1]
[2025-11-05T06:35:17.785421000Z DEBUG solana_runtime::message_processor::stable_log] Program log: Instruction: MintTo
[2025-11-05T06:35:17.785484000Z DEBUG solana_runtime::message_processor::stable_log] Program TokenkegQfeZyiNwAJbNbGKPFXCWuBvf9Ss623VQ5DA consumed 4491 of 200000 compute units
[2025-11-05T06:35:17.785495000Z DEBUG solana_runtime::message_processor::stable_log] Program TokenkegQfeZyiNwAJbNbGKPFXCWuBvf9Ss623VQ5DA success
[2025-11-05T06:35:17.790792000Z DEBUG solana_runtime::message_processor::stable_log] Program ATokenGPvbdGVxr1b2hvZbsiqW5xWH25efTNsLJA8knL invoke [1]
[2025-11-05T06:35:17.790857000Z DEBUG solana_runtime::message_processor::stable_log] Program log: Create
[2025-11-05T06:35:17.790940000Z DEBUG solana_runtime::message_processor::stable_log] Program TokenkegQfeZyiNwAJbNbGKPFXCWuBvf9Ss623VQ5DA invoke [2]
[2025-11-05T06:35:17.790975000Z DEBUG solana_runtime::message_processor::stable_log] Program log: Instruction: GetAccountDataSize
[2025-11-05T06:35:17.790992000Z DEBUG solana_runtime::message_processor::stable_log] Program TokenkegQfeZyiNwAJbNbGKPFXCWuBvf9Ss623VQ5DA consumed 1595 of 187055 compute units
[2025-11-05T06:35:17.791000000Z DEBUG solana_runtime::message_processor::stable_log] Program return: TokenkegQfeZyiNwAJbNbGKPFXCWuBvf9Ss623VQ5DA pQAAAAAAAAA=
[2025-11-05T06:35:17.791008000Z DEBUG solana_runtime::message_processor::stable_log] Program TokenkegQfeZyiNwAJbNbGKPFXCWuBvf9Ss623VQ5DA success
[2025-11-05T06:35:17.791116000Z DEBUG solana_runtime::message_processor::stable_log] Program 11111111111111111111111111111111 invoke [2]
[2025-11-05T06:35:17.791127000Z DEBUG solana_runtime::message_processor::stable_log] Program 11111111111111111111111111111111 success
[2025-11-05T06:35:17.791135000Z DEBUG solana_runtime::message_processor::stable_log] Program log: Initialize the associated token account
[2025-11-05T06:35:17.791154000Z DEBUG solana_runtime::message_processor::stable_log] Program TokenkegQfeZyiNwAJbNbGKPFXCWuBvf9Ss623VQ5DA invoke [2]
[2025-11-05T06:35:17.791175000Z DEBUG solana_runtime::message_processor::stable_log] Program log: Instruction: InitializeImmutableOwner
[2025-11-05T06:35:17.791186000Z DEBUG solana_runtime::message_processor::stable_log] Program log: Please upgrade to SPL Token 2022 for immutable owner support
[2025-11-05T06:35:17.791189000Z DEBUG solana_runtime::message_processor::stable_log] Program TokenkegQfeZyiNwAJbNbGKPFXCWuBvf9Ss623VQ5DA consumed 1405 of 180442 compute units
[2025-11-05T06:35:17.791197000Z DEBUG solana_runtime::message_processor::stable_log] Program TokenkegQfeZyiNwAJbNbGKPFXCWuBvf9Ss623VQ5DA success
[2025-11-05T06:35:17.791231000Z DEBUG solana_runtime::message_processor::stable_log] Program TokenkegQfeZyiNwAJbNbGKPFXCWuBvf9Ss623VQ5DA invoke [2]
[2025-11-05T06:35:17.791258000Z DEBUG solana_runtime::message_processor::stable_log] Program log: Instruction: InitializeAccount3
[2025-11-05T06:35:17.791311000Z DEBUG solana_runtime::message_processor::stable_log] Program TokenkegQfeZyiNwAJbNbGKPFXCWuBvf9Ss623VQ5DA consumed 4214 of 176558 compute units
[2025-11-05T06:35:17.791320000Z DEBUG solana_runtime::message_processor::stable_log] Program TokenkegQfeZyiNwAJbNbGKPFXCWuBvf9Ss623VQ5DA success
[2025-11-05T06:35:17.791332000Z DEBUG solana_runtime::message_processor::stable_log] Program ATokenGPvbdGVxr1b2hvZbsiqW5xWH25efTNsLJA8knL consumed 27960 of 200000 compute units
[2025-11-05T06:35:17.791341000Z DEBUG solana_runtime::message_processor::stable_log] Program ATokenGPvbdGVxr1b2hvZbsiqW5xWH25efTNsLJA8knL success
[2025-11-05T06:35:17.794506000Z DEBUG solana_runtime::message_processor::stable_log] Program TokenkegQfeZyiNwAJbNbGKPFXCWuBvf9Ss623VQ5DA invoke [1]
[2025-11-05T06:35:17.794598000Z DEBUG solana_runtime::message_processor::stable_log] Program log: Instruction: MintTo
[2025-11-05T06:35:17.794711000Z DEBUG solana_runtime::message_processor::stable_log] Program TokenkegQfeZyiNwAJbNbGKPFXCWuBvf9Ss623VQ5DA consumed 4491 of 200000 compute units
[2025-11-05T06:35:17.794727000Z DEBUG solana_runtime::message_processor::stable_log] Program TokenkegQfeZyiNwAJbNbGKPFXCWuBvf9Ss623VQ5DA success
[2025-11-05T06:35:17.806670000Z DEBUG solana_runtime::message_processor::stable_log] Program ASmKWt93JEMHxbdE6j7znD9y2FcdPboCzC3xtSTJvN7S invoke [1]
[2025-11-05T06:35:17.806729000Z DEBUG solana_runtime::message_processor::stable_log] Program log: Instruction: CreateConfig
[2025-11-05T06:35:17.806822000Z DEBUG solana_runtime::message_processor::stable_log] Program 11111111111111111111111111111111 invoke [2]
[2025-11-05T06:35:17.806831000Z DEBUG solana_runtime::message_processor::stable_log] Program 11111111111111111111111111111111 success
[2025-11-05T06:35:17.806928000Z DEBUG solana_runtime::message_processor::stable_log] Program ASmKWt93JEMHxbdE6j7znD9y2FcdPboCzC3xtSTJvN7S invoke [2]
[2025-11-05T06:35:17.806965000Z DEBUG solana_runtime::message_processor::stable_log] Program ASmKWt93JEMHxbdE6j7znD9y2FcdPboCzC3xtSTJvN7S consumed 2069 of 184595 compute units
[2025-11-05T06:35:17.806974000Z DEBUG solana_runtime::message_processor::stable_log] Program ASmKWt93JEMHxbdE6j7znD9y2FcdPboCzC3xtSTJvN7S success
[2025-11-05T06:35:17.806988000Z DEBUG solana_runtime::message_processor::stable_log] Program ASmKWt93JEMHxbdE6j7znD9y2FcdPboCzC3xtSTJvN7S consumed 17779 of 200000 compute units
[2025-11-05T06:35:17.806997000Z DEBUG solana_runtime::message_processor::stable_log] Program ASmKWt93JEMHxbdE6j7znD9y2FcdPboCzC3xtSTJvN7S success
[2025-11-05T06:35:17.831064000Z DEBUG solana_runtime::message_processor::stable_log] Program ASmKWt93JEMHxbdE6j7znD9y2FcdPboCzC3xtSTJvN7S invoke [1]
[2025-11-05T06:35:17.831196000Z DEBUG solana_runtime::message_processor::stable_log] Program log: Instruction: InitializePool
[2025-11-05T06:35:17.831337000Z DEBUG solana_runtime::message_processor::stable_log] Program 11111111111111111111111111111111 invoke [2]
[2025-11-05T06:35:17.831350000Z DEBUG solana_runtime::message_processor::stable_log] Program 11111111111111111111111111111111 success
[2025-11-05T06:35:17.831383000Z DEBUG solana_runtime::message_processor::stable_log] Program TokenzQdBNbLqP5VEhdkAS6EPFLC1PHnBqCXEpPxuEb invoke [2]
[2025-11-05T06:35:17.831415000Z DEBUG solana_runtime::message_processor::stable_log] Program log: MetadataPointerInstruction::Initialize
[2025-11-05T06:35:17.831458000Z DEBUG solana_runtime::message_processor::stable_log] Program TokenzQdBNbLqP5VEhdkAS6EPFLC1PHnBqCXEpPxuEb consumed 2442 of 334963 compute units
[2025-11-05T06:35:17.831467000Z DEBUG solana_runtime::message_processor::stable_log] Program TokenzQdBNbLqP5VEhdkAS6EPFLC1PHnBqCXEpPxuEb success
[2025-11-05T06:35:17.831497000Z DEBUG solana_runtime::message_processor::stable_log] Program TokenzQdBNbLqP5VEhdkAS6EPFLC1PHnBqCXEpPxuEb invoke [2]
[2025-11-05T06:35:17.831522000Z DEBUG solana_runtime::message_processor::stable_log] Program log: Instruction: InitializeMintCloseAuthority
[2025-11-05T06:35:17.831556000Z DEBUG solana_runtime::message_processor::stable_log] Program TokenzQdBNbLqP5VEhdkAS6EPFLC1PHnBqCXEpPxuEb consumed 2570 of 330543 compute units
[2025-11-05T06:35:17.831564000Z DEBUG solana_runtime::message_processor::stable_log] Program TokenzQdBNbLqP5VEhdkAS6EPFLC1PHnBqCXEpPxuEb success
[2025-11-05T06:35:17.831593000Z DEBUG solana_runtime::message_processor::stable_log] Program TokenzQdBNbLqP5VEhdkAS6EPFLC1PHnBqCXEpPxuEb invoke [2]
[2025-11-05T06:35:17.831617000Z DEBUG solana_runtime::message_processor::stable_log] Program log: Instruction: InitializeMint2
[2025-11-05T06:35:17.831675000Z DEBUG solana_runtime::message_processor::stable_log] Program TokenzQdBNbLqP5VEhdkAS6EPFLC1PHnBqCXEpPxuEb consumed 4078 of 326031 compute units
[2025-11-05T06:35:17.831683000Z DEBUG solana_runtime::message_processor::stable_log] Program TokenzQdBNbLqP5VEhdkAS6EPFLC1PHnBqCXEpPxuEb success
[2025-11-05T06:35:17.831832000Z DEBUG solana_runtime::message_processor::stable_log] Program 11111111111111111111111111111111 invoke [2]
[2025-11-05T06:35:17.831838000Z DEBUG solana_runtime::message_processor::stable_log] Program 11111111111111111111111111111111 success
[2025-11-05T06:35:17.831865000Z DEBUG solana_runtime::message_processor::stable_log] Program TokenzQdBNbLqP5VEhdkAS6EPFLC1PHnBqCXEpPxuEb invoke [2]
[2025-11-05T06:35:17.831894000Z DEBUG solana_runtime::message_processor::stable_log] Program log: Instruction: InitializeAccount3
[2025-11-05T06:35:17.832005000Z DEBUG solana_runtime::message_processor::stable_log] Program TokenzQdBNbLqP5VEhdkAS6EPFLC1PHnBqCXEpPxuEb consumed 5137 of 304847 compute units
[2025-11-05T06:35:17.832033000Z DEBUG solana_runtime::message_processor::stable_log] Program TokenzQdBNbLqP5VEhdkAS6EPFLC1PHnBqCXEpPxuEb success
[2025-11-05T06:35:17.832231000Z DEBUG solana_runtime::message_processor::stable_log] Program 11111111111111111111111111111111 invoke [2]
[2025-11-05T06:35:17.832276000Z DEBUG solana_runtime::message_processor::stable_log] Program 11111111111111111111111111111111 success
[2025-11-05T06:35:17.832396000Z DEBUG solana_runtime::message_processor::stable_log] Program 11111111111111111111111111111111 invoke [2]
[2025-11-05T06:35:17.832406000Z DEBUG solana_runtime::message_processor::stable_log] Program 11111111111111111111111111111111 success
[2025-11-05T06:35:17.832527000Z DEBUG solana_runtime::message_processor::stable_log] Program 11111111111111111111111111111111 invoke [2]
[2025-11-05T06:35:17.832532000Z DEBUG solana_runtime::message_processor::stable_log] Program 11111111111111111111111111111111 success
[2025-11-05T06:35:17.832562000Z DEBUG solana_runtime::message_processor::stable_log] Program TokenkegQfeZyiNwAJbNbGKPFXCWuBvf9Ss623VQ5DA invoke [2]
[2025-11-05T06:35:17.832600000Z DEBUG solana_runtime::message_processor::stable_log] Program log: Instruction: InitializeAccount3
[2025-11-05T06:35:17.832657000Z DEBUG solana_runtime::message_processor::stable_log] Program TokenkegQfeZyiNwAJbNbGKPFXCWuBvf9Ss623VQ5DA consumed 4214 of 278248 compute units
[2025-11-05T06:35:17.832665000Z DEBUG solana_runtime::message_processor::stable_log] Program TokenkegQfeZyiNwAJbNbGKPFXCWuBvf9Ss623VQ5DA success
[2025-11-05T06:35:17.832769000Z DEBUG solana_runtime::message_processor::stable_log] Program 11111111111111111111111111111111 invoke [2]
[2025-11-05T06:35:17.832775000Z DEBUG solana_runtime::message_processor::stable_log] Program 11111111111111111111111111111111 success
[2025-11-05T06:35:17.832831000Z DEBUG solana_runtime::message_processor::stable_log] Program TokenkegQfeZyiNwAJbNbGKPFXCWuBvf9Ss623VQ5DA invoke [2]
[2025-11-05T06:35:17.832868000Z DEBUG solana_runtime::message_processor::stable_log] Program log: Instruction: InitializeAccount3
[2025-11-05T06:35:17.832925000Z DEBUG solana_runtime::message_processor::stable_log] Program TokenkegQfeZyiNwAJbNbGKPFXCWuBvf9Ss623VQ5DA consumed 4214 of 265109 compute units
[2025-11-05T06:35:17.832933000Z DEBUG solana_runtime::message_processor::stable_log] Program TokenkegQfeZyiNwAJbNbGKPFXCWuBvf9Ss623VQ5DA success
[2025-11-05T06:35:17.833266000Z DEBUG solana_runtime::message_processor::stable_log] Program TokenzQdBNbLqP5VEhdkAS6EPFLC1PHnBqCXEpPxuEb invoke [2]
[2025-11-05T06:35:17.833375000Z DEBUG solana_runtime::message_processor::stable_log] Program log: TokenMetadataInstruction: Initialize
[2025-11-05T06:35:17.833511000Z DEBUG solana_runtime::message_processor::stable_log] Program TokenzQdBNbLqP5VEhdkAS6EPFLC1PHnBqCXEpPxuEb consumed 9900 of 248607 compute units
[2025-11-05T06:35:17.833544000Z DEBUG solana_runtime::message_processor::stable_log] Program TokenzQdBNbLqP5VEhdkAS6EPFLC1PHnBqCXEpPxuEb success
[2025-11-05T06:35:17.833619000Z DEBUG solana_runtime::message_processor::stable_log] Program 11111111111111111111111111111111 invoke [2]
[2025-11-05T06:35:17.833626000Z DEBUG solana_runtime::message_processor::stable_log] Program 11111111111111111111111111111111 success
[2025-11-05T06:35:17.833721000Z DEBUG solana_runtime::message_processor::stable_log] Program TokenzQdBNbLqP5VEhdkAS6EPFLC1PHnBqCXEpPxuEb invoke [2]
[2025-11-05T06:35:17.833781000Z DEBUG solana_runtime::message_processor::stable_log] Program log: Instruction: MintTo
[2025-11-05T06:35:17.833967000Z DEBUG solana_runtime::message_processor::stable_log] Program TokenzQdBNbLqP5VEhdkAS6EPFLC1PHnBqCXEpPxuEb consumed 5540 of 233645 compute units
[2025-11-05T06:35:17.833988000Z DEBUG solana_runtime::message_processor::stable_log] Program TokenzQdBNbLqP5VEhdkAS6EPFLC1PHnBqCXEpPxuEb success
[2025-11-05T06:35:17.834076000Z DEBUG solana_runtime::message_processor::stable_log] Program ASmKWt93JEMHxbdE6j7znD9y2FcdPboCzC3xtSTJvN7S invoke [2]
[2025-11-05T06:35:17.834130000Z DEBUG solana_runtime::message_processor::stable_log] Program ASmKWt93JEMHxbdE6j7znD9y2FcdPboCzC3xtSTJvN7S consumed 2069 of 225040 compute units
[2025-11-05T06:35:17.834142000Z DEBUG solana_runtime::message_processor::stable_log] Program ASmKWt93JEMHxbdE6j7znD9y2FcdPboCzC3xtSTJvN7S success
[2025-11-05T06:35:17.834216000Z DEBUG solana_runtime::message_processor::stable_log] Program TokenkegQfeZyiNwAJbNbGKPFXCWuBvf9Ss623VQ5DA invoke [2]
[2025-11-05T06:35:17.834320000Z DEBUG solana_runtime::message_processor::stable_log] Program log: Instruction: TransferChecked
[2025-11-05T06:35:17.834464000Z DEBUG solana_runtime::message_processor::stable_log] Program TokenkegQfeZyiNwAJbNbGKPFXCWuBvf9Ss623VQ5DA consumed 6174 of 220427 compute units
[2025-11-05T06:35:17.834514000Z DEBUG solana_runtime::message_processor::stable_log] Program TokenkegQfeZyiNwAJbNbGKPFXCWuBvf9Ss623VQ5DA success
[2025-11-05T06:35:17.834583000Z DEBUG solana_runtime::message_processor::stable_log] Program TokenkegQfeZyiNwAJbNbGKPFXCWuBvf9Ss623VQ5DA invoke [2]
[2025-11-05T06:35:17.834651000Z DEBUG solana_runtime::message_processor::stable_log] Program log: Instruction: TransferChecked
[2025-11-05T06:35:17.834809000Z DEBUG solana_runtime::message_processor::stable_log] Program TokenkegQfeZyiNwAJbNbGKPFXCWuBvf9Ss623VQ5DA consumed 6174 of 211843 compute units
[2025-11-05T06:35:17.834860000Z DEBUG solana_runtime::message_processor::stable_log] Program TokenkegQfeZyiNwAJbNbGKPFXCWuBvf9Ss623VQ5DA success
[2025-11-05T06:35:17.835024000Z DEBUG solana_runtime::message_processor::stable_log] Program ASmKWt93JEMHxbdE6j7znD9y2FcdPboCzC3xtSTJvN7S invoke [2]
[2025-11-05T06:35:17.835106000Z DEBUG solana_runtime::message_processor::stable_log] Program ASmKWt93JEMHxbdE6j7znD9y2FcdPboCzC3xtSTJvN7S consumed 2069 of 200588 compute units
[2025-11-05T06:35:17.835117000Z DEBUG solana_runtime::message_processor::stable_log] Program ASmKWt93JEMHxbdE6j7znD9y2FcdPboCzC3xtSTJvN7S success
[2025-11-05T06:35:17.835254000Z DEBUG solana_runtime::message_processor::stable_log] Program ASmKWt93JEMHxbdE6j7znD9y2FcdPboCzC3xtSTJvN7S consumed 152275 of 350000 compute units
[2025-11-05T06:35:17.835282000Z DEBUG solana_runtime::message_processor::stable_log] Program ASmKWt93JEMHxbdE6j7znD9y2FcdPboCzC3xtSTJvN7S success
[2025-11-05T06:35:17.835310000Z DEBUG solana_runtime::message_processor::stable_log] Program ComputeBudget111111111111111111111111111111 invoke [1]
[2025-11-05T06:35:17.835318000Z DEBUG solana_runtime::message_processor::stable_log] Program ComputeBudget111111111111111111111111111111 success
[2025-11-05T06:35:17.857398000Z DEBUG solana_runtime::message_processor::stable_log] Program 5B57SJ3g2YoNXUpsZqqjEQkRSxyKtVTQRXdgAirz6bio invoke [1]
[2025-11-05T06:35:17.857513000Z DEBUG solana_runtime::message_processor::stable_log] Program log: Instruction: InitializeHonoraryPosition
[2025-11-05T06:35:17.857656000Z DEBUG solana_runtime::message_processor::stable_log] Program 11111111111111111111111111111111 invoke [2]
[2025-11-05T06:35:17.857664000Z DEBUG solana_runtime::message_processor::stable_log] Program 11111111111111111111111111111111 success
[2025-11-05T06:35:17.857750000Z DEBUG solana_runtime::message_processor::stable_log] Program 11111111111111111111111111111111 invoke [2]
[2025-11-05T06:35:17.857756000Z DEBUG solana_runtime::message_processor::stable_log] Program 11111111111111111111111111111111 success
[2025-11-05T06:35:17.857783000Z DEBUG solana_runtime::message_processor::stable_log] Program TokenkegQfeZyiNwAJbNbGKPFXCWuBvf9Ss623VQ5DA invoke [2]
[2025-11-05T06:35:17.857815000Z DEBUG solana_runtime::message_processor::stable_log] Program log: Instruction: InitializeAccount3
[2025-11-05T06:35:17.857875000Z DEBUG solana_runtime::message_processor::stable_log] Program TokenkegQfeZyiNwAJbNbGKPFXCWuBvf9Ss623VQ5DA consumed 4214 of 177112 compute units
[2025-11-05T06:35:17.857886000Z DEBUG solana_runtime::message_processor::stable_log] Program TokenkegQfeZyiNwAJbNbGKPFXCWuBvf9Ss623VQ5DA success
[2025-11-05T06:35:17.857984000Z DEBUG solana_runtime::message_processor::stable_log] Program 11111111111111111111111111111111 invoke [2]
[2025-11-05T06:35:17.857989000Z DEBUG solana_runtime::message_processor::stable_log] Program 11111111111111111111111111111111 success
[2025-11-05T06:35:17.858015000Z DEBUG solana_runtime::message_processor::stable_log] Program TokenkegQfeZyiNwAJbNbGKPFXCWuBvf9Ss623VQ5DA invoke [2]
[2025-11-05T06:35:17.858039000Z DEBUG solana_runtime::message_processor::stable_log] Program log: Instruction: InitializeAccount3
[2025-11-05T06:35:17.858090000Z DEBUG solana_runtime::message_processor::stable_log] Program TokenkegQfeZyiNwAJbNbGKPFXCWuBvf9Ss623VQ5DA consumed 4214 of 162476 compute units
[2025-11-05T06:35:17.858099000Z DEBUG solana_runtime::message_processor::stable_log] Program TokenkegQfeZyiNwAJbNbGKPFXCWuBvf9Ss623VQ5DA success
[2025-11-05T06:35:17.858152000Z DEBUG solana_runtime::message_processor::stable_log] Program log: Creating honorary position through CP-AMM CPI
[2025-11-05T06:35:17.858226000Z DEBUG solana_runtime::message_processor::stable_log] Program ASmKWt93JEMHxbdE6j7znD9y2FcdPboCzC3xtSTJvN7S invoke [2]
[2025-11-05T06:35:17.858303000Z DEBUG solana_runtime::message_processor::stable_log] Program log: Instruction: CreatePosition
[2025-11-05T06:35:17.858376000Z DEBUG solana_runtime::message_processor::stable_log] Program 11111111111111111111111111111111 invoke [3]
[2025-11-05T06:35:17.858387000Z DEBUG solana_runtime::message_processor::stable_log] Program 11111111111111111111111111111111 success
[2025-11-05T06:35:17.858416000Z DEBUG solana_runtime::message_processor::stable_log] Program TokenzQdBNbLqP5VEhdkAS6EPFLC1PHnBqCXEpPxuEb invoke [3]
[2025-11-05T06:35:17.858448000Z DEBUG solana_runtime::message_processor::stable_log] Program log: MetadataPointerInstruction::Initialize
[2025-11-05T06:35:17.858483000Z DEBUG solana_runtime::message_processor::stable_log] Program TokenzQdBNbLqP5VEhdkAS6EPFLC1PHnBqCXEpPxuEb consumed 2442 of 137170 compute units
[2025-11-05T06:35:17.858491000Z DEBUG solana_runtime::message_processor::stable_log] Program TokenzQdBNbLqP5VEhdkAS6EPFLC1PHnBqCXEpPxuEb success
[2025-11-05T06:35:17.858518000Z DEBUG solana_runtime::message_processor::stable_log] Program TokenzQdBNbLqP5VEhdkAS6EPFLC1PHnBqCXEpPxuEb invoke [3]
[2025-11-05T06:35:17.858538000Z DEBUG solana_runtime::message_processor::stable_log] Program log: Instruction: InitializeMintCloseAuthority
[2025-11-05T06:35:17.858569000Z DEBUG solana_runtime::message_processor::stable_log] Program TokenzQdBNbLqP5VEhdkAS6EPFLC1PHnBqCXEpPxuEb consumed 2570 of 132750 compute units
[2025-11-05T06:35:17.858577000Z DEBUG solana_runtime::message_processor::stable_log] Program TokenzQdBNbLqP5VEhdkAS6EPFLC1PHnBqCXEpPxuEb success
[2025-11-05T06:35:17.858610000Z DEBUG solana_runtime::message_processor::stable_log] Program TokenzQdBNbLqP5VEhdkAS6EPFLC1PHnBqCXEpPxuEb invoke [3]
[2025-11-05T06:35:17.858633000Z DEBUG solana_runtime::message_processor::stable_log] Program log: Instruction: InitializeMint2
[2025-11-05T06:35:17.858691000Z DEBUG solana_runtime::message_processor::stable_log] Program TokenzQdBNbLqP5VEhdkAS6EPFLC1PHnBqCXEpPxuEb consumed 4078 of 128237 compute units
[2025-11-05T06:35:17.858699000Z DEBUG solana_runtime::message_processor::stable_log] Program TokenzQdBNbLqP5VEhdkAS6EPFLC1PHnBqCXEpPxuEb success
[2025-11-05T06:35:17.858819000Z DEBUG solana_runtime::message_processor::stable_log] Program 11111111111111111111111111111111 invoke [3]
[2025-11-05T06:35:17.858823000Z DEBUG solana_runtime::message_processor::stable_log] Program 11111111111111111111111111111111 success
[2025-11-05T06:35:17.858849000Z DEBUG solana_runtime::message_processor::stable_log] Program TokenzQdBNbLqP5VEhdkAS6EPFLC1PHnBqCXEpPxuEb invoke [3]
[2025-11-05T06:35:17.858874000Z DEBUG solana_runtime::message_processor::stable_log] Program log: Instruction: InitializeAccount3
[2025-11-05T06:35:17.858947000Z DEBUG solana_runtime::message_processor::stable_log] Program TokenzQdBNbLqP5VEhdkAS6EPFLC1PHnBqCXEpPxuEb consumed 5137 of 113053 compute units
[2025-11-05T06:35:17.858955000Z DEBUG solana_runtime::message_processor::stable_log] Program TokenzQdBNbLqP5VEhdkAS6EPFLC1PHnBqCXEpPxuEb success
[2025-11-05T06:35:17.859052000Z DEBUG solana_runtime::message_processor::stable_log] Program 11111111111111111111111111111111 invoke [3]
[2025-11-05T06:35:17.859055000Z DEBUG solana_runtime::message_processor::stable_log] Program 11111111111111111111111111111111 success
[2025-11-05T06:35:17.859152000Z DEBUG solana_runtime::message_processor::stable_log] Program TokenzQdBNbLqP5VEhdkAS6EPFLC1PHnBqCXEpPxuEb invoke [3]
[2025-11-05T06:35:17.859199000Z DEBUG solana_runtime::message_processor::stable_log] Program log: TokenMetadataInstruction: Initialize
[2025-11-05T06:35:17.859359000Z DEBUG solana_runtime::message_processor::stable_log] Program TokenzQdBNbLqP5VEhdkAS6EPFLC1PHnBqCXEpPxuEb consumed 9900 of 93323 compute units
[2025-11-05T06:35:17.859370000Z DEBUG solana_runtime::message_processor::stable_log] Program TokenzQdBNbLqP5VEhdkAS6EPFLC1PHnBqCXEpPxuEb success
[2025-11-05T06:35:17.859410000Z DEBUG solana_runtime::message_processor::stable_log] Program 11111111111111111111111111111111 invoke [3]
[2025-11-05T06:35:17.859414000Z DEBUG solana_runtime::message_processor::stable_log] Program 11111111111111111111111111111111 success
[2025-11-05T06:35:17.859451000Z DEBUG solana_runtime::message_processor::stable_log] Program TokenzQdBNbLqP5VEhdkAS6EPFLC1PHnBqCXEpPxuEb invoke [3]
[2025-11-05T06:35:17.859480000Z DEBUG solana_runtime::message_processor::stable_log] Program log: Instruction: MintTo
[2025-11-05T06:35:17.859550000Z DEBUG solana_runtime::message_processor::stable_log] Program TokenzQdBNbLqP5VEhdkAS6EPFLC1PHnBqCXEpPxuEb consumed 5540 of 78361 compute units
[2025-11-05T06:35:17.859557000Z DEBUG solana_runtime::message_processor::stable_log] Program TokenzQdBNbLqP5VEhdkAS6EPFLC1PHnBqCXEpPxuEb success
[2025-11-05T06:35:17.859605000Z DEBUG solana_runtime::message_processor::stable_log] Program ASmKWt93JEMHxbdE6j7znD9y2FcdPboCzC3xtSTJvN7S invoke [3]
[2025-11-05T06:35:17.859667000Z DEBUG solana_runtime::message_processor::stable_log] Program ASmKWt93JEMHxbdE6j7znD9y2FcdPboCzC3xtSTJvN7S consumed 2069 of 69755 compute units
[2025-11-05T06:35:17.859676000Z DEBUG solana_runtime::message_processor::stable_log] Program ASmKWt93JEMHxbdE6j7znD9y2FcdPboCzC3xtSTJvN7S success
[2025-11-05T06:35:17.859695000Z DEBUG solana_runtime::message_processor::stable_log] Program ASmKWt93JEMHxbdE6j7znD9y2FcdPboCzC3xtSTJvN7S consumed 79100 of 146214 compute units
[2025-11-05T06:35:17.859704000Z DEBUG solana_runtime::message_processor::stable_log] Program ASmKWt93JEMHxbdE6j7znD9y2FcdPboCzC3xtSTJvN7S success
[2025-11-05T06:35:17.859727000Z DEBUG solana_runtime::message_processor::stable_log] Program data: B9TwvmYpSyntF5pUh7ddP2HjfHcrbbgeuU6dy9fONNUIZbx62YSA/VBY+wUalRDuIdt5Fc58lcTnIGvSNdhWJaa9KP8fSRsnzDYppHheVWSudsmydRUko0KDLBQes7PTZm6XK7P+YRjGtMM09x3wpbDDj1fWY3b+4y7P72wXjrJjKqKRf5LFHIR8bXGWf96zQJleuIKr55rpZ5gjzGKvgg6EzcRV6zSVJfAKaQAAAAA=
[2025-11-05T06:35:17.859746000Z DEBUG solana_runtime::message_processor::stable_log] Program 5B57SJ3g2YoNXUpsZqqjEQkRSxyKtVTQRXdgAirz6bio consumed 134980 of 200000 compute units
[2025-11-05T06:35:17.859756000Z DEBUG solana_runtime::message_processor::stable_log] Program 5B57SJ3g2YoNXUpsZqqjEQkRSxyKtVTQRXdgAirz6bio success
[2025-11-05T06:35:17.865313000Z DEBUG solana_runtime::message_processor::stable_log] Program 5B57SJ3g2YoNXUpsZqqjEQkRSxyKtVTQRXdgAirz6bio invoke [1]
[2025-11-05T06:35:17.865381000Z DEBUG solana_runtime::message_processor::stable_log] Program log: Instruction: SetupPolicy
[2025-11-05T06:35:17.865461000Z DEBUG solana_runtime::message_processor::stable_log] Program 11111111111111111111111111111111 invoke [2]
[2025-11-05T06:35:17.865469000Z DEBUG solana_runtime::message_processor::stable_log] Program 11111111111111111111111111111111 success
[2025-11-05T06:35:17.865546000Z DEBUG solana_runtime::message_processor::stable_log] Program 11111111111111111111111111111111 invoke [2]
[2025-11-05T06:35:17.865550000Z DEBUG solana_runtime::message_processor::stable_log] Program 11111111111111111111111111111111 success
[2025-11-05T06:35:17.865607000Z DEBUG solana_runtime::message_processor::stable_log] Program data: HFXHbHKxoybtF5pUh7ddP2HjfHcrbbgeuU6dy9fONNUIZbx62YSA/dumBndrVF1P5ieUn33ot+rMSxFsavf5WhsjlHlibdggiBNAS0wAAAAAACXwCmkAAAAA
[2025-11-05T06:35:17.865639000Z DEBUG solana_runtime::message_processor::stable_log] Program 5B57SJ3g2YoNXUpsZqqjEQkRSxyKtVTQRXdgAirz6bio consumed 16526 of 200000 compute units
[2025-11-05T06:35:17.865650000Z DEBUG solana_runtime::message_processor::stable_log] Program 5B57SJ3g2YoNXUpsZqqjEQkRSxyKtVTQRXdgAirz6bio success
[2025-11-05T06:35:17.882351000Z DEBUG solana_runtime::message_processor::stable_log] Program 5B57SJ3g2YoNXUpsZqqjEQkRSxyKtVTQRXdgAirz6bio invoke [1]
[2025-11-05T06:35:17.882468000Z DEBUG solana_runtime::message_processor::stable_log] Program log: Instruction: AddHonoraryLiquidity
[2025-11-05T06:35:17.882757000Z DEBUG solana_runtime::message_processor::stable_log] Program log: Adding liquidity to honorary position
[2025-11-05T06:35:17.882804000Z DEBUG solana_runtime::message_processor::stable_log] Program TokenkegQfeZyiNwAJbNbGKPFXCWuBvf9Ss623VQ5DA invoke [2]
[2025-11-05T06:35:17.882859000Z DEBUG solana_runtime::message_processor::stable_log] Program log: Instruction: TransferChecked
[2025-11-05T06:35:17.882935000Z DEBUG solana_runtime::message_processor::stable_log] Program TokenkegQfeZyiNwAJbNbGKPFXCWuBvf9Ss623VQ5DA consumed 6174 of 169743 compute units
[2025-11-05T06:35:17.882947000Z DEBUG solana_runtime::message_processor::stable_log] Program TokenkegQfeZyiNwAJbNbGKPFXCWuBvf9Ss623VQ5DA success
[2025-11-05T06:35:17.882993000Z DEBUG solana_runtime::message_processor::stable_log] Program TokenkegQfeZyiNwAJbNbGKPFXCWuBvf9Ss623VQ5DA invoke [2]
[2025-11-05T06:35:17.883043000Z DEBUG solana_runtime::message_processor::stable_log] Program log: Instruction: TransferChecked
[2025-11-05T06:35:17.883169000Z DEBUG solana_runtime::message_processor::stable_log] Program TokenkegQfeZyiNwAJbNbGKPFXCWuBvf9Ss623VQ5DA consumed 6174 of 160836 compute units
[2025-11-05T06:35:17.883183000Z DEBUG solana_runtime::message_processor::stable_log] Program TokenkegQfeZyiNwAJbNbGKPFXCWuBvf9Ss623VQ5DA success
[2025-11-05T06:35:17.883292000Z DEBUG solana_runtime::message_processor::stable_log] Program ASmKWt93JEMHxbdE6j7znD9y2FcdPboCzC3xtSTJvN7S invoke [2]
[2025-11-05T06:35:17.883392000Z DEBUG solana_runtime::message_processor::stable_log] Program log: Instruction: AddLiquidity
[2025-11-05T06:35:17.883734000Z DEBUG solana_runtime::message_processor::stable_log] Program TokenkegQfeZyiNwAJbNbGKPFXCWuBvf9Ss623VQ5DA invoke [3]
[2025-11-05T06:35:17.883776000Z DEBUG solana_runtime::message_processor::stable_log] Program log: Instruction: TransferChecked
[2025-11-05T06:35:17.883851000Z DEBUG solana_runtime::message_processor::stable_log] Program TokenkegQfeZyiNwAJbNbGKPFXCWuBvf9Ss623VQ5DA consumed 6174 of 122256 compute units
[2025-11-05T06:35:17.883864000Z DEBUG solana_runtime::message_processor::stable_log] Program TokenkegQfeZyiNwAJbNbGKPFXCWuBvf9Ss623VQ5DA success
[2025-11-05T06:35:17.883911000Z DEBUG solana_runtime::message_processor::stable_log] Program TokenkegQfeZyiNwAJbNbGKPFXCWuBvf9Ss623VQ5DA invoke [3]
[2025-11-05T06:35:17.883941000Z DEBUG solana_runtime::message_processor::stable_log] Program log: Instruction: TransferChecked
[2025-11-05T06:35:17.884068000Z DEBUG solana_runtime::message_processor::stable_log] Program TokenkegQfeZyiNwAJbNbGKPFXCWuBvf9Ss623VQ5DA consumed 6174 of 113672 compute units
[2025-11-05T06:35:17.884079000Z DEBUG solana_runtime::message_processor::stable_log] Program TokenkegQfeZyiNwAJbNbGKPFXCWuBvf9Ss623VQ5DA success
[2025-11-05T06:35:17.884139000Z DEBUG solana_runtime::message_processor::stable_log] Program ASmKWt93JEMHxbdE6j7znD9y2FcdPboCzC3xtSTJvN7S invoke [3]
[2025-11-05T06:35:17.884174000Z DEBUG solana_runtime::message_processor::stable_log] Program ASmKWt93JEMHxbdE6j7znD9y2FcdPboCzC3xtSTJvN7S consumed 2069 of 104244 compute units
[2025-11-05T06:35:17.884182000Z DEBUG solana_runtime::message_processor::stable_log] Program ASmKWt93JEMHxbdE6j7znD9y2FcdPboCzC3xtSTJvN7S success
[2025-11-05T06:35:17.884282000Z DEBUG solana_runtime::message_processor::stable_log] Program ASmKWt93JEMHxbdE6j7znD9y2FcdPboCzC3xtSTJvN7S invoke [3]
[2025-11-05T06:35:17.884315000Z DEBUG solana_runtime::message_processor::stable_log] Program ASmKWt93JEMHxbdE6j7znD9y2FcdPboCzC3xtSTJvN7S consumed 2069 of 95741 compute units
[2025-11-05T06:35:17.884328000Z DEBUG solana_runtime::message_processor::stable_log] Program ASmKWt93JEMHxbdE6j7znD9y2FcdPboCzC3xtSTJvN7S success
[2025-11-05T06:35:17.884349000Z DEBUG solana_runtime::message_processor::stable_log] Program ASmKWt93JEMHxbdE6j7znD9y2FcdPboCzC3xtSTJvN7S consumed 50736 of 143767 compute units
[2025-11-05T06:35:17.884358000Z DEBUG solana_runtime::message_processor::stable_log] Program ASmKWt93JEMHxbdE6j7znD9y2FcdPboCzC3xtSTJvN7S success
[2025-11-05T06:35:17.884389000Z DEBUG solana_runtime::message_processor::stable_log] Program log: Successfully added 1844674407370955161600 liquidity to honorary position
[2025-11-05T06:35:17.884402000Z DEBUG solana_runtime::message_processor::stable_log] Program 5B57SJ3g2YoNXUpsZqqjEQkRSxyKtVTQRXdgAirz6bio consumed 108647 of 200000 compute units
[2025-11-05T06:35:17.884412000Z DEBUG solana_runtime::message_processor::stable_log] Program 5B57SJ3g2YoNXUpsZqqjEQkRSxyKtVTQRXdgAirz6bio success
[2025-11-05T06:35:17.892179000Z DEBUG solana_runtime::message_processor::stable_log] Program 11111111111111111111111111111111 invoke [1]
[2025-11-05T06:35:17.892193000Z DEBUG solana_runtime::message_processor::stable_log] Program 11111111111111111111111111111111 success
  Stream 0: 100% locked, expected locked amount: 1000000, amount_per_period: 2777
[2025-11-05T06:35:17.896355000Z DEBUG solana_runtime::message_processor::stable_log] Program ATokenGPvbdGVxr1b2hvZbsiqW5xWH25efTNsLJA8knL invoke [1]
[2025-11-05T06:35:17.896426000Z DEBUG solana_runtime::message_processor::stable_log] Program log: Create
[2025-11-05T06:35:17.896474000Z DEBUG solana_runtime::message_processor::stable_log] Program TokenkegQfeZyiNwAJbNbGKPFXCWuBvf9Ss623VQ5DA invoke [2]
[2025-11-05T06:35:17.896504000Z DEBUG solana_runtime::message_processor::stable_log] Program log: Instruction: GetAccountDataSize
[2025-11-05T06:35:17.896521000Z DEBUG solana_runtime::message_processor::stable_log] Program TokenkegQfeZyiNwAJbNbGKPFXCWuBvf9Ss623VQ5DA consumed 1595 of 194555 compute units
[2025-11-05T06:35:17.896529000Z DEBUG solana_runtime::message_processor::stable_log] Program return: TokenkegQfeZyiNwAJbNbGKPFXCWuBvf9Ss623VQ5DA pQAAAAAAAAA=
[2025-11-05T06:35:17.896537000Z DEBUG solana_runtime::message_processor::stable_log] Program TokenkegQfeZyiNwAJbNbGKPFXCWuBvf9Ss623VQ5DA success
[2025-11-05T06:35:17.896591000Z DEBUG solana_runtime::message_processor::stable_log] Program 11111111111111111111111111111111 invoke [2]
[2025-11-05T06:35:17.896596000Z DEBUG solana_runtime::message_processor::stable_log] Program 11111111111111111111111111111111 success
[2025-11-05T06:35:17.896602000Z DEBUG solana_runtime::message_processor::stable_log] Program log: Initialize the associated token account
[2025-11-05T06:35:17.896619000Z DEBUG solana_runtime::message_processor::stable_log] Program TokenkegQfeZyiNwAJbNbGKPFXCWuBvf9Ss623VQ5DA invoke [2]
[2025-11-05T06:35:17.896645000Z DEBUG solana_runtime::message_processor::stable_log] Program log: Instruction: InitializeImmutableOwner
[2025-11-05T06:35:17.896677000Z DEBUG solana_runtime::message_processor::stable_log] Program log: Please upgrade to SPL Token 2022 for immutable owner support
[2025-11-05T06:35:17.896681000Z DEBUG solana_runtime::message_processor::stable_log] Program TokenkegQfeZyiNwAJbNbGKPFXCWuBvf9Ss623VQ5DA consumed 1405 of 187942 compute units
[2025-11-05T06:35:17.896688000Z DEBUG solana_runtime::message_processor::stable_log] Program TokenkegQfeZyiNwAJbNbGKPFXCWuBvf9Ss623VQ5DA success
[2025-11-05T06:35:17.896722000Z DEBUG solana_runtime::message_processor::stable_log] Program TokenkegQfeZyiNwAJbNbGKPFXCWuBvf9Ss623VQ5DA invoke [2]
[2025-11-05T06:35:17.896749000Z DEBUG solana_runtime::message_processor::stable_log] Program log: Instruction: InitializeAccount3
[2025-11-05T06:35:17.896803000Z DEBUG solana_runtime::message_processor::stable_log] Program TokenkegQfeZyiNwAJbNbGKPFXCWuBvf9Ss623VQ5DA consumed 4214 of 184058 compute units
[2025-11-05T06:35:17.896810000Z DEBUG solana_runtime::message_processor::stable_log] Program TokenkegQfeZyiNwAJbNbGKPFXCWuBvf9Ss623VQ5DA success
[2025-11-05T06:35:17.896822000Z DEBUG solana_runtime::message_processor::stable_log] Program ATokenGPvbdGVxr1b2hvZbsiqW5xWH25efTNsLJA8knL consumed 20460 of 200000 compute units
[2025-11-05T06:35:17.896832000Z DEBUG solana_runtime::message_processor::stable_log] Program ATokenGPvbdGVxr1b2hvZbsiqW5xWH25efTNsLJA8knL success
[2025-11-05T06:35:17.904404000Z DEBUG solana_runtime::message_processor::stable_log] Program 11111111111111111111111111111111 invoke [1]
[2025-11-05T06:35:17.904421000Z DEBUG solana_runtime::message_processor::stable_log] Program 11111111111111111111111111111111 success
  Stream 1: 75% locked, expected locked amount: 750000, amount_per_period: 2777
[2025-11-05T06:35:17.908999000Z DEBUG solana_runtime::message_processor::stable_log] Program ATokenGPvbdGVxr1b2hvZbsiqW5xWH25efTNsLJA8knL invoke [1]
[2025-11-05T06:35:17.909073000Z DEBUG solana_runtime::message_processor::stable_log] Program log: Create
[2025-11-05T06:35:17.909137000Z DEBUG solana_runtime::message_processor::stable_log] Program TokenkegQfeZyiNwAJbNbGKPFXCWuBvf9Ss623VQ5DA invoke [2]
[2025-11-05T06:35:17.909168000Z DEBUG solana_runtime::message_processor::stable_log] Program log: Instruction: GetAccountDataSize
[2025-11-05T06:35:17.909186000Z DEBUG solana_runtime::message_processor::stable_log] Program TokenkegQfeZyiNwAJbNbGKPFXCWuBvf9Ss623VQ5DA consumed 1595 of 191555 compute units
[2025-11-05T06:35:17.909194000Z DEBUG solana_runtime::message_processor::stable_log] Program return: TokenkegQfeZyiNwAJbNbGKPFXCWuBvf9Ss623VQ5DA pQAAAAAAAAA=
[2025-11-05T06:35:17.909202000Z DEBUG solana_runtime::message_processor::stable_log] Program TokenkegQfeZyiNwAJbNbGKPFXCWuBvf9Ss623VQ5DA success
[2025-11-05T06:35:17.909259000Z DEBUG solana_runtime::message_processor::stable_log] Program 11111111111111111111111111111111 invoke [2]
[2025-11-05T06:35:17.909265000Z DEBUG solana_runtime::message_processor::stable_log] Program 11111111111111111111111111111111 success
[2025-11-05T06:35:17.909270000Z DEBUG solana_runtime::message_processor::stable_log] Program log: Initialize the associated token account
[2025-11-05T06:35:17.909288000Z DEBUG solana_runtime::message_processor::stable_log] Program TokenkegQfeZyiNwAJbNbGKPFXCWuBvf9Ss623VQ5DA invoke [2]
[2025-11-05T06:35:17.909310000Z DEBUG solana_runtime::message_processor::stable_log] Program log: Instruction: InitializeImmutableOwner
[2025-11-05T06:35:17.909321000Z DEBUG solana_runtime::message_processor::stable_log] Program log: Please upgrade to SPL Token 2022 for immutable owner support
[2025-11-05T06:35:17.909325000Z DEBUG solana_runtime::message_processor::stable_log] Program TokenkegQfeZyiNwAJbNbGKPFXCWuBvf9Ss623VQ5DA consumed 1405 of 184942 compute units
[2025-11-05T06:35:17.909332000Z DEBUG solana_runtime::message_processor::stable_log] Program TokenkegQfeZyiNwAJbNbGKPFXCWuBvf9Ss623VQ5DA success
[2025-11-05T06:35:17.909364000Z DEBUG solana_runtime::message_processor::stable_log] Program TokenkegQfeZyiNwAJbNbGKPFXCWuBvf9Ss623VQ5DA invoke [2]
[2025-11-05T06:35:17.909391000Z DEBUG solana_runtime::message_processor::stable_log] Program log: Instruction: InitializeAccount3
[2025-11-05T06:35:17.909448000Z DEBUG solana_runtime::message_processor::stable_log] Program TokenkegQfeZyiNwAJbNbGKPFXCWuBvf9Ss623VQ5DA consumed 4214 of 181058 compute units
[2025-11-05T06:35:17.909455000Z DEBUG solana_runtime::message_processor::stable_log] Program TokenkegQfeZyiNwAJbNbGKPFXCWuBvf9Ss623VQ5DA success
[2025-11-05T06:35:17.909467000Z DEBUG solana_runtime::message_processor::stable_log] Program ATokenGPvbdGVxr1b2hvZbsiqW5xWH25efTNsLJA8knL consumed 23460 of 200000 compute units
[2025-11-05T06:35:17.909476000Z DEBUG solana_runtime::message_processor::stable_log] Program ATokenGPvbdGVxr1b2hvZbsiqW5xWH25efTNsLJA8knL success
[2025-11-05T06:35:17.917089000Z DEBUG solana_runtime::message_processor::stable_log] Program 11111111111111111111111111111111 invoke [1]
[2025-11-05T06:35:17.917102000Z DEBUG solana_runtime::message_processor::stable_log] Program 11111111111111111111111111111111 success
  Stream 2: 50% locked, expected locked amount: 500000, amount_per_period: 2777
[2025-11-05T06:35:17.921147000Z DEBUG solana_runtime::message_processor::stable_log] Program ATokenGPvbdGVxr1b2hvZbsiqW5xWH25efTNsLJA8knL invoke [1]
[2025-11-05T06:35:17.921217000Z DEBUG solana_runtime::message_processor::stable_log] Program log: Create
[2025-11-05T06:35:17.921267000Z DEBUG solana_runtime::message_processor::stable_log] Program TokenkegQfeZyiNwAJbNbGKPFXCWuBvf9Ss623VQ5DA invoke [2]
[2025-11-05T06:35:17.921303000Z DEBUG solana_runtime::message_processor::stable_log] Program log: Instruction: GetAccountDataSize
[2025-11-05T06:35:17.921356000Z DEBUG solana_runtime::message_processor::stable_log] Program TokenkegQfeZyiNwAJbNbGKPFXCWuBvf9Ss623VQ5DA consumed 1595 of 194555 compute units
[2025-11-05T06:35:17.921367000Z DEBUG solana_runtime::message_processor::stable_log] Program return: TokenkegQfeZyiNwAJbNbGKPFXCWuBvf9Ss623VQ5DA pQAAAAAAAAA=
[2025-11-05T06:35:17.921377000Z DEBUG solana_runtime::message_processor::stable_log] Program TokenkegQfeZyiNwAJbNbGKPFXCWuBvf9Ss623VQ5DA success
[2025-11-05T06:35:17.921431000Z DEBUG solana_runtime::message_processor::stable_log] Program 11111111111111111111111111111111 invoke [2]
[2025-11-05T06:35:17.921437000Z DEBUG solana_runtime::message_processor::stable_log] Program 11111111111111111111111111111111 success
[2025-11-05T06:35:17.921443000Z DEBUG solana_runtime::message_processor::stable_log] Program log: Initialize the associated token account
[2025-11-05T06:35:17.921460000Z DEBUG solana_runtime::message_processor::stable_log] Program TokenkegQfeZyiNwAJbNbGKPFXCWuBvf9Ss623VQ5DA invoke [2]
[2025-11-05T06:35:17.921481000Z DEBUG solana_runtime::message_processor::stable_log] Program log: Instruction: InitializeImmutableOwner
[2025-11-05T06:35:17.921494000Z DEBUG solana_runtime::message_processor::stable_log] Program log: Please upgrade to SPL Token 2022 for immutable owner support
[2025-11-05T06:35:17.921498000Z DEBUG solana_runtime::message_processor::stable_log] Program TokenkegQfeZyiNwAJbNbGKPFXCWuBvf9Ss623VQ5DA consumed 1405 of 187942 compute units
[2025-11-05T06:35:17.921505000Z DEBUG solana_runtime::message_processor::stable_log] Program TokenkegQfeZyiNwAJbNbGKPFXCWuBvf9Ss623VQ5DA success
[2025-11-05T06:35:17.921539000Z DEBUG solana_runtime::message_processor::stable_log] Program TokenkegQfeZyiNwAJbNbGKPFXCWuBvf9Ss623VQ5DA invoke [2]
[2025-11-05T06:35:17.921567000Z DEBUG solana_runtime::message_processor::stable_log] Program log: Instruction: InitializeAccount3
[2025-11-05T06:35:17.921622000Z DEBUG solana_runtime::message_processor::stable_log] Program TokenkegQfeZyiNwAJbNbGKPFXCWuBvf9Ss623VQ5DA consumed 4214 of 184058 compute units
[2025-11-05T06:35:17.921631000Z DEBUG solana_runtime::message_processor::stable_log] Program TokenkegQfeZyiNwAJbNbGKPFXCWuBvf9Ss623VQ5DA success
[2025-11-05T06:35:17.921643000Z DEBUG solana_runtime::message_processor::stable_log] Program ATokenGPvbdGVxr1b2hvZbsiqW5xWH25efTNsLJA8knL consumed 20460 of 200000 compute units
[2025-11-05T06:35:17.921652000Z DEBUG solana_runtime::message_processor::stable_log] Program ATokenGPvbdGVxr1b2hvZbsiqW5xWH25efTNsLJA8knL success
[2025-11-05T06:35:17.929399000Z DEBUG solana_runtime::message_processor::stable_log] Program 11111111111111111111111111111111 invoke [1]
[2025-11-05T06:35:17.929415000Z DEBUG solana_runtime::message_processor::stable_log] Program 11111111111111111111111111111111 success
  Stream 3: 25% locked, expected locked amount: 250000, amount_per_period: 2777
[2025-11-05T06:35:17.933576000Z DEBUG solana_runtime::message_processor::stable_log] Program ATokenGPvbdGVxr1b2hvZbsiqW5xWH25efTNsLJA8knL invoke [1]
[2025-11-05T06:35:17.933643000Z DEBUG solana_runtime::message_processor::stable_log] Program log: Create
[2025-11-05T06:35:17.933693000Z DEBUG solana_runtime::message_processor::stable_log] Program TokenkegQfeZyiNwAJbNbGKPFXCWuBvf9Ss623VQ5DA invoke [2]
[2025-11-05T06:35:17.933724000Z DEBUG solana_runtime::message_processor::stable_log] Program log: Instruction: GetAccountDataSize
[2025-11-05T06:35:17.933743000Z DEBUG solana_runtime::message_processor::stable_log] Program TokenkegQfeZyiNwAJbNbGKPFXCWuBvf9Ss623VQ5DA consumed 1595 of 194555 compute units
[2025-11-05T06:35:17.933750000Z DEBUG solana_runtime::message_processor::stable_log] Program return: TokenkegQfeZyiNwAJbNbGKPFXCWuBvf9Ss623VQ5DA pQAAAAAAAAA=
[2025-11-05T06:35:17.933758000Z DEBUG solana_runtime::message_processor::stable_log] Program TokenkegQfeZyiNwAJbNbGKPFXCWuBvf9Ss623VQ5DA success
[2025-11-05T06:35:17.933823000Z DEBUG solana_runtime::message_processor::stable_log] Program 11111111111111111111111111111111 invoke [2]
[2025-11-05T06:35:17.933834000Z DEBUG solana_runtime::message_processor::stable_log] Program 11111111111111111111111111111111 success
[2025-11-05T06:35:17.933847000Z DEBUG solana_runtime::message_processor::stable_log] Program log: Initialize the associated token account
[2025-11-05T06:35:17.933874000Z DEBUG solana_runtime::message_processor::stable_log] Program TokenkegQfeZyiNwAJbNbGKPFXCWuBvf9Ss623VQ5DA invoke [2]
[2025-11-05T06:35:17.933895000Z DEBUG solana_runtime::message_processor::stable_log] Program log: Instruction: InitializeImmutableOwner
[2025-11-05T06:35:17.933908000Z DEBUG solana_runtime::message_processor::stable_log] Program log: Please upgrade to SPL Token 2022 for immutable owner support
[2025-11-05T06:35:17.933911000Z DEBUG solana_runtime::message_processor::stable_log] Program TokenkegQfeZyiNwAJbNbGKPFXCWuBvf9Ss623VQ5DA consumed 1405 of 187942 compute units
[2025-11-05T06:35:17.933919000Z DEBUG solana_runtime::message_processor::stable_log] Program TokenkegQfeZyiNwAJbNbGKPFXCWuBvf9Ss623VQ5DA success
[2025-11-05T06:35:17.933953000Z DEBUG solana_runtime::message_processor::stable_log] Program TokenkegQfeZyiNwAJbNbGKPFXCWuBvf9Ss623VQ5DA invoke [2]
[2025-11-05T06:35:17.933980000Z DEBUG solana_runtime::message_processor::stable_log] Program log: Instruction: InitializeAccount3
[2025-11-05T06:35:17.934036000Z DEBUG solana_runtime::message_processor::stable_log] Program TokenkegQfeZyiNwAJbNbGKPFXCWuBvf9Ss623VQ5DA consumed 4214 of 184058 compute units
[2025-11-05T06:35:17.934046000Z DEBUG solana_runtime::message_processor::stable_log] Program TokenkegQfeZyiNwAJbNbGKPFXCWuBvf9Ss623VQ5DA success
[2025-11-05T06:35:17.934058000Z DEBUG solana_runtime::message_processor::stable_log] Program ATokenGPvbdGVxr1b2hvZbsiqW5xWH25efTNsLJA8knL consumed 20460 of 200000 compute units
[2025-11-05T06:35:17.934066000Z DEBUG solana_runtime::message_processor::stable_log] Program ATokenGPvbdGVxr1b2hvZbsiqW5xWH25efTNsLJA8knL success
[2025-11-05T06:35:17.941953000Z DEBUG solana_runtime::message_processor::stable_log] Program 11111111111111111111111111111111 invoke [1]
[2025-11-05T06:35:17.941970000Z DEBUG solana_runtime::message_processor::stable_log] Program 11111111111111111111111111111111 success
  Stream 4: 0% locked, expected locked amount: 0, amount_per_period: 2777
[2025-11-05T06:35:17.946559000Z DEBUG solana_runtime::message_processor::stable_log] Program ATokenGPvbdGVxr1b2hvZbsiqW5xWH25efTNsLJA8knL invoke [1]
[2025-11-05T06:35:17.946642000Z DEBUG solana_runtime::message_processor::stable_log] Program log: Create
[2025-11-05T06:35:17.946712000Z DEBUG solana_runtime::message_processor::stable_log] Program TokenkegQfeZyiNwAJbNbGKPFXCWuBvf9Ss623VQ5DA invoke [2]
[2025-11-05T06:35:17.946744000Z DEBUG solana_runtime::message_processor::stable_log] Program log: Instruction: GetAccountDataSize
[2025-11-05T06:35:17.946761000Z DEBUG solana_runtime::message_processor::stable_log] Program TokenkegQfeZyiNwAJbNbGKPFXCWuBvf9Ss623VQ5DA consumed 1595 of 190055 compute units
[2025-11-05T06:35:17.946768000Z DEBUG solana_runtime::message_processor::stable_log] Program return: TokenkegQfeZyiNwAJbNbGKPFXCWuBvf9Ss623VQ5DA pQAAAAAAAAA=
[2025-11-05T06:35:17.946776000Z DEBUG solana_runtime::message_processor::stable_log] Program TokenkegQfeZyiNwAJbNbGKPFXCWuBvf9Ss623VQ5DA success
[2025-11-05T06:35:17.946831000Z DEBUG solana_runtime::message_processor::stable_log] Program 11111111111111111111111111111111 invoke [2]
[2025-11-05T06:35:17.946837000Z DEBUG solana_runtime::message_processor::stable_log] Program 11111111111111111111111111111111 success
[2025-11-05T06:35:17.946842000Z DEBUG solana_runtime::message_processor::stable_log] Program log: Initialize the associated token account
[2025-11-05T06:35:17.946860000Z DEBUG solana_runtime::message_processor::stable_log] Program TokenkegQfeZyiNwAJbNbGKPFXCWuBvf9Ss623VQ5DA invoke [2]
[2025-11-05T06:35:17.946881000Z DEBUG solana_runtime::message_processor::stable_log] Program log: Instruction: InitializeImmutableOwner
[2025-11-05T06:35:17.946892000Z DEBUG solana_runtime::message_processor::stable_log] Program log: Please upgrade to SPL Token 2022 for immutable owner support
[2025-11-05T06:35:17.946896000Z DEBUG solana_runtime::message_processor::stable_log] Program TokenkegQfeZyiNwAJbNbGKPFXCWuBvf9Ss623VQ5DA consumed 1405 of 183442 compute units
[2025-11-05T06:35:17.946904000Z DEBUG solana_runtime::message_processor::stable_log] Program TokenkegQfeZyiNwAJbNbGKPFXCWuBvf9Ss623VQ5DA success
[2025-11-05T06:35:17.946937000Z DEBUG solana_runtime::message_processor::stable_log] Program TokenkegQfeZyiNwAJbNbGKPFXCWuBvf9Ss623VQ5DA invoke [2]
[2025-11-05T06:35:17.946964000Z DEBUG solana_runtime::message_processor::stable_log] Program log: Instruction: InitializeAccount3
[2025-11-05T06:35:17.947018000Z DEBUG solana_runtime::message_processor::stable_log] Program TokenkegQfeZyiNwAJbNbGKPFXCWuBvf9Ss623VQ5DA consumed 4214 of 179558 compute units
[2025-11-05T06:35:17.947027000Z DEBUG solana_runtime::message_processor::stable_log] Program TokenkegQfeZyiNwAJbNbGKPFXCWuBvf9Ss623VQ5DA success
[2025-11-05T06:35:17.947039000Z DEBUG solana_runtime::message_processor::stable_log] Program ATokenGPvbdGVxr1b2hvZbsiqW5xWH25efTNsLJA8knL consumed 24960 of 200000 compute units
[2025-11-05T06:35:17.947048000Z DEBUG solana_runtime::message_processor::stable_log] Program ATokenGPvbdGVxr1b2hvZbsiqW5xWH25efTNsLJA8knL success
[2025-11-05T06:35:17.965166000Z DEBUG solana_runtime::message_processor::stable_log] Program ASmKWt93JEMHxbdE6j7znD9y2FcdPboCzC3xtSTJvN7S invoke [1]
[2025-11-05T06:35:17.965265000Z DEBUG solana_runtime::message_processor::stable_log] Program log: Instruction: Swap
[2025-11-05T06:35:17.965570000Z DEBUG solana_runtime::message_processor::stable_log] Program TokenkegQfeZyiNwAJbNbGKPFXCWuBvf9Ss623VQ5DA invoke [2]
[2025-11-05T06:35:17.965618000Z DEBUG solana_runtime::message_processor::stable_log] Program log: Instruction: TransferChecked
[2025-11-05T06:35:17.965699000Z DEBUG solana_runtime::message_processor::stable_log] Program TokenkegQfeZyiNwAJbNbGKPFXCWuBvf9Ss623VQ5DA consumed 6174 of 177323 compute units
[2025-11-05T06:35:17.965709000Z DEBUG solana_runtime::message_processor::stable_log] Program TokenkegQfeZyiNwAJbNbGKPFXCWuBvf9Ss623VQ5DA success
[2025-11-05T06:35:17.965767000Z DEBUG solana_runtime::message_processor::stable_log] Program TokenkegQfeZyiNwAJbNbGKPFXCWuBvf9Ss623VQ5DA invoke [2]
[2025-11-05T06:35:17.965799000Z DEBUG solana_runtime::message_processor::stable_log] Program log: Instruction: TransferChecked
[2025-11-05T06:35:17.965871000Z DEBUG solana_runtime::message_processor::stable_log] Program TokenkegQfeZyiNwAJbNbGKPFXCWuBvf9Ss623VQ5DA consumed 6174 of 168685 compute units
[2025-11-05T06:35:17.965880000Z DEBUG solana_runtime::message_processor::stable_log] Program TokenkegQfeZyiNwAJbNbGKPFXCWuBvf9Ss623VQ5DA success
[2025-11-05T06:35:17.965982000Z DEBUG solana_runtime::message_processor::stable_log] Program ASmKWt93JEMHxbdE6j7znD9y2FcdPboCzC3xtSTJvN7S invoke [2]
[2025-11-05T06:35:17.966016000Z DEBUG solana_runtime::message_processor::stable_log] Program ASmKWt93JEMHxbdE6j7znD9y2FcdPboCzC3xtSTJvN7S consumed 2069 of 156500 compute units
[2025-11-05T06:35:17.966024000Z DEBUG solana_runtime::message_processor::stable_log] Program ASmKWt93JEMHxbdE6j7znD9y2FcdPboCzC3xtSTJvN7S success
[2025-11-05T06:35:17.966076000Z DEBUG solana_runtime::message_processor::stable_log] Program ASmKWt93JEMHxbdE6j7znD9y2FcdPboCzC3xtSTJvN7S invoke [2]
[2025-11-05T06:35:17.966104000Z DEBUG solana_runtime::message_processor::stable_log] Program ASmKWt93JEMHxbdE6j7znD9y2FcdPboCzC3xtSTJvN7S consumed 2069 of 150802 compute units
[2025-11-05T06:35:17.966112000Z DEBUG solana_runtime::message_processor::stable_log] Program ASmKWt93JEMHxbdE6j7znD9y2FcdPboCzC3xtSTJvN7S success
[2025-11-05T06:35:17.966138000Z DEBUG solana_runtime::message_processor::stable_log] Program ASmKWt93JEMHxbdE6j7znD9y2FcdPboCzC3xtSTJvN7S consumed 51801 of 200000 compute units
[2025-11-05T06:35:17.966150000Z DEBUG solana_runtime::message_processor::stable_log] Program ASmKWt93JEMHxbdE6j7znD9y2FcdPboCzC3xtSTJvN7S success
[2025-11-05T06:35:17.986500000Z DEBUG solana_runtime::message_processor::stable_log] Program ComputeBudget111111111111111111111111111111 invoke [1]
[2025-11-05T06:35:17.986518000Z DEBUG solana_runtime::message_processor::stable_log] Program ComputeBudget111111111111111111111111111111 success
[2025-11-05T06:35:17.986526000Z DEBUG solana_runtime::message_processor::stable_log] Program 5B57SJ3g2YoNXUpsZqqjEQkRSxyKtVTQRXdgAirz6bio invoke [1]
[2025-11-05T06:35:17.986699000Z DEBUG solana_runtime::message_processor::stable_log] Program log: Instruction: CrankDistribution
[2025-11-05T06:35:17.987290000Z DEBUG solana_runtime::message_processor::stable_log] Program log: === DEBUG: Before claiming fees ===
[2025-11-05T06:35:17.987306000Z DEBUG solana_runtime::message_processor::stable_log] Program log: Pool collect_fee_mode: 1
[2025-11-05T06:35:17.987420000Z DEBUG solana_runtime::message_processor::stable_log] Program log: Pool token_a_mint: 9QobnoM1yx8Dk8vRwDQ4tVgF23DjBbP7725qsWHDMvhS
[2025-11-05T06:35:17.987528000Z DEBUG solana_runtime::message_processor::stable_log] Program log: Pool token_b_mint: ENfbJeN6rj5Nc8i6TPj29rcTNkWpeDpEPp6oDgtqYfZD
[2025-11-05T06:35:17.987696000Z DEBUG solana_runtime::message_processor::stable_log] Program log: Quote mint: ENfbJeN6rj5Nc8i6TPj29rcTNkWpeDpEPp6oDgtqYfZD
[2025-11-05T06:35:17.987806000Z DEBUG solana_runtime::message_processor::stable_log] Program log: Base mint: 9QobnoM1yx8Dk8vRwDQ4tVgF23DjBbP7725qsWHDMvhS
[2025-11-05T06:35:17.987820000Z DEBUG solana_runtime::message_processor::stable_log] Program log: Position unlocked_liquidity: 1844674407370955161600
[2025-11-05T06:35:17.987828000Z DEBUG solana_runtime::message_processor::stable_log] Program log: Position vested_liquidity: 0
[2025-11-05T06:35:17.987835000Z DEBUG solana_runtime::message_processor::stable_log] Program log: Position permanent_locked_liquidity: 0
[2025-11-05T06:35:17.987842000Z DEBUG solana_runtime::message_processor::stable_log] Program log: Position fee_a_pending: 0
[2025-11-05T06:35:17.987847000Z DEBUG solana_runtime::message_processor::stable_log] Program log: Position fee_b_pending: 0
[2025-11-05T06:35:17.987852000Z DEBUG solana_runtime::message_processor::stable_log] Program log: Position fee_a_checkpoint (first 8 bytes): 0
[2025-11-05T06:35:17.987858000Z DEBUG solana_runtime::message_processor::stable_log] Program log: Position fee_b_checkpoint (first 8 bytes): 0
[2025-11-05T06:35:17.987864000Z DEBUG solana_runtime::message_processor::stable_log] Program log: Pool fee_a_per_liquidity (first 8 bytes): 0
[2025-11-05T06:35:17.987870000Z DEBUG solana_runtime::message_processor::stable_log] Program log: Pool fee_b_per_liquidity (first 8 bytes): 0
[2025-11-05T06:35:17.987884000Z DEBUG solana_runtime::message_processor::stable_log] Program log: Pool liquidity: 3689348814741910323200
[2025-11-05T06:35:17.987892000Z DEBUG solana_runtime::message_processor::stable_log] Program log: Treasury quote balance before: 99999999999999999
[2025-11-05T06:35:17.987899000Z DEBUG solana_runtime::message_processor::stable_log] Program log: Treasury base balance before: 99999785255671124
[2025-11-05T06:35:17.987901000Z DEBUG solana_runtime::message_processor::stable_log] Program log: Claiming position fees from CP-AMM
[2025-11-05T06:35:17.987996000Z DEBUG solana_runtime::message_processor::stable_log] Program ASmKWt93JEMHxbdE6j7znD9y2FcdPboCzC3xtSTJvN7S invoke [2]
[2025-11-05T06:35:17.988084000Z DEBUG solana_runtime::message_processor::stable_log] Program log: Instruction: ClaimPositionFee
[2025-11-05T06:35:17.988309000Z DEBUG solana_runtime::message_processor::stable_log] Program TokenkegQfeZyiNwAJbNbGKPFXCWuBvf9Ss623VQ5DA invoke [3]
[2025-11-05T06:35:17.988348000Z DEBUG solana_runtime::message_processor::stable_log] Program log: Instruction: TransferChecked
[2025-11-05T06:35:17.988424000Z DEBUG solana_runtime::message_processor::stable_log] Program TokenkegQfeZyiNwAJbNbGKPFXCWuBvf9Ss623VQ5DA consumed 6174 of 266364 compute units
[2025-11-05T06:35:17.988434000Z DEBUG solana_runtime::message_processor::stable_log] Program TokenkegQfeZyiNwAJbNbGKPFXCWuBvf9Ss623VQ5DA success
[2025-11-05T06:35:17.988478000Z DEBUG solana_runtime::message_processor::stable_log] Program ASmKWt93JEMHxbdE6j7znD9y2FcdPboCzC3xtSTJvN7S invoke [3]
[2025-11-05T06:35:17.988508000Z DEBUG solana_runtime::message_processor::stable_log] Program ASmKWt93JEMHxbdE6j7znD9y2FcdPboCzC3xtSTJvN7S consumed 2069 of 257450 compute units
[2025-11-05T06:35:17.988516000Z DEBUG solana_runtime::message_processor::stable_log] Program ASmKWt93JEMHxbdE6j7znD9y2FcdPboCzC3xtSTJvN7S success
[2025-11-05T06:35:17.988537000Z DEBUG solana_runtime::message_processor::stable_log] Program ASmKWt93JEMHxbdE6j7znD9y2FcdPboCzC3xtSTJvN7S consumed 30035 of 284875 compute units
[2025-11-05T06:35:17.988547000Z DEBUG solana_runtime::message_processor::stable_log] Program ASmKWt93JEMHxbdE6j7znD9y2FcdPboCzC3xtSTJvN7S success
[2025-11-05T06:35:17.988585000Z DEBUG solana_runtime::message_processor::stable_log] Program log: === DEBUG: After claiming fees ===
[2025-11-05T06:35:17.988597000Z DEBUG solana_runtime::message_processor::stable_log] Program log: Treasury quote balance after: 100000000000049999
[2025-11-05T06:35:17.988605000Z DEBUG solana_runtime::message_processor::stable_log] Program log: Treasury base balance after: 99999785255671124
[2025-11-05T06:35:17.988612000Z DEBUG solana_runtime::message_processor::stable_log] Program log: Quote tokens claimed: 50000
[2025-11-05T06:35:17.988620000Z DEBUG solana_runtime::message_processor::stable_log] Program data: fzkUsNcjWljtF5pUh7ddP2HjfHcrbbgeuU6dy9fONNUIZbx62YSA/VDDAAAAAAAAJfAKaQAAAAA=
[2025-11-05T06:35:17.988999000Z DEBUG solana_runtime::message_processor::stable_log] Program TokenkegQfeZyiNwAJbNbGKPFXCWuBvf9Ss623VQ5DA invoke [2]
[2025-11-05T06:35:17.989034000Z DEBUG solana_runtime::message_processor::stable_log] Program log: Instruction: TransferChecked
[2025-11-05T06:35:17.989107000Z DEBUG solana_runtime::message_processor::stable_log] Program TokenkegQfeZyiNwAJbNbGKPFXCWuBvf9Ss623VQ5DA consumed 6174 of 231905 compute units
[2025-11-05T06:35:17.989115000Z DEBUG solana_runtime::message_processor::stable_log] Program TokenkegQfeZyiNwAJbNbGKPFXCWuBvf9Ss623VQ5DA success
[2025-11-05T06:35:17.989172000Z DEBUG solana_runtime::message_processor::stable_log] Program TokenkegQfeZyiNwAJbNbGKPFXCWuBvf9Ss623VQ5DA invoke [2]
[2025-11-05T06:35:17.989203000Z DEBUG solana_runtime::message_processor::stable_log] Program log: Instruction: TransferChecked
[2025-11-05T06:35:17.989270000Z DEBUG solana_runtime::message_processor::stable_log] Program TokenkegQfeZyiNwAJbNbGKPFXCWuBvf9Ss623VQ5DA consumed 6174 of 222344 compute units
[2025-11-05T06:35:17.989282000Z DEBUG solana_runtime::message_processor::stable_log] Program TokenkegQfeZyiNwAJbNbGKPFXCWuBvf9Ss623VQ5DA success
[2025-11-05T06:35:17.989337000Z DEBUG solana_runtime::message_processor::stable_log] Program TokenkegQfeZyiNwAJbNbGKPFXCWuBvf9Ss623VQ5DA invoke [2]
[2025-11-05T06:35:17.989365000Z DEBUG solana_runtime::message_processor::stable_log] Program log: Instruction: TransferChecked
[2025-11-05T06:35:17.989430000Z DEBUG solana_runtime::message_processor::stable_log] Program TokenkegQfeZyiNwAJbNbGKPFXCWuBvf9Ss623VQ5DA consumed 6174 of 212783 compute units
[2025-11-05T06:35:17.989439000Z DEBUG solana_runtime::message_processor::stable_log] Program TokenkegQfeZyiNwAJbNbGKPFXCWuBvf9Ss623VQ5DA success
[2025-11-05T06:35:17.989494000Z DEBUG solana_runtime::message_processor::stable_log] Program TokenkegQfeZyiNwAJbNbGKPFXCWuBvf9Ss623VQ5DA invoke [2]
[2025-11-05T06:35:17.989524000Z DEBUG solana_runtime::message_processor::stable_log] Program log: Instruction: TransferChecked
[2025-11-05T06:35:17.989588000Z DEBUG solana_runtime::message_processor::stable_log] Program TokenkegQfeZyiNwAJbNbGKPFXCWuBvf9Ss623VQ5DA consumed 6174 of 203222 compute units
[2025-11-05T06:35:17.989602000Z DEBUG solana_runtime::message_processor::stable_log] Program TokenkegQfeZyiNwAJbNbGKPFXCWuBvf9Ss623VQ5DA success
[2025-11-05T06:35:17.989653000Z DEBUG solana_runtime::message_processor::stable_log] Program TokenkegQfeZyiNwAJbNbGKPFXCWuBvf9Ss623VQ5DA invoke [2]
[2025-11-05T06:35:17.989689000Z DEBUG solana_runtime::message_processor::stable_log] Program log: Instruction: TransferChecked
[2025-11-05T06:35:17.989754000Z DEBUG solana_runtime::message_processor::stable_log] Program TokenkegQfeZyiNwAJbNbGKPFXCWuBvf9Ss623VQ5DA consumed 6174 of 193884 compute units
[2025-11-05T06:35:17.989766000Z DEBUG solana_runtime::message_processor::stable_log] Program TokenkegQfeZyiNwAJbNbGKPFXCWuBvf9Ss623VQ5DA success
[2025-11-05T06:35:17.989779000Z DEBUG solana_runtime::message_processor::stable_log] Program data: jhY1V/E9sS3tF5pUh7ddP2HjfHcrbbgeuU6dy9fONNUIZbx62YSA/aphAAAAAAAApmEAAAAAAAAl8AppAAAAAA==
[2025-11-05T06:35:17.989784000Z DEBUG solana_runtime::message_processor::stable_log] Program data: KjXqZeHwy3ntF5pUh7ddP2HjfHcrbbgeuU6dy9fONNUIZbx62YSA/QAAAAAFAAAABQAAAKZhAAAAAAAAAAAAAAAAAAAl8AppAAAAAA==
[2025-11-05T06:35:17.989820000Z DEBUG solana_runtime::message_processor::stable_log] Program 5B57SJ3g2YoNXUpsZqqjEQkRSxyKtVTQRXdgAirz6bio consumed 214995 of 399850 compute units
[2025-11-05T06:35:17.989832000Z DEBUG solana_runtime::message_processor::stable_log] Program 5B57SJ3g2YoNXUpsZqqjEQkRSxyKtVTQRXdgAirz6bio success
Total claimed: 50000
Total to investors: 24998
Creator payout: 25002
      ✔ Should distribute fees pro-rata to investors based on locked amounts (127ms)
    4. Multi-Page Pagination
[2025-11-05T06:35:17.993968000Z INFO  solana_program_test] "cp_amm" SBF program from ./target/deploy/cp_amm.so, modified 24 minutes, 25 seconds, 341 ms, 284 µs and 203 ns ago
[2025-11-05T06:35:17.994160000Z INFO  solana_program_test] "fee_router" SBF program from ./target/deploy/fee_router.so, modified 28 seconds, 78 ms, 419 µs and 331 ns ago
[2025-11-05T06:35:17.994286000Z INFO  solana_program_test] "transfer_hook_counter" SBF program from tests/fixtures/transfer_hook_counter.so, modified 3 weeks, 22 hours, 58 minutes, 52 seconds, 819 ms, 886 µs and 196 ns ago
[2025-11-05T06:35:17.994485000Z INFO  solana_program_test] "alpha_vault" SBF program from tests/fixtures/alpha_vault.so, modified 3 weeks, 22 hours, 58 minutes, 52 seconds, 820 ms, 772 µs and 72 ns ago
[2025-11-05T06:35:17.994764000Z INFO  solana_program_test] "streamflow" SBF program from tests/fixtures/streamflow.so, modified 3 weeks, 6 hours, 59 minutes, 2 seconds, 705 ms, 679 µs and 387 ns ago
[2025-11-05T06:35:17.995031000Z INFO  solana_program_test] "cp_amm" SBF program from ./target/deploy/cp_amm.so, modified 24 minutes, 25 seconds, 342 ms, 350 µs and 203 ns ago
[2025-11-05T06:35:17.995179000Z INFO  solana_program_test] "fee_router" SBF program from ./target/deploy/fee_router.so, modified 28 seconds, 79 ms, 439 µs and 331 ns ago
[2025-11-05T06:35:18.011974000Z INFO  solana_program_test] Overriding account at ASmKWt93JEMHxbdE6j7znD9y2FcdPboCzC3xtSTJvN7S
[2025-11-05T06:35:18.011993000Z INFO  solana_program_test] Overriding account at 5B57SJ3g2YoNXUpsZqqjEQkRSxyKtVTQRXdgAirz6bio
[2025-11-05T06:35:18.022843000Z DEBUG solana_runtime::message_processor::stable_log] Program 11111111111111111111111111111111 invoke [1]
[2025-11-05T06:35:18.022858000Z DEBUG solana_runtime::message_processor::stable_log] Program 11111111111111111111111111111111 success
[2025-11-05T06:35:18.026382000Z DEBUG solana_runtime::message_processor::stable_log] Program 11111111111111111111111111111111 invoke [1]
[2025-11-05T06:35:18.026392000Z DEBUG solana_runtime::message_processor::stable_log] Program 11111111111111111111111111111111 success
[2025-11-05T06:35:18.030430000Z DEBUG solana_runtime::message_processor::stable_log] Program 11111111111111111111111111111111 invoke [1]
[2025-11-05T06:35:18.030439000Z DEBUG solana_runtime::message_processor::stable_log] Program 11111111111111111111111111111111 success
[2025-11-05T06:35:18.034105000Z DEBUG solana_runtime::message_processor::stable_log] Program 11111111111111111111111111111111 invoke [1]
[2025-11-05T06:35:18.034115000Z DEBUG solana_runtime::message_processor::stable_log] Program 11111111111111111111111111111111 success
[2025-11-05T06:35:18.041194000Z DEBUG solana_runtime::message_processor::stable_log] Program 11111111111111111111111111111111 invoke [1]
[2025-11-05T06:35:18.041221000Z DEBUG solana_runtime::message_processor::stable_log] Program 11111111111111111111111111111111 success
[2025-11-05T06:35:18.041227000Z DEBUG solana_runtime::message_processor::stable_log] Program TokenkegQfeZyiNwAJbNbGKPFXCWuBvf9Ss623VQ5DA invoke [1]
[2025-11-05T06:35:18.041274000Z DEBUG solana_runtime::message_processor::stable_log] Program log: Instruction: InitializeMint2
[2025-11-05T06:35:18.041309000Z DEBUG solana_runtime::message_processor::stable_log] Program TokenkegQfeZyiNwAJbNbGKPFXCWuBvf9Ss623VQ5DA consumed 2779 of 399850 compute units
[2025-11-05T06:35:18.041319000Z DEBUG solana_runtime::message_processor::stable_log] Program TokenkegQfeZyiNwAJbNbGKPFXCWuBvf9Ss623VQ5DA success
[2025-11-05T06:35:18.048066000Z DEBUG solana_runtime::message_processor::stable_log] Program 11111111111111111111111111111111 invoke [1]
[2025-11-05T06:35:18.048085000Z DEBUG solana_runtime::message_processor::stable_log] Program 11111111111111111111111111111111 success
[2025-11-05T06:35:18.048089000Z DEBUG solana_runtime::message_processor::stable_log] Program TokenkegQfeZyiNwAJbNbGKPFXCWuBvf9Ss623VQ5DA invoke [1]
[2025-11-05T06:35:18.048140000Z DEBUG solana_runtime::message_processor::stable_log] Program log: Instruction: InitializeMint2
[2025-11-05T06:35:18.048179000Z DEBUG solana_runtime::message_processor::stable_log] Program TokenkegQfeZyiNwAJbNbGKPFXCWuBvf9Ss623VQ5DA consumed 2779 of 399850 compute units
[2025-11-05T06:35:18.048193000Z DEBUG solana_runtime::message_processor::stable_log] Program TokenkegQfeZyiNwAJbNbGKPFXCWuBvf9Ss623VQ5DA success
[2025-11-05T06:35:18.053727000Z DEBUG solana_runtime::message_processor::stable_log] Program ATokenGPvbdGVxr1b2hvZbsiqW5xWH25efTNsLJA8knL invoke [1]
[2025-11-05T06:35:18.053846000Z DEBUG solana_runtime::message_processor::stable_log] Program log: Create
[2025-11-05T06:35:18.053909000Z DEBUG solana_runtime::message_processor::stable_log] Program TokenkegQfeZyiNwAJbNbGKPFXCWuBvf9Ss623VQ5DA invoke [2]
[2025-11-05T06:35:18.053966000Z DEBUG solana_runtime::message_processor::stable_log] Program log: Instruction: GetAccountDataSize
[2025-11-05T06:35:18.053983000Z DEBUG solana_runtime::message_processor::stable_log] Program TokenkegQfeZyiNwAJbNbGKPFXCWuBvf9Ss623VQ5DA consumed 1595 of 193055 compute units
[2025-11-05T06:35:18.053991000Z DEBUG solana_runtime::message_processor::stable_log] Program return: TokenkegQfeZyiNwAJbNbGKPFXCWuBvf9Ss623VQ5DA pQAAAAAAAAA=
[2025-11-05T06:35:18.054000000Z DEBUG solana_runtime::message_processor::stable_log] Program TokenkegQfeZyiNwAJbNbGKPFXCWuBvf9Ss623VQ5DA success
[2025-11-05T06:35:18.054054000Z DEBUG solana_runtime::message_processor::stable_log] Program 11111111111111111111111111111111 invoke [2]
[2025-11-05T06:35:18.054062000Z DEBUG solana_runtime::message_processor::stable_log] Program 11111111111111111111111111111111 success
[2025-11-05T06:35:18.054068000Z DEBUG solana_runtime::message_processor::stable_log] Program log: Initialize the associated token account
[2025-11-05T06:35:18.054086000Z DEBUG solana_runtime::message_processor::stable_log] Program TokenkegQfeZyiNwAJbNbGKPFXCWuBvf9Ss623VQ5DA invoke [2]
[2025-11-05T06:35:18.054108000Z DEBUG solana_runtime::message_processor::stable_log] Program log: Instruction: InitializeImmutableOwner
[2025-11-05T06:35:18.054120000Z DEBUG solana_runtime::message_processor::stable_log] Program log: Please upgrade to SPL Token 2022 for immutable owner support
[2025-11-05T06:35:18.054124000Z DEBUG solana_runtime::message_processor::stable_log] Program TokenkegQfeZyiNwAJbNbGKPFXCWuBvf9Ss623VQ5DA consumed 1405 of 186442 compute units
[2025-11-05T06:35:18.054130000Z DEBUG solana_runtime::message_processor::stable_log] Program TokenkegQfeZyiNwAJbNbGKPFXCWuBvf9Ss623VQ5DA success
[2025-11-05T06:35:18.054165000Z DEBUG solana_runtime::message_processor::stable_log] Program TokenkegQfeZyiNwAJbNbGKPFXCWuBvf9Ss623VQ5DA invoke [2]
[2025-11-05T06:35:18.054194000Z DEBUG solana_runtime::message_processor::stable_log] Program log: Instruction: InitializeAccount3
[2025-11-05T06:35:18.054256000Z DEBUG solana_runtime::message_processor::stable_log] Program TokenkegQfeZyiNwAJbNbGKPFXCWuBvf9Ss623VQ5DA consumed 4214 of 182558 compute units
[2025-11-05T06:35:18.054264000Z DEBUG solana_runtime::message_processor::stable_log] Program TokenkegQfeZyiNwAJbNbGKPFXCWuBvf9Ss623VQ5DA success
[2025-11-05T06:35:18.054277000Z DEBUG solana_runtime::message_processor::stable_log] Program ATokenGPvbdGVxr1b2hvZbsiqW5xWH25efTNsLJA8knL consumed 21960 of 200000 compute units
[2025-11-05T06:35:18.054287000Z DEBUG solana_runtime::message_processor::stable_log] Program ATokenGPvbdGVxr1b2hvZbsiqW5xWH25efTNsLJA8knL success
[2025-11-05T06:35:18.057389000Z DEBUG solana_runtime::message_processor::stable_log] Program TokenkegQfeZyiNwAJbNbGKPFXCWuBvf9Ss623VQ5DA invoke [1]
[2025-11-05T06:35:18.057442000Z DEBUG solana_runtime::message_processor::stable_log] Program log: Instruction: MintTo
[2025-11-05T06:35:18.057505000Z DEBUG solana_runtime::message_processor::stable_log] Program TokenkegQfeZyiNwAJbNbGKPFXCWuBvf9Ss623VQ5DA consumed 4491 of 200000 compute units
[2025-11-05T06:35:18.057514000Z DEBUG solana_runtime::message_processor::stable_log] Program TokenkegQfeZyiNwAJbNbGKPFXCWuBvf9Ss623VQ5DA success
[2025-11-05T06:35:18.062567000Z DEBUG solana_runtime::message_processor::stable_log] Program ATokenGPvbdGVxr1b2hvZbsiqW5xWH25efTNsLJA8knL invoke [1]
[2025-11-05T06:35:18.062636000Z DEBUG solana_runtime::message_processor::stable_log] Program log: Create
[2025-11-05T06:35:18.062724000Z DEBUG solana_runtime::message_processor::stable_log] Program TokenkegQfeZyiNwAJbNbGKPFXCWuBvf9Ss623VQ5DA invoke [2]
[2025-11-05T06:35:18.062755000Z DEBUG solana_runtime::message_processor::stable_log] Program log: Instruction: GetAccountDataSize
[2025-11-05T06:35:18.062772000Z DEBUG solana_runtime::message_processor::stable_log] Program TokenkegQfeZyiNwAJbNbGKPFXCWuBvf9Ss623VQ5DA consumed 1595 of 187055 compute units
[2025-11-05T06:35:18.062780000Z DEBUG solana_runtime::message_processor::stable_log] Program return: TokenkegQfeZyiNwAJbNbGKPFXCWuBvf9Ss623VQ5DA pQAAAAAAAAA=
[2025-11-05T06:35:18.062788000Z DEBUG solana_runtime::message_processor::stable_log] Program TokenkegQfeZyiNwAJbNbGKPFXCWuBvf9Ss623VQ5DA success
[2025-11-05T06:35:18.062841000Z DEBUG solana_runtime::message_processor::stable_log] Program 11111111111111111111111111111111 invoke [2]
[2025-11-05T06:35:18.062849000Z DEBUG solana_runtime::message_processor::stable_log] Program 11111111111111111111111111111111 success
[2025-11-05T06:35:18.062854000Z DEBUG solana_runtime::message_processor::stable_log] Program log: Initialize the associated token account
[2025-11-05T06:35:18.062871000Z DEBUG solana_runtime::message_processor::stable_log] Program TokenkegQfeZyiNwAJbNbGKPFXCWuBvf9Ss623VQ5DA invoke [2]
[2025-11-05T06:35:18.062893000Z DEBUG solana_runtime::message_processor::stable_log] Program log: Instruction: InitializeImmutableOwner
[2025-11-05T06:35:18.062904000Z DEBUG solana_runtime::message_processor::stable_log] Program log: Please upgrade to SPL Token 2022 for immutable owner support
[2025-11-05T06:35:18.062908000Z DEBUG solana_runtime::message_processor::stable_log] Program TokenkegQfeZyiNwAJbNbGKPFXCWuBvf9Ss623VQ5DA consumed 1405 of 180442 compute units
[2025-11-05T06:35:18.062915000Z DEBUG solana_runtime::message_processor::stable_log] Program TokenkegQfeZyiNwAJbNbGKPFXCWuBvf9Ss623VQ5DA success
[2025-11-05T06:35:18.062947000Z DEBUG solana_runtime::message_processor::stable_log] Program TokenkegQfeZyiNwAJbNbGKPFXCWuBvf9Ss623VQ5DA invoke [2]
[2025-11-05T06:35:18.062974000Z DEBUG solana_runtime::message_processor::stable_log] Program log: Instruction: InitializeAccount3
[2025-11-05T06:35:18.063027000Z DEBUG solana_runtime::message_processor::stable_log] Program TokenkegQfeZyiNwAJbNbGKPFXCWuBvf9Ss623VQ5DA consumed 4214 of 176558 compute units
[2025-11-05T06:35:18.063035000Z DEBUG solana_runtime::message_processor::stable_log] Program TokenkegQfeZyiNwAJbNbGKPFXCWuBvf9Ss623VQ5DA success
[2025-11-05T06:35:18.063047000Z DEBUG solana_runtime::message_processor::stable_log] Program ATokenGPvbdGVxr1b2hvZbsiqW5xWH25efTNsLJA8knL consumed 27960 of 200000 compute units
[2025-11-05T06:35:18.063057000Z DEBUG solana_runtime::message_processor::stable_log] Program ATokenGPvbdGVxr1b2hvZbsiqW5xWH25efTNsLJA8knL success
[2025-11-05T06:35:18.066294000Z DEBUG solana_runtime::message_processor::stable_log] Program TokenkegQfeZyiNwAJbNbGKPFXCWuBvf9Ss623VQ5DA invoke [1]
[2025-11-05T06:35:18.066342000Z DEBUG solana_runtime::message_processor::stable_log] Program log: Instruction: MintTo
[2025-11-05T06:35:18.066403000Z DEBUG solana_runtime::message_processor::stable_log] Program TokenkegQfeZyiNwAJbNbGKPFXCWuBvf9Ss623VQ5DA consumed 4491 of 200000 compute units
[2025-11-05T06:35:18.066413000Z DEBUG solana_runtime::message_processor::stable_log] Program TokenkegQfeZyiNwAJbNbGKPFXCWuBvf9Ss623VQ5DA success
[2025-11-05T06:35:18.071924000Z DEBUG solana_runtime::message_processor::stable_log] Program ATokenGPvbdGVxr1b2hvZbsiqW5xWH25efTNsLJA8knL invoke [1]
[2025-11-05T06:35:18.072033000Z DEBUG solana_runtime::message_processor::stable_log] Program log: Create
[2025-11-05T06:35:18.072088000Z DEBUG solana_runtime::message_processor::stable_log] Program TokenkegQfeZyiNwAJbNbGKPFXCWuBvf9Ss623VQ5DA invoke [2]
[2025-11-05T06:35:18.072127000Z DEBUG solana_runtime::message_processor::stable_log] Program log: Instruction: GetAccountDataSize
[2025-11-05T06:35:18.072145000Z DEBUG solana_runtime::message_processor::stable_log] Program TokenkegQfeZyiNwAJbNbGKPFXCWuBvf9Ss623VQ5DA consumed 1595 of 194555 compute units
[2025-11-05T06:35:18.072151000Z DEBUG solana_runtime::message_processor::stable_log] Program return: TokenkegQfeZyiNwAJbNbGKPFXCWuBvf9Ss623VQ5DA pQAAAAAAAAA=
[2025-11-05T06:35:18.072159000Z DEBUG solana_runtime::message_processor::stable_log] Program TokenkegQfeZyiNwAJbNbGKPFXCWuBvf9Ss623VQ5DA success
[2025-11-05T06:35:18.072214000Z DEBUG solana_runtime::message_processor::stable_log] Program 11111111111111111111111111111111 invoke [2]
[2025-11-05T06:35:18.072222000Z DEBUG solana_runtime::message_processor::stable_log] Program 11111111111111111111111111111111 success
[2025-11-05T06:35:18.072228000Z DEBUG solana_runtime::message_processor::stable_log] Program log: Initialize the associated token account
[2025-11-05T06:35:18.072245000Z DEBUG solana_runtime::message_processor::stable_log] Program TokenkegQfeZyiNwAJbNbGKPFXCWuBvf9Ss623VQ5DA invoke [2]
[2025-11-05T06:35:18.072273000Z DEBUG solana_runtime::message_processor::stable_log] Program log: Instruction: InitializeImmutableOwner
[2025-11-05T06:35:18.072285000Z DEBUG solana_runtime::message_processor::stable_log] Program log: Please upgrade to SPL Token 2022 for immutable owner support
[2025-11-05T06:35:18.072289000Z DEBUG solana_runtime::message_processor::stable_log] Program TokenkegQfeZyiNwAJbNbGKPFXCWuBvf9Ss623VQ5DA consumed 1405 of 187942 compute units
[2025-11-05T06:35:18.072296000Z DEBUG solana_runtime::message_processor::stable_log] Program TokenkegQfeZyiNwAJbNbGKPFXCWuBvf9Ss623VQ5DA success
[2025-11-05T06:35:18.072330000Z DEBUG solana_runtime::message_processor::stable_log] Program TokenkegQfeZyiNwAJbNbGKPFXCWuBvf9Ss623VQ5DA invoke [2]
[2025-11-05T06:35:18.072358000Z DEBUG solana_runtime::message_processor::stable_log] Program log: Instruction: InitializeAccount3
[2025-11-05T06:35:18.072411000Z DEBUG solana_runtime::message_processor::stable_log] Program TokenkegQfeZyiNwAJbNbGKPFXCWuBvf9Ss623VQ5DA consumed 4214 of 184058 compute units
[2025-11-05T06:35:18.072418000Z DEBUG solana_runtime::message_processor::stable_log] Program TokenkegQfeZyiNwAJbNbGKPFXCWuBvf9Ss623VQ5DA success
[2025-11-05T06:35:18.072431000Z DEBUG solana_runtime::message_processor::stable_log] Program ATokenGPvbdGVxr1b2hvZbsiqW5xWH25efTNsLJA8knL consumed 20460 of 200000 compute units
[2025-11-05T06:35:18.072441000Z DEBUG solana_runtime::message_processor::stable_log] Program ATokenGPvbdGVxr1b2hvZbsiqW5xWH25efTNsLJA8knL success
[2025-11-05T06:35:18.075567000Z DEBUG solana_runtime::message_processor::stable_log] Program TokenkegQfeZyiNwAJbNbGKPFXCWuBvf9Ss623VQ5DA invoke [1]
[2025-11-05T06:35:18.075608000Z DEBUG solana_runtime::message_processor::stable_log] Program log: Instruction: MintTo
[2025-11-05T06:35:18.075666000Z DEBUG solana_runtime::message_processor::stable_log] Program TokenkegQfeZyiNwAJbNbGKPFXCWuBvf9Ss623VQ5DA consumed 4491 of 200000 compute units
[2025-11-05T06:35:18.075674000Z DEBUG solana_runtime::message_processor::stable_log] Program TokenkegQfeZyiNwAJbNbGKPFXCWuBvf9Ss623VQ5DA success
[2025-11-05T06:35:18.080463000Z DEBUG solana_runtime::message_processor::stable_log] Program ATokenGPvbdGVxr1b2hvZbsiqW5xWH25efTNsLJA8knL invoke [1]
[2025-11-05T06:35:18.080540000Z DEBUG solana_runtime::message_processor::stable_log] Program log: Create
[2025-11-05T06:35:18.080596000Z DEBUG solana_runtime::message_processor::stable_log] Program TokenkegQfeZyiNwAJbNbGKPFXCWuBvf9Ss623VQ5DA invoke [2]
[2025-11-05T06:35:18.080633000Z DEBUG solana_runtime::message_processor::stable_log] Program log: Instruction: GetAccountDataSize
[2025-11-05T06:35:18.080650000Z DEBUG solana_runtime::message_processor::stable_log] Program TokenkegQfeZyiNwAJbNbGKPFXCWuBvf9Ss623VQ5DA consumed 1595 of 193055 compute units
[2025-11-05T06:35:18.080657000Z DEBUG solana_runtime::message_processor::stable_log] Program return: TokenkegQfeZyiNwAJbNbGKPFXCWuBvf9Ss623VQ5DA pQAAAAAAAAA=
[2025-11-05T06:35:18.080665000Z DEBUG solana_runtime::message_processor::stable_log] Program TokenkegQfeZyiNwAJbNbGKPFXCWuBvf9Ss623VQ5DA success
[2025-11-05T06:35:18.080719000Z DEBUG solana_runtime::message_processor::stable_log] Program 11111111111111111111111111111111 invoke [2]
[2025-11-05T06:35:18.080726000Z DEBUG solana_runtime::message_processor::stable_log] Program 11111111111111111111111111111111 success
[2025-11-05T06:35:18.080732000Z DEBUG solana_runtime::message_processor::stable_log] Program log: Initialize the associated token account
[2025-11-05T06:35:18.080749000Z DEBUG solana_runtime::message_processor::stable_log] Program TokenkegQfeZyiNwAJbNbGKPFXCWuBvf9Ss623VQ5DA invoke [2]
[2025-11-05T06:35:18.080866000Z DEBUG solana_runtime::message_processor::stable_log] Program log: Instruction: InitializeImmutableOwner
[2025-11-05T06:35:18.080885000Z DEBUG solana_runtime::message_processor::stable_log] Program log: Please upgrade to SPL Token 2022 for immutable owner support
[2025-11-05T06:35:18.080888000Z DEBUG solana_runtime::message_processor::stable_log] Program TokenkegQfeZyiNwAJbNbGKPFXCWuBvf9Ss623VQ5DA consumed 1405 of 186442 compute units
[2025-11-05T06:35:18.080896000Z DEBUG solana_runtime::message_processor::stable_log] Program TokenkegQfeZyiNwAJbNbGKPFXCWuBvf9Ss623VQ5DA success
[2025-11-05T06:35:18.080929000Z DEBUG solana_runtime::message_processor::stable_log] Program TokenkegQfeZyiNwAJbNbGKPFXCWuBvf9Ss623VQ5DA invoke [2]
[2025-11-05T06:35:18.080956000Z DEBUG solana_runtime::message_processor::stable_log] Program log: Instruction: InitializeAccount3
[2025-11-05T06:35:18.081009000Z DEBUG solana_runtime::message_processor::stable_log] Program TokenkegQfeZyiNwAJbNbGKPFXCWuBvf9Ss623VQ5DA consumed 4214 of 182558 compute units
[2025-11-05T06:35:18.081020000Z DEBUG solana_runtime::message_processor::stable_log] Program TokenkegQfeZyiNwAJbNbGKPFXCWuBvf9Ss623VQ5DA success
[2025-11-05T06:35:18.081034000Z DEBUG solana_runtime::message_processor::stable_log] Program ATokenGPvbdGVxr1b2hvZbsiqW5xWH25efTNsLJA8knL consumed 21960 of 200000 compute units
[2025-11-05T06:35:18.081043000Z DEBUG solana_runtime::message_processor::stable_log] Program ATokenGPvbdGVxr1b2hvZbsiqW5xWH25efTNsLJA8knL success
[2025-11-05T06:35:18.084268000Z DEBUG solana_runtime::message_processor::stable_log] Program TokenkegQfeZyiNwAJbNbGKPFXCWuBvf9Ss623VQ5DA invoke [1]
[2025-11-05T06:35:18.084320000Z DEBUG solana_runtime::message_processor::stable_log] Program log: Instruction: MintTo
[2025-11-05T06:35:18.084377000Z DEBUG solana_runtime::message_processor::stable_log] Program TokenkegQfeZyiNwAJbNbGKPFXCWuBvf9Ss623VQ5DA consumed 4491 of 200000 compute units
[2025-11-05T06:35:18.084387000Z DEBUG solana_runtime::message_processor::stable_log] Program TokenkegQfeZyiNwAJbNbGKPFXCWuBvf9Ss623VQ5DA success
[2025-11-05T06:35:18.096021000Z DEBUG solana_runtime::message_processor::stable_log] Program ASmKWt93JEMHxbdE6j7znD9y2FcdPboCzC3xtSTJvN7S invoke [1]
[2025-11-05T06:35:18.096119000Z DEBUG solana_runtime::message_processor::stable_log] Program log: Instruction: CreateConfig
[2025-11-05T06:35:18.096224000Z DEBUG solana_runtime::message_processor::stable_log] Program 11111111111111111111111111111111 invoke [2]
[2025-11-05T06:35:18.096235000Z DEBUG solana_runtime::message_processor::stable_log] Program 11111111111111111111111111111111 success
[2025-11-05T06:35:18.096330000Z DEBUG solana_runtime::message_processor::stable_log] Program ASmKWt93JEMHxbdE6j7znD9y2FcdPboCzC3xtSTJvN7S invoke [2]
[2025-11-05T06:35:18.096364000Z DEBUG solana_runtime::message_processor::stable_log] Program ASmKWt93JEMHxbdE6j7znD9y2FcdPboCzC3xtSTJvN7S consumed 2069 of 186095 compute units
[2025-11-05T06:35:18.096373000Z DEBUG solana_runtime::message_processor::stable_log] Program ASmKWt93JEMHxbdE6j7znD9y2FcdPboCzC3xtSTJvN7S success
[2025-11-05T06:35:18.096387000Z DEBUG solana_runtime::message_processor::stable_log] Program ASmKWt93JEMHxbdE6j7znD9y2FcdPboCzC3xtSTJvN7S consumed 16279 of 200000 compute units
[2025-11-05T06:35:18.096397000Z DEBUG solana_runtime::message_processor::stable_log] Program ASmKWt93JEMHxbdE6j7znD9y2FcdPboCzC3xtSTJvN7S success
[2025-11-05T06:35:18.123291000Z DEBUG solana_runtime::message_processor::stable_log] Program ASmKWt93JEMHxbdE6j7znD9y2FcdPboCzC3xtSTJvN7S invoke [1]
[2025-11-05T06:35:18.123417000Z DEBUG solana_runtime::message_processor::stable_log] Program log: Instruction: InitializePool
[2025-11-05T06:35:18.123552000Z DEBUG solana_runtime::message_processor::stable_log] Program 11111111111111111111111111111111 invoke [2]
[2025-11-05T06:35:18.123562000Z DEBUG solana_runtime::message_processor::stable_log] Program 11111111111111111111111111111111 success
[2025-11-05T06:35:18.123594000Z DEBUG solana_runtime::message_processor::stable_log] Program TokenzQdBNbLqP5VEhdkAS6EPFLC1PHnBqCXEpPxuEb invoke [2]
[2025-11-05T06:35:18.123626000Z DEBUG solana_runtime::message_processor::stable_log] Program log: MetadataPointerInstruction::Initialize
[2025-11-05T06:35:18.123658000Z DEBUG solana_runtime::message_processor::stable_log] Program TokenzQdBNbLqP5VEhdkAS6EPFLC1PHnBqCXEpPxuEb consumed 2442 of 334963 compute units
[2025-11-05T06:35:18.123673000Z DEBUG solana_runtime::message_processor::stable_log] Program TokenzQdBNbLqP5VEhdkAS6EPFLC1PHnBqCXEpPxuEb success
[2025-11-05T06:35:18.123702000Z DEBUG solana_runtime::message_processor::stable_log] Program TokenzQdBNbLqP5VEhdkAS6EPFLC1PHnBqCXEpPxuEb invoke [2]
[2025-11-05T06:35:18.123724000Z DEBUG solana_runtime::message_processor::stable_log] Program log: Instruction: InitializeMintCloseAuthority
[2025-11-05T06:35:18.123755000Z DEBUG solana_runtime::message_processor::stable_log] Program TokenzQdBNbLqP5VEhdkAS6EPFLC1PHnBqCXEpPxuEb consumed 2570 of 330543 compute units
[2025-11-05T06:35:18.123764000Z DEBUG solana_runtime::message_processor::stable_log] Program TokenzQdBNbLqP5VEhdkAS6EPFLC1PHnBqCXEpPxuEb success
[2025-11-05T06:35:18.123791000Z DEBUG solana_runtime::message_processor::stable_log] Program TokenzQdBNbLqP5VEhdkAS6EPFLC1PHnBqCXEpPxuEb invoke [2]
[2025-11-05T06:35:18.123822000Z DEBUG solana_runtime::message_processor::stable_log] Program log: Instruction: InitializeMint2
[2025-11-05T06:35:18.123877000Z DEBUG solana_runtime::message_processor::stable_log] Program TokenzQdBNbLqP5VEhdkAS6EPFLC1PHnBqCXEpPxuEb consumed 4078 of 326031 compute units
[2025-11-05T06:35:18.123885000Z DEBUG solana_runtime::message_processor::stable_log] Program TokenzQdBNbLqP5VEhdkAS6EPFLC1PHnBqCXEpPxuEb success
[2025-11-05T06:35:18.124058000Z DEBUG solana_runtime::message_processor::stable_log] Program 11111111111111111111111111111111 invoke [2]
[2025-11-05T06:35:18.124064000Z DEBUG solana_runtime::message_processor::stable_log] Program 11111111111111111111111111111111 success
[2025-11-05T06:35:18.124091000Z DEBUG solana_runtime::message_processor::stable_log] Program TokenzQdBNbLqP5VEhdkAS6EPFLC1PHnBqCXEpPxuEb invoke [2]
[2025-11-05T06:35:18.124120000Z DEBUG solana_runtime::message_processor::stable_log] Program log: Instruction: InitializeAccount3
[2025-11-05T06:35:18.124192000Z DEBUG solana_runtime::message_processor::stable_log] Program TokenzQdBNbLqP5VEhdkAS6EPFLC1PHnBqCXEpPxuEb consumed 5137 of 298847 compute units
[2025-11-05T06:35:18.124200000Z DEBUG solana_runtime::message_processor::stable_log] Program TokenzQdBNbLqP5VEhdkAS6EPFLC1PHnBqCXEpPxuEb success
[2025-11-05T06:35:18.124302000Z DEBUG solana_runtime::message_processor::stable_log] Program 11111111111111111111111111111111 invoke [2]
[2025-11-05T06:35:18.124308000Z DEBUG solana_runtime::message_processor::stable_log] Program 11111111111111111111111111111111 success
[2025-11-05T06:35:18.124379000Z DEBUG solana_runtime::message_processor::stable_log] Program 11111111111111111111111111111111 invoke [2]
[2025-11-05T06:35:18.124383000Z DEBUG solana_runtime::message_processor::stable_log] Program 11111111111111111111111111111111 success
[2025-11-05T06:35:18.124447000Z DEBUG solana_runtime::message_processor::stable_log] Program 11111111111111111111111111111111 invoke [2]
[2025-11-05T06:35:18.124450000Z DEBUG solana_runtime::message_processor::stable_log] Program 11111111111111111111111111111111 success
[2025-11-05T06:35:18.124477000Z DEBUG solana_runtime::message_processor::stable_log] Program TokenkegQfeZyiNwAJbNbGKPFXCWuBvf9Ss623VQ5DA invoke [2]
[2025-11-05T06:35:18.124507000Z DEBUG solana_runtime::message_processor::stable_log] Program log: Instruction: InitializeAccount3
[2025-11-05T06:35:18.124562000Z DEBUG solana_runtime::message_processor::stable_log] Program TokenkegQfeZyiNwAJbNbGKPFXCWuBvf9Ss623VQ5DA consumed 4214 of 270744 compute units
[2025-11-05T06:35:18.124573000Z DEBUG solana_runtime::message_processor::stable_log] Program TokenkegQfeZyiNwAJbNbGKPFXCWuBvf9Ss623VQ5DA success
[2025-11-05T06:35:18.124802000Z DEBUG solana_runtime::message_processor::stable_log] Program 11111111111111111111111111111111 invoke [2]
[2025-11-05T06:35:18.124808000Z DEBUG solana_runtime::message_processor::stable_log] Program 11111111111111111111111111111111 success
[2025-11-05T06:35:18.124834000Z DEBUG solana_runtime::message_processor::stable_log] Program TokenkegQfeZyiNwAJbNbGKPFXCWuBvf9Ss623VQ5DA invoke [2]
[2025-11-05T06:35:18.124861000Z DEBUG solana_runtime::message_processor::stable_log] Program log: Instruction: InitializeAccount3
[2025-11-05T06:35:18.124921000Z DEBUG solana_runtime::message_processor::stable_log] Program TokenkegQfeZyiNwAJbNbGKPFXCWuBvf9Ss623VQ5DA consumed 4214 of 250105 compute units
[2025-11-05T06:35:18.124933000Z DEBUG solana_runtime::message_processor::stable_log] Program TokenkegQfeZyiNwAJbNbGKPFXCWuBvf9Ss623VQ5DA success
[2025-11-05T06:35:18.125145000Z DEBUG solana_runtime::message_processor::stable_log] Program TokenzQdBNbLqP5VEhdkAS6EPFLC1PHnBqCXEpPxuEb invoke [2]
[2025-11-05T06:35:18.125195000Z DEBUG solana_runtime::message_processor::stable_log] Program log: TokenMetadataInstruction: Initialize
[2025-11-05T06:35:18.125311000Z DEBUG solana_runtime::message_processor::stable_log] Program TokenzQdBNbLqP5VEhdkAS6EPFLC1PHnBqCXEpPxuEb consumed 9900 of 233603 compute units
[2025-11-05T06:35:18.125319000Z DEBUG solana_runtime::message_processor::stable_log] Program TokenzQdBNbLqP5VEhdkAS6EPFLC1PHnBqCXEpPxuEb success
[2025-11-05T06:35:18.125358000Z DEBUG solana_runtime::message_processor::stable_log] Program 11111111111111111111111111111111 invoke [2]
[2025-11-05T06:35:18.125362000Z DEBUG solana_runtime::message_processor::stable_log] Program 11111111111111111111111111111111 success
[2025-11-05T06:35:18.125402000Z DEBUG solana_runtime::message_processor::stable_log] Program TokenzQdBNbLqP5VEhdkAS6EPFLC1PHnBqCXEpPxuEb invoke [2]
[2025-11-05T06:35:18.125430000Z DEBUG solana_runtime::message_processor::stable_log] Program log: Instruction: MintTo
[2025-11-05T06:35:18.125500000Z DEBUG solana_runtime::message_processor::stable_log] Program TokenzQdBNbLqP5VEhdkAS6EPFLC1PHnBqCXEpPxuEb consumed 5540 of 218641 compute units
[2025-11-05T06:35:18.125507000Z DEBUG solana_runtime::message_processor::stable_log] Program TokenzQdBNbLqP5VEhdkAS6EPFLC1PHnBqCXEpPxuEb success
[2025-11-05T06:35:18.125555000Z DEBUG solana_runtime::message_processor::stable_log] Program ASmKWt93JEMHxbdE6j7znD9y2FcdPboCzC3xtSTJvN7S invoke [2]
[2025-11-05T06:35:18.125594000Z DEBUG solana_runtime::message_processor::stable_log] Program ASmKWt93JEMHxbdE6j7znD9y2FcdPboCzC3xtSTJvN7S consumed 2069 of 210036 compute units
[2025-11-05T06:35:18.125617000Z DEBUG solana_runtime::message_processor::stable_log] Program ASmKWt93JEMHxbdE6j7znD9y2FcdPboCzC3xtSTJvN7S success
[2025-11-05T06:35:18.125663000Z DEBUG solana_runtime::message_processor::stable_log] Program TokenkegQfeZyiNwAJbNbGKPFXCWuBvf9Ss623VQ5DA invoke [2]
[2025-11-05T06:35:18.125703000Z DEBUG solana_runtime::message_processor::stable_log] Program log: Instruction: TransferChecked
[2025-11-05T06:35:18.125777000Z DEBUG solana_runtime::message_processor::stable_log] Program TokenkegQfeZyiNwAJbNbGKPFXCWuBvf9Ss623VQ5DA consumed 6174 of 205423 compute units
[2025-11-05T06:35:18.125785000Z DEBUG solana_runtime::message_processor::stable_log] Program TokenkegQfeZyiNwAJbNbGKPFXCWuBvf9Ss623VQ5DA success
[2025-11-05T06:35:18.125824000Z DEBUG solana_runtime::message_processor::stable_log] Program TokenkegQfeZyiNwAJbNbGKPFXCWuBvf9Ss623VQ5DA invoke [2]
[2025-11-05T06:35:18.125861000Z DEBUG solana_runtime::message_processor::stable_log] Program log: Instruction: TransferChecked
[2025-11-05T06:35:18.125933000Z DEBUG solana_runtime::message_processor::stable_log] Program TokenkegQfeZyiNwAJbNbGKPFXCWuBvf9Ss623VQ5DA consumed 6174 of 196839 compute units
[2025-11-05T06:35:18.125941000Z DEBUG solana_runtime::message_processor::stable_log] Program TokenkegQfeZyiNwAJbNbGKPFXCWuBvf9Ss623VQ5DA success
[2025-11-05T06:35:18.126015000Z DEBUG solana_runtime::message_processor::stable_log] Program ASmKWt93JEMHxbdE6j7znD9y2FcdPboCzC3xtSTJvN7S invoke [2]
[2025-11-05T06:35:18.126053000Z DEBUG solana_runtime::message_processor::stable_log] Program ASmKWt93JEMHxbdE6j7znD9y2FcdPboCzC3xtSTJvN7S consumed 2069 of 185584 compute units
[2025-11-05T06:35:18.126061000Z DEBUG solana_runtime::message_processor::stable_log] Program ASmKWt93JEMHxbdE6j7znD9y2FcdPboCzC3xtSTJvN7S success
[2025-11-05T06:35:18.126088000Z DEBUG solana_runtime::message_processor::stable_log] Program ASmKWt93JEMHxbdE6j7znD9y2FcdPboCzC3xtSTJvN7S consumed 167279 of 350000 compute units
[2025-11-05T06:35:18.126097000Z DEBUG solana_runtime::message_processor::stable_log] Program ASmKWt93JEMHxbdE6j7znD9y2FcdPboCzC3xtSTJvN7S success
[2025-11-05T06:35:18.126128000Z DEBUG solana_runtime::message_processor::stable_log] Program ComputeBudget111111111111111111111111111111 invoke [1]
[2025-11-05T06:35:18.126138000Z DEBUG solana_runtime::message_processor::stable_log] Program ComputeBudget111111111111111111111111111111 success
[2025-11-05T06:35:18.145370000Z DEBUG solana_runtime::message_processor::stable_log] Program 5B57SJ3g2YoNXUpsZqqjEQkRSxyKtVTQRXdgAirz6bio invoke [1]
[2025-11-05T06:35:18.145477000Z DEBUG solana_runtime::message_processor::stable_log] Program log: Instruction: InitializeHonoraryPosition
[2025-11-05T06:35:18.145690000Z DEBUG solana_runtime::message_processor::stable_log] Program 11111111111111111111111111111111 invoke [2]
[2025-11-05T06:35:18.145700000Z DEBUG solana_runtime::message_processor::stable_log] Program 11111111111111111111111111111111 success
[2025-11-05T06:35:18.145780000Z DEBUG solana_runtime::message_processor::stable_log] Program 11111111111111111111111111111111 invoke [2]
[2025-11-05T06:35:18.145788000Z DEBUG solana_runtime::message_processor::stable_log] Program 11111111111111111111111111111111 success
[2025-11-05T06:35:18.145816000Z DEBUG solana_runtime::message_processor::stable_log] Program TokenkegQfeZyiNwAJbNbGKPFXCWuBvf9Ss623VQ5DA invoke [2]
[2025-11-05T06:35:18.145848000Z DEBUG solana_runtime::message_processor::stable_log] Program log: Instruction: InitializeAccount3
[2025-11-05T06:35:18.145908000Z DEBUG solana_runtime::message_processor::stable_log] Program TokenkegQfeZyiNwAJbNbGKPFXCWuBvf9Ss623VQ5DA consumed 4214 of 178612 compute units
[2025-11-05T06:35:18.145917000Z DEBUG solana_runtime::message_processor::stable_log] Program TokenkegQfeZyiNwAJbNbGKPFXCWuBvf9Ss623VQ5DA success
[2025-11-05T06:35:18.146017000Z DEBUG solana_runtime::message_processor::stable_log] Program 11111111111111111111111111111111 invoke [2]
[2025-11-05T06:35:18.146021000Z DEBUG solana_runtime::message_processor::stable_log] Program 11111111111111111111111111111111 success
[2025-11-05T06:35:18.146047000Z DEBUG solana_runtime::message_processor::stable_log] Program TokenkegQfeZyiNwAJbNbGKPFXCWuBvf9Ss623VQ5DA invoke [2]
[2025-11-05T06:35:18.146075000Z DEBUG solana_runtime::message_processor::stable_log] Program log: Instruction: InitializeAccount3
[2025-11-05T06:35:18.146125000Z DEBUG solana_runtime::message_processor::stable_log] Program TokenkegQfeZyiNwAJbNbGKPFXCWuBvf9Ss623VQ5DA consumed 4214 of 165476 compute units
[2025-11-05T06:35:18.146133000Z DEBUG solana_runtime::message_processor::stable_log] Program TokenkegQfeZyiNwAJbNbGKPFXCWuBvf9Ss623VQ5DA success
[2025-11-05T06:35:18.146186000Z DEBUG solana_runtime::message_processor::stable_log] Program log: Creating honorary position through CP-AMM CPI
[2025-11-05T06:35:18.146259000Z DEBUG solana_runtime::message_processor::stable_log] Program ASmKWt93JEMHxbdE6j7znD9y2FcdPboCzC3xtSTJvN7S invoke [2]
[2025-11-05T06:35:18.146325000Z DEBUG solana_runtime::message_processor::stable_log] Program log: Instruction: CreatePosition
[2025-11-05T06:35:18.146391000Z DEBUG solana_runtime::message_processor::stable_log] Program 11111111111111111111111111111111 invoke [3]
[2025-11-05T06:35:18.146402000Z DEBUG solana_runtime::message_processor::stable_log] Program 11111111111111111111111111111111 success
[2025-11-05T06:35:18.146433000Z DEBUG solana_runtime::message_processor::stable_log] Program TokenzQdBNbLqP5VEhdkAS6EPFLC1PHnBqCXEpPxuEb invoke [3]
[2025-11-05T06:35:18.146464000Z DEBUG solana_runtime::message_processor::stable_log] Program log: MetadataPointerInstruction::Initialize
[2025-11-05T06:35:18.146499000Z DEBUG solana_runtime::message_processor::stable_log] Program TokenzQdBNbLqP5VEhdkAS6EPFLC1PHnBqCXEpPxuEb consumed 2442 of 140170 compute units
[2025-11-05T06:35:18.146506000Z DEBUG solana_runtime::message_processor::stable_log] Program TokenzQdBNbLqP5VEhdkAS6EPFLC1PHnBqCXEpPxuEb success
[2025-11-05T06:35:18.146534000Z DEBUG solana_runtime::message_processor::stable_log] Program TokenzQdBNbLqP5VEhdkAS6EPFLC1PHnBqCXEpPxuEb invoke [3]
[2025-11-05T06:35:18.146554000Z DEBUG solana_runtime::message_processor::stable_log] Program log: Instruction: InitializeMintCloseAuthority
[2025-11-05T06:35:18.146587000Z DEBUG solana_runtime::message_processor::stable_log] Program TokenzQdBNbLqP5VEhdkAS6EPFLC1PHnBqCXEpPxuEb consumed 2570 of 135750 compute units
[2025-11-05T06:35:18.146594000Z DEBUG solana_runtime::message_processor::stable_log] Program TokenzQdBNbLqP5VEhdkAS6EPFLC1PHnBqCXEpPxuEb success
[2025-11-05T06:35:18.146622000Z DEBUG solana_runtime::message_processor::stable_log] Program TokenzQdBNbLqP5VEhdkAS6EPFLC1PHnBqCXEpPxuEb invoke [3]
[2025-11-05T06:35:18.146643000Z DEBUG solana_runtime::message_processor::stable_log] Program log: Instruction: InitializeMint2
[2025-11-05T06:35:18.146701000Z DEBUG solana_runtime::message_processor::stable_log] Program TokenzQdBNbLqP5VEhdkAS6EPFLC1PHnBqCXEpPxuEb consumed 4078 of 131237 compute units
[2025-11-05T06:35:18.146708000Z DEBUG solana_runtime::message_processor::stable_log] Program TokenzQdBNbLqP5VEhdkAS6EPFLC1PHnBqCXEpPxuEb success
[2025-11-05T06:35:18.146820000Z DEBUG solana_runtime::message_processor::stable_log] Program 11111111111111111111111111111111 invoke [3]
[2025-11-05T06:35:18.146823000Z DEBUG solana_runtime::message_processor::stable_log] Program 11111111111111111111111111111111 success
[2025-11-05T06:35:18.146849000Z DEBUG solana_runtime::message_processor::stable_log] Program TokenzQdBNbLqP5VEhdkAS6EPFLC1PHnBqCXEpPxuEb invoke [3]
[2025-11-05T06:35:18.146873000Z DEBUG solana_runtime::message_processor::stable_log] Program log: Instruction: InitializeAccount3
[2025-11-05T06:35:18.146946000Z DEBUG solana_runtime::message_processor::stable_log] Program TokenzQdBNbLqP5VEhdkAS6EPFLC1PHnBqCXEpPxuEb consumed 5137 of 117553 compute units
[2025-11-05T06:35:18.146954000Z DEBUG solana_runtime::message_processor::stable_log] Program TokenzQdBNbLqP5VEhdkAS6EPFLC1PHnBqCXEpPxuEb success
[2025-11-05T06:35:18.147058000Z DEBUG solana_runtime::message_processor::stable_log] Program 11111111111111111111111111111111 invoke [3]
[2025-11-05T06:35:18.147062000Z DEBUG solana_runtime::message_processor::stable_log] Program 11111111111111111111111111111111 success
[2025-11-05T06:35:18.147160000Z DEBUG solana_runtime::message_processor::stable_log] Program TokenzQdBNbLqP5VEhdkAS6EPFLC1PHnBqCXEpPxuEb invoke [3]
[2025-11-05T06:35:18.147209000Z DEBUG solana_runtime::message_processor::stable_log] Program log: TokenMetadataInstruction: Initialize
[2025-11-05T06:35:18.147327000Z DEBUG solana_runtime::message_processor::stable_log] Program TokenzQdBNbLqP5VEhdkAS6EPFLC1PHnBqCXEpPxuEb consumed 9900 of 96323 compute units
[2025-11-05T06:35:18.147338000Z DEBUG solana_runtime::message_processor::stable_log] Program TokenzQdBNbLqP5VEhdkAS6EPFLC1PHnBqCXEpPxuEb success
[2025-11-05T06:35:18.147377000Z DEBUG solana_runtime::message_processor::stable_log] Program 11111111111111111111111111111111 invoke [3]
[2025-11-05T06:35:18.147381000Z DEBUG solana_runtime::message_processor::stable_log] Program 11111111111111111111111111111111 success
[2025-11-05T06:35:18.147419000Z DEBUG solana_runtime::message_processor::stable_log] Program TokenzQdBNbLqP5VEhdkAS6EPFLC1PHnBqCXEpPxuEb invoke [3]
[2025-11-05T06:35:18.147446000Z DEBUG solana_runtime::message_processor::stable_log] Program log: Instruction: MintTo
[2025-11-05T06:35:18.147515000Z DEBUG solana_runtime::message_processor::stable_log] Program TokenzQdBNbLqP5VEhdkAS6EPFLC1PHnBqCXEpPxuEb consumed 5540 of 81361 compute units
[2025-11-05T06:35:18.147522000Z DEBUG solana_runtime::message_processor::stable_log] Program TokenzQdBNbLqP5VEhdkAS6EPFLC1PHnBqCXEpPxuEb success
[2025-11-05T06:35:18.147571000Z DEBUG solana_runtime::message_processor::stable_log] Program ASmKWt93JEMHxbdE6j7znD9y2FcdPboCzC3xtSTJvN7S invoke [3]
[2025-11-05T06:35:18.147603000Z DEBUG solana_runtime::message_processor::stable_log] Program ASmKWt93JEMHxbdE6j7znD9y2FcdPboCzC3xtSTJvN7S consumed 2069 of 72755 compute units
[2025-11-05T06:35:18.147651000Z DEBUG solana_runtime::message_processor::stable_log] Program ASmKWt93JEMHxbdE6j7znD9y2FcdPboCzC3xtSTJvN7S success
[2025-11-05T06:35:18.147669000Z DEBUG solana_runtime::message_processor::stable_log] Program ASmKWt93JEMHxbdE6j7znD9y2FcdPboCzC3xtSTJvN7S consumed 79100 of 149214 compute units
[2025-11-05T06:35:18.147679000Z DEBUG solana_runtime::message_processor::stable_log] Program ASmKWt93JEMHxbdE6j7znD9y2FcdPboCzC3xtSTJvN7S success
[2025-11-05T06:35:18.147704000Z DEBUG solana_runtime::message_processor::stable_log] Program data: B9TwvmYpSylxpb8i0eJvxe/2jqhZYe3FLqabrxEmmwwxo+T5cB6Q/Obec+nMLlgkckXDrEIwDwrMgE93SPjC79q/n1myXppv5A00YBIY5/bCLocTvTqtySpbfwNVnfUK3iP7CSnuEvc5STeuUhkucgTk1pN7Kpx96QYsDRVbC6YeBdW62aQaMhwqnxw9xLbBp9fyPPhjLcfMOrHIzqFw8uc/hrTv9kvZJfAKaQAAAAA=
[2025-11-05T06:35:18.147725000Z DEBUG solana_runtime::message_processor::stable_log] Program 5B57SJ3g2YoNXUpsZqqjEQkRSxyKtVTQRXdgAirz6bio consumed 131980 of 200000 compute units
[2025-11-05T06:35:18.147734000Z DEBUG solana_runtime::message_processor::stable_log] Program 5B57SJ3g2YoNXUpsZqqjEQkRSxyKtVTQRXdgAirz6bio success
[2025-11-05T06:35:18.153574000Z DEBUG solana_runtime::message_processor::stable_log] Program 5B57SJ3g2YoNXUpsZqqjEQkRSxyKtVTQRXdgAirz6bio invoke [1]
[2025-11-05T06:35:18.153639000Z DEBUG solana_runtime::message_processor::stable_log] Program log: Instruction: SetupPolicy
[2025-11-05T06:35:18.153718000Z DEBUG solana_runtime::message_processor::stable_log] Program 11111111111111111111111111111111 invoke [2]
[2025-11-05T06:35:18.153726000Z DEBUG solana_runtime::message_processor::stable_log] Program 11111111111111111111111111111111 success
[2025-11-05T06:35:18.153810000Z DEBUG solana_runtime::message_processor::stable_log] Program 11111111111111111111111111111111 invoke [2]
[2025-11-05T06:35:18.153814000Z DEBUG solana_runtime::message_processor::stable_log] Program 11111111111111111111111111111111 success
[2025-11-05T06:35:18.153851000Z DEBUG solana_runtime::message_processor::stable_log] Program data: HFXHbHKxoyZxpb8i0eJvxe/2jqhZYe3FLqabrxEmmwwxo+T5cB6Q/FXXQe/VpfTh1RbwH2e/dv6MkWs0HfTLRKDrUr7hMbz0iBPA4eQAAAAAACXwCmkAAAAA
[2025-11-05T06:35:18.153884000Z DEBUG solana_runtime::message_processor::stable_log] Program 5B57SJ3g2YoNXUpsZqqjEQkRSxyKtVTQRXdgAirz6bio consumed 18026 of 200000 compute units
[2025-11-05T06:35:18.153894000Z DEBUG solana_runtime::message_processor::stable_log] Program 5B57SJ3g2YoNXUpsZqqjEQkRSxyKtVTQRXdgAirz6bio success
[2025-11-05T06:35:18.170739000Z DEBUG solana_runtime::message_processor::stable_log] Program 5B57SJ3g2YoNXUpsZqqjEQkRSxyKtVTQRXdgAirz6bio invoke [1]
[2025-11-05T06:35:18.170856000Z DEBUG solana_runtime::message_processor::stable_log] Program log: Instruction: AddHonoraryLiquidity
[2025-11-05T06:35:18.171121000Z DEBUG solana_runtime::message_processor::stable_log] Program log: Adding liquidity to honorary position
[2025-11-05T06:35:18.171208000Z DEBUG solana_runtime::message_processor::stable_log] Program TokenkegQfeZyiNwAJbNbGKPFXCWuBvf9Ss623VQ5DA invoke [2]
[2025-11-05T06:35:18.171267000Z DEBUG solana_runtime::message_processor::stable_log] Program log: Instruction: TransferChecked
[2025-11-05T06:35:18.171346000Z DEBUG solana_runtime::message_processor::stable_log] Program TokenkegQfeZyiNwAJbNbGKPFXCWuBvf9Ss623VQ5DA consumed 6174 of 172743 compute units
[2025-11-05T06:35:18.171357000Z DEBUG solana_runtime::message_processor::stable_log] Program TokenkegQfeZyiNwAJbNbGKPFXCWuBvf9Ss623VQ5DA success
[2025-11-05T06:35:18.171404000Z DEBUG solana_runtime::message_processor::stable_log] Program TokenkegQfeZyiNwAJbNbGKPFXCWuBvf9Ss623VQ5DA invoke [2]
[2025-11-05T06:35:18.171435000Z DEBUG solana_runtime::message_processor::stable_log] Program log: Instruction: TransferChecked
[2025-11-05T06:35:18.171521000Z DEBUG solana_runtime::message_processor::stable_log] Program TokenkegQfeZyiNwAJbNbGKPFXCWuBvf9Ss623VQ5DA consumed 6174 of 163836 compute units
[2025-11-05T06:35:18.171531000Z DEBUG solana_runtime::message_processor::stable_log] Program TokenkegQfeZyiNwAJbNbGKPFXCWuBvf9Ss623VQ5DA success
[2025-11-05T06:35:18.171631000Z DEBUG solana_runtime::message_processor::stable_log] Program ASmKWt93JEMHxbdE6j7znD9y2FcdPboCzC3xtSTJvN7S invoke [2]
[2025-11-05T06:35:18.171716000Z DEBUG solana_runtime::message_processor::stable_log] Program log: Instruction: AddLiquidity
[2025-11-05T06:35:18.172013000Z DEBUG solana_runtime::message_processor::stable_log] Program TokenkegQfeZyiNwAJbNbGKPFXCWuBvf9Ss623VQ5DA invoke [3]
[2025-11-05T06:35:18.172048000Z DEBUG solana_runtime::message_processor::stable_log] Program log: Instruction: TransferChecked
[2025-11-05T06:35:18.172118000Z DEBUG solana_runtime::message_processor::stable_log] Program TokenkegQfeZyiNwAJbNbGKPFXCWuBvf9Ss623VQ5DA consumed 6174 of 125256 compute units
[2025-11-05T06:35:18.172126000Z DEBUG solana_runtime::message_processor::stable_log] Program TokenkegQfeZyiNwAJbNbGKPFXCWuBvf9Ss623VQ5DA success
[2025-11-05T06:35:18.172166000Z DEBUG solana_runtime::message_processor::stable_log] Program TokenkegQfeZyiNwAJbNbGKPFXCWuBvf9Ss623VQ5DA invoke [3]
[2025-11-05T06:35:18.172193000Z DEBUG solana_runtime::message_processor::stable_log] Program log: Instruction: TransferChecked
[2025-11-05T06:35:18.172264000Z DEBUG solana_runtime::message_processor::stable_log] Program TokenkegQfeZyiNwAJbNbGKPFXCWuBvf9Ss623VQ5DA consumed 6174 of 116672 compute units
[2025-11-05T06:35:18.172278000Z DEBUG solana_runtime::message_processor::stable_log] Program TokenkegQfeZyiNwAJbNbGKPFXCWuBvf9Ss623VQ5DA success
[2025-11-05T06:35:18.172330000Z DEBUG solana_runtime::message_processor::stable_log] Program ASmKWt93JEMHxbdE6j7znD9y2FcdPboCzC3xtSTJvN7S invoke [3]
[2025-11-05T06:35:18.172362000Z DEBUG solana_runtime::message_processor::stable_log] Program ASmKWt93JEMHxbdE6j7znD9y2FcdPboCzC3xtSTJvN7S consumed 2069 of 107244 compute units
[2025-11-05T06:35:18.172374000Z DEBUG solana_runtime::message_processor::stable_log] Program ASmKWt93JEMHxbdE6j7znD9y2FcdPboCzC3xtSTJvN7S success
[2025-11-05T06:35:18.172476000Z DEBUG solana_runtime::message_processor::stable_log] Program ASmKWt93JEMHxbdE6j7znD9y2FcdPboCzC3xtSTJvN7S invoke [3]
[2025-11-05T06:35:18.172504000Z DEBUG solana_runtime::message_processor::stable_log] Program ASmKWt93JEMHxbdE6j7znD9y2FcdPboCzC3xtSTJvN7S consumed 2069 of 98741 compute units
[2025-11-05T06:35:18.172513000Z DEBUG solana_runtime::message_processor::stable_log] Program ASmKWt93JEMHxbdE6j7znD9y2FcdPboCzC3xtSTJvN7S success
[2025-11-05T06:35:18.172534000Z DEBUG solana_runtime::message_processor::stable_log] Program ASmKWt93JEMHxbdE6j7znD9y2FcdPboCzC3xtSTJvN7S consumed 50736 of 146767 compute units
[2025-11-05T06:35:18.172544000Z DEBUG solana_runtime::message_processor::stable_log] Program ASmKWt93JEMHxbdE6j7znD9y2FcdPboCzC3xtSTJvN7S success
[2025-11-05T06:35:18.172576000Z DEBUG solana_runtime::message_processor::stable_log] Program log: Successfully added 1844674407370955161600 liquidity to honorary position
[2025-11-05T06:35:18.172590000Z DEBUG solana_runtime::message_processor::stable_log] Program 5B57SJ3g2YoNXUpsZqqjEQkRSxyKtVTQRXdgAirz6bio consumed 105647 of 200000 compute units
[2025-11-05T06:35:18.172599000Z DEBUG solana_runtime::message_processor::stable_log] Program 5B57SJ3g2YoNXUpsZqqjEQkRSxyKtVTQRXdgAirz6bio success
[2025-11-05T06:35:18.181228000Z DEBUG solana_runtime::message_processor::stable_log] Program 11111111111111111111111111111111 invoke [1]
[2025-11-05T06:35:18.181249000Z DEBUG solana_runtime::message_processor::stable_log] Program 11111111111111111111111111111111 success
  Stream 0: 100% locked, expected locked amount: 3750000, amount_per_period: 10416
[2025-11-05T06:35:18.185543000Z DEBUG solana_runtime::message_processor::stable_log] Program ATokenGPvbdGVxr1b2hvZbsiqW5xWH25efTNsLJA8knL invoke [1]
[2025-11-05T06:35:18.185618000Z DEBUG solana_runtime::message_processor::stable_log] Program log: Create
[2025-11-05T06:35:18.185669000Z DEBUG solana_runtime::message_processor::stable_log] Program TokenkegQfeZyiNwAJbNbGKPFXCWuBvf9Ss623VQ5DA invoke [2]
[2025-11-05T06:35:18.185696000Z DEBUG solana_runtime::message_processor::stable_log] Program log: Instruction: GetAccountDataSize
[2025-11-05T06:35:18.185713000Z DEBUG solana_runtime::message_processor::stable_log] Program TokenkegQfeZyiNwAJbNbGKPFXCWuBvf9Ss623VQ5DA consumed 1595 of 194555 compute units
[2025-11-05T06:35:18.185722000Z DEBUG solana_runtime::message_processor::stable_log] Program return: TokenkegQfeZyiNwAJbNbGKPFXCWuBvf9Ss623VQ5DA pQAAAAAAAAA=
[2025-11-05T06:35:18.185733000Z DEBUG solana_runtime::message_processor::stable_log] Program TokenkegQfeZyiNwAJbNbGKPFXCWuBvf9Ss623VQ5DA success
[2025-11-05T06:35:18.185788000Z DEBUG solana_runtime::message_processor::stable_log] Program 11111111111111111111111111111111 invoke [2]
[2025-11-05T06:35:18.185794000Z DEBUG solana_runtime::message_processor::stable_log] Program 11111111111111111111111111111111 success
[2025-11-05T06:35:18.185800000Z DEBUG solana_runtime::message_processor::stable_log] Program log: Initialize the associated token account
[2025-11-05T06:35:18.185818000Z DEBUG solana_runtime::message_processor::stable_log] Program TokenkegQfeZyiNwAJbNbGKPFXCWuBvf9Ss623VQ5DA invoke [2]
[2025-11-05T06:35:18.185838000Z DEBUG solana_runtime::message_processor::stable_log] Program log: Instruction: InitializeImmutableOwner
[2025-11-05T06:35:18.185850000Z DEBUG solana_runtime::message_processor::stable_log] Program log: Please upgrade to SPL Token 2022 for immutable owner support
[2025-11-05T06:35:18.185853000Z DEBUG solana_runtime::message_processor::stable_log] Program TokenkegQfeZyiNwAJbNbGKPFXCWuBvf9Ss623VQ5DA consumed 1405 of 187942 compute units
[2025-11-05T06:35:18.185860000Z DEBUG solana_runtime::message_processor::stable_log] Program TokenkegQfeZyiNwAJbNbGKPFXCWuBvf9Ss623VQ5DA success
[2025-11-05T06:35:18.185893000Z DEBUG solana_runtime::message_processor::stable_log] Program TokenkegQfeZyiNwAJbNbGKPFXCWuBvf9Ss623VQ5DA invoke [2]
[2025-11-05T06:35:18.185920000Z DEBUG solana_runtime::message_processor::stable_log] Program log: Instruction: InitializeAccount3
[2025-11-05T06:35:18.185973000Z DEBUG solana_runtime::message_processor::stable_log] Program TokenkegQfeZyiNwAJbNbGKPFXCWuBvf9Ss623VQ5DA consumed 4214 of 184058 compute units
[2025-11-05T06:35:18.185980000Z DEBUG solana_runtime::message_processor::stable_log] Program TokenkegQfeZyiNwAJbNbGKPFXCWuBvf9Ss623VQ5DA success
[2025-11-05T06:35:18.185993000Z DEBUG solana_runtime::message_processor::stable_log] Program ATokenGPvbdGVxr1b2hvZbsiqW5xWH25efTNsLJA8knL consumed 20460 of 200000 compute units
[2025-11-05T06:35:18.186001000Z DEBUG solana_runtime::message_processor::stable_log] Program ATokenGPvbdGVxr1b2hvZbsiqW5xWH25efTNsLJA8knL success
[2025-11-05T06:35:18.193710000Z DEBUG solana_runtime::message_processor::stable_log] Program 11111111111111111111111111111111 invoke [1]
[2025-11-05T06:35:18.193725000Z DEBUG solana_runtime::message_processor::stable_log] Program 11111111111111111111111111111111 success
  Stream 1: 100% locked, expected locked amount: 3750000, amount_per_period: 10416
[2025-11-05T06:35:18.198798000Z DEBUG solana_runtime::message_processor::stable_log] Program ATokenGPvbdGVxr1b2hvZbsiqW5xWH25efTNsLJA8knL invoke [1]
[2025-11-05T06:35:18.198884000Z DEBUG solana_runtime::message_processor::stable_log] Program log: Create
[2025-11-05T06:35:18.198934000Z DEBUG solana_runtime::message_processor::stable_log] Program TokenkegQfeZyiNwAJbNbGKPFXCWuBvf9Ss623VQ5DA invoke [2]
[2025-11-05T06:35:18.198963000Z DEBUG solana_runtime::message_processor::stable_log] Program log: Instruction: GetAccountDataSize
[2025-11-05T06:35:18.198982000Z DEBUG solana_runtime::message_processor::stable_log] Program TokenkegQfeZyiNwAJbNbGKPFXCWuBvf9Ss623VQ5DA consumed 1595 of 194555 compute units
[2025-11-05T06:35:18.198990000Z DEBUG solana_runtime::message_processor::stable_log] Program return: TokenkegQfeZyiNwAJbNbGKPFXCWuBvf9Ss623VQ5DA pQAAAAAAAAA=
[2025-11-05T06:35:18.198998000Z DEBUG solana_runtime::message_processor::stable_log] Program TokenkegQfeZyiNwAJbNbGKPFXCWuBvf9Ss623VQ5DA success
[2025-11-05T06:35:18.199052000Z DEBUG solana_runtime::message_processor::stable_log] Program 11111111111111111111111111111111 invoke [2]
[2025-11-05T06:35:18.199060000Z DEBUG solana_runtime::message_processor::stable_log] Program 11111111111111111111111111111111 success
[2025-11-05T06:35:18.199065000Z DEBUG solana_runtime::message_processor::stable_log] Program log: Initialize the associated token account
[2025-11-05T06:35:18.199083000Z DEBUG solana_runtime::message_processor::stable_log] Program TokenkegQfeZyiNwAJbNbGKPFXCWuBvf9Ss623VQ5DA invoke [2]
[2025-11-05T06:35:18.199103000Z DEBUG solana_runtime::message_processor::stable_log] Program log: Instruction: InitializeImmutableOwner
[2025-11-05T06:35:18.199114000Z DEBUG solana_runtime::message_processor::stable_log] Program log: Please upgrade to SPL Token 2022 for immutable owner support
[2025-11-05T06:35:18.199118000Z DEBUG solana_runtime::message_processor::stable_log] Program TokenkegQfeZyiNwAJbNbGKPFXCWuBvf9Ss623VQ5DA consumed 1405 of 187942 compute units
[2025-11-05T06:35:18.199125000Z DEBUG solana_runtime::message_processor::stable_log] Program TokenkegQfeZyiNwAJbNbGKPFXCWuBvf9Ss623VQ5DA success
[2025-11-05T06:35:18.199157000Z DEBUG solana_runtime::message_processor::stable_log] Program TokenkegQfeZyiNwAJbNbGKPFXCWuBvf9Ss623VQ5DA invoke [2]
[2025-11-05T06:35:18.199182000Z DEBUG solana_runtime::message_processor::stable_log] Program log: Instruction: InitializeAccount3
[2025-11-05T06:35:18.199235000Z DEBUG solana_runtime::message_processor::stable_log] Program TokenkegQfeZyiNwAJbNbGKPFXCWuBvf9Ss623VQ5DA consumed 4214 of 184058 compute units
[2025-11-05T06:35:18.199242000Z DEBUG solana_runtime::message_processor::stable_log] Program TokenkegQfeZyiNwAJbNbGKPFXCWuBvf9Ss623VQ5DA success
[2025-11-05T06:35:18.199254000Z DEBUG solana_runtime::message_processor::stable_log] Program ATokenGPvbdGVxr1b2hvZbsiqW5xWH25efTNsLJA8knL consumed 20460 of 200000 compute units
[2025-11-05T06:35:18.199262000Z DEBUG solana_runtime::message_processor::stable_log] Program ATokenGPvbdGVxr1b2hvZbsiqW5xWH25efTNsLJA8knL success
[2025-11-05T06:35:18.207729000Z DEBUG solana_runtime::message_processor::stable_log] Program 11111111111111111111111111111111 invoke [1]
[2025-11-05T06:35:18.207743000Z DEBUG solana_runtime::message_processor::stable_log] Program 11111111111111111111111111111111 success
  Stream 2: 100% locked, expected locked amount: 3750000, amount_per_period: 10416
[2025-11-05T06:35:18.211837000Z DEBUG solana_runtime::message_processor::stable_log] Program ATokenGPvbdGVxr1b2hvZbsiqW5xWH25efTNsLJA8knL invoke [1]
[2025-11-05T06:35:18.211933000Z DEBUG solana_runtime::message_processor::stable_log] Program log: Create
[2025-11-05T06:35:18.211987000Z DEBUG solana_runtime::message_processor::stable_log] Program TokenkegQfeZyiNwAJbNbGKPFXCWuBvf9Ss623VQ5DA invoke [2]
[2025-11-05T06:35:18.212012000Z DEBUG solana_runtime::message_processor::stable_log] Program log: Instruction: GetAccountDataSize
[2025-11-05T06:35:18.212029000Z DEBUG solana_runtime::message_processor::stable_log] Program TokenkegQfeZyiNwAJbNbGKPFXCWuBvf9Ss623VQ5DA consumed 1595 of 194555 compute units
[2025-11-05T06:35:18.212037000Z DEBUG solana_runtime::message_processor::stable_log] Program return: TokenkegQfeZyiNwAJbNbGKPFXCWuBvf9Ss623VQ5DA pQAAAAAAAAA=
[2025-11-05T06:35:18.212045000Z DEBUG solana_runtime::message_processor::stable_log] Program TokenkegQfeZyiNwAJbNbGKPFXCWuBvf9Ss623VQ5DA success
[2025-11-05T06:35:18.212099000Z DEBUG solana_runtime::message_processor::stable_log] Program 11111111111111111111111111111111 invoke [2]
[2025-11-05T06:35:18.212106000Z DEBUG solana_runtime::message_processor::stable_log] Program 11111111111111111111111111111111 success
[2025-11-05T06:35:18.212111000Z DEBUG solana_runtime::message_processor::stable_log] Program log: Initialize the associated token account
[2025-11-05T06:35:18.212128000Z DEBUG solana_runtime::message_processor::stable_log] Program TokenkegQfeZyiNwAJbNbGKPFXCWuBvf9Ss623VQ5DA invoke [2]
[2025-11-05T06:35:18.212148000Z DEBUG solana_runtime::message_processor::stable_log] Program log: Instruction: InitializeImmutableOwner
[2025-11-05T06:35:18.212159000Z DEBUG solana_runtime::message_processor::stable_log] Program log: Please upgrade to SPL Token 2022 for immutable owner support
[2025-11-05T06:35:18.212163000Z DEBUG solana_runtime::message_processor::stable_log] Program TokenkegQfeZyiNwAJbNbGKPFXCWuBvf9Ss623VQ5DA consumed 1405 of 187942 compute units
[2025-11-05T06:35:18.212170000Z DEBUG solana_runtime::message_processor::stable_log] Program TokenkegQfeZyiNwAJbNbGKPFXCWuBvf9Ss623VQ5DA success
[2025-11-05T06:35:18.212203000Z DEBUG solana_runtime::message_processor::stable_log] Program TokenkegQfeZyiNwAJbNbGKPFXCWuBvf9Ss623VQ5DA invoke [2]
[2025-11-05T06:35:18.212244000Z DEBUG solana_runtime::message_processor::stable_log] Program log: Instruction: InitializeAccount3
[2025-11-05T06:35:18.212298000Z DEBUG solana_runtime::message_processor::stable_log] Program TokenkegQfeZyiNwAJbNbGKPFXCWuBvf9Ss623VQ5DA consumed 4214 of 184058 compute units
[2025-11-05T06:35:18.212308000Z DEBUG solana_runtime::message_processor::stable_log] Program TokenkegQfeZyiNwAJbNbGKPFXCWuBvf9Ss623VQ5DA success
[2025-11-05T06:35:18.212320000Z DEBUG solana_runtime::message_processor::stable_log] Program ATokenGPvbdGVxr1b2hvZbsiqW5xWH25efTNsLJA8knL consumed 20460 of 200000 compute units
[2025-11-05T06:35:18.212330000Z DEBUG solana_runtime::message_processor::stable_log] Program ATokenGPvbdGVxr1b2hvZbsiqW5xWH25efTNsLJA8knL success
[2025-11-05T06:35:18.220174000Z DEBUG solana_runtime::message_processor::stable_log] Program 11111111111111111111111111111111 invoke [1]
[2025-11-05T06:35:18.220191000Z DEBUG solana_runtime::message_processor::stable_log] Program 11111111111111111111111111111111 success
  Stream 3: 100% locked, expected locked amount: 3750000, amount_per_period: 10416
[2025-11-05T06:35:18.224754000Z DEBUG solana_runtime::message_processor::stable_log] Program ATokenGPvbdGVxr1b2hvZbsiqW5xWH25efTNsLJA8knL invoke [1]
[2025-11-05T06:35:18.224823000Z DEBUG solana_runtime::message_processor::stable_log] Program log: Create
[2025-11-05T06:35:18.224878000Z DEBUG solana_runtime::message_processor::stable_log] Program TokenkegQfeZyiNwAJbNbGKPFXCWuBvf9Ss623VQ5DA invoke [2]
[2025-11-05T06:35:18.224904000Z DEBUG solana_runtime::message_processor::stable_log] Program log: Instruction: GetAccountDataSize
[2025-11-05T06:35:18.224922000Z DEBUG solana_runtime::message_processor::stable_log] Program TokenkegQfeZyiNwAJbNbGKPFXCWuBvf9Ss623VQ5DA consumed 1595 of 193055 compute units
[2025-11-05T06:35:18.224930000Z DEBUG solana_runtime::message_processor::stable_log] Program return: TokenkegQfeZyiNwAJbNbGKPFXCWuBvf9Ss623VQ5DA pQAAAAAAAAA=
[2025-11-05T06:35:18.224938000Z DEBUG solana_runtime::message_processor::stable_log] Program TokenkegQfeZyiNwAJbNbGKPFXCWuBvf9Ss623VQ5DA success
[2025-11-05T06:35:18.225006000Z DEBUG solana_runtime::message_processor::stable_log] Program 11111111111111111111111111111111 invoke [2]
[2025-11-05T06:35:18.225013000Z DEBUG solana_runtime::message_processor::stable_log] Program 11111111111111111111111111111111 success
[2025-11-05T06:35:18.225019000Z DEBUG solana_runtime::message_processor::stable_log] Program log: Initialize the associated token account
[2025-11-05T06:35:18.225036000Z DEBUG solana_runtime::message_processor::stable_log] Program TokenkegQfeZyiNwAJbNbGKPFXCWuBvf9Ss623VQ5DA invoke [2]
[2025-11-05T06:35:18.225057000Z DEBUG solana_runtime::message_processor::stable_log] Program log: Instruction: InitializeImmutableOwner
[2025-11-05T06:35:18.225069000Z DEBUG solana_runtime::message_processor::stable_log] Program log: Please upgrade to SPL Token 2022 for immutable owner support
[2025-11-05T06:35:18.225072000Z DEBUG solana_runtime::message_processor::stable_log] Program TokenkegQfeZyiNwAJbNbGKPFXCWuBvf9Ss623VQ5DA consumed 1405 of 186442 compute units
[2025-11-05T06:35:18.225079000Z DEBUG solana_runtime::message_processor::stable_log] Program TokenkegQfeZyiNwAJbNbGKPFXCWuBvf9Ss623VQ5DA success
[2025-11-05T06:35:18.225113000Z DEBUG solana_runtime::message_processor::stable_log] Program TokenkegQfeZyiNwAJbNbGKPFXCWuBvf9Ss623VQ5DA invoke [2]
[2025-11-05T06:35:18.225137000Z DEBUG solana_runtime::message_processor::stable_log] Program log: Instruction: InitializeAccount3
[2025-11-05T06:35:18.225189000Z DEBUG solana_runtime::message_processor::stable_log] Program TokenkegQfeZyiNwAJbNbGKPFXCWuBvf9Ss623VQ5DA consumed 4214 of 182558 compute units
[2025-11-05T06:35:18.225196000Z DEBUG solana_runtime::message_processor::stable_log] Program TokenkegQfeZyiNwAJbNbGKPFXCWuBvf9Ss623VQ5DA success
[2025-11-05T06:35:18.225209000Z DEBUG solana_runtime::message_processor::stable_log] Program ATokenGPvbdGVxr1b2hvZbsiqW5xWH25efTNsLJA8knL consumed 21960 of 200000 compute units
[2025-11-05T06:35:18.225218000Z DEBUG solana_runtime::message_processor::stable_log] Program ATokenGPvbdGVxr1b2hvZbsiqW5xWH25efTNsLJA8knL success
[2025-11-05T06:35:18.242038000Z DEBUG solana_runtime::message_processor::stable_log] Program ASmKWt93JEMHxbdE6j7znD9y2FcdPboCzC3xtSTJvN7S invoke [1]
[2025-11-05T06:35:18.242154000Z DEBUG solana_runtime::message_processor::stable_log] Program log: Instruction: Swap
[2025-11-05T06:35:18.242498000Z DEBUG solana_runtime::message_processor::stable_log] Program TokenkegQfeZyiNwAJbNbGKPFXCWuBvf9Ss623VQ5DA invoke [2]
[2025-11-05T06:35:18.242539000Z DEBUG solana_runtime::message_processor::stable_log] Program log: Instruction: TransferChecked
[2025-11-05T06:35:18.242618000Z DEBUG solana_runtime::message_processor::stable_log] Program TokenkegQfeZyiNwAJbNbGKPFXCWuBvf9Ss623VQ5DA consumed 6174 of 177323 compute units
[2025-11-05T06:35:18.242628000Z DEBUG solana_runtime::message_processor::stable_log] Program TokenkegQfeZyiNwAJbNbGKPFXCWuBvf9Ss623VQ5DA success
[2025-11-05T06:35:18.242680000Z DEBUG solana_runtime::message_processor::stable_log] Program TokenkegQfeZyiNwAJbNbGKPFXCWuBvf9Ss623VQ5DA invoke [2]
[2025-11-05T06:35:18.242710000Z DEBUG solana_runtime::message_processor::stable_log] Program log: Instruction: TransferChecked
[2025-11-05T06:35:18.242780000Z DEBUG solana_runtime::message_processor::stable_log] Program TokenkegQfeZyiNwAJbNbGKPFXCWuBvf9Ss623VQ5DA consumed 6174 of 168685 compute units
[2025-11-05T06:35:18.242795000Z DEBUG solana_runtime::message_processor::stable_log] Program TokenkegQfeZyiNwAJbNbGKPFXCWuBvf9Ss623VQ5DA success
[2025-11-05T06:35:18.242897000Z DEBUG solana_runtime::message_processor::stable_log] Program ASmKWt93JEMHxbdE6j7znD9y2FcdPboCzC3xtSTJvN7S invoke [2]
[2025-11-05T06:35:18.242934000Z DEBUG solana_runtime::message_processor::stable_log] Program ASmKWt93JEMHxbdE6j7znD9y2FcdPboCzC3xtSTJvN7S consumed 2069 of 156500 compute units
[2025-11-05T06:35:18.242942000Z DEBUG solana_runtime::message_processor::stable_log] Program ASmKWt93JEMHxbdE6j7znD9y2FcdPboCzC3xtSTJvN7S success
[2025-11-05T06:35:18.242994000Z DEBUG solana_runtime::message_processor::stable_log] Program ASmKWt93JEMHxbdE6j7znD9y2FcdPboCzC3xtSTJvN7S invoke [2]
[2025-11-05T06:35:18.243025000Z DEBUG solana_runtime::message_processor::stable_log] Program ASmKWt93JEMHxbdE6j7znD9y2FcdPboCzC3xtSTJvN7S consumed 2069 of 150802 compute units
[2025-11-05T06:35:18.243033000Z DEBUG solana_runtime::message_processor::stable_log] Program ASmKWt93JEMHxbdE6j7znD9y2FcdPboCzC3xtSTJvN7S success
[2025-11-05T06:35:18.243051000Z DEBUG solana_runtime::message_processor::stable_log] Program ASmKWt93JEMHxbdE6j7znD9y2FcdPboCzC3xtSTJvN7S consumed 51801 of 200000 compute units
[2025-11-05T06:35:18.243061000Z DEBUG solana_runtime::message_processor::stable_log] Program ASmKWt93JEMHxbdE6j7znD9y2FcdPboCzC3xtSTJvN7S success
[2025-11-05T06:35:18.260975000Z DEBUG solana_runtime::message_processor::stable_log] Program ComputeBudget111111111111111111111111111111 invoke [1]
[2025-11-05T06:35:18.260994000Z DEBUG solana_runtime::message_processor::stable_log] Program ComputeBudget111111111111111111111111111111 success
[2025-11-05T06:35:18.261003000Z DEBUG solana_runtime::message_processor::stable_log] Program 5B57SJ3g2YoNXUpsZqqjEQkRSxyKtVTQRXdgAirz6bio invoke [1]
[2025-11-05T06:35:18.261152000Z DEBUG solana_runtime::message_processor::stable_log] Program log: Instruction: CrankDistribution
[2025-11-05T06:35:18.261615000Z DEBUG solana_runtime::message_processor::stable_log] Program log: === DEBUG: Before claiming fees ===
[2025-11-05T06:35:18.261639000Z DEBUG solana_runtime::message_processor::stable_log] Program log: Pool collect_fee_mode: 1
[2025-11-05T06:35:18.261752000Z DEBUG solana_runtime::message_processor::stable_log] Program log: Pool token_a_mint: 59DaG6bZ3EMgECtuq6f5oBq8emk6d29r5EFgyXuAReSU
[2025-11-05T06:35:18.261860000Z DEBUG solana_runtime::message_processor::stable_log] Program log: Pool token_b_mint: 4rczaTRf82v2MsktgXhvk1nMBiEtSYDDR2ncPycJ4fZs
[2025-11-05T06:35:18.261973000Z DEBUG solana_runtime::message_processor::stable_log] Program log: Quote mint: 4rczaTRf82v2MsktgXhvk1nMBiEtSYDDR2ncPycJ4fZs
[2025-11-05T06:35:18.262085000Z DEBUG solana_runtime::message_processor::stable_log] Program log: Base mint: 59DaG6bZ3EMgECtuq6f5oBq8emk6d29r5EFgyXuAReSU
[2025-11-05T06:35:18.262103000Z DEBUG solana_runtime::message_processor::stable_log] Program log: Position unlocked_liquidity: 1844674407370955161600
[2025-11-05T06:35:18.262110000Z DEBUG solana_runtime::message_processor::stable_log] Program log: Position vested_liquidity: 0
[2025-11-05T06:35:18.262117000Z DEBUG solana_runtime::message_processor::stable_log] Program log: Position permanent_locked_liquidity: 0
[2025-11-05T06:35:18.262122000Z DEBUG solana_runtime::message_processor::stable_log] Program log: Position fee_a_pending: 0
[2025-11-05T06:35:18.262128000Z DEBUG solana_runtime::message_processor::stable_log] Program log: Position fee_b_pending: 0
[2025-11-05T06:35:18.262133000Z DEBUG solana_runtime::message_processor::stable_log] Program log: Position fee_a_checkpoint (first 8 bytes): 0
[2025-11-05T06:35:18.262139000Z DEBUG solana_runtime::message_processor::stable_log] Program log: Position fee_b_checkpoint (first 8 bytes): 0
[2025-11-05T06:35:18.262144000Z DEBUG solana_runtime::message_processor::stable_log] Program log: Pool fee_a_per_liquidity (first 8 bytes): 0
[2025-11-05T06:35:18.262150000Z DEBUG solana_runtime::message_processor::stable_log] Program log: Pool fee_b_per_liquidity (first 8 bytes): 0
[2025-11-05T06:35:18.262162000Z DEBUG solana_runtime::message_processor::stable_log] Program log: Pool liquidity: 3689348814741910323200
[2025-11-05T06:35:18.262169000Z DEBUG solana_runtime::message_processor::stable_log] Program log: Treasury quote balance before: 99999999999999999
[2025-11-05T06:35:18.262177000Z DEBUG solana_runtime::message_processor::stable_log] Program log: Treasury base balance before: 99999785255671124
[2025-11-05T06:35:18.262178000Z DEBUG solana_runtime::message_processor::stable_log] Program log: Claiming position fees from CP-AMM
[2025-11-05T06:35:18.262276000Z DEBUG solana_runtime::message_processor::stable_log] Program ASmKWt93JEMHxbdE6j7znD9y2FcdPboCzC3xtSTJvN7S invoke [2]
[2025-11-05T06:35:18.262362000Z DEBUG solana_runtime::message_processor::stable_log] Program log: Instruction: ClaimPositionFee
[2025-11-05T06:35:18.262592000Z DEBUG solana_runtime::message_processor::stable_log] Program TokenkegQfeZyiNwAJbNbGKPFXCWuBvf9Ss623VQ5DA invoke [3]
[2025-11-05T06:35:18.262637000Z DEBUG solana_runtime::message_processor::stable_log] Program log: Instruction: TransferChecked
[2025-11-05T06:35:18.262714000Z DEBUG solana_runtime::message_processor::stable_log] Program TokenkegQfeZyiNwAJbNbGKPFXCWuBvf9Ss623VQ5DA consumed 6174 of 279286 compute units
[2025-11-05T06:35:18.262730000Z DEBUG solana_runtime::message_processor::stable_log] Program TokenkegQfeZyiNwAJbNbGKPFXCWuBvf9Ss623VQ5DA success
[2025-11-05T06:35:18.262774000Z DEBUG solana_runtime::message_processor::stable_log] Program ASmKWt93JEMHxbdE6j7znD9y2FcdPboCzC3xtSTJvN7S invoke [3]
[2025-11-05T06:35:18.262810000Z DEBUG solana_runtime::message_processor::stable_log] Program ASmKWt93JEMHxbdE6j7znD9y2FcdPboCzC3xtSTJvN7S consumed 2069 of 270372 compute units
[2025-11-05T06:35:18.262817000Z DEBUG solana_runtime::message_processor::stable_log] Program ASmKWt93JEMHxbdE6j7znD9y2FcdPboCzC3xtSTJvN7S success
[2025-11-05T06:35:18.262836000Z DEBUG solana_runtime::message_processor::stable_log] Program ASmKWt93JEMHxbdE6j7znD9y2FcdPboCzC3xtSTJvN7S consumed 30035 of 297797 compute units
[2025-11-05T06:35:18.262847000Z DEBUG solana_runtime::message_processor::stable_log] Program ASmKWt93JEMHxbdE6j7znD9y2FcdPboCzC3xtSTJvN7S success
[2025-11-05T06:35:18.262888000Z DEBUG solana_runtime::message_processor::stable_log] Program log: === DEBUG: After claiming fees ===
[2025-11-05T06:35:18.262900000Z DEBUG solana_runtime::message_processor::stable_log] Program log: Treasury quote balance after: 100000000000049999
[2025-11-05T06:35:18.262908000Z DEBUG solana_runtime::message_processor::stable_log] Program log: Treasury base balance after: 99999785255671124
[2025-11-05T06:35:18.262914000Z DEBUG solana_runtime::message_processor::stable_log] Program log: Quote tokens claimed: 50000
[2025-11-05T06:35:18.262924000Z DEBUG solana_runtime::message_processor::stable_log] Program data: fzkUsNcjWlhxpb8i0eJvxe/2jqhZYe3FLqabrxEmmwwxo+T5cB6Q/FDDAAAAAAAAJfAKaQAAAAA=
[2025-11-05T06:35:18.263099000Z DEBUG solana_runtime::message_processor::stable_log] Program TokenkegQfeZyiNwAJbNbGKPFXCWuBvf9Ss623VQ5DA invoke [2]
[2025-11-05T06:35:18.263135000Z DEBUG solana_runtime::message_processor::stable_log] Program log: Instruction: TransferChecked
[2025-11-05T06:35:18.263205000Z DEBUG solana_runtime::message_processor::stable_log] Program TokenkegQfeZyiNwAJbNbGKPFXCWuBvf9Ss623VQ5DA consumed 6174 of 253057 compute units
[2025-11-05T06:35:18.263213000Z DEBUG solana_runtime::message_processor::stable_log] Program TokenkegQfeZyiNwAJbNbGKPFXCWuBvf9Ss623VQ5DA success
[2025-11-05T06:35:18.263268000Z DEBUG solana_runtime::message_processor::stable_log] Program TokenkegQfeZyiNwAJbNbGKPFXCWuBvf9Ss623VQ5DA invoke [2]
[2025-11-05T06:35:18.263296000Z DEBUG solana_runtime::message_processor::stable_log] Program log: Instruction: TransferChecked
[2025-11-05T06:35:18.263361000Z DEBUG solana_runtime::message_processor::stable_log] Program TokenkegQfeZyiNwAJbNbGKPFXCWuBvf9Ss623VQ5DA consumed 6174 of 243496 compute units
[2025-11-05T06:35:18.263369000Z DEBUG solana_runtime::message_processor::stable_log] Program TokenkegQfeZyiNwAJbNbGKPFXCWuBvf9Ss623VQ5DA success
[2025-11-05T06:35:18.263384000Z DEBUG solana_runtime::message_processor::stable_log] Program data: KjXqZeHwy3lxpb8i0eJvxe/2jqhZYe3FLqabrxEmmwwxo+T5cB6Q/AAAAAACAAAAAgAAAKhhAAAAAAAAAAAAAAAAAAAl8AppAAAAAA==
[2025-11-05T06:35:18.263419000Z DEBUG solana_runtime::message_processor::stable_log] Program 5B57SJ3g2YoNXUpsZqqjEQkRSxyKtVTQRXdgAirz6bio consumed 164993 of 399850 compute units
[2025-11-05T06:35:18.263429000Z DEBUG solana_runtime::message_processor::stable_log] Program 5B57SJ3g2YoNXUpsZqqjEQkRSxyKtVTQRXdgAirz6bio success
[2025-11-05T06:35:18.279586000Z DEBUG solana_runtime::message_processor::stable_log] Program ComputeBudget111111111111111111111111111111 invoke [1]
[2025-11-05T06:35:18.279599000Z DEBUG solana_runtime::message_processor::stable_log] Program ComputeBudget111111111111111111111111111111 success
[2025-11-05T06:35:18.279631000Z DEBUG solana_runtime::message_processor::stable_log] Program 5B57SJ3g2YoNXUpsZqqjEQkRSxyKtVTQRXdgAirz6bio invoke [1]
[2025-11-05T06:35:18.279748000Z DEBUG solana_runtime::message_processor::stable_log] Program log: Instruction: CrankDistribution
[2025-11-05T06:35:18.280181000Z DEBUG solana_runtime::message_processor::stable_log] Program TokenkegQfeZyiNwAJbNbGKPFXCWuBvf9Ss623VQ5DA invoke [2]
[2025-11-05T06:35:18.280226000Z DEBUG solana_runtime::message_processor::stable_log] Program log: Instruction: TransferChecked
[2025-11-05T06:35:18.280299000Z DEBUG solana_runtime::message_processor::stable_log] Program TokenkegQfeZyiNwAJbNbGKPFXCWuBvf9Ss623VQ5DA consumed 6174 of 368207 compute units
[2025-11-05T06:35:18.280309000Z DEBUG solana_runtime::message_processor::stable_log] Program TokenkegQfeZyiNwAJbNbGKPFXCWuBvf9Ss623VQ5DA success
[2025-11-05T06:35:18.280324000Z DEBUG solana_runtime::message_processor::stable_log] Program data: jhY1V/E9sS1xpb8i0eJvxe/2jqhZYe3FLqabrxEmmwwxo+T5cB6Q/KhhAAAAAAAAqGEAAAAAAAAl8AppAAAAAA==
[2025-11-05T06:35:18.280329000Z DEBUG solana_runtime::message_processor::stable_log] Program data: KjXqZeHwy3lxpb8i0eJvxe/2jqhZYe3FLqabrxEmmwwxo+T5cB6Q/AIAAAACAAAAAAAAAAAAAAAAAAAAAAAAAAAAAAAl8AppAAAAAA==
[2025-11-05T06:35:18.280359000Z DEBUG solana_runtime::message_processor::stable_log] Program 5B57SJ3g2YoNXUpsZqqjEQkRSxyKtVTQRXdgAirz6bio consumed 40472 of 399850 compute units
[2025-11-05T06:35:18.280368000Z DEBUG solana_runtime::message_processor::stable_log] Program 5B57SJ3g2YoNXUpsZqqjEQkRSxyKtVTQRXdgAirz6bio success
      ✔ Should distribute across 3 pages of 5 investors each (15 total) (112ms)
[2025-11-05T06:35:18.285393000Z INFO  solana_program_test] "cp_amm" SBF program from ./target/deploy/cp_amm.so, modified 24 minutes, 25 seconds, 632 ms, 707 µs and 203 ns ago
[2025-11-05T06:35:18.285576000Z INFO  solana_program_test] "fee_router" SBF program from ./target/deploy/fee_router.so, modified 28 seconds, 369 ms, 835 µs and 331 ns ago
[2025-11-05T06:35:18.285700000Z INFO  solana_program_test] "transfer_hook_counter" SBF program from tests/fixtures/transfer_hook_counter.so, modified 3 weeks, 22 hours, 58 minutes, 53 seconds, 111 ms, 300 µs and 196 ns ago
[2025-11-05T06:35:18.285899000Z INFO  solana_program_test] "alpha_vault" SBF program from tests/fixtures/alpha_vault.so, modified 3 weeks, 22 hours, 58 minutes, 53 seconds, 112 ms, 186 µs and 72 ns ago
[2025-11-05T06:35:18.286182000Z INFO  solana_program_test] "streamflow" SBF program from tests/fixtures/streamflow.so, modified 3 weeks, 6 hours, 59 minutes, 2 seconds, 997 ms, 97 µs and 387 ns ago
[2025-11-05T06:35:18.286509000Z INFO  solana_program_test] "cp_amm" SBF program from ./target/deploy/cp_amm.so, modified 24 minutes, 25 seconds, 633 ms, 828 µs and 203 ns ago
[2025-11-05T06:35:18.286652000Z INFO  solana_program_test] "fee_router" SBF program from ./target/deploy/fee_router.so, modified 28 seconds, 370 ms, 912 µs and 331 ns ago
[2025-11-05T06:35:18.304881000Z INFO  solana_program_test] Overriding account at ASmKWt93JEMHxbdE6j7znD9y2FcdPboCzC3xtSTJvN7S
[2025-11-05T06:35:18.304894000Z INFO  solana_program_test] Overriding account at 5B57SJ3g2YoNXUpsZqqjEQkRSxyKtVTQRXdgAirz6bio
[2025-11-05T06:35:18.315314000Z DEBUG solana_runtime::message_processor::stable_log] Program 11111111111111111111111111111111 invoke [1]
[2025-11-05T06:35:18.315343000Z DEBUG solana_runtime::message_processor::stable_log] Program 11111111111111111111111111111111 success
[2025-11-05T06:35:18.319412000Z DEBUG solana_runtime::message_processor::stable_log] Program 11111111111111111111111111111111 invoke [1]
[2025-11-05T06:35:18.319425000Z DEBUG solana_runtime::message_processor::stable_log] Program 11111111111111111111111111111111 success
[2025-11-05T06:35:18.323204000Z DEBUG solana_runtime::message_processor::stable_log] Program 11111111111111111111111111111111 invoke [1]
[2025-11-05T06:35:18.323226000Z DEBUG solana_runtime::message_processor::stable_log] Program 11111111111111111111111111111111 success
[2025-11-05T06:35:18.326770000Z DEBUG solana_runtime::message_processor::stable_log] Program 11111111111111111111111111111111 invoke [1]
[2025-11-05T06:35:18.326785000Z DEBUG solana_runtime::message_processor::stable_log] Program 11111111111111111111111111111111 success
[2025-11-05T06:35:18.333887000Z DEBUG solana_runtime::message_processor::stable_log] Program 11111111111111111111111111111111 invoke [1]
[2025-11-05T06:35:18.333905000Z DEBUG solana_runtime::message_processor::stable_log] Program 11111111111111111111111111111111 success
[2025-11-05T06:35:18.333909000Z DEBUG solana_runtime::message_processor::stable_log] Program TokenkegQfeZyiNwAJbNbGKPFXCWuBvf9Ss623VQ5DA invoke [1]
[2025-11-05T06:35:18.333965000Z DEBUG solana_runtime::message_processor::stable_log] Program log: Instruction: InitializeMint2
[2025-11-05T06:35:18.334001000Z DEBUG solana_runtime::message_processor::stable_log] Program TokenkegQfeZyiNwAJbNbGKPFXCWuBvf9Ss623VQ5DA consumed 2779 of 399850 compute units
[2025-11-05T06:35:18.334012000Z DEBUG solana_runtime::message_processor::stable_log] Program TokenkegQfeZyiNwAJbNbGKPFXCWuBvf9Ss623VQ5DA success
[2025-11-05T06:35:18.341088000Z DEBUG solana_runtime::message_processor::stable_log] Program 11111111111111111111111111111111 invoke [1]
[2025-11-05T06:35:18.341102000Z DEBUG solana_runtime::message_processor::stable_log] Program 11111111111111111111111111111111 success
[2025-11-05T06:35:18.341105000Z DEBUG solana_runtime::message_processor::stable_log] Program TokenkegQfeZyiNwAJbNbGKPFXCWuBvf9Ss623VQ5DA invoke [1]
[2025-11-05T06:35:18.341151000Z DEBUG solana_runtime::message_processor::stable_log] Program log: Instruction: InitializeMint2
[2025-11-05T06:35:18.341183000Z DEBUG solana_runtime::message_processor::stable_log] Program TokenkegQfeZyiNwAJbNbGKPFXCWuBvf9Ss623VQ5DA consumed 2779 of 399850 compute units
[2025-11-05T06:35:18.341193000Z DEBUG solana_runtime::message_processor::stable_log] Program TokenkegQfeZyiNwAJbNbGKPFXCWuBvf9Ss623VQ5DA success
[2025-11-05T06:35:18.346357000Z DEBUG solana_runtime::message_processor::stable_log] Program ATokenGPvbdGVxr1b2hvZbsiqW5xWH25efTNsLJA8knL invoke [1]
[2025-11-05T06:35:18.346432000Z DEBUG solana_runtime::message_processor::stable_log] Program log: Create
[2025-11-05T06:35:18.346490000Z DEBUG solana_runtime::message_processor::stable_log] Program TokenkegQfeZyiNwAJbNbGKPFXCWuBvf9Ss623VQ5DA invoke [2]
[2025-11-05T06:35:18.346524000Z DEBUG solana_runtime::message_processor::stable_log] Program log: Instruction: GetAccountDataSize
[2025-11-05T06:35:18.346544000Z DEBUG solana_runtime::message_processor::stable_log] Program TokenkegQfeZyiNwAJbNbGKPFXCWuBvf9Ss623VQ5DA consumed 1595 of 193055 compute units
[2025-11-05T06:35:18.346552000Z DEBUG solana_runtime::message_processor::stable_log] Program return: TokenkegQfeZyiNwAJbNbGKPFXCWuBvf9Ss623VQ5DA pQAAAAAAAAA=
[2025-11-05T06:35:18.346562000Z DEBUG solana_runtime::message_processor::stable_log] Program TokenkegQfeZyiNwAJbNbGKPFXCWuBvf9Ss623VQ5DA success
[2025-11-05T06:35:18.346664000Z DEBUG solana_runtime::message_processor::stable_log] Program 11111111111111111111111111111111 invoke [2]
[2025-11-05T06:35:18.346676000Z DEBUG solana_runtime::message_processor::stable_log] Program 11111111111111111111111111111111 success
[2025-11-05T06:35:18.346683000Z DEBUG solana_runtime::message_processor::stable_log] Program log: Initialize the associated token account
[2025-11-05T06:35:18.346701000Z DEBUG solana_runtime::message_processor::stable_log] Program TokenkegQfeZyiNwAJbNbGKPFXCWuBvf9Ss623VQ5DA invoke [2]
[2025-11-05T06:35:18.346724000Z DEBUG solana_runtime::message_processor::stable_log] Program log: Instruction: InitializeImmutableOwner
[2025-11-05T06:35:18.346735000Z DEBUG solana_runtime::message_processor::stable_log] Program log: Please upgrade to SPL Token 2022 for immutable owner support
[2025-11-05T06:35:18.346739000Z DEBUG solana_runtime::message_processor::stable_log] Program TokenkegQfeZyiNwAJbNbGKPFXCWuBvf9Ss623VQ5DA consumed 1405 of 186442 compute units
[2025-11-05T06:35:18.346747000Z DEBUG solana_runtime::message_processor::stable_log] Program TokenkegQfeZyiNwAJbNbGKPFXCWuBvf9Ss623VQ5DA success
[2025-11-05T06:35:18.346785000Z DEBUG solana_runtime::message_processor::stable_log] Program TokenkegQfeZyiNwAJbNbGKPFXCWuBvf9Ss623VQ5DA invoke [2]
[2025-11-05T06:35:18.346814000Z DEBUG solana_runtime::message_processor::stable_log] Program log: Instruction: InitializeAccount3
[2025-11-05T06:35:18.346868000Z DEBUG solana_runtime::message_processor::stable_log] Program TokenkegQfeZyiNwAJbNbGKPFXCWuBvf9Ss623VQ5DA consumed 4214 of 182558 compute units
[2025-11-05T06:35:18.346875000Z DEBUG solana_runtime::message_processor::stable_log] Program TokenkegQfeZyiNwAJbNbGKPFXCWuBvf9Ss623VQ5DA success
[2025-11-05T06:35:18.346891000Z DEBUG solana_runtime::message_processor::stable_log] Program ATokenGPvbdGVxr1b2hvZbsiqW5xWH25efTNsLJA8knL consumed 21960 of 200000 compute units
[2025-11-05T06:35:18.346899000Z DEBUG solana_runtime::message_processor::stable_log] Program ATokenGPvbdGVxr1b2hvZbsiqW5xWH25efTNsLJA8knL success
[2025-11-05T06:35:18.350112000Z DEBUG solana_runtime::message_processor::stable_log] Program TokenkegQfeZyiNwAJbNbGKPFXCWuBvf9Ss623VQ5DA invoke [1]
[2025-11-05T06:35:18.350166000Z DEBUG solana_runtime::message_processor::stable_log] Program log: Instruction: MintTo
[2025-11-05T06:35:18.350224000Z DEBUG solana_runtime::message_processor::stable_log] Program TokenkegQfeZyiNwAJbNbGKPFXCWuBvf9Ss623VQ5DA consumed 4491 of 200000 compute units
[2025-11-05T06:35:18.350232000Z DEBUG solana_runtime::message_processor::stable_log] Program TokenkegQfeZyiNwAJbNbGKPFXCWuBvf9Ss623VQ5DA success
[2025-11-05T06:35:18.354696000Z DEBUG solana_runtime::message_processor::stable_log] Program ATokenGPvbdGVxr1b2hvZbsiqW5xWH25efTNsLJA8knL invoke [1]
[2025-11-05T06:35:18.354768000Z DEBUG solana_runtime::message_processor::stable_log] Program log: Create
[2025-11-05T06:35:18.354820000Z DEBUG solana_runtime::message_processor::stable_log] Program TokenkegQfeZyiNwAJbNbGKPFXCWuBvf9Ss623VQ5DA invoke [2]
[2025-11-05T06:35:18.354863000Z DEBUG solana_runtime::message_processor::stable_log] Program log: Instruction: GetAccountDataSize
[2025-11-05T06:35:18.354882000Z DEBUG solana_runtime::message_processor::stable_log] Program TokenkegQfeZyiNwAJbNbGKPFXCWuBvf9Ss623VQ5DA consumed 1595 of 194555 compute units
[2025-11-05T06:35:18.354889000Z DEBUG solana_runtime::message_processor::stable_log] Program return: TokenkegQfeZyiNwAJbNbGKPFXCWuBvf9Ss623VQ5DA pQAAAAAAAAA=
[2025-11-05T06:35:18.354897000Z DEBUG solana_runtime::message_processor::stable_log] Program TokenkegQfeZyiNwAJbNbGKPFXCWuBvf9Ss623VQ5DA success
[2025-11-05T06:35:18.354953000Z DEBUG solana_runtime::message_processor::stable_log] Program 11111111111111111111111111111111 invoke [2]
[2025-11-05T06:35:18.354961000Z DEBUG solana_runtime::message_processor::stable_log] Program 11111111111111111111111111111111 success
[2025-11-05T06:35:18.354966000Z DEBUG solana_runtime::message_processor::stable_log] Program log: Initialize the associated token account
[2025-11-05T06:35:18.354983000Z DEBUG solana_runtime::message_processor::stable_log] Program TokenkegQfeZyiNwAJbNbGKPFXCWuBvf9Ss623VQ5DA invoke [2]
[2025-11-05T06:35:18.355005000Z DEBUG solana_runtime::message_processor::stable_log] Program log: Instruction: InitializeImmutableOwner
[2025-11-05T06:35:18.355017000Z DEBUG solana_runtime::message_processor::stable_log] Program log: Please upgrade to SPL Token 2022 for immutable owner support
[2025-11-05T06:35:18.355020000Z DEBUG solana_runtime::message_processor::stable_log] Program TokenkegQfeZyiNwAJbNbGKPFXCWuBvf9Ss623VQ5DA consumed 1405 of 187942 compute units
[2025-11-05T06:35:18.355027000Z DEBUG solana_runtime::message_processor::stable_log] Program TokenkegQfeZyiNwAJbNbGKPFXCWuBvf9Ss623VQ5DA success
[2025-11-05T06:35:18.355060000Z DEBUG solana_runtime::message_processor::stable_log] Program TokenkegQfeZyiNwAJbNbGKPFXCWuBvf9Ss623VQ5DA invoke [2]
[2025-11-05T06:35:18.355086000Z DEBUG solana_runtime::message_processor::stable_log] Program log: Instruction: InitializeAccount3
[2025-11-05T06:35:18.355139000Z DEBUG solana_runtime::message_processor::stable_log] Program TokenkegQfeZyiNwAJbNbGKPFXCWuBvf9Ss623VQ5DA consumed 4214 of 184058 compute units
[2025-11-05T06:35:18.355146000Z DEBUG solana_runtime::message_processor::stable_log] Program TokenkegQfeZyiNwAJbNbGKPFXCWuBvf9Ss623VQ5DA success
[2025-11-05T06:35:18.355158000Z DEBUG solana_runtime::message_processor::stable_log] Program ATokenGPvbdGVxr1b2hvZbsiqW5xWH25efTNsLJA8knL consumed 20460 of 200000 compute units
[2025-11-05T06:35:18.355166000Z DEBUG solana_runtime::message_processor::stable_log] Program ATokenGPvbdGVxr1b2hvZbsiqW5xWH25efTNsLJA8knL success
[2025-11-05T06:35:18.358287000Z DEBUG solana_runtime::message_processor::stable_log] Program TokenkegQfeZyiNwAJbNbGKPFXCWuBvf9Ss623VQ5DA invoke [1]
[2025-11-05T06:35:18.358334000Z DEBUG solana_runtime::message_processor::stable_log] Program log: Instruction: MintTo
[2025-11-05T06:35:18.358391000Z DEBUG solana_runtime::message_processor::stable_log] Program TokenkegQfeZyiNwAJbNbGKPFXCWuBvf9Ss623VQ5DA consumed 4491 of 200000 compute units
[2025-11-05T06:35:18.358403000Z DEBUG solana_runtime::message_processor::stable_log] Program TokenkegQfeZyiNwAJbNbGKPFXCWuBvf9Ss623VQ5DA success
[2025-11-05T06:35:18.362823000Z DEBUG solana_runtime::message_processor::stable_log] Program ATokenGPvbdGVxr1b2hvZbsiqW5xWH25efTNsLJA8knL invoke [1]
[2025-11-05T06:35:18.362888000Z DEBUG solana_runtime::message_processor::stable_log] Program log: Create
[2025-11-05T06:35:18.362937000Z DEBUG solana_runtime::message_processor::stable_log] Program TokenkegQfeZyiNwAJbNbGKPFXCWuBvf9Ss623VQ5DA invoke [2]
[2025-11-05T06:35:18.362965000Z DEBUG solana_runtime::message_processor::stable_log] Program log: Instruction: GetAccountDataSize
[2025-11-05T06:35:18.362981000Z DEBUG solana_runtime::message_processor::stable_log] Program TokenkegQfeZyiNwAJbNbGKPFXCWuBvf9Ss623VQ5DA consumed 1595 of 194555 compute units
[2025-11-05T06:35:18.362988000Z DEBUG solana_runtime::message_processor::stable_log] Program return: TokenkegQfeZyiNwAJbNbGKPFXCWuBvf9Ss623VQ5DA pQAAAAAAAAA=
[2025-11-05T06:35:18.362996000Z DEBUG solana_runtime::message_processor::stable_log] Program TokenkegQfeZyiNwAJbNbGKPFXCWuBvf9Ss623VQ5DA success
[2025-11-05T06:35:18.363048000Z DEBUG solana_runtime::message_processor::stable_log] Program 11111111111111111111111111111111 invoke [2]
[2025-11-05T06:35:18.363055000Z DEBUG solana_runtime::message_processor::stable_log] Program 11111111111111111111111111111111 success
[2025-11-05T06:35:18.363061000Z DEBUG solana_runtime::message_processor::stable_log] Program log: Initialize the associated token account
[2025-11-05T06:35:18.363078000Z DEBUG solana_runtime::message_processor::stable_log] Program TokenkegQfeZyiNwAJbNbGKPFXCWuBvf9Ss623VQ5DA invoke [2]
[2025-11-05T06:35:18.363102000Z DEBUG solana_runtime::message_processor::stable_log] Program log: Instruction: InitializeImmutableOwner
[2025-11-05T06:35:18.363113000Z DEBUG solana_runtime::message_processor::stable_log] Program log: Please upgrade to SPL Token 2022 for immutable owner support
[2025-11-05T06:35:18.363116000Z DEBUG solana_runtime::message_processor::stable_log] Program TokenkegQfeZyiNwAJbNbGKPFXCWuBvf9Ss623VQ5DA consumed 1405 of 187942 compute units
[2025-11-05T06:35:18.363123000Z DEBUG solana_runtime::message_processor::stable_log] Program TokenkegQfeZyiNwAJbNbGKPFXCWuBvf9Ss623VQ5DA success
[2025-11-05T06:35:18.363156000Z DEBUG solana_runtime::message_processor::stable_log] Program TokenkegQfeZyiNwAJbNbGKPFXCWuBvf9Ss623VQ5DA invoke [2]
[2025-11-05T06:35:18.363185000Z DEBUG solana_runtime::message_processor::stable_log] Program log: Instruction: InitializeAccount3
[2025-11-05T06:35:18.363238000Z DEBUG solana_runtime::message_processor::stable_log] Program TokenkegQfeZyiNwAJbNbGKPFXCWuBvf9Ss623VQ5DA consumed 4214 of 184058 compute units
[2025-11-05T06:35:18.363246000Z DEBUG solana_runtime::message_processor::stable_log] Program TokenkegQfeZyiNwAJbNbGKPFXCWuBvf9Ss623VQ5DA success
[2025-11-05T06:35:18.363259000Z DEBUG solana_runtime::message_processor::stable_log] Program ATokenGPvbdGVxr1b2hvZbsiqW5xWH25efTNsLJA8knL consumed 20460 of 200000 compute units
[2025-11-05T06:35:18.363268000Z DEBUG solana_runtime::message_processor::stable_log] Program ATokenGPvbdGVxr1b2hvZbsiqW5xWH25efTNsLJA8knL success
[2025-11-05T06:35:18.366700000Z DEBUG solana_runtime::message_processor::stable_log] Program TokenkegQfeZyiNwAJbNbGKPFXCWuBvf9Ss623VQ5DA invoke [1]
[2025-11-05T06:35:18.366754000Z DEBUG solana_runtime::message_processor::stable_log] Program log: Instruction: MintTo
[2025-11-05T06:35:18.366809000Z DEBUG solana_runtime::message_processor::stable_log] Program TokenkegQfeZyiNwAJbNbGKPFXCWuBvf9Ss623VQ5DA consumed 4491 of 200000 compute units
[2025-11-05T06:35:18.366819000Z DEBUG solana_runtime::message_processor::stable_log] Program TokenkegQfeZyiNwAJbNbGKPFXCWuBvf9Ss623VQ5DA success
[2025-11-05T06:35:18.371830000Z DEBUG solana_runtime::message_processor::stable_log] Program ATokenGPvbdGVxr1b2hvZbsiqW5xWH25efTNsLJA8knL invoke [1]
[2025-11-05T06:35:18.371906000Z DEBUG solana_runtime::message_processor::stable_log] Program log: Create
[2025-11-05T06:35:18.371974000Z DEBUG solana_runtime::message_processor::stable_log] Program TokenkegQfeZyiNwAJbNbGKPFXCWuBvf9Ss623VQ5DA invoke [2]
[2025-11-05T06:35:18.372005000Z DEBUG solana_runtime::message_processor::stable_log] Program log: Instruction: GetAccountDataSize
[2025-11-05T06:35:18.372021000Z DEBUG solana_runtime::message_processor::stable_log] Program TokenkegQfeZyiNwAJbNbGKPFXCWuBvf9Ss623VQ5DA consumed 1595 of 190055 compute units
[2025-11-05T06:35:18.372028000Z DEBUG solana_runtime::message_processor::stable_log] Program return: TokenkegQfeZyiNwAJbNbGKPFXCWuBvf9Ss623VQ5DA pQAAAAAAAAA=
[2025-11-05T06:35:18.372036000Z DEBUG solana_runtime::message_processor::stable_log] Program TokenkegQfeZyiNwAJbNbGKPFXCWuBvf9Ss623VQ5DA success
[2025-11-05T06:35:18.372144000Z DEBUG solana_runtime::message_processor::stable_log] Program 11111111111111111111111111111111 invoke [2]
[2025-11-05T06:35:18.372161000Z DEBUG solana_runtime::message_processor::stable_log] Program 11111111111111111111111111111111 success
[2025-11-05T06:35:18.372169000Z DEBUG solana_runtime::message_processor::stable_log] Program log: Initialize the associated token account
[2025-11-05T06:35:18.372186000Z DEBUG solana_runtime::message_processor::stable_log] Program TokenkegQfeZyiNwAJbNbGKPFXCWuBvf9Ss623VQ5DA invoke [2]
[2025-11-05T06:35:18.372208000Z DEBUG solana_runtime::message_processor::stable_log] Program log: Instruction: InitializeImmutableOwner
[2025-11-05T06:35:18.372219000Z DEBUG solana_runtime::message_processor::stable_log] Program log: Please upgrade to SPL Token 2022 for immutable owner support
[2025-11-05T06:35:18.372223000Z DEBUG solana_runtime::message_processor::stable_log] Program TokenkegQfeZyiNwAJbNbGKPFXCWuBvf9Ss623VQ5DA consumed 1405 of 183442 compute units
[2025-11-05T06:35:18.372230000Z DEBUG solana_runtime::message_processor::stable_log] Program TokenkegQfeZyiNwAJbNbGKPFXCWuBvf9Ss623VQ5DA success
[2025-11-05T06:35:18.372263000Z DEBUG solana_runtime::message_processor::stable_log] Program TokenkegQfeZyiNwAJbNbGKPFXCWuBvf9Ss623VQ5DA invoke [2]
[2025-11-05T06:35:18.372293000Z DEBUG solana_runtime::message_processor::stable_log] Program log: Instruction: InitializeAccount3
[2025-11-05T06:35:18.372347000Z DEBUG solana_runtime::message_processor::stable_log] Program TokenkegQfeZyiNwAJbNbGKPFXCWuBvf9Ss623VQ5DA consumed 4214 of 179558 compute units
[2025-11-05T06:35:18.372357000Z DEBUG solana_runtime::message_processor::stable_log] Program TokenkegQfeZyiNwAJbNbGKPFXCWuBvf9Ss623VQ5DA success
[2025-11-05T06:35:18.372369000Z DEBUG solana_runtime::message_processor::stable_log] Program ATokenGPvbdGVxr1b2hvZbsiqW5xWH25efTNsLJA8knL consumed 24960 of 200000 compute units
[2025-11-05T06:35:18.372378000Z DEBUG solana_runtime::message_processor::stable_log] Program ATokenGPvbdGVxr1b2hvZbsiqW5xWH25efTNsLJA8knL success
[2025-11-05T06:35:18.375633000Z DEBUG solana_runtime::message_processor::stable_log] Program TokenkegQfeZyiNwAJbNbGKPFXCWuBvf9Ss623VQ5DA invoke [1]
[2025-11-05T06:35:18.375678000Z DEBUG solana_runtime::message_processor::stable_log] Program log: Instruction: MintTo
[2025-11-05T06:35:18.375735000Z DEBUG solana_runtime::message_processor::stable_log] Program TokenkegQfeZyiNwAJbNbGKPFXCWuBvf9Ss623VQ5DA consumed 4491 of 200000 compute units
[2025-11-05T06:35:18.375744000Z DEBUG solana_runtime::message_processor::stable_log] Program TokenkegQfeZyiNwAJbNbGKPFXCWuBvf9Ss623VQ5DA success
[2025-11-05T06:35:18.387265000Z DEBUG solana_runtime::message_processor::stable_log] Program ASmKWt93JEMHxbdE6j7znD9y2FcdPboCzC3xtSTJvN7S invoke [1]
[2025-11-05T06:35:18.387341000Z DEBUG solana_runtime::message_processor::stable_log] Program log: Instruction: CreateConfig
[2025-11-05T06:35:18.387428000Z DEBUG solana_runtime::message_processor::stable_log] Program 11111111111111111111111111111111 invoke [2]
[2025-11-05T06:35:18.387436000Z DEBUG solana_runtime::message_processor::stable_log] Program 11111111111111111111111111111111 success
[2025-11-05T06:35:18.387533000Z DEBUG solana_runtime::message_processor::stable_log] Program ASmKWt93JEMHxbdE6j7znD9y2FcdPboCzC3xtSTJvN7S invoke [2]
[2025-11-05T06:35:18.387567000Z DEBUG solana_runtime::message_processor::stable_log] Program ASmKWt93JEMHxbdE6j7znD9y2FcdPboCzC3xtSTJvN7S consumed 2069 of 186095 compute units
[2025-11-05T06:35:18.387576000Z DEBUG solana_runtime::message_processor::stable_log] Program ASmKWt93JEMHxbdE6j7znD9y2FcdPboCzC3xtSTJvN7S success
[2025-11-05T06:35:18.387590000Z DEBUG solana_runtime::message_processor::stable_log] Program ASmKWt93JEMHxbdE6j7znD9y2FcdPboCzC3xtSTJvN7S consumed 16279 of 200000 compute units
[2025-11-05T06:35:18.387599000Z DEBUG solana_runtime::message_processor::stable_log] Program ASmKWt93JEMHxbdE6j7znD9y2FcdPboCzC3xtSTJvN7S success
[2025-11-05T06:35:18.411849000Z DEBUG solana_runtime::message_processor::stable_log] Program ASmKWt93JEMHxbdE6j7znD9y2FcdPboCzC3xtSTJvN7S invoke [1]
[2025-11-05T06:35:18.411976000Z DEBUG solana_runtime::message_processor::stable_log] Program log: Instruction: InitializePool
[2025-11-05T06:35:18.412110000Z DEBUG solana_runtime::message_processor::stable_log] Program 11111111111111111111111111111111 invoke [2]
[2025-11-05T06:35:18.412119000Z DEBUG solana_runtime::message_processor::stable_log] Program 11111111111111111111111111111111 success
[2025-11-05T06:35:18.412151000Z DEBUG solana_runtime::message_processor::stable_log] Program TokenzQdBNbLqP5VEhdkAS6EPFLC1PHnBqCXEpPxuEb invoke [2]
[2025-11-05T06:35:18.412177000Z DEBUG solana_runtime::message_processor::stable_log] Program log: MetadataPointerInstruction::Initialize
[2025-11-05T06:35:18.412211000Z DEBUG solana_runtime::message_processor::stable_log] Program TokenzQdBNbLqP5VEhdkAS6EPFLC1PHnBqCXEpPxuEb consumed 2442 of 334963 compute units
[2025-11-05T06:35:18.412220000Z DEBUG solana_runtime::message_processor::stable_log] Program TokenzQdBNbLqP5VEhdkAS6EPFLC1PHnBqCXEpPxuEb success
[2025-11-05T06:35:18.412249000Z DEBUG solana_runtime::message_processor::stable_log] Program TokenzQdBNbLqP5VEhdkAS6EPFLC1PHnBqCXEpPxuEb invoke [2]
[2025-11-05T06:35:18.412274000Z DEBUG solana_runtime::message_processor::stable_log] Program log: Instruction: InitializeMintCloseAuthority
[2025-11-05T06:35:18.412304000Z DEBUG solana_runtime::message_processor::stable_log] Program TokenzQdBNbLqP5VEhdkAS6EPFLC1PHnBqCXEpPxuEb consumed 2570 of 330543 compute units
[2025-11-05T06:35:18.412312000Z DEBUG solana_runtime::message_processor::stable_log] Program TokenzQdBNbLqP5VEhdkAS6EPFLC1PHnBqCXEpPxuEb success
[2025-11-05T06:35:18.412341000Z DEBUG solana_runtime::message_processor::stable_log] Program TokenzQdBNbLqP5VEhdkAS6EPFLC1PHnBqCXEpPxuEb invoke [2]
[2025-11-05T06:35:18.412363000Z DEBUG solana_runtime::message_processor::stable_log] Program log: Instruction: InitializeMint2
[2025-11-05T06:35:18.412421000Z DEBUG solana_runtime::message_processor::stable_log] Program TokenzQdBNbLqP5VEhdkAS6EPFLC1PHnBqCXEpPxuEb consumed 4078 of 326031 compute units
[2025-11-05T06:35:18.412430000Z DEBUG solana_runtime::message_processor::stable_log] Program TokenzQdBNbLqP5VEhdkAS6EPFLC1PHnBqCXEpPxuEb success
[2025-11-05T06:35:18.412553000Z DEBUG solana_runtime::message_processor::stable_log] Program 11111111111111111111111111111111 invoke [2]
[2025-11-05T06:35:18.412560000Z DEBUG solana_runtime::message_processor::stable_log] Program 11111111111111111111111111111111 success
[2025-11-05T06:35:18.412586000Z DEBUG solana_runtime::message_processor::stable_log] Program TokenzQdBNbLqP5VEhdkAS6EPFLC1PHnBqCXEpPxuEb invoke [2]
[2025-11-05T06:35:18.412612000Z DEBUG solana_runtime::message_processor::stable_log] Program log: Instruction: InitializeAccount3
[2025-11-05T06:35:18.412685000Z DEBUG solana_runtime::message_processor::stable_log] Program TokenzQdBNbLqP5VEhdkAS6EPFLC1PHnBqCXEpPxuEb consumed 5137 of 312347 compute units
[2025-11-05T06:35:18.412692000Z DEBUG solana_runtime::message_processor::stable_log] Program TokenzQdBNbLqP5VEhdkAS6EPFLC1PHnBqCXEpPxuEb success
[2025-11-05T06:35:18.412808000Z DEBUG solana_runtime::message_processor::stable_log] Program 11111111111111111111111111111111 invoke [2]
[2025-11-05T06:35:18.412812000Z DEBUG solana_runtime::message_processor::stable_log] Program 11111111111111111111111111111111 success
[2025-11-05T06:35:18.412876000Z DEBUG solana_runtime::message_processor::stable_log] Program 11111111111111111111111111111111 invoke [2]
[2025-11-05T06:35:18.412879000Z DEBUG solana_runtime::message_processor::stable_log] Program 11111111111111111111111111111111 success
[2025-11-05T06:35:18.412944000Z DEBUG solana_runtime::message_processor::stable_log] Program 11111111111111111111111111111111 invoke [2]
[2025-11-05T06:35:18.412947000Z DEBUG solana_runtime::message_processor::stable_log] Program 11111111111111111111111111111111 success
[2025-11-05T06:35:18.412973000Z DEBUG solana_runtime::message_processor::stable_log] Program TokenkegQfeZyiNwAJbNbGKPFXCWuBvf9Ss623VQ5DA invoke [2]
[2025-11-05T06:35:18.413000000Z DEBUG solana_runtime::message_processor::stable_log] Program log: Instruction: InitializeAccount3
[2025-11-05T06:35:18.413056000Z DEBUG solana_runtime::message_processor::stable_log] Program TokenkegQfeZyiNwAJbNbGKPFXCWuBvf9Ss623VQ5DA consumed 4214 of 282744 compute units
[2025-11-05T06:35:18.413064000Z DEBUG solana_runtime::message_processor::stable_log] Program TokenkegQfeZyiNwAJbNbGKPFXCWuBvf9Ss623VQ5DA success
[2025-11-05T06:35:18.413156000Z DEBUG solana_runtime::message_processor::stable_log] Program 11111111111111111111111111111111 invoke [2]
[2025-11-05T06:35:18.413169000Z DEBUG solana_runtime::message_processor::stable_log] Program 11111111111111111111111111111111 success
[2025-11-05T06:35:18.413201000Z DEBUG solana_runtime::message_processor::stable_log] Program TokenkegQfeZyiNwAJbNbGKPFXCWuBvf9Ss623VQ5DA invoke [2]
[2025-11-05T06:35:18.413226000Z DEBUG solana_runtime::message_processor::stable_log] Program log: Instruction: InitializeAccount3
[2025-11-05T06:35:18.413277000Z DEBUG solana_runtime::message_processor::stable_log] Program TokenkegQfeZyiNwAJbNbGKPFXCWuBvf9Ss623VQ5DA consumed 4214 of 269605 compute units
[2025-11-05T06:35:18.413284000Z DEBUG solana_runtime::message_processor::stable_log] Program TokenkegQfeZyiNwAJbNbGKPFXCWuBvf9Ss623VQ5DA success
[2025-11-05T06:35:18.413492000Z DEBUG solana_runtime::message_processor::stable_log] Program TokenzQdBNbLqP5VEhdkAS6EPFLC1PHnBqCXEpPxuEb invoke [2]
[2025-11-05T06:35:18.413552000Z DEBUG solana_runtime::message_processor::stable_log] Program log: TokenMetadataInstruction: Initialize
[2025-11-05T06:35:18.413673000Z DEBUG solana_runtime::message_processor::stable_log] Program TokenzQdBNbLqP5VEhdkAS6EPFLC1PHnBqCXEpPxuEb consumed 9900 of 253103 compute units
[2025-11-05T06:35:18.413684000Z DEBUG solana_runtime::message_processor::stable_log] Program TokenzQdBNbLqP5VEhdkAS6EPFLC1PHnBqCXEpPxuEb success
[2025-11-05T06:35:18.413724000Z DEBUG solana_runtime::message_processor::stable_log] Program 11111111111111111111111111111111 invoke [2]
[2025-11-05T06:35:18.413727000Z DEBUG solana_runtime::message_processor::stable_log] Program 11111111111111111111111111111111 success
[2025-11-05T06:35:18.413765000Z DEBUG solana_runtime::message_processor::stable_log] Program TokenzQdBNbLqP5VEhdkAS6EPFLC1PHnBqCXEpPxuEb invoke [2]
[2025-11-05T06:35:18.413797000Z DEBUG solana_runtime::message_processor::stable_log] Program log: Instruction: MintTo
[2025-11-05T06:35:18.413872000Z DEBUG solana_runtime::message_processor::stable_log] Program TokenzQdBNbLqP5VEhdkAS6EPFLC1PHnBqCXEpPxuEb consumed 5540 of 238141 compute units
[2025-11-05T06:35:18.413880000Z DEBUG solana_runtime::message_processor::stable_log] Program TokenzQdBNbLqP5VEhdkAS6EPFLC1PHnBqCXEpPxuEb success
[2025-11-05T06:35:18.413932000Z DEBUG solana_runtime::message_processor::stable_log] Program ASmKWt93JEMHxbdE6j7znD9y2FcdPboCzC3xtSTJvN7S invoke [2]
[2025-11-05T06:35:18.413962000Z DEBUG solana_runtime::message_processor::stable_log] Program ASmKWt93JEMHxbdE6j7znD9y2FcdPboCzC3xtSTJvN7S consumed 2069 of 229536 compute units
[2025-11-05T06:35:18.413969000Z DEBUG solana_runtime::message_processor::stable_log] Program ASmKWt93JEMHxbdE6j7znD9y2FcdPboCzC3xtSTJvN7S success
[2025-11-05T06:35:18.414013000Z DEBUG solana_runtime::message_processor::stable_log] Program TokenkegQfeZyiNwAJbNbGKPFXCWuBvf9Ss623VQ5DA invoke [2]
[2025-11-05T06:35:18.414045000Z DEBUG solana_runtime::message_processor::stable_log] Program log: Instruction: TransferChecked
[2025-11-05T06:35:18.414117000Z DEBUG solana_runtime::message_processor::stable_log] Program TokenkegQfeZyiNwAJbNbGKPFXCWuBvf9Ss623VQ5DA consumed 6174 of 224923 compute units
[2025-11-05T06:35:18.414125000Z DEBUG solana_runtime::message_processor::stable_log] Program TokenkegQfeZyiNwAJbNbGKPFXCWuBvf9Ss623VQ5DA success
[2025-11-05T06:35:18.414163000Z DEBUG solana_runtime::message_processor::stable_log] Program TokenkegQfeZyiNwAJbNbGKPFXCWuBvf9Ss623VQ5DA invoke [2]
[2025-11-05T06:35:18.414192000Z DEBUG solana_runtime::message_processor::stable_log] Program log: Instruction: TransferChecked
[2025-11-05T06:35:18.414258000Z DEBUG solana_runtime::message_processor::stable_log] Program TokenkegQfeZyiNwAJbNbGKPFXCWuBvf9Ss623VQ5DA consumed 6174 of 216339 compute units
[2025-11-05T06:35:18.414267000Z DEBUG solana_runtime::message_processor::stable_log] Program TokenkegQfeZyiNwAJbNbGKPFXCWuBvf9Ss623VQ5DA success
[2025-11-05T06:35:18.414341000Z DEBUG solana_runtime::message_processor::stable_log] Program ASmKWt93JEMHxbdE6j7znD9y2FcdPboCzC3xtSTJvN7S invoke [2]
[2025-11-05T06:35:18.414375000Z DEBUG solana_runtime::message_processor::stable_log] Program ASmKWt93JEMHxbdE6j7znD9y2FcdPboCzC3xtSTJvN7S consumed 2069 of 205084 compute units
[2025-11-05T06:35:18.414383000Z DEBUG solana_runtime::message_processor::stable_log] Program ASmKWt93JEMHxbdE6j7znD9y2FcdPboCzC3xtSTJvN7S success
[2025-11-05T06:35:18.414409000Z DEBUG solana_runtime::message_processor::stable_log] Program ASmKWt93JEMHxbdE6j7znD9y2FcdPboCzC3xtSTJvN7S consumed 147779 of 350000 compute units
[2025-11-05T06:35:18.414421000Z DEBUG solana_runtime::message_processor::stable_log] Program ASmKWt93JEMHxbdE6j7znD9y2FcdPboCzC3xtSTJvN7S success
[2025-11-05T06:35:18.414434000Z DEBUG solana_runtime::message_processor::stable_log] Program ComputeBudget111111111111111111111111111111 invoke [1]
[2025-11-05T06:35:18.414443000Z DEBUG solana_runtime::message_processor::stable_log] Program ComputeBudget111111111111111111111111111111 success
[2025-11-05T06:35:18.433576000Z DEBUG solana_runtime::message_processor::stable_log] Program 5B57SJ3g2YoNXUpsZqqjEQkRSxyKtVTQRXdgAirz6bio invoke [1]
[2025-11-05T06:35:18.433721000Z DEBUG solana_runtime::message_processor::stable_log] Program log: Instruction: InitializeHonoraryPosition
[2025-11-05T06:35:18.433872000Z DEBUG solana_runtime::message_processor::stable_log] Program 11111111111111111111111111111111 invoke [2]
[2025-11-05T06:35:18.433881000Z DEBUG solana_runtime::message_processor::stable_log] Program 11111111111111111111111111111111 success
[2025-11-05T06:35:18.433975000Z DEBUG solana_runtime::message_processor::stable_log] Program 11111111111111111111111111111111 invoke [2]
[2025-11-05T06:35:18.433978000Z DEBUG solana_runtime::message_processor::stable_log] Program 11111111111111111111111111111111 success
[2025-11-05T06:35:18.434007000Z DEBUG solana_runtime::message_processor::stable_log] Program TokenkegQfeZyiNwAJbNbGKPFXCWuBvf9Ss623VQ5DA invoke [2]
[2025-11-05T06:35:18.434041000Z DEBUG solana_runtime::message_processor::stable_log] Program log: Instruction: InitializeAccount3
[2025-11-05T06:35:18.434102000Z DEBUG solana_runtime::message_processor::stable_log] Program TokenkegQfeZyiNwAJbNbGKPFXCWuBvf9Ss623VQ5DA consumed 4214 of 175612 compute units
[2025-11-05T06:35:18.434111000Z DEBUG solana_runtime::message_processor::stable_log] Program TokenkegQfeZyiNwAJbNbGKPFXCWuBvf9Ss623VQ5DA success
[2025-11-05T06:35:18.434209000Z DEBUG solana_runtime::message_processor::stable_log] Program 11111111111111111111111111111111 invoke [2]
[2025-11-05T06:35:18.434213000Z DEBUG solana_runtime::message_processor::stable_log] Program 11111111111111111111111111111111 success
[2025-11-05T06:35:18.434240000Z DEBUG solana_runtime::message_processor::stable_log] Program TokenkegQfeZyiNwAJbNbGKPFXCWuBvf9Ss623VQ5DA invoke [2]
[2025-11-05T06:35:18.434266000Z DEBUG solana_runtime::message_processor::stable_log] Program log: Instruction: InitializeAccount3
[2025-11-05T06:35:18.434321000Z DEBUG solana_runtime::message_processor::stable_log] Program TokenkegQfeZyiNwAJbNbGKPFXCWuBvf9Ss623VQ5DA consumed 4214 of 160976 compute units
[2025-11-05T06:35:18.434334000Z DEBUG solana_runtime::message_processor::stable_log] Program TokenkegQfeZyiNwAJbNbGKPFXCWuBvf9Ss623VQ5DA success
[2025-11-05T06:35:18.434386000Z DEBUG solana_runtime::message_processor::stable_log] Program log: Creating honorary position through CP-AMM CPI
[2025-11-05T06:35:18.434460000Z DEBUG solana_runtime::message_processor::stable_log] Program ASmKWt93JEMHxbdE6j7znD9y2FcdPboCzC3xtSTJvN7S invoke [2]
[2025-11-05T06:35:18.434523000Z DEBUG solana_runtime::message_processor::stable_log] Program log: Instruction: CreatePosition
[2025-11-05T06:35:18.434598000Z DEBUG solana_runtime::message_processor::stable_log] Program 11111111111111111111111111111111 invoke [3]
[2025-11-05T06:35:18.434604000Z DEBUG solana_runtime::message_processor::stable_log] Program 11111111111111111111111111111111 success
[2025-11-05T06:35:18.434639000Z DEBUG solana_runtime::message_processor::stable_log] Program TokenzQdBNbLqP5VEhdkAS6EPFLC1PHnBqCXEpPxuEb invoke [3]
[2025-11-05T06:35:18.434670000Z DEBUG solana_runtime::message_processor::stable_log] Program log: MetadataPointerInstruction::Initialize
[2025-11-05T06:35:18.434708000Z DEBUG solana_runtime::message_processor::stable_log] Program TokenzQdBNbLqP5VEhdkAS6EPFLC1PHnBqCXEpPxuEb consumed 2442 of 135670 compute units
[2025-11-05T06:35:18.434716000Z DEBUG solana_runtime::message_processor::stable_log] Program TokenzQdBNbLqP5VEhdkAS6EPFLC1PHnBqCXEpPxuEb success
[2025-11-05T06:35:18.434743000Z DEBUG solana_runtime::message_processor::stable_log] Program TokenzQdBNbLqP5VEhdkAS6EPFLC1PHnBqCXEpPxuEb invoke [3]
[2025-11-05T06:35:18.434763000Z DEBUG solana_runtime::message_processor::stable_log] Program log: Instruction: InitializeMintCloseAuthority
[2025-11-05T06:35:18.434795000Z DEBUG solana_runtime::message_processor::stable_log] Program TokenzQdBNbLqP5VEhdkAS6EPFLC1PHnBqCXEpPxuEb consumed 2570 of 131250 compute units
[2025-11-05T06:35:18.434802000Z DEBUG solana_runtime::message_processor::stable_log] Program TokenzQdBNbLqP5VEhdkAS6EPFLC1PHnBqCXEpPxuEb success
[2025-11-05T06:35:18.434830000Z DEBUG solana_runtime::message_processor::stable_log] Program TokenzQdBNbLqP5VEhdkAS6EPFLC1PHnBqCXEpPxuEb invoke [3]
[2025-11-05T06:35:18.434855000Z DEBUG solana_runtime::message_processor::stable_log] Program log: Instruction: InitializeMint2
[2025-11-05T06:35:18.434915000Z DEBUG solana_runtime::message_processor::stable_log] Program TokenzQdBNbLqP5VEhdkAS6EPFLC1PHnBqCXEpPxuEb consumed 4078 of 126737 compute units
[2025-11-05T06:35:18.434923000Z DEBUG solana_runtime::message_processor::stable_log] Program TokenzQdBNbLqP5VEhdkAS6EPFLC1PHnBqCXEpPxuEb success
[2025-11-05T06:35:18.435036000Z DEBUG solana_runtime::message_processor::stable_log] Program 11111111111111111111111111111111 invoke [3]
[2025-11-05T06:35:18.435040000Z DEBUG solana_runtime::message_processor::stable_log] Program 11111111111111111111111111111111 success
[2025-11-05T06:35:18.435066000Z DEBUG solana_runtime::message_processor::stable_log] Program TokenzQdBNbLqP5VEhdkAS6EPFLC1PHnBqCXEpPxuEb invoke [3]
[2025-11-05T06:35:18.435089000Z DEBUG solana_runtime::message_processor::stable_log] Program log: Instruction: InitializeAccount3
[2025-11-05T06:35:18.435160000Z DEBUG solana_runtime::message_processor::stable_log] Program TokenzQdBNbLqP5VEhdkAS6EPFLC1PHnBqCXEpPxuEb consumed 5137 of 113053 compute units
[2025-11-05T06:35:18.435168000Z DEBUG solana_runtime::message_processor::stable_log] Program TokenzQdBNbLqP5VEhdkAS6EPFLC1PHnBqCXEpPxuEb success
[2025-11-05T06:35:18.435257000Z DEBUG solana_runtime::message_processor::stable_log] Program 11111111111111111111111111111111 invoke [3]
[2025-11-05T06:35:18.435260000Z DEBUG solana_runtime::message_processor::stable_log] Program 11111111111111111111111111111111 success
[2025-11-05T06:35:18.435358000Z DEBUG solana_runtime::message_processor::stable_log] Program TokenzQdBNbLqP5VEhdkAS6EPFLC1PHnBqCXEpPxuEb invoke [3]
[2025-11-05T06:35:18.435405000Z DEBUG solana_runtime::message_processor::stable_log] Program log: TokenMetadataInstruction: Initialize
[2025-11-05T06:35:18.435527000Z DEBUG solana_runtime::message_processor::stable_log] Program TokenzQdBNbLqP5VEhdkAS6EPFLC1PHnBqCXEpPxuEb consumed 9900 of 94823 compute units
[2025-11-05T06:35:18.435536000Z DEBUG solana_runtime::message_processor::stable_log] Program TokenzQdBNbLqP5VEhdkAS6EPFLC1PHnBqCXEpPxuEb success
[2025-11-05T06:35:18.435575000Z DEBUG solana_runtime::message_processor::stable_log] Program 11111111111111111111111111111111 invoke [3]
[2025-11-05T06:35:18.435578000Z DEBUG solana_runtime::message_processor::stable_log] Program 11111111111111111111111111111111 success
[2025-11-05T06:35:18.435615000Z DEBUG solana_runtime::message_processor::stable_log] Program TokenzQdBNbLqP5VEhdkAS6EPFLC1PHnBqCXEpPxuEb invoke [3]
[2025-11-05T06:35:18.435641000Z DEBUG solana_runtime::message_processor::stable_log] Program log: Instruction: MintTo
[2025-11-05T06:35:18.435710000Z DEBUG solana_runtime::message_processor::stable_log] Program TokenzQdBNbLqP5VEhdkAS6EPFLC1PHnBqCXEpPxuEb consumed 5540 of 79861 compute units
[2025-11-05T06:35:18.435718000Z DEBUG solana_runtime::message_processor::stable_log] Program TokenzQdBNbLqP5VEhdkAS6EPFLC1PHnBqCXEpPxuEb success
[2025-11-05T06:35:18.435774000Z DEBUG solana_runtime::message_processor::stable_log] Program ASmKWt93JEMHxbdE6j7znD9y2FcdPboCzC3xtSTJvN7S invoke [3]
[2025-11-05T06:35:18.435809000Z DEBUG solana_runtime::message_processor::stable_log] Program ASmKWt93JEMHxbdE6j7znD9y2FcdPboCzC3xtSTJvN7S consumed 2069 of 71255 compute units
[2025-11-05T06:35:18.435820000Z DEBUG solana_runtime::message_processor::stable_log] Program ASmKWt93JEMHxbdE6j7znD9y2FcdPboCzC3xtSTJvN7S success
[2025-11-05T06:35:18.435851000Z DEBUG solana_runtime::message_processor::stable_log] Program ASmKWt93JEMHxbdE6j7znD9y2FcdPboCzC3xtSTJvN7S consumed 76100 of 144714 compute units
[2025-11-05T06:35:18.435869000Z DEBUG solana_runtime::message_processor::stable_log] Program ASmKWt93JEMHxbdE6j7znD9y2FcdPboCzC3xtSTJvN7S success
[2025-11-05T06:35:18.435894000Z DEBUG solana_runtime::message_processor::stable_log] Program data: B9TwvmYpSymJTOY3ob785+Ngsp53cMGyT0k5Z+47y9QJ4/qCEG1LlAOUQvKcRIEEEq9pZ6amBqtzYT+1CYI5mwq8PXWrr0+Da3jwlvYnHCC5q8diuheikNbmOHbx/3j1IFknSr3RThmKwToAm6lsNiBALKCcfLd5v/gux6xuZnbs0NR4lc4tXry2TeFpDNhWtvJz3nf0VyavyYSAVRcUcu9QlhCJ1E2IJvAKaQAAAAA=
[2025-11-05T06:35:18.435913000Z DEBUG solana_runtime::message_processor::stable_log] Program 5B57SJ3g2YoNXUpsZqqjEQkRSxyKtVTQRXdgAirz6bio consumed 133480 of 200000 compute units
[2025-11-05T06:35:18.435923000Z DEBUG solana_runtime::message_processor::stable_log] Program 5B57SJ3g2YoNXUpsZqqjEQkRSxyKtVTQRXdgAirz6bio success
[2025-11-05T06:35:18.441653000Z DEBUG solana_runtime::message_processor::stable_log] Program 5B57SJ3g2YoNXUpsZqqjEQkRSxyKtVTQRXdgAirz6bio invoke [1]
[2025-11-05T06:35:18.441720000Z DEBUG solana_runtime::message_processor::stable_log] Program log: Instruction: SetupPolicy
[2025-11-05T06:35:18.441840000Z DEBUG solana_runtime::message_processor::stable_log] Program 11111111111111111111111111111111 invoke [2]
[2025-11-05T06:35:18.441852000Z DEBUG solana_runtime::message_processor::stable_log] Program 11111111111111111111111111111111 success
[2025-11-05T06:35:18.441931000Z DEBUG solana_runtime::message_processor::stable_log] Program 11111111111111111111111111111111 invoke [2]
[2025-11-05T06:35:18.441935000Z DEBUG solana_runtime::message_processor::stable_log] Program 11111111111111111111111111111111 success
[2025-11-05T06:35:18.441976000Z DEBUG solana_runtime::message_processor::stable_log] Program data: HFXHbHKxoyaJTOY3ob785+Ngsp53cMGyT0k5Z+47y9QJ4/qCEG1LlBDoTiTb5D1Rmsp2tfRScqjZGzdG8kBAd3t/ruoXEc7CiBPA4eQAAAAAACbwCmkAAAAA
[2025-11-05T06:35:18.442002000Z DEBUG solana_runtime::message_processor::stable_log] Program 5B57SJ3g2YoNXUpsZqqjEQkRSxyKtVTQRXdgAirz6bio consumed 16526 of 200000 compute units
[2025-11-05T06:35:18.442016000Z DEBUG solana_runtime::message_processor::stable_log] Program 5B57SJ3g2YoNXUpsZqqjEQkRSxyKtVTQRXdgAirz6bio success
[2025-11-05T06:35:18.459790000Z DEBUG solana_runtime::message_processor::stable_log] Program 5B57SJ3g2YoNXUpsZqqjEQkRSxyKtVTQRXdgAirz6bio invoke [1]
[2025-11-05T06:35:18.459904000Z DEBUG solana_runtime::message_processor::stable_log] Program log: Instruction: AddHonoraryLiquidity
[2025-11-05T06:35:18.460189000Z DEBUG solana_runtime::message_processor::stable_log] Program log: Adding liquidity to honorary position
[2025-11-05T06:35:18.460238000Z DEBUG solana_runtime::message_processor::stable_log] Program TokenkegQfeZyiNwAJbNbGKPFXCWuBvf9Ss623VQ5DA invoke [2]
[2025-11-05T06:35:18.460338000Z DEBUG solana_runtime::message_processor::stable_log] Program log: Instruction: TransferChecked
[2025-11-05T06:35:18.460424000Z DEBUG solana_runtime::message_processor::stable_log] Program TokenkegQfeZyiNwAJbNbGKPFXCWuBvf9Ss623VQ5DA consumed 6174 of 168243 compute units
[2025-11-05T06:35:18.460436000Z DEBUG solana_runtime::message_processor::stable_log] Program TokenkegQfeZyiNwAJbNbGKPFXCWuBvf9Ss623VQ5DA success
[2025-11-05T06:35:18.460484000Z DEBUG solana_runtime::message_processor::stable_log] Program TokenkegQfeZyiNwAJbNbGKPFXCWuBvf9Ss623VQ5DA invoke [2]
[2025-11-05T06:35:18.460514000Z DEBUG solana_runtime::message_processor::stable_log] Program log: Instruction: TransferChecked
[2025-11-05T06:35:18.460586000Z DEBUG solana_runtime::message_processor::stable_log] Program TokenkegQfeZyiNwAJbNbGKPFXCWuBvf9Ss623VQ5DA consumed 6174 of 159336 compute units
[2025-11-05T06:35:18.460595000Z DEBUG solana_runtime::message_processor::stable_log] Program TokenkegQfeZyiNwAJbNbGKPFXCWuBvf9Ss623VQ5DA success
[2025-11-05T06:35:18.460697000Z DEBUG solana_runtime::message_processor::stable_log] Program ASmKWt93JEMHxbdE6j7znD9y2FcdPboCzC3xtSTJvN7S invoke [2]
[2025-11-05T06:35:18.460784000Z DEBUG solana_runtime::message_processor::stable_log] Program log: Instruction: AddLiquidity
[2025-11-05T06:35:18.461084000Z DEBUG solana_runtime::message_processor::stable_log] Program TokenkegQfeZyiNwAJbNbGKPFXCWuBvf9Ss623VQ5DA invoke [3]
[2025-11-05T06:35:18.461120000Z DEBUG solana_runtime::message_processor::stable_log] Program log: Instruction: TransferChecked
[2025-11-05T06:35:18.461191000Z DEBUG solana_runtime::message_processor::stable_log] Program TokenkegQfeZyiNwAJbNbGKPFXCWuBvf9Ss623VQ5DA consumed 6174 of 120756 compute units
[2025-11-05T06:35:18.461200000Z DEBUG solana_runtime::message_processor::stable_log] Program TokenkegQfeZyiNwAJbNbGKPFXCWuBvf9Ss623VQ5DA success
[2025-11-05T06:35:18.461240000Z DEBUG solana_runtime::message_processor::stable_log] Program TokenkegQfeZyiNwAJbNbGKPFXCWuBvf9Ss623VQ5DA invoke [3]
[2025-11-05T06:35:18.461269000Z DEBUG solana_runtime::message_processor::stable_log] Program log: Instruction: TransferChecked
[2025-11-05T06:35:18.461336000Z DEBUG solana_runtime::message_processor::stable_log] Program TokenkegQfeZyiNwAJbNbGKPFXCWuBvf9Ss623VQ5DA consumed 6174 of 112172 compute units
[2025-11-05T06:35:18.461344000Z DEBUG solana_runtime::message_processor::stable_log] Program TokenkegQfeZyiNwAJbNbGKPFXCWuBvf9Ss623VQ5DA success
[2025-11-05T06:35:18.461394000Z DEBUG solana_runtime::message_processor::stable_log] Program ASmKWt93JEMHxbdE6j7znD9y2FcdPboCzC3xtSTJvN7S invoke [3]
[2025-11-05T06:35:18.461425000Z DEBUG solana_runtime::message_processor::stable_log] Program ASmKWt93JEMHxbdE6j7znD9y2FcdPboCzC3xtSTJvN7S consumed 2069 of 102744 compute units
[2025-11-05T06:35:18.461433000Z DEBUG solana_runtime::message_processor::stable_log] Program ASmKWt93JEMHxbdE6j7znD9y2FcdPboCzC3xtSTJvN7S success
[2025-11-05T06:35:18.461533000Z DEBUG solana_runtime::message_processor::stable_log] Program ASmKWt93JEMHxbdE6j7znD9y2FcdPboCzC3xtSTJvN7S invoke [3]
[2025-11-05T06:35:18.461565000Z DEBUG solana_runtime::message_processor::stable_log] Program ASmKWt93JEMHxbdE6j7znD9y2FcdPboCzC3xtSTJvN7S consumed 2069 of 94241 compute units
[2025-11-05T06:35:18.461573000Z DEBUG solana_runtime::message_processor::stable_log] Program ASmKWt93JEMHxbdE6j7znD9y2FcdPboCzC3xtSTJvN7S success
[2025-11-05T06:35:18.461595000Z DEBUG solana_runtime::message_processor::stable_log] Program ASmKWt93JEMHxbdE6j7znD9y2FcdPboCzC3xtSTJvN7S consumed 50736 of 142267 compute units
[2025-11-05T06:35:18.461604000Z DEBUG solana_runtime::message_processor::stable_log] Program ASmKWt93JEMHxbdE6j7znD9y2FcdPboCzC3xtSTJvN7S success
[2025-11-05T06:35:18.461633000Z DEBUG solana_runtime::message_processor::stable_log] Program log: Successfully added 1844674407370955161600 liquidity to honorary position
[2025-11-05T06:35:18.461646000Z DEBUG solana_runtime::message_processor::stable_log] Program 5B57SJ3g2YoNXUpsZqqjEQkRSxyKtVTQRXdgAirz6bio consumed 110147 of 200000 compute units
[2025-11-05T06:35:18.461656000Z DEBUG solana_runtime::message_processor::stable_log] Program 5B57SJ3g2YoNXUpsZqqjEQkRSxyKtVTQRXdgAirz6bio success
[2025-11-05T06:35:18.469876000Z DEBUG solana_runtime::message_processor::stable_log] Program 11111111111111111111111111111111 invoke [1]
[2025-11-05T06:35:18.469892000Z DEBUG solana_runtime::message_processor::stable_log] Program 11111111111111111111111111111111 success
  Stream 0: 50% locked, expected locked amount: 1500000, amount_per_period: 8333
[2025-11-05T06:35:18.474871000Z DEBUG solana_runtime::message_processor::stable_log] Program ATokenGPvbdGVxr1b2hvZbsiqW5xWH25efTNsLJA8knL invoke [1]
[2025-11-05T06:35:18.474945000Z DEBUG solana_runtime::message_processor::stable_log] Program log: Create
[2025-11-05T06:35:18.475021000Z DEBUG solana_runtime::message_processor::stable_log] Program TokenkegQfeZyiNwAJbNbGKPFXCWuBvf9Ss623VQ5DA invoke [2]
[2025-11-05T06:35:18.475054000Z DEBUG solana_runtime::message_processor::stable_log] Program log: Instruction: GetAccountDataSize
[2025-11-05T06:35:18.475072000Z DEBUG solana_runtime::message_processor::stable_log] Program TokenkegQfeZyiNwAJbNbGKPFXCWuBvf9Ss623VQ5DA consumed 1595 of 188555 compute units
[2025-11-05T06:35:18.475079000Z DEBUG solana_runtime::message_processor::stable_log] Program return: TokenkegQfeZyiNwAJbNbGKPFXCWuBvf9Ss623VQ5DA pQAAAAAAAAA=
[2025-11-05T06:35:18.475088000Z DEBUG solana_runtime::message_processor::stable_log] Program TokenkegQfeZyiNwAJbNbGKPFXCWuBvf9Ss623VQ5DA success
[2025-11-05T06:35:18.475142000Z DEBUG solana_runtime::message_processor::stable_log] Program 11111111111111111111111111111111 invoke [2]
[2025-11-05T06:35:18.475148000Z DEBUG solana_runtime::message_processor::stable_log] Program 11111111111111111111111111111111 success
[2025-11-05T06:35:18.475153000Z DEBUG solana_runtime::message_processor::stable_log] Program log: Initialize the associated token account
[2025-11-05T06:35:18.475171000Z DEBUG solana_runtime::message_processor::stable_log] Program TokenkegQfeZyiNwAJbNbGKPFXCWuBvf9Ss623VQ5DA invoke [2]
[2025-11-05T06:35:18.475191000Z DEBUG solana_runtime::message_processor::stable_log] Program log: Instruction: InitializeImmutableOwner
[2025-11-05T06:35:18.475203000Z DEBUG solana_runtime::message_processor::stable_log] Program log: Please upgrade to SPL Token 2022 for immutable owner support
[2025-11-05T06:35:18.475207000Z DEBUG solana_runtime::message_processor::stable_log] Program TokenkegQfeZyiNwAJbNbGKPFXCWuBvf9Ss623VQ5DA consumed 1405 of 181942 compute units
[2025-11-05T06:35:18.475215000Z DEBUG solana_runtime::message_processor::stable_log] Program TokenkegQfeZyiNwAJbNbGKPFXCWuBvf9Ss623VQ5DA success
[2025-11-05T06:35:18.475248000Z DEBUG solana_runtime::message_processor::stable_log] Program TokenkegQfeZyiNwAJbNbGKPFXCWuBvf9Ss623VQ5DA invoke [2]
[2025-11-05T06:35:18.475274000Z DEBUG solana_runtime::message_processor::stable_log] Program log: Instruction: InitializeAccount3
[2025-11-05T06:35:18.475330000Z DEBUG solana_runtime::message_processor::stable_log] Program TokenkegQfeZyiNwAJbNbGKPFXCWuBvf9Ss623VQ5DA consumed 4214 of 178058 compute units
[2025-11-05T06:35:18.475339000Z DEBUG solana_runtime::message_processor::stable_log] Program TokenkegQfeZyiNwAJbNbGKPFXCWuBvf9Ss623VQ5DA success
[2025-11-05T06:35:18.475351000Z DEBUG solana_runtime::message_processor::stable_log] Program ATokenGPvbdGVxr1b2hvZbsiqW5xWH25efTNsLJA8knL consumed 26460 of 200000 compute units
[2025-11-05T06:35:18.475360000Z DEBUG solana_runtime::message_processor::stable_log] Program ATokenGPvbdGVxr1b2hvZbsiqW5xWH25efTNsLJA8knL success
[2025-11-05T06:35:18.484280000Z DEBUG solana_runtime::message_processor::stable_log] Program 11111111111111111111111111111111 invoke [1]
[2025-11-05T06:35:18.484294000Z DEBUG solana_runtime::message_processor::stable_log] Program 11111111111111111111111111111111 success
  Stream 1: 50% locked, expected locked amount: 1500000, amount_per_period: 8333
[2025-11-05T06:35:18.488638000Z DEBUG solana_runtime::message_processor::stable_log] Program ATokenGPvbdGVxr1b2hvZbsiqW5xWH25efTNsLJA8knL invoke [1]
[2025-11-05T06:35:18.488708000Z DEBUG solana_runtime::message_processor::stable_log] Program log: Create
[2025-11-05T06:35:18.488753000Z DEBUG solana_runtime::message_processor::stable_log] Program TokenkegQfeZyiNwAJbNbGKPFXCWuBvf9Ss623VQ5DA invoke [2]
[2025-11-05T06:35:18.488778000Z DEBUG solana_runtime::message_processor::stable_log] Program log: Instruction: GetAccountDataSize
[2025-11-05T06:35:18.488795000Z DEBUG solana_runtime::message_processor::stable_log] Program TokenkegQfeZyiNwAJbNbGKPFXCWuBvf9Ss623VQ5DA consumed 1595 of 194555 compute units
[2025-11-05T06:35:18.488801000Z DEBUG solana_runtime::message_processor::stable_log] Program return: TokenkegQfeZyiNwAJbNbGKPFXCWuBvf9Ss623VQ5DA pQAAAAAAAAA=
[2025-11-05T06:35:18.488810000Z DEBUG solana_runtime::message_processor::stable_log] Program TokenkegQfeZyiNwAJbNbGKPFXCWuBvf9Ss623VQ5DA success
[2025-11-05T06:35:18.488860000Z DEBUG solana_runtime::message_processor::stable_log] Program 11111111111111111111111111111111 invoke [2]
[2025-11-05T06:35:18.488865000Z DEBUG solana_runtime::message_processor::stable_log] Program 11111111111111111111111111111111 success
[2025-11-05T06:35:18.488870000Z DEBUG solana_runtime::message_processor::stable_log] Program log: Initialize the associated token account
[2025-11-05T06:35:18.488886000Z DEBUG solana_runtime::message_processor::stable_log] Program TokenkegQfeZyiNwAJbNbGKPFXCWuBvf9Ss623VQ5DA invoke [2]
[2025-11-05T06:35:18.488905000Z DEBUG solana_runtime::message_processor::stable_log] Program log: Instruction: InitializeImmutableOwner
[2025-11-05T06:35:18.488916000Z DEBUG solana_runtime::message_processor::stable_log] Program log: Please upgrade to SPL Token 2022 for immutable owner support
[2025-11-05T06:35:18.488919000Z DEBUG solana_runtime::message_processor::stable_log] Program TokenkegQfeZyiNwAJbNbGKPFXCWuBvf9Ss623VQ5DA consumed 1405 of 187942 compute units
[2025-11-05T06:35:18.488926000Z DEBUG solana_runtime::message_processor::stable_log] Program TokenkegQfeZyiNwAJbNbGKPFXCWuBvf9Ss623VQ5DA success
[2025-11-05T06:35:18.488958000Z DEBUG solana_runtime::message_processor::stable_log] Program TokenkegQfeZyiNwAJbNbGKPFXCWuBvf9Ss623VQ5DA invoke [2]
[2025-11-05T06:35:18.488983000Z DEBUG solana_runtime::message_processor::stable_log] Program log: Instruction: InitializeAccount3
[2025-11-05T06:35:18.489034000Z DEBUG solana_runtime::message_processor::stable_log] Program TokenkegQfeZyiNwAJbNbGKPFXCWuBvf9Ss623VQ5DA consumed 4214 of 184058 compute units
[2025-11-05T06:35:18.489041000Z DEBUG solana_runtime::message_processor::stable_log] Program TokenkegQfeZyiNwAJbNbGKPFXCWuBvf9Ss623VQ5DA success
[2025-11-05T06:35:18.489052000Z DEBUG solana_runtime::message_processor::stable_log] Program ATokenGPvbdGVxr1b2hvZbsiqW5xWH25efTNsLJA8knL consumed 20460 of 200000 compute units
[2025-11-05T06:35:18.489061000Z DEBUG solana_runtime::message_processor::stable_log] Program ATokenGPvbdGVxr1b2hvZbsiqW5xWH25efTNsLJA8knL success
[2025-11-05T06:35:18.496970000Z DEBUG solana_runtime::message_processor::stable_log] Program 11111111111111111111111111111111 invoke [1]
[2025-11-05T06:35:18.496981000Z DEBUG solana_runtime::message_processor::stable_log] Program 11111111111111111111111111111111 success
  Stream 2: 50% locked, expected locked amount: 1500000, amount_per_period: 8333
[2025-11-05T06:35:18.501155000Z DEBUG solana_runtime::message_processor::stable_log] Program ATokenGPvbdGVxr1b2hvZbsiqW5xWH25efTNsLJA8knL invoke [1]
[2025-11-05T06:35:18.501228000Z DEBUG solana_runtime::message_processor::stable_log] Program log: Create
[2025-11-05T06:35:18.501283000Z DEBUG solana_runtime::message_processor::stable_log] Program TokenkegQfeZyiNwAJbNbGKPFXCWuBvf9Ss623VQ5DA invoke [2]
[2025-11-05T06:35:18.501313000Z DEBUG solana_runtime::message_processor::stable_log] Program log: Instruction: GetAccountDataSize
[2025-11-05T06:35:18.501329000Z DEBUG solana_runtime::message_processor::stable_log] Program TokenkegQfeZyiNwAJbNbGKPFXCWuBvf9Ss623VQ5DA consumed 1595 of 193055 compute units
[2025-11-05T06:35:18.501337000Z DEBUG solana_runtime::message_processor::stable_log] Program return: TokenkegQfeZyiNwAJbNbGKPFXCWuBvf9Ss623VQ5DA pQAAAAAAAAA=
[2025-11-05T06:35:18.501345000Z DEBUG solana_runtime::message_processor::stable_log] Program TokenkegQfeZyiNwAJbNbGKPFXCWuBvf9Ss623VQ5DA success
[2025-11-05T06:35:18.501398000Z DEBUG solana_runtime::message_processor::stable_log] Program 11111111111111111111111111111111 invoke [2]
[2025-11-05T06:35:18.501404000Z DEBUG solana_runtime::message_processor::stable_log] Program 11111111111111111111111111111111 success
[2025-11-05T06:35:18.501410000Z DEBUG solana_runtime::message_processor::stable_log] Program log: Initialize the associated token account
[2025-11-05T06:35:18.501426000Z DEBUG solana_runtime::message_processor::stable_log] Program TokenkegQfeZyiNwAJbNbGKPFXCWuBvf9Ss623VQ5DA invoke [2]
[2025-11-05T06:35:18.501446000Z DEBUG solana_runtime::message_processor::stable_log] Program log: Instruction: InitializeImmutableOwner
[2025-11-05T06:35:18.501457000Z DEBUG solana_runtime::message_processor::stable_log] Program log: Please upgrade to SPL Token 2022 for immutable owner support
[2025-11-05T06:35:18.501460000Z DEBUG solana_runtime::message_processor::stable_log] Program TokenkegQfeZyiNwAJbNbGKPFXCWuBvf9Ss623VQ5DA consumed 1405 of 186442 compute units
[2025-11-05T06:35:18.501467000Z DEBUG solana_runtime::message_processor::stable_log] Program TokenkegQfeZyiNwAJbNbGKPFXCWuBvf9Ss623VQ5DA success
[2025-11-05T06:35:18.501500000Z DEBUG solana_runtime::message_processor::stable_log] Program TokenkegQfeZyiNwAJbNbGKPFXCWuBvf9Ss623VQ5DA invoke [2]
[2025-11-05T06:35:18.501525000Z DEBUG solana_runtime::message_processor::stable_log] Program log: Instruction: InitializeAccount3
[2025-11-05T06:35:18.501641000Z DEBUG solana_runtime::message_processor::stable_log] Program TokenkegQfeZyiNwAJbNbGKPFXCWuBvf9Ss623VQ5DA consumed 4214 of 182558 compute units
[2025-11-05T06:35:18.501652000Z DEBUG solana_runtime::message_processor::stable_log] Program TokenkegQfeZyiNwAJbNbGKPFXCWuBvf9Ss623VQ5DA success
[2025-11-05T06:35:18.501665000Z DEBUG solana_runtime::message_processor::stable_log] Program ATokenGPvbdGVxr1b2hvZbsiqW5xWH25efTNsLJA8knL consumed 21960 of 200000 compute units
[2025-11-05T06:35:18.501674000Z DEBUG solana_runtime::message_processor::stable_log] Program ATokenGPvbdGVxr1b2hvZbsiqW5xWH25efTNsLJA8knL success
[2025-11-05T06:35:18.509148000Z DEBUG solana_runtime::message_processor::stable_log] Program 11111111111111111111111111111111 invoke [1]
[2025-11-05T06:35:18.509162000Z DEBUG solana_runtime::message_processor::stable_log] Program 11111111111111111111111111111111 success
  Stream 3: 50% locked, expected locked amount: 1500000, amount_per_period: 8333
[2025-11-05T06:35:18.513359000Z DEBUG solana_runtime::message_processor::stable_log] Program ATokenGPvbdGVxr1b2hvZbsiqW5xWH25efTNsLJA8knL invoke [1]
[2025-11-05T06:35:18.513435000Z DEBUG solana_runtime::message_processor::stable_log] Program log: Create
[2025-11-05T06:35:18.513488000Z DEBUG solana_runtime::message_processor::stable_log] Program TokenkegQfeZyiNwAJbNbGKPFXCWuBvf9Ss623VQ5DA invoke [2]
[2025-11-05T06:35:18.513516000Z DEBUG solana_runtime::message_processor::stable_log] Program log: Instruction: GetAccountDataSize
[2025-11-05T06:35:18.513533000Z DEBUG solana_runtime::message_processor::stable_log] Program TokenkegQfeZyiNwAJbNbGKPFXCWuBvf9Ss623VQ5DA consumed 1595 of 194555 compute units
[2025-11-05T06:35:18.513540000Z DEBUG solana_runtime::message_processor::stable_log] Program return: TokenkegQfeZyiNwAJbNbGKPFXCWuBvf9Ss623VQ5DA pQAAAAAAAAA=
[2025-11-05T06:35:18.513549000Z DEBUG solana_runtime::message_processor::stable_log] Program TokenkegQfeZyiNwAJbNbGKPFXCWuBvf9Ss623VQ5DA success
[2025-11-05T06:35:18.513605000Z DEBUG solana_runtime::message_processor::stable_log] Program 11111111111111111111111111111111 invoke [2]
[2025-11-05T06:35:18.513613000Z DEBUG solana_runtime::message_processor::stable_log] Program 11111111111111111111111111111111 success
[2025-11-05T06:35:18.513618000Z DEBUG solana_runtime::message_processor::stable_log] Program log: Initialize the associated token account
[2025-11-05T06:35:18.513635000Z DEBUG solana_runtime::message_processor::stable_log] Program TokenkegQfeZyiNwAJbNbGKPFXCWuBvf9Ss623VQ5DA invoke [2]
[2025-11-05T06:35:18.513655000Z DEBUG solana_runtime::message_processor::stable_log] Program log: Instruction: InitializeImmutableOwner
[2025-11-05T06:35:18.513667000Z DEBUG solana_runtime::message_processor::stable_log] Program log: Please upgrade to SPL Token 2022 for immutable owner support
[2025-11-05T06:35:18.513670000Z DEBUG solana_runtime::message_processor::stable_log] Program TokenkegQfeZyiNwAJbNbGKPFXCWuBvf9Ss623VQ5DA consumed 1405 of 187942 compute units
[2025-11-05T06:35:18.513677000Z DEBUG solana_runtime::message_processor::stable_log] Program TokenkegQfeZyiNwAJbNbGKPFXCWuBvf9Ss623VQ5DA success
[2025-11-05T06:35:18.513709000Z DEBUG solana_runtime::message_processor::stable_log] Program TokenkegQfeZyiNwAJbNbGKPFXCWuBvf9Ss623VQ5DA invoke [2]
[2025-11-05T06:35:18.513734000Z DEBUG solana_runtime::message_processor::stable_log] Program log: Instruction: InitializeAccount3
[2025-11-05T06:35:18.513788000Z DEBUG solana_runtime::message_processor::stable_log] Program TokenkegQfeZyiNwAJbNbGKPFXCWuBvf9Ss623VQ5DA consumed 4214 of 184058 compute units
[2025-11-05T06:35:18.513795000Z DEBUG solana_runtime::message_processor::stable_log] Program TokenkegQfeZyiNwAJbNbGKPFXCWuBvf9Ss623VQ5DA success
[2025-11-05T06:35:18.513807000Z DEBUG solana_runtime::message_processor::stable_log] Program ATokenGPvbdGVxr1b2hvZbsiqW5xWH25efTNsLJA8knL consumed 20460 of 200000 compute units
[2025-11-05T06:35:18.513817000Z DEBUG solana_runtime::message_processor::stable_log] Program ATokenGPvbdGVxr1b2hvZbsiqW5xWH25efTNsLJA8knL success
[2025-11-05T06:35:18.522061000Z DEBUG solana_runtime::message_processor::stable_log] Program 11111111111111111111111111111111 invoke [1]
[2025-11-05T06:35:18.522074000Z DEBUG solana_runtime::message_processor::stable_log] Program 11111111111111111111111111111111 success
  Stream 4: 50% locked, expected locked amount: 1500000, amount_per_period: 8333
[2025-11-05T06:35:18.527067000Z DEBUG solana_runtime::message_processor::stable_log] Program ATokenGPvbdGVxr1b2hvZbsiqW5xWH25efTNsLJA8knL invoke [1]
[2025-11-05T06:35:18.527143000Z DEBUG solana_runtime::message_processor::stable_log] Program log: Create
[2025-11-05T06:35:18.527221000Z DEBUG solana_runtime::message_processor::stable_log] Program TokenkegQfeZyiNwAJbNbGKPFXCWuBvf9Ss623VQ5DA invoke [2]
[2025-11-05T06:35:18.527250000Z DEBUG solana_runtime::message_processor::stable_log] Program log: Instruction: GetAccountDataSize
[2025-11-05T06:35:18.527287000Z DEBUG solana_runtime::message_processor::stable_log] Program TokenkegQfeZyiNwAJbNbGKPFXCWuBvf9Ss623VQ5DA consumed 1595 of 188555 compute units
[2025-11-05T06:35:18.527295000Z DEBUG solana_runtime::message_processor::stable_log] Program return: TokenkegQfeZyiNwAJbNbGKPFXCWuBvf9Ss623VQ5DA pQAAAAAAAAA=
[2025-11-05T06:35:18.527304000Z DEBUG solana_runtime::message_processor::stable_log] Program TokenkegQfeZyiNwAJbNbGKPFXCWuBvf9Ss623VQ5DA success
[2025-11-05T06:35:18.527359000Z DEBUG solana_runtime::message_processor::stable_log] Program 11111111111111111111111111111111 invoke [2]
[2025-11-05T06:35:18.527366000Z DEBUG solana_runtime::message_processor::stable_log] Program 11111111111111111111111111111111 success
[2025-11-05T06:35:18.527372000Z DEBUG solana_runtime::message_processor::stable_log] Program log: Initialize the associated token account
[2025-11-05T06:35:18.527390000Z DEBUG solana_runtime::message_processor::stable_log] Program TokenkegQfeZyiNwAJbNbGKPFXCWuBvf9Ss623VQ5DA invoke [2]
[2025-11-05T06:35:18.527411000Z DEBUG solana_runtime::message_processor::stable_log] Program log: Instruction: InitializeImmutableOwner
[2025-11-05T06:35:18.527422000Z DEBUG solana_runtime::message_processor::stable_log] Program log: Please upgrade to SPL Token 2022 for immutable owner support
[2025-11-05T06:35:18.527425000Z DEBUG solana_runtime::message_processor::stable_log] Program TokenkegQfeZyiNwAJbNbGKPFXCWuBvf9Ss623VQ5DA consumed 1405 of 181942 compute units
[2025-11-05T06:35:18.527432000Z DEBUG solana_runtime::message_processor::stable_log] Program TokenkegQfeZyiNwAJbNbGKPFXCWuBvf9Ss623VQ5DA success
[2025-11-05T06:35:18.527465000Z DEBUG solana_runtime::message_processor::stable_log] Program TokenkegQfeZyiNwAJbNbGKPFXCWuBvf9Ss623VQ5DA invoke [2]
[2025-11-05T06:35:18.527490000Z DEBUG solana_runtime::message_processor::stable_log] Program log: Instruction: InitializeAccount3
[2025-11-05T06:35:18.527543000Z DEBUG solana_runtime::message_processor::stable_log] Program TokenkegQfeZyiNwAJbNbGKPFXCWuBvf9Ss623VQ5DA consumed 4214 of 178058 compute units
[2025-11-05T06:35:18.527551000Z DEBUG solana_runtime::message_processor::stable_log] Program TokenkegQfeZyiNwAJbNbGKPFXCWuBvf9Ss623VQ5DA success
[2025-11-05T06:35:18.527564000Z DEBUG solana_runtime::message_processor::stable_log] Program ATokenGPvbdGVxr1b2hvZbsiqW5xWH25efTNsLJA8knL consumed 26460 of 200000 compute units
[2025-11-05T06:35:18.527573000Z DEBUG solana_runtime::message_processor::stable_log] Program ATokenGPvbdGVxr1b2hvZbsiqW5xWH25efTNsLJA8knL success
[2025-11-05T06:35:18.544260000Z DEBUG solana_runtime::message_processor::stable_log] Program ASmKWt93JEMHxbdE6j7znD9y2FcdPboCzC3xtSTJvN7S invoke [1]
[2025-11-05T06:35:18.544367000Z DEBUG solana_runtime::message_processor::stable_log] Program log: Instruction: Swap
[2025-11-05T06:35:18.544711000Z DEBUG solana_runtime::message_processor::stable_log] Program TokenkegQfeZyiNwAJbNbGKPFXCWuBvf9Ss623VQ5DA invoke [2]
[2025-11-05T06:35:18.544765000Z DEBUG solana_runtime::message_processor::stable_log] Program log: Instruction: TransferChecked
[2025-11-05T06:35:18.544844000Z DEBUG solana_runtime::message_processor::stable_log] Program TokenkegQfeZyiNwAJbNbGKPFXCWuBvf9Ss623VQ5DA consumed 6174 of 177323 compute units
[2025-11-05T06:35:18.544856000Z DEBUG solana_runtime::message_processor::stable_log] Program TokenkegQfeZyiNwAJbNbGKPFXCWuBvf9Ss623VQ5DA success
[2025-11-05T06:35:18.544932000Z DEBUG solana_runtime::message_processor::stable_log] Program TokenkegQfeZyiNwAJbNbGKPFXCWuBvf9Ss623VQ5DA invoke [2]
[2025-11-05T06:35:18.544967000Z DEBUG solana_runtime::message_processor::stable_log] Program log: Instruction: TransferChecked
[2025-11-05T06:35:18.545035000Z DEBUG solana_runtime::message_processor::stable_log] Program TokenkegQfeZyiNwAJbNbGKPFXCWuBvf9Ss623VQ5DA consumed 6174 of 168685 compute units
[2025-11-05T06:35:18.545043000Z DEBUG solana_runtime::message_processor::stable_log] Program TokenkegQfeZyiNwAJbNbGKPFXCWuBvf9Ss623VQ5DA success
[2025-11-05T06:35:18.545142000Z DEBUG solana_runtime::message_processor::stable_log] Program ASmKWt93JEMHxbdE6j7znD9y2FcdPboCzC3xtSTJvN7S invoke [2]
[2025-11-05T06:35:18.545177000Z DEBUG solana_runtime::message_processor::stable_log] Program ASmKWt93JEMHxbdE6j7znD9y2FcdPboCzC3xtSTJvN7S consumed 2069 of 156500 compute units
[2025-11-05T06:35:18.545185000Z DEBUG solana_runtime::message_processor::stable_log] Program ASmKWt93JEMHxbdE6j7znD9y2FcdPboCzC3xtSTJvN7S success
[2025-11-05T06:35:18.545236000Z DEBUG solana_runtime::message_processor::stable_log] Program ASmKWt93JEMHxbdE6j7znD9y2FcdPboCzC3xtSTJvN7S invoke [2]
[2025-11-05T06:35:18.545264000Z DEBUG solana_runtime::message_processor::stable_log] Program ASmKWt93JEMHxbdE6j7znD9y2FcdPboCzC3xtSTJvN7S consumed 2069 of 150802 compute units
[2025-11-05T06:35:18.545272000Z DEBUG solana_runtime::message_processor::stable_log] Program ASmKWt93JEMHxbdE6j7znD9y2FcdPboCzC3xtSTJvN7S success
[2025-11-05T06:35:18.545290000Z DEBUG solana_runtime::message_processor::stable_log] Program ASmKWt93JEMHxbdE6j7znD9y2FcdPboCzC3xtSTJvN7S consumed 51801 of 200000 compute units
[2025-11-05T06:35:18.545299000Z DEBUG solana_runtime::message_processor::stable_log] Program ASmKWt93JEMHxbdE6j7znD9y2FcdPboCzC3xtSTJvN7S success
[2025-11-05T06:35:18.563635000Z DEBUG solana_runtime::message_processor::stable_log] Program ComputeBudget111111111111111111111111111111 invoke [1]
[2025-11-05T06:35:18.563652000Z DEBUG solana_runtime::message_processor::stable_log] Program ComputeBudget111111111111111111111111111111 success
[2025-11-05T06:35:18.563661000Z DEBUG solana_runtime::message_processor::stable_log] Program 5B57SJ3g2YoNXUpsZqqjEQkRSxyKtVTQRXdgAirz6bio invoke [1]
[2025-11-05T06:35:18.563807000Z DEBUG solana_runtime::message_processor::stable_log] Program log: Instruction: CrankDistribution
[2025-11-05T06:35:18.564277000Z DEBUG solana_runtime::message_processor::stable_log] Program log: === DEBUG: Before claiming fees ===
[2025-11-05T06:35:18.564293000Z DEBUG solana_runtime::message_processor::stable_log] Program log: Pool collect_fee_mode: 1
[2025-11-05T06:35:18.564406000Z DEBUG solana_runtime::message_processor::stable_log] Program log: Pool token_a_mint: FEox8mKfuNUww7u8oLRrZRZbB57UfaMbf6VfYnThCZCn
[2025-11-05T06:35:18.564513000Z DEBUG solana_runtime::message_processor::stable_log] Program log: Pool token_b_mint: ALe9sC11uRmg3XEz128ikJsAFqPWV31dNZUuUcQpxWmj
[2025-11-05T06:35:18.564657000Z DEBUG solana_runtime::message_processor::stable_log] Program log: Quote mint: ALe9sC11uRmg3XEz128ikJsAFqPWV31dNZUuUcQpxWmj
[2025-11-05T06:35:18.564766000Z DEBUG solana_runtime::message_processor::stable_log] Program log: Base mint: FEox8mKfuNUww7u8oLRrZRZbB57UfaMbf6VfYnThCZCn
[2025-11-05T06:35:18.564780000Z DEBUG solana_runtime::message_processor::stable_log] Program log: Position unlocked_liquidity: 1844674407370955161600
[2025-11-05T06:35:18.564787000Z DEBUG solana_runtime::message_processor::stable_log] Program log: Position vested_liquidity: 0
[2025-11-05T06:35:18.564794000Z DEBUG solana_runtime::message_processor::stable_log] Program log: Position permanent_locked_liquidity: 0
[2025-11-05T06:35:18.564801000Z DEBUG solana_runtime::message_processor::stable_log] Program log: Position fee_a_pending: 0
[2025-11-05T06:35:18.564806000Z DEBUG solana_runtime::message_processor::stable_log] Program log: Position fee_b_pending: 0
[2025-11-05T06:35:18.564812000Z DEBUG solana_runtime::message_processor::stable_log] Program log: Position fee_a_checkpoint (first 8 bytes): 0
[2025-11-05T06:35:18.564818000Z DEBUG solana_runtime::message_processor::stable_log] Program log: Position fee_b_checkpoint (first 8 bytes): 0
[2025-11-05T06:35:18.564824000Z DEBUG solana_runtime::message_processor::stable_log] Program log: Pool fee_a_per_liquidity (first 8 bytes): 0
[2025-11-05T06:35:18.564829000Z DEBUG solana_runtime::message_processor::stable_log] Program log: Pool fee_b_per_liquidity (first 8 bytes): 0
[2025-11-05T06:35:18.564841000Z DEBUG solana_runtime::message_processor::stable_log] Program log: Pool liquidity: 3689348814741910323200
[2025-11-05T06:35:18.564849000Z DEBUG solana_runtime::message_processor::stable_log] Program log: Treasury quote balance before: 99999999999999999
[2025-11-05T06:35:18.564856000Z DEBUG solana_runtime::message_processor::stable_log] Program log: Treasury base balance before: 99999785255671124
[2025-11-05T06:35:18.564858000Z DEBUG solana_runtime::message_processor::stable_log] Program log: Claiming position fees from CP-AMM
[2025-11-05T06:35:18.564955000Z DEBUG solana_runtime::message_processor::stable_log] Program ASmKWt93JEMHxbdE6j7znD9y2FcdPboCzC3xtSTJvN7S invoke [2]
[2025-11-05T06:35:18.565051000Z DEBUG solana_runtime::message_processor::stable_log] Program log: Instruction: ClaimPositionFee
[2025-11-05T06:35:18.565293000Z DEBUG solana_runtime::message_processor::stable_log] Program TokenkegQfeZyiNwAJbNbGKPFXCWuBvf9Ss623VQ5DA invoke [3]
[2025-11-05T06:35:18.565336000Z DEBUG solana_runtime::message_processor::stable_log] Program log: Instruction: TransferChecked
[2025-11-05T06:35:18.565414000Z DEBUG solana_runtime::message_processor::stable_log] Program TokenkegQfeZyiNwAJbNbGKPFXCWuBvf9Ss623VQ5DA consumed 6174 of 274366 compute units
[2025-11-05T06:35:18.565424000Z DEBUG solana_runtime::message_processor::stable_log] Program TokenkegQfeZyiNwAJbNbGKPFXCWuBvf9Ss623VQ5DA success
[2025-11-05T06:35:18.565468000Z DEBUG solana_runtime::message_processor::stable_log] Program ASmKWt93JEMHxbdE6j7znD9y2FcdPboCzC3xtSTJvN7S invoke [3]
[2025-11-05T06:35:18.565499000Z DEBUG solana_runtime::message_processor::stable_log] Program ASmKWt93JEMHxbdE6j7znD9y2FcdPboCzC3xtSTJvN7S consumed 2069 of 265452 compute units
[2025-11-05T06:35:18.565507000Z DEBUG solana_runtime::message_processor::stable_log] Program ASmKWt93JEMHxbdE6j7znD9y2FcdPboCzC3xtSTJvN7S success
[2025-11-05T06:35:18.565525000Z DEBUG solana_runtime::message_processor::stable_log] Program ASmKWt93JEMHxbdE6j7znD9y2FcdPboCzC3xtSTJvN7S consumed 30035 of 292877 compute units
[2025-11-05T06:35:18.565534000Z DEBUG solana_runtime::message_processor::stable_log] Program ASmKWt93JEMHxbdE6j7znD9y2FcdPboCzC3xtSTJvN7S success
[2025-11-05T06:35:18.565579000Z DEBUG solana_runtime::message_processor::stable_log] Program log: === DEBUG: After claiming fees ===
[2025-11-05T06:35:18.565591000Z DEBUG solana_runtime::message_processor::stable_log] Program log: Treasury quote balance after: 100000000000049999
[2025-11-05T06:35:18.565599000Z DEBUG solana_runtime::message_processor::stable_log] Program log: Treasury base balance after: 99999785255671124
[2025-11-05T06:35:18.565606000Z DEBUG solana_runtime::message_processor::stable_log] Program log: Quote tokens claimed: 50000
[2025-11-05T06:35:18.565615000Z DEBUG solana_runtime::message_processor::stable_log] Program data: fzkUsNcjWliJTOY3ob785+Ngsp53cMGyT0k5Z+47y9QJ4/qCEG1LlFDDAAAAAAAApkEMaQAAAAA=
[2025-11-05T06:35:18.565789000Z DEBUG solana_runtime::message_processor::stable_log] Program TokenkegQfeZyiNwAJbNbGKPFXCWuBvf9Ss623VQ5DA invoke [2]
[2025-11-05T06:35:18.565824000Z DEBUG solana_runtime::message_processor::stable_log] Program log: Instruction: TransferChecked
[2025-11-05T06:35:18.565944000Z DEBUG solana_runtime::message_processor::stable_log] Program TokenkegQfeZyiNwAJbNbGKPFXCWuBvf9Ss623VQ5DA consumed 6174 of 248133 compute units
[2025-11-05T06:35:18.565956000Z DEBUG solana_runtime::message_processor::stable_log] Program TokenkegQfeZyiNwAJbNbGKPFXCWuBvf9Ss623VQ5DA success
[2025-11-05T06:35:18.566015000Z DEBUG solana_runtime::message_processor::stable_log] Program TokenkegQfeZyiNwAJbNbGKPFXCWuBvf9Ss623VQ5DA invoke [2]
[2025-11-05T06:35:18.566048000Z DEBUG solana_runtime::message_processor::stable_log] Program log: Instruction: TransferChecked
[2025-11-05T06:35:18.566113000Z DEBUG solana_runtime::message_processor::stable_log] Program TokenkegQfeZyiNwAJbNbGKPFXCWuBvf9Ss623VQ5DA consumed 6174 of 238572 compute units
[2025-11-05T06:35:18.566121000Z DEBUG solana_runtime::message_processor::stable_log] Program TokenkegQfeZyiNwAJbNbGKPFXCWuBvf9Ss623VQ5DA success
[2025-11-05T06:35:18.566136000Z DEBUG solana_runtime::message_processor::stable_log] Program data: KjXqZeHwy3mJTOY3ob785+Ngsp53cMGyT0k5Z+47y9QJ4/qCEG1LlAAAAAACAAAAAgAAABAnAAAAAAAAAAAAAAAAAACmQQxpAAAAAA==
[2025-11-05T06:35:18.566172000Z DEBUG solana_runtime::message_processor::stable_log] Program 5B57SJ3g2YoNXUpsZqqjEQkRSxyKtVTQRXdgAirz6bio consumed 169917 of 399850 compute units
[2025-11-05T06:35:18.566183000Z DEBUG solana_runtime::message_processor::stable_log] Program 5B57SJ3g2YoNXUpsZqqjEQkRSxyKtVTQRXdgAirz6bio success
[2025-11-05T06:35:18.585481000Z DEBUG solana_runtime::message_processor::stable_log] Program ComputeBudget111111111111111111111111111111 invoke [1]
[2025-11-05T06:35:18.585499000Z DEBUG solana_runtime::message_processor::stable_log] Program ComputeBudget111111111111111111111111111111 success
[2025-11-05T06:35:18.585508000Z DEBUG solana_runtime::message_processor::stable_log] Program 5B57SJ3g2YoNXUpsZqqjEQkRSxyKtVTQRXdgAirz6bio invoke [1]
[2025-11-05T06:35:18.585645000Z DEBUG solana_runtime::message_processor::stable_log] Program log: Instruction: CrankDistribution
[2025-11-05T06:35:18.586050000Z DEBUG solana_runtime::message_processor::stable_log] Program 5B57SJ3g2YoNXUpsZqqjEQkRSxyKtVTQRXdgAirz6bio consumed 35695 of 399850 compute units
[2025-11-05T06:35:18.586063000Z DEBUG solana_runtime::message_processor::stable_log] Program 5B57SJ3g2YoNXUpsZqqjEQkRSxyKtVTQRXdgAirz6bio success
      ✔ Should prevent double-payment when resuming from cursor (125ms)
    5. Edge Cases - Locked/Unlocked Scenarios
[2025-11-05T06:35:18.588224000Z INFO  solana_program_test] "cp_amm" SBF program from ./target/deploy/cp_amm.so, modified 24 minutes, 25 seconds, 935 ms, 541 µs and 203 ns ago
[2025-11-05T06:35:18.588398000Z INFO  solana_program_test] "fee_router" SBF program from ./target/deploy/fee_router.so, modified 28 seconds, 672 ms, 657 µs and 331 ns ago
[2025-11-05T06:35:18.588554000Z INFO  solana_program_test] "transfer_hook_counter" SBF program from tests/fixtures/transfer_hook_counter.so, modified 3 weeks, 22 hours, 58 minutes, 53 seconds, 414 ms, 154 µs and 196 ns ago
[2025-11-05T06:35:18.588749000Z INFO  solana_program_test] "alpha_vault" SBF program from tests/fixtures/alpha_vault.so, modified 3 weeks, 22 hours, 58 minutes, 53 seconds, 415 ms, 36 µs and 72 ns ago
[2025-11-05T06:35:18.589032000Z INFO  solana_program_test] "streamflow" SBF program from tests/fixtures/streamflow.so, modified 3 weeks, 6 hours, 59 minutes, 3 seconds, 299 ms, 948 µs and 387 ns ago
[2025-11-05T06:35:18.589291000Z INFO  solana_program_test] "cp_amm" SBF program from ./target/deploy/cp_amm.so, modified 24 minutes, 25 seconds, 936 ms, 610 µs and 203 ns ago
[2025-11-05T06:35:18.589427000Z INFO  solana_program_test] "fee_router" SBF program from ./target/deploy/fee_router.so, modified 28 seconds, 673 ms, 687 µs and 331 ns ago
[2025-11-05T06:35:18.610072000Z INFO  solana_program_test] Overriding account at ASmKWt93JEMHxbdE6j7znD9y2FcdPboCzC3xtSTJvN7S
[2025-11-05T06:35:18.610087000Z INFO  solana_program_test] Overriding account at 5B57SJ3g2YoNXUpsZqqjEQkRSxyKtVTQRXdgAirz6bio
[2025-11-05T06:35:18.622292000Z DEBUG solana_runtime::message_processor::stable_log] Program 11111111111111111111111111111111 invoke [1]
[2025-11-05T06:35:18.622305000Z DEBUG solana_runtime::message_processor::stable_log] Program 11111111111111111111111111111111 success
[2025-11-05T06:35:18.626468000Z DEBUG solana_runtime::message_processor::stable_log] Program 11111111111111111111111111111111 invoke [1]
[2025-11-05T06:35:18.626479000Z DEBUG solana_runtime::message_processor::stable_log] Program 11111111111111111111111111111111 success
[2025-11-05T06:35:18.630741000Z DEBUG solana_runtime::message_processor::stable_log] Program 11111111111111111111111111111111 invoke [1]
[2025-11-05T06:35:18.630751000Z DEBUG solana_runtime::message_processor::stable_log] Program 11111111111111111111111111111111 success
[2025-11-05T06:35:18.634831000Z DEBUG solana_runtime::message_processor::stable_log] Program 11111111111111111111111111111111 invoke [1]
[2025-11-05T06:35:18.634840000Z DEBUG solana_runtime::message_processor::stable_log] Program 11111111111111111111111111111111 success
[2025-11-05T06:35:18.643766000Z DEBUG solana_runtime::message_processor::stable_log] Program 11111111111111111111111111111111 invoke [1]
[2025-11-05T06:35:18.643779000Z DEBUG solana_runtime::message_processor::stable_log] Program 11111111111111111111111111111111 success
[2025-11-05T06:35:18.643783000Z DEBUG solana_runtime::message_processor::stable_log] Program TokenkegQfeZyiNwAJbNbGKPFXCWuBvf9Ss623VQ5DA invoke [1]
[2025-11-05T06:35:18.643833000Z DEBUG solana_runtime::message_processor::stable_log] Program log: Instruction: InitializeMint2
[2025-11-05T06:35:18.643872000Z DEBUG solana_runtime::message_processor::stable_log] Program TokenkegQfeZyiNwAJbNbGKPFXCWuBvf9Ss623VQ5DA consumed 2779 of 399850 compute units
[2025-11-05T06:35:18.643881000Z DEBUG solana_runtime::message_processor::stable_log] Program TokenkegQfeZyiNwAJbNbGKPFXCWuBvf9Ss623VQ5DA success
[2025-11-05T06:35:18.652619000Z DEBUG solana_runtime::message_processor::stable_log] Program 11111111111111111111111111111111 invoke [1]
[2025-11-05T06:35:18.652639000Z DEBUG solana_runtime::message_processor::stable_log] Program 11111111111111111111111111111111 success
[2025-11-05T06:35:18.652643000Z DEBUG solana_runtime::message_processor::stable_log] Program TokenkegQfeZyiNwAJbNbGKPFXCWuBvf9Ss623VQ5DA invoke [1]
[2025-11-05T06:35:18.652694000Z DEBUG solana_runtime::message_processor::stable_log] Program log: Instruction: InitializeMint2
[2025-11-05T06:35:18.652730000Z DEBUG solana_runtime::message_processor::stable_log] Program TokenkegQfeZyiNwAJbNbGKPFXCWuBvf9Ss623VQ5DA consumed 2779 of 399850 compute units
[2025-11-05T06:35:18.652741000Z DEBUG solana_runtime::message_processor::stable_log] Program TokenkegQfeZyiNwAJbNbGKPFXCWuBvf9Ss623VQ5DA success
[2025-11-05T06:35:18.658494000Z DEBUG solana_runtime::message_processor::stable_log] Program ATokenGPvbdGVxr1b2hvZbsiqW5xWH25efTNsLJA8knL invoke [1]
[2025-11-05T06:35:18.658644000Z DEBUG solana_runtime::message_processor::stable_log] Program log: Create
[2025-11-05T06:35:18.658693000Z DEBUG solana_runtime::message_processor::stable_log] Program TokenkegQfeZyiNwAJbNbGKPFXCWuBvf9Ss623VQ5DA invoke [2]
[2025-11-05T06:35:18.658725000Z DEBUG solana_runtime::message_processor::stable_log] Program log: Instruction: GetAccountDataSize
[2025-11-05T06:35:18.658742000Z DEBUG solana_runtime::message_processor::stable_log] Program TokenkegQfeZyiNwAJbNbGKPFXCWuBvf9Ss623VQ5DA consumed 1595 of 194555 compute units
[2025-11-05T06:35:18.658750000Z DEBUG solana_runtime::message_processor::stable_log] Program return: TokenkegQfeZyiNwAJbNbGKPFXCWuBvf9Ss623VQ5DA pQAAAAAAAAA=
[2025-11-05T06:35:18.658759000Z DEBUG solana_runtime::message_processor::stable_log] Program TokenkegQfeZyiNwAJbNbGKPFXCWuBvf9Ss623VQ5DA success
[2025-11-05T06:35:18.658812000Z DEBUG solana_runtime::message_processor::stable_log] Program 11111111111111111111111111111111 invoke [2]
[2025-11-05T06:35:18.658819000Z DEBUG solana_runtime::message_processor::stable_log] Program 11111111111111111111111111111111 success
[2025-11-05T06:35:18.658824000Z DEBUG solana_runtime::message_processor::stable_log] Program log: Initialize the associated token account
[2025-11-05T06:35:18.658842000Z DEBUG solana_runtime::message_processor::stable_log] Program TokenkegQfeZyiNwAJbNbGKPFXCWuBvf9Ss623VQ5DA invoke [2]
[2025-11-05T06:35:18.658908000Z DEBUG solana_runtime::message_processor::stable_log] Program log: Instruction: InitializeImmutableOwner
[2025-11-05T06:35:18.658926000Z DEBUG solana_runtime::message_processor::stable_log] Program log: Please upgrade to SPL Token 2022 for immutable owner support
[2025-11-05T06:35:18.658930000Z DEBUG solana_runtime::message_processor::stable_log] Program TokenkegQfeZyiNwAJbNbGKPFXCWuBvf9Ss623VQ5DA consumed 1405 of 187942 compute units
[2025-11-05T06:35:18.658940000Z DEBUG solana_runtime::message_processor::stable_log] Program TokenkegQfeZyiNwAJbNbGKPFXCWuBvf9Ss623VQ5DA success
[2025-11-05T06:35:18.658979000Z DEBUG solana_runtime::message_processor::stable_log] Program TokenkegQfeZyiNwAJbNbGKPFXCWuBvf9Ss623VQ5DA invoke [2]
[2025-11-05T06:35:18.659013000Z DEBUG solana_runtime::message_processor::stable_log] Program log: Instruction: InitializeAccount3
[2025-11-05T06:35:18.659073000Z DEBUG solana_runtime::message_processor::stable_log] Program TokenkegQfeZyiNwAJbNbGKPFXCWuBvf9Ss623VQ5DA consumed 4214 of 184058 compute units
[2025-11-05T06:35:18.659081000Z DEBUG solana_runtime::message_processor::stable_log] Program TokenkegQfeZyiNwAJbNbGKPFXCWuBvf9Ss623VQ5DA success
[2025-11-05T06:35:18.659093000Z DEBUG solana_runtime::message_processor::stable_log] Program ATokenGPvbdGVxr1b2hvZbsiqW5xWH25efTNsLJA8knL consumed 20460 of 200000 compute units
[2025-11-05T06:35:18.659103000Z DEBUG solana_runtime::message_processor::stable_log] Program ATokenGPvbdGVxr1b2hvZbsiqW5xWH25efTNsLJA8knL success
[2025-11-05T06:35:18.662907000Z DEBUG solana_runtime::message_processor::stable_log] Program TokenkegQfeZyiNwAJbNbGKPFXCWuBvf9Ss623VQ5DA invoke [1]
[2025-11-05T06:35:18.662959000Z DEBUG solana_runtime::message_processor::stable_log] Program log: Instruction: MintTo
[2025-11-05T06:35:18.663105000Z DEBUG solana_runtime::message_processor::stable_log] Program TokenkegQfeZyiNwAJbNbGKPFXCWuBvf9Ss623VQ5DA consumed 4491 of 200000 compute units
[2025-11-05T06:35:18.663119000Z DEBUG solana_runtime::message_processor::stable_log] Program TokenkegQfeZyiNwAJbNbGKPFXCWuBvf9Ss623VQ5DA success
[2025-11-05T06:35:18.669690000Z DEBUG solana_runtime::message_processor::stable_log] Program ATokenGPvbdGVxr1b2hvZbsiqW5xWH25efTNsLJA8knL invoke [1]
[2025-11-05T06:35:18.669767000Z DEBUG solana_runtime::message_processor::stable_log] Program log: Create
[2025-11-05T06:35:18.669830000Z DEBUG solana_runtime::message_processor::stable_log] Program TokenkegQfeZyiNwAJbNbGKPFXCWuBvf9Ss623VQ5DA invoke [2]
[2025-11-05T06:35:18.669865000Z DEBUG solana_runtime::message_processor::stable_log] Program log: Instruction: GetAccountDataSize
[2025-11-05T06:35:18.669895000Z DEBUG solana_runtime::message_processor::stable_log] Program TokenkegQfeZyiNwAJbNbGKPFXCWuBvf9Ss623VQ5DA consumed 1595 of 191555 compute units
[2025-11-05T06:35:18.669903000Z DEBUG solana_runtime::message_processor::stable_log] Program return: TokenkegQfeZyiNwAJbNbGKPFXCWuBvf9Ss623VQ5DA pQAAAAAAAAA=
[2025-11-05T06:35:18.669911000Z DEBUG solana_runtime::message_processor::stable_log] Program TokenkegQfeZyiNwAJbNbGKPFXCWuBvf9Ss623VQ5DA success
[2025-11-05T06:35:18.669966000Z DEBUG solana_runtime::message_processor::stable_log] Program 11111111111111111111111111111111 invoke [2]
[2025-11-05T06:35:18.669973000Z DEBUG solana_runtime::message_processor::stable_log] Program 11111111111111111111111111111111 success
[2025-11-05T06:35:18.669979000Z DEBUG solana_runtime::message_processor::stable_log] Program log: Initialize the associated token account
[2025-11-05T06:35:18.669997000Z DEBUG solana_runtime::message_processor::stable_log] Program TokenkegQfeZyiNwAJbNbGKPFXCWuBvf9Ss623VQ5DA invoke [2]
[2025-11-05T06:35:18.670019000Z DEBUG solana_runtime::message_processor::stable_log] Program log: Instruction: InitializeImmutableOwner
[2025-11-05T06:35:18.670031000Z DEBUG solana_runtime::message_processor::stable_log] Program log: Please upgrade to SPL Token 2022 for immutable owner support
[2025-11-05T06:35:18.670035000Z DEBUG solana_runtime::message_processor::stable_log] Program TokenkegQfeZyiNwAJbNbGKPFXCWuBvf9Ss623VQ5DA consumed 1405 of 184942 compute units
[2025-11-05T06:35:18.670043000Z DEBUG solana_runtime::message_processor::stable_log] Program TokenkegQfeZyiNwAJbNbGKPFXCWuBvf9Ss623VQ5DA success
[2025-11-05T06:35:18.670084000Z DEBUG solana_runtime::message_processor::stable_log] Program TokenkegQfeZyiNwAJbNbGKPFXCWuBvf9Ss623VQ5DA invoke [2]
[2025-11-05T06:35:18.670112000Z DEBUG solana_runtime::message_processor::stable_log] Program log: Instruction: InitializeAccount3
[2025-11-05T06:35:18.670165000Z DEBUG solana_runtime::message_processor::stable_log] Program TokenkegQfeZyiNwAJbNbGKPFXCWuBvf9Ss623VQ5DA consumed 4214 of 181058 compute units
[2025-11-05T06:35:18.670173000Z DEBUG solana_runtime::message_processor::stable_log] Program TokenkegQfeZyiNwAJbNbGKPFXCWuBvf9Ss623VQ5DA success
[2025-11-05T06:35:18.670186000Z DEBUG solana_runtime::message_processor::stable_log] Program ATokenGPvbdGVxr1b2hvZbsiqW5xWH25efTNsLJA8knL consumed 23460 of 200000 compute units
[2025-11-05T06:35:18.670195000Z DEBUG solana_runtime::message_processor::stable_log] Program ATokenGPvbdGVxr1b2hvZbsiqW5xWH25efTNsLJA8knL success
[2025-11-05T06:35:18.674525000Z DEBUG solana_runtime::message_processor::stable_log] Program TokenkegQfeZyiNwAJbNbGKPFXCWuBvf9Ss623VQ5DA invoke [1]
[2025-11-05T06:35:18.674584000Z DEBUG solana_runtime::message_processor::stable_log] Program log: Instruction: MintTo
[2025-11-05T06:35:18.674642000Z DEBUG solana_runtime::message_processor::stable_log] Program TokenkegQfeZyiNwAJbNbGKPFXCWuBvf9Ss623VQ5DA consumed 4491 of 200000 compute units
[2025-11-05T06:35:18.674651000Z DEBUG solana_runtime::message_processor::stable_log] Program TokenkegQfeZyiNwAJbNbGKPFXCWuBvf9Ss623VQ5DA success
[2025-11-05T06:35:18.680520000Z DEBUG solana_runtime::message_processor::stable_log] Program ATokenGPvbdGVxr1b2hvZbsiqW5xWH25efTNsLJA8knL invoke [1]
[2025-11-05T06:35:18.680584000Z DEBUG solana_runtime::message_processor::stable_log] Program log: Create
[2025-11-05T06:35:18.680770000Z DEBUG solana_runtime::message_processor::stable_log] Program TokenkegQfeZyiNwAJbNbGKPFXCWuBvf9Ss623VQ5DA invoke [2]
[2025-11-05T06:35:18.680882000Z DEBUG solana_runtime::message_processor::stable_log] Program log: Instruction: GetAccountDataSize
[2025-11-05T06:35:18.680900000Z DEBUG solana_runtime::message_processor::stable_log] Program TokenkegQfeZyiNwAJbNbGKPFXCWuBvf9Ss623VQ5DA consumed 1595 of 190055 compute units
[2025-11-05T06:35:18.680912000Z DEBUG solana_runtime::message_processor::stable_log] Program return: TokenkegQfeZyiNwAJbNbGKPFXCWuBvf9Ss623VQ5DA pQAAAAAAAAA=
[2025-11-05T06:35:18.680920000Z DEBUG solana_runtime::message_processor::stable_log] Program TokenkegQfeZyiNwAJbNbGKPFXCWuBvf9Ss623VQ5DA success
[2025-11-05T06:35:18.680977000Z DEBUG solana_runtime::message_processor::stable_log] Program 11111111111111111111111111111111 invoke [2]
[2025-11-05T06:35:18.680985000Z DEBUG solana_runtime::message_processor::stable_log] Program 11111111111111111111111111111111 success
[2025-11-05T06:35:18.680991000Z DEBUG solana_runtime::message_processor::stable_log] Program log: Initialize the associated token account
[2025-11-05T06:35:18.681010000Z DEBUG solana_runtime::message_processor::stable_log] Program TokenkegQfeZyiNwAJbNbGKPFXCWuBvf9Ss623VQ5DA invoke [2]
[2025-11-05T06:35:18.681110000Z DEBUG solana_runtime::message_processor::stable_log] Program log: Instruction: InitializeImmutableOwner
[2025-11-05T06:35:18.681126000Z DEBUG solana_runtime::message_processor::stable_log] Program log: Please upgrade to SPL Token 2022 for immutable owner support
[2025-11-05T06:35:18.681130000Z DEBUG solana_runtime::message_processor::stable_log] Program TokenkegQfeZyiNwAJbNbGKPFXCWuBvf9Ss623VQ5DA consumed 1405 of 183442 compute units
[2025-11-05T06:35:18.681140000Z DEBUG solana_runtime::message_processor::stable_log] Program TokenkegQfeZyiNwAJbNbGKPFXCWuBvf9Ss623VQ5DA success
[2025-11-05T06:35:18.681179000Z DEBUG solana_runtime::message_processor::stable_log] Program TokenkegQfeZyiNwAJbNbGKPFXCWuBvf9Ss623VQ5DA invoke [2]
[2025-11-05T06:35:18.681213000Z DEBUG solana_runtime::message_processor::stable_log] Program log: Instruction: InitializeAccount3
[2025-11-05T06:35:18.681268000Z DEBUG solana_runtime::message_processor::stable_log] Program TokenkegQfeZyiNwAJbNbGKPFXCWuBvf9Ss623VQ5DA consumed 4214 of 179558 compute units
[2025-11-05T06:35:18.681276000Z DEBUG solana_runtime::message_processor::stable_log] Program TokenkegQfeZyiNwAJbNbGKPFXCWuBvf9Ss623VQ5DA success
[2025-11-05T06:35:18.681289000Z DEBUG solana_runtime::message_processor::stable_log] Program ATokenGPvbdGVxr1b2hvZbsiqW5xWH25efTNsLJA8knL consumed 24960 of 200000 compute units
[2025-11-05T06:35:18.681298000Z DEBUG solana_runtime::message_processor::stable_log] Program ATokenGPvbdGVxr1b2hvZbsiqW5xWH25efTNsLJA8knL success
[2025-11-05T06:35:18.685583000Z DEBUG solana_runtime::message_processor::stable_log] Program TokenkegQfeZyiNwAJbNbGKPFXCWuBvf9Ss623VQ5DA invoke [1]
[2025-11-05T06:35:18.685664000Z DEBUG solana_runtime::message_processor::stable_log] Program log: Instruction: MintTo
[2025-11-05T06:35:18.685722000Z DEBUG solana_runtime::message_processor::stable_log] Program TokenkegQfeZyiNwAJbNbGKPFXCWuBvf9Ss623VQ5DA consumed 4491 of 200000 compute units
[2025-11-05T06:35:18.685732000Z DEBUG solana_runtime::message_processor::stable_log] Program TokenkegQfeZyiNwAJbNbGKPFXCWuBvf9Ss623VQ5DA success
[2025-11-05T06:35:18.691396000Z DEBUG solana_runtime::message_processor::stable_log] Program ATokenGPvbdGVxr1b2hvZbsiqW5xWH25efTNsLJA8knL invoke [1]
[2025-11-05T06:35:18.691484000Z DEBUG solana_runtime::message_processor::stable_log] Program log: Create
[2025-11-05T06:35:18.691535000Z DEBUG solana_runtime::message_processor::stable_log] Program TokenkegQfeZyiNwAJbNbGKPFXCWuBvf9Ss623VQ5DA invoke [2]
[2025-11-05T06:35:18.691566000Z DEBUG solana_runtime::message_processor::stable_log] Program log: Instruction: GetAccountDataSize
[2025-11-05T06:35:18.691583000Z DEBUG solana_runtime::message_processor::stable_log] Program TokenkegQfeZyiNwAJbNbGKPFXCWuBvf9Ss623VQ5DA consumed 1595 of 194555 compute units
[2025-11-05T06:35:18.691591000Z DEBUG solana_runtime::message_processor::stable_log] Program return: TokenkegQfeZyiNwAJbNbGKPFXCWuBvf9Ss623VQ5DA pQAAAAAAAAA=
[2025-11-05T06:35:18.691599000Z DEBUG solana_runtime::message_processor::stable_log] Program TokenkegQfeZyiNwAJbNbGKPFXCWuBvf9Ss623VQ5DA success
[2025-11-05T06:35:18.691652000Z DEBUG solana_runtime::message_processor::stable_log] Program 11111111111111111111111111111111 invoke [2]
[2025-11-05T06:35:18.691681000Z DEBUG solana_runtime::message_processor::stable_log] Program 11111111111111111111111111111111 success
[2025-11-05T06:35:18.691687000Z DEBUG solana_runtime::message_processor::stable_log] Program log: Initialize the associated token account
[2025-11-05T06:35:18.691705000Z DEBUG solana_runtime::message_processor::stable_log] Program TokenkegQfeZyiNwAJbNbGKPFXCWuBvf9Ss623VQ5DA invoke [2]
[2025-11-05T06:35:18.691799000Z DEBUG solana_runtime::message_processor::stable_log] Program log: Instruction: InitializeImmutableOwner
[2025-11-05T06:35:18.691815000Z DEBUG solana_runtime::message_processor::stable_log] Program log: Please upgrade to SPL Token 2022 for immutable owner support
[2025-11-05T06:35:18.691818000Z DEBUG solana_runtime::message_processor::stable_log] Program TokenkegQfeZyiNwAJbNbGKPFXCWuBvf9Ss623VQ5DA consumed 1405 of 187942 compute units
[2025-11-05T06:35:18.691828000Z DEBUG solana_runtime::message_processor::stable_log] Program TokenkegQfeZyiNwAJbNbGKPFXCWuBvf9Ss623VQ5DA success
[2025-11-05T06:35:18.691866000Z DEBUG solana_runtime::message_processor::stable_log] Program TokenkegQfeZyiNwAJbNbGKPFXCWuBvf9Ss623VQ5DA invoke [2]
[2025-11-05T06:35:18.691896000Z DEBUG solana_runtime::message_processor::stable_log] Program log: Instruction: InitializeAccount3
[2025-11-05T06:35:18.691953000Z DEBUG solana_runtime::message_processor::stable_log] Program TokenkegQfeZyiNwAJbNbGKPFXCWuBvf9Ss623VQ5DA consumed 4214 of 184058 compute units
[2025-11-05T06:35:18.691961000Z DEBUG solana_runtime::message_processor::stable_log] Program TokenkegQfeZyiNwAJbNbGKPFXCWuBvf9Ss623VQ5DA success
[2025-11-05T06:35:18.691973000Z DEBUG solana_runtime::message_processor::stable_log] Program ATokenGPvbdGVxr1b2hvZbsiqW5xWH25efTNsLJA8knL consumed 20460 of 200000 compute units
[2025-11-05T06:35:18.691983000Z DEBUG solana_runtime::message_processor::stable_log] Program ATokenGPvbdGVxr1b2hvZbsiqW5xWH25efTNsLJA8knL success
[2025-11-05T06:35:18.695905000Z DEBUG solana_runtime::message_processor::stable_log] Program TokenkegQfeZyiNwAJbNbGKPFXCWuBvf9Ss623VQ5DA invoke [1]
[2025-11-05T06:35:18.695961000Z DEBUG solana_runtime::message_processor::stable_log] Program log: Instruction: MintTo
[2025-11-05T06:35:18.696022000Z DEBUG solana_runtime::message_processor::stable_log] Program TokenkegQfeZyiNwAJbNbGKPFXCWuBvf9Ss623VQ5DA consumed 4491 of 200000 compute units
[2025-11-05T06:35:18.696032000Z DEBUG solana_runtime::message_processor::stable_log] Program TokenkegQfeZyiNwAJbNbGKPFXCWuBvf9Ss623VQ5DA success
[2025-11-05T06:35:18.711062000Z DEBUG solana_runtime::message_processor::stable_log] Program ASmKWt93JEMHxbdE6j7znD9y2FcdPboCzC3xtSTJvN7S invoke [1]
[2025-11-05T06:35:18.711122000Z DEBUG solana_runtime::message_processor::stable_log] Program log: Instruction: CreateConfig
[2025-11-05T06:35:18.711224000Z DEBUG solana_runtime::message_processor::stable_log] Program 11111111111111111111111111111111 invoke [2]
[2025-11-05T06:35:18.711234000Z DEBUG solana_runtime::message_processor::stable_log] Program 11111111111111111111111111111111 success
[2025-11-05T06:35:18.711330000Z DEBUG solana_runtime::message_processor::stable_log] Program ASmKWt93JEMHxbdE6j7znD9y2FcdPboCzC3xtSTJvN7S invoke [2]
[2025-11-05T06:35:18.711381000Z DEBUG solana_runtime::message_processor::stable_log] Program ASmKWt93JEMHxbdE6j7znD9y2FcdPboCzC3xtSTJvN7S consumed 2069 of 183095 compute units
[2025-11-05T06:35:18.711393000Z DEBUG solana_runtime::message_processor::stable_log] Program ASmKWt93JEMHxbdE6j7znD9y2FcdPboCzC3xtSTJvN7S success
[2025-11-05T06:35:18.711407000Z DEBUG solana_runtime::message_processor::stable_log] Program ASmKWt93JEMHxbdE6j7znD9y2FcdPboCzC3xtSTJvN7S consumed 19279 of 200000 compute units
[2025-11-05T06:35:18.711421000Z DEBUG solana_runtime::message_processor::stable_log] Program ASmKWt93JEMHxbdE6j7znD9y2FcdPboCzC3xtSTJvN7S success
[2025-11-05T06:35:18.739267000Z DEBUG solana_runtime::message_processor::stable_log] Program ASmKWt93JEMHxbdE6j7znD9y2FcdPboCzC3xtSTJvN7S invoke [1]
[2025-11-05T06:35:18.739381000Z DEBUG solana_runtime::message_processor::stable_log] Program log: Instruction: InitializePool
[2025-11-05T06:35:18.739512000Z DEBUG solana_runtime::message_processor::stable_log] Program 11111111111111111111111111111111 invoke [2]
[2025-11-05T06:35:18.739520000Z DEBUG solana_runtime::message_processor::stable_log] Program 11111111111111111111111111111111 success
[2025-11-05T06:35:18.739552000Z DEBUG solana_runtime::message_processor::stable_log] Program TokenzQdBNbLqP5VEhdkAS6EPFLC1PHnBqCXEpPxuEb invoke [2]
[2025-11-05T06:35:18.739580000Z DEBUG solana_runtime::message_processor::stable_log] Program log: MetadataPointerInstruction::Initialize
[2025-11-05T06:35:18.739612000Z DEBUG solana_runtime::message_processor::stable_log] Program TokenzQdBNbLqP5VEhdkAS6EPFLC1PHnBqCXEpPxuEb consumed 2442 of 334963 compute units
[2025-11-05T06:35:18.739621000Z DEBUG solana_runtime::message_processor::stable_log] Program TokenzQdBNbLqP5VEhdkAS6EPFLC1PHnBqCXEpPxuEb success
[2025-11-05T06:35:18.739649000Z DEBUG solana_runtime::message_processor::stable_log] Program TokenzQdBNbLqP5VEhdkAS6EPFLC1PHnBqCXEpPxuEb invoke [2]
[2025-11-05T06:35:18.739670000Z DEBUG solana_runtime::message_processor::stable_log] Program log: Instruction: InitializeMintCloseAuthority
[2025-11-05T06:35:18.739701000Z DEBUG solana_runtime::message_processor::stable_log] Program TokenzQdBNbLqP5VEhdkAS6EPFLC1PHnBqCXEpPxuEb consumed 2570 of 330543 compute units
[2025-11-05T06:35:18.739708000Z DEBUG solana_runtime::message_processor::stable_log] Program TokenzQdBNbLqP5VEhdkAS6EPFLC1PHnBqCXEpPxuEb success
[2025-11-05T06:35:18.739737000Z DEBUG solana_runtime::message_processor::stable_log] Program TokenzQdBNbLqP5VEhdkAS6EPFLC1PHnBqCXEpPxuEb invoke [2]
[2025-11-05T06:35:18.739759000Z DEBUG solana_runtime::message_processor::stable_log] Program log: Instruction: InitializeMint2
[2025-11-05T06:35:18.739814000Z DEBUG solana_runtime::message_processor::stable_log] Program TokenzQdBNbLqP5VEhdkAS6EPFLC1PHnBqCXEpPxuEb consumed 4078 of 326031 compute units
[2025-11-05T06:35:18.739821000Z DEBUG solana_runtime::message_processor::stable_log] Program TokenzQdBNbLqP5VEhdkAS6EPFLC1PHnBqCXEpPxuEb success
[2025-11-05T06:35:18.739960000Z DEBUG solana_runtime::message_processor::stable_log] Program 11111111111111111111111111111111 invoke [2]
[2025-11-05T06:35:18.739964000Z DEBUG solana_runtime::message_processor::stable_log] Program 11111111111111111111111111111111 success
[2025-11-05T06:35:18.739991000Z DEBUG solana_runtime::message_processor::stable_log] Program TokenzQdBNbLqP5VEhdkAS6EPFLC1PHnBqCXEpPxuEb invoke [2]
[2025-11-05T06:35:18.740016000Z DEBUG solana_runtime::message_processor::stable_log] Program log: Instruction: InitializeAccount3
[2025-11-05T06:35:18.740089000Z DEBUG solana_runtime::message_processor::stable_log] Program TokenzQdBNbLqP5VEhdkAS6EPFLC1PHnBqCXEpPxuEb consumed 5137 of 306347 compute units
[2025-11-05T06:35:18.740096000Z DEBUG solana_runtime::message_processor::stable_log] Program TokenzQdBNbLqP5VEhdkAS6EPFLC1PHnBqCXEpPxuEb success
[2025-11-05T06:35:18.740230000Z DEBUG solana_runtime::message_processor::stable_log] Program 11111111111111111111111111111111 invoke [2]
[2025-11-05T06:35:18.740237000Z DEBUG solana_runtime::message_processor::stable_log] Program 11111111111111111111111111111111 success
[2025-11-05T06:35:18.740347000Z DEBUG solana_runtime::message_processor::stable_log] Program 11111111111111111111111111111111 invoke [2]
[2025-11-05T06:35:18.740355000Z DEBUG solana_runtime::message_processor::stable_log] Program 11111111111111111111111111111111 success
[2025-11-05T06:35:18.740461000Z DEBUG solana_runtime::message_processor::stable_log] Program 11111111111111111111111111111111 invoke [2]
[2025-11-05T06:35:18.740464000Z DEBUG solana_runtime::message_processor::stable_log] Program 11111111111111111111111111111111 success
[2025-11-05T06:35:18.740491000Z DEBUG solana_runtime::message_processor::stable_log] Program TokenkegQfeZyiNwAJbNbGKPFXCWuBvf9Ss623VQ5DA invoke [2]
[2025-11-05T06:35:18.740522000Z DEBUG solana_runtime::message_processor::stable_log] Program log: Instruction: InitializeAccount3
[2025-11-05T06:35:18.740579000Z DEBUG solana_runtime::message_processor::stable_log] Program TokenkegQfeZyiNwAJbNbGKPFXCWuBvf9Ss623VQ5DA consumed 4214 of 273744 compute units
[2025-11-05T06:35:18.740590000Z DEBUG solana_runtime::message_processor::stable_log] Program TokenkegQfeZyiNwAJbNbGKPFXCWuBvf9Ss623VQ5DA success
[2025-11-05T06:35:18.740687000Z DEBUG solana_runtime::message_processor::stable_log] Program 11111111111111111111111111111111 invoke [2]
[2025-11-05T06:35:18.740692000Z DEBUG solana_runtime::message_processor::stable_log] Program 11111111111111111111111111111111 success
[2025-11-05T06:35:18.740717000Z DEBUG solana_runtime::message_processor::stable_log] Program TokenkegQfeZyiNwAJbNbGKPFXCWuBvf9Ss623VQ5DA invoke [2]
[2025-11-05T06:35:18.740741000Z DEBUG solana_runtime::message_processor::stable_log] Program log: Instruction: InitializeAccount3
[2025-11-05T06:35:18.740793000Z DEBUG solana_runtime::message_processor::stable_log] Program TokenkegQfeZyiNwAJbNbGKPFXCWuBvf9Ss623VQ5DA consumed 4214 of 259105 compute units
[2025-11-05T06:35:18.740801000Z DEBUG solana_runtime::message_processor::stable_log] Program TokenkegQfeZyiNwAJbNbGKPFXCWuBvf9Ss623VQ5DA success
[2025-11-05T06:35:18.741009000Z DEBUG solana_runtime::message_processor::stable_log] Program TokenzQdBNbLqP5VEhdkAS6EPFLC1PHnBqCXEpPxuEb invoke [2]
[2025-11-05T06:35:18.741057000Z DEBUG solana_runtime::message_processor::stable_log] Program log: TokenMetadataInstruction: Initialize
[2025-11-05T06:35:18.741173000Z DEBUG solana_runtime::message_processor::stable_log] Program TokenzQdBNbLqP5VEhdkAS6EPFLC1PHnBqCXEpPxuEb consumed 9900 of 242603 compute units
[2025-11-05T06:35:18.741181000Z DEBUG solana_runtime::message_processor::stable_log] Program TokenzQdBNbLqP5VEhdkAS6EPFLC1PHnBqCXEpPxuEb success
[2025-11-05T06:35:18.741221000Z DEBUG solana_runtime::message_processor::stable_log] Program 11111111111111111111111111111111 invoke [2]
[2025-11-05T06:35:18.741224000Z DEBUG solana_runtime::message_processor::stable_log] Program 11111111111111111111111111111111 success
[2025-11-05T06:35:18.741262000Z DEBUG solana_runtime::message_processor::stable_log] Program TokenzQdBNbLqP5VEhdkAS6EPFLC1PHnBqCXEpPxuEb invoke [2]
[2025-11-05T06:35:18.741289000Z DEBUG solana_runtime::message_processor::stable_log] Program log: Instruction: MintTo
[2025-11-05T06:35:18.741358000Z DEBUG solana_runtime::message_processor::stable_log] Program TokenzQdBNbLqP5VEhdkAS6EPFLC1PHnBqCXEpPxuEb consumed 5540 of 227641 compute units
[2025-11-05T06:35:18.741366000Z DEBUG solana_runtime::message_processor::stable_log] Program TokenzQdBNbLqP5VEhdkAS6EPFLC1PHnBqCXEpPxuEb success
[2025-11-05T06:35:18.741415000Z DEBUG solana_runtime::message_processor::stable_log] Program ASmKWt93JEMHxbdE6j7znD9y2FcdPboCzC3xtSTJvN7S invoke [2]
[2025-11-05T06:35:18.741445000Z DEBUG solana_runtime::message_processor::stable_log] Program ASmKWt93JEMHxbdE6j7znD9y2FcdPboCzC3xtSTJvN7S consumed 2069 of 219036 compute units
[2025-11-05T06:35:18.741454000Z DEBUG solana_runtime::message_processor::stable_log] Program ASmKWt93JEMHxbdE6j7znD9y2FcdPboCzC3xtSTJvN7S success
[2025-11-05T06:35:18.741597000Z DEBUG solana_runtime::message_processor::stable_log] Program TokenkegQfeZyiNwAJbNbGKPFXCWuBvf9Ss623VQ5DA invoke [2]
[2025-11-05T06:35:18.741637000Z DEBUG solana_runtime::message_processor::stable_log] Program log: Instruction: TransferChecked
[2025-11-05T06:35:18.741709000Z DEBUG solana_runtime::message_processor::stable_log] Program TokenkegQfeZyiNwAJbNbGKPFXCWuBvf9Ss623VQ5DA consumed 6174 of 214423 compute units
[2025-11-05T06:35:18.741719000Z DEBUG solana_runtime::message_processor::stable_log] Program TokenkegQfeZyiNwAJbNbGKPFXCWuBvf9Ss623VQ5DA success
[2025-11-05T06:35:18.741758000Z DEBUG solana_runtime::message_processor::stable_log] Program TokenkegQfeZyiNwAJbNbGKPFXCWuBvf9Ss623VQ5DA invoke [2]
[2025-11-05T06:35:18.741788000Z DEBUG solana_runtime::message_processor::stable_log] Program log: Instruction: TransferChecked
[2025-11-05T06:35:18.741854000Z DEBUG solana_runtime::message_processor::stable_log] Program TokenkegQfeZyiNwAJbNbGKPFXCWuBvf9Ss623VQ5DA consumed 6174 of 205839 compute units
[2025-11-05T06:35:18.741863000Z DEBUG solana_runtime::message_processor::stable_log] Program TokenkegQfeZyiNwAJbNbGKPFXCWuBvf9Ss623VQ5DA success
[2025-11-05T06:35:18.741935000Z DEBUG solana_runtime::message_processor::stable_log] Program ASmKWt93JEMHxbdE6j7znD9y2FcdPboCzC3xtSTJvN7S invoke [2]
[2025-11-05T06:35:18.741965000Z DEBUG solana_runtime::message_processor::stable_log] Program ASmKWt93JEMHxbdE6j7znD9y2FcdPboCzC3xtSTJvN7S consumed 2069 of 194584 compute units
[2025-11-05T06:35:18.741976000Z DEBUG solana_runtime::message_processor::stable_log] Program ASmKWt93JEMHxbdE6j7znD9y2FcdPboCzC3xtSTJvN7S success
[2025-11-05T06:35:18.742002000Z DEBUG solana_runtime::message_processor::stable_log] Program ASmKWt93JEMHxbdE6j7znD9y2FcdPboCzC3xtSTJvN7S consumed 158279 of 350000 compute units
[2025-11-05T06:35:18.742011000Z DEBUG solana_runtime::message_processor::stable_log] Program ASmKWt93JEMHxbdE6j7znD9y2FcdPboCzC3xtSTJvN7S success
[2025-11-05T06:35:18.742019000Z DEBUG solana_runtime::message_processor::stable_log] Program ComputeBudget111111111111111111111111111111 invoke [1]
[2025-11-05T06:35:18.742025000Z DEBUG solana_runtime::message_processor::stable_log] Program ComputeBudget111111111111111111111111111111 success
[2025-11-05T06:35:18.762808000Z DEBUG solana_runtime::message_processor::stable_log] Program 5B57SJ3g2YoNXUpsZqqjEQkRSxyKtVTQRXdgAirz6bio invoke [1]
[2025-11-05T06:35:18.762991000Z DEBUG solana_runtime::message_processor::stable_log] Program log: Instruction: InitializeHonoraryPosition
[2025-11-05T06:35:18.763143000Z DEBUG solana_runtime::message_processor::stable_log] Program 11111111111111111111111111111111 invoke [2]
[2025-11-05T06:35:18.763152000Z DEBUG solana_runtime::message_processor::stable_log] Program 11111111111111111111111111111111 success
[2025-11-05T06:35:18.763233000Z DEBUG solana_runtime::message_processor::stable_log] Program 11111111111111111111111111111111 invoke [2]
[2025-11-05T06:35:18.763238000Z DEBUG solana_runtime::message_processor::stable_log] Program 11111111111111111111111111111111 success
[2025-11-05T06:35:18.763267000Z DEBUG solana_runtime::message_processor::stable_log] Program TokenkegQfeZyiNwAJbNbGKPFXCWuBvf9Ss623VQ5DA invoke [2]
[2025-11-05T06:35:18.763299000Z DEBUG solana_runtime::message_processor::stable_log] Program log: Instruction: InitializeAccount3
[2025-11-05T06:35:18.763361000Z DEBUG solana_runtime::message_processor::stable_log] Program TokenkegQfeZyiNwAJbNbGKPFXCWuBvf9Ss623VQ5DA consumed 4214 of 178612 compute units
[2025-11-05T06:35:18.763374000Z DEBUG solana_runtime::message_processor::stable_log] Program TokenkegQfeZyiNwAJbNbGKPFXCWuBvf9Ss623VQ5DA success
[2025-11-05T06:35:18.763467000Z DEBUG solana_runtime::message_processor::stable_log] Program 11111111111111111111111111111111 invoke [2]
[2025-11-05T06:35:18.763473000Z DEBUG solana_runtime::message_processor::stable_log] Program 11111111111111111111111111111111 success
[2025-11-05T06:35:18.763499000Z DEBUG solana_runtime::message_processor::stable_log] Program TokenkegQfeZyiNwAJbNbGKPFXCWuBvf9Ss623VQ5DA invoke [2]
[2025-11-05T06:35:18.763526000Z DEBUG solana_runtime::message_processor::stable_log] Program log: Instruction: InitializeAccount3
[2025-11-05T06:35:18.763579000Z DEBUG solana_runtime::message_processor::stable_log] Program TokenkegQfeZyiNwAJbNbGKPFXCWuBvf9Ss623VQ5DA consumed 4214 of 165476 compute units
[2025-11-05T06:35:18.763586000Z DEBUG solana_runtime::message_processor::stable_log] Program TokenkegQfeZyiNwAJbNbGKPFXCWuBvf9Ss623VQ5DA success
[2025-11-05T06:35:18.763640000Z DEBUG solana_runtime::message_processor::stable_log] Program log: Creating honorary position through CP-AMM CPI
[2025-11-05T06:35:18.763713000Z DEBUG solana_runtime::message_processor::stable_log] Program ASmKWt93JEMHxbdE6j7znD9y2FcdPboCzC3xtSTJvN7S invoke [2]
[2025-11-05T06:35:18.763790000Z DEBUG solana_runtime::message_processor::stable_log] Program log: Instruction: CreatePosition
[2025-11-05T06:35:18.763856000Z DEBUG solana_runtime::message_processor::stable_log] Program 11111111111111111111111111111111 invoke [3]
[2025-11-05T06:35:18.763860000Z DEBUG solana_runtime::message_processor::stable_log] Program 11111111111111111111111111111111 success
[2025-11-05T06:35:18.763890000Z DEBUG solana_runtime::message_processor::stable_log] Program TokenzQdBNbLqP5VEhdkAS6EPFLC1PHnBqCXEpPxuEb invoke [3]
[2025-11-05T06:35:18.763921000Z DEBUG solana_runtime::message_processor::stable_log] Program log: MetadataPointerInstruction::Initialize
[2025-11-05T06:35:18.763957000Z DEBUG solana_runtime::message_processor::stable_log] Program TokenzQdBNbLqP5VEhdkAS6EPFLC1PHnBqCXEpPxuEb consumed 2442 of 140170 compute units
[2025-11-05T06:35:18.763965000Z DEBUG solana_runtime::message_processor::stable_log] Program TokenzQdBNbLqP5VEhdkAS6EPFLC1PHnBqCXEpPxuEb success
[2025-11-05T06:35:18.763993000Z DEBUG solana_runtime::message_processor::stable_log] Program TokenzQdBNbLqP5VEhdkAS6EPFLC1PHnBqCXEpPxuEb invoke [3]
[2025-11-05T06:35:18.764013000Z DEBUG solana_runtime::message_processor::stable_log] Program log: Instruction: InitializeMintCloseAuthority
[2025-11-05T06:35:18.764044000Z DEBUG solana_runtime::message_processor::stable_log] Program TokenzQdBNbLqP5VEhdkAS6EPFLC1PHnBqCXEpPxuEb consumed 2570 of 135750 compute units
[2025-11-05T06:35:18.764051000Z DEBUG solana_runtime::message_processor::stable_log] Program TokenzQdBNbLqP5VEhdkAS6EPFLC1PHnBqCXEpPxuEb success
[2025-11-05T06:35:18.764078000Z DEBUG solana_runtime::message_processor::stable_log] Program TokenzQdBNbLqP5VEhdkAS6EPFLC1PHnBqCXEpPxuEb invoke [3]
[2025-11-05T06:35:18.764100000Z DEBUG solana_runtime::message_processor::stable_log] Program log: Instruction: InitializeMint2
[2025-11-05T06:35:18.764162000Z DEBUG solana_runtime::message_processor::stable_log] Program TokenzQdBNbLqP5VEhdkAS6EPFLC1PHnBqCXEpPxuEb consumed 4078 of 131237 compute units
[2025-11-05T06:35:18.764171000Z DEBUG solana_runtime::message_processor::stable_log] Program TokenzQdBNbLqP5VEhdkAS6EPFLC1PHnBqCXEpPxuEb success
[2025-11-05T06:35:18.764319000Z DEBUG solana_runtime::message_processor::stable_log] Program 11111111111111111111111111111111 invoke [3]
[2025-11-05T06:35:18.764330000Z DEBUG solana_runtime::message_processor::stable_log] Program 11111111111111111111111111111111 success
[2025-11-05T06:35:18.764356000Z DEBUG solana_runtime::message_processor::stable_log] Program TokenzQdBNbLqP5VEhdkAS6EPFLC1PHnBqCXEpPxuEb invoke [3]
[2025-11-05T06:35:18.764379000Z DEBUG solana_runtime::message_processor::stable_log] Program log: Instruction: InitializeAccount3
[2025-11-05T06:35:18.764454000Z DEBUG solana_runtime::message_processor::stable_log] Program TokenzQdBNbLqP5VEhdkAS6EPFLC1PHnBqCXEpPxuEb consumed 5137 of 114553 compute units
[2025-11-05T06:35:18.764463000Z DEBUG solana_runtime::message_processor::stable_log] Program TokenzQdBNbLqP5VEhdkAS6EPFLC1PHnBqCXEpPxuEb success
[2025-11-05T06:35:18.764569000Z DEBUG solana_runtime::message_processor::stable_log] Program 11111111111111111111111111111111 invoke [3]
[2025-11-05T06:35:18.764575000Z DEBUG solana_runtime::message_processor::stable_log] Program 11111111111111111111111111111111 success
[2025-11-05T06:35:18.764670000Z DEBUG solana_runtime::message_processor::stable_log] Program TokenzQdBNbLqP5VEhdkAS6EPFLC1PHnBqCXEpPxuEb invoke [3]
[2025-11-05T06:35:18.764724000Z DEBUG solana_runtime::message_processor::stable_log] Program log: TokenMetadataInstruction: Initialize
[2025-11-05T06:35:18.764845000Z DEBUG solana_runtime::message_processor::stable_log] Program TokenzQdBNbLqP5VEhdkAS6EPFLC1PHnBqCXEpPxuEb consumed 9900 of 94823 compute units
[2025-11-05T06:35:18.764856000Z DEBUG solana_runtime::message_processor::stable_log] Program TokenzQdBNbLqP5VEhdkAS6EPFLC1PHnBqCXEpPxuEb success
[2025-11-05T06:35:18.764895000Z DEBUG solana_runtime::message_processor::stable_log] Program 11111111111111111111111111111111 invoke [3]
[2025-11-05T06:35:18.764898000Z DEBUG solana_runtime::message_processor::stable_log] Program 11111111111111111111111111111111 success
[2025-11-05T06:35:18.764934000Z DEBUG solana_runtime::message_processor::stable_log] Program TokenzQdBNbLqP5VEhdkAS6EPFLC1PHnBqCXEpPxuEb invoke [3]
[2025-11-05T06:35:18.764967000Z DEBUG solana_runtime::message_processor::stable_log] Program log: Instruction: MintTo
[2025-11-05T06:35:18.765036000Z DEBUG solana_runtime::message_processor::stable_log] Program TokenzQdBNbLqP5VEhdkAS6EPFLC1PHnBqCXEpPxuEb consumed 5540 of 79861 compute units
[2025-11-05T06:35:18.765048000Z DEBUG solana_runtime::message_processor::stable_log] Program TokenzQdBNbLqP5VEhdkAS6EPFLC1PHnBqCXEpPxuEb success
[2025-11-05T06:35:18.765096000Z DEBUG solana_runtime::message_processor::stable_log] Program ASmKWt93JEMHxbdE6j7znD9y2FcdPboCzC3xtSTJvN7S invoke [3]
[2025-11-05T06:35:18.765129000Z DEBUG solana_runtime::message_processor::stable_log] Program ASmKWt93JEMHxbdE6j7znD9y2FcdPboCzC3xtSTJvN7S consumed 2069 of 71255 compute units
[2025-11-05T06:35:18.765137000Z DEBUG solana_runtime::message_processor::stable_log] Program ASmKWt93JEMHxbdE6j7znD9y2FcdPboCzC3xtSTJvN7S success
[2025-11-05T06:35:18.765156000Z DEBUG solana_runtime::message_processor::stable_log] Program ASmKWt93JEMHxbdE6j7znD9y2FcdPboCzC3xtSTJvN7S consumed 80600 of 149214 compute units
[2025-11-05T06:35:18.765166000Z DEBUG solana_runtime::message_processor::stable_log] Program ASmKWt93JEMHxbdE6j7znD9y2FcdPboCzC3xtSTJvN7S success
[2025-11-05T06:35:18.765190000Z DEBUG solana_runtime::message_processor::stable_log] Program data: B9TwvmYpSylsrZ6jTWvdv8ZXto3o9o0PbHh3cT5/4anff6W1MLgHahcQPeeHY/clpUgw6/fqdlaJU1kc8ClX6UJfWu02uybMwVo513o2bDm0Jc8R8pe7c/9yTFz770ZlERsQthbHNIku26n8Hwe4523moH1KQqYQZTCBjnsNkrFlUDGwd1KKdAJzY3s/MYI6I7pCLgedXjzZ6Nr8AY4xRp1d7CS7ynRQJvAKaQAAAAA=
[2025-11-05T06:35:18.765209000Z DEBUG solana_runtime::message_processor::stable_log] Program 5B57SJ3g2YoNXUpsZqqjEQkRSxyKtVTQRXdgAirz6bio consumed 133480 of 200000 compute units
[2025-11-05T06:35:18.765219000Z DEBUG solana_runtime::message_processor::stable_log] Program 5B57SJ3g2YoNXUpsZqqjEQkRSxyKtVTQRXdgAirz6bio success
[2025-11-05T06:35:18.771364000Z DEBUG solana_runtime::message_processor::stable_log] Program 5B57SJ3g2YoNXUpsZqqjEQkRSxyKtVTQRXdgAirz6bio invoke [1]
[2025-11-05T06:35:18.771440000Z DEBUG solana_runtime::message_processor::stable_log] Program log: Instruction: SetupPolicy
[2025-11-05T06:35:18.771519000Z DEBUG solana_runtime::message_processor::stable_log] Program 11111111111111111111111111111111 invoke [2]
[2025-11-05T06:35:18.771531000Z DEBUG solana_runtime::message_processor::stable_log] Program 11111111111111111111111111111111 success
[2025-11-05T06:35:18.771609000Z DEBUG solana_runtime::message_processor::stable_log] Program 11111111111111111111111111111111 invoke [2]
[2025-11-05T06:35:18.771613000Z DEBUG solana_runtime::message_processor::stable_log] Program 11111111111111111111111111111111 success
[2025-11-05T06:35:18.771650000Z DEBUG solana_runtime::message_processor::stable_log] Program data: HFXHbHKxoyZsrZ6jTWvdv8ZXto3o9o0PbHh3cT5/4anff6W1MLgHaoFgGKpnBqrw9pXRkvjlW+uvMWPJtpa9wX2bu9lBnEgBECdAS0wAAAAAACbwCmkAAAAA
[2025-11-05T06:35:18.771676000Z DEBUG solana_runtime::message_processor::stable_log] Program 5B57SJ3g2YoNXUpsZqqjEQkRSxyKtVTQRXdgAirz6bio consumed 16526 of 200000 compute units
[2025-11-05T06:35:18.771687000Z DEBUG solana_runtime::message_processor::stable_log] Program 5B57SJ3g2YoNXUpsZqqjEQkRSxyKtVTQRXdgAirz6bio success
[2025-11-05T06:35:18.788625000Z DEBUG solana_runtime::message_processor::stable_log] Program 5B57SJ3g2YoNXUpsZqqjEQkRSxyKtVTQRXdgAirz6bio invoke [1]
[2025-11-05T06:35:18.788749000Z DEBUG solana_runtime::message_processor::stable_log] Program log: Instruction: AddHonoraryLiquidity
[2025-11-05T06:35:18.789025000Z DEBUG solana_runtime::message_processor::stable_log] Program log: Adding liquidity to honorary position
[2025-11-05T06:35:18.789070000Z DEBUG solana_runtime::message_processor::stable_log] Program TokenkegQfeZyiNwAJbNbGKPFXCWuBvf9Ss623VQ5DA invoke [2]
[2025-11-05T06:35:18.789112000Z DEBUG solana_runtime::message_processor::stable_log] Program log: Instruction: TransferChecked
[2025-11-05T06:35:18.789188000Z DEBUG solana_runtime::message_processor::stable_log] Program TokenkegQfeZyiNwAJbNbGKPFXCWuBvf9Ss623VQ5DA consumed 6174 of 172743 compute units
[2025-11-05T06:35:18.789199000Z DEBUG solana_runtime::message_processor::stable_log] Program TokenkegQfeZyiNwAJbNbGKPFXCWuBvf9Ss623VQ5DA success
[2025-11-05T06:35:18.789245000Z DEBUG solana_runtime::message_processor::stable_log] Program TokenkegQfeZyiNwAJbNbGKPFXCWuBvf9Ss623VQ5DA invoke [2]
[2025-11-05T06:35:18.789295000Z DEBUG solana_runtime::message_processor::stable_log] Program log: Instruction: TransferChecked
[2025-11-05T06:35:18.789374000Z DEBUG solana_runtime::message_processor::stable_log] Program TokenkegQfeZyiNwAJbNbGKPFXCWuBvf9Ss623VQ5DA consumed 6174 of 163836 compute units
[2025-11-05T06:35:18.789385000Z DEBUG solana_runtime::message_processor::stable_log] Program TokenkegQfeZyiNwAJbNbGKPFXCWuBvf9Ss623VQ5DA success
[2025-11-05T06:35:18.789501000Z DEBUG solana_runtime::message_processor::stable_log] Program ASmKWt93JEMHxbdE6j7znD9y2FcdPboCzC3xtSTJvN7S invoke [2]
[2025-11-05T06:35:18.789599000Z DEBUG solana_runtime::message_processor::stable_log] Program log: Instruction: AddLiquidity
[2025-11-05T06:35:18.789876000Z DEBUG solana_runtime::message_processor::stable_log] Program TokenkegQfeZyiNwAJbNbGKPFXCWuBvf9Ss623VQ5DA invoke [3]
[2025-11-05T06:35:18.789910000Z DEBUG solana_runtime::message_processor::stable_log] Program log: Instruction: TransferChecked
[2025-11-05T06:35:18.789979000Z DEBUG solana_runtime::message_processor::stable_log] Program TokenkegQfeZyiNwAJbNbGKPFXCWuBvf9Ss623VQ5DA consumed 6174 of 125256 compute units
[2025-11-05T06:35:18.789987000Z DEBUG solana_runtime::message_processor::stable_log] Program TokenkegQfeZyiNwAJbNbGKPFXCWuBvf9Ss623VQ5DA success
[2025-11-05T06:35:18.790027000Z DEBUG solana_runtime::message_processor::stable_log] Program TokenkegQfeZyiNwAJbNbGKPFXCWuBvf9Ss623VQ5DA invoke [3]
[2025-11-05T06:35:18.790058000Z DEBUG solana_runtime::message_processor::stable_log] Program log: Instruction: TransferChecked
[2025-11-05T06:35:18.790126000Z DEBUG solana_runtime::message_processor::stable_log] Program TokenkegQfeZyiNwAJbNbGKPFXCWuBvf9Ss623VQ5DA consumed 6174 of 116672 compute units
[2025-11-05T06:35:18.790135000Z DEBUG solana_runtime::message_processor::stable_log] Program TokenkegQfeZyiNwAJbNbGKPFXCWuBvf9Ss623VQ5DA success
[2025-11-05T06:35:18.790185000Z DEBUG solana_runtime::message_processor::stable_log] Program ASmKWt93JEMHxbdE6j7znD9y2FcdPboCzC3xtSTJvN7S invoke [3]
[2025-11-05T06:35:18.790219000Z DEBUG solana_runtime::message_processor::stable_log] Program ASmKWt93JEMHxbdE6j7znD9y2FcdPboCzC3xtSTJvN7S consumed 2069 of 107244 compute units
[2025-11-05T06:35:18.790227000Z DEBUG solana_runtime::message_processor::stable_log] Program ASmKWt93JEMHxbdE6j7znD9y2FcdPboCzC3xtSTJvN7S success
[2025-11-05T06:35:18.790331000Z DEBUG solana_runtime::message_processor::stable_log] Program ASmKWt93JEMHxbdE6j7znD9y2FcdPboCzC3xtSTJvN7S invoke [3]
[2025-11-05T06:35:18.790358000Z DEBUG solana_runtime::message_processor::stable_log] Program ASmKWt93JEMHxbdE6j7znD9y2FcdPboCzC3xtSTJvN7S consumed 2069 of 98741 compute units
[2025-11-05T06:35:18.790366000Z DEBUG solana_runtime::message_processor::stable_log] Program ASmKWt93JEMHxbdE6j7znD9y2FcdPboCzC3xtSTJvN7S success
[2025-11-05T06:35:18.790386000Z DEBUG solana_runtime::message_processor::stable_log] Program ASmKWt93JEMHxbdE6j7znD9y2FcdPboCzC3xtSTJvN7S consumed 50736 of 146767 compute units
[2025-11-05T06:35:18.790394000Z DEBUG solana_runtime::message_processor::stable_log] Program ASmKWt93JEMHxbdE6j7znD9y2FcdPboCzC3xtSTJvN7S success
[2025-11-05T06:35:18.790425000Z DEBUG solana_runtime::message_processor::stable_log] Program log: Successfully added 1844674407370955161600 liquidity to honorary position
[2025-11-05T06:35:18.790437000Z DEBUG solana_runtime::message_processor::stable_log] Program 5B57SJ3g2YoNXUpsZqqjEQkRSxyKtVTQRXdgAirz6bio consumed 105647 of 200000 compute units
[2025-11-05T06:35:18.790446000Z DEBUG solana_runtime::message_processor::stable_log] Program 5B57SJ3g2YoNXUpsZqqjEQkRSxyKtVTQRXdgAirz6bio success
[2025-11-05T06:35:18.798781000Z DEBUG solana_runtime::message_processor::stable_log] Program 11111111111111111111111111111111 invoke [1]
[2025-11-05T06:35:18.798796000Z DEBUG solana_runtime::message_processor::stable_log] Program 11111111111111111111111111111111 success
  Stream 0: 100% locked, expected locked amount: 1000000, amount_per_period: 2777
[2025-11-05T06:35:18.803787000Z DEBUG solana_runtime::message_processor::stable_log] Program ATokenGPvbdGVxr1b2hvZbsiqW5xWH25efTNsLJA8knL invoke [1]
[2025-11-05T06:35:18.803863000Z DEBUG solana_runtime::message_processor::stable_log] Program log: Create
[2025-11-05T06:35:18.803913000Z DEBUG solana_runtime::message_processor::stable_log] Program TokenkegQfeZyiNwAJbNbGKPFXCWuBvf9Ss623VQ5DA invoke [2]
[2025-11-05T06:35:18.803944000Z DEBUG solana_runtime::message_processor::stable_log] Program log: Instruction: GetAccountDataSize
[2025-11-05T06:35:18.803962000Z DEBUG solana_runtime::message_processor::stable_log] Program TokenkegQfeZyiNwAJbNbGKPFXCWuBvf9Ss623VQ5DA consumed 1595 of 194555 compute units
[2025-11-05T06:35:18.803970000Z DEBUG solana_runtime::message_processor::stable_log] Program return: TokenkegQfeZyiNwAJbNbGKPFXCWuBvf9Ss623VQ5DA pQAAAAAAAAA=
[2025-11-05T06:35:18.803979000Z DEBUG solana_runtime::message_processor::stable_log] Program TokenkegQfeZyiNwAJbNbGKPFXCWuBvf9Ss623VQ5DA success
[2025-11-05T06:35:18.804032000Z DEBUG solana_runtime::message_processor::stable_log] Program 11111111111111111111111111111111 invoke [2]
[2025-11-05T06:35:18.804042000Z DEBUG solana_runtime::message_processor::stable_log] Program 11111111111111111111111111111111 success
[2025-11-05T06:35:18.804053000Z DEBUG solana_runtime::message_processor::stable_log] Program log: Initialize the associated token account
[2025-11-05T06:35:18.804070000Z DEBUG solana_runtime::message_processor::stable_log] Program TokenkegQfeZyiNwAJbNbGKPFXCWuBvf9Ss623VQ5DA invoke [2]
[2025-11-05T06:35:18.804091000Z DEBUG solana_runtime::message_processor::stable_log] Program log: Instruction: InitializeImmutableOwner
[2025-11-05T06:35:18.804102000Z DEBUG solana_runtime::message_processor::stable_log] Program log: Please upgrade to SPL Token 2022 for immutable owner support
[2025-11-05T06:35:18.804108000Z DEBUG solana_runtime::message_processor::stable_log] Program TokenkegQfeZyiNwAJbNbGKPFXCWuBvf9Ss623VQ5DA consumed 1405 of 187942 compute units
[2025-11-05T06:35:18.804115000Z DEBUG solana_runtime::message_processor::stable_log] Program TokenkegQfeZyiNwAJbNbGKPFXCWuBvf9Ss623VQ5DA success
[2025-11-05T06:35:18.804148000Z DEBUG solana_runtime::message_processor::stable_log] Program TokenkegQfeZyiNwAJbNbGKPFXCWuBvf9Ss623VQ5DA invoke [2]
[2025-11-05T06:35:18.804173000Z DEBUG solana_runtime::message_processor::stable_log] Program log: Instruction: InitializeAccount3
[2025-11-05T06:35:18.804227000Z DEBUG solana_runtime::message_processor::stable_log] Program TokenkegQfeZyiNwAJbNbGKPFXCWuBvf9Ss623VQ5DA consumed 4214 of 184058 compute units
[2025-11-05T06:35:18.804234000Z DEBUG solana_runtime::message_processor::stable_log] Program TokenkegQfeZyiNwAJbNbGKPFXCWuBvf9Ss623VQ5DA success
[2025-11-05T06:35:18.804247000Z DEBUG solana_runtime::message_processor::stable_log] Program ATokenGPvbdGVxr1b2hvZbsiqW5xWH25efTNsLJA8knL consumed 20460 of 200000 compute units
[2025-11-05T06:35:18.804256000Z DEBUG solana_runtime::message_processor::stable_log] Program ATokenGPvbdGVxr1b2hvZbsiqW5xWH25efTNsLJA8knL success
[2025-11-05T06:35:18.812207000Z DEBUG solana_runtime::message_processor::stable_log] Program 11111111111111111111111111111111 invoke [1]
[2025-11-05T06:35:18.812221000Z DEBUG solana_runtime::message_processor::stable_log] Program 11111111111111111111111111111111 success
  Stream 1: 100% locked, expected locked amount: 1000000, amount_per_period: 2777
[2025-11-05T06:35:18.816076000Z DEBUG solana_runtime::message_processor::stable_log] Program ATokenGPvbdGVxr1b2hvZbsiqW5xWH25efTNsLJA8knL invoke [1]
[2025-11-05T06:35:18.816154000Z DEBUG solana_runtime::message_processor::stable_log] Program log: Create
[2025-11-05T06:35:18.816207000Z DEBUG solana_runtime::message_processor::stable_log] Program TokenkegQfeZyiNwAJbNbGKPFXCWuBvf9Ss623VQ5DA invoke [2]
[2025-11-05T06:35:18.816235000Z DEBUG solana_runtime::message_processor::stable_log] Program log: Instruction: GetAccountDataSize
[2025-11-05T06:35:18.816252000Z DEBUG solana_runtime::message_processor::stable_log] Program TokenkegQfeZyiNwAJbNbGKPFXCWuBvf9Ss623VQ5DA consumed 1595 of 194555 compute units
[2025-11-05T06:35:18.816261000Z DEBUG solana_runtime::message_processor::stable_log] Program return: TokenkegQfeZyiNwAJbNbGKPFXCWuBvf9Ss623VQ5DA pQAAAAAAAAA=
[2025-11-05T06:35:18.816269000Z DEBUG solana_runtime::message_processor::stable_log] Program TokenkegQfeZyiNwAJbNbGKPFXCWuBvf9Ss623VQ5DA success
[2025-11-05T06:35:18.816345000Z DEBUG solana_runtime::message_processor::stable_log] Program 11111111111111111111111111111111 invoke [2]
[2025-11-05T06:35:18.816356000Z DEBUG solana_runtime::message_processor::stable_log] Program 11111111111111111111111111111111 success
[2025-11-05T06:35:18.816363000Z DEBUG solana_runtime::message_processor::stable_log] Program log: Initialize the associated token account
[2025-11-05T06:35:18.816383000Z DEBUG solana_runtime::message_processor::stable_log] Program TokenkegQfeZyiNwAJbNbGKPFXCWuBvf9Ss623VQ5DA invoke [2]
[2025-11-05T06:35:18.816409000Z DEBUG solana_runtime::message_processor::stable_log] Program log: Instruction: InitializeImmutableOwner
[2025-11-05T06:35:18.816420000Z DEBUG solana_runtime::message_processor::stable_log] Program log: Please upgrade to SPL Token 2022 for immutable owner support
[2025-11-05T06:35:18.816424000Z DEBUG solana_runtime::message_processor::stable_log] Program TokenkegQfeZyiNwAJbNbGKPFXCWuBvf9Ss623VQ5DA consumed 1405 of 187942 compute units
[2025-11-05T06:35:18.816432000Z DEBUG solana_runtime::message_processor::stable_log] Program TokenkegQfeZyiNwAJbNbGKPFXCWuBvf9Ss623VQ5DA success
[2025-11-05T06:35:18.816467000Z DEBUG solana_runtime::message_processor::stable_log] Program TokenkegQfeZyiNwAJbNbGKPFXCWuBvf9Ss623VQ5DA invoke [2]
[2025-11-05T06:35:18.816496000Z DEBUG solana_runtime::message_processor::stable_log] Program log: Instruction: InitializeAccount3
[2025-11-05T06:35:18.816553000Z DEBUG solana_runtime::message_processor::stable_log] Program TokenkegQfeZyiNwAJbNbGKPFXCWuBvf9Ss623VQ5DA consumed 4214 of 184058 compute units
[2025-11-05T06:35:18.816561000Z DEBUG solana_runtime::message_processor::stable_log] Program TokenkegQfeZyiNwAJbNbGKPFXCWuBvf9Ss623VQ5DA success
[2025-11-05T06:35:18.816573000Z DEBUG solana_runtime::message_processor::stable_log] Program ATokenGPvbdGVxr1b2hvZbsiqW5xWH25efTNsLJA8knL consumed 20460 of 200000 compute units
[2025-11-05T06:35:18.816583000Z DEBUG solana_runtime::message_processor::stable_log] Program ATokenGPvbdGVxr1b2hvZbsiqW5xWH25efTNsLJA8knL success
[2025-11-05T06:35:18.825065000Z DEBUG solana_runtime::message_processor::stable_log] Program 11111111111111111111111111111111 invoke [1]
[2025-11-05T06:35:18.825083000Z DEBUG solana_runtime::message_processor::stable_log] Program 11111111111111111111111111111111 success
  Stream 2: 100% locked, expected locked amount: 1000000, amount_per_period: 2777
[2025-11-05T06:35:18.829520000Z DEBUG solana_runtime::message_processor::stable_log] Program ATokenGPvbdGVxr1b2hvZbsiqW5xWH25efTNsLJA8knL invoke [1]
[2025-11-05T06:35:18.829596000Z DEBUG solana_runtime::message_processor::stable_log] Program log: Create
[2025-11-05T06:35:18.829683000Z DEBUG solana_runtime::message_processor::stable_log] Program TokenkegQfeZyiNwAJbNbGKPFXCWuBvf9Ss623VQ5DA invoke [2]
[2025-11-05T06:35:18.829713000Z DEBUG solana_runtime::message_processor::stable_log] Program log: Instruction: GetAccountDataSize
[2025-11-05T06:35:18.829731000Z DEBUG solana_runtime::message_processor::stable_log] Program TokenkegQfeZyiNwAJbNbGKPFXCWuBvf9Ss623VQ5DA consumed 1595 of 190055 compute units
[2025-11-05T06:35:18.829738000Z DEBUG solana_runtime::message_processor::stable_log] Program return: TokenkegQfeZyiNwAJbNbGKPFXCWuBvf9Ss623VQ5DA pQAAAAAAAAA=
[2025-11-05T06:35:18.829747000Z DEBUG solana_runtime::message_processor::stable_log] Program TokenkegQfeZyiNwAJbNbGKPFXCWuBvf9Ss623VQ5DA success
[2025-11-05T06:35:18.829800000Z DEBUG solana_runtime::message_processor::stable_log] Program 11111111111111111111111111111111 invoke [2]
[2025-11-05T06:35:18.829809000Z DEBUG solana_runtime::message_processor::stable_log] Program 11111111111111111111111111111111 success
[2025-11-05T06:35:18.829815000Z DEBUG solana_runtime::message_processor::stable_log] Program log: Initialize the associated token account
[2025-11-05T06:35:18.829832000Z DEBUG solana_runtime::message_processor::stable_log] Program TokenkegQfeZyiNwAJbNbGKPFXCWuBvf9Ss623VQ5DA invoke [2]
[2025-11-05T06:35:18.829853000Z DEBUG solana_runtime::message_processor::stable_log] Program log: Instruction: InitializeImmutableOwner
[2025-11-05T06:35:18.829864000Z DEBUG solana_runtime::message_processor::stable_log] Program log: Please upgrade to SPL Token 2022 for immutable owner support
[2025-11-05T06:35:18.829868000Z DEBUG solana_runtime::message_processor::stable_log] Program TokenkegQfeZyiNwAJbNbGKPFXCWuBvf9Ss623VQ5DA consumed 1405 of 183442 compute units
[2025-11-05T06:35:18.829875000Z DEBUG solana_runtime::message_processor::stable_log] Program TokenkegQfeZyiNwAJbNbGKPFXCWuBvf9Ss623VQ5DA success
[2025-11-05T06:35:18.829909000Z DEBUG solana_runtime::message_processor::stable_log] Program TokenkegQfeZyiNwAJbNbGKPFXCWuBvf9Ss623VQ5DA invoke [2]
[2025-11-05T06:35:18.829934000Z DEBUG solana_runtime::message_processor::stable_log] Program log: Instruction: InitializeAccount3
[2025-11-05T06:35:18.830015000Z DEBUG solana_runtime::message_processor::stable_log] Program TokenkegQfeZyiNwAJbNbGKPFXCWuBvf9Ss623VQ5DA consumed 4214 of 179558 compute units
[2025-11-05T06:35:18.830025000Z DEBUG solana_runtime::message_processor::stable_log] Program TokenkegQfeZyiNwAJbNbGKPFXCWuBvf9Ss623VQ5DA success
[2025-11-05T06:35:18.830038000Z DEBUG solana_runtime::message_processor::stable_log] Program ATokenGPvbdGVxr1b2hvZbsiqW5xWH25efTNsLJA8knL consumed 24960 of 200000 compute units
[2025-11-05T06:35:18.830046000Z DEBUG solana_runtime::message_processor::stable_log] Program ATokenGPvbdGVxr1b2hvZbsiqW5xWH25efTNsLJA8knL success
[2025-11-05T06:35:18.837826000Z DEBUG solana_runtime::message_processor::stable_log] Program 11111111111111111111111111111111 invoke [1]
[2025-11-05T06:35:18.837840000Z DEBUG solana_runtime::message_processor::stable_log] Program 11111111111111111111111111111111 success
  Stream 3: 100% locked, expected locked amount: 1000000, amount_per_period: 2777
[2025-11-05T06:35:18.841952000Z DEBUG solana_runtime::message_processor::stable_log] Program ATokenGPvbdGVxr1b2hvZbsiqW5xWH25efTNsLJA8knL invoke [1]
[2025-11-05T06:35:18.842029000Z DEBUG solana_runtime::message_processor::stable_log] Program log: Create
[2025-11-05T06:35:18.842078000Z DEBUG solana_runtime::message_processor::stable_log] Program TokenkegQfeZyiNwAJbNbGKPFXCWuBvf9Ss623VQ5DA invoke [2]
[2025-11-05T06:35:18.842111000Z DEBUG solana_runtime::message_processor::stable_log] Program log: Instruction: GetAccountDataSize
[2025-11-05T06:35:18.842128000Z DEBUG solana_runtime::message_processor::stable_log] Program TokenkegQfeZyiNwAJbNbGKPFXCWuBvf9Ss623VQ5DA consumed 1595 of 194555 compute units
[2025-11-05T06:35:18.842135000Z DEBUG solana_runtime::message_processor::stable_log] Program return: TokenkegQfeZyiNwAJbNbGKPFXCWuBvf9Ss623VQ5DA pQAAAAAAAAA=
[2025-11-05T06:35:18.842145000Z DEBUG solana_runtime::message_processor::stable_log] Program TokenkegQfeZyiNwAJbNbGKPFXCWuBvf9Ss623VQ5DA success
[2025-11-05T06:35:18.842198000Z DEBUG solana_runtime::message_processor::stable_log] Program 11111111111111111111111111111111 invoke [2]
[2025-11-05T06:35:18.842204000Z DEBUG solana_runtime::message_processor::stable_log] Program 11111111111111111111111111111111 success
[2025-11-05T06:35:18.842210000Z DEBUG solana_runtime::message_processor::stable_log] Program log: Initialize the associated token account
[2025-11-05T06:35:18.842227000Z DEBUG solana_runtime::message_processor::stable_log] Program TokenkegQfeZyiNwAJbNbGKPFXCWuBvf9Ss623VQ5DA invoke [2]
[2025-11-05T06:35:18.842247000Z DEBUG solana_runtime::message_processor::stable_log] Program log: Instruction: InitializeImmutableOwner
[2025-11-05T06:35:18.842258000Z DEBUG solana_runtime::message_processor::stable_log] Program log: Please upgrade to SPL Token 2022 for immutable owner support
[2025-11-05T06:35:18.842261000Z DEBUG solana_runtime::message_processor::stable_log] Program TokenkegQfeZyiNwAJbNbGKPFXCWuBvf9Ss623VQ5DA consumed 1405 of 187942 compute units
[2025-11-05T06:35:18.842269000Z DEBUG solana_runtime::message_processor::stable_log] Program TokenkegQfeZyiNwAJbNbGKPFXCWuBvf9Ss623VQ5DA success
[2025-11-05T06:35:18.842301000Z DEBUG solana_runtime::message_processor::stable_log] Program TokenkegQfeZyiNwAJbNbGKPFXCWuBvf9Ss623VQ5DA invoke [2]
[2025-11-05T06:35:18.842326000Z DEBUG solana_runtime::message_processor::stable_log] Program log: Instruction: InitializeAccount3
[2025-11-05T06:35:18.842379000Z DEBUG solana_runtime::message_processor::stable_log] Program TokenkegQfeZyiNwAJbNbGKPFXCWuBvf9Ss623VQ5DA consumed 4214 of 184058 compute units
[2025-11-05T06:35:18.842387000Z DEBUG solana_runtime::message_processor::stable_log] Program TokenkegQfeZyiNwAJbNbGKPFXCWuBvf9Ss623VQ5DA success
[2025-11-05T06:35:18.842399000Z DEBUG solana_runtime::message_processor::stable_log] Program ATokenGPvbdGVxr1b2hvZbsiqW5xWH25efTNsLJA8knL consumed 20460 of 200000 compute units
[2025-11-05T06:35:18.842408000Z DEBUG solana_runtime::message_processor::stable_log] Program ATokenGPvbdGVxr1b2hvZbsiqW5xWH25efTNsLJA8knL success
[2025-11-05T06:35:18.850999000Z DEBUG solana_runtime::message_processor::stable_log] Program 11111111111111111111111111111111 invoke [1]
[2025-11-05T06:35:18.851018000Z DEBUG solana_runtime::message_processor::stable_log] Program 11111111111111111111111111111111 success
  Stream 4: 100% locked, expected locked amount: 1000000, amount_per_period: 2777
[2025-11-05T06:35:18.855327000Z DEBUG solana_runtime::message_processor::stable_log] Program ATokenGPvbdGVxr1b2hvZbsiqW5xWH25efTNsLJA8knL invoke [1]
[2025-11-05T06:35:18.855438000Z DEBUG solana_runtime::message_processor::stable_log] Program log: Create
[2025-11-05T06:35:18.855493000Z DEBUG solana_runtime::message_processor::stable_log] Program TokenkegQfeZyiNwAJbNbGKPFXCWuBvf9Ss623VQ5DA invoke [2]
[2025-11-05T06:35:18.855521000Z DEBUG solana_runtime::message_processor::stable_log] Program log: Instruction: GetAccountDataSize
[2025-11-05T06:35:18.855538000Z DEBUG solana_runtime::message_processor::stable_log] Program TokenkegQfeZyiNwAJbNbGKPFXCWuBvf9Ss623VQ5DA consumed 1595 of 194555 compute units
[2025-11-05T06:35:18.855548000Z DEBUG solana_runtime::message_processor::stable_log] Program return: TokenkegQfeZyiNwAJbNbGKPFXCWuBvf9Ss623VQ5DA pQAAAAAAAAA=
[2025-11-05T06:35:18.855556000Z DEBUG solana_runtime::message_processor::stable_log] Program TokenkegQfeZyiNwAJbNbGKPFXCWuBvf9Ss623VQ5DA success
[2025-11-05T06:35:18.855609000Z DEBUG solana_runtime::message_processor::stable_log] Program 11111111111111111111111111111111 invoke [2]
[2025-11-05T06:35:18.855618000Z DEBUG solana_runtime::message_processor::stable_log] Program 11111111111111111111111111111111 success
[2025-11-05T06:35:18.855623000Z DEBUG solana_runtime::message_processor::stable_log] Program log: Initialize the associated token account
[2025-11-05T06:35:18.855641000Z DEBUG solana_runtime::message_processor::stable_log] Program TokenkegQfeZyiNwAJbNbGKPFXCWuBvf9Ss623VQ5DA invoke [2]
[2025-11-05T06:35:18.855660000Z DEBUG solana_runtime::message_processor::stable_log] Program log: Instruction: InitializeImmutableOwner
[2025-11-05T06:35:18.855672000Z DEBUG solana_runtime::message_processor::stable_log] Program log: Please upgrade to SPL Token 2022 for immutable owner support
[2025-11-05T06:35:18.855676000Z DEBUG solana_runtime::message_processor::stable_log] Program TokenkegQfeZyiNwAJbNbGKPFXCWuBvf9Ss623VQ5DA consumed 1405 of 187942 compute units
[2025-11-05T06:35:18.855683000Z DEBUG solana_runtime::message_processor::stable_log] Program TokenkegQfeZyiNwAJbNbGKPFXCWuBvf9Ss623VQ5DA success
[2025-11-05T06:35:18.855716000Z DEBUG solana_runtime::message_processor::stable_log] Program TokenkegQfeZyiNwAJbNbGKPFXCWuBvf9Ss623VQ5DA invoke [2]
[2025-11-05T06:35:18.855743000Z DEBUG solana_runtime::message_processor::stable_log] Program log: Instruction: InitializeAccount3
[2025-11-05T06:35:18.855795000Z DEBUG solana_runtime::message_processor::stable_log] Program TokenkegQfeZyiNwAJbNbGKPFXCWuBvf9Ss623VQ5DA consumed 4214 of 184058 compute units
[2025-11-05T06:35:18.855804000Z DEBUG solana_runtime::message_processor::stable_log] Program TokenkegQfeZyiNwAJbNbGKPFXCWuBvf9Ss623VQ5DA success
[2025-11-05T06:35:18.855816000Z DEBUG solana_runtime::message_processor::stable_log] Program ATokenGPvbdGVxr1b2hvZbsiqW5xWH25efTNsLJA8knL consumed 20460 of 200000 compute units
[2025-11-05T06:35:18.855824000Z DEBUG solana_runtime::message_processor::stable_log] Program ATokenGPvbdGVxr1b2hvZbsiqW5xWH25efTNsLJA8knL success
[2025-11-05T06:35:18.873130000Z DEBUG solana_runtime::message_processor::stable_log] Program ASmKWt93JEMHxbdE6j7znD9y2FcdPboCzC3xtSTJvN7S invoke [1]
[2025-11-05T06:35:18.873229000Z DEBUG solana_runtime::message_processor::stable_log] Program log: Instruction: Swap
[2025-11-05T06:35:18.873532000Z DEBUG solana_runtime::message_processor::stable_log] Program TokenkegQfeZyiNwAJbNbGKPFXCWuBvf9Ss623VQ5DA invoke [2]
[2025-11-05T06:35:18.873574000Z DEBUG solana_runtime::message_processor::stable_log] Program log: Instruction: TransferChecked
[2025-11-05T06:35:18.873655000Z DEBUG solana_runtime::message_processor::stable_log] Program TokenkegQfeZyiNwAJbNbGKPFXCWuBvf9Ss623VQ5DA consumed 6174 of 177323 compute units
[2025-11-05T06:35:18.873665000Z DEBUG solana_runtime::message_processor::stable_log] Program TokenkegQfeZyiNwAJbNbGKPFXCWuBvf9Ss623VQ5DA success
[2025-11-05T06:35:18.873739000Z DEBUG solana_runtime::message_processor::stable_log] Program TokenkegQfeZyiNwAJbNbGKPFXCWuBvf9Ss623VQ5DA invoke [2]
[2025-11-05T06:35:18.873773000Z DEBUG solana_runtime::message_processor::stable_log] Program log: Instruction: TransferChecked
[2025-11-05T06:35:18.873843000Z DEBUG solana_runtime::message_processor::stable_log] Program TokenkegQfeZyiNwAJbNbGKPFXCWuBvf9Ss623VQ5DA consumed 6174 of 168685 compute units
[2025-11-05T06:35:18.873852000Z DEBUG solana_runtime::message_processor::stable_log] Program TokenkegQfeZyiNwAJbNbGKPFXCWuBvf9Ss623VQ5DA success
[2025-11-05T06:35:18.873951000Z DEBUG solana_runtime::message_processor::stable_log] Program ASmKWt93JEMHxbdE6j7znD9y2FcdPboCzC3xtSTJvN7S invoke [2]
[2025-11-05T06:35:18.873984000Z DEBUG solana_runtime::message_processor::stable_log] Program ASmKWt93JEMHxbdE6j7znD9y2FcdPboCzC3xtSTJvN7S consumed 2069 of 156500 compute units
[2025-11-05T06:35:18.873993000Z DEBUG solana_runtime::message_processor::stable_log] Program ASmKWt93JEMHxbdE6j7znD9y2FcdPboCzC3xtSTJvN7S success
[2025-11-05T06:35:18.874072000Z DEBUG solana_runtime::message_processor::stable_log] Program ASmKWt93JEMHxbdE6j7znD9y2FcdPboCzC3xtSTJvN7S invoke [2]
[2025-11-05T06:35:18.874101000Z DEBUG solana_runtime::message_processor::stable_log] Program ASmKWt93JEMHxbdE6j7znD9y2FcdPboCzC3xtSTJvN7S consumed 2069 of 150802 compute units
[2025-11-05T06:35:18.874110000Z DEBUG solana_runtime::message_processor::stable_log] Program ASmKWt93JEMHxbdE6j7znD9y2FcdPboCzC3xtSTJvN7S success
[2025-11-05T06:35:18.874138000Z DEBUG solana_runtime::message_processor::stable_log] Program ASmKWt93JEMHxbdE6j7znD9y2FcdPboCzC3xtSTJvN7S consumed 51801 of 200000 compute units
[2025-11-05T06:35:18.874148000Z DEBUG solana_runtime::message_processor::stable_log] Program ASmKWt93JEMHxbdE6j7znD9y2FcdPboCzC3xtSTJvN7S success
[2025-11-05T06:35:18.895160000Z DEBUG solana_runtime::message_processor::stable_log] Program ComputeBudget111111111111111111111111111111 invoke [1]
[2025-11-05T06:35:18.895173000Z DEBUG solana_runtime::message_processor::stable_log] Program ComputeBudget111111111111111111111111111111 success
[2025-11-05T06:35:18.895183000Z DEBUG solana_runtime::message_processor::stable_log] Program 5B57SJ3g2YoNXUpsZqqjEQkRSxyKtVTQRXdgAirz6bio invoke [1]
[2025-11-05T06:35:18.895333000Z DEBUG solana_runtime::message_processor::stable_log] Program log: Instruction: CrankDistribution
[2025-11-05T06:35:18.895974000Z DEBUG solana_runtime::message_processor::stable_log] Program log: === DEBUG: Before claiming fees ===
[2025-11-05T06:35:18.895986000Z DEBUG solana_runtime::message_processor::stable_log] Program log: Pool collect_fee_mode: 1
[2025-11-05T06:35:18.896102000Z DEBUG solana_runtime::message_processor::stable_log] Program log: Pool token_a_mint: GEMW1QbLnth1vpCcJDj5UC8GgAHfvB1obMr1a5UiPvba
[2025-11-05T06:35:18.896209000Z DEBUG solana_runtime::message_processor::stable_log] Program log: Pool token_b_mint: 49v2WefY6Qugcf3PYZgKcE6mHDe9nRkkJZDH7DA7R7ym
[2025-11-05T06:35:18.896317000Z DEBUG solana_runtime::message_processor::stable_log] Program log: Quote mint: 49v2WefY6Qugcf3PYZgKcE6mHDe9nRkkJZDH7DA7R7ym
[2025-11-05T06:35:18.896428000Z DEBUG solana_runtime::message_processor::stable_log] Program log: Base mint: GEMW1QbLnth1vpCcJDj5UC8GgAHfvB1obMr1a5UiPvba
[2025-11-05T06:35:18.896448000Z DEBUG solana_runtime::message_processor::stable_log] Program log: Position unlocked_liquidity: 1844674407370955161600
[2025-11-05T06:35:18.896456000Z DEBUG solana_runtime::message_processor::stable_log] Program log: Position vested_liquidity: 0
[2025-11-05T06:35:18.896463000Z DEBUG solana_runtime::message_processor::stable_log] Program log: Position permanent_locked_liquidity: 0
[2025-11-05T06:35:18.896468000Z DEBUG solana_runtime::message_processor::stable_log] Program log: Position fee_a_pending: 0
[2025-11-05T06:35:18.896474000Z DEBUG solana_runtime::message_processor::stable_log] Program log: Position fee_b_pending: 0
[2025-11-05T06:35:18.896479000Z DEBUG solana_runtime::message_processor::stable_log] Program log: Position fee_a_checkpoint (first 8 bytes): 0
[2025-11-05T06:35:18.896486000Z DEBUG solana_runtime::message_processor::stable_log] Program log: Position fee_b_checkpoint (first 8 bytes): 0
[2025-11-05T06:35:18.896491000Z DEBUG solana_runtime::message_processor::stable_log] Program log: Pool fee_a_per_liquidity (first 8 bytes): 0
[2025-11-05T06:35:18.896497000Z DEBUG solana_runtime::message_processor::stable_log] Program log: Pool fee_b_per_liquidity (first 8 bytes): 0
[2025-11-05T06:35:18.896509000Z DEBUG solana_runtime::message_processor::stable_log] Program log: Pool liquidity: 3689348814741910323200
[2025-11-05T06:35:18.896516000Z DEBUG solana_runtime::message_processor::stable_log] Program log: Treasury quote balance before: 99999999999999999
[2025-11-05T06:35:18.896523000Z DEBUG solana_runtime::message_processor::stable_log] Program log: Treasury base balance before: 99999785255671124
[2025-11-05T06:35:18.896525000Z DEBUG solana_runtime::message_processor::stable_log] Program log: Claiming position fees from CP-AMM
[2025-11-05T06:35:18.896627000Z DEBUG solana_runtime::message_processor::stable_log] Program ASmKWt93JEMHxbdE6j7znD9y2FcdPboCzC3xtSTJvN7S invoke [2]
[2025-11-05T06:35:18.896779000Z DEBUG solana_runtime::message_processor::stable_log] Program log: Instruction: ClaimPositionFee
[2025-11-05T06:35:18.897010000Z DEBUG solana_runtime::message_processor::stable_log] Program TokenkegQfeZyiNwAJbNbGKPFXCWuBvf9Ss623VQ5DA invoke [3]
[2025-11-05T06:35:18.897051000Z DEBUG solana_runtime::message_processor::stable_log] Program log: Instruction: TransferChecked
[2025-11-05T06:35:18.897128000Z DEBUG solana_runtime::message_processor::stable_log] Program TokenkegQfeZyiNwAJbNbGKPFXCWuBvf9Ss623VQ5DA consumed 6174 of 268236 compute units
[2025-11-05T06:35:18.897139000Z DEBUG solana_runtime::message_processor::stable_log] Program TokenkegQfeZyiNwAJbNbGKPFXCWuBvf9Ss623VQ5DA success
[2025-11-05T06:35:18.897183000Z DEBUG solana_runtime::message_processor::stable_log] Program ASmKWt93JEMHxbdE6j7znD9y2FcdPboCzC3xtSTJvN7S invoke [3]
[2025-11-05T06:35:18.897214000Z DEBUG solana_runtime::message_processor::stable_log] Program ASmKWt93JEMHxbdE6j7znD9y2FcdPboCzC3xtSTJvN7S consumed 2069 of 259322 compute units
[2025-11-05T06:35:18.897221000Z DEBUG solana_runtime::message_processor::stable_log] Program ASmKWt93JEMHxbdE6j7znD9y2FcdPboCzC3xtSTJvN7S success
[2025-11-05T06:35:18.897239000Z DEBUG solana_runtime::message_processor::stable_log] Program ASmKWt93JEMHxbdE6j7znD9y2FcdPboCzC3xtSTJvN7S consumed 30035 of 286747 compute units
[2025-11-05T06:35:18.897249000Z DEBUG solana_runtime::message_processor::stable_log] Program ASmKWt93JEMHxbdE6j7znD9y2FcdPboCzC3xtSTJvN7S success
[2025-11-05T06:35:18.897292000Z DEBUG solana_runtime::message_processor::stable_log] Program log: === DEBUG: After claiming fees ===
[2025-11-05T06:35:18.897305000Z DEBUG solana_runtime::message_processor::stable_log] Program log: Treasury quote balance after: 100000000000049999
[2025-11-05T06:35:18.897313000Z DEBUG solana_runtime::message_processor::stable_log] Program log: Treasury base balance after: 99999785255671124
[2025-11-05T06:35:18.897323000Z DEBUG solana_runtime::message_processor::stable_log] Program log: Quote tokens claimed: 50000
[2025-11-05T06:35:18.897331000Z DEBUG solana_runtime::message_processor::stable_log] Program data: fzkUsNcjWlhsrZ6jTWvdv8ZXto3o9o0PbHh3cT5/4anff6W1MLgHalDDAAAAAAAAJvAKaQAAAAA=
[2025-11-05T06:35:18.897653000Z DEBUG solana_runtime::message_processor::stable_log] Program TokenkegQfeZyiNwAJbNbGKPFXCWuBvf9Ss623VQ5DA invoke [2]
[2025-11-05T06:35:18.897692000Z DEBUG solana_runtime::message_processor::stable_log] Program log: Instruction: TransferChecked
[2025-11-05T06:35:18.897763000Z DEBUG solana_runtime::message_processor::stable_log] Program TokenkegQfeZyiNwAJbNbGKPFXCWuBvf9Ss623VQ5DA consumed 6174 of 232440 compute units
[2025-11-05T06:35:18.897771000Z DEBUG solana_runtime::message_processor::stable_log] Program TokenkegQfeZyiNwAJbNbGKPFXCWuBvf9Ss623VQ5DA success
[2025-11-05T06:35:18.897829000Z DEBUG solana_runtime::message_processor::stable_log] Program TokenkegQfeZyiNwAJbNbGKPFXCWuBvf9Ss623VQ5DA invoke [2]
[2025-11-05T06:35:18.897859000Z DEBUG solana_runtime::message_processor::stable_log] Program log: Instruction: TransferChecked
[2025-11-05T06:35:18.897931000Z DEBUG solana_runtime::message_processor::stable_log] Program TokenkegQfeZyiNwAJbNbGKPFXCWuBvf9Ss623VQ5DA consumed 6174 of 222879 compute units
[2025-11-05T06:35:18.897941000Z DEBUG solana_runtime::message_processor::stable_log] Program TokenkegQfeZyiNwAJbNbGKPFXCWuBvf9Ss623VQ5DA success
[2025-11-05T06:35:18.897998000Z DEBUG solana_runtime::message_processor::stable_log] Program TokenkegQfeZyiNwAJbNbGKPFXCWuBvf9Ss623VQ5DA invoke [2]
[2025-11-05T06:35:18.898044000Z DEBUG solana_runtime::message_processor::stable_log] Program log: Instruction: TransferChecked
[2025-11-05T06:35:18.898131000Z DEBUG solana_runtime::message_processor::stable_log] Program TokenkegQfeZyiNwAJbNbGKPFXCWuBvf9Ss623VQ5DA consumed 6174 of 213318 compute units
[2025-11-05T06:35:18.898140000Z DEBUG solana_runtime::message_processor::stable_log] Program TokenkegQfeZyiNwAJbNbGKPFXCWuBvf9Ss623VQ5DA success
[2025-11-05T06:35:18.898193000Z DEBUG solana_runtime::message_processor::stable_log] Program TokenkegQfeZyiNwAJbNbGKPFXCWuBvf9Ss623VQ5DA invoke [2]
[2025-11-05T06:35:18.898225000Z DEBUG solana_runtime::message_processor::stable_log] Program log: Instruction: TransferChecked
[2025-11-05T06:35:18.898289000Z DEBUG solana_runtime::message_processor::stable_log] Program TokenkegQfeZyiNwAJbNbGKPFXCWuBvf9Ss623VQ5DA consumed 6174 of 203757 compute units
[2025-11-05T06:35:18.898298000Z DEBUG solana_runtime::message_processor::stable_log] Program TokenkegQfeZyiNwAJbNbGKPFXCWuBvf9Ss623VQ5DA success
[2025-11-05T06:35:18.898351000Z DEBUG solana_runtime::message_processor::stable_log] Program TokenkegQfeZyiNwAJbNbGKPFXCWuBvf9Ss623VQ5DA invoke [2]
[2025-11-05T06:35:18.898380000Z DEBUG solana_runtime::message_processor::stable_log] Program log: Instruction: TransferChecked
[2025-11-05T06:35:18.898444000Z DEBUG solana_runtime::message_processor::stable_log] Program TokenkegQfeZyiNwAJbNbGKPFXCWuBvf9Ss623VQ5DA consumed 6174 of 194196 compute units
[2025-11-05T06:35:18.898452000Z DEBUG solana_runtime::message_processor::stable_log] Program TokenkegQfeZyiNwAJbNbGKPFXCWuBvf9Ss623VQ5DA success
[2025-11-05T06:35:18.898467000Z DEBUG solana_runtime::message_processor::stable_log] Program data: jhY1V/E9sS1srZ6jTWvdv8ZXto3o9o0PbHh3cT5/4anff6W1MLgHagAAAAAAAAAAUMMAAAAAAAAm8AppAAAAAA==
[2025-11-05T06:35:18.898472000Z DEBUG solana_runtime::message_processor::stable_log] Program data: KjXqZeHwy3lsrZ6jTWvdv8ZXto3o9o0PbHh3cT5/4anff6W1MLgHagAAAAAFAAAABQAAAFDDAAAAAAAAAAAAAAAAAAAm8AppAAAAAA==
[2025-11-05T06:35:18.898506000Z DEBUG solana_runtime::message_processor::stable_log] Program 5B57SJ3g2YoNXUpsZqqjEQkRSxyKtVTQRXdgAirz6bio consumed 214797 of 399850 compute units
[2025-11-05T06:35:18.898516000Z DEBUG solana_runtime::message_processor::stable_log] Program 5B57SJ3g2YoNXUpsZqqjEQkRSxyKtVTQRXdgAirz6bio success
      ✔ ALL_LOCKED: 100% fees to investors when all tokens locked (110ms)
[2025-11-05T06:35:18.903403000Z INFO  solana_program_test] "cp_amm" SBF program from ./target/deploy/cp_amm.so, modified 24 minutes, 26 seconds, 250 ms, 718 µs and 203 ns ago
[2025-11-05T06:35:18.903653000Z INFO  solana_program_test] "fee_router" SBF program from ./target/deploy/fee_router.so, modified 28 seconds, 987 ms, 911 µs and 331 ns ago
[2025-11-05T06:35:18.903808000Z INFO  solana_program_test] "transfer_hook_counter" SBF program from tests/fixtures/transfer_hook_counter.so, modified 3 weeks, 22 hours, 58 minutes, 53 seconds, 729 ms, 407 µs and 196 ns ago
[2025-11-05T06:35:18.904051000Z INFO  solana_program_test] "alpha_vault" SBF program from tests/fixtures/alpha_vault.so, modified 3 weeks, 22 hours, 58 minutes, 53 seconds, 730 ms, 337 µs and 72 ns ago
[2025-11-05T06:35:18.904338000Z INFO  solana_program_test] "streamflow" SBF program from tests/fixtures/streamflow.so, modified 3 weeks, 6 hours, 59 minutes, 3 seconds, 615 ms, 253 µs and 387 ns ago
[2025-11-05T06:35:18.904744000Z INFO  solana_program_test] "cp_amm" SBF program from ./target/deploy/cp_amm.so, modified 24 minutes, 26 seconds, 252 ms, 60 µs and 203 ns ago
[2025-11-05T06:35:18.904914000Z INFO  solana_program_test] "fee_router" SBF program from ./target/deploy/fee_router.so, modified 28 seconds, 989 ms, 173 µs and 331 ns ago
[2025-11-05T06:35:18.923004000Z INFO  solana_program_test] Overriding account at ASmKWt93JEMHxbdE6j7znD9y2FcdPboCzC3xtSTJvN7S
[2025-11-05T06:35:18.923021000Z INFO  solana_program_test] Overriding account at 5B57SJ3g2YoNXUpsZqqjEQkRSxyKtVTQRXdgAirz6bio
[2025-11-05T06:35:18.933101000Z DEBUG solana_runtime::message_processor::stable_log] Program 11111111111111111111111111111111 invoke [1]
[2025-11-05T06:35:18.933116000Z DEBUG solana_runtime::message_processor::stable_log] Program 11111111111111111111111111111111 success
[2025-11-05T06:35:18.937819000Z DEBUG solana_runtime::message_processor::stable_log] Program 11111111111111111111111111111111 invoke [1]
[2025-11-05T06:35:18.937836000Z DEBUG solana_runtime::message_processor::stable_log] Program 11111111111111111111111111111111 success
[2025-11-05T06:35:18.941751000Z DEBUG solana_runtime::message_processor::stable_log] Program 11111111111111111111111111111111 invoke [1]
[2025-11-05T06:35:18.941763000Z DEBUG solana_runtime::message_processor::stable_log] Program 11111111111111111111111111111111 success
[2025-11-05T06:35:18.947480000Z DEBUG solana_runtime::message_processor::stable_log] Program 11111111111111111111111111111111 invoke [1]
[2025-11-05T06:35:18.947497000Z DEBUG solana_runtime::message_processor::stable_log] Program 11111111111111111111111111111111 success
[2025-11-05T06:35:18.956824000Z DEBUG solana_runtime::message_processor::stable_log] Program 11111111111111111111111111111111 invoke [1]
[2025-11-05T06:35:18.956844000Z DEBUG solana_runtime::message_processor::stable_log] Program 11111111111111111111111111111111 success
[2025-11-05T06:35:18.956849000Z DEBUG solana_runtime::message_processor::stable_log] Program TokenkegQfeZyiNwAJbNbGKPFXCWuBvf9Ss623VQ5DA invoke [1]
[2025-11-05T06:35:18.956899000Z DEBUG solana_runtime::message_processor::stable_log] Program log: Instruction: InitializeMint2
[2025-11-05T06:35:18.956938000Z DEBUG solana_runtime::message_processor::stable_log] Program TokenkegQfeZyiNwAJbNbGKPFXCWuBvf9Ss623VQ5DA consumed 2779 of 399850 compute units
[2025-11-05T06:35:18.956949000Z DEBUG solana_runtime::message_processor::stable_log] Program TokenkegQfeZyiNwAJbNbGKPFXCWuBvf9Ss623VQ5DA success
[2025-11-05T06:35:18.968022000Z DEBUG solana_runtime::message_processor::stable_log] Program 11111111111111111111111111111111 invoke [1]
[2025-11-05T06:35:18.968039000Z DEBUG solana_runtime::message_processor::stable_log] Program 11111111111111111111111111111111 success
[2025-11-05T06:35:18.968043000Z DEBUG solana_runtime::message_processor::stable_log] Program TokenkegQfeZyiNwAJbNbGKPFXCWuBvf9Ss623VQ5DA invoke [1]
[2025-11-05T06:35:18.968098000Z DEBUG solana_runtime::message_processor::stable_log] Program log: Instruction: InitializeMint2
[2025-11-05T06:35:18.968137000Z DEBUG solana_runtime::message_processor::stable_log] Program TokenkegQfeZyiNwAJbNbGKPFXCWuBvf9Ss623VQ5DA consumed 2779 of 399850 compute units
[2025-11-05T06:35:18.968148000Z DEBUG solana_runtime::message_processor::stable_log] Program TokenkegQfeZyiNwAJbNbGKPFXCWuBvf9Ss623VQ5DA success
[2025-11-05T06:35:18.974275000Z DEBUG solana_runtime::message_processor::stable_log] Program ATokenGPvbdGVxr1b2hvZbsiqW5xWH25efTNsLJA8knL invoke [1]
[2025-11-05T06:35:18.974433000Z DEBUG solana_runtime::message_processor::stable_log] Program log: Create
[2025-11-05T06:35:18.974524000Z DEBUG solana_runtime::message_processor::stable_log] Program TokenkegQfeZyiNwAJbNbGKPFXCWuBvf9Ss623VQ5DA invoke [2]
[2025-11-05T06:35:18.974571000Z DEBUG solana_runtime::message_processor::stable_log] Program log: Instruction: GetAccountDataSize
[2025-11-05T06:35:18.974603000Z DEBUG solana_runtime::message_processor::stable_log] Program TokenkegQfeZyiNwAJbNbGKPFXCWuBvf9Ss623VQ5DA consumed 1595 of 194555 compute units
[2025-11-05T06:35:18.974617000Z DEBUG solana_runtime::message_processor::stable_log] Program return: TokenkegQfeZyiNwAJbNbGKPFXCWuBvf9Ss623VQ5DA pQAAAAAAAAA=
[2025-11-05T06:35:18.974632000Z DEBUG solana_runtime::message_processor::stable_log] Program TokenkegQfeZyiNwAJbNbGKPFXCWuBvf9Ss623VQ5DA success
[2025-11-05T06:35:18.975132000Z DEBUG solana_runtime::message_processor::stable_log] Program 11111111111111111111111111111111 invoke [2]
[2025-11-05T06:35:18.975142000Z DEBUG solana_runtime::message_processor::stable_log] Program 11111111111111111111111111111111 success
[2025-11-05T06:35:18.975149000Z DEBUG solana_runtime::message_processor::stable_log] Program log: Initialize the associated token account
[2025-11-05T06:35:18.975198000Z DEBUG solana_runtime::message_processor::stable_log] Program TokenkegQfeZyiNwAJbNbGKPFXCWuBvf9Ss623VQ5DA invoke [2]
[2025-11-05T06:35:18.975243000Z DEBUG solana_runtime::message_processor::stable_log] Program log: Instruction: InitializeImmutableOwner
[2025-11-05T06:35:18.975255000Z DEBUG solana_runtime::message_processor::stable_log] Program log: Please upgrade to SPL Token 2022 for immutable owner support
[2025-11-05T06:35:18.975260000Z DEBUG solana_runtime::message_processor::stable_log] Program TokenkegQfeZyiNwAJbNbGKPFXCWuBvf9Ss623VQ5DA consumed 1405 of 187942 compute units
[2025-11-05T06:35:18.975270000Z DEBUG solana_runtime::message_processor::stable_log] Program TokenkegQfeZyiNwAJbNbGKPFXCWuBvf9Ss623VQ5DA success
[2025-11-05T06:35:18.975310000Z DEBUG solana_runtime::message_processor::stable_log] Program TokenkegQfeZyiNwAJbNbGKPFXCWuBvf9Ss623VQ5DA invoke [2]
[2025-11-05T06:35:18.975345000Z DEBUG solana_runtime::message_processor::stable_log] Program log: Instruction: InitializeAccount3
[2025-11-05T06:35:18.975409000Z DEBUG solana_runtime::message_processor::stable_log] Program TokenkegQfeZyiNwAJbNbGKPFXCWuBvf9Ss623VQ5DA consumed 4214 of 184058 compute units
[2025-11-05T06:35:18.975417000Z DEBUG solana_runtime::message_processor::stable_log] Program TokenkegQfeZyiNwAJbNbGKPFXCWuBvf9Ss623VQ5DA success
[2025-11-05T06:35:18.975432000Z DEBUG solana_runtime::message_processor::stable_log] Program ATokenGPvbdGVxr1b2hvZbsiqW5xWH25efTNsLJA8knL consumed 20460 of 200000 compute units
[2025-11-05T06:35:18.975443000Z DEBUG solana_runtime::message_processor::stable_log] Program ATokenGPvbdGVxr1b2hvZbsiqW5xWH25efTNsLJA8knL success
[2025-11-05T06:35:18.980739000Z DEBUG solana_runtime::message_processor::stable_log] Program TokenkegQfeZyiNwAJbNbGKPFXCWuBvf9Ss623VQ5DA invoke [1]
[2025-11-05T06:35:18.980802000Z DEBUG solana_runtime::message_processor::stable_log] Program log: Instruction: MintTo
[2025-11-05T06:35:18.980870000Z DEBUG solana_runtime::message_processor::stable_log] Program TokenkegQfeZyiNwAJbNbGKPFXCWuBvf9Ss623VQ5DA consumed 4491 of 200000 compute units
[2025-11-05T06:35:18.980883000Z DEBUG solana_runtime::message_processor::stable_log] Program TokenkegQfeZyiNwAJbNbGKPFXCWuBvf9Ss623VQ5DA success
[2025-11-05T06:35:18.989263000Z DEBUG solana_runtime::message_processor::stable_log] Program ATokenGPvbdGVxr1b2hvZbsiqW5xWH25efTNsLJA8knL invoke [1]
[2025-11-05T06:35:18.989341000Z DEBUG solana_runtime::message_processor::stable_log] Program log: Create
[2025-11-05T06:35:18.989403000Z DEBUG solana_runtime::message_processor::stable_log] Program TokenkegQfeZyiNwAJbNbGKPFXCWuBvf9Ss623VQ5DA invoke [2]
[2025-11-05T06:35:18.989446000Z DEBUG solana_runtime::message_processor::stable_log] Program log: Instruction: GetAccountDataSize
[2025-11-05T06:35:18.989465000Z DEBUG solana_runtime::message_processor::stable_log] Program TokenkegQfeZyiNwAJbNbGKPFXCWuBvf9Ss623VQ5DA consumed 1595 of 193055 compute units
[2025-11-05T06:35:18.989474000Z DEBUG solana_runtime::message_processor::stable_log] Program return: TokenkegQfeZyiNwAJbNbGKPFXCWuBvf9Ss623VQ5DA pQAAAAAAAAA=
[2025-11-05T06:35:18.989482000Z DEBUG solana_runtime::message_processor::stable_log] Program TokenkegQfeZyiNwAJbNbGKPFXCWuBvf9Ss623VQ5DA success
[2025-11-05T06:35:18.989543000Z DEBUG solana_runtime::message_processor::stable_log] Program 11111111111111111111111111111111 invoke [2]
[2025-11-05T06:35:18.989551000Z DEBUG solana_runtime::message_processor::stable_log] Program 11111111111111111111111111111111 success
[2025-11-05T06:35:18.989557000Z DEBUG solana_runtime::message_processor::stable_log] Program log: Initialize the associated token account
[2025-11-05T06:35:18.989577000Z DEBUG solana_runtime::message_processor::stable_log] Program TokenkegQfeZyiNwAJbNbGKPFXCWuBvf9Ss623VQ5DA invoke [2]
[2025-11-05T06:35:18.989602000Z DEBUG solana_runtime::message_processor::stable_log] Program log: Instruction: InitializeImmutableOwner
[2025-11-05T06:35:18.989700000Z DEBUG solana_runtime::message_processor::stable_log] Program log: Please upgrade to SPL Token 2022 for immutable owner support
[2025-11-05T06:35:18.989710000Z DEBUG solana_runtime::message_processor::stable_log] Program TokenkegQfeZyiNwAJbNbGKPFXCWuBvf9Ss623VQ5DA consumed 1405 of 186442 compute units
[2025-11-05T06:35:18.989718000Z DEBUG solana_runtime::message_processor::stable_log] Program TokenkegQfeZyiNwAJbNbGKPFXCWuBvf9Ss623VQ5DA success
[2025-11-05T06:35:18.989755000Z DEBUG solana_runtime::message_processor::stable_log] Program TokenkegQfeZyiNwAJbNbGKPFXCWuBvf9Ss623VQ5DA invoke [2]
[2025-11-05T06:35:18.989785000Z DEBUG solana_runtime::message_processor::stable_log] Program log: Instruction: InitializeAccount3
[2025-11-05T06:35:18.989846000Z DEBUG solana_runtime::message_processor::stable_log] Program TokenkegQfeZyiNwAJbNbGKPFXCWuBvf9Ss623VQ5DA consumed 4214 of 182558 compute units
[2025-11-05T06:35:18.989855000Z DEBUG solana_runtime::message_processor::stable_log] Program TokenkegQfeZyiNwAJbNbGKPFXCWuBvf9Ss623VQ5DA success
[2025-11-05T06:35:18.989870000Z DEBUG solana_runtime::message_processor::stable_log] Program ATokenGPvbdGVxr1b2hvZbsiqW5xWH25efTNsLJA8knL consumed 21960 of 200000 compute units
[2025-11-05T06:35:18.989879000Z DEBUG solana_runtime::message_processor::stable_log] Program ATokenGPvbdGVxr1b2hvZbsiqW5xWH25efTNsLJA8knL success
[2025-11-05T06:35:18.993793000Z DEBUG solana_runtime::message_processor::stable_log] Program TokenkegQfeZyiNwAJbNbGKPFXCWuBvf9Ss623VQ5DA invoke [1]
[2025-11-05T06:35:18.993841000Z DEBUG solana_runtime::message_processor::stable_log] Program log: Instruction: MintTo
[2025-11-05T06:35:18.993909000Z DEBUG solana_runtime::message_processor::stable_log] Program TokenkegQfeZyiNwAJbNbGKPFXCWuBvf9Ss623VQ5DA consumed 4491 of 200000 compute units
[2025-11-05T06:35:18.993920000Z DEBUG solana_runtime::message_processor::stable_log] Program TokenkegQfeZyiNwAJbNbGKPFXCWuBvf9Ss623VQ5DA success
[2025-11-05T06:35:18.999765000Z DEBUG solana_runtime::message_processor::stable_log] Program ATokenGPvbdGVxr1b2hvZbsiqW5xWH25efTNsLJA8knL invoke [1]
[2025-11-05T06:35:19.000507000Z DEBUG solana_runtime::message_processor::stable_log] Program log: Create
[2025-11-05T06:35:19.000610000Z DEBUG solana_runtime::message_processor::stable_log] Program TokenkegQfeZyiNwAJbNbGKPFXCWuBvf9Ss623VQ5DA invoke [2]
[2025-11-05T06:35:19.000680000Z DEBUG solana_runtime::message_processor::stable_log] Program log: Instruction: GetAccountDataSize
[2025-11-05T06:35:19.000717000Z DEBUG solana_runtime::message_processor::stable_log] Program TokenkegQfeZyiNwAJbNbGKPFXCWuBvf9Ss623VQ5DA consumed 1595 of 194555 compute units
[2025-11-05T06:35:19.000728000Z DEBUG solana_runtime::message_processor::stable_log] Program return: TokenkegQfeZyiNwAJbNbGKPFXCWuBvf9Ss623VQ5DA pQAAAAAAAAA=
[2025-11-05T06:35:19.001052000Z DEBUG solana_runtime::message_processor::stable_log] Program TokenkegQfeZyiNwAJbNbGKPFXCWuBvf9Ss623VQ5DA success
[2025-11-05T06:35:19.001130000Z DEBUG solana_runtime::message_processor::stable_log] Program 11111111111111111111111111111111 invoke [2]
[2025-11-05T06:35:19.001140000Z DEBUG solana_runtime::message_processor::stable_log] Program 11111111111111111111111111111111 success
[2025-11-05T06:35:19.001147000Z DEBUG solana_runtime::message_processor::stable_log] Program log: Initialize the associated token account
[2025-11-05T06:35:19.001208000Z DEBUG solana_runtime::message_processor::stable_log] Program TokenkegQfeZyiNwAJbNbGKPFXCWuBvf9Ss623VQ5DA invoke [2]
[2025-11-05T06:35:19.001322000Z DEBUG solana_runtime::message_processor::stable_log] Program log: Instruction: InitializeImmutableOwner
[2025-11-05T06:35:19.001348000Z DEBUG solana_runtime::message_processor::stable_log] Program log: Please upgrade to SPL Token 2022 for immutable owner support
[2025-11-05T06:35:19.001353000Z DEBUG solana_runtime::message_processor::stable_log] Program TokenkegQfeZyiNwAJbNbGKPFXCWuBvf9Ss623VQ5DA consumed 1405 of 187942 compute units
[2025-11-05T06:35:19.001365000Z DEBUG solana_runtime::message_processor::stable_log] Program TokenkegQfeZyiNwAJbNbGKPFXCWuBvf9Ss623VQ5DA success
[2025-11-05T06:35:19.001433000Z DEBUG solana_runtime::message_processor::stable_log] Program TokenkegQfeZyiNwAJbNbGKPFXCWuBvf9Ss623VQ5DA invoke [2]
[2025-11-05T06:35:19.001497000Z DEBUG solana_runtime::message_processor::stable_log] Program log: Instruction: InitializeAccount3
[2025-11-05T06:35:19.001614000Z DEBUG solana_runtime::message_processor::stable_log] Program TokenkegQfeZyiNwAJbNbGKPFXCWuBvf9Ss623VQ5DA consumed 4214 of 184058 compute units
[2025-11-05T06:35:19.001630000Z DEBUG solana_runtime::message_processor::stable_log] Program TokenkegQfeZyiNwAJbNbGKPFXCWuBvf9Ss623VQ5DA success
[2025-11-05T06:35:19.001647000Z DEBUG solana_runtime::message_processor::stable_log] Program ATokenGPvbdGVxr1b2hvZbsiqW5xWH25efTNsLJA8knL consumed 20460 of 200000 compute units
[2025-11-05T06:35:19.001658000Z DEBUG solana_runtime::message_processor::stable_log] Program ATokenGPvbdGVxr1b2hvZbsiqW5xWH25efTNsLJA8knL success
[2025-11-05T06:35:19.005718000Z DEBUG solana_runtime::message_processor::stable_log] Program TokenkegQfeZyiNwAJbNbGKPFXCWuBvf9Ss623VQ5DA invoke [1]
[2025-11-05T06:35:19.005852000Z DEBUG solana_runtime::message_processor::stable_log] Program log: Instruction: MintTo
[2025-11-05T06:35:19.005921000Z DEBUG solana_runtime::message_processor::stable_log] Program TokenkegQfeZyiNwAJbNbGKPFXCWuBvf9Ss623VQ5DA consumed 4491 of 200000 compute units
[2025-11-05T06:35:19.005935000Z DEBUG solana_runtime::message_processor::stable_log] Program TokenkegQfeZyiNwAJbNbGKPFXCWuBvf9Ss623VQ5DA success
[2025-11-05T06:35:19.012836000Z DEBUG solana_runtime::message_processor::stable_log] Program ATokenGPvbdGVxr1b2hvZbsiqW5xWH25efTNsLJA8knL invoke [1]
[2025-11-05T06:35:19.012924000Z DEBUG solana_runtime::message_processor::stable_log] Program log: Create
[2025-11-05T06:35:19.012980000Z DEBUG solana_runtime::message_processor::stable_log] Program TokenkegQfeZyiNwAJbNbGKPFXCWuBvf9Ss623VQ5DA invoke [2]
[2025-11-05T06:35:19.013018000Z DEBUG solana_runtime::message_processor::stable_log] Program log: Instruction: GetAccountDataSize
[2025-11-05T06:35:19.013037000Z DEBUG solana_runtime::message_processor::stable_log] Program TokenkegQfeZyiNwAJbNbGKPFXCWuBvf9Ss623VQ5DA consumed 1595 of 194555 compute units
[2025-11-05T06:35:19.013046000Z DEBUG solana_runtime::message_processor::stable_log] Program return: TokenkegQfeZyiNwAJbNbGKPFXCWuBvf9Ss623VQ5DA pQAAAAAAAAA=
[2025-11-05T06:35:19.013055000Z DEBUG solana_runtime::message_processor::stable_log] Program TokenkegQfeZyiNwAJbNbGKPFXCWuBvf9Ss623VQ5DA success
[2025-11-05T06:35:19.013115000Z DEBUG solana_runtime::message_processor::stable_log] Program 11111111111111111111111111111111 invoke [2]
[2025-11-05T06:35:19.013123000Z DEBUG solana_runtime::message_processor::stable_log] Program 11111111111111111111111111111111 success
[2025-11-05T06:35:19.013130000Z DEBUG solana_runtime::message_processor::stable_log] Program log: Initialize the associated token account
[2025-11-05T06:35:19.013149000Z DEBUG solana_runtime::message_processor::stable_log] Program TokenkegQfeZyiNwAJbNbGKPFXCWuBvf9Ss623VQ5DA invoke [2]
[2025-11-05T06:35:19.013175000Z DEBUG solana_runtime::message_processor::stable_log] Program log: Instruction: InitializeImmutableOwner
[2025-11-05T06:35:19.013187000Z DEBUG solana_runtime::message_processor::stable_log] Program log: Please upgrade to SPL Token 2022 for immutable owner support
[2025-11-05T06:35:19.013190000Z DEBUG solana_runtime::message_processor::stable_log] Program TokenkegQfeZyiNwAJbNbGKPFXCWuBvf9Ss623VQ5DA consumed 1405 of 187942 compute units
[2025-11-05T06:35:19.013198000Z DEBUG solana_runtime::message_processor::stable_log] Program TokenkegQfeZyiNwAJbNbGKPFXCWuBvf9Ss623VQ5DA success
[2025-11-05T06:35:19.013236000Z DEBUG solana_runtime::message_processor::stable_log] Program TokenkegQfeZyiNwAJbNbGKPFXCWuBvf9Ss623VQ5DA invoke [2]
[2025-11-05T06:35:19.013265000Z DEBUG solana_runtime::message_processor::stable_log] Program log: Instruction: InitializeAccount3
[2025-11-05T06:35:19.013492000Z DEBUG solana_runtime::message_processor::stable_log] Program TokenkegQfeZyiNwAJbNbGKPFXCWuBvf9Ss623VQ5DA consumed 4214 of 184058 compute units
[2025-11-05T06:35:19.013506000Z DEBUG solana_runtime::message_processor::stable_log] Program TokenkegQfeZyiNwAJbNbGKPFXCWuBvf9Ss623VQ5DA success
[2025-11-05T06:35:19.013522000Z DEBUG solana_runtime::message_processor::stable_log] Program ATokenGPvbdGVxr1b2hvZbsiqW5xWH25efTNsLJA8knL consumed 20460 of 200000 compute units
[2025-11-05T06:35:19.013533000Z DEBUG solana_runtime::message_processor::stable_log] Program ATokenGPvbdGVxr1b2hvZbsiqW5xWH25efTNsLJA8knL success
[2025-11-05T06:35:19.018893000Z DEBUG solana_runtime::message_processor::stable_log] Program TokenkegQfeZyiNwAJbNbGKPFXCWuBvf9Ss623VQ5DA invoke [1]
[2025-11-05T06:35:19.018957000Z DEBUG solana_runtime::message_processor::stable_log] Program log: Instruction: MintTo
[2025-11-05T06:35:19.019029000Z DEBUG solana_runtime::message_processor::stable_log] Program TokenkegQfeZyiNwAJbNbGKPFXCWuBvf9Ss623VQ5DA consumed 4491 of 200000 compute units
[2025-11-05T06:35:19.019040000Z DEBUG solana_runtime::message_processor::stable_log] Program TokenkegQfeZyiNwAJbNbGKPFXCWuBvf9Ss623VQ5DA success
[2025-11-05T06:35:19.035618000Z DEBUG solana_runtime::message_processor::stable_log] Program ASmKWt93JEMHxbdE6j7znD9y2FcdPboCzC3xtSTJvN7S invoke [1]
[2025-11-05T06:35:19.035695000Z DEBUG solana_runtime::message_processor::stable_log] Program log: Instruction: CreateConfig
[2025-11-05T06:35:19.035800000Z DEBUG solana_runtime::message_processor::stable_log] Program 11111111111111111111111111111111 invoke [2]
[2025-11-05T06:35:19.035811000Z DEBUG solana_runtime::message_processor::stable_log] Program 11111111111111111111111111111111 success
[2025-11-05T06:35:19.035926000Z DEBUG solana_runtime::message_processor::stable_log] Program ASmKWt93JEMHxbdE6j7znD9y2FcdPboCzC3xtSTJvN7S invoke [2]
[2025-11-05T06:35:19.036032000Z DEBUG solana_runtime::message_processor::stable_log] Program ASmKWt93JEMHxbdE6j7znD9y2FcdPboCzC3xtSTJvN7S consumed 2069 of 186095 compute units
[2025-11-05T06:35:19.036047000Z DEBUG solana_runtime::message_processor::stable_log] Program ASmKWt93JEMHxbdE6j7znD9y2FcdPboCzC3xtSTJvN7S success
[2025-11-05T06:35:19.036069000Z DEBUG solana_runtime::message_processor::stable_log] Program ASmKWt93JEMHxbdE6j7znD9y2FcdPboCzC3xtSTJvN7S consumed 16279 of 200000 compute units
[2025-11-05T06:35:19.036079000Z DEBUG solana_runtime::message_processor::stable_log] Program ASmKWt93JEMHxbdE6j7znD9y2FcdPboCzC3xtSTJvN7S success
[2025-11-05T06:35:19.072699000Z DEBUG solana_runtime::message_processor::stable_log] Program ASmKWt93JEMHxbdE6j7znD9y2FcdPboCzC3xtSTJvN7S invoke [1]
[2025-11-05T06:35:19.072924000Z DEBUG solana_runtime::message_processor::stable_log] Program log: Instruction: InitializePool
[2025-11-05T06:35:19.073080000Z DEBUG solana_runtime::message_processor::stable_log] Program 11111111111111111111111111111111 invoke [2]
[2025-11-05T06:35:19.073090000Z DEBUG solana_runtime::message_processor::stable_log] Program 11111111111111111111111111111111 success
[2025-11-05T06:35:19.073127000Z DEBUG solana_runtime::message_processor::stable_log] Program TokenzQdBNbLqP5VEhdkAS6EPFLC1PHnBqCXEpPxuEb invoke [2]
[2025-11-05T06:35:19.073164000Z DEBUG solana_runtime::message_processor::stable_log] Program log: MetadataPointerInstruction::Initialize
[2025-11-05T06:35:19.073206000Z DEBUG solana_runtime::message_processor::stable_log] Program TokenzQdBNbLqP5VEhdkAS6EPFLC1PHnBqCXEpPxuEb consumed 2442 of 334963 compute units
[2025-11-05T06:35:19.073217000Z DEBUG solana_runtime::message_processor::stable_log] Program TokenzQdBNbLqP5VEhdkAS6EPFLC1PHnBqCXEpPxuEb success
[2025-11-05T06:35:19.073252000Z DEBUG solana_runtime::message_processor::stable_log] Program TokenzQdBNbLqP5VEhdkAS6EPFLC1PHnBqCXEpPxuEb invoke [2]
[2025-11-05T06:35:19.073441000Z DEBUG solana_runtime::message_processor::stable_log] Program log: Instruction: InitializeMintCloseAuthority
[2025-11-05T06:35:19.073487000Z DEBUG solana_runtime::message_processor::stable_log] Program TokenzQdBNbLqP5VEhdkAS6EPFLC1PHnBqCXEpPxuEb consumed 2570 of 330543 compute units
[2025-11-05T06:35:19.073501000Z DEBUG solana_runtime::message_processor::stable_log] Program TokenzQdBNbLqP5VEhdkAS6EPFLC1PHnBqCXEpPxuEb success
[2025-11-05T06:35:19.073548000Z DEBUG solana_runtime::message_processor::stable_log] Program TokenzQdBNbLqP5VEhdkAS6EPFLC1PHnBqCXEpPxuEb invoke [2]
[2025-11-05T06:35:19.073579000Z DEBUG solana_runtime::message_processor::stable_log] Program log: Instruction: InitializeMint2
[2025-11-05T06:35:19.073652000Z DEBUG solana_runtime::message_processor::stable_log] Program TokenzQdBNbLqP5VEhdkAS6EPFLC1PHnBqCXEpPxuEb consumed 4078 of 326031 compute units
[2025-11-05T06:35:19.073660000Z DEBUG solana_runtime::message_processor::stable_log] Program TokenzQdBNbLqP5VEhdkAS6EPFLC1PHnBqCXEpPxuEb success
[2025-11-05T06:35:19.073808000Z DEBUG solana_runtime::message_processor::stable_log] Program 11111111111111111111111111111111 invoke [2]
[2025-11-05T06:35:19.073815000Z DEBUG solana_runtime::message_processor::stable_log] Program 11111111111111111111111111111111 success
[2025-11-05T06:35:19.073847000Z DEBUG solana_runtime::message_processor::stable_log] Program TokenzQdBNbLqP5VEhdkAS6EPFLC1PHnBqCXEpPxuEb invoke [2]
[2025-11-05T06:35:19.073878000Z DEBUG solana_runtime::message_processor::stable_log] Program log: Instruction: InitializeAccount3
[2025-11-05T06:35:19.073963000Z DEBUG solana_runtime::message_processor::stable_log] Program TokenzQdBNbLqP5VEhdkAS6EPFLC1PHnBqCXEpPxuEb consumed 5137 of 310847 compute units
[2025-11-05T06:35:19.073972000Z DEBUG solana_runtime::message_processor::stable_log] Program TokenzQdBNbLqP5VEhdkAS6EPFLC1PHnBqCXEpPxuEb success
[2025-11-05T06:35:19.074221000Z DEBUG solana_runtime::message_processor::stable_log] Program 11111111111111111111111111111111 invoke [2]
[2025-11-05T06:35:19.074232000Z DEBUG solana_runtime::message_processor::stable_log] Program 11111111111111111111111111111111 success
[2025-11-05T06:35:19.074319000Z DEBUG solana_runtime::message_processor::stable_log] Program 11111111111111111111111111111111 invoke [2]
[2025-11-05T06:35:19.074324000Z DEBUG solana_runtime::message_processor::stable_log] Program 11111111111111111111111111111111 success
[2025-11-05T06:35:19.074409000Z DEBUG solana_runtime::message_processor::stable_log] Program 11111111111111111111111111111111 invoke [2]
[2025-11-05T06:35:19.074413000Z DEBUG solana_runtime::message_processor::stable_log] Program 11111111111111111111111111111111 success
[2025-11-05T06:35:19.074446000Z DEBUG solana_runtime::message_processor::stable_log] Program TokenkegQfeZyiNwAJbNbGKPFXCWuBvf9Ss623VQ5DA invoke [2]
[2025-11-05T06:35:19.074490000Z DEBUG solana_runtime::message_processor::stable_log] Program log: Instruction: InitializeAccount3
[2025-11-05T06:35:19.074704000Z DEBUG solana_runtime::message_processor::stable_log] Program TokenkegQfeZyiNwAJbNbGKPFXCWuBvf9Ss623VQ5DA consumed 4214 of 281248 compute units
[2025-11-05T06:35:19.074715000Z DEBUG solana_runtime::message_processor::stable_log] Program TokenkegQfeZyiNwAJbNbGKPFXCWuBvf9Ss623VQ5DA success
[2025-11-05T06:35:19.074826000Z DEBUG solana_runtime::message_processor::stable_log] Program 11111111111111111111111111111111 invoke [2]
[2025-11-05T06:35:19.074831000Z DEBUG solana_runtime::message_processor::stable_log] Program 11111111111111111111111111111111 success
[2025-11-05T06:35:19.074861000Z DEBUG solana_runtime::message_processor::stable_log] Program TokenkegQfeZyiNwAJbNbGKPFXCWuBvf9Ss623VQ5DA invoke [2]
[2025-11-05T06:35:19.074892000Z DEBUG solana_runtime::message_processor::stable_log] Program log: Instruction: InitializeAccount3
[2025-11-05T06:35:19.074951000Z DEBUG solana_runtime::message_processor::stable_log] Program TokenkegQfeZyiNwAJbNbGKPFXCWuBvf9Ss623VQ5DA consumed 4214 of 268109 compute units
[2025-11-05T06:35:19.074960000Z DEBUG solana_runtime::message_processor::stable_log] Program TokenkegQfeZyiNwAJbNbGKPFXCWuBvf9Ss623VQ5DA success
[2025-11-05T06:35:19.075203000Z DEBUG solana_runtime::message_processor::stable_log] Program TokenzQdBNbLqP5VEhdkAS6EPFLC1PHnBqCXEpPxuEb invoke [2]
[2025-11-05T06:35:19.075269000Z DEBUG solana_runtime::message_processor::stable_log] Program log: TokenMetadataInstruction: Initialize
[2025-11-05T06:35:19.075500000Z DEBUG solana_runtime::message_processor::stable_log] Program TokenzQdBNbLqP5VEhdkAS6EPFLC1PHnBqCXEpPxuEb consumed 9900 of 251607 compute units
[2025-11-05T06:35:19.075511000Z DEBUG solana_runtime::message_processor::stable_log] Program TokenzQdBNbLqP5VEhdkAS6EPFLC1PHnBqCXEpPxuEb success
[2025-11-05T06:35:19.075556000Z DEBUG solana_runtime::message_processor::stable_log] Program 11111111111111111111111111111111 invoke [2]
[2025-11-05T06:35:19.075560000Z DEBUG solana_runtime::message_processor::stable_log] Program 11111111111111111111111111111111 success
[2025-11-05T06:35:19.075604000Z DEBUG solana_runtime::message_processor::stable_log] Program TokenzQdBNbLqP5VEhdkAS6EPFLC1PHnBqCXEpPxuEb invoke [2]
[2025-11-05T06:35:19.075637000Z DEBUG solana_runtime::message_processor::stable_log] Program log: Instruction: MintTo
[2025-11-05T06:35:19.075720000Z DEBUG solana_runtime::message_processor::stable_log] Program TokenzQdBNbLqP5VEhdkAS6EPFLC1PHnBqCXEpPxuEb consumed 5540 of 236645 compute units
[2025-11-05T06:35:19.075728000Z DEBUG solana_runtime::message_processor::stable_log] Program TokenzQdBNbLqP5VEhdkAS6EPFLC1PHnBqCXEpPxuEb success
[2025-11-05T06:35:19.075784000Z DEBUG solana_runtime::message_processor::stable_log] Program ASmKWt93JEMHxbdE6j7znD9y2FcdPboCzC3xtSTJvN7S invoke [2]
[2025-11-05T06:35:19.076013000Z DEBUG solana_runtime::message_processor::stable_log] Program ASmKWt93JEMHxbdE6j7znD9y2FcdPboCzC3xtSTJvN7S consumed 2069 of 228040 compute units
[2025-11-05T06:35:19.076026000Z DEBUG solana_runtime::message_processor::stable_log] Program ASmKWt93JEMHxbdE6j7znD9y2FcdPboCzC3xtSTJvN7S success
[2025-11-05T06:35:19.076083000Z DEBUG solana_runtime::message_processor::stable_log] Program TokenkegQfeZyiNwAJbNbGKPFXCWuBvf9Ss623VQ5DA invoke [2]
[2025-11-05T06:35:19.076131000Z DEBUG solana_runtime::message_processor::stable_log] Program log: Instruction: TransferChecked
[2025-11-05T06:35:19.076218000Z DEBUG solana_runtime::message_processor::stable_log] Program TokenkegQfeZyiNwAJbNbGKPFXCWuBvf9Ss623VQ5DA consumed 6174 of 223427 compute units
[2025-11-05T06:35:19.076229000Z DEBUG solana_runtime::message_processor::stable_log] Program TokenkegQfeZyiNwAJbNbGKPFXCWuBvf9Ss623VQ5DA success
[2025-11-05T06:35:19.076279000Z DEBUG solana_runtime::message_processor::stable_log] Program TokenkegQfeZyiNwAJbNbGKPFXCWuBvf9Ss623VQ5DA invoke [2]
[2025-11-05T06:35:19.076313000Z DEBUG solana_runtime::message_processor::stable_log] Program log: Instruction: TransferChecked
[2025-11-05T06:35:19.076390000Z DEBUG solana_runtime::message_processor::stable_log] Program TokenkegQfeZyiNwAJbNbGKPFXCWuBvf9Ss623VQ5DA consumed 6174 of 214843 compute units
[2025-11-05T06:35:19.076400000Z DEBUG solana_runtime::message_processor::stable_log] Program TokenkegQfeZyiNwAJbNbGKPFXCWuBvf9Ss623VQ5DA success
[2025-11-05T06:35:19.076485000Z DEBUG solana_runtime::message_processor::stable_log] Program ASmKWt93JEMHxbdE6j7znD9y2FcdPboCzC3xtSTJvN7S invoke [2]
[2025-11-05T06:35:19.076526000Z DEBUG solana_runtime::message_processor::stable_log] Program ASmKWt93JEMHxbdE6j7znD9y2FcdPboCzC3xtSTJvN7S consumed 2069 of 203588 compute units
[2025-11-05T06:35:19.076534000Z DEBUG solana_runtime::message_processor::stable_log] Program ASmKWt93JEMHxbdE6j7znD9y2FcdPboCzC3xtSTJvN7S success
[2025-11-05T06:35:19.076662000Z DEBUG solana_runtime::message_processor::stable_log] Program ASmKWt93JEMHxbdE6j7znD9y2FcdPboCzC3xtSTJvN7S consumed 149275 of 350000 compute units
[2025-11-05T06:35:19.076679000Z DEBUG solana_runtime::message_processor::stable_log] Program ASmKWt93JEMHxbdE6j7znD9y2FcdPboCzC3xtSTJvN7S success
[2025-11-05T06:35:19.076690000Z DEBUG solana_runtime::message_processor::stable_log] Program ComputeBudget111111111111111111111111111111 invoke [1]
[2025-11-05T06:35:19.076698000Z DEBUG solana_runtime::message_processor::stable_log] Program ComputeBudget111111111111111111111111111111 success
[2025-11-05T06:35:19.107770000Z DEBUG solana_runtime::message_processor::stable_log] Program 5B57SJ3g2YoNXUpsZqqjEQkRSxyKtVTQRXdgAirz6bio invoke [1]
[2025-11-05T06:35:19.107924000Z DEBUG solana_runtime::message_processor::stable_log] Program log: Instruction: InitializeHonoraryPosition
[2025-11-05T06:35:19.108110000Z DEBUG solana_runtime::message_processor::stable_log] Program 11111111111111111111111111111111 invoke [2]
[2025-11-05T06:35:19.108120000Z DEBUG solana_runtime::message_processor::stable_log] Program 11111111111111111111111111111111 success
[2025-11-05T06:35:19.108249000Z DEBUG solana_runtime::message_processor::stable_log] Program 11111111111111111111111111111111 invoke [2]
[2025-11-05T06:35:19.108253000Z DEBUG solana_runtime::message_processor::stable_log] Program 11111111111111111111111111111111 success
[2025-11-05T06:35:19.108287000Z DEBUG solana_runtime::message_processor::stable_log] Program TokenkegQfeZyiNwAJbNbGKPFXCWuBvf9Ss623VQ5DA invoke [2]
[2025-11-05T06:35:19.108328000Z DEBUG solana_runtime::message_processor::stable_log] Program log: Instruction: InitializeAccount3
[2025-11-05T06:35:19.108398000Z DEBUG solana_runtime::message_processor::stable_log] Program TokenkegQfeZyiNwAJbNbGKPFXCWuBvf9Ss623VQ5DA consumed 4214 of 172612 compute units
[2025-11-05T06:35:19.108409000Z DEBUG solana_runtime::message_processor::stable_log] Program TokenkegQfeZyiNwAJbNbGKPFXCWuBvf9Ss623VQ5DA success
[2025-11-05T06:35:19.108531000Z DEBUG solana_runtime::message_processor::stable_log] Program 11111111111111111111111111111111 invoke [2]
[2025-11-05T06:35:19.108539000Z DEBUG solana_runtime::message_processor::stable_log] Program 11111111111111111111111111111111 success
[2025-11-05T06:35:19.108580000Z DEBUG solana_runtime::message_processor::stable_log] Program TokenkegQfeZyiNwAJbNbGKPFXCWuBvf9Ss623VQ5DA invoke [2]
[2025-11-05T06:35:19.108610000Z DEBUG solana_runtime::message_processor::stable_log] Program log: Instruction: InitializeAccount3
[2025-11-05T06:35:19.108669000Z DEBUG solana_runtime::message_processor::stable_log] Program TokenkegQfeZyiNwAJbNbGKPFXCWuBvf9Ss623VQ5DA consumed 4214 of 157976 compute units
[2025-11-05T06:35:19.108679000Z DEBUG solana_runtime::message_processor::stable_log] Program TokenkegQfeZyiNwAJbNbGKPFXCWuBvf9Ss623VQ5DA success
[2025-11-05T06:35:19.108743000Z DEBUG solana_runtime::message_processor::stable_log] Program log: Creating honorary position through CP-AMM CPI
[2025-11-05T06:35:19.108835000Z DEBUG solana_runtime::message_processor::stable_log] Program ASmKWt93JEMHxbdE6j7znD9y2FcdPboCzC3xtSTJvN7S invoke [2]
[2025-11-05T06:35:19.108919000Z DEBUG solana_runtime::message_processor::stable_log] Program log: Instruction: CreatePosition
[2025-11-05T06:35:19.108999000Z DEBUG solana_runtime::message_processor::stable_log] Program 11111111111111111111111111111111 invoke [3]
[2025-11-05T06:35:19.109004000Z DEBUG solana_runtime::message_processor::stable_log] Program 11111111111111111111111111111111 success
[2025-11-05T06:35:19.109041000Z DEBUG solana_runtime::message_processor::stable_log] Program TokenzQdBNbLqP5VEhdkAS6EPFLC1PHnBqCXEpPxuEb invoke [3]
[2025-11-05T06:35:19.109081000Z DEBUG solana_runtime::message_processor::stable_log] Program log: MetadataPointerInstruction::Initialize
[2025-11-05T06:35:19.109123000Z DEBUG solana_runtime::message_processor::stable_log] Program TokenzQdBNbLqP5VEhdkAS6EPFLC1PHnBqCXEpPxuEb consumed 2442 of 132670 compute units
[2025-11-05T06:35:19.109131000Z DEBUG solana_runtime::message_processor::stable_log] Program TokenzQdBNbLqP5VEhdkAS6EPFLC1PHnBqCXEpPxuEb success
[2025-11-05T06:35:19.109167000Z DEBUG solana_runtime::message_processor::stable_log] Program TokenzQdBNbLqP5VEhdkAS6EPFLC1PHnBqCXEpPxuEb invoke [3]
[2025-11-05T06:35:19.109191000Z DEBUG solana_runtime::message_processor::stable_log] Program log: Instruction: InitializeMintCloseAuthority
[2025-11-05T06:35:19.109228000Z DEBUG solana_runtime::message_processor::stable_log] Program TokenzQdBNbLqP5VEhdkAS6EPFLC1PHnBqCXEpPxuEb consumed 2570 of 128250 compute units
[2025-11-05T06:35:19.109237000Z DEBUG solana_runtime::message_processor::stable_log] Program TokenzQdBNbLqP5VEhdkAS6EPFLC1PHnBqCXEpPxuEb success
[2025-11-05T06:35:19.109270000Z DEBUG solana_runtime::message_processor::stable_log] Program TokenzQdBNbLqP5VEhdkAS6EPFLC1PHnBqCXEpPxuEb invoke [3]
[2025-11-05T06:35:19.109297000Z DEBUG solana_runtime::message_processor::stable_log] Program log: Instruction: InitializeMint2
[2025-11-05T06:35:19.109368000Z DEBUG solana_runtime::message_processor::stable_log] Program TokenzQdBNbLqP5VEhdkAS6EPFLC1PHnBqCXEpPxuEb consumed 4078 of 123737 compute units
[2025-11-05T06:35:19.109376000Z DEBUG solana_runtime::message_processor::stable_log] Program TokenzQdBNbLqP5VEhdkAS6EPFLC1PHnBqCXEpPxuEb success
[2025-11-05T06:35:19.109517000Z DEBUG solana_runtime::message_processor::stable_log] Program 11111111111111111111111111111111 invoke [3]
[2025-11-05T06:35:19.109521000Z DEBUG solana_runtime::message_processor::stable_log] Program 11111111111111111111111111111111 success
[2025-11-05T06:35:19.109555000Z DEBUG solana_runtime::message_processor::stable_log] Program TokenzQdBNbLqP5VEhdkAS6EPFLC1PHnBqCXEpPxuEb invoke [3]
[2025-11-05T06:35:19.109594000Z DEBUG solana_runtime::message_processor::stable_log] Program log: Instruction: InitializeAccount3
[2025-11-05T06:35:19.109680000Z DEBUG solana_runtime::message_processor::stable_log] Program TokenzQdBNbLqP5VEhdkAS6EPFLC1PHnBqCXEpPxuEb consumed 5137 of 110053 compute units
[2025-11-05T06:35:19.109689000Z DEBUG solana_runtime::message_processor::stable_log] Program TokenzQdBNbLqP5VEhdkAS6EPFLC1PHnBqCXEpPxuEb success
[2025-11-05T06:35:19.109797000Z DEBUG solana_runtime::message_processor::stable_log] Program 11111111111111111111111111111111 invoke [3]
[2025-11-05T06:35:19.109801000Z DEBUG solana_runtime::message_processor::stable_log] Program 11111111111111111111111111111111 success
[2025-11-05T06:35:19.109928000Z DEBUG solana_runtime::message_processor::stable_log] Program TokenzQdBNbLqP5VEhdkAS6EPFLC1PHnBqCXEpPxuEb invoke [3]
[2025-11-05T06:35:19.109986000Z DEBUG solana_runtime::message_processor::stable_log] Program log: TokenMetadataInstruction: Initialize
[2025-11-05T06:35:19.110126000Z DEBUG solana_runtime::message_processor::stable_log] Program TokenzQdBNbLqP5VEhdkAS6EPFLC1PHnBqCXEpPxuEb consumed 9900 of 91823 compute units
[2025-11-05T06:35:19.110136000Z DEBUG solana_runtime::message_processor::stable_log] Program TokenzQdBNbLqP5VEhdkAS6EPFLC1PHnBqCXEpPxuEb success
[2025-11-05T06:35:19.110183000Z DEBUG solana_runtime::message_processor::stable_log] Program 11111111111111111111111111111111 invoke [3]
[2025-11-05T06:35:19.110187000Z DEBUG solana_runtime::message_processor::stable_log] Program 11111111111111111111111111111111 success
[2025-11-05T06:35:19.110230000Z DEBUG solana_runtime::message_processor::stable_log] Program TokenzQdBNbLqP5VEhdkAS6EPFLC1PHnBqCXEpPxuEb invoke [3]
[2025-11-05T06:35:19.110263000Z DEBUG solana_runtime::message_processor::stable_log] Program log: Instruction: MintTo
[2025-11-05T06:35:19.110343000Z DEBUG solana_runtime::message_processor::stable_log] Program TokenzQdBNbLqP5VEhdkAS6EPFLC1PHnBqCXEpPxuEb consumed 5540 of 76861 compute units
[2025-11-05T06:35:19.110353000Z DEBUG solana_runtime::message_processor::stable_log] Program TokenzQdBNbLqP5VEhdkAS6EPFLC1PHnBqCXEpPxuEb success
[2025-11-05T06:35:19.110410000Z DEBUG solana_runtime::message_processor::stable_log] Program ASmKWt93JEMHxbdE6j7znD9y2FcdPboCzC3xtSTJvN7S invoke [3]
[2025-11-05T06:35:19.110446000Z DEBUG solana_runtime::message_processor::stable_log] Program ASmKWt93JEMHxbdE6j7znD9y2FcdPboCzC3xtSTJvN7S consumed 2069 of 68255 compute units
[2025-11-05T06:35:19.110454000Z DEBUG solana_runtime::message_processor::stable_log] Program ASmKWt93JEMHxbdE6j7znD9y2FcdPboCzC3xtSTJvN7S success
[2025-11-05T06:35:19.110475000Z DEBUG solana_runtime::message_processor::stable_log] Program ASmKWt93JEMHxbdE6j7znD9y2FcdPboCzC3xtSTJvN7S consumed 76100 of 141714 compute units
[2025-11-05T06:35:19.110486000Z DEBUG solana_runtime::message_processor::stable_log] Program ASmKWt93JEMHxbdE6j7znD9y2FcdPboCzC3xtSTJvN7S success
[2025-11-05T06:35:19.110516000Z DEBUG solana_runtime::message_processor::stable_log] Program data: B9TwvmYpSyml30wnRmvhN1QVOE10mx4QkNmycQ0hV6EMokVPmUXrwf3SqmhJXRZlbs2tMlWAUNRz+DybAeiCu8X0LZBgrivAZIblfcRIWCxFhGp8dS+wwd80KZeZWEfoUVyzREoYRfx/Oo3fBgezmA//1I13yCd/Lipz606/2QFZr8x3oQHaOO590vmU4XJT5qQ3Nc4qPrTI549qhm2/JKmpzZTgv4MqJvAKaQAAAAA=
[2025-11-05T06:35:19.110538000Z DEBUG solana_runtime::message_processor::stable_log] Program 5B57SJ3g2YoNXUpsZqqjEQkRSxyKtVTQRXdgAirz6bio consumed 136480 of 200000 compute units
[2025-11-05T06:35:19.110550000Z DEBUG solana_runtime::message_processor::stable_log] Program 5B57SJ3g2YoNXUpsZqqjEQkRSxyKtVTQRXdgAirz6bio success
[2025-11-05T06:35:19.117499000Z DEBUG solana_runtime::message_processor::stable_log] Program 5B57SJ3g2YoNXUpsZqqjEQkRSxyKtVTQRXdgAirz6bio invoke [1]
[2025-11-05T06:35:19.117587000Z DEBUG solana_runtime::message_processor::stable_log] Program log: Instruction: SetupPolicy
[2025-11-05T06:35:19.117689000Z DEBUG solana_runtime::message_processor::stable_log] Program 11111111111111111111111111111111 invoke [2]
[2025-11-05T06:35:19.117700000Z DEBUG solana_runtime::message_processor::stable_log] Program 11111111111111111111111111111111 success
[2025-11-05T06:35:19.117812000Z DEBUG solana_runtime::message_processor::stable_log] Program 11111111111111111111111111111111 invoke [2]
[2025-11-05T06:35:19.117816000Z DEBUG solana_runtime::message_processor::stable_log] Program 11111111111111111111111111111111 success
[2025-11-05T06:35:19.117865000Z DEBUG solana_runtime::message_processor::stable_log] Program data: HFXHbHKxoyal30wnRmvhN1QVOE10mx4QkNmycQ0hV6EMokVPmUXrwZJr0mhXEWxgNsI5dvhw2QxHfuS78ZTjYT9knkK6MKEVECdAS0wAAAAAACbwCmkAAAAA
[2025-11-05T06:35:19.117899000Z DEBUG solana_runtime::message_processor::stable_log] Program 5B57SJ3g2YoNXUpsZqqjEQkRSxyKtVTQRXdgAirz6bio consumed 18026 of 200000 compute units
[2025-11-05T06:35:19.117919000Z DEBUG solana_runtime::message_processor::stable_log] Program 5B57SJ3g2YoNXUpsZqqjEQkRSxyKtVTQRXdgAirz6bio success
[2025-11-05T06:35:19.143650000Z DEBUG solana_runtime::message_processor::stable_log] Program 5B57SJ3g2YoNXUpsZqqjEQkRSxyKtVTQRXdgAirz6bio invoke [1]
[2025-11-05T06:35:19.143801000Z DEBUG solana_runtime::message_processor::stable_log] Program log: Instruction: AddHonoraryLiquidity
[2025-11-05T06:35:19.144186000Z DEBUG solana_runtime::message_processor::stable_log] Program log: Adding liquidity to honorary position
[2025-11-05T06:35:19.144246000Z DEBUG solana_runtime::message_processor::stable_log] Program TokenkegQfeZyiNwAJbNbGKPFXCWuBvf9Ss623VQ5DA invoke [2]
[2025-11-05T06:35:19.144335000Z DEBUG solana_runtime::message_processor::stable_log] Program log: Instruction: TransferChecked
[2025-11-05T06:35:19.144437000Z DEBUG solana_runtime::message_processor::stable_log] Program TokenkegQfeZyiNwAJbNbGKPFXCWuBvf9Ss623VQ5DA consumed 6174 of 166743 compute units
[2025-11-05T06:35:19.144453000Z DEBUG solana_runtime::message_processor::stable_log] Program TokenkegQfeZyiNwAJbNbGKPFXCWuBvf9Ss623VQ5DA success
[2025-11-05T06:35:19.144516000Z DEBUG solana_runtime::message_processor::stable_log] Program TokenkegQfeZyiNwAJbNbGKPFXCWuBvf9Ss623VQ5DA invoke [2]
[2025-11-05T06:35:19.144641000Z DEBUG solana_runtime::message_processor::stable_log] Program log: Instruction: TransferChecked
[2025-11-05T06:35:19.144731000Z DEBUG solana_runtime::message_processor::stable_log] Program TokenkegQfeZyiNwAJbNbGKPFXCWuBvf9Ss623VQ5DA consumed 6174 of 157836 compute units
[2025-11-05T06:35:19.144744000Z DEBUG solana_runtime::message_processor::stable_log] Program TokenkegQfeZyiNwAJbNbGKPFXCWuBvf9Ss623VQ5DA success
[2025-11-05T06:35:19.144886000Z DEBUG solana_runtime::message_processor::stable_log] Program ASmKWt93JEMHxbdE6j7znD9y2FcdPboCzC3xtSTJvN7S invoke [2]
[2025-11-05T06:35:19.144996000Z DEBUG solana_runtime::message_processor::stable_log] Program log: Instruction: AddLiquidity
[2025-11-05T06:35:19.145364000Z DEBUG solana_runtime::message_processor::stable_log] Program TokenkegQfeZyiNwAJbNbGKPFXCWuBvf9Ss623VQ5DA invoke [3]
[2025-11-05T06:35:19.145412000Z DEBUG solana_runtime::message_processor::stable_log] Program log: Instruction: TransferChecked
[2025-11-05T06:35:19.145510000Z DEBUG solana_runtime::message_processor::stable_log] Program TokenkegQfeZyiNwAJbNbGKPFXCWuBvf9Ss623VQ5DA consumed 6174 of 119256 compute units
[2025-11-05T06:35:19.145524000Z DEBUG solana_runtime::message_processor::stable_log] Program TokenkegQfeZyiNwAJbNbGKPFXCWuBvf9Ss623VQ5DA success
[2025-11-05T06:35:19.145579000Z DEBUG solana_runtime::message_processor::stable_log] Program TokenkegQfeZyiNwAJbNbGKPFXCWuBvf9Ss623VQ5DA invoke [3]
[2025-11-05T06:35:19.145618000Z DEBUG solana_runtime::message_processor::stable_log] Program log: Instruction: TransferChecked
[2025-11-05T06:35:19.145704000Z DEBUG solana_runtime::message_processor::stable_log] Program TokenkegQfeZyiNwAJbNbGKPFXCWuBvf9Ss623VQ5DA consumed 6174 of 110672 compute units
[2025-11-05T06:35:19.145718000Z DEBUG solana_runtime::message_processor::stable_log] Program TokenkegQfeZyiNwAJbNbGKPFXCWuBvf9Ss623VQ5DA success
[2025-11-05T06:35:19.145784000Z DEBUG solana_runtime::message_processor::stable_log] Program ASmKWt93JEMHxbdE6j7znD9y2FcdPboCzC3xtSTJvN7S invoke [3]
[2025-11-05T06:35:19.145832000Z DEBUG solana_runtime::message_processor::stable_log] Program ASmKWt93JEMHxbdE6j7znD9y2FcdPboCzC3xtSTJvN7S consumed 2069 of 101244 compute units
[2025-11-05T06:35:19.145845000Z DEBUG solana_runtime::message_processor::stable_log] Program ASmKWt93JEMHxbdE6j7znD9y2FcdPboCzC3xtSTJvN7S success
[2025-11-05T06:35:19.145977000Z DEBUG solana_runtime::message_processor::stable_log] Program ASmKWt93JEMHxbdE6j7znD9y2FcdPboCzC3xtSTJvN7S invoke [3]
[2025-11-05T06:35:19.146012000Z DEBUG solana_runtime::message_processor::stable_log] Program ASmKWt93JEMHxbdE6j7znD9y2FcdPboCzC3xtSTJvN7S consumed 2069 of 92741 compute units
[2025-11-05T06:35:19.146025000Z DEBUG solana_runtime::message_processor::stable_log] Program ASmKWt93JEMHxbdE6j7znD9y2FcdPboCzC3xtSTJvN7S success
[2025-11-05T06:35:19.146056000Z DEBUG solana_runtime::message_processor::stable_log] Program ASmKWt93JEMHxbdE6j7znD9y2FcdPboCzC3xtSTJvN7S consumed 50736 of 140767 compute units
[2025-11-05T06:35:19.146073000Z DEBUG solana_runtime::message_processor::stable_log] Program ASmKWt93JEMHxbdE6j7znD9y2FcdPboCzC3xtSTJvN7S success
[2025-11-05T06:35:19.146113000Z DEBUG solana_runtime::message_processor::stable_log] Program log: Successfully added 1844674407370955161600 liquidity to honorary position
[2025-11-05T06:35:19.146128000Z DEBUG solana_runtime::message_processor::stable_log] Program 5B57SJ3g2YoNXUpsZqqjEQkRSxyKtVTQRXdgAirz6bio consumed 111647 of 200000 compute units
[2025-11-05T06:35:19.146142000Z DEBUG solana_runtime::message_processor::stable_log] Program 5B57SJ3g2YoNXUpsZqqjEQkRSxyKtVTQRXdgAirz6bio success
[2025-11-05T06:35:19.157514000Z DEBUG solana_runtime::message_processor::stable_log] Program 11111111111111111111111111111111 invoke [1]
[2025-11-05T06:35:19.157540000Z DEBUG solana_runtime::message_processor::stable_log] Program 11111111111111111111111111111111 success
  Stream 0: 0% locked, expected locked amount: 0, amount_per_period: 2747
[2025-11-05T06:35:19.164031000Z DEBUG solana_runtime::message_processor::stable_log] Program ATokenGPvbdGVxr1b2hvZbsiqW5xWH25efTNsLJA8knL invoke [1]
[2025-11-05T06:35:19.164140000Z DEBUG solana_runtime::message_processor::stable_log] Program log: Create
[2025-11-05T06:35:19.164212000Z DEBUG solana_runtime::message_processor::stable_log] Program TokenkegQfeZyiNwAJbNbGKPFXCWuBvf9Ss623VQ5DA invoke [2]
[2025-11-05T06:35:19.164257000Z DEBUG solana_runtime::message_processor::stable_log] Program log: Instruction: GetAccountDataSize
[2025-11-05T06:35:19.164314000Z DEBUG solana_runtime::message_processor::stable_log] Program TokenkegQfeZyiNwAJbNbGKPFXCWuBvf9Ss623VQ5DA consumed 1595 of 194555 compute units
[2025-11-05T06:35:19.164329000Z DEBUG solana_runtime::message_processor::stable_log] Program return: TokenkegQfeZyiNwAJbNbGKPFXCWuBvf9Ss623VQ5DA pQAAAAAAAAA=
[2025-11-05T06:35:19.164342000Z DEBUG solana_runtime::message_processor::stable_log] Program TokenkegQfeZyiNwAJbNbGKPFXCWuBvf9Ss623VQ5DA success
[2025-11-05T06:35:19.164422000Z DEBUG solana_runtime::message_processor::stable_log] Program 11111111111111111111111111111111 invoke [2]
[2025-11-05T06:35:19.164433000Z DEBUG solana_runtime::message_processor::stable_log] Program 11111111111111111111111111111111 success
[2025-11-05T06:35:19.164441000Z DEBUG solana_runtime::message_processor::stable_log] Program log: Initialize the associated token account
[2025-11-05T06:35:19.164468000Z DEBUG solana_runtime::message_processor::stable_log] Program TokenkegQfeZyiNwAJbNbGKPFXCWuBvf9Ss623VQ5DA invoke [2]
[2025-11-05T06:35:19.164500000Z DEBUG solana_runtime::message_processor::stable_log] Program log: Instruction: InitializeImmutableOwner
[2025-11-05T06:35:19.164518000Z DEBUG solana_runtime::message_processor::stable_log] Program log: Please upgrade to SPL Token 2022 for immutable owner support
[2025-11-05T06:35:19.164522000Z DEBUG solana_runtime::message_processor::stable_log] Program TokenkegQfeZyiNwAJbNbGKPFXCWuBvf9Ss623VQ5DA consumed 1405 of 187942 compute units
[2025-11-05T06:35:19.164534000Z DEBUG solana_runtime::message_processor::stable_log] Program TokenkegQfeZyiNwAJbNbGKPFXCWuBvf9Ss623VQ5DA success
[2025-11-05T06:35:19.164584000Z DEBUG solana_runtime::message_processor::stable_log] Program TokenkegQfeZyiNwAJbNbGKPFXCWuBvf9Ss623VQ5DA invoke [2]
[2025-11-05T06:35:19.164623000Z DEBUG solana_runtime::message_processor::stable_log] Program log: Instruction: InitializeAccount3
[2025-11-05T06:35:19.164707000Z DEBUG solana_runtime::message_processor::stable_log] Program TokenkegQfeZyiNwAJbNbGKPFXCWuBvf9Ss623VQ5DA consumed 4214 of 184058 compute units
[2025-11-05T06:35:19.164719000Z DEBUG solana_runtime::message_processor::stable_log] Program TokenkegQfeZyiNwAJbNbGKPFXCWuBvf9Ss623VQ5DA success
[2025-11-05T06:35:19.164739000Z DEBUG solana_runtime::message_processor::stable_log] Program ATokenGPvbdGVxr1b2hvZbsiqW5xWH25efTNsLJA8knL consumed 20460 of 200000 compute units
[2025-11-05T06:35:19.164752000Z DEBUG solana_runtime::message_processor::stable_log] Program ATokenGPvbdGVxr1b2hvZbsiqW5xWH25efTNsLJA8knL success
[2025-11-05T06:35:19.177870000Z DEBUG solana_runtime::message_processor::stable_log] Program 11111111111111111111111111111111 invoke [1]
[2025-11-05T06:35:19.177898000Z DEBUG solana_runtime::message_processor::stable_log] Program 11111111111111111111111111111111 success
  Stream 1: 0% locked, expected locked amount: 0, amount_per_period: 2747
[2025-11-05T06:35:19.184650000Z DEBUG solana_runtime::message_processor::stable_log] Program ATokenGPvbdGVxr1b2hvZbsiqW5xWH25efTNsLJA8knL invoke [1]
[2025-11-05T06:35:19.184769000Z DEBUG solana_runtime::message_processor::stable_log] Program log: Create
[2025-11-05T06:35:19.184848000Z DEBUG solana_runtime::message_processor::stable_log] Program TokenkegQfeZyiNwAJbNbGKPFXCWuBvf9Ss623VQ5DA invoke [2]
[2025-11-05T06:35:19.184914000Z DEBUG solana_runtime::message_processor::stable_log] Program log: Instruction: GetAccountDataSize
[2025-11-05T06:35:19.184942000Z DEBUG solana_runtime::message_processor::stable_log] Program TokenkegQfeZyiNwAJbNbGKPFXCWuBvf9Ss623VQ5DA consumed 1595 of 194555 compute units
[2025-11-05T06:35:19.184956000Z DEBUG solana_runtime::message_processor::stable_log] Program return: TokenkegQfeZyiNwAJbNbGKPFXCWuBvf9Ss623VQ5DA pQAAAAAAAAA=
[2025-11-05T06:35:19.184968000Z DEBUG solana_runtime::message_processor::stable_log] Program TokenkegQfeZyiNwAJbNbGKPFXCWuBvf9Ss623VQ5DA success
[2025-11-05T06:35:19.185055000Z DEBUG solana_runtime::message_processor::stable_log] Program 11111111111111111111111111111111 invoke [2]
[2025-11-05T06:35:19.185068000Z DEBUG solana_runtime::message_processor::stable_log] Program 11111111111111111111111111111111 success
[2025-11-05T06:35:19.185076000Z DEBUG solana_runtime::message_processor::stable_log] Program log: Initialize the associated token account
[2025-11-05T06:35:19.185104000Z DEBUG solana_runtime::message_processor::stable_log] Program TokenkegQfeZyiNwAJbNbGKPFXCWuBvf9Ss623VQ5DA invoke [2]
[2025-11-05T06:35:19.185139000Z DEBUG solana_runtime::message_processor::stable_log] Program log: Instruction: InitializeImmutableOwner
[2025-11-05T06:35:19.185161000Z DEBUG solana_runtime::message_processor::stable_log] Program log: Please upgrade to SPL Token 2022 for immutable owner support
[2025-11-05T06:35:19.185165000Z DEBUG solana_runtime::message_processor::stable_log] Program TokenkegQfeZyiNwAJbNbGKPFXCWuBvf9Ss623VQ5DA consumed 1405 of 187942 compute units
[2025-11-05T06:35:19.185176000Z DEBUG solana_runtime::message_processor::stable_log] Program TokenkegQfeZyiNwAJbNbGKPFXCWuBvf9Ss623VQ5DA success
[2025-11-05T06:35:19.185228000Z DEBUG solana_runtime::message_processor::stable_log] Program TokenkegQfeZyiNwAJbNbGKPFXCWuBvf9Ss623VQ5DA invoke [2]
[2025-11-05T06:35:19.185272000Z DEBUG solana_runtime::message_processor::stable_log] Program log: Instruction: InitializeAccount3
[2025-11-05T06:35:19.185394000Z DEBUG solana_runtime::message_processor::stable_log] Program TokenkegQfeZyiNwAJbNbGKPFXCWuBvf9Ss623VQ5DA consumed 4214 of 184058 compute units
[2025-11-05T06:35:19.185463000Z DEBUG solana_runtime::message_processor::stable_log] Program TokenkegQfeZyiNwAJbNbGKPFXCWuBvf9Ss623VQ5DA success
[2025-11-05T06:35:19.185490000Z DEBUG solana_runtime::message_processor::stable_log] Program ATokenGPvbdGVxr1b2hvZbsiqW5xWH25efTNsLJA8knL consumed 20460 of 200000 compute units
[2025-11-05T06:35:19.185502000Z DEBUG solana_runtime::message_processor::stable_log] Program ATokenGPvbdGVxr1b2hvZbsiqW5xWH25efTNsLJA8knL success
[2025-11-05T06:35:19.200619000Z DEBUG solana_runtime::message_processor::stable_log] Program 11111111111111111111111111111111 invoke [1]
[2025-11-05T06:35:19.200643000Z DEBUG solana_runtime::message_processor::stable_log] Program 11111111111111111111111111111111 success
  Stream 2: 0% locked, expected locked amount: 0, amount_per_period: 2747
[2025-11-05T06:35:19.209565000Z DEBUG solana_runtime::message_processor::stable_log] Program ATokenGPvbdGVxr1b2hvZbsiqW5xWH25efTNsLJA8knL invoke [1]
[2025-11-05T06:35:19.209691000Z DEBUG solana_runtime::message_processor::stable_log] Program log: Create
[2025-11-05T06:35:19.209804000Z DEBUG solana_runtime::message_processor::stable_log] Program TokenkegQfeZyiNwAJbNbGKPFXCWuBvf9Ss623VQ5DA invoke [2]
[2025-11-05T06:35:19.209855000Z DEBUG solana_runtime::message_processor::stable_log] Program log: Instruction: GetAccountDataSize
[2025-11-05T06:35:19.209888000Z DEBUG solana_runtime::message_processor::stable_log] Program TokenkegQfeZyiNwAJbNbGKPFXCWuBvf9Ss623VQ5DA consumed 1595 of 191555 compute units
[2025-11-05T06:35:19.209900000Z DEBUG solana_runtime::message_processor::stable_log] Program return: TokenkegQfeZyiNwAJbNbGKPFXCWuBvf9Ss623VQ5DA pQAAAAAAAAA=
[2025-11-05T06:35:19.209914000Z DEBUG solana_runtime::message_processor::stable_log] Program TokenkegQfeZyiNwAJbNbGKPFXCWuBvf9Ss623VQ5DA success
[2025-11-05T06:35:19.210013000Z DEBUG solana_runtime::message_processor::stable_log] Program 11111111111111111111111111111111 invoke [2]
[2025-11-05T06:35:19.210029000Z DEBUG solana_runtime::message_processor::stable_log] Program 11111111111111111111111111111111 success
[2025-11-05T06:35:19.210040000Z DEBUG solana_runtime::message_processor::stable_log] Program log: Initialize the associated token account
[2025-11-05T06:35:19.210072000Z DEBUG solana_runtime::message_processor::stable_log] Program TokenkegQfeZyiNwAJbNbGKPFXCWuBvf9Ss623VQ5DA invoke [2]
[2025-11-05T06:35:19.210113000Z DEBUG solana_runtime::message_processor::stable_log] Program log: Instruction: InitializeImmutableOwner
[2025-11-05T06:35:19.210135000Z DEBUG solana_runtime::message_processor::stable_log] Program log: Please upgrade to SPL Token 2022 for immutable owner support
[2025-11-05T06:35:19.210141000Z DEBUG solana_runtime::message_processor::stable_log] Program TokenkegQfeZyiNwAJbNbGKPFXCWuBvf9Ss623VQ5DA consumed 1405 of 184942 compute units
[2025-11-05T06:35:19.210154000Z DEBUG solana_runtime::message_processor::stable_log] Program TokenkegQfeZyiNwAJbNbGKPFXCWuBvf9Ss623VQ5DA success
[2025-11-05T06:35:19.210215000Z DEBUG solana_runtime::message_processor::stable_log] Program TokenkegQfeZyiNwAJbNbGKPFXCWuBvf9Ss623VQ5DA invoke [2]
[2025-11-05T06:35:19.210263000Z DEBUG solana_runtime::message_processor::stable_log] Program log: Instruction: InitializeAccount3
[2025-11-05T06:35:19.210361000Z DEBUG solana_runtime::message_processor::stable_log] Program TokenkegQfeZyiNwAJbNbGKPFXCWuBvf9Ss623VQ5DA consumed 4214 of 181058 compute units
[2025-11-05T06:35:19.210376000Z DEBUG solana_runtime::message_processor::stable_log] Program TokenkegQfeZyiNwAJbNbGKPFXCWuBvf9Ss623VQ5DA success
[2025-11-05T06:35:19.210398000Z DEBUG solana_runtime::message_processor::stable_log] Program ATokenGPvbdGVxr1b2hvZbsiqW5xWH25efTNsLJA8knL consumed 23460 of 200000 compute units
[2025-11-05T06:35:19.210463000Z DEBUG solana_runtime::message_processor::stable_log] Program ATokenGPvbdGVxr1b2hvZbsiqW5xWH25efTNsLJA8knL success
[2025-11-05T06:35:19.225188000Z DEBUG solana_runtime::message_processor::stable_log] Program 11111111111111111111111111111111 invoke [1]
[2025-11-05T06:35:19.225211000Z DEBUG solana_runtime::message_processor::stable_log] Program 11111111111111111111111111111111 success
  Stream 3: 0% locked, expected locked amount: 0, amount_per_period: 2747
[2025-11-05T06:35:19.238444000Z DEBUG solana_runtime::message_processor::stable_log] Program ATokenGPvbdGVxr1b2hvZbsiqW5xWH25efTNsLJA8knL invoke [1]
[2025-11-05T06:35:19.238619000Z DEBUG solana_runtime::message_processor::stable_log] Program log: Create
[2025-11-05T06:35:19.238735000Z DEBUG solana_runtime::message_processor::stable_log] Program TokenkegQfeZyiNwAJbNbGKPFXCWuBvf9Ss623VQ5DA invoke [2]
[2025-11-05T06:35:19.238785000Z DEBUG solana_runtime::message_processor::stable_log] Program log: Instruction: GetAccountDataSize
[2025-11-05T06:35:19.238817000Z DEBUG solana_runtime::message_processor::stable_log] Program TokenkegQfeZyiNwAJbNbGKPFXCWuBvf9Ss623VQ5DA consumed 1595 of 191555 compute units
[2025-11-05T06:35:19.238832000Z DEBUG solana_runtime::message_processor::stable_log] Program return: TokenkegQfeZyiNwAJbNbGKPFXCWuBvf9Ss623VQ5DA pQAAAAAAAAA=
[2025-11-05T06:35:19.238848000Z DEBUG solana_runtime::message_processor::stable_log] Program TokenkegQfeZyiNwAJbNbGKPFXCWuBvf9Ss623VQ5DA success
[2025-11-05T06:35:19.238957000Z DEBUG solana_runtime::message_processor::stable_log] Program 11111111111111111111111111111111 invoke [2]
[2025-11-05T06:35:19.238971000Z DEBUG solana_runtime::message_processor::stable_log] Program 11111111111111111111111111111111 success
[2025-11-05T06:35:19.238981000Z DEBUG solana_runtime::message_processor::stable_log] Program log: Initialize the associated token account
[2025-11-05T06:35:19.239015000Z DEBUG solana_runtime::message_processor::stable_log] Program TokenkegQfeZyiNwAJbNbGKPFXCWuBvf9Ss623VQ5DA invoke [2]
[2025-11-05T06:35:19.239058000Z DEBUG solana_runtime::message_processor::stable_log] Program log: Instruction: InitializeImmutableOwner
[2025-11-05T06:35:19.239080000Z DEBUG solana_runtime::message_processor::stable_log] Program log: Please upgrade to SPL Token 2022 for immutable owner support
[2025-11-05T06:35:19.239087000Z DEBUG solana_runtime::message_processor::stable_log] Program TokenkegQfeZyiNwAJbNbGKPFXCWuBvf9Ss623VQ5DA consumed 1405 of 184942 compute units
[2025-11-05T06:35:19.239102000Z DEBUG solana_runtime::message_processor::stable_log] Program TokenkegQfeZyiNwAJbNbGKPFXCWuBvf9Ss623VQ5DA success
[2025-11-05T06:35:19.239167000Z DEBUG solana_runtime::message_processor::stable_log] Program TokenkegQfeZyiNwAJbNbGKPFXCWuBvf9Ss623VQ5DA invoke [2]
[2025-11-05T06:35:19.239216000Z DEBUG solana_runtime::message_processor::stable_log] Program log: Instruction: InitializeAccount3
[2025-11-05T06:35:19.239317000Z DEBUG solana_runtime::message_processor::stable_log] Program TokenkegQfeZyiNwAJbNbGKPFXCWuBvf9Ss623VQ5DA consumed 4214 of 181058 compute units
[2025-11-05T06:35:19.239333000Z DEBUG solana_runtime::message_processor::stable_log] Program TokenkegQfeZyiNwAJbNbGKPFXCWuBvf9Ss623VQ5DA success
[2025-11-05T06:35:19.239394000Z DEBUG solana_runtime::message_processor::stable_log] Program ATokenGPvbdGVxr1b2hvZbsiqW5xWH25efTNsLJA8knL consumed 23460 of 200000 compute units
[2025-11-05T06:35:19.239417000Z DEBUG solana_runtime::message_processor::stable_log] Program ATokenGPvbdGVxr1b2hvZbsiqW5xWH25efTNsLJA8knL success
[2025-11-05T06:35:19.261333000Z DEBUG solana_runtime::message_processor::stable_log] Program 11111111111111111111111111111111 invoke [1]
[2025-11-05T06:35:19.261363000Z DEBUG solana_runtime::message_processor::stable_log] Program 11111111111111111111111111111111 success
  Stream 4: 0% locked, expected locked amount: 0, amount_per_period: 2747
[2025-11-05T06:35:19.273475000Z DEBUG solana_runtime::message_processor::stable_log] Program ATokenGPvbdGVxr1b2hvZbsiqW5xWH25efTNsLJA8knL invoke [1]
[2025-11-05T06:35:19.273599000Z DEBUG solana_runtime::message_processor::stable_log] Program log: Create
[2025-11-05T06:35:19.273704000Z DEBUG solana_runtime::message_processor::stable_log] Program TokenkegQfeZyiNwAJbNbGKPFXCWuBvf9Ss623VQ5DA invoke [2]
[2025-11-05T06:35:19.273752000Z DEBUG solana_runtime::message_processor::stable_log] Program log: Instruction: GetAccountDataSize
[2025-11-05T06:35:19.273782000Z DEBUG solana_runtime::message_processor::stable_log] Program TokenkegQfeZyiNwAJbNbGKPFXCWuBvf9Ss623VQ5DA consumed 1595 of 193055 compute units
[2025-11-05T06:35:19.273799000Z DEBUG solana_runtime::message_processor::stable_log] Program return: TokenkegQfeZyiNwAJbNbGKPFXCWuBvf9Ss623VQ5DA pQAAAAAAAAA=
[2025-11-05T06:35:19.273882000Z DEBUG solana_runtime::message_processor::stable_log] Program TokenkegQfeZyiNwAJbNbGKPFXCWuBvf9Ss623VQ5DA success
[2025-11-05T06:35:19.273988000Z DEBUG solana_runtime::message_processor::stable_log] Program 11111111111111111111111111111111 invoke [2]
[2025-11-05T06:35:19.274003000Z DEBUG solana_runtime::message_processor::stable_log] Program 11111111111111111111111111111111 success
[2025-11-05T06:35:19.274013000Z DEBUG solana_runtime::message_processor::stable_log] Program log: Initialize the associated token account
[2025-11-05T06:35:19.274045000Z DEBUG solana_runtime::message_processor::stable_log] Program TokenkegQfeZyiNwAJbNbGKPFXCWuBvf9Ss623VQ5DA invoke [2]
[2025-11-05T06:35:19.274088000Z DEBUG solana_runtime::message_processor::stable_log] Program log: Instruction: InitializeImmutableOwner
[2025-11-05T06:35:19.274119000Z DEBUG solana_runtime::message_processor::stable_log] Program log: Please upgrade to SPL Token 2022 for immutable owner support
[2025-11-05T06:35:19.274128000Z DEBUG solana_runtime::message_processor::stable_log] Program TokenkegQfeZyiNwAJbNbGKPFXCWuBvf9Ss623VQ5DA consumed 1405 of 186442 compute units
[2025-11-05T06:35:19.274141000Z DEBUG solana_runtime::message_processor::stable_log] Program TokenkegQfeZyiNwAJbNbGKPFXCWuBvf9Ss623VQ5DA success
[2025-11-05T06:35:19.274203000Z DEBUG solana_runtime::message_processor::stable_log] Program TokenkegQfeZyiNwAJbNbGKPFXCWuBvf9Ss623VQ5DA invoke [2]
[2025-11-05T06:35:19.274250000Z DEBUG solana_runtime::message_processor::stable_log] Program log: Instruction: InitializeAccount3
[2025-11-05T06:35:19.274349000Z DEBUG solana_runtime::message_processor::stable_log] Program TokenkegQfeZyiNwAJbNbGKPFXCWuBvf9Ss623VQ5DA consumed 4214 of 182558 compute units
[2025-11-05T06:35:19.274364000Z DEBUG solana_runtime::message_processor::stable_log] Program TokenkegQfeZyiNwAJbNbGKPFXCWuBvf9Ss623VQ5DA success
[2025-11-05T06:35:19.274388000Z DEBUG solana_runtime::message_processor::stable_log] Program ATokenGPvbdGVxr1b2hvZbsiqW5xWH25efTNsLJA8knL consumed 21960 of 200000 compute units
[2025-11-05T06:35:19.274405000Z DEBUG solana_runtime::message_processor::stable_log] Program ATokenGPvbdGVxr1b2hvZbsiqW5xWH25efTNsLJA8knL success
[2025-11-05T06:35:19.325215000Z DEBUG solana_runtime::message_processor::stable_log] Program ASmKWt93JEMHxbdE6j7znD9y2FcdPboCzC3xtSTJvN7S invoke [1]
[2025-11-05T06:35:19.325393000Z DEBUG solana_runtime::message_processor::stable_log] Program log: Instruction: Swap
[2025-11-05T06:35:19.325980000Z DEBUG solana_runtime::message_processor::stable_log] Program TokenkegQfeZyiNwAJbNbGKPFXCWuBvf9Ss623VQ5DA invoke [2]
[2025-11-05T06:35:19.326063000Z DEBUG solana_runtime::message_processor::stable_log] Program log: Instruction: TransferChecked
[2025-11-05T06:35:19.326207000Z DEBUG solana_runtime::message_processor::stable_log] Program TokenkegQfeZyiNwAJbNbGKPFXCWuBvf9Ss623VQ5DA consumed 6174 of 177323 compute units
[2025-11-05T06:35:19.326228000Z DEBUG solana_runtime::message_processor::stable_log] Program TokenkegQfeZyiNwAJbNbGKPFXCWuBvf9Ss623VQ5DA success
[2025-11-05T06:35:19.326331000Z DEBUG solana_runtime::message_processor::stable_log] Program TokenkegQfeZyiNwAJbNbGKPFXCWuBvf9Ss623VQ5DA invoke [2]
[2025-11-05T06:35:19.326502000Z DEBUG solana_runtime::message_processor::stable_log] Program log: Instruction: TransferChecked
[2025-11-05T06:35:19.326667000Z DEBUG solana_runtime::message_processor::stable_log] Program TokenkegQfeZyiNwAJbNbGKPFXCWuBvf9Ss623VQ5DA consumed 6174 of 168685 compute units
[2025-11-05T06:35:19.326688000Z DEBUG solana_runtime::message_processor::stable_log] Program TokenkegQfeZyiNwAJbNbGKPFXCWuBvf9Ss623VQ5DA success
[2025-11-05T06:35:19.326970000Z DEBUG solana_runtime::message_processor::stable_log] Program ASmKWt93JEMHxbdE6j7znD9y2FcdPboCzC3xtSTJvN7S invoke [2]
[2025-11-05T06:35:19.327029000Z DEBUG solana_runtime::message_processor::stable_log] Program ASmKWt93JEMHxbdE6j7znD9y2FcdPboCzC3xtSTJvN7S consumed 2069 of 156500 compute units
[2025-11-05T06:35:19.327041000Z DEBUG solana_runtime::message_processor::stable_log] Program ASmKWt93JEMHxbdE6j7znD9y2FcdPboCzC3xtSTJvN7S success
[2025-11-05T06:35:19.327130000Z DEBUG solana_runtime::message_processor::stable_log] Program ASmKWt93JEMHxbdE6j7znD9y2FcdPboCzC3xtSTJvN7S invoke [2]
[2025-11-05T06:35:19.327174000Z DEBUG solana_runtime::message_processor::stable_log] Program ASmKWt93JEMHxbdE6j7znD9y2FcdPboCzC3xtSTJvN7S consumed 2069 of 150802 compute units
[2025-11-05T06:35:19.327185000Z DEBUG solana_runtime::message_processor::stable_log] Program ASmKWt93JEMHxbdE6j7znD9y2FcdPboCzC3xtSTJvN7S success
[2025-11-05T06:35:19.327261000Z DEBUG solana_runtime::message_processor::stable_log] Program ASmKWt93JEMHxbdE6j7znD9y2FcdPboCzC3xtSTJvN7S consumed 51801 of 200000 compute units
[2025-11-05T06:35:19.327286000Z DEBUG solana_runtime::message_processor::stable_log] Program ASmKWt93JEMHxbdE6j7znD9y2FcdPboCzC3xtSTJvN7S success
[2025-11-05T06:35:19.373772000Z DEBUG solana_runtime::message_processor::stable_log] Program ComputeBudget111111111111111111111111111111 invoke [1]
[2025-11-05T06:35:19.373791000Z DEBUG solana_runtime::message_processor::stable_log] Program ComputeBudget111111111111111111111111111111 success
[2025-11-05T06:35:19.373805000Z DEBUG solana_runtime::message_processor::stable_log] Program 5B57SJ3g2YoNXUpsZqqjEQkRSxyKtVTQRXdgAirz6bio invoke [1]
[2025-11-05T06:35:19.374073000Z DEBUG solana_runtime::message_processor::stable_log] Program log: Instruction: CrankDistribution
[2025-11-05T06:35:19.374918000Z DEBUG solana_runtime::message_processor::stable_log] Program log: === DEBUG: Before claiming fees ===
[2025-11-05T06:35:19.374940000Z DEBUG solana_runtime::message_processor::stable_log] Program log: Pool collect_fee_mode: 1
[2025-11-05T06:35:19.375110000Z DEBUG solana_runtime::message_processor::stable_log] Program log: Pool token_a_mint: 4Yq5GBh5PeQNyHendXj4rH3NycbMkULemSM4RT499L2Y
[2025-11-05T06:35:19.375293000Z DEBUG solana_runtime::message_processor::stable_log] Program log: Pool token_b_mint: 9ZeZfiYPtoLhfsDUiawyNnNeBHFWFjYEyh4iFKoeDQ7q
[2025-11-05T06:35:19.375472000Z DEBUG solana_runtime::message_processor::stable_log] Program log: Quote mint: 9ZeZfiYPtoLhfsDUiawyNnNeBHFWFjYEyh4iFKoeDQ7q
[2025-11-05T06:35:19.375642000Z DEBUG solana_runtime::message_processor::stable_log] Program log: Base mint: 4Yq5GBh5PeQNyHendXj4rH3NycbMkULemSM4RT499L2Y
[2025-11-05T06:35:19.375665000Z DEBUG solana_runtime::message_processor::stable_log] Program log: Position unlocked_liquidity: 1844674407370955161600
[2025-11-05T06:35:19.375676000Z DEBUG solana_runtime::message_processor::stable_log] Program log: Position vested_liquidity: 0
[2025-11-05T06:35:19.375686000Z DEBUG solana_runtime::message_processor::stable_log] Program log: Position permanent_locked_liquidity: 0
[2025-11-05T06:35:19.375694000Z DEBUG solana_runtime::message_processor::stable_log] Program log: Position fee_a_pending: 0
[2025-11-05T06:35:19.375702000Z DEBUG solana_runtime::message_processor::stable_log] Program log: Position fee_b_pending: 0
[2025-11-05T06:35:19.375711000Z DEBUG solana_runtime::message_processor::stable_log] Program log: Position fee_a_checkpoint (first 8 bytes): 0
[2025-11-05T06:35:19.375720000Z DEBUG solana_runtime::message_processor::stable_log] Program log: Position fee_b_checkpoint (first 8 bytes): 0
[2025-11-05T06:35:19.375728000Z DEBUG solana_runtime::message_processor::stable_log] Program log: Pool fee_a_per_liquidity (first 8 bytes): 0
[2025-11-05T06:35:19.375736000Z DEBUG solana_runtime::message_processor::stable_log] Program log: Pool fee_b_per_liquidity (first 8 bytes): 0
[2025-11-05T06:35:19.375754000Z DEBUG solana_runtime::message_processor::stable_log] Program log: Pool liquidity: 3689348814741910323200
[2025-11-05T06:35:19.375766000Z DEBUG solana_runtime::message_processor::stable_log] Program log: Treasury quote balance before: 99999999999999999
[2025-11-05T06:35:19.375788000Z DEBUG solana_runtime::message_processor::stable_log] Program log: Treasury base balance before: 99999785255671124
[2025-11-05T06:35:19.375790000Z DEBUG solana_runtime::message_processor::stable_log] Program log: Claiming position fees from CP-AMM
[2025-11-05T06:35:19.376006000Z DEBUG solana_runtime::message_processor::stable_log] Program ASmKWt93JEMHxbdE6j7znD9y2FcdPboCzC3xtSTJvN7S invoke [2]
[2025-11-05T06:35:19.376245000Z DEBUG solana_runtime::message_processor::stable_log] Program log: Instruction: ClaimPositionFee
[2025-11-05T06:35:19.376734000Z DEBUG solana_runtime::message_processor::stable_log] Program TokenkegQfeZyiNwAJbNbGKPFXCWuBvf9Ss623VQ5DA invoke [3]
[2025-11-05T06:35:19.376796000Z DEBUG solana_runtime::message_processor::stable_log] Program log: Instruction: TransferChecked
[2025-11-05T06:35:19.376912000Z DEBUG solana_runtime::message_processor::stable_log] Program TokenkegQfeZyiNwAJbNbGKPFXCWuBvf9Ss623VQ5DA consumed 6174 of 269024 compute units
[2025-11-05T06:35:19.376927000Z DEBUG solana_runtime::message_processor::stable_log] Program TokenkegQfeZyiNwAJbNbGKPFXCWuBvf9Ss623VQ5DA success
[2025-11-05T06:35:19.376993000Z DEBUG solana_runtime::message_processor::stable_log] Program ASmKWt93JEMHxbdE6j7znD9y2FcdPboCzC3xtSTJvN7S invoke [3]
[2025-11-05T06:35:19.377046000Z DEBUG solana_runtime::message_processor::stable_log] Program ASmKWt93JEMHxbdE6j7znD9y2FcdPboCzC3xtSTJvN7S consumed 2069 of 260110 compute units
[2025-11-05T06:35:19.377059000Z DEBUG solana_runtime::message_processor::stable_log] Program ASmKWt93JEMHxbdE6j7znD9y2FcdPboCzC3xtSTJvN7S success
[2025-11-05T06:35:19.377087000Z DEBUG solana_runtime::message_processor::stable_log] Program ASmKWt93JEMHxbdE6j7znD9y2FcdPboCzC3xtSTJvN7S consumed 30035 of 287535 compute units
[2025-11-05T06:35:19.377101000Z DEBUG solana_runtime::message_processor::stable_log] Program ASmKWt93JEMHxbdE6j7znD9y2FcdPboCzC3xtSTJvN7S success
[2025-11-05T06:35:19.377161000Z DEBUG solana_runtime::message_processor::stable_log] Program log: === DEBUG: After claiming fees ===
[2025-11-05T06:35:19.377180000Z DEBUG solana_runtime::message_processor::stable_log] Program log: Treasury quote balance after: 100000000000049999
[2025-11-05T06:35:19.377192000Z DEBUG solana_runtime::message_processor::stable_log] Program log: Treasury base balance after: 99999785255671124
[2025-11-05T06:35:19.377202000Z DEBUG solana_runtime::message_processor::stable_log] Program log: Quote tokens claimed: 50000
[2025-11-05T06:35:19.377215000Z DEBUG solana_runtime::message_processor::stable_log] Program data: fzkUsNcjWlil30wnRmvhN1QVOE10mx4QkNmycQ0hV6EMokVPmUXrwVDDAAAAAAAApkEMaQAAAAA=
[2025-11-05T06:35:19.377631000Z DEBUG solana_runtime::message_processor::stable_log] Program TokenkegQfeZyiNwAJbNbGKPFXCWuBvf9Ss623VQ5DA invoke [2]
[2025-11-05T06:35:19.377686000Z DEBUG solana_runtime::message_processor::stable_log] Program log: Instruction: TransferChecked
[2025-11-05T06:35:19.377809000Z DEBUG solana_runtime::message_processor::stable_log] Program TokenkegQfeZyiNwAJbNbGKPFXCWuBvf9Ss623VQ5DA consumed 6174 of 240308 compute units
[2025-11-05T06:35:19.377823000Z DEBUG solana_runtime::message_processor::stable_log] Program TokenkegQfeZyiNwAJbNbGKPFXCWuBvf9Ss623VQ5DA success
[2025-11-05T06:35:19.377843000Z DEBUG solana_runtime::message_processor::stable_log] Program data: jhY1V/E9sS2l30wnRmvhN1QVOE10mx4QkNmycQ0hV6EMokVPmUXrwVDDAAAAAAAAAAAAAAAAAACmQQxpAAAAAA==
[2025-11-05T06:35:19.377850000Z DEBUG solana_runtime::message_processor::stable_log] Program data: KjXqZeHwy3ml30wnRmvhN1QVOE10mx4QkNmycQ0hV6EMokVPmUXrwQAAAAAFAAAABQAAAAAAAAAAAAAAAAAAAAAAAACmQQxpAAAAAA==
[2025-11-05T06:35:19.377911000Z DEBUG solana_runtime::message_processor::stable_log] Program 5B57SJ3g2YoNXUpsZqqjEQkRSxyKtVTQRXdgAirz6bio consumed 168571 of 399850 compute units
[2025-11-05T06:35:19.377928000Z DEBUG solana_runtime::message_processor::stable_log] Program 5B57SJ3g2YoNXUpsZqqjEQkRSxyKtVTQRXdgAirz6bio success
      ✔ ALL_UNLOCKED: 100% fees to creator when all tokens unlocked (235ms)
[2025-11-05T06:35:19.383252000Z INFO  solana_program_test] "cp_amm" SBF program from ./target/deploy/cp_amm.so, modified 24 minutes, 26 seconds, 730 ms, 563 µs and 203 ns ago
[2025-11-05T06:35:19.383521000Z INFO  solana_program_test] "fee_router" SBF program from ./target/deploy/fee_router.so, modified 29 seconds, 467 ms, 778 µs and 331 ns ago
[2025-11-05T06:35:19.383780000Z INFO  solana_program_test] "transfer_hook_counter" SBF program from tests/fixtures/transfer_hook_counter.so, modified 3 weeks, 22 hours, 58 minutes, 54 seconds, 209 ms, 376 µs and 196 ns ago
[2025-11-05T06:35:19.384145000Z INFO  solana_program_test] "alpha_vault" SBF program from tests/fixtures/alpha_vault.so, modified 3 weeks, 22 hours, 58 minutes, 54 seconds, 210 ms, 430 µs and 72 ns ago
[2025-11-05T06:35:19.384631000Z INFO  solana_program_test] "streamflow" SBF program from tests/fixtures/streamflow.so, modified 3 weeks, 6 hours, 59 minutes, 4 seconds, 95 ms, 541 µs and 387 ns ago
[2025-11-05T06:35:19.385320000Z INFO  solana_program_test] "cp_amm" SBF program from ./target/deploy/cp_amm.so, modified 24 minutes, 26 seconds, 732 ms, 633 µs and 203 ns ago
[2025-11-05T06:35:19.385865000Z INFO  solana_program_test] "fee_router" SBF program from ./target/deploy/fee_router.so, modified 29 seconds, 470 ms, 122 µs and 331 ns ago
[2025-11-05T06:35:19.410366000Z INFO  solana_program_test] Overriding account at ASmKWt93JEMHxbdE6j7znD9y2FcdPboCzC3xtSTJvN7S
[2025-11-05T06:35:19.410384000Z INFO  solana_program_test] Overriding account at 5B57SJ3g2YoNXUpsZqqjEQkRSxyKtVTQRXdgAirz6bio
[2025-11-05T06:35:19.425539000Z DEBUG solana_runtime::message_processor::stable_log] Program 11111111111111111111111111111111 invoke [1]
[2025-11-05T06:35:19.425557000Z DEBUG solana_runtime::message_processor::stable_log] Program 11111111111111111111111111111111 success
[2025-11-05T06:35:19.430140000Z DEBUG solana_runtime::message_processor::stable_log] Program 11111111111111111111111111111111 invoke [1]
[2025-11-05T06:35:19.430153000Z DEBUG solana_runtime::message_processor::stable_log] Program 11111111111111111111111111111111 success
[2025-11-05T06:35:19.435605000Z DEBUG solana_runtime::message_processor::stable_log] Program 11111111111111111111111111111111 invoke [1]
[2025-11-05T06:35:19.435629000Z DEBUG solana_runtime::message_processor::stable_log] Program 11111111111111111111111111111111 success
[2025-11-05T06:35:19.441046000Z DEBUG solana_runtime::message_processor::stable_log] Program 11111111111111111111111111111111 invoke [1]
[2025-11-05T06:35:19.441055000Z DEBUG solana_runtime::message_processor::stable_log] Program 11111111111111111111111111111111 success
[2025-11-05T06:35:19.450837000Z DEBUG solana_runtime::message_processor::stable_log] Program 11111111111111111111111111111111 invoke [1]
[2025-11-05T06:35:19.450855000Z DEBUG solana_runtime::message_processor::stable_log] Program 11111111111111111111111111111111 success
[2025-11-05T06:35:19.450863000Z DEBUG solana_runtime::message_processor::stable_log] Program TokenkegQfeZyiNwAJbNbGKPFXCWuBvf9Ss623VQ5DA invoke [1]
[2025-11-05T06:35:19.450925000Z DEBUG solana_runtime::message_processor::stable_log] Program log: Instruction: InitializeMint2
[2025-11-05T06:35:19.450970000Z DEBUG solana_runtime::message_processor::stable_log] Program TokenkegQfeZyiNwAJbNbGKPFXCWuBvf9Ss623VQ5DA consumed 2779 of 399850 compute units
[2025-11-05T06:35:19.450982000Z DEBUG solana_runtime::message_processor::stable_log] Program TokenkegQfeZyiNwAJbNbGKPFXCWuBvf9Ss623VQ5DA success
[2025-11-05T06:35:19.459720000Z DEBUG solana_runtime::message_processor::stable_log] Program 11111111111111111111111111111111 invoke [1]
[2025-11-05T06:35:19.459735000Z DEBUG solana_runtime::message_processor::stable_log] Program 11111111111111111111111111111111 success
[2025-11-05T06:35:19.459739000Z DEBUG solana_runtime::message_processor::stable_log] Program TokenkegQfeZyiNwAJbNbGKPFXCWuBvf9Ss623VQ5DA invoke [1]
[2025-11-05T06:35:19.459801000Z DEBUG solana_runtime::message_processor::stable_log] Program log: Instruction: InitializeMint2
[2025-11-05T06:35:19.459843000Z DEBUG solana_runtime::message_processor::stable_log] Program TokenkegQfeZyiNwAJbNbGKPFXCWuBvf9Ss623VQ5DA consumed 2779 of 399850 compute units
[2025-11-05T06:35:19.459856000Z DEBUG solana_runtime::message_processor::stable_log] Program TokenkegQfeZyiNwAJbNbGKPFXCWuBvf9Ss623VQ5DA success
[2025-11-05T06:35:19.466581000Z DEBUG solana_runtime::message_processor::stable_log] Program ATokenGPvbdGVxr1b2hvZbsiqW5xWH25efTNsLJA8knL invoke [1]
[2025-11-05T06:35:19.466679000Z DEBUG solana_runtime::message_processor::stable_log] Program log: Create
[2025-11-05T06:35:19.466779000Z DEBUG solana_runtime::message_processor::stable_log] Program TokenkegQfeZyiNwAJbNbGKPFXCWuBvf9Ss623VQ5DA invoke [2]
[2025-11-05T06:35:19.466932000Z DEBUG solana_runtime::message_processor::stable_log] Program log: Instruction: GetAccountDataSize
[2025-11-05T06:35:19.466962000Z DEBUG solana_runtime::message_processor::stable_log] Program TokenkegQfeZyiNwAJbNbGKPFXCWuBvf9Ss623VQ5DA consumed 1595 of 191555 compute units
[2025-11-05T06:35:19.466977000Z DEBUG solana_runtime::message_processor::stable_log] Program return: TokenkegQfeZyiNwAJbNbGKPFXCWuBvf9Ss623VQ5DA pQAAAAAAAAA=
[2025-11-05T06:35:19.466991000Z DEBUG solana_runtime::message_processor::stable_log] Program TokenkegQfeZyiNwAJbNbGKPFXCWuBvf9Ss623VQ5DA success
[2025-11-05T06:35:19.467077000Z DEBUG solana_runtime::message_processor::stable_log] Program 11111111111111111111111111111111 invoke [2]
[2025-11-05T06:35:19.467087000Z DEBUG solana_runtime::message_processor::stable_log] Program 11111111111111111111111111111111 success
[2025-11-05T06:35:19.467098000Z DEBUG solana_runtime::message_processor::stable_log] Program log: Initialize the associated token account
[2025-11-05T06:35:19.467127000Z DEBUG solana_runtime::message_processor::stable_log] Program TokenkegQfeZyiNwAJbNbGKPFXCWuBvf9Ss623VQ5DA invoke [2]
[2025-11-05T06:35:19.467175000Z DEBUG solana_runtime::message_processor::stable_log] Program log: Instruction: InitializeImmutableOwner
[2025-11-05T06:35:19.467189000Z DEBUG solana_runtime::message_processor::stable_log] Program log: Please upgrade to SPL Token 2022 for immutable owner support
[2025-11-05T06:35:19.467193000Z DEBUG solana_runtime::message_processor::stable_log] Program TokenkegQfeZyiNwAJbNbGKPFXCWuBvf9Ss623VQ5DA consumed 1405 of 184942 compute units
[2025-11-05T06:35:19.467204000Z DEBUG solana_runtime::message_processor::stable_log] Program TokenkegQfeZyiNwAJbNbGKPFXCWuBvf9Ss623VQ5DA success
[2025-11-05T06:35:19.467252000Z DEBUG solana_runtime::message_processor::stable_log] Program TokenkegQfeZyiNwAJbNbGKPFXCWuBvf9Ss623VQ5DA invoke [2]
[2025-11-05T06:35:19.467291000Z DEBUG solana_runtime::message_processor::stable_log] Program log: Instruction: InitializeAccount3
[2025-11-05T06:35:19.467361000Z DEBUG solana_runtime::message_processor::stable_log] Program TokenkegQfeZyiNwAJbNbGKPFXCWuBvf9Ss623VQ5DA consumed 4214 of 181058 compute units
[2025-11-05T06:35:19.467372000Z DEBUG solana_runtime::message_processor::stable_log] Program TokenkegQfeZyiNwAJbNbGKPFXCWuBvf9Ss623VQ5DA success
[2025-11-05T06:35:19.467389000Z DEBUG solana_runtime::message_processor::stable_log] Program ATokenGPvbdGVxr1b2hvZbsiqW5xWH25efTNsLJA8knL consumed 23460 of 200000 compute units
[2025-11-05T06:35:19.467404000Z DEBUG solana_runtime::message_processor::stable_log] Program ATokenGPvbdGVxr1b2hvZbsiqW5xWH25efTNsLJA8knL success
[2025-11-05T06:35:19.471807000Z DEBUG solana_runtime::message_processor::stable_log] Program TokenkegQfeZyiNwAJbNbGKPFXCWuBvf9Ss623VQ5DA invoke [1]
[2025-11-05T06:35:19.471875000Z DEBUG solana_runtime::message_processor::stable_log] Program log: Instruction: MintTo
[2025-11-05T06:35:19.472024000Z DEBUG solana_runtime::message_processor::stable_log] Program TokenkegQfeZyiNwAJbNbGKPFXCWuBvf9Ss623VQ5DA consumed 4491 of 200000 compute units
[2025-11-05T06:35:19.472038000Z DEBUG solana_runtime::message_processor::stable_log] Program TokenkegQfeZyiNwAJbNbGKPFXCWuBvf9Ss623VQ5DA success
[2025-11-05T06:35:19.477565000Z DEBUG solana_runtime::message_processor::stable_log] Program ATokenGPvbdGVxr1b2hvZbsiqW5xWH25efTNsLJA8knL invoke [1]
[2025-11-05T06:35:19.477644000Z DEBUG solana_runtime::message_processor::stable_log] Program log: Create
[2025-11-05T06:35:19.477715000Z DEBUG solana_runtime::message_processor::stable_log] Program TokenkegQfeZyiNwAJbNbGKPFXCWuBvf9Ss623VQ5DA invoke [2]
[2025-11-05T06:35:19.477753000Z DEBUG solana_runtime::message_processor::stable_log] Program log: Instruction: GetAccountDataSize
[2025-11-05T06:35:19.477771000Z DEBUG solana_runtime::message_processor::stable_log] Program TokenkegQfeZyiNwAJbNbGKPFXCWuBvf9Ss623VQ5DA consumed 1595 of 191555 compute units
[2025-11-05T06:35:19.477780000Z DEBUG solana_runtime::message_processor::stable_log] Program return: TokenkegQfeZyiNwAJbNbGKPFXCWuBvf9Ss623VQ5DA pQAAAAAAAAA=
[2025-11-05T06:35:19.477789000Z DEBUG solana_runtime::message_processor::stable_log] Program TokenkegQfeZyiNwAJbNbGKPFXCWuBvf9Ss623VQ5DA success
[2025-11-05T06:35:19.477850000Z DEBUG solana_runtime::message_processor::stable_log] Program 11111111111111111111111111111111 invoke [2]
[2025-11-05T06:35:19.477911000Z DEBUG solana_runtime::message_processor::stable_log] Program 11111111111111111111111111111111 success
[2025-11-05T06:35:19.477918000Z DEBUG solana_runtime::message_processor::stable_log] Program log: Initialize the associated token account
[2025-11-05T06:35:19.477938000Z DEBUG solana_runtime::message_processor::stable_log] Program TokenkegQfeZyiNwAJbNbGKPFXCWuBvf9Ss623VQ5DA invoke [2]
[2025-11-05T06:35:19.477962000Z DEBUG solana_runtime::message_processor::stable_log] Program log: Instruction: InitializeImmutableOwner
[2025-11-05T06:35:19.477974000Z DEBUG solana_runtime::message_processor::stable_log] Program log: Please upgrade to SPL Token 2022 for immutable owner support
[2025-11-05T06:35:19.477979000Z DEBUG solana_runtime::message_processor::stable_log] Program TokenkegQfeZyiNwAJbNbGKPFXCWuBvf9Ss623VQ5DA consumed 1405 of 184942 compute units
[2025-11-05T06:35:19.477987000Z DEBUG solana_runtime::message_processor::stable_log] Program TokenkegQfeZyiNwAJbNbGKPFXCWuBvf9Ss623VQ5DA success
[2025-11-05T06:35:19.478025000Z DEBUG solana_runtime::message_processor::stable_log] Program TokenkegQfeZyiNwAJbNbGKPFXCWuBvf9Ss623VQ5DA invoke [2]
[2025-11-05T06:35:19.478055000Z DEBUG solana_runtime::message_processor::stable_log] Program log: Instruction: InitializeAccount3
[2025-11-05T06:35:19.478115000Z DEBUG solana_runtime::message_processor::stable_log] Program TokenkegQfeZyiNwAJbNbGKPFXCWuBvf9Ss623VQ5DA consumed 4214 of 181058 compute units
[2025-11-05T06:35:19.478124000Z DEBUG solana_runtime::message_processor::stable_log] Program TokenkegQfeZyiNwAJbNbGKPFXCWuBvf9Ss623VQ5DA success
[2025-11-05T06:35:19.478138000Z DEBUG solana_runtime::message_processor::stable_log] Program ATokenGPvbdGVxr1b2hvZbsiqW5xWH25efTNsLJA8knL consumed 23460 of 200000 compute units
[2025-11-05T06:35:19.478148000Z DEBUG solana_runtime::message_processor::stable_log] Program ATokenGPvbdGVxr1b2hvZbsiqW5xWH25efTNsLJA8knL success
[2025-11-05T06:35:19.483189000Z DEBUG solana_runtime::message_processor::stable_log] Program TokenkegQfeZyiNwAJbNbGKPFXCWuBvf9Ss623VQ5DA invoke [1]
[2025-11-05T06:35:19.483273000Z DEBUG solana_runtime::message_processor::stable_log] Program log: Instruction: MintTo
[2025-11-05T06:35:19.483344000Z DEBUG solana_runtime::message_processor::stable_log] Program TokenkegQfeZyiNwAJbNbGKPFXCWuBvf9Ss623VQ5DA consumed 4491 of 200000 compute units
[2025-11-05T06:35:19.483355000Z DEBUG solana_runtime::message_processor::stable_log] Program TokenkegQfeZyiNwAJbNbGKPFXCWuBvf9Ss623VQ5DA success
[2025-11-05T06:35:19.489641000Z DEBUG solana_runtime::message_processor::stable_log] Program ATokenGPvbdGVxr1b2hvZbsiqW5xWH25efTNsLJA8knL invoke [1]
[2025-11-05T06:35:19.489712000Z DEBUG solana_runtime::message_processor::stable_log] Program log: Create
[2025-11-05T06:35:19.489765000Z DEBUG solana_runtime::message_processor::stable_log] Program TokenkegQfeZyiNwAJbNbGKPFXCWuBvf9Ss623VQ5DA invoke [2]
[2025-11-05T06:35:19.489804000Z DEBUG solana_runtime::message_processor::stable_log] Program log: Instruction: GetAccountDataSize
[2025-11-05T06:35:19.489823000Z DEBUG solana_runtime::message_processor::stable_log] Program TokenkegQfeZyiNwAJbNbGKPFXCWuBvf9Ss623VQ5DA consumed 1595 of 194555 compute units
[2025-11-05T06:35:19.489831000Z DEBUG solana_runtime::message_processor::stable_log] Program return: TokenkegQfeZyiNwAJbNbGKPFXCWuBvf9Ss623VQ5DA pQAAAAAAAAA=
[2025-11-05T06:35:19.489841000Z DEBUG solana_runtime::message_processor::stable_log] Program TokenkegQfeZyiNwAJbNbGKPFXCWuBvf9Ss623VQ5DA success
[2025-11-05T06:35:19.489902000Z DEBUG solana_runtime::message_processor::stable_log] Program 11111111111111111111111111111111 invoke [2]
[2025-11-05T06:35:19.489910000Z DEBUG solana_runtime::message_processor::stable_log] Program 11111111111111111111111111111111 success
[2025-11-05T06:35:19.489926000Z DEBUG solana_runtime::message_processor::stable_log] Program log: Initialize the associated token account
[2025-11-05T06:35:19.489946000Z DEBUG solana_runtime::message_processor::stable_log] Program TokenkegQfeZyiNwAJbNbGKPFXCWuBvf9Ss623VQ5DA invoke [2]
[2025-11-05T06:35:19.489970000Z DEBUG solana_runtime::message_processor::stable_log] Program log: Instruction: InitializeImmutableOwner
[2025-11-05T06:35:19.489983000Z DEBUG solana_runtime::message_processor::stable_log] Program log: Please upgrade to SPL Token 2022 for immutable owner support
[2025-11-05T06:35:19.489986000Z DEBUG solana_runtime::message_processor::stable_log] Program TokenkegQfeZyiNwAJbNbGKPFXCWuBvf9Ss623VQ5DA consumed 1405 of 187942 compute units
[2025-11-05T06:35:19.489994000Z DEBUG solana_runtime::message_processor::stable_log] Program TokenkegQfeZyiNwAJbNbGKPFXCWuBvf9Ss623VQ5DA success
[2025-11-05T06:35:19.490034000Z DEBUG solana_runtime::message_processor::stable_log] Program TokenkegQfeZyiNwAJbNbGKPFXCWuBvf9Ss623VQ5DA invoke [2]
[2025-11-05T06:35:19.490066000Z DEBUG solana_runtime::message_processor::stable_log] Program log: Instruction: InitializeAccount3
[2025-11-05T06:35:19.490128000Z DEBUG solana_runtime::message_processor::stable_log] Program TokenkegQfeZyiNwAJbNbGKPFXCWuBvf9Ss623VQ5DA consumed 4214 of 184058 compute units
[2025-11-05T06:35:19.490159000Z DEBUG solana_runtime::message_processor::stable_log] Program TokenkegQfeZyiNwAJbNbGKPFXCWuBvf9Ss623VQ5DA success
[2025-11-05T06:35:19.490176000Z DEBUG solana_runtime::message_processor::stable_log] Program ATokenGPvbdGVxr1b2hvZbsiqW5xWH25efTNsLJA8knL consumed 20460 of 200000 compute units
[2025-11-05T06:35:19.490185000Z DEBUG solana_runtime::message_processor::stable_log] Program ATokenGPvbdGVxr1b2hvZbsiqW5xWH25efTNsLJA8knL success
[2025-11-05T06:35:19.495087000Z DEBUG solana_runtime::message_processor::stable_log] Program TokenkegQfeZyiNwAJbNbGKPFXCWuBvf9Ss623VQ5DA invoke [1]
[2025-11-05T06:35:19.495136000Z DEBUG solana_runtime::message_processor::stable_log] Program log: Instruction: MintTo
[2025-11-05T06:35:19.495200000Z DEBUG solana_runtime::message_processor::stable_log] Program TokenkegQfeZyiNwAJbNbGKPFXCWuBvf9Ss623VQ5DA consumed 4491 of 200000 compute units
[2025-11-05T06:35:19.495210000Z DEBUG solana_runtime::message_processor::stable_log] Program TokenkegQfeZyiNwAJbNbGKPFXCWuBvf9Ss623VQ5DA success
[2025-11-05T06:35:19.502106000Z DEBUG solana_runtime::message_processor::stable_log] Program ATokenGPvbdGVxr1b2hvZbsiqW5xWH25efTNsLJA8knL invoke [1]
[2025-11-05T06:35:19.502186000Z DEBUG solana_runtime::message_processor::stable_log] Program log: Create
[2025-11-05T06:35:19.502242000Z DEBUG solana_runtime::message_processor::stable_log] Program TokenkegQfeZyiNwAJbNbGKPFXCWuBvf9Ss623VQ5DA invoke [2]
[2025-11-05T06:35:19.502282000Z DEBUG solana_runtime::message_processor::stable_log] Program log: Instruction: GetAccountDataSize
[2025-11-05T06:35:19.502301000Z DEBUG solana_runtime::message_processor::stable_log] Program TokenkegQfeZyiNwAJbNbGKPFXCWuBvf9Ss623VQ5DA consumed 1595 of 194555 compute units
[2025-11-05T06:35:19.502310000Z DEBUG solana_runtime::message_processor::stable_log] Program return: TokenkegQfeZyiNwAJbNbGKPFXCWuBvf9Ss623VQ5DA pQAAAAAAAAA=
[2025-11-05T06:35:19.502319000Z DEBUG solana_runtime::message_processor::stable_log] Program TokenkegQfeZyiNwAJbNbGKPFXCWuBvf9Ss623VQ5DA success
[2025-11-05T06:35:19.502383000Z DEBUG solana_runtime::message_processor::stable_log] Program 11111111111111111111111111111111 invoke [2]
[2025-11-05T06:35:19.502391000Z DEBUG solana_runtime::message_processor::stable_log] Program 11111111111111111111111111111111 success
[2025-11-05T06:35:19.502398000Z DEBUG solana_runtime::message_processor::stable_log] Program log: Initialize the associated token account
[2025-11-05T06:35:19.502418000Z DEBUG solana_runtime::message_processor::stable_log] Program TokenkegQfeZyiNwAJbNbGKPFXCWuBvf9Ss623VQ5DA invoke [2]
[2025-11-05T06:35:19.502443000Z DEBUG solana_runtime::message_processor::stable_log] Program log: Instruction: InitializeImmutableOwner
[2025-11-05T06:35:19.502467000Z DEBUG solana_runtime::message_processor::stable_log] Program log: Please upgrade to SPL Token 2022 for immutable owner support
[2025-11-05T06:35:19.502470000Z DEBUG solana_runtime::message_processor::stable_log] Program TokenkegQfeZyiNwAJbNbGKPFXCWuBvf9Ss623VQ5DA consumed 1405 of 187942 compute units
[2025-11-05T06:35:19.502479000Z DEBUG solana_runtime::message_processor::stable_log] Program TokenkegQfeZyiNwAJbNbGKPFXCWuBvf9Ss623VQ5DA success
[2025-11-05T06:35:19.502517000Z DEBUG solana_runtime::message_processor::stable_log] Program TokenkegQfeZyiNwAJbNbGKPFXCWuBvf9Ss623VQ5DA invoke [2]
[2025-11-05T06:35:19.502546000Z DEBUG solana_runtime::message_processor::stable_log] Program log: Instruction: InitializeAccount3
[2025-11-05T06:35:19.502606000Z DEBUG solana_runtime::message_processor::stable_log] Program TokenkegQfeZyiNwAJbNbGKPFXCWuBvf9Ss623VQ5DA consumed 4214 of 184058 compute units
[2025-11-05T06:35:19.502614000Z DEBUG solana_runtime::message_processor::stable_log] Program TokenkegQfeZyiNwAJbNbGKPFXCWuBvf9Ss623VQ5DA success
[2025-11-05T06:35:19.502628000Z DEBUG solana_runtime::message_processor::stable_log] Program ATokenGPvbdGVxr1b2hvZbsiqW5xWH25efTNsLJA8knL consumed 20460 of 200000 compute units
[2025-11-05T06:35:19.502638000Z DEBUG solana_runtime::message_processor::stable_log] Program ATokenGPvbdGVxr1b2hvZbsiqW5xWH25efTNsLJA8knL success
[2025-11-05T06:35:19.507796000Z DEBUG solana_runtime::message_processor::stable_log] Program TokenkegQfeZyiNwAJbNbGKPFXCWuBvf9Ss623VQ5DA invoke [1]
[2025-11-05T06:35:19.507857000Z DEBUG solana_runtime::message_processor::stable_log] Program log: Instruction: MintTo
[2025-11-05T06:35:19.507925000Z DEBUG solana_runtime::message_processor::stable_log] Program TokenkegQfeZyiNwAJbNbGKPFXCWuBvf9Ss623VQ5DA consumed 4491 of 200000 compute units
[2025-11-05T06:35:19.507936000Z DEBUG solana_runtime::message_processor::stable_log] Program TokenkegQfeZyiNwAJbNbGKPFXCWuBvf9Ss623VQ5DA success
[2025-11-05T06:35:19.524413000Z DEBUG solana_runtime::message_processor::stable_log] Program ASmKWt93JEMHxbdE6j7znD9y2FcdPboCzC3xtSTJvN7S invoke [1]
[2025-11-05T06:35:19.524487000Z DEBUG solana_runtime::message_processor::stable_log] Program log: Instruction: CreateConfig
[2025-11-05T06:35:19.524629000Z DEBUG solana_runtime::message_processor::stable_log] Program 11111111111111111111111111111111 invoke [2]
[2025-11-05T06:35:19.524641000Z DEBUG solana_runtime::message_processor::stable_log] Program 11111111111111111111111111111111 success
[2025-11-05T06:35:19.524755000Z DEBUG solana_runtime::message_processor::stable_log] Program ASmKWt93JEMHxbdE6j7znD9y2FcdPboCzC3xtSTJvN7S invoke [2]
[2025-11-05T06:35:19.524813000Z DEBUG solana_runtime::message_processor::stable_log] Program ASmKWt93JEMHxbdE6j7znD9y2FcdPboCzC3xtSTJvN7S consumed 2069 of 184595 compute units
[2025-11-05T06:35:19.524823000Z DEBUG solana_runtime::message_processor::stable_log] Program ASmKWt93JEMHxbdE6j7znD9y2FcdPboCzC3xtSTJvN7S success
[2025-11-05T06:35:19.524840000Z DEBUG solana_runtime::message_processor::stable_log] Program ASmKWt93JEMHxbdE6j7znD9y2FcdPboCzC3xtSTJvN7S consumed 17779 of 200000 compute units
[2025-11-05T06:35:19.524849000Z DEBUG solana_runtime::message_processor::stable_log] Program ASmKWt93JEMHxbdE6j7znD9y2FcdPboCzC3xtSTJvN7S success
[2025-11-05T06:35:19.561033000Z DEBUG solana_runtime::message_processor::stable_log] Program ASmKWt93JEMHxbdE6j7znD9y2FcdPboCzC3xtSTJvN7S invoke [1]
[2025-11-05T06:35:19.561211000Z DEBUG solana_runtime::message_processor::stable_log] Program log: Instruction: InitializePool
[2025-11-05T06:35:19.561363000Z DEBUG solana_runtime::message_processor::stable_log] Program 11111111111111111111111111111111 invoke [2]
[2025-11-05T06:35:19.561376000Z DEBUG solana_runtime::message_processor::stable_log] Program 11111111111111111111111111111111 success
[2025-11-05T06:35:19.561411000Z DEBUG solana_runtime::message_processor::stable_log] Program TokenzQdBNbLqP5VEhdkAS6EPFLC1PHnBqCXEpPxuEb invoke [2]
[2025-11-05T06:35:19.561448000Z DEBUG solana_runtime::message_processor::stable_log] Program log: MetadataPointerInstruction::Initialize
[2025-11-05T06:35:19.561485000Z DEBUG solana_runtime::message_processor::stable_log] Program TokenzQdBNbLqP5VEhdkAS6EPFLC1PHnBqCXEpPxuEb consumed 2442 of 334963 compute units
[2025-11-05T06:35:19.561499000Z DEBUG solana_runtime::message_processor::stable_log] Program TokenzQdBNbLqP5VEhdkAS6EPFLC1PHnBqCXEpPxuEb success
[2025-11-05T06:35:19.561533000Z DEBUG solana_runtime::message_processor::stable_log] Program TokenzQdBNbLqP5VEhdkAS6EPFLC1PHnBqCXEpPxuEb invoke [2]
[2025-11-05T06:35:19.561559000Z DEBUG solana_runtime::message_processor::stable_log] Program log: Instruction: InitializeMintCloseAuthority
[2025-11-05T06:35:19.561593000Z DEBUG solana_runtime::message_processor::stable_log] Program TokenzQdBNbLqP5VEhdkAS6EPFLC1PHnBqCXEpPxuEb consumed 2570 of 330543 compute units
[2025-11-05T06:35:19.561602000Z DEBUG solana_runtime::message_processor::stable_log] Program TokenzQdBNbLqP5VEhdkAS6EPFLC1PHnBqCXEpPxuEb success
[2025-11-05T06:35:19.561633000Z DEBUG solana_runtime::message_processor::stable_log] Program TokenzQdBNbLqP5VEhdkAS6EPFLC1PHnBqCXEpPxuEb invoke [2]
[2025-11-05T06:35:19.561660000Z DEBUG solana_runtime::message_processor::stable_log] Program log: Instruction: InitializeMint2
[2025-11-05T06:35:19.561722000Z DEBUG solana_runtime::message_processor::stable_log] Program TokenzQdBNbLqP5VEhdkAS6EPFLC1PHnBqCXEpPxuEb consumed 4078 of 326031 compute units
[2025-11-05T06:35:19.561730000Z DEBUG solana_runtime::message_processor::stable_log] Program TokenzQdBNbLqP5VEhdkAS6EPFLC1PHnBqCXEpPxuEb success
[2025-11-05T06:35:19.561867000Z DEBUG solana_runtime::message_processor::stable_log] Program 11111111111111111111111111111111 invoke [2]
[2025-11-05T06:35:19.561872000Z DEBUG solana_runtime::message_processor::stable_log] Program 11111111111111111111111111111111 success
[2025-11-05T06:35:19.561902000Z DEBUG solana_runtime::message_processor::stable_log] Program TokenzQdBNbLqP5VEhdkAS6EPFLC1PHnBqCXEpPxuEb invoke [2]
[2025-11-05T06:35:19.561932000Z DEBUG solana_runtime::message_processor::stable_log] Program log: Instruction: InitializeAccount3
[2025-11-05T06:35:19.562014000Z DEBUG solana_runtime::message_processor::stable_log] Program TokenzQdBNbLqP5VEhdkAS6EPFLC1PHnBqCXEpPxuEb consumed 5137 of 310847 compute units
[2025-11-05T06:35:19.562023000Z DEBUG solana_runtime::message_processor::stable_log] Program TokenzQdBNbLqP5VEhdkAS6EPFLC1PHnBqCXEpPxuEb success
[2025-11-05T06:35:19.562138000Z DEBUG solana_runtime::message_processor::stable_log] Program 11111111111111111111111111111111 invoke [2]
[2025-11-05T06:35:19.562143000Z DEBUG solana_runtime::message_processor::stable_log] Program 11111111111111111111111111111111 success
[2025-11-05T06:35:19.562223000Z DEBUG solana_runtime::message_processor::stable_log] Program 11111111111111111111111111111111 invoke [2]
[2025-11-05T06:35:19.562227000Z DEBUG solana_runtime::message_processor::stable_log] Program 11111111111111111111111111111111 success
[2025-11-05T06:35:19.562301000Z DEBUG solana_runtime::message_processor::stable_log] Program 11111111111111111111111111111111 invoke [2]
[2025-11-05T06:35:19.562305000Z DEBUG solana_runtime::message_processor::stable_log] Program 11111111111111111111111111111111 success
[2025-11-05T06:35:19.562335000Z DEBUG solana_runtime::message_processor::stable_log] Program TokenkegQfeZyiNwAJbNbGKPFXCWuBvf9Ss623VQ5DA invoke [2]
[2025-11-05T06:35:19.562377000Z DEBUG solana_runtime::message_processor::stable_log] Program log: Instruction: InitializeAccount3
[2025-11-05T06:35:19.562444000Z DEBUG solana_runtime::message_processor::stable_log] Program TokenkegQfeZyiNwAJbNbGKPFXCWuBvf9Ss623VQ5DA consumed 4214 of 284248 compute units
[2025-11-05T06:35:19.562475000Z DEBUG solana_runtime::message_processor::stable_log] Program TokenkegQfeZyiNwAJbNbGKPFXCWuBvf9Ss623VQ5DA success
[2025-11-05T06:35:19.562599000Z DEBUG solana_runtime::message_processor::stable_log] Program 11111111111111111111111111111111 invoke [2]
[2025-11-05T06:35:19.562606000Z DEBUG solana_runtime::message_processor::stable_log] Program 11111111111111111111111111111111 success
[2025-11-05T06:35:19.562636000Z DEBUG solana_runtime::message_processor::stable_log] Program TokenkegQfeZyiNwAJbNbGKPFXCWuBvf9Ss623VQ5DA invoke [2]
[2025-11-05T06:35:19.562667000Z DEBUG solana_runtime::message_processor::stable_log] Program log: Instruction: InitializeAccount3
[2025-11-05T06:35:19.562723000Z DEBUG solana_runtime::message_processor::stable_log] Program TokenkegQfeZyiNwAJbNbGKPFXCWuBvf9Ss623VQ5DA consumed 4214 of 271109 compute units
[2025-11-05T06:35:19.562736000Z DEBUG solana_runtime::message_processor::stable_log] Program TokenkegQfeZyiNwAJbNbGKPFXCWuBvf9Ss623VQ5DA success
[2025-11-05T06:35:19.562970000Z DEBUG solana_runtime::message_processor::stable_log] Program TokenzQdBNbLqP5VEhdkAS6EPFLC1PHnBqCXEpPxuEb invoke [2]
[2025-11-05T06:35:19.563028000Z DEBUG solana_runtime::message_processor::stable_log] Program log: TokenMetadataInstruction: Initialize
[2025-11-05T06:35:19.563161000Z DEBUG solana_runtime::message_processor::stable_log] Program TokenzQdBNbLqP5VEhdkAS6EPFLC1PHnBqCXEpPxuEb consumed 9900 of 254607 compute units
[2025-11-05T06:35:19.563174000Z DEBUG solana_runtime::message_processor::stable_log] Program TokenzQdBNbLqP5VEhdkAS6EPFLC1PHnBqCXEpPxuEb success
[2025-11-05T06:35:19.563220000Z DEBUG solana_runtime::message_processor::stable_log] Program 11111111111111111111111111111111 invoke [2]
[2025-11-05T06:35:19.563224000Z DEBUG solana_runtime::message_processor::stable_log] Program 11111111111111111111111111111111 success
[2025-11-05T06:35:19.563267000Z DEBUG solana_runtime::message_processor::stable_log] Program TokenzQdBNbLqP5VEhdkAS6EPFLC1PHnBqCXEpPxuEb invoke [2]
[2025-11-05T06:35:19.563302000Z DEBUG solana_runtime::message_processor::stable_log] Program log: Instruction: MintTo
[2025-11-05T06:35:19.563389000Z DEBUG solana_runtime::message_processor::stable_log] Program TokenzQdBNbLqP5VEhdkAS6EPFLC1PHnBqCXEpPxuEb consumed 5540 of 239645 compute units
[2025-11-05T06:35:19.563397000Z DEBUG solana_runtime::message_processor::stable_log] Program TokenzQdBNbLqP5VEhdkAS6EPFLC1PHnBqCXEpPxuEb success
[2025-11-05T06:35:19.563456000Z DEBUG solana_runtime::message_processor::stable_log] Program ASmKWt93JEMHxbdE6j7znD9y2FcdPboCzC3xtSTJvN7S invoke [2]
[2025-11-05T06:35:19.563494000Z DEBUG solana_runtime::message_processor::stable_log] Program ASmKWt93JEMHxbdE6j7znD9y2FcdPboCzC3xtSTJvN7S consumed 2069 of 231040 compute units
[2025-11-05T06:35:19.563506000Z DEBUG solana_runtime::message_processor::stable_log] Program ASmKWt93JEMHxbdE6j7znD9y2FcdPboCzC3xtSTJvN7S success
[2025-11-05T06:35:19.563556000Z DEBUG solana_runtime::message_processor::stable_log] Program TokenkegQfeZyiNwAJbNbGKPFXCWuBvf9Ss623VQ5DA invoke [2]
[2025-11-05T06:35:19.563600000Z DEBUG solana_runtime::message_processor::stable_log] Program log: Instruction: TransferChecked
[2025-11-05T06:35:19.563752000Z DEBUG solana_runtime::message_processor::stable_log] Program TokenkegQfeZyiNwAJbNbGKPFXCWuBvf9Ss623VQ5DA consumed 6174 of 226427 compute units
[2025-11-05T06:35:19.563761000Z DEBUG solana_runtime::message_processor::stable_log] Program TokenkegQfeZyiNwAJbNbGKPFXCWuBvf9Ss623VQ5DA success
[2025-11-05T06:35:19.563807000Z DEBUG solana_runtime::message_processor::stable_log] Program TokenkegQfeZyiNwAJbNbGKPFXCWuBvf9Ss623VQ5DA invoke [2]
[2025-11-05T06:35:19.563846000Z DEBUG solana_runtime::message_processor::stable_log] Program log: Instruction: TransferChecked
[2025-11-05T06:35:19.563923000Z DEBUG solana_runtime::message_processor::stable_log] Program TokenkegQfeZyiNwAJbNbGKPFXCWuBvf9Ss623VQ5DA consumed 6174 of 217843 compute units
[2025-11-05T06:35:19.563933000Z DEBUG solana_runtime::message_processor::stable_log] Program TokenkegQfeZyiNwAJbNbGKPFXCWuBvf9Ss623VQ5DA success
[2025-11-05T06:35:19.564019000Z DEBUG solana_runtime::message_processor::stable_log] Program ASmKWt93JEMHxbdE6j7znD9y2FcdPboCzC3xtSTJvN7S invoke [2]
[2025-11-05T06:35:19.564055000Z DEBUG solana_runtime::message_processor::stable_log] Program ASmKWt93JEMHxbdE6j7znD9y2FcdPboCzC3xtSTJvN7S consumed 2069 of 206588 compute units
[2025-11-05T06:35:19.564063000Z DEBUG solana_runtime::message_processor::stable_log] Program ASmKWt93JEMHxbdE6j7znD9y2FcdPboCzC3xtSTJvN7S success
[2025-11-05T06:35:19.564092000Z DEBUG solana_runtime::message_processor::stable_log] Program ASmKWt93JEMHxbdE6j7znD9y2FcdPboCzC3xtSTJvN7S consumed 146275 of 350000 compute units
[2025-11-05T06:35:19.564103000Z DEBUG solana_runtime::message_processor::stable_log] Program ASmKWt93JEMHxbdE6j7znD9y2FcdPboCzC3xtSTJvN7S success
[2025-11-05T06:35:19.564112000Z DEBUG solana_runtime::message_processor::stable_log] Program ComputeBudget111111111111111111111111111111 invoke [1]
[2025-11-05T06:35:19.564120000Z DEBUG solana_runtime::message_processor::stable_log] Program ComputeBudget111111111111111111111111111111 success
[2025-11-05T06:35:19.594572000Z DEBUG solana_runtime::message_processor::stable_log] Program 5B57SJ3g2YoNXUpsZqqjEQkRSxyKtVTQRXdgAirz6bio invoke [1]
[2025-11-05T06:35:19.594713000Z DEBUG solana_runtime::message_processor::stable_log] Program log: Instruction: InitializeHonoraryPosition
[2025-11-05T06:35:19.594882000Z DEBUG solana_runtime::message_processor::stable_log] Program 11111111111111111111111111111111 invoke [2]
[2025-11-05T06:35:19.594891000Z DEBUG solana_runtime::message_processor::stable_log] Program 11111111111111111111111111111111 success
[2025-11-05T06:35:19.594993000Z DEBUG solana_runtime::message_processor::stable_log] Program 11111111111111111111111111111111 invoke [2]
[2025-11-05T06:35:19.594998000Z DEBUG solana_runtime::message_processor::stable_log] Program 11111111111111111111111111111111 success
[2025-11-05T06:35:19.595031000Z DEBUG solana_runtime::message_processor::stable_log] Program TokenkegQfeZyiNwAJbNbGKPFXCWuBvf9Ss623VQ5DA invoke [2]
[2025-11-05T06:35:19.595076000Z DEBUG solana_runtime::message_processor::stable_log] Program log: Instruction: InitializeAccount3
[2025-11-05T06:35:19.595143000Z DEBUG solana_runtime::message_processor::stable_log] Program TokenkegQfeZyiNwAJbNbGKPFXCWuBvf9Ss623VQ5DA consumed 4214 of 175612 compute units
[2025-11-05T06:35:19.595154000Z DEBUG solana_runtime::message_processor::stable_log] Program TokenkegQfeZyiNwAJbNbGKPFXCWuBvf9Ss623VQ5DA success
[2025-11-05T06:35:19.595322000Z DEBUG solana_runtime::message_processor::stable_log] Program 11111111111111111111111111111111 invoke [2]
[2025-11-05T06:35:19.595328000Z DEBUG solana_runtime::message_processor::stable_log] Program 11111111111111111111111111111111 success
[2025-11-05T06:35:19.595359000Z DEBUG solana_runtime::message_processor::stable_log] Program TokenkegQfeZyiNwAJbNbGKPFXCWuBvf9Ss623VQ5DA invoke [2]
[2025-11-05T06:35:19.595388000Z DEBUG solana_runtime::message_processor::stable_log] Program log: Instruction: InitializeAccount3
[2025-11-05T06:35:19.595446000Z DEBUG solana_runtime::message_processor::stable_log] Program TokenkegQfeZyiNwAJbNbGKPFXCWuBvf9Ss623VQ5DA consumed 4214 of 160976 compute units
[2025-11-05T06:35:19.595456000Z DEBUG solana_runtime::message_processor::stable_log] Program TokenkegQfeZyiNwAJbNbGKPFXCWuBvf9Ss623VQ5DA success
[2025-11-05T06:35:19.595515000Z DEBUG solana_runtime::message_processor::stable_log] Program log: Creating honorary position through CP-AMM CPI
[2025-11-05T06:35:19.595599000Z DEBUG solana_runtime::message_processor::stable_log] Program ASmKWt93JEMHxbdE6j7znD9y2FcdPboCzC3xtSTJvN7S invoke [2]
[2025-11-05T06:35:19.595691000Z DEBUG solana_runtime::message_processor::stable_log] Program log: Instruction: CreatePosition
[2025-11-05T06:35:19.595782000Z DEBUG solana_runtime::message_processor::stable_log] Program 11111111111111111111111111111111 invoke [3]
[2025-11-05T06:35:19.595788000Z DEBUG solana_runtime::message_processor::stable_log] Program 11111111111111111111111111111111 success
[2025-11-05T06:35:19.595824000Z DEBUG solana_runtime::message_processor::stable_log] Program TokenzQdBNbLqP5VEhdkAS6EPFLC1PHnBqCXEpPxuEb invoke [3]
[2025-11-05T06:35:19.595861000Z DEBUG solana_runtime::message_processor::stable_log] Program log: MetadataPointerInstruction::Initialize
[2025-11-05T06:35:19.595904000Z DEBUG solana_runtime::message_processor::stable_log] Program TokenzQdBNbLqP5VEhdkAS6EPFLC1PHnBqCXEpPxuEb consumed 2442 of 135670 compute units
[2025-11-05T06:35:19.595916000Z DEBUG solana_runtime::message_processor::stable_log] Program TokenzQdBNbLqP5VEhdkAS6EPFLC1PHnBqCXEpPxuEb success
[2025-11-05T06:35:19.595950000Z DEBUG solana_runtime::message_processor::stable_log] Program TokenzQdBNbLqP5VEhdkAS6EPFLC1PHnBqCXEpPxuEb invoke [3]
[2025-11-05T06:35:19.595976000Z DEBUG solana_runtime::message_processor::stable_log] Program log: Instruction: InitializeMintCloseAuthority
[2025-11-05T06:35:19.596013000Z DEBUG solana_runtime::message_processor::stable_log] Program TokenzQdBNbLqP5VEhdkAS6EPFLC1PHnBqCXEpPxuEb consumed 2570 of 131250 compute units
[2025-11-05T06:35:19.596023000Z DEBUG solana_runtime::message_processor::stable_log] Program TokenzQdBNbLqP5VEhdkAS6EPFLC1PHnBqCXEpPxuEb success
[2025-11-05T06:35:19.596055000Z DEBUG solana_runtime::message_processor::stable_log] Program TokenzQdBNbLqP5VEhdkAS6EPFLC1PHnBqCXEpPxuEb invoke [3]
[2025-11-05T06:35:19.596083000Z DEBUG solana_runtime::message_processor::stable_log] Program log: Instruction: InitializeMint2
[2025-11-05T06:35:19.596149000Z DEBUG solana_runtime::message_processor::stable_log] Program TokenzQdBNbLqP5VEhdkAS6EPFLC1PHnBqCXEpPxuEb consumed 4078 of 126737 compute units
[2025-11-05T06:35:19.596157000Z DEBUG solana_runtime::message_processor::stable_log] Program TokenzQdBNbLqP5VEhdkAS6EPFLC1PHnBqCXEpPxuEb success
[2025-11-05T06:35:19.596296000Z DEBUG solana_runtime::message_processor::stable_log] Program 11111111111111111111111111111111 invoke [3]
[2025-11-05T06:35:19.596300000Z DEBUG solana_runtime::message_processor::stable_log] Program 11111111111111111111111111111111 success
[2025-11-05T06:35:19.596331000Z DEBUG solana_runtime::message_processor::stable_log] Program TokenzQdBNbLqP5VEhdkAS6EPFLC1PHnBqCXEpPxuEb invoke [3]
[2025-11-05T06:35:19.596358000Z DEBUG solana_runtime::message_processor::stable_log] Program log: Instruction: InitializeAccount3
[2025-11-05T06:35:19.596440000Z DEBUG solana_runtime::message_processor::stable_log] Program TokenzQdBNbLqP5VEhdkAS6EPFLC1PHnBqCXEpPxuEb consumed 5137 of 111553 compute units
[2025-11-05T06:35:19.596449000Z DEBUG solana_runtime::message_processor::stable_log] Program TokenzQdBNbLqP5VEhdkAS6EPFLC1PHnBqCXEpPxuEb success
[2025-11-05T06:35:19.596622000Z DEBUG solana_runtime::message_processor::stable_log] Program 11111111111111111111111111111111 invoke [3]
[2025-11-05T06:35:19.596629000Z DEBUG solana_runtime::message_processor::stable_log] Program 11111111111111111111111111111111 success
[2025-11-05T06:35:19.596746000Z DEBUG solana_runtime::message_processor::stable_log] Program TokenzQdBNbLqP5VEhdkAS6EPFLC1PHnBqCXEpPxuEb invoke [3]
[2025-11-05T06:35:19.596800000Z DEBUG solana_runtime::message_processor::stable_log] Program log: TokenMetadataInstruction: Initialize
[2025-11-05T06:35:19.596937000Z DEBUG solana_runtime::message_processor::stable_log] Program TokenzQdBNbLqP5VEhdkAS6EPFLC1PHnBqCXEpPxuEb consumed 9900 of 90323 compute units
[2025-11-05T06:35:19.596950000Z DEBUG solana_runtime::message_processor::stable_log] Program TokenzQdBNbLqP5VEhdkAS6EPFLC1PHnBqCXEpPxuEb success
[2025-11-05T06:35:19.596995000Z DEBUG solana_runtime::message_processor::stable_log] Program 11111111111111111111111111111111 invoke [3]
[2025-11-05T06:35:19.596999000Z DEBUG solana_runtime::message_processor::stable_log] Program 11111111111111111111111111111111 success
[2025-11-05T06:35:19.597042000Z DEBUG solana_runtime::message_processor::stable_log] Program TokenzQdBNbLqP5VEhdkAS6EPFLC1PHnBqCXEpPxuEb invoke [3]
[2025-11-05T06:35:19.597072000Z DEBUG solana_runtime::message_processor::stable_log] Program log: Instruction: MintTo
[2025-11-05T06:35:19.597151000Z DEBUG solana_runtime::message_processor::stable_log] Program TokenzQdBNbLqP5VEhdkAS6EPFLC1PHnBqCXEpPxuEb consumed 5540 of 75361 compute units
[2025-11-05T06:35:19.597160000Z DEBUG solana_runtime::message_processor::stable_log] Program TokenzQdBNbLqP5VEhdkAS6EPFLC1PHnBqCXEpPxuEb success
[2025-11-05T06:35:19.597216000Z DEBUG solana_runtime::message_processor::stable_log] Program ASmKWt93JEMHxbdE6j7znD9y2FcdPboCzC3xtSTJvN7S invoke [3]
[2025-11-05T06:35:19.597251000Z DEBUG solana_runtime::message_processor::stable_log] Program ASmKWt93JEMHxbdE6j7znD9y2FcdPboCzC3xtSTJvN7S consumed 2069 of 66755 compute units
[2025-11-05T06:35:19.597260000Z DEBUG solana_runtime::message_processor::stable_log] Program ASmKWt93JEMHxbdE6j7znD9y2FcdPboCzC3xtSTJvN7S success
[2025-11-05T06:35:19.597281000Z DEBUG solana_runtime::message_processor::stable_log] Program ASmKWt93JEMHxbdE6j7znD9y2FcdPboCzC3xtSTJvN7S consumed 80600 of 144714 compute units
[2025-11-05T06:35:19.597291000Z DEBUG solana_runtime::message_processor::stable_log] Program ASmKWt93JEMHxbdE6j7znD9y2FcdPboCzC3xtSTJvN7S success
[2025-11-05T06:35:19.597318000Z DEBUG solana_runtime::message_processor::stable_log] Program data: B9TwvmYpSykE++ehgPH4YSlU3tyYkV9gq4RH4anYL5/RviDw8QAqPnlrkynKL0Amop6GErPQYO/ensocIql2AumQ/G60PkeAunFmkgiP9x4EnLMG1rskvOidYuWGEYHdyn9J4IxpAeqR85dKzm1dlJaWwiM5JZ7D39SsYNzIBNaAzGAoQ8IqG18gQ+aTMnkiFgbgvsi8dC331dhRj/rZWaXS/VFAoVvcJ/AKaQAAAAA=
[2025-11-05T06:35:19.597338000Z DEBUG solana_runtime::message_processor::stable_log] Program 5B57SJ3g2YoNXUpsZqqjEQkRSxyKtVTQRXdgAirz6bio consumed 137980 of 200000 compute units
[2025-11-05T06:35:19.597350000Z DEBUG solana_runtime::message_processor::stable_log] Program 5B57SJ3g2YoNXUpsZqqjEQkRSxyKtVTQRXdgAirz6bio success
[2025-11-05T06:35:19.604600000Z DEBUG solana_runtime::message_processor::stable_log] Program 5B57SJ3g2YoNXUpsZqqjEQkRSxyKtVTQRXdgAirz6bio invoke [1]
[2025-11-05T06:35:19.604678000Z DEBUG solana_runtime::message_processor::stable_log] Program log: Instruction: SetupPolicy
[2025-11-05T06:35:19.604774000Z DEBUG solana_runtime::message_processor::stable_log] Program 11111111111111111111111111111111 invoke [2]
[2025-11-05T06:35:19.604783000Z DEBUG solana_runtime::message_processor::stable_log] Program 11111111111111111111111111111111 success
[2025-11-05T06:35:19.604871000Z DEBUG solana_runtime::message_processor::stable_log] Program 11111111111111111111111111111111 invoke [2]
[2025-11-05T06:35:19.604875000Z DEBUG solana_runtime::message_processor::stable_log] Program 11111111111111111111111111111111 success
[2025-11-05T06:35:19.604917000Z DEBUG solana_runtime::message_processor::stable_log] Program data: HFXHbHKxoyYE++ehgPH4YSlU3tyYkV9gq4RH4anYL5/RviDw8QAqPvDzff3IDtP3Pg+dBw71VFZcSZ/zU+dmER75DbIZWpjpECdAS0wAAAAAACfwCmkAAAAA
[2025-11-05T06:35:19.604946000Z DEBUG solana_runtime::message_processor::stable_log] Program 5B57SJ3g2YoNXUpsZqqjEQkRSxyKtVTQRXdgAirz6bio consumed 18026 of 200000 compute units
[2025-11-05T06:35:19.604958000Z DEBUG solana_runtime::message_processor::stable_log] Program 5B57SJ3g2YoNXUpsZqqjEQkRSxyKtVTQRXdgAirz6bio success
[2025-11-05T06:35:19.624783000Z DEBUG solana_runtime::message_processor::stable_log] Program 5B57SJ3g2YoNXUpsZqqjEQkRSxyKtVTQRXdgAirz6bio invoke [1]
[2025-11-05T06:35:19.624962000Z DEBUG solana_runtime::message_processor::stable_log] Program log: Instruction: AddHonoraryLiquidity
[2025-11-05T06:35:19.625248000Z DEBUG solana_runtime::message_processor::stable_log] Program log: Adding liquidity to honorary position
[2025-11-05T06:35:19.625295000Z DEBUG solana_runtime::message_processor::stable_log] Program TokenkegQfeZyiNwAJbNbGKPFXCWuBvf9Ss623VQ5DA invoke [2]
[2025-11-05T06:35:19.625348000Z DEBUG solana_runtime::message_processor::stable_log] Program log: Instruction: TransferChecked
[2025-11-05T06:35:19.625429000Z DEBUG solana_runtime::message_processor::stable_log] Program TokenkegQfeZyiNwAJbNbGKPFXCWuBvf9Ss623VQ5DA consumed 6174 of 169743 compute units
[2025-11-05T06:35:19.625439000Z DEBUG solana_runtime::message_processor::stable_log] Program TokenkegQfeZyiNwAJbNbGKPFXCWuBvf9Ss623VQ5DA success
[2025-11-05T06:35:19.625485000Z DEBUG solana_runtime::message_processor::stable_log] Program TokenkegQfeZyiNwAJbNbGKPFXCWuBvf9Ss623VQ5DA invoke [2]
[2025-11-05T06:35:19.625517000Z DEBUG solana_runtime::message_processor::stable_log] Program log: Instruction: TransferChecked
[2025-11-05T06:35:19.625648000Z DEBUG solana_runtime::message_processor::stable_log] Program TokenkegQfeZyiNwAJbNbGKPFXCWuBvf9Ss623VQ5DA consumed 6174 of 160836 compute units
[2025-11-05T06:35:19.625659000Z DEBUG solana_runtime::message_processor::stable_log] Program TokenkegQfeZyiNwAJbNbGKPFXCWuBvf9Ss623VQ5DA success
[2025-11-05T06:35:19.625760000Z DEBUG solana_runtime::message_processor::stable_log] Program ASmKWt93JEMHxbdE6j7znD9y2FcdPboCzC3xtSTJvN7S invoke [2]
[2025-11-05T06:35:19.625833000Z DEBUG solana_runtime::message_processor::stable_log] Program log: Instruction: AddLiquidity
[2025-11-05T06:35:19.626117000Z DEBUG solana_runtime::message_processor::stable_log] Program TokenkegQfeZyiNwAJbNbGKPFXCWuBvf9Ss623VQ5DA invoke [3]
[2025-11-05T06:35:19.626154000Z DEBUG solana_runtime::message_processor::stable_log] Program log: Instruction: TransferChecked
[2025-11-05T06:35:19.626227000Z DEBUG solana_runtime::message_processor::stable_log] Program TokenkegQfeZyiNwAJbNbGKPFXCWuBvf9Ss623VQ5DA consumed 6174 of 122256 compute units
[2025-11-05T06:35:19.626241000Z DEBUG solana_runtime::message_processor::stable_log] Program TokenkegQfeZyiNwAJbNbGKPFXCWuBvf9Ss623VQ5DA success
[2025-11-05T06:35:19.626282000Z DEBUG solana_runtime::message_processor::stable_log] Program TokenkegQfeZyiNwAJbNbGKPFXCWuBvf9Ss623VQ5DA invoke [3]
[2025-11-05T06:35:19.626312000Z DEBUG solana_runtime::message_processor::stable_log] Program log: Instruction: TransferChecked
[2025-11-05T06:35:19.626377000Z DEBUG solana_runtime::message_processor::stable_log] Program TokenkegQfeZyiNwAJbNbGKPFXCWuBvf9Ss623VQ5DA consumed 6174 of 113672 compute units
[2025-11-05T06:35:19.626385000Z DEBUG solana_runtime::message_processor::stable_log] Program TokenkegQfeZyiNwAJbNbGKPFXCWuBvf9Ss623VQ5DA success
[2025-11-05T06:35:19.626435000Z DEBUG solana_runtime::message_processor::stable_log] Program ASmKWt93JEMHxbdE6j7znD9y2FcdPboCzC3xtSTJvN7S invoke [3]
[2025-11-05T06:35:19.626468000Z DEBUG solana_runtime::message_processor::stable_log] Program ASmKWt93JEMHxbdE6j7znD9y2FcdPboCzC3xtSTJvN7S consumed 2069 of 104244 compute units
[2025-11-05T06:35:19.626476000Z DEBUG solana_runtime::message_processor::stable_log] Program ASmKWt93JEMHxbdE6j7znD9y2FcdPboCzC3xtSTJvN7S success
[2025-11-05T06:35:19.626577000Z DEBUG solana_runtime::message_processor::stable_log] Program ASmKWt93JEMHxbdE6j7znD9y2FcdPboCzC3xtSTJvN7S invoke [3]
[2025-11-05T06:35:19.626604000Z DEBUG solana_runtime::message_processor::stable_log] Program ASmKWt93JEMHxbdE6j7znD9y2FcdPboCzC3xtSTJvN7S consumed 2069 of 95741 compute units
[2025-11-05T06:35:19.626612000Z DEBUG solana_runtime::message_processor::stable_log] Program ASmKWt93JEMHxbdE6j7znD9y2FcdPboCzC3xtSTJvN7S success
[2025-11-05T06:35:19.626632000Z DEBUG solana_runtime::message_processor::stable_log] Program ASmKWt93JEMHxbdE6j7znD9y2FcdPboCzC3xtSTJvN7S consumed 50736 of 143767 compute units
[2025-11-05T06:35:19.626641000Z DEBUG solana_runtime::message_processor::stable_log] Program ASmKWt93JEMHxbdE6j7znD9y2FcdPboCzC3xtSTJvN7S success
[2025-11-05T06:35:19.626671000Z DEBUG solana_runtime::message_processor::stable_log] Program log: Successfully added 1844674407370955161600 liquidity to honorary position
[2025-11-05T06:35:19.626683000Z DEBUG solana_runtime::message_processor::stable_log] Program 5B57SJ3g2YoNXUpsZqqjEQkRSxyKtVTQRXdgAirz6bio consumed 108647 of 200000 compute units
[2025-11-05T06:35:19.626694000Z DEBUG solana_runtime::message_processor::stable_log] Program 5B57SJ3g2YoNXUpsZqqjEQkRSxyKtVTQRXdgAirz6bio success

  Setting up HALF_LOCKED scenario with expected 50% locked...
[2025-11-05T06:35:19.635376000Z DEBUG solana_runtime::message_processor::stable_log] Program 11111111111111111111111111111111 invoke [1]
[2025-11-05T06:35:19.635393000Z DEBUG solana_runtime::message_processor::stable_log] Program 11111111111111111111111111111111 success
  Stream 0: 50% locked, expected locked amount: 500000, amount_per_period: 2777
[2025-11-05T06:35:19.639914000Z DEBUG solana_runtime::message_processor::stable_log] Program ATokenGPvbdGVxr1b2hvZbsiqW5xWH25efTNsLJA8knL invoke [1]
[2025-11-05T06:35:19.639991000Z DEBUG solana_runtime::message_processor::stable_log] Program log: Create
[2025-11-05T06:35:19.640041000Z DEBUG solana_runtime::message_processor::stable_log] Program TokenkegQfeZyiNwAJbNbGKPFXCWuBvf9Ss623VQ5DA invoke [2]
[2025-11-05T06:35:19.640073000Z DEBUG solana_runtime::message_processor::stable_log] Program log: Instruction: GetAccountDataSize
[2025-11-05T06:35:19.640091000Z DEBUG solana_runtime::message_processor::stable_log] Program TokenkegQfeZyiNwAJbNbGKPFXCWuBvf9Ss623VQ5DA consumed 1595 of 194555 compute units
[2025-11-05T06:35:19.640098000Z DEBUG solana_runtime::message_processor::stable_log] Program return: TokenkegQfeZyiNwAJbNbGKPFXCWuBvf9Ss623VQ5DA pQAAAAAAAAA=
[2025-11-05T06:35:19.640107000Z DEBUG solana_runtime::message_processor::stable_log] Program TokenkegQfeZyiNwAJbNbGKPFXCWuBvf9Ss623VQ5DA success
[2025-11-05T06:35:19.640163000Z DEBUG solana_runtime::message_processor::stable_log] Program 11111111111111111111111111111111 invoke [2]
[2025-11-05T06:35:19.640170000Z DEBUG solana_runtime::message_processor::stable_log] Program 11111111111111111111111111111111 success
[2025-11-05T06:35:19.640175000Z DEBUG solana_runtime::message_processor::stable_log] Program log: Initialize the associated token account
[2025-11-05T06:35:19.640193000Z DEBUG solana_runtime::message_processor::stable_log] Program TokenkegQfeZyiNwAJbNbGKPFXCWuBvf9Ss623VQ5DA invoke [2]
[2025-11-05T06:35:19.640214000Z DEBUG solana_runtime::message_processor::stable_log] Program log: Instruction: InitializeImmutableOwner
[2025-11-05T06:35:19.640225000Z DEBUG solana_runtime::message_processor::stable_log] Program log: Please upgrade to SPL Token 2022 for immutable owner support
[2025-11-05T06:35:19.640228000Z DEBUG solana_runtime::message_processor::stable_log] Program TokenkegQfeZyiNwAJbNbGKPFXCWuBvf9Ss623VQ5DA consumed 1405 of 187942 compute units
[2025-11-05T06:35:19.640236000Z DEBUG solana_runtime::message_processor::stable_log] Program TokenkegQfeZyiNwAJbNbGKPFXCWuBvf9Ss623VQ5DA success
[2025-11-05T06:35:19.640269000Z DEBUG solana_runtime::message_processor::stable_log] Program TokenkegQfeZyiNwAJbNbGKPFXCWuBvf9Ss623VQ5DA invoke [2]
[2025-11-05T06:35:19.640295000Z DEBUG solana_runtime::message_processor::stable_log] Program log: Instruction: InitializeAccount3
[2025-11-05T06:35:19.640347000Z DEBUG solana_runtime::message_processor::stable_log] Program TokenkegQfeZyiNwAJbNbGKPFXCWuBvf9Ss623VQ5DA consumed 4214 of 184058 compute units
[2025-11-05T06:35:19.640354000Z DEBUG solana_runtime::message_processor::stable_log] Program TokenkegQfeZyiNwAJbNbGKPFXCWuBvf9Ss623VQ5DA success
[2025-11-05T06:35:19.640367000Z DEBUG solana_runtime::message_processor::stable_log] Program ATokenGPvbdGVxr1b2hvZbsiqW5xWH25efTNsLJA8knL consumed 20460 of 200000 compute units
[2025-11-05T06:35:19.640375000Z DEBUG solana_runtime::message_processor::stable_log] Program ATokenGPvbdGVxr1b2hvZbsiqW5xWH25efTNsLJA8knL success
[2025-11-05T06:35:19.648052000Z DEBUG solana_runtime::message_processor::stable_log] Program 11111111111111111111111111111111 invoke [1]
[2025-11-05T06:35:19.648070000Z DEBUG solana_runtime::message_processor::stable_log] Program 11111111111111111111111111111111 success
  Stream 1: 50% locked, expected locked amount: 500000, amount_per_period: 2777
[2025-11-05T06:35:19.653265000Z DEBUG solana_runtime::message_processor::stable_log] Program ATokenGPvbdGVxr1b2hvZbsiqW5xWH25efTNsLJA8knL invoke [1]
[2025-11-05T06:35:19.653346000Z DEBUG solana_runtime::message_processor::stable_log] Program log: Create
[2025-11-05T06:35:19.653437000Z DEBUG solana_runtime::message_processor::stable_log] Program TokenkegQfeZyiNwAJbNbGKPFXCWuBvf9Ss623VQ5DA invoke [2]
[2025-11-05T06:35:19.653470000Z DEBUG solana_runtime::message_processor::stable_log] Program log: Instruction: GetAccountDataSize
[2025-11-05T06:35:19.653487000Z DEBUG solana_runtime::message_processor::stable_log] Program TokenkegQfeZyiNwAJbNbGKPFXCWuBvf9Ss623VQ5DA consumed 1595 of 185555 compute units
[2025-11-05T06:35:19.653494000Z DEBUG solana_runtime::message_processor::stable_log] Program return: TokenkegQfeZyiNwAJbNbGKPFXCWuBvf9Ss623VQ5DA pQAAAAAAAAA=
[2025-11-05T06:35:19.653503000Z DEBUG solana_runtime::message_processor::stable_log] Program TokenkegQfeZyiNwAJbNbGKPFXCWuBvf9Ss623VQ5DA success
[2025-11-05T06:35:19.653557000Z DEBUG solana_runtime::message_processor::stable_log] Program 11111111111111111111111111111111 invoke [2]
[2025-11-05T06:35:19.653563000Z DEBUG solana_runtime::message_processor::stable_log] Program 11111111111111111111111111111111 success
[2025-11-05T06:35:19.653568000Z DEBUG solana_runtime::message_processor::stable_log] Program log: Initialize the associated token account
[2025-11-05T06:35:19.653586000Z DEBUG solana_runtime::message_processor::stable_log] Program TokenkegQfeZyiNwAJbNbGKPFXCWuBvf9Ss623VQ5DA invoke [2]
[2025-11-05T06:35:19.653607000Z DEBUG solana_runtime::message_processor::stable_log] Program log: Instruction: InitializeImmutableOwner
[2025-11-05T06:35:19.653618000Z DEBUG solana_runtime::message_processor::stable_log] Program log: Please upgrade to SPL Token 2022 for immutable owner support
[2025-11-05T06:35:19.653622000Z DEBUG solana_runtime::message_processor::stable_log] Program TokenkegQfeZyiNwAJbNbGKPFXCWuBvf9Ss623VQ5DA consumed 1405 of 178942 compute units
[2025-11-05T06:35:19.653629000Z DEBUG solana_runtime::message_processor::stable_log] Program TokenkegQfeZyiNwAJbNbGKPFXCWuBvf9Ss623VQ5DA success
[2025-11-05T06:35:19.653661000Z DEBUG solana_runtime::message_processor::stable_log] Program TokenkegQfeZyiNwAJbNbGKPFXCWuBvf9Ss623VQ5DA invoke [2]
[2025-11-05T06:35:19.653688000Z DEBUG solana_runtime::message_processor::stable_log] Program log: Instruction: InitializeAccount3
[2025-11-05T06:35:19.653741000Z DEBUG solana_runtime::message_processor::stable_log] Program TokenkegQfeZyiNwAJbNbGKPFXCWuBvf9Ss623VQ5DA consumed 4214 of 175058 compute units
[2025-11-05T06:35:19.653750000Z DEBUG solana_runtime::message_processor::stable_log] Program TokenkegQfeZyiNwAJbNbGKPFXCWuBvf9Ss623VQ5DA success
[2025-11-05T06:35:19.653774000Z DEBUG solana_runtime::message_processor::stable_log] Program ATokenGPvbdGVxr1b2hvZbsiqW5xWH25efTNsLJA8knL consumed 29460 of 200000 compute units
[2025-11-05T06:35:19.653791000Z DEBUG solana_runtime::message_processor::stable_log] Program ATokenGPvbdGVxr1b2hvZbsiqW5xWH25efTNsLJA8knL success
[2025-11-05T06:35:19.661682000Z DEBUG solana_runtime::message_processor::stable_log] Program 11111111111111111111111111111111 invoke [1]
[2025-11-05T06:35:19.661701000Z DEBUG solana_runtime::message_processor::stable_log] Program 11111111111111111111111111111111 success
  Stream 2: 50% locked, expected locked amount: 500000, amount_per_period: 2777
[2025-11-05T06:35:19.666361000Z DEBUG solana_runtime::message_processor::stable_log] Program ATokenGPvbdGVxr1b2hvZbsiqW5xWH25efTNsLJA8knL invoke [1]
[2025-11-05T06:35:19.666445000Z DEBUG solana_runtime::message_processor::stable_log] Program log: Create
[2025-11-05T06:35:19.666498000Z DEBUG solana_runtime::message_processor::stable_log] Program TokenkegQfeZyiNwAJbNbGKPFXCWuBvf9Ss623VQ5DA invoke [2]
[2025-11-05T06:35:19.666534000Z DEBUG solana_runtime::message_processor::stable_log] Program log: Instruction: GetAccountDataSize
[2025-11-05T06:35:19.666551000Z DEBUG solana_runtime::message_processor::stable_log] Program TokenkegQfeZyiNwAJbNbGKPFXCWuBvf9Ss623VQ5DA consumed 1595 of 194555 compute units
[2025-11-05T06:35:19.666559000Z DEBUG solana_runtime::message_processor::stable_log] Program return: TokenkegQfeZyiNwAJbNbGKPFXCWuBvf9Ss623VQ5DA pQAAAAAAAAA=
[2025-11-05T06:35:19.666569000Z DEBUG solana_runtime::message_processor::stable_log] Program TokenkegQfeZyiNwAJbNbGKPFXCWuBvf9Ss623VQ5DA success
[2025-11-05T06:35:19.666623000Z DEBUG solana_runtime::message_processor::stable_log] Program 11111111111111111111111111111111 invoke [2]
[2025-11-05T06:35:19.666631000Z DEBUG solana_runtime::message_processor::stable_log] Program 11111111111111111111111111111111 success
[2025-11-05T06:35:19.666636000Z DEBUG solana_runtime::message_processor::stable_log] Program log: Initialize the associated token account
[2025-11-05T06:35:19.666654000Z DEBUG solana_runtime::message_processor::stable_log] Program TokenkegQfeZyiNwAJbNbGKPFXCWuBvf9Ss623VQ5DA invoke [2]
[2025-11-05T06:35:19.666675000Z DEBUG solana_runtime::message_processor::stable_log] Program log: Instruction: InitializeImmutableOwner
[2025-11-05T06:35:19.666686000Z DEBUG solana_runtime::message_processor::stable_log] Program log: Please upgrade to SPL Token 2022 for immutable owner support
[2025-11-05T06:35:19.666689000Z DEBUG solana_runtime::message_processor::stable_log] Program TokenkegQfeZyiNwAJbNbGKPFXCWuBvf9Ss623VQ5DA consumed 1405 of 187942 compute units
[2025-11-05T06:35:19.666696000Z DEBUG solana_runtime::message_processor::stable_log] Program TokenkegQfeZyiNwAJbNbGKPFXCWuBvf9Ss623VQ5DA success
[2025-11-05T06:35:19.666730000Z DEBUG solana_runtime::message_processor::stable_log] Program TokenkegQfeZyiNwAJbNbGKPFXCWuBvf9Ss623VQ5DA invoke [2]
[2025-11-05T06:35:19.666759000Z DEBUG solana_runtime::message_processor::stable_log] Program log: Instruction: InitializeAccount3
[2025-11-05T06:35:19.666814000Z DEBUG solana_runtime::message_processor::stable_log] Program TokenkegQfeZyiNwAJbNbGKPFXCWuBvf9Ss623VQ5DA consumed 4214 of 184058 compute units
[2025-11-05T06:35:19.666822000Z DEBUG solana_runtime::message_processor::stable_log] Program TokenkegQfeZyiNwAJbNbGKPFXCWuBvf9Ss623VQ5DA success
[2025-11-05T06:35:19.666835000Z DEBUG solana_runtime::message_processor::stable_log] Program ATokenGPvbdGVxr1b2hvZbsiqW5xWH25efTNsLJA8knL consumed 20460 of 200000 compute units
[2025-11-05T06:35:19.666844000Z DEBUG solana_runtime::message_processor::stable_log] Program ATokenGPvbdGVxr1b2hvZbsiqW5xWH25efTNsLJA8knL success
[2025-11-05T06:35:19.697278000Z DEBUG solana_runtime::message_processor::stable_log] Program 11111111111111111111111111111111 invoke [1]
[2025-11-05T06:35:19.697297000Z DEBUG solana_runtime::message_processor::stable_log] Program 11111111111111111111111111111111 success
  Stream 3: 50% locked, expected locked amount: 500000, amount_per_period: 2777
[2025-11-05T06:35:19.775061000Z DEBUG solana_runtime::message_processor::stable_log] Program ATokenGPvbdGVxr1b2hvZbsiqW5xWH25efTNsLJA8knL invoke [1]
[2025-11-05T06:35:19.775149000Z DEBUG solana_runtime::message_processor::stable_log] Program log: Create
[2025-11-05T06:35:19.775213000Z DEBUG solana_runtime::message_processor::stable_log] Program TokenkegQfeZyiNwAJbNbGKPFXCWuBvf9Ss623VQ5DA invoke [2]
[2025-11-05T06:35:19.775250000Z DEBUG solana_runtime::message_processor::stable_log] Program log: Instruction: GetAccountDataSize
[2025-11-05T06:35:19.775270000Z DEBUG solana_runtime::message_processor::stable_log] Program TokenkegQfeZyiNwAJbNbGKPFXCWuBvf9Ss623VQ5DA consumed 1595 of 193055 compute units
[2025-11-05T06:35:19.775280000Z DEBUG solana_runtime::message_processor::stable_log] Program return: TokenkegQfeZyiNwAJbNbGKPFXCWuBvf9Ss623VQ5DA pQAAAAAAAAA=
[2025-11-05T06:35:19.775292000Z DEBUG solana_runtime::message_processor::stable_log] Program TokenkegQfeZyiNwAJbNbGKPFXCWuBvf9Ss623VQ5DA success
[2025-11-05T06:35:19.775354000Z DEBUG solana_runtime::message_processor::stable_log] Program 11111111111111111111111111111111 invoke [2]
[2025-11-05T06:35:19.775363000Z DEBUG solana_runtime::message_processor::stable_log] Program 11111111111111111111111111111111 success
[2025-11-05T06:35:19.775370000Z DEBUG solana_runtime::message_processor::stable_log] Program log: Initialize the associated token account
[2025-11-05T06:35:19.775442000Z DEBUG solana_runtime::message_processor::stable_log] Program TokenkegQfeZyiNwAJbNbGKPFXCWuBvf9Ss623VQ5DA invoke [2]
[2025-11-05T06:35:19.775472000Z DEBUG solana_runtime::message_processor::stable_log] Program log: Instruction: InitializeImmutableOwner
[2025-11-05T06:35:19.775484000Z DEBUG solana_runtime::message_processor::stable_log] Program log: Please upgrade to SPL Token 2022 for immutable owner support
[2025-11-05T06:35:19.775491000Z DEBUG solana_runtime::message_processor::stable_log] Program TokenkegQfeZyiNwAJbNbGKPFXCWuBvf9Ss623VQ5DA consumed 1405 of 186442 compute units
[2025-11-05T06:35:19.775582000Z DEBUG solana_runtime::message_processor::stable_log] Program TokenkegQfeZyiNwAJbNbGKPFXCWuBvf9Ss623VQ5DA success
[2025-11-05T06:35:19.775675000Z DEBUG solana_runtime::message_processor::stable_log] Program TokenkegQfeZyiNwAJbNbGKPFXCWuBvf9Ss623VQ5DA invoke [2]
[2025-11-05T06:35:19.775739000Z DEBUG solana_runtime::message_processor::stable_log] Program log: Instruction: InitializeAccount3
[2025-11-05T06:35:19.775857000Z DEBUG solana_runtime::message_processor::stable_log] Program TokenkegQfeZyiNwAJbNbGKPFXCWuBvf9Ss623VQ5DA consumed 4214 of 182558 compute units
[2025-11-05T06:35:19.775869000Z DEBUG solana_runtime::message_processor::stable_log] Program TokenkegQfeZyiNwAJbNbGKPFXCWuBvf9Ss623VQ5DA success
[2025-11-05T06:35:19.775885000Z DEBUG solana_runtime::message_processor::stable_log] Program ATokenGPvbdGVxr1b2hvZbsiqW5xWH25efTNsLJA8knL consumed 21960 of 200000 compute units
[2025-11-05T06:35:19.775896000Z DEBUG solana_runtime::message_processor::stable_log] Program ATokenGPvbdGVxr1b2hvZbsiqW5xWH25efTNsLJA8knL success
[2025-11-05T06:35:19.805541000Z DEBUG solana_runtime::message_processor::stable_log] Program 11111111111111111111111111111111 invoke [1]
[2025-11-05T06:35:19.805563000Z DEBUG solana_runtime::message_processor::stable_log] Program 11111111111111111111111111111111 success
  Stream 4: 50% locked, expected locked amount: 500000, amount_per_period: 2777
[2025-11-05T06:35:19.812456000Z DEBUG solana_runtime::message_processor::stable_log] Program ATokenGPvbdGVxr1b2hvZbsiqW5xWH25efTNsLJA8knL invoke [1]
[2025-11-05T06:35:19.812597000Z DEBUG solana_runtime::message_processor::stable_log] Program log: Create
[2025-11-05T06:35:19.812666000Z DEBUG solana_runtime::message_processor::stable_log] Program TokenkegQfeZyiNwAJbNbGKPFXCWuBvf9Ss623VQ5DA invoke [2]
[2025-11-05T06:35:19.812702000Z DEBUG solana_runtime::message_processor::stable_log] Program log: Instruction: GetAccountDataSize
[2025-11-05T06:35:19.812721000Z DEBUG solana_runtime::message_processor::stable_log] Program TokenkegQfeZyiNwAJbNbGKPFXCWuBvf9Ss623VQ5DA consumed 1595 of 193055 compute units
[2025-11-05T06:35:19.812731000Z DEBUG solana_runtime::message_processor::stable_log] Program return: TokenkegQfeZyiNwAJbNbGKPFXCWuBvf9Ss623VQ5DA pQAAAAAAAAA=
[2025-11-05T06:35:19.812740000Z DEBUG solana_runtime::message_processor::stable_log] Program TokenkegQfeZyiNwAJbNbGKPFXCWuBvf9Ss623VQ5DA success
[2025-11-05T06:35:19.812983000Z DEBUG solana_runtime::message_processor::stable_log] Program 11111111111111111111111111111111 invoke [2]
[2025-11-05T06:35:19.812994000Z DEBUG solana_runtime::message_processor::stable_log] Program 11111111111111111111111111111111 success
[2025-11-05T06:35:19.813001000Z DEBUG solana_runtime::message_processor::stable_log] Program log: Initialize the associated token account
[2025-11-05T06:35:19.813024000Z DEBUG solana_runtime::message_processor::stable_log] Program TokenkegQfeZyiNwAJbNbGKPFXCWuBvf9Ss623VQ5DA invoke [2]
[2025-11-05T06:35:19.813055000Z DEBUG solana_runtime::message_processor::stable_log] Program log: Instruction: InitializeImmutableOwner
[2025-11-05T06:35:19.813068000Z DEBUG solana_runtime::message_processor::stable_log] Program log: Please upgrade to SPL Token 2022 for immutable owner support
[2025-11-05T06:35:19.813072000Z DEBUG solana_runtime::message_processor::stable_log] Program TokenkegQfeZyiNwAJbNbGKPFXCWuBvf9Ss623VQ5DA consumed 1405 of 186442 compute units
[2025-11-05T06:35:19.813081000Z DEBUG solana_runtime::message_processor::stable_log] Program TokenkegQfeZyiNwAJbNbGKPFXCWuBvf9Ss623VQ5DA success
[2025-11-05T06:35:19.813120000Z DEBUG solana_runtime::message_processor::stable_log] Program TokenkegQfeZyiNwAJbNbGKPFXCWuBvf9Ss623VQ5DA invoke [2]
[2025-11-05T06:35:19.813151000Z DEBUG solana_runtime::message_processor::stable_log] Program log: Instruction: InitializeAccount3
[2025-11-05T06:35:19.813214000Z DEBUG solana_runtime::message_processor::stable_log] Program TokenkegQfeZyiNwAJbNbGKPFXCWuBvf9Ss623VQ5DA consumed 4214 of 182558 compute units
[2025-11-05T06:35:19.813222000Z DEBUG solana_runtime::message_processor::stable_log] Program TokenkegQfeZyiNwAJbNbGKPFXCWuBvf9Ss623VQ5DA success
[2025-11-05T06:35:19.813236000Z DEBUG solana_runtime::message_processor::stable_log] Program ATokenGPvbdGVxr1b2hvZbsiqW5xWH25efTNsLJA8knL consumed 21960 of 200000 compute units
[2025-11-05T06:35:19.813247000Z DEBUG solana_runtime::message_processor::stable_log] Program ATokenGPvbdGVxr1b2hvZbsiqW5xWH25efTNsLJA8knL success
[2025-11-05T06:35:19.839748000Z DEBUG solana_runtime::message_processor::stable_log] Program ASmKWt93JEMHxbdE6j7znD9y2FcdPboCzC3xtSTJvN7S invoke [1]
[2025-11-05T06:35:19.839868000Z DEBUG solana_runtime::message_processor::stable_log] Program log: Instruction: Swap
[2025-11-05T06:35:19.840221000Z DEBUG solana_runtime::message_processor::stable_log] Program TokenkegQfeZyiNwAJbNbGKPFXCWuBvf9Ss623VQ5DA invoke [2]
[2025-11-05T06:35:19.840274000Z DEBUG solana_runtime::message_processor::stable_log] Program log: Instruction: TransferChecked
[2025-11-05T06:35:19.840363000Z DEBUG solana_runtime::message_processor::stable_log] Program TokenkegQfeZyiNwAJbNbGKPFXCWuBvf9Ss623VQ5DA consumed 6174 of 177323 compute units
[2025-11-05T06:35:19.840376000Z DEBUG solana_runtime::message_processor::stable_log] Program TokenkegQfeZyiNwAJbNbGKPFXCWuBvf9Ss623VQ5DA success
[2025-11-05T06:35:19.840945000Z DEBUG solana_runtime::message_processor::stable_log] Program TokenkegQfeZyiNwAJbNbGKPFXCWuBvf9Ss623VQ5DA invoke [2]
[2025-11-05T06:35:19.840987000Z DEBUG solana_runtime::message_processor::stable_log] Program log: Instruction: TransferChecked
[2025-11-05T06:35:19.841068000Z DEBUG solana_runtime::message_processor::stable_log] Program TokenkegQfeZyiNwAJbNbGKPFXCWuBvf9Ss623VQ5DA consumed 6174 of 168685 compute units
[2025-11-05T06:35:19.841080000Z DEBUG solana_runtime::message_processor::stable_log] Program TokenkegQfeZyiNwAJbNbGKPFXCWuBvf9Ss623VQ5DA success
[2025-11-05T06:35:19.841195000Z DEBUG solana_runtime::message_processor::stable_log] Program ASmKWt93JEMHxbdE6j7znD9y2FcdPboCzC3xtSTJvN7S invoke [2]
[2025-11-05T06:35:19.841232000Z DEBUG solana_runtime::message_processor::stable_log] Program ASmKWt93JEMHxbdE6j7znD9y2FcdPboCzC3xtSTJvN7S consumed 2069 of 156500 compute units
[2025-11-05T06:35:19.841242000Z DEBUG solana_runtime::message_processor::stable_log] Program ASmKWt93JEMHxbdE6j7znD9y2FcdPboCzC3xtSTJvN7S success
[2025-11-05T06:35:19.841302000Z DEBUG solana_runtime::message_processor::stable_log] Program ASmKWt93JEMHxbdE6j7znD9y2FcdPboCzC3xtSTJvN7S invoke [2]
[2025-11-05T06:35:19.841334000Z DEBUG solana_runtime::message_processor::stable_log] Program ASmKWt93JEMHxbdE6j7znD9y2FcdPboCzC3xtSTJvN7S consumed 2069 of 150802 compute units
[2025-11-05T06:35:19.841343000Z DEBUG solana_runtime::message_processor::stable_log] Program ASmKWt93JEMHxbdE6j7znD9y2FcdPboCzC3xtSTJvN7S success
[2025-11-05T06:35:19.841364000Z DEBUG solana_runtime::message_processor::stable_log] Program ASmKWt93JEMHxbdE6j7znD9y2FcdPboCzC3xtSTJvN7S consumed 51801 of 200000 compute units
[2025-11-05T06:35:19.841379000Z DEBUG solana_runtime::message_processor::stable_log] Program ASmKWt93JEMHxbdE6j7znD9y2FcdPboCzC3xtSTJvN7S success
[2025-11-05T06:35:19.867334000Z DEBUG solana_runtime::message_processor::stable_log] Program ComputeBudget111111111111111111111111111111 invoke [1]
[2025-11-05T06:35:19.867352000Z DEBUG solana_runtime::message_processor::stable_log] Program ComputeBudget111111111111111111111111111111 success
[2025-11-05T06:35:19.867363000Z DEBUG solana_runtime::message_processor::stable_log] Program 5B57SJ3g2YoNXUpsZqqjEQkRSxyKtVTQRXdgAirz6bio invoke [1]
[2025-11-05T06:35:19.867539000Z DEBUG solana_runtime::message_processor::stable_log] Program log: Instruction: CrankDistribution
[2025-11-05T06:35:19.868220000Z DEBUG solana_runtime::message_processor::stable_log] Program log: === DEBUG: Before claiming fees ===
[2025-11-05T06:35:19.868233000Z DEBUG solana_runtime::message_processor::stable_log] Program log: Pool collect_fee_mode: 1
[2025-11-05T06:35:19.868454000Z DEBUG solana_runtime::message_processor::stable_log] Program log: Pool token_a_mint: AWHTB6bwn3AQJDiQgz4YCZNs7Prn6c5EAmRWaXMX1QTr
[2025-11-05T06:35:19.868587000Z DEBUG solana_runtime::message_processor::stable_log] Program log: Pool token_b_mint: ApjYrmeD7rK5tKTDxzRF6wSGgb9RTdb8ZaQKSFeSpao4
[2025-11-05T06:35:19.868712000Z DEBUG solana_runtime::message_processor::stable_log] Program log: Quote mint: ApjYrmeD7rK5tKTDxzRF6wSGgb9RTdb8ZaQKSFeSpao4
[2025-11-05T06:35:19.868835000Z DEBUG solana_runtime::message_processor::stable_log] Program log: Base mint: AWHTB6bwn3AQJDiQgz4YCZNs7Prn6c5EAmRWaXMX1QTr
[2025-11-05T06:35:19.868852000Z DEBUG solana_runtime::message_processor::stable_log] Program log: Position unlocked_liquidity: 1844674407370955161600
[2025-11-05T06:35:19.868860000Z DEBUG solana_runtime::message_processor::stable_log] Program log: Position vested_liquidity: 0
[2025-11-05T06:35:19.868868000Z DEBUG solana_runtime::message_processor::stable_log] Program log: Position permanent_locked_liquidity: 0
[2025-11-05T06:35:19.868875000Z DEBUG solana_runtime::message_processor::stable_log] Program log: Position fee_a_pending: 0
[2025-11-05T06:35:19.868881000Z DEBUG solana_runtime::message_processor::stable_log] Program log: Position fee_b_pending: 0
[2025-11-05T06:35:19.868887000Z DEBUG solana_runtime::message_processor::stable_log] Program log: Position fee_a_checkpoint (first 8 bytes): 0
[2025-11-05T06:35:19.868894000Z DEBUG solana_runtime::message_processor::stable_log] Program log: Position fee_b_checkpoint (first 8 bytes): 0
[2025-11-05T06:35:19.868901000Z DEBUG solana_runtime::message_processor::stable_log] Program log: Pool fee_a_per_liquidity (first 8 bytes): 0
[2025-11-05T06:35:19.868907000Z DEBUG solana_runtime::message_processor::stable_log] Program log: Pool fee_b_per_liquidity (first 8 bytes): 0
[2025-11-05T06:35:19.868920000Z DEBUG solana_runtime::message_processor::stable_log] Program log: Pool liquidity: 3689348814741910323200
[2025-11-05T06:35:19.868928000Z DEBUG solana_runtime::message_processor::stable_log] Program log: Treasury quote balance before: 99999999999999999
[2025-11-05T06:35:19.868937000Z DEBUG solana_runtime::message_processor::stable_log] Program log: Treasury base balance before: 99999785255671124
[2025-11-05T06:35:19.868938000Z DEBUG solana_runtime::message_processor::stable_log] Program log: Claiming position fees from CP-AMM
[2025-11-05T06:35:19.869050000Z DEBUG solana_runtime::message_processor::stable_log] Program ASmKWt93JEMHxbdE6j7znD9y2FcdPboCzC3xtSTJvN7S invoke [2]
[2025-11-05T06:35:19.869171000Z DEBUG solana_runtime::message_processor::stable_log] Program log: Instruction: ClaimPositionFee
[2025-11-05T06:35:19.869434000Z DEBUG solana_runtime::message_processor::stable_log] Program TokenkegQfeZyiNwAJbNbGKPFXCWuBvf9Ss623VQ5DA invoke [3]
[2025-11-05T06:35:19.869476000Z DEBUG solana_runtime::message_processor::stable_log] Program log: Instruction: TransferChecked
[2025-11-05T06:35:19.869669000Z DEBUG solana_runtime::message_processor::stable_log] Program TokenkegQfeZyiNwAJbNbGKPFXCWuBvf9Ss623VQ5DA consumed 6174 of 265070 compute units
[2025-11-05T06:35:19.869686000Z DEBUG solana_runtime::message_processor::stable_log] Program TokenkegQfeZyiNwAJbNbGKPFXCWuBvf9Ss623VQ5DA success
[2025-11-05T06:35:19.869736000Z DEBUG solana_runtime::message_processor::stable_log] Program ASmKWt93JEMHxbdE6j7znD9y2FcdPboCzC3xtSTJvN7S invoke [3]
[2025-11-05T06:35:19.869771000Z DEBUG solana_runtime::message_processor::stable_log] Program ASmKWt93JEMHxbdE6j7znD9y2FcdPboCzC3xtSTJvN7S consumed 2069 of 256156 compute units
[2025-11-05T06:35:19.869780000Z DEBUG solana_runtime::message_processor::stable_log] Program ASmKWt93JEMHxbdE6j7znD9y2FcdPboCzC3xtSTJvN7S success
[2025-11-05T06:35:19.869802000Z DEBUG solana_runtime::message_processor::stable_log] Program ASmKWt93JEMHxbdE6j7znD9y2FcdPboCzC3xtSTJvN7S consumed 30035 of 283581 compute units
[2025-11-05T06:35:19.869813000Z DEBUG solana_runtime::message_processor::stable_log] Program ASmKWt93JEMHxbdE6j7znD9y2FcdPboCzC3xtSTJvN7S success
[2025-11-05T06:35:19.869857000Z DEBUG solana_runtime::message_processor::stable_log] Program log: === DEBUG: After claiming fees ===
[2025-11-05T06:35:19.869870000Z DEBUG solana_runtime::message_processor::stable_log] Program log: Treasury quote balance after: 100000000000049999
[2025-11-05T06:35:19.869880000Z DEBUG solana_runtime::message_processor::stable_log] Program log: Treasury base balance after: 99999785255671124
[2025-11-05T06:35:19.869888000Z DEBUG solana_runtime::message_processor::stable_log] Program log: Quote tokens claimed: 50000
[2025-11-05T06:35:19.869897000Z DEBUG solana_runtime::message_processor::stable_log] Program data: fzkUsNcjWlgE++ehgPH4YSlU3tyYkV9gq4RH4anYL5/RviDw8QAqPlDDAAAAAAAAp0EMaQAAAAA=
[2025-11-05T06:35:19.870265000Z DEBUG solana_runtime::message_processor::stable_log] Program TokenkegQfeZyiNwAJbNbGKPFXCWuBvf9Ss623VQ5DA invoke [2]
[2025-11-05T06:35:19.870302000Z DEBUG solana_runtime::message_processor::stable_log] Program log: Instruction: TransferChecked
[2025-11-05T06:35:19.870381000Z DEBUG solana_runtime::message_processor::stable_log] Program TokenkegQfeZyiNwAJbNbGKPFXCWuBvf9Ss623VQ5DA consumed 6174 of 229265 compute units
[2025-11-05T06:35:19.870390000Z DEBUG solana_runtime::message_processor::stable_log] Program TokenkegQfeZyiNwAJbNbGKPFXCWuBvf9Ss623VQ5DA success
[2025-11-05T06:35:19.870455000Z DEBUG solana_runtime::message_processor::stable_log] Program TokenkegQfeZyiNwAJbNbGKPFXCWuBvf9Ss623VQ5DA invoke [2]
[2025-11-05T06:35:19.870488000Z DEBUG solana_runtime::message_processor::stable_log] Program log: Instruction: TransferChecked
[2025-11-05T06:35:19.870565000Z DEBUG solana_runtime::message_processor::stable_log] Program TokenkegQfeZyiNwAJbNbGKPFXCWuBvf9Ss623VQ5DA consumed 6174 of 219704 compute units
[2025-11-05T06:35:19.870574000Z DEBUG solana_runtime::message_processor::stable_log] Program TokenkegQfeZyiNwAJbNbGKPFXCWuBvf9Ss623VQ5DA success
[2025-11-05T06:35:19.870635000Z DEBUG solana_runtime::message_processor::stable_log] Program TokenkegQfeZyiNwAJbNbGKPFXCWuBvf9Ss623VQ5DA invoke [2]
[2025-11-05T06:35:19.870667000Z DEBUG solana_runtime::message_processor::stable_log] Program log: Instruction: TransferChecked
[2025-11-05T06:35:19.870740000Z DEBUG solana_runtime::message_processor::stable_log] Program TokenkegQfeZyiNwAJbNbGKPFXCWuBvf9Ss623VQ5DA consumed 6174 of 210143 compute units
[2025-11-05T06:35:19.870749000Z DEBUG solana_runtime::message_processor::stable_log] Program TokenkegQfeZyiNwAJbNbGKPFXCWuBvf9Ss623VQ5DA success
[2025-11-05T06:35:19.870815000Z DEBUG solana_runtime::message_processor::stable_log] Program TokenkegQfeZyiNwAJbNbGKPFXCWuBvf9Ss623VQ5DA invoke [2]
[2025-11-05T06:35:19.870867000Z DEBUG solana_runtime::message_processor::stable_log] Program log: Instruction: TransferChecked
[2025-11-05T06:35:19.870972000Z DEBUG solana_runtime::message_processor::stable_log] Program TokenkegQfeZyiNwAJbNbGKPFXCWuBvf9Ss623VQ5DA consumed 6174 of 200582 compute units
[2025-11-05T06:35:19.870982000Z DEBUG solana_runtime::message_processor::stable_log] Program TokenkegQfeZyiNwAJbNbGKPFXCWuBvf9Ss623VQ5DA success
[2025-11-05T06:35:19.871047000Z DEBUG solana_runtime::message_processor::stable_log] Program TokenkegQfeZyiNwAJbNbGKPFXCWuBvf9Ss623VQ5DA invoke [2]
[2025-11-05T06:35:19.871084000Z DEBUG solana_runtime::message_processor::stable_log] Program log: Instruction: TransferChecked
[2025-11-05T06:35:19.871161000Z DEBUG solana_runtime::message_processor::stable_log] Program TokenkegQfeZyiNwAJbNbGKPFXCWuBvf9Ss623VQ5DA consumed 6174 of 191021 compute units
[2025-11-05T06:35:19.871170000Z DEBUG solana_runtime::message_processor::stable_log] Program TokenkegQfeZyiNwAJbNbGKPFXCWuBvf9Ss623VQ5DA success
[2025-11-05T06:35:19.871225000Z DEBUG solana_runtime::message_processor::stable_log] Program TokenkegQfeZyiNwAJbNbGKPFXCWuBvf9Ss623VQ5DA invoke [2]
[2025-11-05T06:35:19.871259000Z DEBUG solana_runtime::message_processor::stable_log] Program log: Instruction: TransferChecked
[2025-11-05T06:35:19.871332000Z DEBUG solana_runtime::message_processor::stable_log] Program TokenkegQfeZyiNwAJbNbGKPFXCWuBvf9Ss623VQ5DA consumed 6174 of 181970 compute units
[2025-11-05T06:35:19.871340000Z DEBUG solana_runtime::message_processor::stable_log] Program TokenkegQfeZyiNwAJbNbGKPFXCWuBvf9Ss623VQ5DA success
[2025-11-05T06:35:19.871354000Z DEBUG solana_runtime::message_processor::stable_log] Program data: jhY1V/E9sS0E++ehgPH4YSlU3tyYkV9gq4RH4anYL5/RviDw8QAqPqNhAAAAAAAArWEAAAAAAACnQQxpAAAAAA==
[2025-11-05T06:35:19.871361000Z DEBUG solana_runtime::message_processor::stable_log] Program data: KjXqZeHwy3kE++ehgPH4YSlU3tyYkV9gq4RH4anYL5/RviDw8QAqPgAAAAAFAAAABQAAAK1hAAAAAAAAAAAAAAAAAACnQQxpAAAAAA==
[2025-11-05T06:35:19.871407000Z DEBUG solana_runtime::message_processor::stable_log] Program 5B57SJ3g2YoNXUpsZqqjEQkRSxyKtVTQRXdgAirz6bio consumed 226909 of 399850 compute units
[2025-11-05T06:35:19.871420000Z DEBUG solana_runtime::message_processor::stable_log] Program 5B57SJ3g2YoNXUpsZqqjEQkRSxyKtVTQRXdgAirz6bio success
Investor share: 50.01%
Creator share: 49.99%
      ✔ HALF_LOCKED: 50% fees split between investors and creator (248ms)
[2025-11-05T06:35:19.875986000Z INFO  solana_program_test] "cp_amm" SBF program from ./target/deploy/cp_amm.so, modified 24 minutes, 27 seconds, 223 ms, 296 µs and 203 ns ago
[2025-11-05T06:35:19.876342000Z INFO  solana_program_test] "fee_router" SBF program from ./target/deploy/fee_router.so, modified 29 seconds, 960 ms, 598 µs and 331 ns ago
[2025-11-05T06:35:19.876532000Z INFO  solana_program_test] "transfer_hook_counter" SBF program from tests/fixtures/transfer_hook_counter.so, modified 3 weeks, 22 hours, 58 minutes, 54 seconds, 702 ms, 131 µs and 196 ns ago
[2025-11-05T06:35:19.876836000Z INFO  solana_program_test] "alpha_vault" SBF program from tests/fixtures/alpha_vault.so, modified 3 weeks, 22 hours, 58 minutes, 54 seconds, 703 ms, 122 µs and 72 ns ago
[2025-11-05T06:35:19.877200000Z INFO  solana_program_test] "streamflow" SBF program from tests/fixtures/streamflow.so, modified 3 weeks, 6 hours, 59 minutes, 4 seconds, 588 ms, 112 µs and 387 ns ago
[2025-11-05T06:35:19.877721000Z INFO  solana_program_test] "cp_amm" SBF program from ./target/deploy/cp_amm.so, modified 24 minutes, 27 seconds, 225 ms, 36 µs and 203 ns ago
[2025-11-05T06:35:19.877978000Z INFO  solana_program_test] "fee_router" SBF program from ./target/deploy/fee_router.so, modified 29 seconds, 962 ms, 235 µs and 331 ns ago
[2025-11-05T06:35:19.897251000Z INFO  solana_program_test] Overriding account at ASmKWt93JEMHxbdE6j7znD9y2FcdPboCzC3xtSTJvN7S
[2025-11-05T06:35:19.897270000Z INFO  solana_program_test] Overriding account at 5B57SJ3g2YoNXUpsZqqjEQkRSxyKtVTQRXdgAirz6bio
[2025-11-05T06:35:19.908177000Z DEBUG solana_runtime::message_processor::stable_log] Program 11111111111111111111111111111111 invoke [1]
[2025-11-05T06:35:19.908189000Z DEBUG solana_runtime::message_processor::stable_log] Program 11111111111111111111111111111111 success
[2025-11-05T06:35:19.912121000Z DEBUG solana_runtime::message_processor::stable_log] Program 11111111111111111111111111111111 invoke [1]
[2025-11-05T06:35:19.912129000Z DEBUG solana_runtime::message_processor::stable_log] Program 11111111111111111111111111111111 success
[2025-11-05T06:35:19.916030000Z DEBUG solana_runtime::message_processor::stable_log] Program 11111111111111111111111111111111 invoke [1]
[2025-11-05T06:35:19.916040000Z DEBUG solana_runtime::message_processor::stable_log] Program 11111111111111111111111111111111 success
[2025-11-05T06:35:19.920803000Z DEBUG solana_runtime::message_processor::stable_log] Program 11111111111111111111111111111111 invoke [1]
[2025-11-05T06:35:19.920814000Z DEBUG solana_runtime::message_processor::stable_log] Program 11111111111111111111111111111111 success
[2025-11-05T06:35:19.928663000Z DEBUG solana_runtime::message_processor::stable_log] Program 11111111111111111111111111111111 invoke [1]
[2025-11-05T06:35:19.928677000Z DEBUG solana_runtime::message_processor::stable_log] Program 11111111111111111111111111111111 success
[2025-11-05T06:35:19.928682000Z DEBUG solana_runtime::message_processor::stable_log] Program TokenkegQfeZyiNwAJbNbGKPFXCWuBvf9Ss623VQ5DA invoke [1]
[2025-11-05T06:35:19.928737000Z DEBUG solana_runtime::message_processor::stable_log] Program log: Instruction: InitializeMint2
[2025-11-05T06:35:19.928779000Z DEBUG solana_runtime::message_processor::stable_log] Program TokenkegQfeZyiNwAJbNbGKPFXCWuBvf9Ss623VQ5DA consumed 2779 of 399850 compute units
[2025-11-05T06:35:19.928790000Z DEBUG solana_runtime::message_processor::stable_log] Program TokenkegQfeZyiNwAJbNbGKPFXCWuBvf9Ss623VQ5DA success
[2025-11-05T06:35:19.936678000Z DEBUG solana_runtime::message_processor::stable_log] Program 11111111111111111111111111111111 invoke [1]
[2025-11-05T06:35:19.936693000Z DEBUG solana_runtime::message_processor::stable_log] Program 11111111111111111111111111111111 success
[2025-11-05T06:35:19.936711000Z DEBUG solana_runtime::message_processor::stable_log] Program TokenkegQfeZyiNwAJbNbGKPFXCWuBvf9Ss623VQ5DA invoke [1]
[2025-11-05T06:35:19.936766000Z DEBUG solana_runtime::message_processor::stable_log] Program log: Instruction: InitializeMint2
[2025-11-05T06:35:19.936804000Z DEBUG solana_runtime::message_processor::stable_log] Program TokenkegQfeZyiNwAJbNbGKPFXCWuBvf9Ss623VQ5DA consumed 2779 of 399850 compute units
[2025-11-05T06:35:19.936816000Z DEBUG solana_runtime::message_processor::stable_log] Program TokenkegQfeZyiNwAJbNbGKPFXCWuBvf9Ss623VQ5DA success
[2025-11-05T06:35:19.942234000Z DEBUG solana_runtime::message_processor::stable_log] Program ATokenGPvbdGVxr1b2hvZbsiqW5xWH25efTNsLJA8knL invoke [1]
[2025-11-05T06:35:19.942304000Z DEBUG solana_runtime::message_processor::stable_log] Program log: Create
[2025-11-05T06:35:19.942358000Z DEBUG solana_runtime::message_processor::stable_log] Program TokenkegQfeZyiNwAJbNbGKPFXCWuBvf9Ss623VQ5DA invoke [2]
[2025-11-05T06:35:19.942385000Z DEBUG solana_runtime::message_processor::stable_log] Program log: Instruction: GetAccountDataSize
[2025-11-05T06:35:19.942406000Z DEBUG solana_runtime::message_processor::stable_log] Program TokenkegQfeZyiNwAJbNbGKPFXCWuBvf9Ss623VQ5DA consumed 1595 of 194555 compute units
[2025-11-05T06:35:19.942414000Z DEBUG solana_runtime::message_processor::stable_log] Program return: TokenkegQfeZyiNwAJbNbGKPFXCWuBvf9Ss623VQ5DA pQAAAAAAAAA=
[2025-11-05T06:35:19.942423000Z DEBUG solana_runtime::message_processor::stable_log] Program TokenkegQfeZyiNwAJbNbGKPFXCWuBvf9Ss623VQ5DA success
[2025-11-05T06:35:19.942485000Z DEBUG solana_runtime::message_processor::stable_log] Program 11111111111111111111111111111111 invoke [2]
[2025-11-05T06:35:19.942492000Z DEBUG solana_runtime::message_processor::stable_log] Program 11111111111111111111111111111111 success
[2025-11-05T06:35:19.942498000Z DEBUG solana_runtime::message_processor::stable_log] Program log: Initialize the associated token account
[2025-11-05T06:35:19.942517000Z DEBUG solana_runtime::message_processor::stable_log] Program TokenkegQfeZyiNwAJbNbGKPFXCWuBvf9Ss623VQ5DA invoke [2]
[2025-11-05T06:35:19.942540000Z DEBUG solana_runtime::message_processor::stable_log] Program log: Instruction: InitializeImmutableOwner
[2025-11-05T06:35:19.942552000Z DEBUG solana_runtime::message_processor::stable_log] Program log: Please upgrade to SPL Token 2022 for immutable owner support
[2025-11-05T06:35:19.942556000Z DEBUG solana_runtime::message_processor::stable_log] Program TokenkegQfeZyiNwAJbNbGKPFXCWuBvf9Ss623VQ5DA consumed 1405 of 187942 compute units
[2025-11-05T06:35:19.942565000Z DEBUG solana_runtime::message_processor::stable_log] Program TokenkegQfeZyiNwAJbNbGKPFXCWuBvf9Ss623VQ5DA success
[2025-11-05T06:35:19.942602000Z DEBUG solana_runtime::message_processor::stable_log] Program TokenkegQfeZyiNwAJbNbGKPFXCWuBvf9Ss623VQ5DA invoke [2]
[2025-11-05T06:35:19.942632000Z DEBUG solana_runtime::message_processor::stable_log] Program log: Instruction: InitializeAccount3
[2025-11-05T06:35:19.942696000Z DEBUG solana_runtime::message_processor::stable_log] Program TokenkegQfeZyiNwAJbNbGKPFXCWuBvf9Ss623VQ5DA consumed 4214 of 184058 compute units
[2025-11-05T06:35:19.942705000Z DEBUG solana_runtime::message_processor::stable_log] Program TokenkegQfeZyiNwAJbNbGKPFXCWuBvf9Ss623VQ5DA success
[2025-11-05T06:35:19.942718000Z DEBUG solana_runtime::message_processor::stable_log] Program ATokenGPvbdGVxr1b2hvZbsiqW5xWH25efTNsLJA8knL consumed 20460 of 200000 compute units
[2025-11-05T06:35:19.942728000Z DEBUG solana_runtime::message_processor::stable_log] Program ATokenGPvbdGVxr1b2hvZbsiqW5xWH25efTNsLJA8knL success
[2025-11-05T06:35:19.946459000Z DEBUG solana_runtime::message_processor::stable_log] Program TokenkegQfeZyiNwAJbNbGKPFXCWuBvf9Ss623VQ5DA invoke [1]
[2025-11-05T06:35:19.946511000Z DEBUG solana_runtime::message_processor::stable_log] Program log: Instruction: MintTo
[2025-11-05T06:35:19.946575000Z DEBUG solana_runtime::message_processor::stable_log] Program TokenkegQfeZyiNwAJbNbGKPFXCWuBvf9Ss623VQ5DA consumed 4491 of 200000 compute units
[2025-11-05T06:35:19.946586000Z DEBUG solana_runtime::message_processor::stable_log] Program TokenkegQfeZyiNwAJbNbGKPFXCWuBvf9Ss623VQ5DA success
[2025-11-05T06:35:19.951993000Z DEBUG solana_runtime::message_processor::stable_log] Program ATokenGPvbdGVxr1b2hvZbsiqW5xWH25efTNsLJA8knL invoke [1]
[2025-11-05T06:35:19.952064000Z DEBUG solana_runtime::message_processor::stable_log] Program log: Create
[2025-11-05T06:35:19.952127000Z DEBUG solana_runtime::message_processor::stable_log] Program TokenkegQfeZyiNwAJbNbGKPFXCWuBvf9Ss623VQ5DA invoke [2]
[2025-11-05T06:35:19.952161000Z DEBUG solana_runtime::message_processor::stable_log] Program log: Instruction: GetAccountDataSize
[2025-11-05T06:35:19.952180000Z DEBUG solana_runtime::message_processor::stable_log] Program TokenkegQfeZyiNwAJbNbGKPFXCWuBvf9Ss623VQ5DA consumed 1595 of 193055 compute units
[2025-11-05T06:35:19.952189000Z DEBUG solana_runtime::message_processor::stable_log] Program return: TokenkegQfeZyiNwAJbNbGKPFXCWuBvf9Ss623VQ5DA pQAAAAAAAAA=
[2025-11-05T06:35:19.952198000Z DEBUG solana_runtime::message_processor::stable_log] Program TokenkegQfeZyiNwAJbNbGKPFXCWuBvf9Ss623VQ5DA success
[2025-11-05T06:35:19.952259000Z DEBUG solana_runtime::message_processor::stable_log] Program 11111111111111111111111111111111 invoke [2]
[2025-11-05T06:35:19.952267000Z DEBUG solana_runtime::message_processor::stable_log] Program 11111111111111111111111111111111 success
[2025-11-05T06:35:19.952273000Z DEBUG solana_runtime::message_processor::stable_log] Program log: Initialize the associated token account
[2025-11-05T06:35:19.952293000Z DEBUG solana_runtime::message_processor::stable_log] Program TokenkegQfeZyiNwAJbNbGKPFXCWuBvf9Ss623VQ5DA invoke [2]
[2025-11-05T06:35:19.952315000Z DEBUG solana_runtime::message_processor::stable_log] Program log: Instruction: InitializeImmutableOwner
[2025-11-05T06:35:19.952327000Z DEBUG solana_runtime::message_processor::stable_log] Program log: Please upgrade to SPL Token 2022 for immutable owner support
[2025-11-05T06:35:19.952331000Z DEBUG solana_runtime::message_processor::stable_log] Program TokenkegQfeZyiNwAJbNbGKPFXCWuBvf9Ss623VQ5DA consumed 1405 of 186442 compute units
[2025-11-05T06:35:19.952339000Z DEBUG solana_runtime::message_processor::stable_log] Program TokenkegQfeZyiNwAJbNbGKPFXCWuBvf9Ss623VQ5DA success
[2025-11-05T06:35:19.952375000Z DEBUG solana_runtime::message_processor::stable_log] Program TokenkegQfeZyiNwAJbNbGKPFXCWuBvf9Ss623VQ5DA invoke [2]
[2025-11-05T06:35:19.952403000Z DEBUG solana_runtime::message_processor::stable_log] Program log: Instruction: InitializeAccount3
[2025-11-05T06:35:19.952462000Z DEBUG solana_runtime::message_processor::stable_log] Program TokenkegQfeZyiNwAJbNbGKPFXCWuBvf9Ss623VQ5DA consumed 4214 of 182558 compute units
[2025-11-05T06:35:19.952470000Z DEBUG solana_runtime::message_processor::stable_log] Program TokenkegQfeZyiNwAJbNbGKPFXCWuBvf9Ss623VQ5DA success
[2025-11-05T06:35:19.952484000Z DEBUG solana_runtime::message_processor::stable_log] Program ATokenGPvbdGVxr1b2hvZbsiqW5xWH25efTNsLJA8knL consumed 21960 of 200000 compute units
[2025-11-05T06:35:19.952495000Z DEBUG solana_runtime::message_processor::stable_log] Program ATokenGPvbdGVxr1b2hvZbsiqW5xWH25efTNsLJA8knL success
[2025-11-05T06:35:19.956091000Z DEBUG solana_runtime::message_processor::stable_log] Program TokenkegQfeZyiNwAJbNbGKPFXCWuBvf9Ss623VQ5DA invoke [1]
[2025-11-05T06:35:19.956134000Z DEBUG solana_runtime::message_processor::stable_log] Program log: Instruction: MintTo
[2025-11-05T06:35:19.956197000Z DEBUG solana_runtime::message_processor::stable_log] Program TokenkegQfeZyiNwAJbNbGKPFXCWuBvf9Ss623VQ5DA consumed 4491 of 200000 compute units
[2025-11-05T06:35:19.956208000Z DEBUG solana_runtime::message_processor::stable_log] Program TokenkegQfeZyiNwAJbNbGKPFXCWuBvf9Ss623VQ5DA success
[2025-11-05T06:35:19.962031000Z DEBUG solana_runtime::message_processor::stable_log] Program ATokenGPvbdGVxr1b2hvZbsiqW5xWH25efTNsLJA8knL invoke [1]
[2025-11-05T06:35:19.962108000Z DEBUG solana_runtime::message_processor::stable_log] Program log: Create
[2025-11-05T06:35:19.962166000Z DEBUG solana_runtime::message_processor::stable_log] Program TokenkegQfeZyiNwAJbNbGKPFXCWuBvf9Ss623VQ5DA invoke [2]
[2025-11-05T06:35:19.962200000Z DEBUG solana_runtime::message_processor::stable_log] Program log: Instruction: GetAccountDataSize
[2025-11-05T06:35:19.962221000Z DEBUG solana_runtime::message_processor::stable_log] Program TokenkegQfeZyiNwAJbNbGKPFXCWuBvf9Ss623VQ5DA consumed 1595 of 194555 compute units
[2025-11-05T06:35:19.962229000Z DEBUG solana_runtime::message_processor::stable_log] Program return: TokenkegQfeZyiNwAJbNbGKPFXCWuBvf9Ss623VQ5DA pQAAAAAAAAA=
[2025-11-05T06:35:19.962238000Z DEBUG solana_runtime::message_processor::stable_log] Program TokenkegQfeZyiNwAJbNbGKPFXCWuBvf9Ss623VQ5DA success
[2025-11-05T06:35:19.962300000Z DEBUG solana_runtime::message_processor::stable_log] Program 11111111111111111111111111111111 invoke [2]
[2025-11-05T06:35:19.962309000Z DEBUG solana_runtime::message_processor::stable_log] Program 11111111111111111111111111111111 success
[2025-11-05T06:35:19.962315000Z DEBUG solana_runtime::message_processor::stable_log] Program log: Initialize the associated token account
[2025-11-05T06:35:19.962334000Z DEBUG solana_runtime::message_processor::stable_log] Program TokenkegQfeZyiNwAJbNbGKPFXCWuBvf9Ss623VQ5DA invoke [2]
[2025-11-05T06:35:19.962360000Z DEBUG solana_runtime::message_processor::stable_log] Program log: Instruction: InitializeImmutableOwner
[2025-11-05T06:35:19.962373000Z DEBUG solana_runtime::message_processor::stable_log] Program log: Please upgrade to SPL Token 2022 for immutable owner support
[2025-11-05T06:35:19.962377000Z DEBUG solana_runtime::message_processor::stable_log] Program TokenkegQfeZyiNwAJbNbGKPFXCWuBvf9Ss623VQ5DA consumed 1405 of 187942 compute units
[2025-11-05T06:35:19.962385000Z DEBUG solana_runtime::message_processor::stable_log] Program TokenkegQfeZyiNwAJbNbGKPFXCWuBvf9Ss623VQ5DA success
[2025-11-05T06:35:19.962423000Z DEBUG solana_runtime::message_processor::stable_log] Program TokenkegQfeZyiNwAJbNbGKPFXCWuBvf9Ss623VQ5DA invoke [2]
[2025-11-05T06:35:19.962451000Z DEBUG solana_runtime::message_processor::stable_log] Program log: Instruction: InitializeAccount3
[2025-11-05T06:35:19.962511000Z DEBUG solana_runtime::message_processor::stable_log] Program TokenkegQfeZyiNwAJbNbGKPFXCWuBvf9Ss623VQ5DA consumed 4214 of 184058 compute units
[2025-11-05T06:35:19.962520000Z DEBUG solana_runtime::message_processor::stable_log] Program TokenkegQfeZyiNwAJbNbGKPFXCWuBvf9Ss623VQ5DA success
[2025-11-05T06:35:19.962534000Z DEBUG solana_runtime::message_processor::stable_log] Program ATokenGPvbdGVxr1b2hvZbsiqW5xWH25efTNsLJA8knL consumed 20460 of 200000 compute units
[2025-11-05T06:35:19.962544000Z DEBUG solana_runtime::message_processor::stable_log] Program ATokenGPvbdGVxr1b2hvZbsiqW5xWH25efTNsLJA8knL success
[2025-11-05T06:35:19.966511000Z DEBUG solana_runtime::message_processor::stable_log] Program TokenkegQfeZyiNwAJbNbGKPFXCWuBvf9Ss623VQ5DA invoke [1]
[2025-11-05T06:35:19.966570000Z DEBUG solana_runtime::message_processor::stable_log] Program log: Instruction: MintTo
[2025-11-05T06:35:19.966659000Z DEBUG solana_runtime::message_processor::stable_log] Program TokenkegQfeZyiNwAJbNbGKPFXCWuBvf9Ss623VQ5DA consumed 4491 of 200000 compute units
[2025-11-05T06:35:19.966675000Z DEBUG solana_runtime::message_processor::stable_log] Program TokenkegQfeZyiNwAJbNbGKPFXCWuBvf9Ss623VQ5DA success
[2025-11-05T06:35:19.971806000Z DEBUG solana_runtime::message_processor::stable_log] Program ATokenGPvbdGVxr1b2hvZbsiqW5xWH25efTNsLJA8knL invoke [1]
[2025-11-05T06:35:19.971884000Z DEBUG solana_runtime::message_processor::stable_log] Program log: Create
[2025-11-05T06:35:19.971950000Z DEBUG solana_runtime::message_processor::stable_log] Program TokenkegQfeZyiNwAJbNbGKPFXCWuBvf9Ss623VQ5DA invoke [2]
[2025-11-05T06:35:19.971982000Z DEBUG solana_runtime::message_processor::stable_log] Program log: Instruction: GetAccountDataSize
[2025-11-05T06:35:19.972001000Z DEBUG solana_runtime::message_processor::stable_log] Program TokenkegQfeZyiNwAJbNbGKPFXCWuBvf9Ss623VQ5DA consumed 1595 of 193055 compute units
[2025-11-05T06:35:19.972010000Z DEBUG solana_runtime::message_processor::stable_log] Program return: TokenkegQfeZyiNwAJbNbGKPFXCWuBvf9Ss623VQ5DA pQAAAAAAAAA=
[2025-11-05T06:35:19.972019000Z DEBUG solana_runtime::message_processor::stable_log] Program TokenkegQfeZyiNwAJbNbGKPFXCWuBvf9Ss623VQ5DA success
[2025-11-05T06:35:19.972080000Z DEBUG solana_runtime::message_processor::stable_log] Program 11111111111111111111111111111111 invoke [2]
[2025-11-05T06:35:19.972089000Z DEBUG solana_runtime::message_processor::stable_log] Program 11111111111111111111111111111111 success
[2025-11-05T06:35:19.972095000Z DEBUG solana_runtime::message_processor::stable_log] Program log: Initialize the associated token account
[2025-11-05T06:35:19.972115000Z DEBUG solana_runtime::message_processor::stable_log] Program TokenkegQfeZyiNwAJbNbGKPFXCWuBvf9Ss623VQ5DA invoke [2]
[2025-11-05T06:35:19.972137000Z DEBUG solana_runtime::message_processor::stable_log] Program log: Instruction: InitializeImmutableOwner
[2025-11-05T06:35:19.972149000Z DEBUG solana_runtime::message_processor::stable_log] Program log: Please upgrade to SPL Token 2022 for immutable owner support
[2025-11-05T06:35:19.972154000Z DEBUG solana_runtime::message_processor::stable_log] Program TokenkegQfeZyiNwAJbNbGKPFXCWuBvf9Ss623VQ5DA consumed 1405 of 186442 compute units
[2025-11-05T06:35:19.972162000Z DEBUG solana_runtime::message_processor::stable_log] Program TokenkegQfeZyiNwAJbNbGKPFXCWuBvf9Ss623VQ5DA success
[2025-11-05T06:35:19.972278000Z DEBUG solana_runtime::message_processor::stable_log] Program TokenkegQfeZyiNwAJbNbGKPFXCWuBvf9Ss623VQ5DA invoke [2]
[2025-11-05T06:35:19.972314000Z DEBUG solana_runtime::message_processor::stable_log] Program log: Instruction: InitializeAccount3
[2025-11-05T06:35:19.972373000Z DEBUG solana_runtime::message_processor::stable_log] Program TokenkegQfeZyiNwAJbNbGKPFXCWuBvf9Ss623VQ5DA consumed 4214 of 182558 compute units
[2025-11-05T06:35:19.972382000Z DEBUG solana_runtime::message_processor::stable_log] Program TokenkegQfeZyiNwAJbNbGKPFXCWuBvf9Ss623VQ5DA success
[2025-11-05T06:35:19.972396000Z DEBUG solana_runtime::message_processor::stable_log] Program ATokenGPvbdGVxr1b2hvZbsiqW5xWH25efTNsLJA8knL consumed 21960 of 200000 compute units
[2025-11-05T06:35:19.972422000Z DEBUG solana_runtime::message_processor::stable_log] Program ATokenGPvbdGVxr1b2hvZbsiqW5xWH25efTNsLJA8knL success
[2025-11-05T06:35:19.975942000Z DEBUG solana_runtime::message_processor::stable_log] Program TokenkegQfeZyiNwAJbNbGKPFXCWuBvf9Ss623VQ5DA invoke [1]
[2025-11-05T06:35:19.975990000Z DEBUG solana_runtime::message_processor::stable_log] Program log: Instruction: MintTo
[2025-11-05T06:35:19.976052000Z DEBUG solana_runtime::message_processor::stable_log] Program TokenkegQfeZyiNwAJbNbGKPFXCWuBvf9Ss623VQ5DA consumed 4491 of 200000 compute units
[2025-11-05T06:35:19.976064000Z DEBUG solana_runtime::message_processor::stable_log] Program TokenkegQfeZyiNwAJbNbGKPFXCWuBvf9Ss623VQ5DA success
[2025-11-05T06:35:19.989257000Z DEBUG solana_runtime::message_processor::stable_log] Program ASmKWt93JEMHxbdE6j7znD9y2FcdPboCzC3xtSTJvN7S invoke [1]
[2025-11-05T06:35:19.989336000Z DEBUG solana_runtime::message_processor::stable_log] Program log: Instruction: CreateConfig
[2025-11-05T06:35:19.989440000Z DEBUG solana_runtime::message_processor::stable_log] Program 11111111111111111111111111111111 invoke [2]
[2025-11-05T06:35:19.989448000Z DEBUG solana_runtime::message_processor::stable_log] Program 11111111111111111111111111111111 success
[2025-11-05T06:35:19.989556000Z DEBUG solana_runtime::message_processor::stable_log] Program ASmKWt93JEMHxbdE6j7znD9y2FcdPboCzC3xtSTJvN7S invoke [2]
[2025-11-05T06:35:19.989592000Z DEBUG solana_runtime::message_processor::stable_log] Program ASmKWt93JEMHxbdE6j7znD9y2FcdPboCzC3xtSTJvN7S consumed 2069 of 184595 compute units
[2025-11-05T06:35:19.989602000Z DEBUG solana_runtime::message_processor::stable_log] Program ASmKWt93JEMHxbdE6j7znD9y2FcdPboCzC3xtSTJvN7S success
[2025-11-05T06:35:19.989618000Z DEBUG solana_runtime::message_processor::stable_log] Program ASmKWt93JEMHxbdE6j7znD9y2FcdPboCzC3xtSTJvN7S consumed 17779 of 200000 compute units
[2025-11-05T06:35:19.989628000Z DEBUG solana_runtime::message_processor::stable_log] Program ASmKWt93JEMHxbdE6j7znD9y2FcdPboCzC3xtSTJvN7S success
[2025-11-05T06:35:20.016448000Z DEBUG solana_runtime::message_processor::stable_log] Program ASmKWt93JEMHxbdE6j7znD9y2FcdPboCzC3xtSTJvN7S invoke [1]
[2025-11-05T06:35:20.016568000Z DEBUG solana_runtime::message_processor::stable_log] Program log: Instruction: InitializePool
[2025-11-05T06:35:20.016718000Z DEBUG solana_runtime::message_processor::stable_log] Program 11111111111111111111111111111111 invoke [2]
[2025-11-05T06:35:20.016730000Z DEBUG solana_runtime::message_processor::stable_log] Program 11111111111111111111111111111111 success
[2025-11-05T06:35:20.016762000Z DEBUG solana_runtime::message_processor::stable_log] Program TokenzQdBNbLqP5VEhdkAS6EPFLC1PHnBqCXEpPxuEb invoke [2]
[2025-11-05T06:35:20.016794000Z DEBUG solana_runtime::message_processor::stable_log] Program log: MetadataPointerInstruction::Initialize
[2025-11-05T06:35:20.016870000Z DEBUG solana_runtime::message_processor::stable_log] Program TokenzQdBNbLqP5VEhdkAS6EPFLC1PHnBqCXEpPxuEb consumed 2442 of 334963 compute units
[2025-11-05T06:35:20.016884000Z DEBUG solana_runtime::message_processor::stable_log] Program TokenzQdBNbLqP5VEhdkAS6EPFLC1PHnBqCXEpPxuEb success
[2025-11-05T06:35:20.016914000Z DEBUG solana_runtime::message_processor::stable_log] Program TokenzQdBNbLqP5VEhdkAS6EPFLC1PHnBqCXEpPxuEb invoke [2]
[2025-11-05T06:35:20.016934000Z DEBUG solana_runtime::message_processor::stable_log] Program log: Instruction: InitializeMintCloseAuthority
[2025-11-05T06:35:20.016966000Z DEBUG solana_runtime::message_processor::stable_log] Program TokenzQdBNbLqP5VEhdkAS6EPFLC1PHnBqCXEpPxuEb consumed 2570 of 330543 compute units
[2025-11-05T06:35:20.016974000Z DEBUG solana_runtime::message_processor::stable_log] Program TokenzQdBNbLqP5VEhdkAS6EPFLC1PHnBqCXEpPxuEb success
[2025-11-05T06:35:20.017008000Z DEBUG solana_runtime::message_processor::stable_log] Program TokenzQdBNbLqP5VEhdkAS6EPFLC1PHnBqCXEpPxuEb invoke [2]
[2025-11-05T06:35:20.017032000Z DEBUG solana_runtime::message_processor::stable_log] Program log: Instruction: InitializeMint2
[2025-11-05T06:35:20.017087000Z DEBUG solana_runtime::message_processor::stable_log] Program TokenzQdBNbLqP5VEhdkAS6EPFLC1PHnBqCXEpPxuEb consumed 4078 of 326031 compute units
[2025-11-05T06:35:20.017096000Z DEBUG solana_runtime::message_processor::stable_log] Program TokenzQdBNbLqP5VEhdkAS6EPFLC1PHnBqCXEpPxuEb success
[2025-11-05T06:35:20.017212000Z DEBUG solana_runtime::message_processor::stable_log] Program 11111111111111111111111111111111 invoke [2]
[2025-11-05T06:35:20.017216000Z DEBUG solana_runtime::message_processor::stable_log] Program 11111111111111111111111111111111 success
[2025-11-05T06:35:20.017243000Z DEBUG solana_runtime::message_processor::stable_log] Program TokenzQdBNbLqP5VEhdkAS6EPFLC1PHnBqCXEpPxuEb invoke [2]
[2025-11-05T06:35:20.017283000Z DEBUG solana_runtime::message_processor::stable_log] Program log: Instruction: InitializeAccount3
[2025-11-05T06:35:20.017363000Z DEBUG solana_runtime::message_processor::stable_log] Program TokenzQdBNbLqP5VEhdkAS6EPFLC1PHnBqCXEpPxuEb consumed 5137 of 312347 compute units
[2025-11-05T06:35:20.017373000Z DEBUG solana_runtime::message_processor::stable_log] Program TokenzQdBNbLqP5VEhdkAS6EPFLC1PHnBqCXEpPxuEb success
[2025-11-05T06:35:20.017476000Z DEBUG solana_runtime::message_processor::stable_log] Program 11111111111111111111111111111111 invoke [2]
[2025-11-05T06:35:20.017480000Z DEBUG solana_runtime::message_processor::stable_log] Program 11111111111111111111111111111111 success
[2025-11-05T06:35:20.017551000Z DEBUG solana_runtime::message_processor::stable_log] Program 11111111111111111111111111111111 invoke [2]
[2025-11-05T06:35:20.017554000Z DEBUG solana_runtime::message_processor::stable_log] Program 11111111111111111111111111111111 success
[2025-11-05T06:35:20.017619000Z DEBUG solana_runtime::message_processor::stable_log] Program 11111111111111111111111111111111 invoke [2]
[2025-11-05T06:35:20.017623000Z DEBUG solana_runtime::message_processor::stable_log] Program 11111111111111111111111111111111 success
[2025-11-05T06:35:20.017649000Z DEBUG solana_runtime::message_processor::stable_log] Program TokenkegQfeZyiNwAJbNbGKPFXCWuBvf9Ss623VQ5DA invoke [2]
[2025-11-05T06:35:20.017679000Z DEBUG solana_runtime::message_processor::stable_log] Program log: Instruction: InitializeAccount3
[2025-11-05T06:35:20.017735000Z DEBUG solana_runtime::message_processor::stable_log] Program TokenkegQfeZyiNwAJbNbGKPFXCWuBvf9Ss623VQ5DA consumed 4214 of 285744 compute units
[2025-11-05T06:35:20.017743000Z DEBUG solana_runtime::message_processor::stable_log] Program TokenkegQfeZyiNwAJbNbGKPFXCWuBvf9Ss623VQ5DA success
[2025-11-05T06:35:20.017853000Z DEBUG solana_runtime::message_processor::stable_log] Program 11111111111111111111111111111111 invoke [2]
[2025-11-05T06:35:20.017856000Z DEBUG solana_runtime::message_processor::stable_log] Program 11111111111111111111111111111111 success
[2025-11-05T06:35:20.017881000Z DEBUG solana_runtime::message_processor::stable_log] Program TokenkegQfeZyiNwAJbNbGKPFXCWuBvf9Ss623VQ5DA invoke [2]
[2025-11-05T06:35:20.017905000Z DEBUG solana_runtime::message_processor::stable_log] Program log: Instruction: InitializeAccount3
[2025-11-05T06:35:20.017955000Z DEBUG solana_runtime::message_processor::stable_log] Program TokenkegQfeZyiNwAJbNbGKPFXCWuBvf9Ss623VQ5DA consumed 4214 of 268105 compute units
[2025-11-05T06:35:20.017962000Z DEBUG solana_runtime::message_processor::stable_log] Program TokenkegQfeZyiNwAJbNbGKPFXCWuBvf9Ss623VQ5DA success
[2025-11-05T06:35:20.018205000Z DEBUG solana_runtime::message_processor::stable_log] Program TokenzQdBNbLqP5VEhdkAS6EPFLC1PHnBqCXEpPxuEb invoke [2]
[2025-11-05T06:35:20.018258000Z DEBUG solana_runtime::message_processor::stable_log] Program log: TokenMetadataInstruction: Initialize
[2025-11-05T06:35:20.018378000Z DEBUG solana_runtime::message_processor::stable_log] Program TokenzQdBNbLqP5VEhdkAS6EPFLC1PHnBqCXEpPxuEb consumed 9900 of 251603 compute units
[2025-11-05T06:35:20.018387000Z DEBUG solana_runtime::message_processor::stable_log] Program TokenzQdBNbLqP5VEhdkAS6EPFLC1PHnBqCXEpPxuEb success
[2025-11-05T06:35:20.018426000Z DEBUG solana_runtime::message_processor::stable_log] Program 11111111111111111111111111111111 invoke [2]
[2025-11-05T06:35:20.018429000Z DEBUG solana_runtime::message_processor::stable_log] Program 11111111111111111111111111111111 success
[2025-11-05T06:35:20.018468000Z DEBUG solana_runtime::message_processor::stable_log] Program TokenzQdBNbLqP5VEhdkAS6EPFLC1PHnBqCXEpPxuEb invoke [2]
[2025-11-05T06:35:20.018495000Z DEBUG solana_runtime::message_processor::stable_log] Program log: Instruction: MintTo
[2025-11-05T06:35:20.018590000Z DEBUG solana_runtime::message_processor::stable_log] Program TokenzQdBNbLqP5VEhdkAS6EPFLC1PHnBqCXEpPxuEb consumed 5540 of 236641 compute units
[2025-11-05T06:35:20.018601000Z DEBUG solana_runtime::message_processor::stable_log] Program TokenzQdBNbLqP5VEhdkAS6EPFLC1PHnBqCXEpPxuEb success
[2025-11-05T06:35:20.018649000Z DEBUG solana_runtime::message_processor::stable_log] Program ASmKWt93JEMHxbdE6j7znD9y2FcdPboCzC3xtSTJvN7S invoke [2]
[2025-11-05T06:35:20.018681000Z DEBUG solana_runtime::message_processor::stable_log] Program ASmKWt93JEMHxbdE6j7znD9y2FcdPboCzC3xtSTJvN7S consumed 2069 of 228036 compute units
[2025-11-05T06:35:20.018688000Z DEBUG solana_runtime::message_processor::stable_log] Program ASmKWt93JEMHxbdE6j7znD9y2FcdPboCzC3xtSTJvN7S success
[2025-11-05T06:35:20.018733000Z DEBUG solana_runtime::message_processor::stable_log] Program TokenkegQfeZyiNwAJbNbGKPFXCWuBvf9Ss623VQ5DA invoke [2]
[2025-11-05T06:35:20.018765000Z DEBUG solana_runtime::message_processor::stable_log] Program log: Instruction: TransferChecked
[2025-11-05T06:35:20.018837000Z DEBUG solana_runtime::message_processor::stable_log] Program TokenkegQfeZyiNwAJbNbGKPFXCWuBvf9Ss623VQ5DA consumed 6174 of 223423 compute units
[2025-11-05T06:35:20.018845000Z DEBUG solana_runtime::message_processor::stable_log] Program TokenkegQfeZyiNwAJbNbGKPFXCWuBvf9Ss623VQ5DA success
[2025-11-05T06:35:20.018883000Z DEBUG solana_runtime::message_processor::stable_log] Program TokenkegQfeZyiNwAJbNbGKPFXCWuBvf9Ss623VQ5DA invoke [2]
[2025-11-05T06:35:20.018912000Z DEBUG solana_runtime::message_processor::stable_log] Program log: Instruction: TransferChecked
[2025-11-05T06:35:20.018978000Z DEBUG solana_runtime::message_processor::stable_log] Program TokenkegQfeZyiNwAJbNbGKPFXCWuBvf9Ss623VQ5DA consumed 6174 of 214839 compute units
[2025-11-05T06:35:20.018986000Z DEBUG solana_runtime::message_processor::stable_log] Program TokenkegQfeZyiNwAJbNbGKPFXCWuBvf9Ss623VQ5DA success
[2025-11-05T06:35:20.019059000Z DEBUG solana_runtime::message_processor::stable_log] Program ASmKWt93JEMHxbdE6j7znD9y2FcdPboCzC3xtSTJvN7S invoke [2]
[2025-11-05T06:35:20.019092000Z DEBUG solana_runtime::message_processor::stable_log] Program ASmKWt93JEMHxbdE6j7znD9y2FcdPboCzC3xtSTJvN7S consumed 2069 of 203584 compute units
[2025-11-05T06:35:20.019101000Z DEBUG solana_runtime::message_processor::stable_log] Program ASmKWt93JEMHxbdE6j7znD9y2FcdPboCzC3xtSTJvN7S success
[2025-11-05T06:35:20.019126000Z DEBUG solana_runtime::message_processor::stable_log] Program ASmKWt93JEMHxbdE6j7znD9y2FcdPboCzC3xtSTJvN7S consumed 149279 of 350000 compute units
[2025-11-05T06:35:20.019135000Z DEBUG solana_runtime::message_processor::stable_log] Program ASmKWt93JEMHxbdE6j7znD9y2FcdPboCzC3xtSTJvN7S success
[2025-11-05T06:35:20.019144000Z DEBUG solana_runtime::message_processor::stable_log] Program ComputeBudget111111111111111111111111111111 invoke [1]
[2025-11-05T06:35:20.019151000Z DEBUG solana_runtime::message_processor::stable_log] Program ComputeBudget111111111111111111111111111111 success
[2025-11-05T06:35:20.039458000Z DEBUG solana_runtime::message_processor::stable_log] Program 5B57SJ3g2YoNXUpsZqqjEQkRSxyKtVTQRXdgAirz6bio invoke [1]
[2025-11-05T06:35:20.039612000Z DEBUG solana_runtime::message_processor::stable_log] Program log: Instruction: InitializeHonoraryPosition
[2025-11-05T06:35:20.039794000Z DEBUG solana_runtime::message_processor::stable_log] Program 11111111111111111111111111111111 invoke [2]
[2025-11-05T06:35:20.039803000Z DEBUG solana_runtime::message_processor::stable_log] Program 11111111111111111111111111111111 success
[2025-11-05T06:35:20.039883000Z DEBUG solana_runtime::message_processor::stable_log] Program 11111111111111111111111111111111 invoke [2]
[2025-11-05T06:35:20.039887000Z DEBUG solana_runtime::message_processor::stable_log] Program 11111111111111111111111111111111 success
[2025-11-05T06:35:20.039915000Z DEBUG solana_runtime::message_processor::stable_log] Program TokenkegQfeZyiNwAJbNbGKPFXCWuBvf9Ss623VQ5DA invoke [2]
[2025-11-05T06:35:20.039949000Z DEBUG solana_runtime::message_processor::stable_log] Program log: Instruction: InitializeAccount3
[2025-11-05T06:35:20.040008000Z DEBUG solana_runtime::message_processor::stable_log] Program TokenkegQfeZyiNwAJbNbGKPFXCWuBvf9Ss623VQ5DA consumed 4214 of 172612 compute units
[2025-11-05T06:35:20.040017000Z DEBUG solana_runtime::message_processor::stable_log] Program TokenkegQfeZyiNwAJbNbGKPFXCWuBvf9Ss623VQ5DA success
[2025-11-05T06:35:20.040110000Z DEBUG solana_runtime::message_processor::stable_log] Program 11111111111111111111111111111111 invoke [2]
[2025-11-05T06:35:20.040113000Z DEBUG solana_runtime::message_processor::stable_log] Program 11111111111111111111111111111111 success
[2025-11-05T06:35:20.040140000Z DEBUG solana_runtime::message_processor::stable_log] Program TokenkegQfeZyiNwAJbNbGKPFXCWuBvf9Ss623VQ5DA invoke [2]
[2025-11-05T06:35:20.040164000Z DEBUG solana_runtime::message_processor::stable_log] Program log: Instruction: InitializeAccount3
[2025-11-05T06:35:20.040214000Z DEBUG solana_runtime::message_processor::stable_log] Program TokenkegQfeZyiNwAJbNbGKPFXCWuBvf9Ss623VQ5DA consumed 4214 of 159476 compute units
[2025-11-05T06:35:20.040221000Z DEBUG solana_runtime::message_processor::stable_log] Program TokenkegQfeZyiNwAJbNbGKPFXCWuBvf9Ss623VQ5DA success
[2025-11-05T06:35:20.040274000Z DEBUG solana_runtime::message_processor::stable_log] Program log: Creating honorary position through CP-AMM CPI
[2025-11-05T06:35:20.040347000Z DEBUG solana_runtime::message_processor::stable_log] Program ASmKWt93JEMHxbdE6j7znD9y2FcdPboCzC3xtSTJvN7S invoke [2]
[2025-11-05T06:35:20.040414000Z DEBUG solana_runtime::message_processor::stable_log] Program log: Instruction: CreatePosition
[2025-11-05T06:35:20.040482000Z DEBUG solana_runtime::message_processor::stable_log] Program 11111111111111111111111111111111 invoke [3]
[2025-11-05T06:35:20.040489000Z DEBUG solana_runtime::message_processor::stable_log] Program 11111111111111111111111111111111 success
[2025-11-05T06:35:20.040518000Z DEBUG solana_runtime::message_processor::stable_log] Program TokenzQdBNbLqP5VEhdkAS6EPFLC1PHnBqCXEpPxuEb invoke [3]
[2025-11-05T06:35:20.040547000Z DEBUG solana_runtime::message_processor::stable_log] Program log: MetadataPointerInstruction::Initialize
[2025-11-05T06:35:20.040581000Z DEBUG solana_runtime::message_processor::stable_log] Program TokenzQdBNbLqP5VEhdkAS6EPFLC1PHnBqCXEpPxuEb consumed 2442 of 134170 compute units
[2025-11-05T06:35:20.040588000Z DEBUG solana_runtime::message_processor::stable_log] Program TokenzQdBNbLqP5VEhdkAS6EPFLC1PHnBqCXEpPxuEb success
[2025-11-05T06:35:20.040616000Z DEBUG solana_runtime::message_processor::stable_log] Program TokenzQdBNbLqP5VEhdkAS6EPFLC1PHnBqCXEpPxuEb invoke [3]
[2025-11-05T06:35:20.040636000Z DEBUG solana_runtime::message_processor::stable_log] Program log: Instruction: InitializeMintCloseAuthority
[2025-11-05T06:35:20.040668000Z DEBUG solana_runtime::message_processor::stable_log] Program TokenzQdBNbLqP5VEhdkAS6EPFLC1PHnBqCXEpPxuEb consumed 2570 of 129750 compute units
[2025-11-05T06:35:20.040675000Z DEBUG solana_runtime::message_processor::stable_log] Program TokenzQdBNbLqP5VEhdkAS6EPFLC1PHnBqCXEpPxuEb success
[2025-11-05T06:35:20.040703000Z DEBUG solana_runtime::message_processor::stable_log] Program TokenzQdBNbLqP5VEhdkAS6EPFLC1PHnBqCXEpPxuEb invoke [3]
[2025-11-05T06:35:20.040725000Z DEBUG solana_runtime::message_processor::stable_log] Program log: Instruction: InitializeMint2
[2025-11-05T06:35:20.040851000Z DEBUG solana_runtime::message_processor::stable_log] Program TokenzQdBNbLqP5VEhdkAS6EPFLC1PHnBqCXEpPxuEb consumed 4078 of 125237 compute units
[2025-11-05T06:35:20.040862000Z DEBUG solana_runtime::message_processor::stable_log] Program TokenzQdBNbLqP5VEhdkAS6EPFLC1PHnBqCXEpPxuEb success
[2025-11-05T06:35:20.040985000Z DEBUG solana_runtime::message_processor::stable_log] Program 11111111111111111111111111111111 invoke [3]
[2025-11-05T06:35:20.040990000Z DEBUG solana_runtime::message_processor::stable_log] Program 11111111111111111111111111111111 success
[2025-11-05T06:35:20.041016000Z DEBUG solana_runtime::message_processor::stable_log] Program TokenzQdBNbLqP5VEhdkAS6EPFLC1PHnBqCXEpPxuEb invoke [3]
[2025-11-05T06:35:20.041040000Z DEBUG solana_runtime::message_processor::stable_log] Program log: Instruction: InitializeAccount3
[2025-11-05T06:35:20.041113000Z DEBUG solana_runtime::message_processor::stable_log] Program TokenzQdBNbLqP5VEhdkAS6EPFLC1PHnBqCXEpPxuEb consumed 5137 of 110053 compute units
[2025-11-05T06:35:20.041120000Z DEBUG solana_runtime::message_processor::stable_log] Program TokenzQdBNbLqP5VEhdkAS6EPFLC1PHnBqCXEpPxuEb success
[2025-11-05T06:35:20.041216000Z DEBUG solana_runtime::message_processor::stable_log] Program 11111111111111111111111111111111 invoke [3]
[2025-11-05T06:35:20.041219000Z DEBUG solana_runtime::message_processor::stable_log] Program 11111111111111111111111111111111 success
[2025-11-05T06:35:20.041314000Z DEBUG solana_runtime::message_processor::stable_log] Program TokenzQdBNbLqP5VEhdkAS6EPFLC1PHnBqCXEpPxuEb invoke [3]
[2025-11-05T06:35:20.041361000Z DEBUG solana_runtime::message_processor::stable_log] Program log: TokenMetadataInstruction: Initialize
[2025-11-05T06:35:20.041483000Z DEBUG solana_runtime::message_processor::stable_log] Program TokenzQdBNbLqP5VEhdkAS6EPFLC1PHnBqCXEpPxuEb consumed 9900 of 90323 compute units
[2025-11-05T06:35:20.041491000Z DEBUG solana_runtime::message_processor::stable_log] Program TokenzQdBNbLqP5VEhdkAS6EPFLC1PHnBqCXEpPxuEb success
[2025-11-05T06:35:20.041530000Z DEBUG solana_runtime::message_processor::stable_log] Program 11111111111111111111111111111111 invoke [3]
[2025-11-05T06:35:20.041533000Z DEBUG solana_runtime::message_processor::stable_log] Program 11111111111111111111111111111111 success
[2025-11-05T06:35:20.041570000Z DEBUG solana_runtime::message_processor::stable_log] Program TokenzQdBNbLqP5VEhdkAS6EPFLC1PHnBqCXEpPxuEb invoke [3]
[2025-11-05T06:35:20.041597000Z DEBUG solana_runtime::message_processor::stable_log] Program log: Instruction: MintTo
[2025-11-05T06:35:20.041671000Z DEBUG solana_runtime::message_processor::stable_log] Program TokenzQdBNbLqP5VEhdkAS6EPFLC1PHnBqCXEpPxuEb consumed 5540 of 75361 compute units
[2025-11-05T06:35:20.041679000Z DEBUG solana_runtime::message_processor::stable_log] Program TokenzQdBNbLqP5VEhdkAS6EPFLC1PHnBqCXEpPxuEb success
[2025-11-05T06:35:20.041727000Z DEBUG solana_runtime::message_processor::stable_log] Program ASmKWt93JEMHxbdE6j7znD9y2FcdPboCzC3xtSTJvN7S invoke [3]
[2025-11-05T06:35:20.041761000Z DEBUG solana_runtime::message_processor::stable_log] Program ASmKWt93JEMHxbdE6j7znD9y2FcdPboCzC3xtSTJvN7S consumed 2069 of 66755 compute units
[2025-11-05T06:35:20.041768000Z DEBUG solana_runtime::message_processor::stable_log] Program ASmKWt93JEMHxbdE6j7znD9y2FcdPboCzC3xtSTJvN7S success
[2025-11-05T06:35:20.041788000Z DEBUG solana_runtime::message_processor::stable_log] Program ASmKWt93JEMHxbdE6j7znD9y2FcdPboCzC3xtSTJvN7S consumed 79100 of 143214 compute units
[2025-11-05T06:35:20.041798000Z DEBUG solana_runtime::message_processor::stable_log] Program ASmKWt93JEMHxbdE6j7znD9y2FcdPboCzC3xtSTJvN7S success
[2025-11-05T06:35:20.041821000Z DEBUG solana_runtime::message_processor::stable_log] Program data: B9TwvmYpSykLTPEzDyI0Vdg3MMTaqpvsBXbgemThppRPIe01qzPgN2UT8PRUUYjirGfmZEvFB/QyaUlQEG0LX4al8grskVV1OkEUgbzdfhg0vAjLg79u2BazI+AR++Y3c9FqeoJ1PKer1mpQ+PEPTCP09U3J50ce2YBdnFO3nJEYAWGIyrAZdeUq8EYR99Grlaf8kIWyVWC+vri0DnFDDBUP/qkl46vxJ/AKaQAAAAA=
[2025-11-05T06:35:20.041839000Z DEBUG solana_runtime::message_processor::stable_log] Program 5B57SJ3g2YoNXUpsZqqjEQkRSxyKtVTQRXdgAirz6bio consumed 137980 of 200000 compute units
[2025-11-05T06:35:20.041855000Z DEBUG solana_runtime::message_processor::stable_log] Program 5B57SJ3g2YoNXUpsZqqjEQkRSxyKtVTQRXdgAirz6bio success
[2025-11-05T06:35:20.048324000Z DEBUG solana_runtime::message_processor::stable_log] Program 5B57SJ3g2YoNXUpsZqqjEQkRSxyKtVTQRXdgAirz6bio invoke [1]
[2025-11-05T06:35:20.048399000Z DEBUG solana_runtime::message_processor::stable_log] Program log: Instruction: SetupPolicy
[2025-11-05T06:35:20.048525000Z DEBUG solana_runtime::message_processor::stable_log] Program 11111111111111111111111111111111 invoke [2]
[2025-11-05T06:35:20.048532000Z DEBUG solana_runtime::message_processor::stable_log] Program 11111111111111111111111111111111 success
[2025-11-05T06:35:20.048610000Z DEBUG solana_runtime::message_processor::stable_log] Program 11111111111111111111111111111111 invoke [2]
[2025-11-05T06:35:20.048617000Z DEBUG solana_runtime::message_processor::stable_log] Program 11111111111111111111111111111111 success
[2025-11-05T06:35:20.048654000Z DEBUG solana_runtime::message_processor::stable_log] Program data: HFXHbHKxoyYLTPEzDyI0Vdg3MMTaqpvsBXbgemThppRPIe01qzPgN/b+L0MDPfKBrBcwyp25AO5vtGB47L9Gj5Oi4aGWjLSkECdAS0wAAAAAACfwCmkAAAAA
[2025-11-05T06:35:20.048682000Z DEBUG solana_runtime::message_processor::stable_log] Program 5B57SJ3g2YoNXUpsZqqjEQkRSxyKtVTQRXdgAirz6bio consumed 16526 of 200000 compute units
[2025-11-05T06:35:20.048692000Z DEBUG solana_runtime::message_processor::stable_log] Program 5B57SJ3g2YoNXUpsZqqjEQkRSxyKtVTQRXdgAirz6bio success
[2025-11-05T06:35:20.067408000Z DEBUG solana_runtime::message_processor::stable_log] Program 5B57SJ3g2YoNXUpsZqqjEQkRSxyKtVTQRXdgAirz6bio invoke [1]
[2025-11-05T06:35:20.067529000Z DEBUG solana_runtime::message_processor::stable_log] Program log: Instruction: AddHonoraryLiquidity
[2025-11-05T06:35:20.067801000Z DEBUG solana_runtime::message_processor::stable_log] Program log: Adding liquidity to honorary position
[2025-11-05T06:35:20.067845000Z DEBUG solana_runtime::message_processor::stable_log] Program TokenkegQfeZyiNwAJbNbGKPFXCWuBvf9Ss623VQ5DA invoke [2]
[2025-11-05T06:35:20.067889000Z DEBUG solana_runtime::message_processor::stable_log] Program log: Instruction: TransferChecked
[2025-11-05T06:35:20.067966000Z DEBUG solana_runtime::message_processor::stable_log] Program TokenkegQfeZyiNwAJbNbGKPFXCWuBvf9Ss623VQ5DA consumed 6174 of 172743 compute units
[2025-11-05T06:35:20.067976000Z DEBUG solana_runtime::message_processor::stable_log] Program TokenkegQfeZyiNwAJbNbGKPFXCWuBvf9Ss623VQ5DA success
[2025-11-05T06:35:20.068027000Z DEBUG solana_runtime::message_processor::stable_log] Program TokenkegQfeZyiNwAJbNbGKPFXCWuBvf9Ss623VQ5DA invoke [2]
[2025-11-05T06:35:20.068059000Z DEBUG solana_runtime::message_processor::stable_log] Program log: Instruction: TransferChecked
[2025-11-05T06:35:20.068130000Z DEBUG solana_runtime::message_processor::stable_log] Program TokenkegQfeZyiNwAJbNbGKPFXCWuBvf9Ss623VQ5DA consumed 6174 of 163836 compute units
[2025-11-05T06:35:20.068137000Z DEBUG solana_runtime::message_processor::stable_log] Program TokenkegQfeZyiNwAJbNbGKPFXCWuBvf9Ss623VQ5DA success
[2025-11-05T06:35:20.068238000Z DEBUG solana_runtime::message_processor::stable_log] Program ASmKWt93JEMHxbdE6j7znD9y2FcdPboCzC3xtSTJvN7S invoke [2]
[2025-11-05T06:35:20.068323000Z DEBUG solana_runtime::message_processor::stable_log] Program log: Instruction: AddLiquidity
[2025-11-05T06:35:20.068686000Z DEBUG solana_runtime::message_processor::stable_log] Program TokenkegQfeZyiNwAJbNbGKPFXCWuBvf9Ss623VQ5DA invoke [3]
[2025-11-05T06:35:20.068728000Z DEBUG solana_runtime::message_processor::stable_log] Program log: Instruction: TransferChecked
[2025-11-05T06:35:20.068808000Z DEBUG solana_runtime::message_processor::stable_log] Program TokenkegQfeZyiNwAJbNbGKPFXCWuBvf9Ss623VQ5DA consumed 6174 of 125256 compute units
[2025-11-05T06:35:20.068822000Z DEBUG solana_runtime::message_processor::stable_log] Program TokenkegQfeZyiNwAJbNbGKPFXCWuBvf9Ss623VQ5DA success
[2025-11-05T06:35:20.068866000Z DEBUG solana_runtime::message_processor::stable_log] Program TokenkegQfeZyiNwAJbNbGKPFXCWuBvf9Ss623VQ5DA invoke [3]
[2025-11-05T06:35:20.068898000Z DEBUG solana_runtime::message_processor::stable_log] Program log: Instruction: TransferChecked
[2025-11-05T06:35:20.068971000Z DEBUG solana_runtime::message_processor::stable_log] Program TokenkegQfeZyiNwAJbNbGKPFXCWuBvf9Ss623VQ5DA consumed 6174 of 116672 compute units
[2025-11-05T06:35:20.068983000Z DEBUG solana_runtime::message_processor::stable_log] Program TokenkegQfeZyiNwAJbNbGKPFXCWuBvf9Ss623VQ5DA success
[2025-11-05T06:35:20.069038000Z DEBUG solana_runtime::message_processor::stable_log] Program ASmKWt93JEMHxbdE6j7znD9y2FcdPboCzC3xtSTJvN7S invoke [3]
[2025-11-05T06:35:20.069072000Z DEBUG solana_runtime::message_processor::stable_log] Program ASmKWt93JEMHxbdE6j7znD9y2FcdPboCzC3xtSTJvN7S consumed 2069 of 107244 compute units
[2025-11-05T06:35:20.069080000Z DEBUG solana_runtime::message_processor::stable_log] Program ASmKWt93JEMHxbdE6j7znD9y2FcdPboCzC3xtSTJvN7S success
[2025-11-05T06:35:20.069182000Z DEBUG solana_runtime::message_processor::stable_log] Program ASmKWt93JEMHxbdE6j7znD9y2FcdPboCzC3xtSTJvN7S invoke [3]
[2025-11-05T06:35:20.069211000Z DEBUG solana_runtime::message_processor::stable_log] Program ASmKWt93JEMHxbdE6j7znD9y2FcdPboCzC3xtSTJvN7S consumed 2069 of 98741 compute units
[2025-11-05T06:35:20.069218000Z DEBUG solana_runtime::message_processor::stable_log] Program ASmKWt93JEMHxbdE6j7znD9y2FcdPboCzC3xtSTJvN7S success
[2025-11-05T06:35:20.069238000Z DEBUG solana_runtime::message_processor::stable_log] Program ASmKWt93JEMHxbdE6j7znD9y2FcdPboCzC3xtSTJvN7S consumed 50736 of 146767 compute units
[2025-11-05T06:35:20.069248000Z DEBUG solana_runtime::message_processor::stable_log] Program ASmKWt93JEMHxbdE6j7znD9y2FcdPboCzC3xtSTJvN7S success
[2025-11-05T06:35:20.069278000Z DEBUG solana_runtime::message_processor::stable_log] Program log: Successfully added 1844674407370955161600 liquidity to honorary position
[2025-11-05T06:35:20.069298000Z DEBUG solana_runtime::message_processor::stable_log] Program 5B57SJ3g2YoNXUpsZqqjEQkRSxyKtVTQRXdgAirz6bio consumed 105647 of 200000 compute units
[2025-11-05T06:35:20.069307000Z DEBUG solana_runtime::message_processor::stable_log] Program 5B57SJ3g2YoNXUpsZqqjEQkRSxyKtVTQRXdgAirz6bio success

  Setting up MIXED_LOCKS scenario with [100, 75, 50, 25, 0]% locked...
[2025-11-05T06:35:20.078141000Z DEBUG solana_runtime::message_processor::stable_log] Program 11111111111111111111111111111111 invoke [1]
[2025-11-05T06:35:20.078157000Z DEBUG solana_runtime::message_processor::stable_log] Program 11111111111111111111111111111111 success
  Stream 0: 100% locked, expected locked amount: 1000000, amount_per_period: 2777
[2025-11-05T06:35:20.082828000Z DEBUG solana_runtime::message_processor::stable_log] Program ATokenGPvbdGVxr1b2hvZbsiqW5xWH25efTNsLJA8knL invoke [1]
[2025-11-05T06:35:20.082925000Z DEBUG solana_runtime::message_processor::stable_log] Program log: Create
[2025-11-05T06:35:20.082986000Z DEBUG solana_runtime::message_processor::stable_log] Program TokenkegQfeZyiNwAJbNbGKPFXCWuBvf9Ss623VQ5DA invoke [2]
[2025-11-05T06:35:20.083022000Z DEBUG solana_runtime::message_processor::stable_log] Program log: Instruction: GetAccountDataSize
[2025-11-05T06:35:20.083040000Z DEBUG solana_runtime::message_processor::stable_log] Program TokenkegQfeZyiNwAJbNbGKPFXCWuBvf9Ss623VQ5DA consumed 1595 of 193055 compute units
[2025-11-05T06:35:20.083048000Z DEBUG solana_runtime::message_processor::stable_log] Program return: TokenkegQfeZyiNwAJbNbGKPFXCWuBvf9Ss623VQ5DA pQAAAAAAAAA=
[2025-11-05T06:35:20.083057000Z DEBUG solana_runtime::message_processor::stable_log] Program TokenkegQfeZyiNwAJbNbGKPFXCWuBvf9Ss623VQ5DA success
[2025-11-05T06:35:20.083112000Z DEBUG solana_runtime::message_processor::stable_log] Program 11111111111111111111111111111111 invoke [2]
[2025-11-05T06:35:20.083119000Z DEBUG solana_runtime::message_processor::stable_log] Program 11111111111111111111111111111111 success
[2025-11-05T06:35:20.083124000Z DEBUG solana_runtime::message_processor::stable_log] Program log: Initialize the associated token account
[2025-11-05T06:35:20.083142000Z DEBUG solana_runtime::message_processor::stable_log] Program TokenkegQfeZyiNwAJbNbGKPFXCWuBvf9Ss623VQ5DA invoke [2]
[2025-11-05T06:35:20.083163000Z DEBUG solana_runtime::message_processor::stable_log] Program log: Instruction: InitializeImmutableOwner
[2025-11-05T06:35:20.083173000Z DEBUG solana_runtime::message_processor::stable_log] Program log: Please upgrade to SPL Token 2022 for immutable owner support
[2025-11-05T06:35:20.083177000Z DEBUG solana_runtime::message_processor::stable_log] Program TokenkegQfeZyiNwAJbNbGKPFXCWuBvf9Ss623VQ5DA consumed 1405 of 186442 compute units
[2025-11-05T06:35:20.083185000Z DEBUG solana_runtime::message_processor::stable_log] Program TokenkegQfeZyiNwAJbNbGKPFXCWuBvf9Ss623VQ5DA success
[2025-11-05T06:35:20.083224000Z DEBUG solana_runtime::message_processor::stable_log] Program TokenkegQfeZyiNwAJbNbGKPFXCWuBvf9Ss623VQ5DA invoke [2]
[2025-11-05T06:35:20.083250000Z DEBUG solana_runtime::message_processor::stable_log] Program log: Instruction: InitializeAccount3
[2025-11-05T06:35:20.083307000Z DEBUG solana_runtime::message_processor::stable_log] Program TokenkegQfeZyiNwAJbNbGKPFXCWuBvf9Ss623VQ5DA consumed 4214 of 182558 compute units
[2025-11-05T06:35:20.083315000Z DEBUG solana_runtime::message_processor::stable_log] Program TokenkegQfeZyiNwAJbNbGKPFXCWuBvf9Ss623VQ5DA success
[2025-11-05T06:35:20.083328000Z DEBUG solana_runtime::message_processor::stable_log] Program ATokenGPvbdGVxr1b2hvZbsiqW5xWH25efTNsLJA8knL consumed 21960 of 200000 compute units
[2025-11-05T06:35:20.083341000Z DEBUG solana_runtime::message_processor::stable_log] Program ATokenGPvbdGVxr1b2hvZbsiqW5xWH25efTNsLJA8knL success
[2025-11-05T06:35:20.091329000Z DEBUG solana_runtime::message_processor::stable_log] Program 11111111111111111111111111111111 invoke [1]
[2025-11-05T06:35:20.091346000Z DEBUG solana_runtime::message_processor::stable_log] Program 11111111111111111111111111111111 success
  Stream 1: 75% locked, expected locked amount: 750000, amount_per_period: 2777
[2025-11-05T06:35:20.095355000Z DEBUG solana_runtime::message_processor::stable_log] Program ATokenGPvbdGVxr1b2hvZbsiqW5xWH25efTNsLJA8knL invoke [1]
[2025-11-05T06:35:20.095433000Z DEBUG solana_runtime::message_processor::stable_log] Program log: Create
[2025-11-05T06:35:20.095481000Z DEBUG solana_runtime::message_processor::stable_log] Program TokenkegQfeZyiNwAJbNbGKPFXCWuBvf9Ss623VQ5DA invoke [2]
[2025-11-05T06:35:20.095516000Z DEBUG solana_runtime::message_processor::stable_log] Program log: Instruction: GetAccountDataSize
[2025-11-05T06:35:20.095533000Z DEBUG solana_runtime::message_processor::stable_log] Program TokenkegQfeZyiNwAJbNbGKPFXCWuBvf9Ss623VQ5DA consumed 1595 of 194555 compute units
[2025-11-05T06:35:20.095540000Z DEBUG solana_runtime::message_processor::stable_log] Program return: TokenkegQfeZyiNwAJbNbGKPFXCWuBvf9Ss623VQ5DA pQAAAAAAAAA=
[2025-11-05T06:35:20.095549000Z DEBUG solana_runtime::message_processor::stable_log] Program TokenkegQfeZyiNwAJbNbGKPFXCWuBvf9Ss623VQ5DA success
[2025-11-05T06:35:20.095602000Z DEBUG solana_runtime::message_processor::stable_log] Program 11111111111111111111111111111111 invoke [2]
[2025-11-05T06:35:20.095609000Z DEBUG solana_runtime::message_processor::stable_log] Program 11111111111111111111111111111111 success
[2025-11-05T06:35:20.095615000Z DEBUG solana_runtime::message_processor::stable_log] Program log: Initialize the associated token account
[2025-11-05T06:35:20.095632000Z DEBUG solana_runtime::message_processor::stable_log] Program TokenkegQfeZyiNwAJbNbGKPFXCWuBvf9Ss623VQ5DA invoke [2]
[2025-11-05T06:35:20.095653000Z DEBUG solana_runtime::message_processor::stable_log] Program log: Instruction: InitializeImmutableOwner
[2025-11-05T06:35:20.095663000Z DEBUG solana_runtime::message_processor::stable_log] Program log: Please upgrade to SPL Token 2022 for immutable owner support
[2025-11-05T06:35:20.095667000Z DEBUG solana_runtime::message_processor::stable_log] Program TokenkegQfeZyiNwAJbNbGKPFXCWuBvf9Ss623VQ5DA consumed 1405 of 187942 compute units
[2025-11-05T06:35:20.095674000Z DEBUG solana_runtime::message_processor::stable_log] Program TokenkegQfeZyiNwAJbNbGKPFXCWuBvf9Ss623VQ5DA success
[2025-11-05T06:35:20.095707000Z DEBUG solana_runtime::message_processor::stable_log] Program TokenkegQfeZyiNwAJbNbGKPFXCWuBvf9Ss623VQ5DA invoke [2]
[2025-11-05T06:35:20.095734000Z DEBUG solana_runtime::message_processor::stable_log] Program log: Instruction: InitializeAccount3
[2025-11-05T06:35:20.095787000Z DEBUG solana_runtime::message_processor::stable_log] Program TokenkegQfeZyiNwAJbNbGKPFXCWuBvf9Ss623VQ5DA consumed 4214 of 184058 compute units
[2025-11-05T06:35:20.095795000Z DEBUG solana_runtime::message_processor::stable_log] Program TokenkegQfeZyiNwAJbNbGKPFXCWuBvf9Ss623VQ5DA success
[2025-11-05T06:35:20.095807000Z DEBUG solana_runtime::message_processor::stable_log] Program ATokenGPvbdGVxr1b2hvZbsiqW5xWH25efTNsLJA8knL consumed 20460 of 200000 compute units
[2025-11-05T06:35:20.095817000Z DEBUG solana_runtime::message_processor::stable_log] Program ATokenGPvbdGVxr1b2hvZbsiqW5xWH25efTNsLJA8knL success
[2025-11-05T06:35:20.103601000Z DEBUG solana_runtime::message_processor::stable_log] Program 11111111111111111111111111111111 invoke [1]
[2025-11-05T06:35:20.103620000Z DEBUG solana_runtime::message_processor::stable_log] Program 11111111111111111111111111111111 success
  Stream 2: 50% locked, expected locked amount: 500000, amount_per_period: 2777
[2025-11-05T06:35:20.108099000Z DEBUG solana_runtime::message_processor::stable_log] Program ATokenGPvbdGVxr1b2hvZbsiqW5xWH25efTNsLJA8knL invoke [1]
[2025-11-05T06:35:20.108175000Z DEBUG solana_runtime::message_processor::stable_log] Program log: Create
[2025-11-05T06:35:20.108224000Z DEBUG solana_runtime::message_processor::stable_log] Program TokenkegQfeZyiNwAJbNbGKPFXCWuBvf9Ss623VQ5DA invoke [2]
[2025-11-05T06:35:20.108252000Z DEBUG solana_runtime::message_processor::stable_log] Program log: Instruction: GetAccountDataSize
[2025-11-05T06:35:20.108270000Z DEBUG solana_runtime::message_processor::stable_log] Program TokenkegQfeZyiNwAJbNbGKPFXCWuBvf9Ss623VQ5DA consumed 1595 of 194555 compute units
[2025-11-05T06:35:20.108297000Z DEBUG solana_runtime::message_processor::stable_log] Program return: TokenkegQfeZyiNwAJbNbGKPFXCWuBvf9Ss623VQ5DA pQAAAAAAAAA=
[2025-11-05T06:35:20.108306000Z DEBUG solana_runtime::message_processor::stable_log] Program TokenkegQfeZyiNwAJbNbGKPFXCWuBvf9Ss623VQ5DA success
[2025-11-05T06:35:20.108360000Z DEBUG solana_runtime::message_processor::stable_log] Program 11111111111111111111111111111111 invoke [2]
[2025-11-05T06:35:20.108369000Z DEBUG solana_runtime::message_processor::stable_log] Program 11111111111111111111111111111111 success
[2025-11-05T06:35:20.108374000Z DEBUG solana_runtime::message_processor::stable_log] Program log: Initialize the associated token account
[2025-11-05T06:35:20.108392000Z DEBUG solana_runtime::message_processor::stable_log] Program TokenkegQfeZyiNwAJbNbGKPFXCWuBvf9Ss623VQ5DA invoke [2]
[2025-11-05T06:35:20.108413000Z DEBUG solana_runtime::message_processor::stable_log] Program log: Instruction: InitializeImmutableOwner
[2025-11-05T06:35:20.108425000Z DEBUG solana_runtime::message_processor::stable_log] Program log: Please upgrade to SPL Token 2022 for immutable owner support
[2025-11-05T06:35:20.108428000Z DEBUG solana_runtime::message_processor::stable_log] Program TokenkegQfeZyiNwAJbNbGKPFXCWuBvf9Ss623VQ5DA consumed 1405 of 187942 compute units
[2025-11-05T06:35:20.108435000Z DEBUG solana_runtime::message_processor::stable_log] Program TokenkegQfeZyiNwAJbNbGKPFXCWuBvf9Ss623VQ5DA success
[2025-11-05T06:35:20.108468000Z DEBUG solana_runtime::message_processor::stable_log] Program TokenkegQfeZyiNwAJbNbGKPFXCWuBvf9Ss623VQ5DA invoke [2]
[2025-11-05T06:35:20.108493000Z DEBUG solana_runtime::message_processor::stable_log] Program log: Instruction: InitializeAccount3
[2025-11-05T06:35:20.108547000Z DEBUG solana_runtime::message_processor::stable_log] Program TokenkegQfeZyiNwAJbNbGKPFXCWuBvf9Ss623VQ5DA consumed 4214 of 184058 compute units
[2025-11-05T06:35:20.108554000Z DEBUG solana_runtime::message_processor::stable_log] Program TokenkegQfeZyiNwAJbNbGKPFXCWuBvf9Ss623VQ5DA success
[2025-11-05T06:35:20.108567000Z DEBUG solana_runtime::message_processor::stable_log] Program ATokenGPvbdGVxr1b2hvZbsiqW5xWH25efTNsLJA8knL consumed 20460 of 200000 compute units
[2025-11-05T06:35:20.108575000Z DEBUG solana_runtime::message_processor::stable_log] Program ATokenGPvbdGVxr1b2hvZbsiqW5xWH25efTNsLJA8knL success
[2025-11-05T06:35:20.116270000Z DEBUG solana_runtime::message_processor::stable_log] Program 11111111111111111111111111111111 invoke [1]
[2025-11-05T06:35:20.116287000Z DEBUG solana_runtime::message_processor::stable_log] Program 11111111111111111111111111111111 success
  Stream 3: 25% locked, expected locked amount: 250000, amount_per_period: 2777
[2025-11-05T06:35:20.120683000Z DEBUG solana_runtime::message_processor::stable_log] Program ATokenGPvbdGVxr1b2hvZbsiqW5xWH25efTNsLJA8knL invoke [1]
[2025-11-05T06:35:20.120758000Z DEBUG solana_runtime::message_processor::stable_log] Program log: Create
[2025-11-05T06:35:20.120827000Z DEBUG solana_runtime::message_processor::stable_log] Program TokenkegQfeZyiNwAJbNbGKPFXCWuBvf9Ss623VQ5DA invoke [2]
[2025-11-05T06:35:20.120859000Z DEBUG solana_runtime::message_processor::stable_log] Program log: Instruction: GetAccountDataSize
[2025-11-05T06:35:20.120876000Z DEBUG solana_runtime::message_processor::stable_log] Program TokenkegQfeZyiNwAJbNbGKPFXCWuBvf9Ss623VQ5DA consumed 1595 of 190055 compute units
[2025-11-05T06:35:20.120883000Z DEBUG solana_runtime::message_processor::stable_log] Program return: TokenkegQfeZyiNwAJbNbGKPFXCWuBvf9Ss623VQ5DA pQAAAAAAAAA=
[2025-11-05T06:35:20.120892000Z DEBUG solana_runtime::message_processor::stable_log] Program TokenkegQfeZyiNwAJbNbGKPFXCWuBvf9Ss623VQ5DA success
[2025-11-05T06:35:20.120946000Z DEBUG solana_runtime::message_processor::stable_log] Program 11111111111111111111111111111111 invoke [2]
[2025-11-05T06:35:20.120953000Z DEBUG solana_runtime::message_processor::stable_log] Program 11111111111111111111111111111111 success
[2025-11-05T06:35:20.120959000Z DEBUG solana_runtime::message_processor::stable_log] Program log: Initialize the associated token account
[2025-11-05T06:35:20.120976000Z DEBUG solana_runtime::message_processor::stable_log] Program TokenkegQfeZyiNwAJbNbGKPFXCWuBvf9Ss623VQ5DA invoke [2]
[2025-11-05T06:35:20.121049000Z DEBUG solana_runtime::message_processor::stable_log] Program log: Instruction: InitializeImmutableOwner
[2025-11-05T06:35:20.121063000Z DEBUG solana_runtime::message_processor::stable_log] Program log: Please upgrade to SPL Token 2022 for immutable owner support
[2025-11-05T06:35:20.121067000Z DEBUG solana_runtime::message_processor::stable_log] Program TokenkegQfeZyiNwAJbNbGKPFXCWuBvf9Ss623VQ5DA consumed 1405 of 183442 compute units
[2025-11-05T06:35:20.121074000Z DEBUG solana_runtime::message_processor::stable_log] Program TokenkegQfeZyiNwAJbNbGKPFXCWuBvf9Ss623VQ5DA success
[2025-11-05T06:35:20.121107000Z DEBUG solana_runtime::message_processor::stable_log] Program TokenkegQfeZyiNwAJbNbGKPFXCWuBvf9Ss623VQ5DA invoke [2]
[2025-11-05T06:35:20.121133000Z DEBUG solana_runtime::message_processor::stable_log] Program log: Instruction: InitializeAccount3
[2025-11-05T06:35:20.121187000Z DEBUG solana_runtime::message_processor::stable_log] Program TokenkegQfeZyiNwAJbNbGKPFXCWuBvf9Ss623VQ5DA consumed 4214 of 179558 compute units
[2025-11-05T06:35:20.121195000Z DEBUG solana_runtime::message_processor::stable_log] Program TokenkegQfeZyiNwAJbNbGKPFXCWuBvf9Ss623VQ5DA success
[2025-11-05T06:35:20.121208000Z DEBUG solana_runtime::message_processor::stable_log] Program ATokenGPvbdGVxr1b2hvZbsiqW5xWH25efTNsLJA8knL consumed 24960 of 200000 compute units
[2025-11-05T06:35:20.121217000Z DEBUG solana_runtime::message_processor::stable_log] Program ATokenGPvbdGVxr1b2hvZbsiqW5xWH25efTNsLJA8knL success
[2025-11-05T06:35:20.128652000Z DEBUG solana_runtime::message_processor::stable_log] Program 11111111111111111111111111111111 invoke [1]
[2025-11-05T06:35:20.128666000Z DEBUG solana_runtime::message_processor::stable_log] Program 11111111111111111111111111111111 success
  Stream 4: 0% locked, expected locked amount: 0, amount_per_period: 2777
[2025-11-05T06:35:20.132982000Z DEBUG solana_runtime::message_processor::stable_log] Program ATokenGPvbdGVxr1b2hvZbsiqW5xWH25efTNsLJA8knL invoke [1]
[2025-11-05T06:35:20.133078000Z DEBUG solana_runtime::message_processor::stable_log] Program log: Create
[2025-11-05T06:35:20.133139000Z DEBUG solana_runtime::message_processor::stable_log] Program TokenkegQfeZyiNwAJbNbGKPFXCWuBvf9Ss623VQ5DA invoke [2]
[2025-11-05T06:35:20.133168000Z DEBUG solana_runtime::message_processor::stable_log] Program log: Instruction: GetAccountDataSize
[2025-11-05T06:35:20.133186000Z DEBUG solana_runtime::message_processor::stable_log] Program TokenkegQfeZyiNwAJbNbGKPFXCWuBvf9Ss623VQ5DA consumed 1595 of 194555 compute units
[2025-11-05T06:35:20.133194000Z DEBUG solana_runtime::message_processor::stable_log] Program return: TokenkegQfeZyiNwAJbNbGKPFXCWuBvf9Ss623VQ5DA pQAAAAAAAAA=
[2025-11-05T06:35:20.133202000Z DEBUG solana_runtime::message_processor::stable_log] Program TokenkegQfeZyiNwAJbNbGKPFXCWuBvf9Ss623VQ5DA success
[2025-11-05T06:35:20.133257000Z DEBUG solana_runtime::message_processor::stable_log] Program 11111111111111111111111111111111 invoke [2]
[2025-11-05T06:35:20.133266000Z DEBUG solana_runtime::message_processor::stable_log] Program 11111111111111111111111111111111 success
[2025-11-05T06:35:20.133271000Z DEBUG solana_runtime::message_processor::stable_log] Program log: Initialize the associated token account
[2025-11-05T06:35:20.133289000Z DEBUG solana_runtime::message_processor::stable_log] Program TokenkegQfeZyiNwAJbNbGKPFXCWuBvf9Ss623VQ5DA invoke [2]
[2025-11-05T06:35:20.133312000Z DEBUG solana_runtime::message_processor::stable_log] Program log: Instruction: InitializeImmutableOwner
[2025-11-05T06:35:20.133323000Z DEBUG solana_runtime::message_processor::stable_log] Program log: Please upgrade to SPL Token 2022 for immutable owner support
[2025-11-05T06:35:20.133326000Z DEBUG solana_runtime::message_processor::stable_log] Program TokenkegQfeZyiNwAJbNbGKPFXCWuBvf9Ss623VQ5DA consumed 1405 of 187942 compute units
[2025-11-05T06:35:20.133333000Z DEBUG solana_runtime::message_processor::stable_log] Program TokenkegQfeZyiNwAJbNbGKPFXCWuBvf9Ss623VQ5DA success
[2025-11-05T06:35:20.133366000Z DEBUG solana_runtime::message_processor::stable_log] Program TokenkegQfeZyiNwAJbNbGKPFXCWuBvf9Ss623VQ5DA invoke [2]
[2025-11-05T06:35:20.133418000Z DEBUG solana_runtime::message_processor::stable_log] Program log: Instruction: InitializeAccount3
[2025-11-05T06:35:20.133505000Z DEBUG solana_runtime::message_processor::stable_log] Program TokenkegQfeZyiNwAJbNbGKPFXCWuBvf9Ss623VQ5DA consumed 4214 of 184058 compute units
[2025-11-05T06:35:20.133515000Z DEBUG solana_runtime::message_processor::stable_log] Program TokenkegQfeZyiNwAJbNbGKPFXCWuBvf9Ss623VQ5DA success
[2025-11-05T06:35:20.133528000Z DEBUG solana_runtime::message_processor::stable_log] Program ATokenGPvbdGVxr1b2hvZbsiqW5xWH25efTNsLJA8knL consumed 20460 of 200000 compute units
[2025-11-05T06:35:20.133537000Z DEBUG solana_runtime::message_processor::stable_log] Program ATokenGPvbdGVxr1b2hvZbsiqW5xWH25efTNsLJA8knL success
[2025-11-05T06:35:20.151322000Z DEBUG solana_runtime::message_processor::stable_log] Program ASmKWt93JEMHxbdE6j7znD9y2FcdPboCzC3xtSTJvN7S invoke [1]
[2025-11-05T06:35:20.151436000Z DEBUG solana_runtime::message_processor::stable_log] Program log: Instruction: Swap
[2025-11-05T06:35:20.151875000Z DEBUG solana_runtime::message_processor::stable_log] Program TokenkegQfeZyiNwAJbNbGKPFXCWuBvf9Ss623VQ5DA invoke [2]
[2025-11-05T06:35:20.151934000Z DEBUG solana_runtime::message_processor::stable_log] Program log: Instruction: TransferChecked
[2025-11-05T06:35:20.152025000Z DEBUG solana_runtime::message_processor::stable_log] Program TokenkegQfeZyiNwAJbNbGKPFXCWuBvf9Ss623VQ5DA consumed 6174 of 177323 compute units
[2025-11-05T06:35:20.152037000Z DEBUG solana_runtime::message_processor::stable_log] Program TokenkegQfeZyiNwAJbNbGKPFXCWuBvf9Ss623VQ5DA success
[2025-11-05T06:35:20.152095000Z DEBUG solana_runtime::message_processor::stable_log] Program TokenkegQfeZyiNwAJbNbGKPFXCWuBvf9Ss623VQ5DA invoke [2]
[2025-11-05T06:35:20.152142000Z DEBUG solana_runtime::message_processor::stable_log] Program log: Instruction: TransferChecked
[2025-11-05T06:35:20.152224000Z DEBUG solana_runtime::message_processor::stable_log] Program TokenkegQfeZyiNwAJbNbGKPFXCWuBvf9Ss623VQ5DA consumed 6174 of 168685 compute units
[2025-11-05T06:35:20.152236000Z DEBUG solana_runtime::message_processor::stable_log] Program TokenkegQfeZyiNwAJbNbGKPFXCWuBvf9Ss623VQ5DA success
[2025-11-05T06:35:20.152349000Z DEBUG solana_runtime::message_processor::stable_log] Program ASmKWt93JEMHxbdE6j7znD9y2FcdPboCzC3xtSTJvN7S invoke [2]
[2025-11-05T06:35:20.152409000Z DEBUG solana_runtime::message_processor::stable_log] Program ASmKWt93JEMHxbdE6j7znD9y2FcdPboCzC3xtSTJvN7S consumed 2069 of 156500 compute units
[2025-11-05T06:35:20.152419000Z DEBUG solana_runtime::message_processor::stable_log] Program ASmKWt93JEMHxbdE6j7znD9y2FcdPboCzC3xtSTJvN7S success
[2025-11-05T06:35:20.152479000Z DEBUG solana_runtime::message_processor::stable_log] Program ASmKWt93JEMHxbdE6j7znD9y2FcdPboCzC3xtSTJvN7S invoke [2]
[2025-11-05T06:35:20.152516000Z DEBUG solana_runtime::message_processor::stable_log] Program ASmKWt93JEMHxbdE6j7znD9y2FcdPboCzC3xtSTJvN7S consumed 2069 of 150802 compute units
[2025-11-05T06:35:20.152525000Z DEBUG solana_runtime::message_processor::stable_log] Program ASmKWt93JEMHxbdE6j7znD9y2FcdPboCzC3xtSTJvN7S success
[2025-11-05T06:35:20.152545000Z DEBUG solana_runtime::message_processor::stable_log] Program ASmKWt93JEMHxbdE6j7znD9y2FcdPboCzC3xtSTJvN7S consumed 51801 of 200000 compute units
[2025-11-05T06:35:20.152556000Z DEBUG solana_runtime::message_processor::stable_log] Program ASmKWt93JEMHxbdE6j7znD9y2FcdPboCzC3xtSTJvN7S success
[2025-11-05T06:35:20.175043000Z DEBUG solana_runtime::message_processor::stable_log] Program ComputeBudget111111111111111111111111111111 invoke [1]
[2025-11-05T06:35:20.175058000Z DEBUG solana_runtime::message_processor::stable_log] Program ComputeBudget111111111111111111111111111111 success
[2025-11-05T06:35:20.175067000Z DEBUG solana_runtime::message_processor::stable_log] Program 5B57SJ3g2YoNXUpsZqqjEQkRSxyKtVTQRXdgAirz6bio invoke [1]
[2025-11-05T06:35:20.175251000Z DEBUG solana_runtime::message_processor::stable_log] Program log: Instruction: CrankDistribution
[2025-11-05T06:35:20.175864000Z DEBUG solana_runtime::message_processor::stable_log] Program log: === DEBUG: Before claiming fees ===
[2025-11-05T06:35:20.175876000Z DEBUG solana_runtime::message_processor::stable_log] Program log: Pool collect_fee_mode: 1
[2025-11-05T06:35:20.175988000Z DEBUG solana_runtime::message_processor::stable_log] Program log: Pool token_a_mint: FWm4srRorstSbh2x8AUv4fBgBuDepREkptGiFkUjPgtb
[2025-11-05T06:35:20.176095000Z DEBUG solana_runtime::message_processor::stable_log] Program log: Pool token_b_mint: CZnM5w4RhBwtAcGiJHHZjn8TsjmaeHsvvWRVw2SNir5J
[2025-11-05T06:35:20.176206000Z DEBUG solana_runtime::message_processor::stable_log] Program log: Quote mint: CZnM5w4RhBwtAcGiJHHZjn8TsjmaeHsvvWRVw2SNir5J
[2025-11-05T06:35:20.176314000Z DEBUG solana_runtime::message_processor::stable_log] Program log: Base mint: FWm4srRorstSbh2x8AUv4fBgBuDepREkptGiFkUjPgtb
[2025-11-05T06:35:20.176329000Z DEBUG solana_runtime::message_processor::stable_log] Program log: Position unlocked_liquidity: 1844674407370955161600
[2025-11-05T06:35:20.176336000Z DEBUG solana_runtime::message_processor::stable_log] Program log: Position vested_liquidity: 0
[2025-11-05T06:35:20.176343000Z DEBUG solana_runtime::message_processor::stable_log] Program log: Position permanent_locked_liquidity: 0
[2025-11-05T06:35:20.176348000Z DEBUG solana_runtime::message_processor::stable_log] Program log: Position fee_a_pending: 0
[2025-11-05T06:35:20.176354000Z DEBUG solana_runtime::message_processor::stable_log] Program log: Position fee_b_pending: 0
[2025-11-05T06:35:20.176359000Z DEBUG solana_runtime::message_processor::stable_log] Program log: Position fee_a_checkpoint (first 8 bytes): 0
[2025-11-05T06:35:20.176365000Z DEBUG solana_runtime::message_processor::stable_log] Program log: Position fee_b_checkpoint (first 8 bytes): 0
[2025-11-05T06:35:20.176370000Z DEBUG solana_runtime::message_processor::stable_log] Program log: Pool fee_a_per_liquidity (first 8 bytes): 0
[2025-11-05T06:35:20.176376000Z DEBUG solana_runtime::message_processor::stable_log] Program log: Pool fee_b_per_liquidity (first 8 bytes): 0
[2025-11-05T06:35:20.176387000Z DEBUG solana_runtime::message_processor::stable_log] Program log: Pool liquidity: 3689348814741910323200
[2025-11-05T06:35:20.176395000Z DEBUG solana_runtime::message_processor::stable_log] Program log: Treasury quote balance before: 99999999999999999
[2025-11-05T06:35:20.176402000Z DEBUG solana_runtime::message_processor::stable_log] Program log: Treasury base balance before: 99999785255671124
[2025-11-05T06:35:20.176404000Z DEBUG solana_runtime::message_processor::stable_log] Program log: Claiming position fees from CP-AMM
[2025-11-05T06:35:20.176499000Z DEBUG solana_runtime::message_processor::stable_log] Program ASmKWt93JEMHxbdE6j7znD9y2FcdPboCzC3xtSTJvN7S invoke [2]
[2025-11-05T06:35:20.176593000Z DEBUG solana_runtime::message_processor::stable_log] Program log: Instruction: ClaimPositionFee
[2025-11-05T06:35:20.176871000Z DEBUG solana_runtime::message_processor::stable_log] Program TokenkegQfeZyiNwAJbNbGKPFXCWuBvf9Ss623VQ5DA invoke [3]
[2025-11-05T06:35:20.176917000Z DEBUG solana_runtime::message_processor::stable_log] Program log: Instruction: TransferChecked
[2025-11-05T06:35:20.177000000Z DEBUG solana_runtime::message_processor::stable_log] Program TokenkegQfeZyiNwAJbNbGKPFXCWuBvf9Ss623VQ5DA consumed 6174 of 269286 compute units
[2025-11-05T06:35:20.177011000Z DEBUG solana_runtime::message_processor::stable_log] Program TokenkegQfeZyiNwAJbNbGKPFXCWuBvf9Ss623VQ5DA success
[2025-11-05T06:35:20.177055000Z DEBUG solana_runtime::message_processor::stable_log] Program ASmKWt93JEMHxbdE6j7znD9y2FcdPboCzC3xtSTJvN7S invoke [3]
[2025-11-05T06:35:20.177086000Z DEBUG solana_runtime::message_processor::stable_log] Program ASmKWt93JEMHxbdE6j7znD9y2FcdPboCzC3xtSTJvN7S consumed 2069 of 260372 compute units
[2025-11-05T06:35:20.177094000Z DEBUG solana_runtime::message_processor::stable_log] Program ASmKWt93JEMHxbdE6j7znD9y2FcdPboCzC3xtSTJvN7S success
[2025-11-05T06:35:20.177114000Z DEBUG solana_runtime::message_processor::stable_log] Program ASmKWt93JEMHxbdE6j7znD9y2FcdPboCzC3xtSTJvN7S consumed 30035 of 287797 compute units
[2025-11-05T06:35:20.177123000Z DEBUG solana_runtime::message_processor::stable_log] Program ASmKWt93JEMHxbdE6j7znD9y2FcdPboCzC3xtSTJvN7S success
[2025-11-05T06:35:20.177167000Z DEBUG solana_runtime::message_processor::stable_log] Program log: === DEBUG: After claiming fees ===
[2025-11-05T06:35:20.177180000Z DEBUG solana_runtime::message_processor::stable_log] Program log: Treasury quote balance after: 100000000000049999
[2025-11-05T06:35:20.177188000Z DEBUG solana_runtime::message_processor::stable_log] Program log: Treasury base balance after: 99999785255671124
[2025-11-05T06:35:20.177194000Z DEBUG solana_runtime::message_processor::stable_log] Program log: Quote tokens claimed: 50000
[2025-11-05T06:35:20.177203000Z DEBUG solana_runtime::message_processor::stable_log] Program data: fzkUsNcjWlgLTPEzDyI0Vdg3MMTaqpvsBXbgemThppRPIe01qzPgN1DDAAAAAAAAp0EMaQAAAAA=
[2025-11-05T06:35:20.177516000Z DEBUG solana_runtime::message_processor::stable_log] Program TokenkegQfeZyiNwAJbNbGKPFXCWuBvf9Ss623VQ5DA invoke [2]
[2025-11-05T06:35:20.177551000Z DEBUG solana_runtime::message_processor::stable_log] Program log: Instruction: TransferChecked
[2025-11-05T06:35:20.177622000Z DEBUG solana_runtime::message_processor::stable_log] Program TokenkegQfeZyiNwAJbNbGKPFXCWuBvf9Ss623VQ5DA consumed 6174 of 234827 compute units
[2025-11-05T06:35:20.177635000Z DEBUG solana_runtime::message_processor::stable_log] Program TokenkegQfeZyiNwAJbNbGKPFXCWuBvf9Ss623VQ5DA success
[2025-11-05T06:35:20.177692000Z DEBUG solana_runtime::message_processor::stable_log] Program TokenkegQfeZyiNwAJbNbGKPFXCWuBvf9Ss623VQ5DA invoke [2]
[2025-11-05T06:35:20.177723000Z DEBUG solana_runtime::message_processor::stable_log] Program log: Instruction: TransferChecked
[2025-11-05T06:35:20.177796000Z DEBUG solana_runtime::message_processor::stable_log] Program TokenkegQfeZyiNwAJbNbGKPFXCWuBvf9Ss623VQ5DA consumed 6174 of 225266 compute units
[2025-11-05T06:35:20.177825000Z DEBUG solana_runtime::message_processor::stable_log] Program TokenkegQfeZyiNwAJbNbGKPFXCWuBvf9Ss623VQ5DA success
[2025-11-05T06:35:20.177901000Z DEBUG solana_runtime::message_processor::stable_log] Program TokenkegQfeZyiNwAJbNbGKPFXCWuBvf9Ss623VQ5DA invoke [2]
[2025-11-05T06:35:20.177936000Z DEBUG solana_runtime::message_processor::stable_log] Program log: Instruction: TransferChecked
[2025-11-05T06:35:20.178003000Z DEBUG solana_runtime::message_processor::stable_log] Program TokenkegQfeZyiNwAJbNbGKPFXCWuBvf9Ss623VQ5DA consumed 6174 of 215705 compute units
[2025-11-05T06:35:20.178012000Z DEBUG solana_runtime::message_processor::stable_log] Program TokenkegQfeZyiNwAJbNbGKPFXCWuBvf9Ss623VQ5DA success
[2025-11-05T06:35:20.178069000Z DEBUG solana_runtime::message_processor::stable_log] Program TokenkegQfeZyiNwAJbNbGKPFXCWuBvf9Ss623VQ5DA invoke [2]
[2025-11-05T06:35:20.178099000Z DEBUG solana_runtime::message_processor::stable_log] Program log: Instruction: TransferChecked
[2025-11-05T06:35:20.178164000Z DEBUG solana_runtime::message_processor::stable_log] Program TokenkegQfeZyiNwAJbNbGKPFXCWuBvf9Ss623VQ5DA consumed 6174 of 206144 compute units
[2025-11-05T06:35:20.178175000Z DEBUG solana_runtime::message_processor::stable_log] Program TokenkegQfeZyiNwAJbNbGKPFXCWuBvf9Ss623VQ5DA success
[2025-11-05T06:35:20.178231000Z DEBUG solana_runtime::message_processor::stable_log] Program TokenkegQfeZyiNwAJbNbGKPFXCWuBvf9Ss623VQ5DA invoke [2]
[2025-11-05T06:35:20.178261000Z DEBUG solana_runtime::message_processor::stable_log] Program log: Instruction: TransferChecked
[2025-11-05T06:35:20.178327000Z DEBUG solana_runtime::message_processor::stable_log] Program TokenkegQfeZyiNwAJbNbGKPFXCWuBvf9Ss623VQ5DA consumed 6174 of 196806 compute units
[2025-11-05T06:35:20.178337000Z DEBUG solana_runtime::message_processor::stable_log] Program TokenkegQfeZyiNwAJbNbGKPFXCWuBvf9Ss623VQ5DA success
[2025-11-05T06:35:20.178350000Z DEBUG solana_runtime::message_processor::stable_log] Program data: jhY1V/E9sS0LTPEzDyI0Vdg3MMTaqpvsBXbgemThppRPIe01qzPgN6phAAAAAAAApmEAAAAAAACnQQxpAAAAAA==
[2025-11-05T06:35:20.178355000Z DEBUG solana_runtime::message_processor::stable_log] Program data: KjXqZeHwy3kLTPEzDyI0Vdg3MMTaqpvsBXbgemThppRPIe01qzPgNwAAAAAFAAAABQAAAKZhAAAAAAAAAAAAAAAAAACnQQxpAAAAAA==
[2025-11-05T06:35:20.178394000Z DEBUG solana_runtime::message_processor::stable_log] Program 5B57SJ3g2YoNXUpsZqqjEQkRSxyKtVTQRXdgAirz6bio consumed 212073 of 399850 compute units
[2025-11-05T06:35:20.178404000Z DEBUG solana_runtime::message_processor::stable_log] Program 5B57SJ3g2YoNXUpsZqqjEQkRSxyKtVTQRXdgAirz6bio success
Investor 0 (100% locked): 9998 tokens
Investor 1 (75% locked): 7499 tokens
Investor 2 (50% locked): 5000 tokens
Investor 3 (25% locked): 2501 tokens
Investor 4 (0% locked): 0 tokens
      ✔ MIXED_LOCKS: Pro-rata distribution with varying lock percentages (110ms)
[2025-11-05T06:35:20.180306000Z INFO  solana_program_test] "cp_amm" SBF program from ./target/deploy/cp_amm.so, modified 24 minutes, 27 seconds, 527 ms, 622 µs and 203 ns ago
[2025-11-05T06:35:20.180506000Z INFO  solana_program_test] "fee_router" SBF program from ./target/deploy/fee_router.so, modified 30 seconds, 264 ms, 766 µs and 331 ns ago
[2025-11-05T06:35:20.180823000Z INFO  solana_program_test] "transfer_hook_counter" SBF program from tests/fixtures/transfer_hook_counter.so, modified 3 weeks, 22 hours, 58 minutes, 55 seconds, 6 ms, 420 µs and 196 ns ago
[2025-11-05T06:35:20.181689000Z INFO  solana_program_test] "alpha_vault" SBF program from tests/fixtures/alpha_vault.so, modified 3 weeks, 22 hours, 58 minutes, 55 seconds, 7 ms, 974 µs and 72 ns ago
[2025-11-05T06:35:20.182041000Z INFO  solana_program_test] "streamflow" SBF program from tests/fixtures/streamflow.so, modified 3 weeks, 6 hours, 59 minutes, 4 seconds, 892 ms, 957 µs and 387 ns ago
[2025-11-05T06:35:20.182446000Z INFO  solana_program_test] "cp_amm" SBF program from ./target/deploy/cp_amm.so, modified 24 minutes, 27 seconds, 529 ms, 765 µs and 203 ns ago
[2025-11-05T06:35:20.182581000Z INFO  solana_program_test] "fee_router" SBF program from ./target/deploy/fee_router.so, modified 30 seconds, 266 ms, 841 µs and 331 ns ago
[2025-11-05T06:35:20.202798000Z INFO  solana_program_test] Overriding account at ASmKWt93JEMHxbdE6j7znD9y2FcdPboCzC3xtSTJvN7S
[2025-11-05T06:35:20.202816000Z INFO  solana_program_test] Overriding account at 5B57SJ3g2YoNXUpsZqqjEQkRSxyKtVTQRXdgAirz6bio
[2025-11-05T06:35:20.213816000Z DEBUG solana_runtime::message_processor::stable_log] Program 11111111111111111111111111111111 invoke [1]
[2025-11-05T06:35:20.213835000Z DEBUG solana_runtime::message_processor::stable_log] Program 11111111111111111111111111111111 success
[2025-11-05T06:35:20.217390000Z DEBUG solana_runtime::message_processor::stable_log] Program 11111111111111111111111111111111 invoke [1]
[2025-11-05T06:35:20.217408000Z DEBUG solana_runtime::message_processor::stable_log] Program 11111111111111111111111111111111 success
[2025-11-05T06:35:20.220945000Z DEBUG solana_runtime::message_processor::stable_log] Program 11111111111111111111111111111111 invoke [1]
[2025-11-05T06:35:20.220957000Z DEBUG solana_runtime::message_processor::stable_log] Program 11111111111111111111111111111111 success
[2025-11-05T06:35:20.225104000Z DEBUG solana_runtime::message_processor::stable_log] Program 11111111111111111111111111111111 invoke [1]
[2025-11-05T06:35:20.225115000Z DEBUG solana_runtime::message_processor::stable_log] Program 11111111111111111111111111111111 success
[2025-11-05T06:35:20.232532000Z DEBUG solana_runtime::message_processor::stable_log] Program 11111111111111111111111111111111 invoke [1]
[2025-11-05T06:35:20.232547000Z DEBUG solana_runtime::message_processor::stable_log] Program 11111111111111111111111111111111 success
[2025-11-05T06:35:20.232551000Z DEBUG solana_runtime::message_processor::stable_log] Program TokenkegQfeZyiNwAJbNbGKPFXCWuBvf9Ss623VQ5DA invoke [1]
[2025-11-05T06:35:20.232592000Z DEBUG solana_runtime::message_processor::stable_log] Program log: Instruction: InitializeMint2
[2025-11-05T06:35:20.232627000Z DEBUG solana_runtime::message_processor::stable_log] Program TokenkegQfeZyiNwAJbNbGKPFXCWuBvf9Ss623VQ5DA consumed 2779 of 399850 compute units
[2025-11-05T06:35:20.232637000Z DEBUG solana_runtime::message_processor::stable_log] Program TokenkegQfeZyiNwAJbNbGKPFXCWuBvf9Ss623VQ5DA success
[2025-11-05T06:35:20.239669000Z DEBUG solana_runtime::message_processor::stable_log] Program 11111111111111111111111111111111 invoke [1]
[2025-11-05T06:35:20.239684000Z DEBUG solana_runtime::message_processor::stable_log] Program 11111111111111111111111111111111 success
[2025-11-05T06:35:20.239687000Z DEBUG solana_runtime::message_processor::stable_log] Program TokenkegQfeZyiNwAJbNbGKPFXCWuBvf9Ss623VQ5DA invoke [1]
[2025-11-05T06:35:20.239734000Z DEBUG solana_runtime::message_processor::stable_log] Program log: Instruction: InitializeMint2
[2025-11-05T06:35:20.239770000Z DEBUG solana_runtime::message_processor::stable_log] Program TokenkegQfeZyiNwAJbNbGKPFXCWuBvf9Ss623VQ5DA consumed 2779 of 399850 compute units
[2025-11-05T06:35:20.239780000Z DEBUG solana_runtime::message_processor::stable_log] Program TokenkegQfeZyiNwAJbNbGKPFXCWuBvf9Ss623VQ5DA success
[2025-11-05T06:35:20.244564000Z DEBUG solana_runtime::message_processor::stable_log] Program ATokenGPvbdGVxr1b2hvZbsiqW5xWH25efTNsLJA8knL invoke [1]
[2025-11-05T06:35:20.244641000Z DEBUG solana_runtime::message_processor::stable_log] Program log: Create
[2025-11-05T06:35:20.244703000Z DEBUG solana_runtime::message_processor::stable_log] Program TokenkegQfeZyiNwAJbNbGKPFXCWuBvf9Ss623VQ5DA invoke [2]
[2025-11-05T06:35:20.244733000Z DEBUG solana_runtime::message_processor::stable_log] Program log: Instruction: GetAccountDataSize
[2025-11-05T06:35:20.244753000Z DEBUG solana_runtime::message_processor::stable_log] Program TokenkegQfeZyiNwAJbNbGKPFXCWuBvf9Ss623VQ5DA consumed 1595 of 193055 compute units
[2025-11-05T06:35:20.244761000Z DEBUG solana_runtime::message_processor::stable_log] Program return: TokenkegQfeZyiNwAJbNbGKPFXCWuBvf9Ss623VQ5DA pQAAAAAAAAA=
[2025-11-05T06:35:20.244771000Z DEBUG solana_runtime::message_processor::stable_log] Program TokenkegQfeZyiNwAJbNbGKPFXCWuBvf9Ss623VQ5DA success
[2025-11-05T06:35:20.244831000Z DEBUG solana_runtime::message_processor::stable_log] Program 11111111111111111111111111111111 invoke [2]
[2025-11-05T06:35:20.244839000Z DEBUG solana_runtime::message_processor::stable_log] Program 11111111111111111111111111111111 success
[2025-11-05T06:35:20.244846000Z DEBUG solana_runtime::message_processor::stable_log] Program log: Initialize the associated token account
[2025-11-05T06:35:20.244865000Z DEBUG solana_runtime::message_processor::stable_log] Program TokenkegQfeZyiNwAJbNbGKPFXCWuBvf9Ss623VQ5DA invoke [2]
[2025-11-05T06:35:20.244888000Z DEBUG solana_runtime::message_processor::stable_log] Program log: Instruction: InitializeImmutableOwner
[2025-11-05T06:35:20.244909000Z DEBUG solana_runtime::message_processor::stable_log] Program log: Please upgrade to SPL Token 2022 for immutable owner support
[2025-11-05T06:35:20.244913000Z DEBUG solana_runtime::message_processor::stable_log] Program TokenkegQfeZyiNwAJbNbGKPFXCWuBvf9Ss623VQ5DA consumed 1405 of 186442 compute units
[2025-11-05T06:35:20.244922000Z DEBUG solana_runtime::message_processor::stable_log] Program TokenkegQfeZyiNwAJbNbGKPFXCWuBvf9Ss623VQ5DA success
[2025-11-05T06:35:20.244959000Z DEBUG solana_runtime::message_processor::stable_log] Program TokenkegQfeZyiNwAJbNbGKPFXCWuBvf9Ss623VQ5DA invoke [2]
[2025-11-05T06:35:20.244989000Z DEBUG solana_runtime::message_processor::stable_log] Program log: Instruction: InitializeAccount3
[2025-11-05T06:35:20.245054000Z DEBUG solana_runtime::message_processor::stable_log] Program TokenkegQfeZyiNwAJbNbGKPFXCWuBvf9Ss623VQ5DA consumed 4214 of 182558 compute units
[2025-11-05T06:35:20.245062000Z DEBUG solana_runtime::message_processor::stable_log] Program TokenkegQfeZyiNwAJbNbGKPFXCWuBvf9Ss623VQ5DA success
[2025-11-05T06:35:20.245076000Z DEBUG solana_runtime::message_processor::stable_log] Program ATokenGPvbdGVxr1b2hvZbsiqW5xWH25efTNsLJA8knL consumed 21960 of 200000 compute units
[2025-11-05T06:35:20.245086000Z DEBUG solana_runtime::message_processor::stable_log] Program ATokenGPvbdGVxr1b2hvZbsiqW5xWH25efTNsLJA8knL success
[2025-11-05T06:35:20.248557000Z DEBUG solana_runtime::message_processor::stable_log] Program TokenkegQfeZyiNwAJbNbGKPFXCWuBvf9Ss623VQ5DA invoke [1]
[2025-11-05T06:35:20.248609000Z DEBUG solana_runtime::message_processor::stable_log] Program log: Instruction: MintTo
[2025-11-05T06:35:20.248680000Z DEBUG solana_runtime::message_processor::stable_log] Program TokenkegQfeZyiNwAJbNbGKPFXCWuBvf9Ss623VQ5DA consumed 4491 of 200000 compute units
[2025-11-05T06:35:20.248690000Z DEBUG solana_runtime::message_processor::stable_log] Program TokenkegQfeZyiNwAJbNbGKPFXCWuBvf9Ss623VQ5DA success
[2025-11-05T06:35:20.254495000Z DEBUG solana_runtime::message_processor::stable_log] Program ATokenGPvbdGVxr1b2hvZbsiqW5xWH25efTNsLJA8knL invoke [1]
[2025-11-05T06:35:20.254600000Z DEBUG solana_runtime::message_processor::stable_log] Program log: Create
[2025-11-05T06:35:20.254657000Z DEBUG solana_runtime::message_processor::stable_log] Program TokenkegQfeZyiNwAJbNbGKPFXCWuBvf9Ss623VQ5DA invoke [2]
[2025-11-05T06:35:20.254698000Z DEBUG solana_runtime::message_processor::stable_log] Program log: Instruction: GetAccountDataSize
[2025-11-05T06:35:20.254717000Z DEBUG solana_runtime::message_processor::stable_log] Program TokenkegQfeZyiNwAJbNbGKPFXCWuBvf9Ss623VQ5DA consumed 1595 of 194555 compute units
[2025-11-05T06:35:20.254726000Z DEBUG solana_runtime::message_processor::stable_log] Program return: TokenkegQfeZyiNwAJbNbGKPFXCWuBvf9Ss623VQ5DA pQAAAAAAAAA=
[2025-11-05T06:35:20.254737000Z DEBUG solana_runtime::message_processor::stable_log] Program TokenkegQfeZyiNwAJbNbGKPFXCWuBvf9Ss623VQ5DA success
[2025-11-05T06:35:20.254798000Z DEBUG solana_runtime::message_processor::stable_log] Program 11111111111111111111111111111111 invoke [2]
[2025-11-05T06:35:20.254806000Z DEBUG solana_runtime::message_processor::stable_log] Program 11111111111111111111111111111111 success
[2025-11-05T06:35:20.254812000Z DEBUG solana_runtime::message_processor::stable_log] Program log: Initialize the associated token account
[2025-11-05T06:35:20.254832000Z DEBUG solana_runtime::message_processor::stable_log] Program TokenkegQfeZyiNwAJbNbGKPFXCWuBvf9Ss623VQ5DA invoke [2]
[2025-11-05T06:35:20.254856000Z DEBUG solana_runtime::message_processor::stable_log] Program log: Instruction: InitializeImmutableOwner
[2025-11-05T06:35:20.254870000Z DEBUG solana_runtime::message_processor::stable_log] Program log: Please upgrade to SPL Token 2022 for immutable owner support
[2025-11-05T06:35:20.254873000Z DEBUG solana_runtime::message_processor::stable_log] Program TokenkegQfeZyiNwAJbNbGKPFXCWuBvf9Ss623VQ5DA consumed 1405 of 187942 compute units
[2025-11-05T06:35:20.254881000Z DEBUG solana_runtime::message_processor::stable_log] Program TokenkegQfeZyiNwAJbNbGKPFXCWuBvf9Ss623VQ5DA success
[2025-11-05T06:35:20.254919000Z DEBUG solana_runtime::message_processor::stable_log] Program TokenkegQfeZyiNwAJbNbGKPFXCWuBvf9Ss623VQ5DA invoke [2]
[2025-11-05T06:35:20.254949000Z DEBUG solana_runtime::message_processor::stable_log] Program log: Instruction: InitializeAccount3
[2025-11-05T06:35:20.255009000Z DEBUG solana_runtime::message_processor::stable_log] Program TokenkegQfeZyiNwAJbNbGKPFXCWuBvf9Ss623VQ5DA consumed 4214 of 184058 compute units
[2025-11-05T06:35:20.255018000Z DEBUG solana_runtime::message_processor::stable_log] Program TokenkegQfeZyiNwAJbNbGKPFXCWuBvf9Ss623VQ5DA success
[2025-11-05T06:35:20.255031000Z DEBUG solana_runtime::message_processor::stable_log] Program ATokenGPvbdGVxr1b2hvZbsiqW5xWH25efTNsLJA8knL consumed 20460 of 200000 compute units
[2025-11-05T06:35:20.255042000Z DEBUG solana_runtime::message_processor::stable_log] Program ATokenGPvbdGVxr1b2hvZbsiqW5xWH25efTNsLJA8knL success
[2025-11-05T06:35:20.258830000Z DEBUG solana_runtime::message_processor::stable_log] Program TokenkegQfeZyiNwAJbNbGKPFXCWuBvf9Ss623VQ5DA invoke [1]
[2025-11-05T06:35:20.258920000Z DEBUG solana_runtime::message_processor::stable_log] Program log: Instruction: MintTo
[2025-11-05T06:35:20.258991000Z DEBUG solana_runtime::message_processor::stable_log] Program TokenkegQfeZyiNwAJbNbGKPFXCWuBvf9Ss623VQ5DA consumed 4491 of 200000 compute units
[2025-11-05T06:35:20.259003000Z DEBUG solana_runtime::message_processor::stable_log] Program TokenkegQfeZyiNwAJbNbGKPFXCWuBvf9Ss623VQ5DA success
[2025-11-05T06:35:20.264939000Z DEBUG solana_runtime::message_processor::stable_log] Program ATokenGPvbdGVxr1b2hvZbsiqW5xWH25efTNsLJA8knL invoke [1]
[2025-11-05T06:35:20.265008000Z DEBUG solana_runtime::message_processor::stable_log] Program log: Create
[2025-11-05T06:35:20.265088000Z DEBUG solana_runtime::message_processor::stable_log] Program TokenkegQfeZyiNwAJbNbGKPFXCWuBvf9Ss623VQ5DA invoke [2]
[2025-11-05T06:35:20.265130000Z DEBUG solana_runtime::message_processor::stable_log] Program log: Instruction: GetAccountDataSize
[2025-11-05T06:35:20.265152000Z DEBUG solana_runtime::message_processor::stable_log] Program TokenkegQfeZyiNwAJbNbGKPFXCWuBvf9Ss623VQ5DA consumed 1595 of 191555 compute units
[2025-11-05T06:35:20.265161000Z DEBUG solana_runtime::message_processor::stable_log] Program return: TokenkegQfeZyiNwAJbNbGKPFXCWuBvf9Ss623VQ5DA pQAAAAAAAAA=
[2025-11-05T06:35:20.265170000Z DEBUG solana_runtime::message_processor::stable_log] Program TokenkegQfeZyiNwAJbNbGKPFXCWuBvf9Ss623VQ5DA success
[2025-11-05T06:35:20.265229000Z DEBUG solana_runtime::message_processor::stable_log] Program 11111111111111111111111111111111 invoke [2]
[2025-11-05T06:35:20.265238000Z DEBUG solana_runtime::message_processor::stable_log] Program 11111111111111111111111111111111 success
[2025-11-05T06:35:20.265244000Z DEBUG solana_runtime::message_processor::stable_log] Program log: Initialize the associated token account
[2025-11-05T06:35:20.265263000Z DEBUG solana_runtime::message_processor::stable_log] Program TokenkegQfeZyiNwAJbNbGKPFXCWuBvf9Ss623VQ5DA invoke [2]
[2025-11-05T06:35:20.265288000Z DEBUG solana_runtime::message_processor::stable_log] Program log: Instruction: InitializeImmutableOwner
[2025-11-05T06:35:20.265301000Z DEBUG solana_runtime::message_processor::stable_log] Program log: Please upgrade to SPL Token 2022 for immutable owner support
[2025-11-05T06:35:20.265305000Z DEBUG solana_runtime::message_processor::stable_log] Program TokenkegQfeZyiNwAJbNbGKPFXCWuBvf9Ss623VQ5DA consumed 1405 of 184942 compute units
[2025-11-05T06:35:20.265313000Z DEBUG solana_runtime::message_processor::stable_log] Program TokenkegQfeZyiNwAJbNbGKPFXCWuBvf9Ss623VQ5DA success
[2025-11-05T06:35:20.265350000Z DEBUG solana_runtime::message_processor::stable_log] Program TokenkegQfeZyiNwAJbNbGKPFXCWuBvf9Ss623VQ5DA invoke [2]
[2025-11-05T06:35:20.265378000Z DEBUG solana_runtime::message_processor::stable_log] Program log: Instruction: InitializeAccount3
[2025-11-05T06:35:20.265437000Z DEBUG solana_runtime::message_processor::stable_log] Program TokenkegQfeZyiNwAJbNbGKPFXCWuBvf9Ss623VQ5DA consumed 4214 of 181058 compute units
[2025-11-05T06:35:20.265446000Z DEBUG solana_runtime::message_processor::stable_log] Program TokenkegQfeZyiNwAJbNbGKPFXCWuBvf9Ss623VQ5DA success
[2025-11-05T06:35:20.265461000Z DEBUG solana_runtime::message_processor::stable_log] Program ATokenGPvbdGVxr1b2hvZbsiqW5xWH25efTNsLJA8knL consumed 23460 of 200000 compute units
[2025-11-05T06:35:20.265469000Z DEBUG solana_runtime::message_processor::stable_log] Program ATokenGPvbdGVxr1b2hvZbsiqW5xWH25efTNsLJA8knL success
[2025-11-05T06:35:20.269631000Z DEBUG solana_runtime::message_processor::stable_log] Program TokenkegQfeZyiNwAJbNbGKPFXCWuBvf9Ss623VQ5DA invoke [1]
[2025-11-05T06:35:20.269689000Z DEBUG solana_runtime::message_processor::stable_log] Program log: Instruction: MintTo
[2025-11-05T06:35:20.269748000Z DEBUG solana_runtime::message_processor::stable_log] Program TokenkegQfeZyiNwAJbNbGKPFXCWuBvf9Ss623VQ5DA consumed 4491 of 200000 compute units
[2025-11-05T06:35:20.269759000Z DEBUG solana_runtime::message_processor::stable_log] Program TokenkegQfeZyiNwAJbNbGKPFXCWuBvf9Ss623VQ5DA success
[2025-11-05T06:35:20.274535000Z DEBUG solana_runtime::message_processor::stable_log] Program ATokenGPvbdGVxr1b2hvZbsiqW5xWH25efTNsLJA8knL invoke [1]
[2025-11-05T06:35:20.274597000Z DEBUG solana_runtime::message_processor::stable_log] Program log: Create
[2025-11-05T06:35:20.274652000Z DEBUG solana_runtime::message_processor::stable_log] Program TokenkegQfeZyiNwAJbNbGKPFXCWuBvf9Ss623VQ5DA invoke [2]
[2025-11-05T06:35:20.274676000Z DEBUG solana_runtime::message_processor::stable_log] Program log: Instruction: GetAccountDataSize
[2025-11-05T06:35:20.274692000Z DEBUG solana_runtime::message_processor::stable_log] Program TokenkegQfeZyiNwAJbNbGKPFXCWuBvf9Ss623VQ5DA consumed 1595 of 193055 compute units
[2025-11-05T06:35:20.274700000Z DEBUG solana_runtime::message_processor::stable_log] Program return: TokenkegQfeZyiNwAJbNbGKPFXCWuBvf9Ss623VQ5DA pQAAAAAAAAA=
[2025-11-05T06:35:20.274709000Z DEBUG solana_runtime::message_processor::stable_log] Program TokenkegQfeZyiNwAJbNbGKPFXCWuBvf9Ss623VQ5DA success
[2025-11-05T06:35:20.274770000Z DEBUG solana_runtime::message_processor::stable_log] Program 11111111111111111111111111111111 invoke [2]
[2025-11-05T06:35:20.274777000Z DEBUG solana_runtime::message_processor::stable_log] Program 11111111111111111111111111111111 success
[2025-11-05T06:35:20.274783000Z DEBUG solana_runtime::message_processor::stable_log] Program log: Initialize the associated token account
[2025-11-05T06:35:20.274802000Z DEBUG solana_runtime::message_processor::stable_log] Program TokenkegQfeZyiNwAJbNbGKPFXCWuBvf9Ss623VQ5DA invoke [2]
[2025-11-05T06:35:20.274820000Z DEBUG solana_runtime::message_processor::stable_log] Program log: Instruction: InitializeImmutableOwner
[2025-11-05T06:35:20.274832000Z DEBUG solana_runtime::message_processor::stable_log] Program log: Please upgrade to SPL Token 2022 for immutable owner support
[2025-11-05T06:35:20.274835000Z DEBUG solana_runtime::message_processor::stable_log] Program TokenkegQfeZyiNwAJbNbGKPFXCWuBvf9Ss623VQ5DA consumed 1405 of 186442 compute units
[2025-11-05T06:35:20.274842000Z DEBUG solana_runtime::message_processor::stable_log] Program TokenkegQfeZyiNwAJbNbGKPFXCWuBvf9Ss623VQ5DA success
[2025-11-05T06:35:20.274876000Z DEBUG solana_runtime::message_processor::stable_log] Program TokenkegQfeZyiNwAJbNbGKPFXCWuBvf9Ss623VQ5DA invoke [2]
[2025-11-05T06:35:20.274900000Z DEBUG solana_runtime::message_processor::stable_log] Program log: Instruction: InitializeAccount3
[2025-11-05T06:35:20.274952000Z DEBUG solana_runtime::message_processor::stable_log] Program TokenkegQfeZyiNwAJbNbGKPFXCWuBvf9Ss623VQ5DA consumed 4214 of 182558 compute units
[2025-11-05T06:35:20.274960000Z DEBUG solana_runtime::message_processor::stable_log] Program TokenkegQfeZyiNwAJbNbGKPFXCWuBvf9Ss623VQ5DA success
[2025-11-05T06:35:20.274973000Z DEBUG solana_runtime::message_processor::stable_log] Program ATokenGPvbdGVxr1b2hvZbsiqW5xWH25efTNsLJA8knL consumed 21960 of 200000 compute units
[2025-11-05T06:35:20.274983000Z DEBUG solana_runtime::message_processor::stable_log] Program ATokenGPvbdGVxr1b2hvZbsiqW5xWH25efTNsLJA8knL success
[2025-11-05T06:35:20.278211000Z DEBUG solana_runtime::message_processor::stable_log] Program TokenkegQfeZyiNwAJbNbGKPFXCWuBvf9Ss623VQ5DA invoke [1]
[2025-11-05T06:35:20.278262000Z DEBUG solana_runtime::message_processor::stable_log] Program log: Instruction: MintTo
[2025-11-05T06:35:20.278329000Z DEBUG solana_runtime::message_processor::stable_log] Program TokenkegQfeZyiNwAJbNbGKPFXCWuBvf9Ss623VQ5DA consumed 4491 of 200000 compute units
[2025-11-05T06:35:20.278433000Z DEBUG solana_runtime::message_processor::stable_log] Program TokenkegQfeZyiNwAJbNbGKPFXCWuBvf9Ss623VQ5DA success
[2025-11-05T06:35:20.292296000Z DEBUG solana_runtime::message_processor::stable_log] Program ASmKWt93JEMHxbdE6j7znD9y2FcdPboCzC3xtSTJvN7S invoke [1]
[2025-11-05T06:35:20.292380000Z DEBUG solana_runtime::message_processor::stable_log] Program log: Instruction: CreateConfig
[2025-11-05T06:35:20.292486000Z DEBUG solana_runtime::message_processor::stable_log] Program 11111111111111111111111111111111 invoke [2]
[2025-11-05T06:35:20.292494000Z DEBUG solana_runtime::message_processor::stable_log] Program 11111111111111111111111111111111 success
[2025-11-05T06:35:20.292589000Z DEBUG solana_runtime::message_processor::stable_log] Program ASmKWt93JEMHxbdE6j7znD9y2FcdPboCzC3xtSTJvN7S invoke [2]
[2025-11-05T06:35:20.292626000Z DEBUG solana_runtime::message_processor::stable_log] Program ASmKWt93JEMHxbdE6j7znD9y2FcdPboCzC3xtSTJvN7S consumed 2069 of 181595 compute units
[2025-11-05T06:35:20.292635000Z DEBUG solana_runtime::message_processor::stable_log] Program ASmKWt93JEMHxbdE6j7znD9y2FcdPboCzC3xtSTJvN7S success
[2025-11-05T06:35:20.292649000Z DEBUG solana_runtime::message_processor::stable_log] Program ASmKWt93JEMHxbdE6j7znD9y2FcdPboCzC3xtSTJvN7S consumed 20779 of 200000 compute units
[2025-11-05T06:35:20.292658000Z DEBUG solana_runtime::message_processor::stable_log] Program ASmKWt93JEMHxbdE6j7znD9y2FcdPboCzC3xtSTJvN7S success
[2025-11-05T06:35:20.317174000Z DEBUG solana_runtime::message_processor::stable_log] Program ASmKWt93JEMHxbdE6j7znD9y2FcdPboCzC3xtSTJvN7S invoke [1]
[2025-11-05T06:35:20.317339000Z DEBUG solana_runtime::message_processor::stable_log] Program log: Instruction: InitializePool
[2025-11-05T06:35:20.317525000Z DEBUG solana_runtime::message_processor::stable_log] Program 11111111111111111111111111111111 invoke [2]
[2025-11-05T06:35:20.317540000Z DEBUG solana_runtime::message_processor::stable_log] Program 11111111111111111111111111111111 success
[2025-11-05T06:35:20.317574000Z DEBUG solana_runtime::message_processor::stable_log] Program TokenzQdBNbLqP5VEhdkAS6EPFLC1PHnBqCXEpPxuEb invoke [2]
[2025-11-05T06:35:20.317608000Z DEBUG solana_runtime::message_processor::stable_log] Program log: MetadataPointerInstruction::Initialize
[2025-11-05T06:35:20.317643000Z DEBUG solana_runtime::message_processor::stable_log] Program TokenzQdBNbLqP5VEhdkAS6EPFLC1PHnBqCXEpPxuEb consumed 2442 of 334963 compute units
[2025-11-05T06:35:20.317652000Z DEBUG solana_runtime::message_processor::stable_log] Program TokenzQdBNbLqP5VEhdkAS6EPFLC1PHnBqCXEpPxuEb success
[2025-11-05T06:35:20.317686000Z DEBUG solana_runtime::message_processor::stable_log] Program TokenzQdBNbLqP5VEhdkAS6EPFLC1PHnBqCXEpPxuEb invoke [2]
[2025-11-05T06:35:20.317712000Z DEBUG solana_runtime::message_processor::stable_log] Program log: Instruction: InitializeMintCloseAuthority
[2025-11-05T06:35:20.317759000Z DEBUG solana_runtime::message_processor::stable_log] Program TokenzQdBNbLqP5VEhdkAS6EPFLC1PHnBqCXEpPxuEb consumed 2570 of 330543 compute units
[2025-11-05T06:35:20.317773000Z DEBUG solana_runtime::message_processor::stable_log] Program TokenzQdBNbLqP5VEhdkAS6EPFLC1PHnBqCXEpPxuEb success
[2025-11-05T06:35:20.317806000Z DEBUG solana_runtime::message_processor::stable_log] Program TokenzQdBNbLqP5VEhdkAS6EPFLC1PHnBqCXEpPxuEb invoke [2]
[2025-11-05T06:35:20.317834000Z DEBUG solana_runtime::message_processor::stable_log] Program log: Instruction: InitializeMint2
[2025-11-05T06:35:20.317902000Z DEBUG solana_runtime::message_processor::stable_log] Program TokenzQdBNbLqP5VEhdkAS6EPFLC1PHnBqCXEpPxuEb consumed 4078 of 326031 compute units
[2025-11-05T06:35:20.317912000Z DEBUG solana_runtime::message_processor::stable_log] Program TokenzQdBNbLqP5VEhdkAS6EPFLC1PHnBqCXEpPxuEb success
[2025-11-05T06:35:20.318058000Z DEBUG solana_runtime::message_processor::stable_log] Program 11111111111111111111111111111111 invoke [2]
[2025-11-05T06:35:20.318069000Z DEBUG solana_runtime::message_processor::stable_log] Program 11111111111111111111111111111111 success
[2025-11-05T06:35:20.318099000Z DEBUG solana_runtime::message_processor::stable_log] Program TokenzQdBNbLqP5VEhdkAS6EPFLC1PHnBqCXEpPxuEb invoke [2]
[2025-11-05T06:35:20.318171000Z DEBUG solana_runtime::message_processor::stable_log] Program log: Instruction: InitializeAccount3
[2025-11-05T06:35:20.318251000Z DEBUG solana_runtime::message_processor::stable_log] Program TokenzQdBNbLqP5VEhdkAS6EPFLC1PHnBqCXEpPxuEb consumed 5137 of 310847 compute units
[2025-11-05T06:35:20.318261000Z DEBUG solana_runtime::message_processor::stable_log] Program TokenzQdBNbLqP5VEhdkAS6EPFLC1PHnBqCXEpPxuEb success
[2025-11-05T06:35:20.318410000Z DEBUG solana_runtime::message_processor::stable_log] Program 11111111111111111111111111111111 invoke [2]
[2025-11-05T06:35:20.318418000Z DEBUG solana_runtime::message_processor::stable_log] Program 11111111111111111111111111111111 success
[2025-11-05T06:35:20.318500000Z DEBUG solana_runtime::message_processor::stable_log] Program 11111111111111111111111111111111 invoke [2]
[2025-11-05T06:35:20.318512000Z DEBUG solana_runtime::message_processor::stable_log] Program 11111111111111111111111111111111 success
[2025-11-05T06:35:20.318577000Z DEBUG solana_runtime::message_processor::stable_log] Program 11111111111111111111111111111111 invoke [2]
[2025-11-05T06:35:20.318581000Z DEBUG solana_runtime::message_processor::stable_log] Program 11111111111111111111111111111111 success
[2025-11-05T06:35:20.318608000Z DEBUG solana_runtime::message_processor::stable_log] Program TokenkegQfeZyiNwAJbNbGKPFXCWuBvf9Ss623VQ5DA invoke [2]
[2025-11-05T06:35:20.318641000Z DEBUG solana_runtime::message_processor::stable_log] Program log: Instruction: InitializeAccount3
[2025-11-05T06:35:20.318699000Z DEBUG solana_runtime::message_processor::stable_log] Program TokenkegQfeZyiNwAJbNbGKPFXCWuBvf9Ss623VQ5DA consumed 4214 of 281244 compute units
[2025-11-05T06:35:20.318707000Z DEBUG solana_runtime::message_processor::stable_log] Program TokenkegQfeZyiNwAJbNbGKPFXCWuBvf9Ss623VQ5DA success
[2025-11-05T06:35:20.318804000Z DEBUG solana_runtime::message_processor::stable_log] Program 11111111111111111111111111111111 invoke [2]
[2025-11-05T06:35:20.318809000Z DEBUG solana_runtime::message_processor::stable_log] Program 11111111111111111111111111111111 success
[2025-11-05T06:35:20.318836000Z DEBUG solana_runtime::message_processor::stable_log] Program TokenkegQfeZyiNwAJbNbGKPFXCWuBvf9Ss623VQ5DA invoke [2]
[2025-11-05T06:35:20.318863000Z DEBUG solana_runtime::message_processor::stable_log] Program log: Instruction: InitializeAccount3
[2025-11-05T06:35:20.318912000Z DEBUG solana_runtime::message_processor::stable_log] Program TokenkegQfeZyiNwAJbNbGKPFXCWuBvf9Ss623VQ5DA consumed 4214 of 266605 compute units
[2025-11-05T06:35:20.318920000Z DEBUG solana_runtime::message_processor::stable_log] Program TokenkegQfeZyiNwAJbNbGKPFXCWuBvf9Ss623VQ5DA success
[2025-11-05T06:35:20.319160000Z DEBUG solana_runtime::message_processor::stable_log] Program TokenzQdBNbLqP5VEhdkAS6EPFLC1PHnBqCXEpPxuEb invoke [2]
[2025-11-05T06:35:20.319218000Z DEBUG solana_runtime::message_processor::stable_log] Program log: TokenMetadataInstruction: Initialize
[2025-11-05T06:35:20.319383000Z DEBUG solana_runtime::message_processor::stable_log] Program TokenzQdBNbLqP5VEhdkAS6EPFLC1PHnBqCXEpPxuEb consumed 9900 of 250103 compute units
[2025-11-05T06:35:20.319396000Z DEBUG solana_runtime::message_processor::stable_log] Program TokenzQdBNbLqP5VEhdkAS6EPFLC1PHnBqCXEpPxuEb success
[2025-11-05T06:35:20.319439000Z DEBUG solana_runtime::message_processor::stable_log] Program 11111111111111111111111111111111 invoke [2]
[2025-11-05T06:35:20.319444000Z DEBUG solana_runtime::message_processor::stable_log] Program 11111111111111111111111111111111 success
[2025-11-05T06:35:20.319483000Z DEBUG solana_runtime::message_processor::stable_log] Program TokenzQdBNbLqP5VEhdkAS6EPFLC1PHnBqCXEpPxuEb invoke [2]
[2025-11-05T06:35:20.319516000Z DEBUG solana_runtime::message_processor::stable_log] Program log: Instruction: MintTo
[2025-11-05T06:35:20.319590000Z DEBUG solana_runtime::message_processor::stable_log] Program TokenzQdBNbLqP5VEhdkAS6EPFLC1PHnBqCXEpPxuEb consumed 5540 of 235141 compute units
[2025-11-05T06:35:20.319607000Z DEBUG solana_runtime::message_processor::stable_log] Program TokenzQdBNbLqP5VEhdkAS6EPFLC1PHnBqCXEpPxuEb success
[2025-11-05T06:35:20.319659000Z DEBUG solana_runtime::message_processor::stable_log] Program ASmKWt93JEMHxbdE6j7znD9y2FcdPboCzC3xtSTJvN7S invoke [2]
[2025-11-05T06:35:20.319690000Z DEBUG solana_runtime::message_processor::stable_log] Program ASmKWt93JEMHxbdE6j7znD9y2FcdPboCzC3xtSTJvN7S consumed 2069 of 226536 compute units
[2025-11-05T06:35:20.319699000Z DEBUG solana_runtime::message_processor::stable_log] Program ASmKWt93JEMHxbdE6j7znD9y2FcdPboCzC3xtSTJvN7S success
[2025-11-05T06:35:20.319743000Z DEBUG solana_runtime::message_processor::stable_log] Program TokenkegQfeZyiNwAJbNbGKPFXCWuBvf9Ss623VQ5DA invoke [2]
[2025-11-05T06:35:20.319788000Z DEBUG solana_runtime::message_processor::stable_log] Program log: Instruction: TransferChecked
[2025-11-05T06:35:20.319860000Z DEBUG solana_runtime::message_processor::stable_log] Program TokenkegQfeZyiNwAJbNbGKPFXCWuBvf9Ss623VQ5DA consumed 6174 of 221923 compute units
[2025-11-05T06:35:20.319869000Z DEBUG solana_runtime::message_processor::stable_log] Program TokenkegQfeZyiNwAJbNbGKPFXCWuBvf9Ss623VQ5DA success
[2025-11-05T06:35:20.319908000Z DEBUG solana_runtime::message_processor::stable_log] Program TokenkegQfeZyiNwAJbNbGKPFXCWuBvf9Ss623VQ5DA invoke [2]
[2025-11-05T06:35:20.319937000Z DEBUG solana_runtime::message_processor::stable_log] Program log: Instruction: TransferChecked
[2025-11-05T06:35:20.320003000Z DEBUG solana_runtime::message_processor::stable_log] Program TokenkegQfeZyiNwAJbNbGKPFXCWuBvf9Ss623VQ5DA consumed 6174 of 213339 compute units
[2025-11-05T06:35:20.320011000Z DEBUG solana_runtime::message_processor::stable_log] Program TokenkegQfeZyiNwAJbNbGKPFXCWuBvf9Ss623VQ5DA success
[2025-11-05T06:35:20.320084000Z DEBUG solana_runtime::message_processor::stable_log] Program ASmKWt93JEMHxbdE6j7znD9y2FcdPboCzC3xtSTJvN7S invoke [2]
[2025-11-05T06:35:20.320113000Z DEBUG solana_runtime::message_processor::stable_log] Program ASmKWt93JEMHxbdE6j7znD9y2FcdPboCzC3xtSTJvN7S consumed 2069 of 202084 compute units
[2025-11-05T06:35:20.320121000Z DEBUG solana_runtime::message_processor::stable_log] Program ASmKWt93JEMHxbdE6j7znD9y2FcdPboCzC3xtSTJvN7S success
[2025-11-05T06:35:20.320147000Z DEBUG solana_runtime::message_processor::stable_log] Program ASmKWt93JEMHxbdE6j7znD9y2FcdPboCzC3xtSTJvN7S consumed 150779 of 350000 compute units
[2025-11-05T06:35:20.320158000Z DEBUG solana_runtime::message_processor::stable_log] Program ASmKWt93JEMHxbdE6j7znD9y2FcdPboCzC3xtSTJvN7S success
[2025-11-05T06:35:20.320168000Z DEBUG solana_runtime::message_processor::stable_log] Program ComputeBudget111111111111111111111111111111 invoke [1]
[2025-11-05T06:35:20.320176000Z DEBUG solana_runtime::message_processor::stable_log] Program ComputeBudget111111111111111111111111111111 success
[2025-11-05T06:35:20.339980000Z DEBUG solana_runtime::message_processor::stable_log] Program 5B57SJ3g2YoNXUpsZqqjEQkRSxyKtVTQRXdgAirz6bio invoke [1]
[2025-11-05T06:35:20.340090000Z DEBUG solana_runtime::message_processor::stable_log] Program log: Instruction: InitializeHonoraryPosition
[2025-11-05T06:35:20.340251000Z DEBUG solana_runtime::message_processor::stable_log] Program 11111111111111111111111111111111 invoke [2]
[2025-11-05T06:35:20.340261000Z DEBUG solana_runtime::message_processor::stable_log] Program 11111111111111111111111111111111 success
[2025-11-05T06:35:20.340349000Z DEBUG solana_runtime::message_processor::stable_log] Program 11111111111111111111111111111111 invoke [2]
[2025-11-05T06:35:20.340353000Z DEBUG solana_runtime::message_processor::stable_log] Program 11111111111111111111111111111111 success
[2025-11-05T06:35:20.340381000Z DEBUG solana_runtime::message_processor::stable_log] Program TokenkegQfeZyiNwAJbNbGKPFXCWuBvf9Ss623VQ5DA invoke [2]
[2025-11-05T06:35:20.340415000Z DEBUG solana_runtime::message_processor::stable_log] Program log: Instruction: InitializeAccount3
[2025-11-05T06:35:20.340473000Z DEBUG solana_runtime::message_processor::stable_log] Program TokenkegQfeZyiNwAJbNbGKPFXCWuBvf9Ss623VQ5DA consumed 4214 of 175612 compute units
[2025-11-05T06:35:20.340484000Z DEBUG solana_runtime::message_processor::stable_log] Program TokenkegQfeZyiNwAJbNbGKPFXCWuBvf9Ss623VQ5DA success
[2025-11-05T06:35:20.340583000Z DEBUG solana_runtime::message_processor::stable_log] Program 11111111111111111111111111111111 invoke [2]
[2025-11-05T06:35:20.340586000Z DEBUG solana_runtime::message_processor::stable_log] Program 11111111111111111111111111111111 success
[2025-11-05T06:35:20.340613000Z DEBUG solana_runtime::message_processor::stable_log] Program TokenkegQfeZyiNwAJbNbGKPFXCWuBvf9Ss623VQ5DA invoke [2]
[2025-11-05T06:35:20.340639000Z DEBUG solana_runtime::message_processor::stable_log] Program log: Instruction: InitializeAccount3
[2025-11-05T06:35:20.340700000Z DEBUG solana_runtime::message_processor::stable_log] Program TokenkegQfeZyiNwAJbNbGKPFXCWuBvf9Ss623VQ5DA consumed 4214 of 160976 compute units
[2025-11-05T06:35:20.340709000Z DEBUG solana_runtime::message_processor::stable_log] Program TokenkegQfeZyiNwAJbNbGKPFXCWuBvf9Ss623VQ5DA success
[2025-11-05T06:35:20.340762000Z DEBUG solana_runtime::message_processor::stable_log] Program log: Creating honorary position through CP-AMM CPI
[2025-11-05T06:35:20.340836000Z DEBUG solana_runtime::message_processor::stable_log] Program ASmKWt93JEMHxbdE6j7znD9y2FcdPboCzC3xtSTJvN7S invoke [2]
[2025-11-05T06:35:20.340903000Z DEBUG solana_runtime::message_processor::stable_log] Program log: Instruction: CreatePosition
[2025-11-05T06:35:20.341006000Z DEBUG solana_runtime::message_processor::stable_log] Program 11111111111111111111111111111111 invoke [3]
[2025-11-05T06:35:20.341011000Z DEBUG solana_runtime::message_processor::stable_log] Program 11111111111111111111111111111111 success
[2025-11-05T06:35:20.341041000Z DEBUG solana_runtime::message_processor::stable_log] Program TokenzQdBNbLqP5VEhdkAS6EPFLC1PHnBqCXEpPxuEb invoke [3]
[2025-11-05T06:35:20.341073000Z DEBUG solana_runtime::message_processor::stable_log] Program log: MetadataPointerInstruction::Initialize
[2025-11-05T06:35:20.341108000Z DEBUG solana_runtime::message_processor::stable_log] Program TokenzQdBNbLqP5VEhdkAS6EPFLC1PHnBqCXEpPxuEb consumed 2442 of 135670 compute units
[2025-11-05T06:35:20.341115000Z DEBUG solana_runtime::message_processor::stable_log] Program TokenzQdBNbLqP5VEhdkAS6EPFLC1PHnBqCXEpPxuEb success
[2025-11-05T06:35:20.341144000Z DEBUG solana_runtime::message_processor::stable_log] Program TokenzQdBNbLqP5VEhdkAS6EPFLC1PHnBqCXEpPxuEb invoke [3]
[2025-11-05T06:35:20.341164000Z DEBUG solana_runtime::message_processor::stable_log] Program log: Instruction: InitializeMintCloseAuthority
[2025-11-05T06:35:20.341197000Z DEBUG solana_runtime::message_processor::stable_log] Program TokenzQdBNbLqP5VEhdkAS6EPFLC1PHnBqCXEpPxuEb consumed 2570 of 131250 compute units
[2025-11-05T06:35:20.341206000Z DEBUG solana_runtime::message_processor::stable_log] Program TokenzQdBNbLqP5VEhdkAS6EPFLC1PHnBqCXEpPxuEb success
[2025-11-05T06:35:20.341234000Z DEBUG solana_runtime::message_processor::stable_log] Program TokenzQdBNbLqP5VEhdkAS6EPFLC1PHnBqCXEpPxuEb invoke [3]
[2025-11-05T06:35:20.341254000Z DEBUG solana_runtime::message_processor::stable_log] Program log: Instruction: InitializeMint2
[2025-11-05T06:35:20.341314000Z DEBUG solana_runtime::message_processor::stable_log] Program TokenzQdBNbLqP5VEhdkAS6EPFLC1PHnBqCXEpPxuEb consumed 4078 of 126737 compute units
[2025-11-05T06:35:20.341322000Z DEBUG solana_runtime::message_processor::stable_log] Program TokenzQdBNbLqP5VEhdkAS6EPFLC1PHnBqCXEpPxuEb success
[2025-11-05T06:35:20.341437000Z DEBUG solana_runtime::message_processor::stable_log] Program 11111111111111111111111111111111 invoke [3]
[2025-11-05T06:35:20.341440000Z DEBUG solana_runtime::message_processor::stable_log] Program 11111111111111111111111111111111 success
[2025-11-05T06:35:20.341466000Z DEBUG solana_runtime::message_processor::stable_log] Program TokenzQdBNbLqP5VEhdkAS6EPFLC1PHnBqCXEpPxuEb invoke [3]
[2025-11-05T06:35:20.341490000Z DEBUG solana_runtime::message_processor::stable_log] Program log: Instruction: InitializeAccount3
[2025-11-05T06:35:20.341565000Z DEBUG solana_runtime::message_processor::stable_log] Program TokenzQdBNbLqP5VEhdkAS6EPFLC1PHnBqCXEpPxuEb consumed 5137 of 113053 compute units
[2025-11-05T06:35:20.341574000Z DEBUG solana_runtime::message_processor::stable_log] Program TokenzQdBNbLqP5VEhdkAS6EPFLC1PHnBqCXEpPxuEb success
[2025-11-05T06:35:20.341667000Z DEBUG solana_runtime::message_processor::stable_log] Program 11111111111111111111111111111111 invoke [3]
[2025-11-05T06:35:20.341671000Z DEBUG solana_runtime::message_processor::stable_log] Program 11111111111111111111111111111111 success
[2025-11-05T06:35:20.341767000Z DEBUG solana_runtime::message_processor::stable_log] Program TokenzQdBNbLqP5VEhdkAS6EPFLC1PHnBqCXEpPxuEb invoke [3]
[2025-11-05T06:35:20.341816000Z DEBUG solana_runtime::message_processor::stable_log] Program log: TokenMetadataInstruction: Initialize
[2025-11-05T06:35:20.341940000Z DEBUG solana_runtime::message_processor::stable_log] Program TokenzQdBNbLqP5VEhdkAS6EPFLC1PHnBqCXEpPxuEb consumed 9900 of 94823 compute units
[2025-11-05T06:35:20.341952000Z DEBUG solana_runtime::message_processor::stable_log] Program TokenzQdBNbLqP5VEhdkAS6EPFLC1PHnBqCXEpPxuEb success
[2025-11-05T06:35:20.341992000Z DEBUG solana_runtime::message_processor::stable_log] Program 11111111111111111111111111111111 invoke [3]
[2025-11-05T06:35:20.341995000Z DEBUG solana_runtime::message_processor::stable_log] Program 11111111111111111111111111111111 success
[2025-11-05T06:35:20.342032000Z DEBUG solana_runtime::message_processor::stable_log] Program TokenzQdBNbLqP5VEhdkAS6EPFLC1PHnBqCXEpPxuEb invoke [3]
[2025-11-05T06:35:20.342060000Z DEBUG solana_runtime::message_processor::stable_log] Program log: Instruction: MintTo
[2025-11-05T06:35:20.342129000Z DEBUG solana_runtime::message_processor::stable_log] Program TokenzQdBNbLqP5VEhdkAS6EPFLC1PHnBqCXEpPxuEb consumed 5540 of 79861 compute units
[2025-11-05T06:35:20.342137000Z DEBUG solana_runtime::message_processor::stable_log] Program TokenzQdBNbLqP5VEhdkAS6EPFLC1PHnBqCXEpPxuEb success
[2025-11-05T06:35:20.342186000Z DEBUG solana_runtime::message_processor::stable_log] Program ASmKWt93JEMHxbdE6j7znD9y2FcdPboCzC3xtSTJvN7S invoke [3]
[2025-11-05T06:35:20.342217000Z DEBUG solana_runtime::message_processor::stable_log] Program ASmKWt93JEMHxbdE6j7znD9y2FcdPboCzC3xtSTJvN7S consumed 2069 of 71255 compute units
[2025-11-05T06:35:20.342225000Z DEBUG solana_runtime::message_processor::stable_log] Program ASmKWt93JEMHxbdE6j7znD9y2FcdPboCzC3xtSTJvN7S success
[2025-11-05T06:35:20.342251000Z DEBUG solana_runtime::message_processor::stable_log] Program ASmKWt93JEMHxbdE6j7znD9y2FcdPboCzC3xtSTJvN7S consumed 76100 of 144714 compute units
[2025-11-05T06:35:20.342281000Z DEBUG solana_runtime::message_processor::stable_log] Program ASmKWt93JEMHxbdE6j7znD9y2FcdPboCzC3xtSTJvN7S success
[2025-11-05T06:35:20.342316000Z DEBUG solana_runtime::message_processor::stable_log] Program data: B9TwvmYpSymRM1j0m4+LGoxyLO3LY2ssIccvqzdjRxHWbsooziVU7Ezj/HBPAZOvtlmozWsWSU8C4W+Ui1/UN9xtSMYBe+1sQFuN6Cm3B+rip6L4W7K4yIkI3CA9MWF+FaqDIWTgsNBynMy3drqHaNhb/ot3iQJuRweVBw42o3XLklo9eVeJjO0tBuXk5CgdYjfFZn6xzJ5IKCdJ2vza5oIBvfmZ4n0hKPAKaQAAAAA=
[2025-11-05T06:35:20.342334000Z DEBUG solana_runtime::message_processor::stable_log] Program 5B57SJ3g2YoNXUpsZqqjEQkRSxyKtVTQRXdgAirz6bio consumed 133480 of 200000 compute units
[2025-11-05T06:35:20.342345000Z DEBUG solana_runtime::message_processor::stable_log] Program 5B57SJ3g2YoNXUpsZqqjEQkRSxyKtVTQRXdgAirz6bio success
[2025-11-05T06:35:20.348394000Z DEBUG solana_runtime::message_processor::stable_log] Program 5B57SJ3g2YoNXUpsZqqjEQkRSxyKtVTQRXdgAirz6bio invoke [1]
[2025-11-05T06:35:20.348466000Z DEBUG solana_runtime::message_processor::stable_log] Program log: Instruction: SetupPolicy
[2025-11-05T06:35:20.348542000Z DEBUG solana_runtime::message_processor::stable_log] Program 11111111111111111111111111111111 invoke [2]
[2025-11-05T06:35:20.348549000Z DEBUG solana_runtime::message_processor::stable_log] Program 11111111111111111111111111111111 success
[2025-11-05T06:35:20.348680000Z DEBUG solana_runtime::message_processor::stable_log] Program 11111111111111111111111111111111 invoke [2]
[2025-11-05T06:35:20.348685000Z DEBUG solana_runtime::message_processor::stable_log] Program 11111111111111111111111111111111 success
[2025-11-05T06:35:20.348723000Z DEBUG solana_runtime::message_processor::stable_log] Program data: HFXHbHKxoyaRM1j0m4+LGoxyLO3LY2ssIccvqzdjRxHWbsooziVU7J377qd3HUwfd8TRFyJP/i2wK/jwa8EOlemI3hb07j1nECdAS0wAAAAAACjwCmkAAAAA
[2025-11-05T06:35:20.348749000Z DEBUG solana_runtime::message_processor::stable_log] Program 5B57SJ3g2YoNXUpsZqqjEQkRSxyKtVTQRXdgAirz6bio consumed 21026 of 200000 compute units
[2025-11-05T06:35:20.348762000Z DEBUG solana_runtime::message_processor::stable_log] Program 5B57SJ3g2YoNXUpsZqqjEQkRSxyKtVTQRXdgAirz6bio success
[2025-11-05T06:35:20.367178000Z DEBUG solana_runtime::message_processor::stable_log] Program 5B57SJ3g2YoNXUpsZqqjEQkRSxyKtVTQRXdgAirz6bio invoke [1]
[2025-11-05T06:35:20.367293000Z DEBUG solana_runtime::message_processor::stable_log] Program log: Instruction: AddHonoraryLiquidity
[2025-11-05T06:35:20.367575000Z DEBUG solana_runtime::message_processor::stable_log] Program log: Adding liquidity to honorary position
[2025-11-05T06:35:20.367785000Z DEBUG solana_runtime::message_processor::stable_log] Program TokenkegQfeZyiNwAJbNbGKPFXCWuBvf9Ss623VQ5DA invoke [2]
[2025-11-05T06:35:20.367828000Z DEBUG solana_runtime::message_processor::stable_log] Program log: Instruction: TransferChecked
[2025-11-05T06:35:20.367903000Z DEBUG solana_runtime::message_processor::stable_log] Program TokenkegQfeZyiNwAJbNbGKPFXCWuBvf9Ss623VQ5DA consumed 6174 of 169743 compute units
[2025-11-05T06:35:20.367916000Z DEBUG solana_runtime::message_processor::stable_log] Program TokenkegQfeZyiNwAJbNbGKPFXCWuBvf9Ss623VQ5DA success
[2025-11-05T06:35:20.367963000Z DEBUG solana_runtime::message_processor::stable_log] Program TokenkegQfeZyiNwAJbNbGKPFXCWuBvf9Ss623VQ5DA invoke [2]
[2025-11-05T06:35:20.367994000Z DEBUG solana_runtime::message_processor::stable_log] Program log: Instruction: TransferChecked
[2025-11-05T06:35:20.368069000Z DEBUG solana_runtime::message_processor::stable_log] Program TokenkegQfeZyiNwAJbNbGKPFXCWuBvf9Ss623VQ5DA consumed 6174 of 160836 compute units
[2025-11-05T06:35:20.368079000Z DEBUG solana_runtime::message_processor::stable_log] Program TokenkegQfeZyiNwAJbNbGKPFXCWuBvf9Ss623VQ5DA success
[2025-11-05T06:35:20.368181000Z DEBUG solana_runtime::message_processor::stable_log] Program ASmKWt93JEMHxbdE6j7znD9y2FcdPboCzC3xtSTJvN7S invoke [2]
[2025-11-05T06:35:20.368259000Z DEBUG solana_runtime::message_processor::stable_log] Program log: Instruction: AddLiquidity
[2025-11-05T06:35:20.368536000Z DEBUG solana_runtime::message_processor::stable_log] Program TokenkegQfeZyiNwAJbNbGKPFXCWuBvf9Ss623VQ5DA invoke [3]
[2025-11-05T06:35:20.368576000Z DEBUG solana_runtime::message_processor::stable_log] Program log: Instruction: TransferChecked
[2025-11-05T06:35:20.368651000Z DEBUG solana_runtime::message_processor::stable_log] Program TokenkegQfeZyiNwAJbNbGKPFXCWuBvf9Ss623VQ5DA consumed 6174 of 122256 compute units
[2025-11-05T06:35:20.368660000Z DEBUG solana_runtime::message_processor::stable_log] Program TokenkegQfeZyiNwAJbNbGKPFXCWuBvf9Ss623VQ5DA success
[2025-11-05T06:35:20.368701000Z DEBUG solana_runtime::message_processor::stable_log] Program TokenkegQfeZyiNwAJbNbGKPFXCWuBvf9Ss623VQ5DA invoke [3]
[2025-11-05T06:35:20.368729000Z DEBUG solana_runtime::message_processor::stable_log] Program log: Instruction: TransferChecked
[2025-11-05T06:35:20.368796000Z DEBUG solana_runtime::message_processor::stable_log] Program TokenkegQfeZyiNwAJbNbGKPFXCWuBvf9Ss623VQ5DA consumed 6174 of 113672 compute units
[2025-11-05T06:35:20.368804000Z DEBUG solana_runtime::message_processor::stable_log] Program TokenkegQfeZyiNwAJbNbGKPFXCWuBvf9Ss623VQ5DA success
[2025-11-05T06:35:20.368853000Z DEBUG solana_runtime::message_processor::stable_log] Program ASmKWt93JEMHxbdE6j7znD9y2FcdPboCzC3xtSTJvN7S invoke [3]
[2025-11-05T06:35:20.368885000Z DEBUG solana_runtime::message_processor::stable_log] Program ASmKWt93JEMHxbdE6j7znD9y2FcdPboCzC3xtSTJvN7S consumed 2069 of 104244 compute units
[2025-11-05T06:35:20.368893000Z DEBUG solana_runtime::message_processor::stable_log] Program ASmKWt93JEMHxbdE6j7znD9y2FcdPboCzC3xtSTJvN7S success
[2025-11-05T06:35:20.368992000Z DEBUG solana_runtime::message_processor::stable_log] Program ASmKWt93JEMHxbdE6j7znD9y2FcdPboCzC3xtSTJvN7S invoke [3]
[2025-11-05T06:35:20.369022000Z DEBUG solana_runtime::message_processor::stable_log] Program ASmKWt93JEMHxbdE6j7znD9y2FcdPboCzC3xtSTJvN7S consumed 2069 of 95741 compute units
[2025-11-05T06:35:20.369030000Z DEBUG solana_runtime::message_processor::stable_log] Program ASmKWt93JEMHxbdE6j7znD9y2FcdPboCzC3xtSTJvN7S success
[2025-11-05T06:35:20.369051000Z DEBUG solana_runtime::message_processor::stable_log] Program ASmKWt93JEMHxbdE6j7znD9y2FcdPboCzC3xtSTJvN7S consumed 50736 of 143767 compute units
[2025-11-05T06:35:20.369063000Z DEBUG solana_runtime::message_processor::stable_log] Program ASmKWt93JEMHxbdE6j7znD9y2FcdPboCzC3xtSTJvN7S success
[2025-11-05T06:35:20.369096000Z DEBUG solana_runtime::message_processor::stable_log] Program log: Successfully added 1844674407370955161600 liquidity to honorary position
[2025-11-05T06:35:20.369108000Z DEBUG solana_runtime::message_processor::stable_log] Program 5B57SJ3g2YoNXUpsZqqjEQkRSxyKtVTQRXdgAirz6bio consumed 108647 of 200000 compute units
[2025-11-05T06:35:20.369121000Z DEBUG solana_runtime::message_processor::stable_log] Program 5B57SJ3g2YoNXUpsZqqjEQkRSxyKtVTQRXdgAirz6bio success

  Setting up MOSTLY_UNLOCKED scenario with expected 20% locked...
[2025-11-05T06:35:20.377638000Z DEBUG solana_runtime::message_processor::stable_log] Program 11111111111111111111111111111111 invoke [1]
[2025-11-05T06:35:20.377655000Z DEBUG solana_runtime::message_processor::stable_log] Program 11111111111111111111111111111111 success
  Stream 0: 20% locked, expected locked amount: 200000, amount_per_period: 2777
[2025-11-05T06:35:20.381959000Z DEBUG solana_runtime::message_processor::stable_log] Program ATokenGPvbdGVxr1b2hvZbsiqW5xWH25efTNsLJA8knL invoke [1]
[2025-11-05T06:35:20.382035000Z DEBUG solana_runtime::message_processor::stable_log] Program log: Create
[2025-11-05T06:35:20.382097000Z DEBUG solana_runtime::message_processor::stable_log] Program TokenkegQfeZyiNwAJbNbGKPFXCWuBvf9Ss623VQ5DA invoke [2]
[2025-11-05T06:35:20.382127000Z DEBUG solana_runtime::message_processor::stable_log] Program log: Instruction: GetAccountDataSize
[2025-11-05T06:35:20.382146000Z DEBUG solana_runtime::message_processor::stable_log] Program TokenkegQfeZyiNwAJbNbGKPFXCWuBvf9Ss623VQ5DA consumed 1595 of 193055 compute units
[2025-11-05T06:35:20.382154000Z DEBUG solana_runtime::message_processor::stable_log] Program return: TokenkegQfeZyiNwAJbNbGKPFXCWuBvf9Ss623VQ5DA pQAAAAAAAAA=
[2025-11-05T06:35:20.382162000Z DEBUG solana_runtime::message_processor::stable_log] Program TokenkegQfeZyiNwAJbNbGKPFXCWuBvf9Ss623VQ5DA success
[2025-11-05T06:35:20.382215000Z DEBUG solana_runtime::message_processor::stable_log] Program 11111111111111111111111111111111 invoke [2]
[2025-11-05T06:35:20.382221000Z DEBUG solana_runtime::message_processor::stable_log] Program 11111111111111111111111111111111 success
[2025-11-05T06:35:20.382226000Z DEBUG solana_runtime::message_processor::stable_log] Program log: Initialize the associated token account
[2025-11-05T06:35:20.382244000Z DEBUG solana_runtime::message_processor::stable_log] Program TokenkegQfeZyiNwAJbNbGKPFXCWuBvf9Ss623VQ5DA invoke [2]
[2025-11-05T06:35:20.382265000Z DEBUG solana_runtime::message_processor::stable_log] Program log: Instruction: InitializeImmutableOwner
[2025-11-05T06:35:20.382277000Z DEBUG solana_runtime::message_processor::stable_log] Program log: Please upgrade to SPL Token 2022 for immutable owner support
[2025-11-05T06:35:20.382280000Z DEBUG solana_runtime::message_processor::stable_log] Program TokenkegQfeZyiNwAJbNbGKPFXCWuBvf9Ss623VQ5DA consumed 1405 of 186442 compute units
[2025-11-05T06:35:20.382288000Z DEBUG solana_runtime::message_processor::stable_log] Program TokenkegQfeZyiNwAJbNbGKPFXCWuBvf9Ss623VQ5DA success
[2025-11-05T06:35:20.382322000Z DEBUG solana_runtime::message_processor::stable_log] Program TokenkegQfeZyiNwAJbNbGKPFXCWuBvf9Ss623VQ5DA invoke [2]
[2025-11-05T06:35:20.382347000Z DEBUG solana_runtime::message_processor::stable_log] Program log: Instruction: InitializeAccount3
[2025-11-05T06:35:20.382400000Z DEBUG solana_runtime::message_processor::stable_log] Program TokenkegQfeZyiNwAJbNbGKPFXCWuBvf9Ss623VQ5DA consumed 4214 of 182558 compute units
[2025-11-05T06:35:20.382408000Z DEBUG solana_runtime::message_processor::stable_log] Program TokenkegQfeZyiNwAJbNbGKPFXCWuBvf9Ss623VQ5DA success
[2025-11-05T06:35:20.382420000Z DEBUG solana_runtime::message_processor::stable_log] Program ATokenGPvbdGVxr1b2hvZbsiqW5xWH25efTNsLJA8knL consumed 21960 of 200000 compute units
[2025-11-05T06:35:20.382429000Z DEBUG solana_runtime::message_processor::stable_log] Program ATokenGPvbdGVxr1b2hvZbsiqW5xWH25efTNsLJA8knL success
[2025-11-05T06:35:20.390397000Z DEBUG solana_runtime::message_processor::stable_log] Program 11111111111111111111111111111111 invoke [1]
[2025-11-05T06:35:20.390415000Z DEBUG solana_runtime::message_processor::stable_log] Program 11111111111111111111111111111111 success
  Stream 1: 20% locked, expected locked amount: 200000, amount_per_period: 2777
[2025-11-05T06:35:20.394621000Z DEBUG solana_runtime::message_processor::stable_log] Program ATokenGPvbdGVxr1b2hvZbsiqW5xWH25efTNsLJA8knL invoke [1]
[2025-11-05T06:35:20.394691000Z DEBUG solana_runtime::message_processor::stable_log] Program log: Create
[2025-11-05T06:35:20.394750000Z DEBUG solana_runtime::message_processor::stable_log] Program TokenkegQfeZyiNwAJbNbGKPFXCWuBvf9Ss623VQ5DA invoke [2]
[2025-11-05T06:35:20.394779000Z DEBUG solana_runtime::message_processor::stable_log] Program log: Instruction: GetAccountDataSize
[2025-11-05T06:35:20.394796000Z DEBUG solana_runtime::message_processor::stable_log] Program TokenkegQfeZyiNwAJbNbGKPFXCWuBvf9Ss623VQ5DA consumed 1595 of 193055 compute units
[2025-11-05T06:35:20.394804000Z DEBUG solana_runtime::message_processor::stable_log] Program return: TokenkegQfeZyiNwAJbNbGKPFXCWuBvf9Ss623VQ5DA pQAAAAAAAAA=
[2025-11-05T06:35:20.394812000Z DEBUG solana_runtime::message_processor::stable_log] Program TokenkegQfeZyiNwAJbNbGKPFXCWuBvf9Ss623VQ5DA success
[2025-11-05T06:35:20.394865000Z DEBUG solana_runtime::message_processor::stable_log] Program 11111111111111111111111111111111 invoke [2]
[2025-11-05T06:35:20.394872000Z DEBUG solana_runtime::message_processor::stable_log] Program 11111111111111111111111111111111 success
[2025-11-05T06:35:20.394877000Z DEBUG solana_runtime::message_processor::stable_log] Program log: Initialize the associated token account
[2025-11-05T06:35:20.394895000Z DEBUG solana_runtime::message_processor::stable_log] Program TokenkegQfeZyiNwAJbNbGKPFXCWuBvf9Ss623VQ5DA invoke [2]
[2025-11-05T06:35:20.394930000Z DEBUG solana_runtime::message_processor::stable_log] Program log: Instruction: InitializeImmutableOwner
[2025-11-05T06:35:20.394946000Z DEBUG solana_runtime::message_processor::stable_log] Program log: Please upgrade to SPL Token 2022 for immutable owner support
[2025-11-05T06:35:20.394949000Z DEBUG solana_runtime::message_processor::stable_log] Program TokenkegQfeZyiNwAJbNbGKPFXCWuBvf9Ss623VQ5DA consumed 1405 of 186442 compute units
[2025-11-05T06:35:20.394957000Z DEBUG solana_runtime::message_processor::stable_log] Program TokenkegQfeZyiNwAJbNbGKPFXCWuBvf9Ss623VQ5DA success
[2025-11-05T06:35:20.394990000Z DEBUG solana_runtime::message_processor::stable_log] Program TokenkegQfeZyiNwAJbNbGKPFXCWuBvf9Ss623VQ5DA invoke [2]
[2025-11-05T06:35:20.395015000Z DEBUG solana_runtime::message_processor::stable_log] Program log: Instruction: InitializeAccount3
[2025-11-05T06:35:20.395068000Z DEBUG solana_runtime::message_processor::stable_log] Program TokenkegQfeZyiNwAJbNbGKPFXCWuBvf9Ss623VQ5DA consumed 4214 of 182558 compute units
[2025-11-05T06:35:20.395079000Z DEBUG solana_runtime::message_processor::stable_log] Program TokenkegQfeZyiNwAJbNbGKPFXCWuBvf9Ss623VQ5DA success
[2025-11-05T06:35:20.395091000Z DEBUG solana_runtime::message_processor::stable_log] Program ATokenGPvbdGVxr1b2hvZbsiqW5xWH25efTNsLJA8knL consumed 21960 of 200000 compute units
[2025-11-05T06:35:20.395100000Z DEBUG solana_runtime::message_processor::stable_log] Program ATokenGPvbdGVxr1b2hvZbsiqW5xWH25efTNsLJA8knL success
[2025-11-05T06:35:20.403325000Z DEBUG solana_runtime::message_processor::stable_log] Program 11111111111111111111111111111111 invoke [1]
[2025-11-05T06:35:20.403342000Z DEBUG solana_runtime::message_processor::stable_log] Program 11111111111111111111111111111111 success
  Stream 2: 20% locked, expected locked amount: 200000, amount_per_period: 2777
[2025-11-05T06:35:20.408163000Z DEBUG solana_runtime::message_processor::stable_log] Program ATokenGPvbdGVxr1b2hvZbsiqW5xWH25efTNsLJA8knL invoke [1]
[2025-11-05T06:35:20.408241000Z DEBUG solana_runtime::message_processor::stable_log] Program log: Create
[2025-11-05T06:35:20.408292000Z DEBUG solana_runtime::message_processor::stable_log] Program TokenkegQfeZyiNwAJbNbGKPFXCWuBvf9Ss623VQ5DA invoke [2]
[2025-11-05T06:35:20.408323000Z DEBUG solana_runtime::message_processor::stable_log] Program log: Instruction: GetAccountDataSize
[2025-11-05T06:35:20.408342000Z DEBUG solana_runtime::message_processor::stable_log] Program TokenkegQfeZyiNwAJbNbGKPFXCWuBvf9Ss623VQ5DA consumed 1595 of 194555 compute units
[2025-11-05T06:35:20.408353000Z DEBUG solana_runtime::message_processor::stable_log] Program return: TokenkegQfeZyiNwAJbNbGKPFXCWuBvf9Ss623VQ5DA pQAAAAAAAAA=
[2025-11-05T06:35:20.408361000Z DEBUG solana_runtime::message_processor::stable_log] Program TokenkegQfeZyiNwAJbNbGKPFXCWuBvf9Ss623VQ5DA success
[2025-11-05T06:35:20.408416000Z DEBUG solana_runtime::message_processor::stable_log] Program 11111111111111111111111111111111 invoke [2]
[2025-11-05T06:35:20.408424000Z DEBUG solana_runtime::message_processor::stable_log] Program 11111111111111111111111111111111 success
[2025-11-05T06:35:20.408430000Z DEBUG solana_runtime::message_processor::stable_log] Program log: Initialize the associated token account
[2025-11-05T06:35:20.408447000Z DEBUG solana_runtime::message_processor::stable_log] Program TokenkegQfeZyiNwAJbNbGKPFXCWuBvf9Ss623VQ5DA invoke [2]
[2025-11-05T06:35:20.408468000Z DEBUG solana_runtime::message_processor::stable_log] Program log: Instruction: InitializeImmutableOwner
[2025-11-05T06:35:20.408479000Z DEBUG solana_runtime::message_processor::stable_log] Program log: Please upgrade to SPL Token 2022 for immutable owner support
[2025-11-05T06:35:20.408482000Z DEBUG solana_runtime::message_processor::stable_log] Program TokenkegQfeZyiNwAJbNbGKPFXCWuBvf9Ss623VQ5DA consumed 1405 of 187942 compute units
[2025-11-05T06:35:20.408489000Z DEBUG solana_runtime::message_processor::stable_log] Program TokenkegQfeZyiNwAJbNbGKPFXCWuBvf9Ss623VQ5DA success
[2025-11-05T06:35:20.408522000Z DEBUG solana_runtime::message_processor::stable_log] Program TokenkegQfeZyiNwAJbNbGKPFXCWuBvf9Ss623VQ5DA invoke [2]
[2025-11-05T06:35:20.408550000Z DEBUG solana_runtime::message_processor::stable_log] Program log: Instruction: InitializeAccount3
[2025-11-05T06:35:20.408604000Z DEBUG solana_runtime::message_processor::stable_log] Program TokenkegQfeZyiNwAJbNbGKPFXCWuBvf9Ss623VQ5DA consumed 4214 of 184058 compute units
[2025-11-05T06:35:20.408611000Z DEBUG solana_runtime::message_processor::stable_log] Program TokenkegQfeZyiNwAJbNbGKPFXCWuBvf9Ss623VQ5DA success
[2025-11-05T06:35:20.408624000Z DEBUG solana_runtime::message_processor::stable_log] Program ATokenGPvbdGVxr1b2hvZbsiqW5xWH25efTNsLJA8knL consumed 20460 of 200000 compute units
[2025-11-05T06:35:20.408632000Z DEBUG solana_runtime::message_processor::stable_log] Program ATokenGPvbdGVxr1b2hvZbsiqW5xWH25efTNsLJA8knL success
[2025-11-05T06:35:20.416814000Z DEBUG solana_runtime::message_processor::stable_log] Program 11111111111111111111111111111111 invoke [1]
[2025-11-05T06:35:20.416829000Z DEBUG solana_runtime::message_processor::stable_log] Program 11111111111111111111111111111111 success
  Stream 3: 20% locked, expected locked amount: 200000, amount_per_period: 2777
[2025-11-05T06:35:20.422069000Z DEBUG solana_runtime::message_processor::stable_log] Program ATokenGPvbdGVxr1b2hvZbsiqW5xWH25efTNsLJA8knL invoke [1]
[2025-11-05T06:35:20.422145000Z DEBUG solana_runtime::message_processor::stable_log] Program log: Create
[2025-11-05T06:35:20.422194000Z DEBUG solana_runtime::message_processor::stable_log] Program TokenkegQfeZyiNwAJbNbGKPFXCWuBvf9Ss623VQ5DA invoke [2]
[2025-11-05T06:35:20.422226000Z DEBUG solana_runtime::message_processor::stable_log] Program log: Instruction: GetAccountDataSize
[2025-11-05T06:35:20.422244000Z DEBUG solana_runtime::message_processor::stable_log] Program TokenkegQfeZyiNwAJbNbGKPFXCWuBvf9Ss623VQ5DA consumed 1595 of 194555 compute units
[2025-11-05T06:35:20.422252000Z DEBUG solana_runtime::message_processor::stable_log] Program return: TokenkegQfeZyiNwAJbNbGKPFXCWuBvf9Ss623VQ5DA pQAAAAAAAAA=
[2025-11-05T06:35:20.422261000Z DEBUG solana_runtime::message_processor::stable_log] Program TokenkegQfeZyiNwAJbNbGKPFXCWuBvf9Ss623VQ5DA success
[2025-11-05T06:35:20.422317000Z DEBUG solana_runtime::message_processor::stable_log] Program 11111111111111111111111111111111 invoke [2]
[2025-11-05T06:35:20.422326000Z DEBUG solana_runtime::message_processor::stable_log] Program 11111111111111111111111111111111 success
[2025-11-05T06:35:20.422332000Z DEBUG solana_runtime::message_processor::stable_log] Program log: Initialize the associated token account
[2025-11-05T06:35:20.422349000Z DEBUG solana_runtime::message_processor::stable_log] Program TokenkegQfeZyiNwAJbNbGKPFXCWuBvf9Ss623VQ5DA invoke [2]
[2025-11-05T06:35:20.422370000Z DEBUG solana_runtime::message_processor::stable_log] Program log: Instruction: InitializeImmutableOwner
[2025-11-05T06:35:20.422382000Z DEBUG solana_runtime::message_processor::stable_log] Program log: Please upgrade to SPL Token 2022 for immutable owner support
[2025-11-05T06:35:20.422385000Z DEBUG solana_runtime::message_processor::stable_log] Program TokenkegQfeZyiNwAJbNbGKPFXCWuBvf9Ss623VQ5DA consumed 1405 of 187942 compute units
[2025-11-05T06:35:20.422392000Z DEBUG solana_runtime::message_processor::stable_log] Program TokenkegQfeZyiNwAJbNbGKPFXCWuBvf9Ss623VQ5DA success
[2025-11-05T06:35:20.422426000Z DEBUG solana_runtime::message_processor::stable_log] Program TokenkegQfeZyiNwAJbNbGKPFXCWuBvf9Ss623VQ5DA invoke [2]
[2025-11-05T06:35:20.422452000Z DEBUG solana_runtime::message_processor::stable_log] Program log: Instruction: InitializeAccount3
[2025-11-05T06:35:20.422506000Z DEBUG solana_runtime::message_processor::stable_log] Program TokenkegQfeZyiNwAJbNbGKPFXCWuBvf9Ss623VQ5DA consumed 4214 of 184058 compute units
[2025-11-05T06:35:20.422514000Z DEBUG solana_runtime::message_processor::stable_log] Program TokenkegQfeZyiNwAJbNbGKPFXCWuBvf9Ss623VQ5DA success
[2025-11-05T06:35:20.422526000Z DEBUG solana_runtime::message_processor::stable_log] Program ATokenGPvbdGVxr1b2hvZbsiqW5xWH25efTNsLJA8knL consumed 20460 of 200000 compute units
[2025-11-05T06:35:20.422535000Z DEBUG solana_runtime::message_processor::stable_log] Program ATokenGPvbdGVxr1b2hvZbsiqW5xWH25efTNsLJA8knL success
[2025-11-05T06:35:20.430749000Z DEBUG solana_runtime::message_processor::stable_log] Program 11111111111111111111111111111111 invoke [1]
[2025-11-05T06:35:20.430769000Z DEBUG solana_runtime::message_processor::stable_log] Program 11111111111111111111111111111111 success
  Stream 4: 20% locked, expected locked amount: 200000, amount_per_period: 2777
[2025-11-05T06:35:20.436268000Z DEBUG solana_runtime::message_processor::stable_log] Program ATokenGPvbdGVxr1b2hvZbsiqW5xWH25efTNsLJA8knL invoke [1]
[2025-11-05T06:35:20.436354000Z DEBUG solana_runtime::message_processor::stable_log] Program log: Create
[2025-11-05T06:35:20.436441000Z DEBUG solana_runtime::message_processor::stable_log] Program TokenkegQfeZyiNwAJbNbGKPFXCWuBvf9Ss623VQ5DA invoke [2]
[2025-11-05T06:35:20.436499000Z DEBUG solana_runtime::message_processor::stable_log] Program log: Instruction: GetAccountDataSize
[2025-11-05T06:35:20.436521000Z DEBUG solana_runtime::message_processor::stable_log] Program TokenkegQfeZyiNwAJbNbGKPFXCWuBvf9Ss623VQ5DA consumed 1595 of 188555 compute units
[2025-11-05T06:35:20.436544000Z DEBUG solana_runtime::message_processor::stable_log] Program return: TokenkegQfeZyiNwAJbNbGKPFXCWuBvf9Ss623VQ5DA pQAAAAAAAAA=
[2025-11-05T06:35:20.436554000Z DEBUG solana_runtime::message_processor::stable_log] Program TokenkegQfeZyiNwAJbNbGKPFXCWuBvf9Ss623VQ5DA success
[2025-11-05T06:35:20.436616000Z DEBUG solana_runtime::message_processor::stable_log] Program 11111111111111111111111111111111 invoke [2]
[2025-11-05T06:35:20.436627000Z DEBUG solana_runtime::message_processor::stable_log] Program 11111111111111111111111111111111 success
[2025-11-05T06:35:20.436633000Z DEBUG solana_runtime::message_processor::stable_log] Program log: Initialize the associated token account
[2025-11-05T06:35:20.436655000Z DEBUG solana_runtime::message_processor::stable_log] Program TokenkegQfeZyiNwAJbNbGKPFXCWuBvf9Ss623VQ5DA invoke [2]
[2025-11-05T06:35:20.436680000Z DEBUG solana_runtime::message_processor::stable_log] Program log: Instruction: InitializeImmutableOwner
[2025-11-05T06:35:20.436692000Z DEBUG solana_runtime::message_processor::stable_log] Program log: Please upgrade to SPL Token 2022 for immutable owner support
[2025-11-05T06:35:20.436696000Z DEBUG solana_runtime::message_processor::stable_log] Program TokenkegQfeZyiNwAJbNbGKPFXCWuBvf9Ss623VQ5DA consumed 1405 of 181942 compute units
[2025-11-05T06:35:20.436705000Z DEBUG solana_runtime::message_processor::stable_log] Program TokenkegQfeZyiNwAJbNbGKPFXCWuBvf9Ss623VQ5DA success
[2025-11-05T06:35:20.436742000Z DEBUG solana_runtime::message_processor::stable_log] Program TokenkegQfeZyiNwAJbNbGKPFXCWuBvf9Ss623VQ5DA invoke [2]
[2025-11-05T06:35:20.436771000Z DEBUG solana_runtime::message_processor::stable_log] Program log: Instruction: InitializeAccount3
[2025-11-05T06:35:20.436862000Z DEBUG solana_runtime::message_processor::stable_log] Program TokenkegQfeZyiNwAJbNbGKPFXCWuBvf9Ss623VQ5DA consumed 4214 of 178058 compute units
[2025-11-05T06:35:20.436873000Z DEBUG solana_runtime::message_processor::stable_log] Program TokenkegQfeZyiNwAJbNbGKPFXCWuBvf9Ss623VQ5DA success
[2025-11-05T06:35:20.436887000Z DEBUG solana_runtime::message_processor::stable_log] Program ATokenGPvbdGVxr1b2hvZbsiqW5xWH25efTNsLJA8knL consumed 26460 of 200000 compute units
[2025-11-05T06:35:20.436900000Z DEBUG solana_runtime::message_processor::stable_log] Program ATokenGPvbdGVxr1b2hvZbsiqW5xWH25efTNsLJA8knL success
[2025-11-05T06:35:20.454579000Z DEBUG solana_runtime::message_processor::stable_log] Program ASmKWt93JEMHxbdE6j7znD9y2FcdPboCzC3xtSTJvN7S invoke [1]
[2025-11-05T06:35:20.454694000Z DEBUG solana_runtime::message_processor::stable_log] Program log: Instruction: Swap
[2025-11-05T06:35:20.455017000Z DEBUG solana_runtime::message_processor::stable_log] Program TokenkegQfeZyiNwAJbNbGKPFXCWuBvf9Ss623VQ5DA invoke [2]
[2025-11-05T06:35:20.455066000Z DEBUG solana_runtime::message_processor::stable_log] Program log: Instruction: TransferChecked
[2025-11-05T06:35:20.455144000Z DEBUG solana_runtime::message_processor::stable_log] Program TokenkegQfeZyiNwAJbNbGKPFXCWuBvf9Ss623VQ5DA consumed 6174 of 177323 compute units
[2025-11-05T06:35:20.455156000Z DEBUG solana_runtime::message_processor::stable_log] Program TokenkegQfeZyiNwAJbNbGKPFXCWuBvf9Ss623VQ5DA success
[2025-11-05T06:35:20.455207000Z DEBUG solana_runtime::message_processor::stable_log] Program TokenkegQfeZyiNwAJbNbGKPFXCWuBvf9Ss623VQ5DA invoke [2]
[2025-11-05T06:35:20.455239000Z DEBUG solana_runtime::message_processor::stable_log] Program log: Instruction: TransferChecked
[2025-11-05T06:35:20.455313000Z DEBUG solana_runtime::message_processor::stable_log] Program TokenkegQfeZyiNwAJbNbGKPFXCWuBvf9Ss623VQ5DA consumed 6174 of 168685 compute units
[2025-11-05T06:35:20.455322000Z DEBUG solana_runtime::message_processor::stable_log] Program TokenkegQfeZyiNwAJbNbGKPFXCWuBvf9Ss623VQ5DA success
[2025-11-05T06:35:20.455444000Z DEBUG solana_runtime::message_processor::stable_log] Program ASmKWt93JEMHxbdE6j7znD9y2FcdPboCzC3xtSTJvN7S invoke [2]
[2025-11-05T06:35:20.455484000Z DEBUG solana_runtime::message_processor::stable_log] Program ASmKWt93JEMHxbdE6j7znD9y2FcdPboCzC3xtSTJvN7S consumed 2069 of 156500 compute units
[2025-11-05T06:35:20.455493000Z DEBUG solana_runtime::message_processor::stable_log] Program ASmKWt93JEMHxbdE6j7znD9y2FcdPboCzC3xtSTJvN7S success
[2025-11-05T06:35:20.455555000Z DEBUG solana_runtime::message_processor::stable_log] Program ASmKWt93JEMHxbdE6j7znD9y2FcdPboCzC3xtSTJvN7S invoke [2]
[2025-11-05T06:35:20.455583000Z DEBUG solana_runtime::message_processor::stable_log] Program ASmKWt93JEMHxbdE6j7znD9y2FcdPboCzC3xtSTJvN7S consumed 2069 of 150802 compute units
[2025-11-05T06:35:20.455593000Z DEBUG solana_runtime::message_processor::stable_log] Program ASmKWt93JEMHxbdE6j7znD9y2FcdPboCzC3xtSTJvN7S success
[2025-11-05T06:35:20.455611000Z DEBUG solana_runtime::message_processor::stable_log] Program ASmKWt93JEMHxbdE6j7znD9y2FcdPboCzC3xtSTJvN7S consumed 51801 of 200000 compute units
[2025-11-05T06:35:20.455621000Z DEBUG solana_runtime::message_processor::stable_log] Program ASmKWt93JEMHxbdE6j7znD9y2FcdPboCzC3xtSTJvN7S success
[2025-11-05T06:35:20.478406000Z DEBUG solana_runtime::message_processor::stable_log] Program ComputeBudget111111111111111111111111111111 invoke [1]
[2025-11-05T06:35:20.478422000Z DEBUG solana_runtime::message_processor::stable_log] Program ComputeBudget111111111111111111111111111111 success
[2025-11-05T06:35:20.478433000Z DEBUG solana_runtime::message_processor::stable_log] Program 5B57SJ3g2YoNXUpsZqqjEQkRSxyKtVTQRXdgAirz6bio invoke [1]
[2025-11-05T06:35:20.478618000Z DEBUG solana_runtime::message_processor::stable_log] Program log: Instruction: CrankDistribution
[2025-11-05T06:35:20.479316000Z DEBUG solana_runtime::message_processor::stable_log] Program log: === DEBUG: Before claiming fees ===
[2025-11-05T06:35:20.479330000Z DEBUG solana_runtime::message_processor::stable_log] Program log: Pool collect_fee_mode: 1
[2025-11-05T06:35:20.479490000Z DEBUG solana_runtime::message_processor::stable_log] Program log: Pool token_a_mint: 9enV9fZAic2JjycyFSz6qXvZALqMJ4GahMyczV3oSkio
[2025-11-05T06:35:20.479613000Z DEBUG solana_runtime::message_processor::stable_log] Program log: Pool token_b_mint: 8iQ9pEWUTHCegEssn6uKNAKavpXK5t2tRNo4BKGAb4BV
[2025-11-05T06:35:20.479740000Z DEBUG solana_runtime::message_processor::stable_log] Program log: Quote mint: 8iQ9pEWUTHCegEssn6uKNAKavpXK5t2tRNo4BKGAb4BV
[2025-11-05T06:35:20.479863000Z DEBUG solana_runtime::message_processor::stable_log] Program log: Base mint: 9enV9fZAic2JjycyFSz6qXvZALqMJ4GahMyczV3oSkio
[2025-11-05T06:35:20.479881000Z DEBUG solana_runtime::message_processor::stable_log] Program log: Position unlocked_liquidity: 1844674407370955161600
[2025-11-05T06:35:20.479890000Z DEBUG solana_runtime::message_processor::stable_log] Program log: Position vested_liquidity: 0
[2025-11-05T06:35:20.479898000Z DEBUG solana_runtime::message_processor::stable_log] Program log: Position permanent_locked_liquidity: 0
[2025-11-05T06:35:20.479905000Z DEBUG solana_runtime::message_processor::stable_log] Program log: Position fee_a_pending: 0
[2025-11-05T06:35:20.479912000Z DEBUG solana_runtime::message_processor::stable_log] Program log: Position fee_b_pending: 0
[2025-11-05T06:35:20.479918000Z DEBUG solana_runtime::message_processor::stable_log] Program log: Position fee_a_checkpoint (first 8 bytes): 0
[2025-11-05T06:35:20.479924000Z DEBUG solana_runtime::message_processor::stable_log] Program log: Position fee_b_checkpoint (first 8 bytes): 0
[2025-11-05T06:35:20.479931000Z DEBUG solana_runtime::message_processor::stable_log] Program log: Pool fee_a_per_liquidity (first 8 bytes): 0
[2025-11-05T06:35:20.479937000Z DEBUG solana_runtime::message_processor::stable_log] Program log: Pool fee_b_per_liquidity (first 8 bytes): 0
[2025-11-05T06:35:20.479950000Z DEBUG solana_runtime::message_processor::stable_log] Program log: Pool liquidity: 3689348814741910323200
[2025-11-05T06:35:20.479961000Z DEBUG solana_runtime::message_processor::stable_log] Program log: Treasury quote balance before: 99999999999999999
[2025-11-05T06:35:20.479969000Z DEBUG solana_runtime::message_processor::stable_log] Program log: Treasury base balance before: 99999785255671124
[2025-11-05T06:35:20.479971000Z DEBUG solana_runtime::message_processor::stable_log] Program log: Claiming position fees from CP-AMM
[2025-11-05T06:35:20.480103000Z DEBUG solana_runtime::message_processor::stable_log] Program ASmKWt93JEMHxbdE6j7znD9y2FcdPboCzC3xtSTJvN7S invoke [2]
[2025-11-05T06:35:20.480200000Z DEBUG solana_runtime::message_processor::stable_log] Program log: Instruction: ClaimPositionFee
[2025-11-05T06:35:20.480458000Z DEBUG solana_runtime::message_processor::stable_log] Program TokenkegQfeZyiNwAJbNbGKPFXCWuBvf9Ss623VQ5DA invoke [3]
[2025-11-05T06:35:20.480508000Z DEBUG solana_runtime::message_processor::stable_log] Program log: Instruction: TransferChecked
[2025-11-05T06:35:20.480596000Z DEBUG solana_runtime::message_processor::stable_log] Program TokenkegQfeZyiNwAJbNbGKPFXCWuBvf9Ss623VQ5DA consumed 6174 of 265122 compute units
[2025-11-05T06:35:20.480617000Z DEBUG solana_runtime::message_processor::stable_log] Program TokenkegQfeZyiNwAJbNbGKPFXCWuBvf9Ss623VQ5DA success
[2025-11-05T06:35:20.480673000Z DEBUG solana_runtime::message_processor::stable_log] Program ASmKWt93JEMHxbdE6j7znD9y2FcdPboCzC3xtSTJvN7S invoke [3]
[2025-11-05T06:35:20.480714000Z DEBUG solana_runtime::message_processor::stable_log] Program ASmKWt93JEMHxbdE6j7znD9y2FcdPboCzC3xtSTJvN7S consumed 2069 of 256208 compute units
[2025-11-05T06:35:20.480723000Z DEBUG solana_runtime::message_processor::stable_log] Program ASmKWt93JEMHxbdE6j7znD9y2FcdPboCzC3xtSTJvN7S success
[2025-11-05T06:35:20.480745000Z DEBUG solana_runtime::message_processor::stable_log] Program ASmKWt93JEMHxbdE6j7znD9y2FcdPboCzC3xtSTJvN7S consumed 30035 of 283633 compute units
[2025-11-05T06:35:20.480758000Z DEBUG solana_runtime::message_processor::stable_log] Program ASmKWt93JEMHxbdE6j7znD9y2FcdPboCzC3xtSTJvN7S success
[2025-11-05T06:35:20.480803000Z DEBUG solana_runtime::message_processor::stable_log] Program log: === DEBUG: After claiming fees ===
[2025-11-05T06:35:20.480817000Z DEBUG solana_runtime::message_processor::stable_log] Program log: Treasury quote balance after: 100000000000049999
[2025-11-05T06:35:20.480826000Z DEBUG solana_runtime::message_processor::stable_log] Program log: Treasury base balance after: 99999785255671124
[2025-11-05T06:35:20.480834000Z DEBUG solana_runtime::message_processor::stable_log] Program log: Quote tokens claimed: 50000
[2025-11-05T06:35:20.480843000Z DEBUG solana_runtime::message_processor::stable_log] Program data: fzkUsNcjWliRM1j0m4+LGoxyLO3LY2ssIccvqzdjRxHWbsooziVU7FDDAAAAAAAAqEEMaQAAAAA=
[2025-11-05T06:35:20.481209000Z DEBUG solana_runtime::message_processor::stable_log] Program TokenkegQfeZyiNwAJbNbGKPFXCWuBvf9Ss623VQ5DA invoke [2]
[2025-11-05T06:35:20.481247000Z DEBUG solana_runtime::message_processor::stable_log] Program log: Instruction: TransferChecked
[2025-11-05T06:35:20.481352000Z DEBUG solana_runtime::message_processor::stable_log] Program TokenkegQfeZyiNwAJbNbGKPFXCWuBvf9Ss623VQ5DA consumed 6174 of 229317 compute units
[2025-11-05T06:35:20.481363000Z DEBUG solana_runtime::message_processor::stable_log] Program TokenkegQfeZyiNwAJbNbGKPFXCWuBvf9Ss623VQ5DA success
[2025-11-05T06:35:20.481431000Z DEBUG solana_runtime::message_processor::stable_log] Program TokenkegQfeZyiNwAJbNbGKPFXCWuBvf9Ss623VQ5DA invoke [2]
[2025-11-05T06:35:20.481465000Z DEBUG solana_runtime::message_processor::stable_log] Program log: Instruction: TransferChecked
[2025-11-05T06:35:20.481541000Z DEBUG solana_runtime::message_processor::stable_log] Program TokenkegQfeZyiNwAJbNbGKPFXCWuBvf9Ss623VQ5DA consumed 6174 of 219756 compute units
[2025-11-05T06:35:20.481551000Z DEBUG solana_runtime::message_processor::stable_log] Program TokenkegQfeZyiNwAJbNbGKPFXCWuBvf9Ss623VQ5DA success
[2025-11-05T06:35:20.481613000Z DEBUG solana_runtime::message_processor::stable_log] Program TokenkegQfeZyiNwAJbNbGKPFXCWuBvf9Ss623VQ5DA invoke [2]
[2025-11-05T06:35:20.481646000Z DEBUG solana_runtime::message_processor::stable_log] Program log: Instruction: TransferChecked
[2025-11-05T06:35:20.481723000Z DEBUG solana_runtime::message_processor::stable_log] Program TokenkegQfeZyiNwAJbNbGKPFXCWuBvf9Ss623VQ5DA consumed 6174 of 210195 compute units
[2025-11-05T06:35:20.481732000Z DEBUG solana_runtime::message_processor::stable_log] Program TokenkegQfeZyiNwAJbNbGKPFXCWuBvf9Ss623VQ5DA success
[2025-11-05T06:35:20.481803000Z DEBUG solana_runtime::message_processor::stable_log] Program TokenkegQfeZyiNwAJbNbGKPFXCWuBvf9Ss623VQ5DA invoke [2]
[2025-11-05T06:35:20.481836000Z DEBUG solana_runtime::message_processor::stable_log] Program log: Instruction: TransferChecked
[2025-11-05T06:35:20.481915000Z DEBUG solana_runtime::message_processor::stable_log] Program TokenkegQfeZyiNwAJbNbGKPFXCWuBvf9Ss623VQ5DA consumed 6174 of 200634 compute units
[2025-11-05T06:35:20.481924000Z DEBUG solana_runtime::message_processor::stable_log] Program TokenkegQfeZyiNwAJbNbGKPFXCWuBvf9Ss623VQ5DA success
[2025-11-05T06:35:20.481986000Z DEBUG solana_runtime::message_processor::stable_log] Program TokenkegQfeZyiNwAJbNbGKPFXCWuBvf9Ss623VQ5DA invoke [2]
[2025-11-05T06:35:20.482020000Z DEBUG solana_runtime::message_processor::stable_log] Program log: Instruction: TransferChecked
[2025-11-05T06:35:20.482094000Z DEBUG solana_runtime::message_processor::stable_log] Program TokenkegQfeZyiNwAJbNbGKPFXCWuBvf9Ss623VQ5DA consumed 6174 of 191073 compute units
[2025-11-05T06:35:20.482106000Z DEBUG solana_runtime::message_processor::stable_log] Program TokenkegQfeZyiNwAJbNbGKPFXCWuBvf9Ss623VQ5DA success
[2025-11-05T06:35:20.482160000Z DEBUG solana_runtime::message_processor::stable_log] Program TokenkegQfeZyiNwAJbNbGKPFXCWuBvf9Ss623VQ5DA invoke [2]
[2025-11-05T06:35:20.482193000Z DEBUG solana_runtime::message_processor::stable_log] Program log: Instruction: TransferChecked
[2025-11-05T06:35:20.482265000Z DEBUG solana_runtime::message_processor::stable_log] Program TokenkegQfeZyiNwAJbNbGKPFXCWuBvf9Ss623VQ5DA consumed 6174 of 182022 compute units
[2025-11-05T06:35:20.482274000Z DEBUG solana_runtime::message_processor::stable_log] Program TokenkegQfeZyiNwAJbNbGKPFXCWuBvf9Ss623VQ5DA success
[2025-11-05T06:35:20.482288000Z DEBUG solana_runtime::message_processor::stable_log] Program data: jhY1V/E9sS2RM1j0m4+LGoxyLO3LY2ssIccvqzdjRxHWbsooziVU7DacAAAAAAAAGicAAAAAAACoQQxpAAAAAA==
[2025-11-05T06:35:20.482294000Z DEBUG solana_runtime::message_processor::stable_log] Program data: KjXqZeHwy3mRM1j0m4+LGoxyLO3LY2ssIccvqzdjRxHWbsooziVU7AAAAAAFAAAABQAAABonAAAAAAAAAAAAAAAAAACoQQxpAAAAAA==
[2025-11-05T06:35:20.482337000Z DEBUG solana_runtime::message_processor::stable_log] Program 5B57SJ3g2YoNXUpsZqqjEQkRSxyKtVTQRXdgAirz6bio consumed 226857 of 399850 compute units
[2025-11-05T06:35:20.482351000Z DEBUG solana_runtime::message_processor::stable_log] Program 5B57SJ3g2YoNXUpsZqqjEQkRSxyKtVTQRXdgAirz6bio success
Investor share: 20.02%
Creator share: 79.98%
      ✔ MOSTLY_UNLOCKED: 20% to investors, 80% to creator (117ms)
    6. Dust & Cap Handling
[2025-11-05T06:35:20.487870000Z INFO  solana_program_test] "cp_amm" SBF program from ./target/deploy/cp_amm.so, modified 24 minutes, 27 seconds, 835 ms, 186 µs and 203 ns ago
[2025-11-05T06:35:20.488036000Z INFO  solana_program_test] "fee_router" SBF program from ./target/deploy/fee_router.so, modified 30 seconds, 572 ms, 295 µs and 331 ns ago
[2025-11-05T06:35:20.488197000Z INFO  solana_program_test] "transfer_hook_counter" SBF program from tests/fixtures/transfer_hook_counter.so, modified 3 weeks, 22 hours, 58 minutes, 55 seconds, 313 ms, 795 µs and 196 ns ago
[2025-11-05T06:35:20.488476000Z INFO  solana_program_test] "alpha_vault" SBF program from tests/fixtures/alpha_vault.so, modified 3 weeks, 22 hours, 58 minutes, 55 seconds, 314 ms, 763 µs and 72 ns ago
[2025-11-05T06:35:20.488776000Z INFO  solana_program_test] "streamflow" SBF program from tests/fixtures/streamflow.so, modified 3 weeks, 6 hours, 59 minutes, 5 seconds, 199 ms, 691 µs and 387 ns ago
[2025-11-05T06:35:20.489056000Z INFO  solana_program_test] "cp_amm" SBF program from ./target/deploy/cp_amm.so, modified 24 minutes, 27 seconds, 836 ms, 374 µs and 203 ns ago
[2025-11-05T06:35:20.489186000Z INFO  solana_program_test] "fee_router" SBF program from ./target/deploy/fee_router.so, modified 30 seconds, 573 ms, 446 µs and 331 ns ago
[2025-11-05T06:35:20.508893000Z INFO  solana_program_test] Overriding account at ASmKWt93JEMHxbdE6j7znD9y2FcdPboCzC3xtSTJvN7S
[2025-11-05T06:35:20.508907000Z INFO  solana_program_test] Overriding account at 5B57SJ3g2YoNXUpsZqqjEQkRSxyKtVTQRXdgAirz6bio
[2025-11-05T06:35:20.523488000Z DEBUG solana_runtime::message_processor::stable_log] Program 11111111111111111111111111111111 invoke [1]
[2025-11-05T06:35:20.523502000Z DEBUG solana_runtime::message_processor::stable_log] Program 11111111111111111111111111111111 success
[2025-11-05T06:35:20.528849000Z DEBUG solana_runtime::message_processor::stable_log] Program 11111111111111111111111111111111 invoke [1]
[2025-11-05T06:35:20.528865000Z DEBUG solana_runtime::message_processor::stable_log] Program 11111111111111111111111111111111 success
[2025-11-05T06:35:20.535757000Z DEBUG solana_runtime::message_processor::stable_log] Program 11111111111111111111111111111111 invoke [1]
[2025-11-05T06:35:20.535771000Z DEBUG solana_runtime::message_processor::stable_log] Program 11111111111111111111111111111111 success
[2025-11-05T06:35:20.541924000Z DEBUG solana_runtime::message_processor::stable_log] Program 11111111111111111111111111111111 invoke [1]
[2025-11-05T06:35:20.541939000Z DEBUG solana_runtime::message_processor::stable_log] Program 11111111111111111111111111111111 success
[2025-11-05T06:35:20.553154000Z DEBUG solana_runtime::message_processor::stable_log] Program 11111111111111111111111111111111 invoke [1]
[2025-11-05T06:35:20.553170000Z DEBUG solana_runtime::message_processor::stable_log] Program 11111111111111111111111111111111 success
[2025-11-05T06:35:20.553174000Z DEBUG solana_runtime::message_processor::stable_log] Program TokenkegQfeZyiNwAJbNbGKPFXCWuBvf9Ss623VQ5DA invoke [1]
[2025-11-05T06:35:20.553218000Z DEBUG solana_runtime::message_processor::stable_log] Program log: Instruction: InitializeMint2
[2025-11-05T06:35:20.553258000Z DEBUG solana_runtime::message_processor::stable_log] Program TokenkegQfeZyiNwAJbNbGKPFXCWuBvf9Ss623VQ5DA consumed 2779 of 399850 compute units
[2025-11-05T06:35:20.553269000Z DEBUG solana_runtime::message_processor::stable_log] Program TokenkegQfeZyiNwAJbNbGKPFXCWuBvf9Ss623VQ5DA success
[2025-11-05T06:35:20.563746000Z DEBUG solana_runtime::message_processor::stable_log] Program 11111111111111111111111111111111 invoke [1]
[2025-11-05T06:35:20.563788000Z DEBUG solana_runtime::message_processor::stable_log] Program 11111111111111111111111111111111 success
[2025-11-05T06:35:20.563795000Z DEBUG solana_runtime::message_processor::stable_log] Program TokenkegQfeZyiNwAJbNbGKPFXCWuBvf9Ss623VQ5DA invoke [1]
[2025-11-05T06:35:20.563841000Z DEBUG solana_runtime::message_processor::stable_log] Program log: Instruction: InitializeMint2
[2025-11-05T06:35:20.563879000Z DEBUG solana_runtime::message_processor::stable_log] Program TokenkegQfeZyiNwAJbNbGKPFXCWuBvf9Ss623VQ5DA consumed 2779 of 399850 compute units
[2025-11-05T06:35:20.563889000Z DEBUG solana_runtime::message_processor::stable_log] Program TokenkegQfeZyiNwAJbNbGKPFXCWuBvf9Ss623VQ5DA success
[2025-11-05T06:35:20.573564000Z DEBUG solana_runtime::message_processor::stable_log] Program ATokenGPvbdGVxr1b2hvZbsiqW5xWH25efTNsLJA8knL invoke [1]
[2025-11-05T06:35:20.573689000Z DEBUG solana_runtime::message_processor::stable_log] Program log: Create
[2025-11-05T06:35:20.573771000Z DEBUG solana_runtime::message_processor::stable_log] Program TokenkegQfeZyiNwAJbNbGKPFXCWuBvf9Ss623VQ5DA invoke [2]
[2025-11-05T06:35:20.573816000Z DEBUG solana_runtime::message_processor::stable_log] Program log: Instruction: GetAccountDataSize
[2025-11-05T06:35:20.573850000Z DEBUG solana_runtime::message_processor::stable_log] Program TokenkegQfeZyiNwAJbNbGKPFXCWuBvf9Ss623VQ5DA consumed 1595 of 194555 compute units
[2025-11-05T06:35:20.573862000Z DEBUG solana_runtime::message_processor::stable_log] Program return: TokenkegQfeZyiNwAJbNbGKPFXCWuBvf9Ss623VQ5DA pQAAAAAAAAA=
[2025-11-05T06:35:20.573874000Z DEBUG solana_runtime::message_processor::stable_log] Program TokenkegQfeZyiNwAJbNbGKPFXCWuBvf9Ss623VQ5DA success
[2025-11-05T06:35:20.573973000Z DEBUG solana_runtime::message_processor::stable_log] Program 11111111111111111111111111111111 invoke [2]
[2025-11-05T06:35:20.574000000Z DEBUG solana_runtime::message_processor::stable_log] Program 11111111111111111111111111111111 success
[2025-11-05T06:35:20.574036000Z DEBUG solana_runtime::message_processor::stable_log] Program log: Initialize the associated token account
[2025-11-05T06:35:20.574072000Z DEBUG solana_runtime::message_processor::stable_log] Program TokenkegQfeZyiNwAJbNbGKPFXCWuBvf9Ss623VQ5DA invoke [2]
[2025-11-05T06:35:20.574112000Z DEBUG solana_runtime::message_processor::stable_log] Program log: Instruction: InitializeImmutableOwner
[2025-11-05T06:35:20.574125000Z DEBUG solana_runtime::message_processor::stable_log] Program log: Please upgrade to SPL Token 2022 for immutable owner support
[2025-11-05T06:35:20.574129000Z DEBUG solana_runtime::message_processor::stable_log] Program TokenkegQfeZyiNwAJbNbGKPFXCWuBvf9Ss623VQ5DA consumed 1405 of 187942 compute units
[2025-11-05T06:35:20.574140000Z DEBUG solana_runtime::message_processor::stable_log] Program TokenkegQfeZyiNwAJbNbGKPFXCWuBvf9Ss623VQ5DA success
[2025-11-05T06:35:20.574182000Z DEBUG solana_runtime::message_processor::stable_log] Program TokenkegQfeZyiNwAJbNbGKPFXCWuBvf9Ss623VQ5DA invoke [2]
[2025-11-05T06:35:20.574214000Z DEBUG solana_runtime::message_processor::stable_log] Program log: Instruction: InitializeAccount3
[2025-11-05T06:35:20.574281000Z DEBUG solana_runtime::message_processor::stable_log] Program TokenkegQfeZyiNwAJbNbGKPFXCWuBvf9Ss623VQ5DA consumed 4214 of 184058 compute units
[2025-11-05T06:35:20.574297000Z DEBUG solana_runtime::message_processor::stable_log] Program TokenkegQfeZyiNwAJbNbGKPFXCWuBvf9Ss623VQ5DA success
[2025-11-05T06:35:20.574311000Z DEBUG solana_runtime::message_processor::stable_log] Program ATokenGPvbdGVxr1b2hvZbsiqW5xWH25efTNsLJA8knL consumed 20460 of 200000 compute units
[2025-11-05T06:35:20.574418000Z DEBUG solana_runtime::message_processor::stable_log] Program ATokenGPvbdGVxr1b2hvZbsiqW5xWH25efTNsLJA8knL success
[2025-11-05T06:35:20.580345000Z DEBUG solana_runtime::message_processor::stable_log] Program TokenkegQfeZyiNwAJbNbGKPFXCWuBvf9Ss623VQ5DA invoke [1]
[2025-11-05T06:35:20.580415000Z DEBUG solana_runtime::message_processor::stable_log] Program log: Instruction: MintTo
[2025-11-05T06:35:20.580484000Z DEBUG solana_runtime::message_processor::stable_log] Program TokenkegQfeZyiNwAJbNbGKPFXCWuBvf9Ss623VQ5DA consumed 4491 of 200000 compute units
[2025-11-05T06:35:20.580495000Z DEBUG solana_runtime::message_processor::stable_log] Program TokenkegQfeZyiNwAJbNbGKPFXCWuBvf9Ss623VQ5DA success
[2025-11-05T06:35:20.588663000Z DEBUG solana_runtime::message_processor::stable_log] Program ATokenGPvbdGVxr1b2hvZbsiqW5xWH25efTNsLJA8knL invoke [1]
[2025-11-05T06:35:20.588748000Z DEBUG solana_runtime::message_processor::stable_log] Program log: Create
[2025-11-05T06:35:20.588804000Z DEBUG solana_runtime::message_processor::stable_log] Program TokenkegQfeZyiNwAJbNbGKPFXCWuBvf9Ss623VQ5DA invoke [2]
[2025-11-05T06:35:20.588837000Z DEBUG solana_runtime::message_processor::stable_log] Program log: Instruction: GetAccountDataSize
[2025-11-05T06:35:20.588856000Z DEBUG solana_runtime::message_processor::stable_log] Program TokenkegQfeZyiNwAJbNbGKPFXCWuBvf9Ss623VQ5DA consumed 1595 of 194555 compute units
[2025-11-05T06:35:20.588865000Z DEBUG solana_runtime::message_processor::stable_log] Program return: TokenkegQfeZyiNwAJbNbGKPFXCWuBvf9Ss623VQ5DA pQAAAAAAAAA=
[2025-11-05T06:35:20.588874000Z DEBUG solana_runtime::message_processor::stable_log] Program TokenkegQfeZyiNwAJbNbGKPFXCWuBvf9Ss623VQ5DA success
[2025-11-05T06:35:20.588935000Z DEBUG solana_runtime::message_processor::stable_log] Program 11111111111111111111111111111111 invoke [2]
[2025-11-05T06:35:20.588946000Z DEBUG solana_runtime::message_processor::stable_log] Program 11111111111111111111111111111111 success
[2025-11-05T06:35:20.588953000Z DEBUG solana_runtime::message_processor::stable_log] Program log: Initialize the associated token account
[2025-11-05T06:35:20.588973000Z DEBUG solana_runtime::message_processor::stable_log] Program TokenkegQfeZyiNwAJbNbGKPFXCWuBvf9Ss623VQ5DA invoke [2]
[2025-11-05T06:35:20.588996000Z DEBUG solana_runtime::message_processor::stable_log] Program log: Instruction: InitializeImmutableOwner
[2025-11-05T06:35:20.589009000Z DEBUG solana_runtime::message_processor::stable_log] Program log: Please upgrade to SPL Token 2022 for immutable owner support
[2025-11-05T06:35:20.589013000Z DEBUG solana_runtime::message_processor::stable_log] Program TokenkegQfeZyiNwAJbNbGKPFXCWuBvf9Ss623VQ5DA consumed 1405 of 187942 compute units
[2025-11-05T06:35:20.589021000Z DEBUG solana_runtime::message_processor::stable_log] Program TokenkegQfeZyiNwAJbNbGKPFXCWuBvf9Ss623VQ5DA success
[2025-11-05T06:35:20.589058000Z DEBUG solana_runtime::message_processor::stable_log] Program TokenkegQfeZyiNwAJbNbGKPFXCWuBvf9Ss623VQ5DA invoke [2]
[2025-11-05T06:35:20.589086000Z DEBUG solana_runtime::message_processor::stable_log] Program log: Instruction: InitializeAccount3
[2025-11-05T06:35:20.589148000Z DEBUG solana_runtime::message_processor::stable_log] Program TokenkegQfeZyiNwAJbNbGKPFXCWuBvf9Ss623VQ5DA consumed 4214 of 184058 compute units
[2025-11-05T06:35:20.589157000Z DEBUG solana_runtime::message_processor::stable_log] Program TokenkegQfeZyiNwAJbNbGKPFXCWuBvf9Ss623VQ5DA success
[2025-11-05T06:35:20.589170000Z DEBUG solana_runtime::message_processor::stable_log] Program ATokenGPvbdGVxr1b2hvZbsiqW5xWH25efTNsLJA8knL consumed 20460 of 200000 compute units
[2025-11-05T06:35:20.589180000Z DEBUG solana_runtime::message_processor::stable_log] Program ATokenGPvbdGVxr1b2hvZbsiqW5xWH25efTNsLJA8knL success
[2025-11-05T06:35:20.594351000Z DEBUG solana_runtime::message_processor::stable_log] Program TokenkegQfeZyiNwAJbNbGKPFXCWuBvf9Ss623VQ5DA invoke [1]
[2025-11-05T06:35:20.594408000Z DEBUG solana_runtime::message_processor::stable_log] Program log: Instruction: MintTo
[2025-11-05T06:35:20.594481000Z DEBUG solana_runtime::message_processor::stable_log] Program TokenkegQfeZyiNwAJbNbGKPFXCWuBvf9Ss623VQ5DA consumed 4491 of 200000 compute units
[2025-11-05T06:35:20.594492000Z DEBUG solana_runtime::message_processor::stable_log] Program TokenkegQfeZyiNwAJbNbGKPFXCWuBvf9Ss623VQ5DA success
[2025-11-05T06:35:20.602554000Z DEBUG solana_runtime::message_processor::stable_log] Program ATokenGPvbdGVxr1b2hvZbsiqW5xWH25efTNsLJA8knL invoke [1]
[2025-11-05T06:35:20.602625000Z DEBUG solana_runtime::message_processor::stable_log] Program log: Create
[2025-11-05T06:35:20.602686000Z DEBUG solana_runtime::message_processor::stable_log] Program TokenkegQfeZyiNwAJbNbGKPFXCWuBvf9Ss623VQ5DA invoke [2]
[2025-11-05T06:35:20.602719000Z DEBUG solana_runtime::message_processor::stable_log] Program log: Instruction: GetAccountDataSize
[2025-11-05T06:35:20.602737000Z DEBUG solana_runtime::message_processor::stable_log] Program TokenkegQfeZyiNwAJbNbGKPFXCWuBvf9Ss623VQ5DA consumed 1595 of 193055 compute units
[2025-11-05T06:35:20.602749000Z DEBUG solana_runtime::message_processor::stable_log] Program return: TokenkegQfeZyiNwAJbNbGKPFXCWuBvf9Ss623VQ5DA pQAAAAAAAAA=
[2025-11-05T06:35:20.602758000Z DEBUG solana_runtime::message_processor::stable_log] Program TokenkegQfeZyiNwAJbNbGKPFXCWuBvf9Ss623VQ5DA success
[2025-11-05T06:35:20.602818000Z DEBUG solana_runtime::message_processor::stable_log] Program 11111111111111111111111111111111 invoke [2]
[2025-11-05T06:35:20.602825000Z DEBUG solana_runtime::message_processor::stable_log] Program 11111111111111111111111111111111 success
[2025-11-05T06:35:20.602832000Z DEBUG solana_runtime::message_processor::stable_log] Program log: Initialize the associated token account
[2025-11-05T06:35:20.602851000Z DEBUG solana_runtime::message_processor::stable_log] Program TokenkegQfeZyiNwAJbNbGKPFXCWuBvf9Ss623VQ5DA invoke [2]
[2025-11-05T06:35:20.602874000Z DEBUG solana_runtime::message_processor::stable_log] Program log: Instruction: InitializeImmutableOwner
[2025-11-05T06:35:20.602889000Z DEBUG solana_runtime::message_processor::stable_log] Program log: Please upgrade to SPL Token 2022 for immutable owner support
[2025-11-05T06:35:20.602892000Z DEBUG solana_runtime::message_processor::stable_log] Program TokenkegQfeZyiNwAJbNbGKPFXCWuBvf9Ss623VQ5DA consumed 1405 of 186442 compute units
[2025-11-05T06:35:20.602900000Z DEBUG solana_runtime::message_processor::stable_log] Program TokenkegQfeZyiNwAJbNbGKPFXCWuBvf9Ss623VQ5DA success
[2025-11-05T06:35:20.602939000Z DEBUG solana_runtime::message_processor::stable_log] Program TokenkegQfeZyiNwAJbNbGKPFXCWuBvf9Ss623VQ5DA invoke [2]
[2025-11-05T06:35:20.602970000Z DEBUG solana_runtime::message_processor::stable_log] Program log: Instruction: InitializeAccount3
[2025-11-05T06:35:20.603030000Z DEBUG solana_runtime::message_processor::stable_log] Program TokenkegQfeZyiNwAJbNbGKPFXCWuBvf9Ss623VQ5DA consumed 4214 of 182558 compute units
[2025-11-05T06:35:20.603040000Z DEBUG solana_runtime::message_processor::stable_log] Program TokenkegQfeZyiNwAJbNbGKPFXCWuBvf9Ss623VQ5DA success
[2025-11-05T06:35:20.603147000Z DEBUG solana_runtime::message_processor::stable_log] Program ATokenGPvbdGVxr1b2hvZbsiqW5xWH25efTNsLJA8knL consumed 21960 of 200000 compute units
[2025-11-05T06:35:20.603171000Z DEBUG solana_runtime::message_processor::stable_log] Program ATokenGPvbdGVxr1b2hvZbsiqW5xWH25efTNsLJA8knL success
[2025-11-05T06:35:20.606837000Z DEBUG solana_runtime::message_processor::stable_log] Program TokenkegQfeZyiNwAJbNbGKPFXCWuBvf9Ss623VQ5DA invoke [1]
[2025-11-05T06:35:20.606882000Z DEBUG solana_runtime::message_processor::stable_log] Program log: Instruction: MintTo
[2025-11-05T06:35:20.606942000Z DEBUG solana_runtime::message_processor::stable_log] Program TokenkegQfeZyiNwAJbNbGKPFXCWuBvf9Ss623VQ5DA consumed 4491 of 200000 compute units
[2025-11-05T06:35:20.606951000Z DEBUG solana_runtime::message_processor::stable_log] Program TokenkegQfeZyiNwAJbNbGKPFXCWuBvf9Ss623VQ5DA success
[2025-11-05T06:35:20.612210000Z DEBUG solana_runtime::message_processor::stable_log] Program ATokenGPvbdGVxr1b2hvZbsiqW5xWH25efTNsLJA8knL invoke [1]
[2025-11-05T06:35:20.612290000Z DEBUG solana_runtime::message_processor::stable_log] Program log: Create
[2025-11-05T06:35:20.612350000Z DEBUG solana_runtime::message_processor::stable_log] Program TokenkegQfeZyiNwAJbNbGKPFXCWuBvf9Ss623VQ5DA invoke [2]
[2025-11-05T06:35:20.612378000Z DEBUG solana_runtime::message_processor::stable_log] Program log: Instruction: GetAccountDataSize
[2025-11-05T06:35:20.612396000Z DEBUG solana_runtime::message_processor::stable_log] Program TokenkegQfeZyiNwAJbNbGKPFXCWuBvf9Ss623VQ5DA consumed 1595 of 193055 compute units
[2025-11-05T06:35:20.612405000Z DEBUG solana_runtime::message_processor::stable_log] Program return: TokenkegQfeZyiNwAJbNbGKPFXCWuBvf9Ss623VQ5DA pQAAAAAAAAA=
[2025-11-05T06:35:20.612414000Z DEBUG solana_runtime::message_processor::stable_log] Program TokenkegQfeZyiNwAJbNbGKPFXCWuBvf9Ss623VQ5DA success
[2025-11-05T06:35:20.612471000Z DEBUG solana_runtime::message_processor::stable_log] Program 11111111111111111111111111111111 invoke [2]
[2025-11-05T06:35:20.612478000Z DEBUG solana_runtime::message_processor::stable_log] Program 11111111111111111111111111111111 success
[2025-11-05T06:35:20.612484000Z DEBUG solana_runtime::message_processor::stable_log] Program log: Initialize the associated token account
[2025-11-05T06:35:20.612503000Z DEBUG solana_runtime::message_processor::stable_log] Program TokenkegQfeZyiNwAJbNbGKPFXCWuBvf9Ss623VQ5DA invoke [2]
[2025-11-05T06:35:20.612524000Z DEBUG solana_runtime::message_processor::stable_log] Program log: Instruction: InitializeImmutableOwner
[2025-11-05T06:35:20.612536000Z DEBUG solana_runtime::message_processor::stable_log] Program log: Please upgrade to SPL Token 2022 for immutable owner support
[2025-11-05T06:35:20.612540000Z DEBUG solana_runtime::message_processor::stable_log] Program TokenkegQfeZyiNwAJbNbGKPFXCWuBvf9Ss623VQ5DA consumed 1405 of 186442 compute units
[2025-11-05T06:35:20.612548000Z DEBUG solana_runtime::message_processor::stable_log] Program TokenkegQfeZyiNwAJbNbGKPFXCWuBvf9Ss623VQ5DA success
[2025-11-05T06:35:20.612585000Z DEBUG solana_runtime::message_processor::stable_log] Program TokenkegQfeZyiNwAJbNbGKPFXCWuBvf9Ss623VQ5DA invoke [2]
[2025-11-05T06:35:20.612614000Z DEBUG solana_runtime::message_processor::stable_log] Program log: Instruction: InitializeAccount3
[2025-11-05T06:35:20.612673000Z DEBUG solana_runtime::message_processor::stable_log] Program TokenkegQfeZyiNwAJbNbGKPFXCWuBvf9Ss623VQ5DA consumed 4214 of 182558 compute units
[2025-11-05T06:35:20.612681000Z DEBUG solana_runtime::message_processor::stable_log] Program TokenkegQfeZyiNwAJbNbGKPFXCWuBvf9Ss623VQ5DA success
[2025-11-05T06:35:20.612695000Z DEBUG solana_runtime::message_processor::stable_log] Program ATokenGPvbdGVxr1b2hvZbsiqW5xWH25efTNsLJA8knL consumed 21960 of 200000 compute units
[2025-11-05T06:35:20.612705000Z DEBUG solana_runtime::message_processor::stable_log] Program ATokenGPvbdGVxr1b2hvZbsiqW5xWH25efTNsLJA8knL success
[2025-11-05T06:35:20.616253000Z DEBUG solana_runtime::message_processor::stable_log] Program TokenkegQfeZyiNwAJbNbGKPFXCWuBvf9Ss623VQ5DA invoke [1]
[2025-11-05T06:35:20.616319000Z DEBUG solana_runtime::message_processor::stable_log] Program log: Instruction: MintTo
[2025-11-05T06:35:20.616391000Z DEBUG solana_runtime::message_processor::stable_log] Program TokenkegQfeZyiNwAJbNbGKPFXCWuBvf9Ss623VQ5DA consumed 4491 of 200000 compute units
[2025-11-05T06:35:20.616403000Z DEBUG solana_runtime::message_processor::stable_log] Program TokenkegQfeZyiNwAJbNbGKPFXCWuBvf9Ss623VQ5DA success
[2025-11-05T06:35:20.630320000Z DEBUG solana_runtime::message_processor::stable_log] Program ASmKWt93JEMHxbdE6j7znD9y2FcdPboCzC3xtSTJvN7S invoke [1]
[2025-11-05T06:35:20.630401000Z DEBUG solana_runtime::message_processor::stable_log] Program log: Instruction: CreateConfig
[2025-11-05T06:35:20.630497000Z DEBUG solana_runtime::message_processor::stable_log] Program 11111111111111111111111111111111 invoke [2]
[2025-11-05T06:35:20.630505000Z DEBUG solana_runtime::message_processor::stable_log] Program 11111111111111111111111111111111 success
[2025-11-05T06:35:20.630613000Z DEBUG solana_runtime::message_processor::stable_log] Program ASmKWt93JEMHxbdE6j7znD9y2FcdPboCzC3xtSTJvN7S invoke [2]
[2025-11-05T06:35:20.630653000Z DEBUG solana_runtime::message_processor::stable_log] Program ASmKWt93JEMHxbdE6j7znD9y2FcdPboCzC3xtSTJvN7S consumed 2069 of 186095 compute units
[2025-11-05T06:35:20.630663000Z DEBUG solana_runtime::message_processor::stable_log] Program ASmKWt93JEMHxbdE6j7znD9y2FcdPboCzC3xtSTJvN7S success
[2025-11-05T06:35:20.630679000Z DEBUG solana_runtime::message_processor::stable_log] Program ASmKWt93JEMHxbdE6j7znD9y2FcdPboCzC3xtSTJvN7S consumed 16279 of 200000 compute units
[2025-11-05T06:35:20.630689000Z DEBUG solana_runtime::message_processor::stable_log] Program ASmKWt93JEMHxbdE6j7znD9y2FcdPboCzC3xtSTJvN7S success
[2025-11-05T06:35:20.659724000Z DEBUG solana_runtime::message_processor::stable_log] Program ASmKWt93JEMHxbdE6j7znD9y2FcdPboCzC3xtSTJvN7S invoke [1]
[2025-11-05T06:35:20.659844000Z DEBUG solana_runtime::message_processor::stable_log] Program log: Instruction: InitializePool
[2025-11-05T06:35:20.659979000Z DEBUG solana_runtime::message_processor::stable_log] Program 11111111111111111111111111111111 invoke [2]
[2025-11-05T06:35:20.659992000Z DEBUG solana_runtime::message_processor::stable_log] Program 11111111111111111111111111111111 success
[2025-11-05T06:35:20.660024000Z DEBUG solana_runtime::message_processor::stable_log] Program TokenzQdBNbLqP5VEhdkAS6EPFLC1PHnBqCXEpPxuEb invoke [2]
[2025-11-05T06:35:20.660051000Z DEBUG solana_runtime::message_processor::stable_log] Program log: MetadataPointerInstruction::Initialize
[2025-11-05T06:35:20.660085000Z DEBUG solana_runtime::message_processor::stable_log] Program TokenzQdBNbLqP5VEhdkAS6EPFLC1PHnBqCXEpPxuEb consumed 2442 of 334963 compute units
[2025-11-05T06:35:20.660095000Z DEBUG solana_runtime::message_processor::stable_log] Program TokenzQdBNbLqP5VEhdkAS6EPFLC1PHnBqCXEpPxuEb success
[2025-11-05T06:35:20.660124000Z DEBUG solana_runtime::message_processor::stable_log] Program TokenzQdBNbLqP5VEhdkAS6EPFLC1PHnBqCXEpPxuEb invoke [2]
[2025-11-05T06:35:20.660147000Z DEBUG solana_runtime::message_processor::stable_log] Program log: Instruction: InitializeMintCloseAuthority
[2025-11-05T06:35:20.660177000Z DEBUG solana_runtime::message_processor::stable_log] Program TokenzQdBNbLqP5VEhdkAS6EPFLC1PHnBqCXEpPxuEb consumed 2570 of 330543 compute units
[2025-11-05T06:35:20.660186000Z DEBUG solana_runtime::message_processor::stable_log] Program TokenzQdBNbLqP5VEhdkAS6EPFLC1PHnBqCXEpPxuEb success
[2025-11-05T06:35:20.660214000Z DEBUG solana_runtime::message_processor::stable_log] Program TokenzQdBNbLqP5VEhdkAS6EPFLC1PHnBqCXEpPxuEb invoke [2]
[2025-11-05T06:35:20.660236000Z DEBUG solana_runtime::message_processor::stable_log] Program log: Instruction: InitializeMint2
[2025-11-05T06:35:20.660293000Z DEBUG solana_runtime::message_processor::stable_log] Program TokenzQdBNbLqP5VEhdkAS6EPFLC1PHnBqCXEpPxuEb consumed 4078 of 326031 compute units
[2025-11-05T06:35:20.660302000Z DEBUG solana_runtime::message_processor::stable_log] Program TokenzQdBNbLqP5VEhdkAS6EPFLC1PHnBqCXEpPxuEb success
[2025-11-05T06:35:20.660424000Z DEBUG solana_runtime::message_processor::stable_log] Program 11111111111111111111111111111111 invoke [2]
[2025-11-05T06:35:20.660431000Z DEBUG solana_runtime::message_processor::stable_log] Program 11111111111111111111111111111111 success
[2025-11-05T06:35:20.660458000Z DEBUG solana_runtime::message_processor::stable_log] Program TokenzQdBNbLqP5VEhdkAS6EPFLC1PHnBqCXEpPxuEb invoke [2]
[2025-11-05T06:35:20.660486000Z DEBUG solana_runtime::message_processor::stable_log] Program log: Instruction: InitializeAccount3
[2025-11-05T06:35:20.660563000Z DEBUG solana_runtime::message_processor::stable_log] Program TokenzQdBNbLqP5VEhdkAS6EPFLC1PHnBqCXEpPxuEb consumed 5137 of 310847 compute units
[2025-11-05T06:35:20.660571000Z DEBUG solana_runtime::message_processor::stable_log] Program TokenzQdBNbLqP5VEhdkAS6EPFLC1PHnBqCXEpPxuEb success
[2025-11-05T06:35:20.660683000Z DEBUG solana_runtime::message_processor::stable_log] Program 11111111111111111111111111111111 invoke [2]
[2025-11-05T06:35:20.660689000Z DEBUG solana_runtime::message_processor::stable_log] Program 11111111111111111111111111111111 success
[2025-11-05T06:35:20.660760000Z DEBUG solana_runtime::message_processor::stable_log] Program 11111111111111111111111111111111 invoke [2]
[2025-11-05T06:35:20.660764000Z DEBUG solana_runtime::message_processor::stable_log] Program 11111111111111111111111111111111 success
[2025-11-05T06:35:20.660898000Z DEBUG solana_runtime::message_processor::stable_log] Program 11111111111111111111111111111111 invoke [2]
[2025-11-05T06:35:20.660903000Z DEBUG solana_runtime::message_processor::stable_log] Program 11111111111111111111111111111111 success
[2025-11-05T06:35:20.660929000Z DEBUG solana_runtime::message_processor::stable_log] Program TokenkegQfeZyiNwAJbNbGKPFXCWuBvf9Ss623VQ5DA invoke [2]
[2025-11-05T06:35:20.660958000Z DEBUG solana_runtime::message_processor::stable_log] Program log: Instruction: InitializeAccount3
[2025-11-05T06:35:20.661016000Z DEBUG solana_runtime::message_processor::stable_log] Program TokenkegQfeZyiNwAJbNbGKPFXCWuBvf9Ss623VQ5DA consumed 4214 of 276744 compute units
[2025-11-05T06:35:20.661023000Z DEBUG solana_runtime::message_processor::stable_log] Program TokenkegQfeZyiNwAJbNbGKPFXCWuBvf9Ss623VQ5DA success
[2025-11-05T06:35:20.661120000Z DEBUG solana_runtime::message_processor::stable_log] Program 11111111111111111111111111111111 invoke [2]
[2025-11-05T06:35:20.661125000Z DEBUG solana_runtime::message_processor::stable_log] Program 11111111111111111111111111111111 success
[2025-11-05T06:35:20.661149000Z DEBUG solana_runtime::message_processor::stable_log] Program TokenkegQfeZyiNwAJbNbGKPFXCWuBvf9Ss623VQ5DA invoke [2]
[2025-11-05T06:35:20.661174000Z DEBUG solana_runtime::message_processor::stable_log] Program log: Instruction: InitializeAccount3
[2025-11-05T06:35:20.661224000Z DEBUG solana_runtime::message_processor::stable_log] Program TokenkegQfeZyiNwAJbNbGKPFXCWuBvf9Ss623VQ5DA consumed 4214 of 262105 compute units
[2025-11-05T06:35:20.661231000Z DEBUG solana_runtime::message_processor::stable_log] Program TokenkegQfeZyiNwAJbNbGKPFXCWuBvf9Ss623VQ5DA success
[2025-11-05T06:35:20.661436000Z DEBUG solana_runtime::message_processor::stable_log] Program TokenzQdBNbLqP5VEhdkAS6EPFLC1PHnBqCXEpPxuEb invoke [2]
[2025-11-05T06:35:20.661487000Z DEBUG solana_runtime::message_processor::stable_log] Program log: TokenMetadataInstruction: Initialize
[2025-11-05T06:35:20.661603000Z DEBUG solana_runtime::message_processor::stable_log] Program TokenzQdBNbLqP5VEhdkAS6EPFLC1PHnBqCXEpPxuEb consumed 9900 of 245603 compute units
[2025-11-05T06:35:20.661611000Z DEBUG solana_runtime::message_processor::stable_log] Program TokenzQdBNbLqP5VEhdkAS6EPFLC1PHnBqCXEpPxuEb success
[2025-11-05T06:35:20.661651000Z DEBUG solana_runtime::message_processor::stable_log] Program 11111111111111111111111111111111 invoke [2]
[2025-11-05T06:35:20.661654000Z DEBUG solana_runtime::message_processor::stable_log] Program 11111111111111111111111111111111 success
[2025-11-05T06:35:20.661692000Z DEBUG solana_runtime::message_processor::stable_log] Program TokenzQdBNbLqP5VEhdkAS6EPFLC1PHnBqCXEpPxuEb invoke [2]
[2025-11-05T06:35:20.661720000Z DEBUG solana_runtime::message_processor::stable_log] Program log: Instruction: MintTo
[2025-11-05T06:35:20.661799000Z DEBUG solana_runtime::message_processor::stable_log] Program TokenzQdBNbLqP5VEhdkAS6EPFLC1PHnBqCXEpPxuEb consumed 5540 of 230641 compute units
[2025-11-05T06:35:20.661807000Z DEBUG solana_runtime::message_processor::stable_log] Program TokenzQdBNbLqP5VEhdkAS6EPFLC1PHnBqCXEpPxuEb success
[2025-11-05T06:35:20.661856000Z DEBUG solana_runtime::message_processor::stable_log] Program ASmKWt93JEMHxbdE6j7znD9y2FcdPboCzC3xtSTJvN7S invoke [2]
[2025-11-05T06:35:20.661887000Z DEBUG solana_runtime::message_processor::stable_log] Program ASmKWt93JEMHxbdE6j7znD9y2FcdPboCzC3xtSTJvN7S consumed 2069 of 222036 compute units
[2025-11-05T06:35:20.661897000Z DEBUG solana_runtime::message_processor::stable_log] Program ASmKWt93JEMHxbdE6j7znD9y2FcdPboCzC3xtSTJvN7S success
[2025-11-05T06:35:20.661943000Z DEBUG solana_runtime::message_processor::stable_log] Program TokenkegQfeZyiNwAJbNbGKPFXCWuBvf9Ss623VQ5DA invoke [2]
[2025-11-05T06:35:20.661976000Z DEBUG solana_runtime::message_processor::stable_log] Program log: Instruction: TransferChecked
[2025-11-05T06:35:20.662047000Z DEBUG solana_runtime::message_processor::stable_log] Program TokenkegQfeZyiNwAJbNbGKPFXCWuBvf9Ss623VQ5DA consumed 6174 of 217423 compute units
[2025-11-05T06:35:20.662055000Z DEBUG solana_runtime::message_processor::stable_log] Program TokenkegQfeZyiNwAJbNbGKPFXCWuBvf9Ss623VQ5DA success
[2025-11-05T06:35:20.662095000Z DEBUG solana_runtime::message_processor::stable_log] Program TokenkegQfeZyiNwAJbNbGKPFXCWuBvf9Ss623VQ5DA invoke [2]
[2025-11-05T06:35:20.662126000Z DEBUG solana_runtime::message_processor::stable_log] Program log: Instruction: TransferChecked
[2025-11-05T06:35:20.662209000Z DEBUG solana_runtime::message_processor::stable_log] Program TokenkegQfeZyiNwAJbNbGKPFXCWuBvf9Ss623VQ5DA consumed 6174 of 208839 compute units
[2025-11-05T06:35:20.662221000Z DEBUG solana_runtime::message_processor::stable_log] Program TokenkegQfeZyiNwAJbNbGKPFXCWuBvf9Ss623VQ5DA success
[2025-11-05T06:35:20.662319000Z DEBUG solana_runtime::message_processor::stable_log] Program ASmKWt93JEMHxbdE6j7znD9y2FcdPboCzC3xtSTJvN7S invoke [2]
[2025-11-05T06:35:20.662355000Z DEBUG solana_runtime::message_processor::stable_log] Program ASmKWt93JEMHxbdE6j7znD9y2FcdPboCzC3xtSTJvN7S consumed 2069 of 197584 compute units
[2025-11-05T06:35:20.662365000Z DEBUG solana_runtime::message_processor::stable_log] Program ASmKWt93JEMHxbdE6j7znD9y2FcdPboCzC3xtSTJvN7S success
[2025-11-05T06:35:20.662389000Z DEBUG solana_runtime::message_processor::stable_log] Program ASmKWt93JEMHxbdE6j7znD9y2FcdPboCzC3xtSTJvN7S consumed 155279 of 350000 compute units
[2025-11-05T06:35:20.662399000Z DEBUG solana_runtime::message_processor::stable_log] Program ASmKWt93JEMHxbdE6j7znD9y2FcdPboCzC3xtSTJvN7S success
[2025-11-05T06:35:20.662407000Z DEBUG solana_runtime::message_processor::stable_log] Program ComputeBudget111111111111111111111111111111 invoke [1]
[2025-11-05T06:35:20.662415000Z DEBUG solana_runtime::message_processor::stable_log] Program ComputeBudget111111111111111111111111111111 success
[2025-11-05T06:35:20.682586000Z DEBUG solana_runtime::message_processor::stable_log] Program 5B57SJ3g2YoNXUpsZqqjEQkRSxyKtVTQRXdgAirz6bio invoke [1]
[2025-11-05T06:35:20.682712000Z DEBUG solana_runtime::message_processor::stable_log] Program log: Instruction: InitializeHonoraryPosition
[2025-11-05T06:35:20.682861000Z DEBUG solana_runtime::message_processor::stable_log] Program 11111111111111111111111111111111 invoke [2]
[2025-11-05T06:35:20.682869000Z DEBUG solana_runtime::message_processor::stable_log] Program 11111111111111111111111111111111 success
[2025-11-05T06:35:20.682957000Z DEBUG solana_runtime::message_processor::stable_log] Program 11111111111111111111111111111111 invoke [2]
[2025-11-05T06:35:20.682963000Z DEBUG solana_runtime::message_processor::stable_log] Program 11111111111111111111111111111111 success
[2025-11-05T06:35:20.682993000Z DEBUG solana_runtime::message_processor::stable_log] Program TokenkegQfeZyiNwAJbNbGKPFXCWuBvf9Ss623VQ5DA invoke [2]
[2025-11-05T06:35:20.683025000Z DEBUG solana_runtime::message_processor::stable_log] Program log: Instruction: InitializeAccount3
[2025-11-05T06:35:20.683085000Z DEBUG solana_runtime::message_processor::stable_log] Program TokenkegQfeZyiNwAJbNbGKPFXCWuBvf9Ss623VQ5DA consumed 4214 of 177112 compute units
[2025-11-05T06:35:20.683095000Z DEBUG solana_runtime::message_processor::stable_log] Program TokenkegQfeZyiNwAJbNbGKPFXCWuBvf9Ss623VQ5DA success
[2025-11-05T06:35:20.683212000Z DEBUG solana_runtime::message_processor::stable_log] Program 11111111111111111111111111111111 invoke [2]
[2025-11-05T06:35:20.683223000Z DEBUG solana_runtime::message_processor::stable_log] Program 11111111111111111111111111111111 success
[2025-11-05T06:35:20.683303000Z DEBUG solana_runtime::message_processor::stable_log] Program TokenkegQfeZyiNwAJbNbGKPFXCWuBvf9Ss623VQ5DA invoke [2]
[2025-11-05T06:35:20.683384000Z DEBUG solana_runtime::message_processor::stable_log] Program log: Instruction: InitializeAccount3
[2025-11-05T06:35:20.683524000Z DEBUG solana_runtime::message_processor::stable_log] Program TokenkegQfeZyiNwAJbNbGKPFXCWuBvf9Ss623VQ5DA consumed 4214 of 163976 compute units
[2025-11-05T06:35:20.683548000Z DEBUG solana_runtime::message_processor::stable_log] Program TokenkegQfeZyiNwAJbNbGKPFXCWuBvf9Ss623VQ5DA success
[2025-11-05T06:35:20.683682000Z DEBUG solana_runtime::message_processor::stable_log] Program log: Creating honorary position through CP-AMM CPI
[2025-11-05T06:35:20.683837000Z DEBUG solana_runtime::message_processor::stable_log] Program ASmKWt93JEMHxbdE6j7znD9y2FcdPboCzC3xtSTJvN7S invoke [2]
[2025-11-05T06:35:20.683937000Z DEBUG solana_runtime::message_processor::stable_log] Program log: Instruction: CreatePosition
[2025-11-05T06:35:20.684008000Z DEBUG solana_runtime::message_processor::stable_log] Program 11111111111111111111111111111111 invoke [3]
[2025-11-05T06:35:20.684018000Z DEBUG solana_runtime::message_processor::stable_log] Program 11111111111111111111111111111111 success
[2025-11-05T06:35:20.684051000Z DEBUG solana_runtime::message_processor::stable_log] Program TokenzQdBNbLqP5VEhdkAS6EPFLC1PHnBqCXEpPxuEb invoke [3]
[2025-11-05T06:35:20.684086000Z DEBUG solana_runtime::message_processor::stable_log] Program log: MetadataPointerInstruction::Initialize
[2025-11-05T06:35:20.684125000Z DEBUG solana_runtime::message_processor::stable_log] Program TokenzQdBNbLqP5VEhdkAS6EPFLC1PHnBqCXEpPxuEb consumed 2442 of 138670 compute units
[2025-11-05T06:35:20.684137000Z DEBUG solana_runtime::message_processor::stable_log] Program TokenzQdBNbLqP5VEhdkAS6EPFLC1PHnBqCXEpPxuEb success
[2025-11-05T06:35:20.684165000Z DEBUG solana_runtime::message_processor::stable_log] Program TokenzQdBNbLqP5VEhdkAS6EPFLC1PHnBqCXEpPxuEb invoke [3]
[2025-11-05T06:35:20.684186000Z DEBUG solana_runtime::message_processor::stable_log] Program log: Instruction: InitializeMintCloseAuthority
[2025-11-05T06:35:20.684217000Z DEBUG solana_runtime::message_processor::stable_log] Program TokenzQdBNbLqP5VEhdkAS6EPFLC1PHnBqCXEpPxuEb consumed 2570 of 134250 compute units
[2025-11-05T06:35:20.684224000Z DEBUG solana_runtime::message_processor::stable_log] Program TokenzQdBNbLqP5VEhdkAS6EPFLC1PHnBqCXEpPxuEb success
[2025-11-05T06:35:20.684253000Z DEBUG solana_runtime::message_processor::stable_log] Program TokenzQdBNbLqP5VEhdkAS6EPFLC1PHnBqCXEpPxuEb invoke [3]
[2025-11-05T06:35:20.684276000Z DEBUG solana_runtime::message_processor::stable_log] Program log: Instruction: InitializeMint2
[2025-11-05T06:35:20.684334000Z DEBUG solana_runtime::message_processor::stable_log] Program TokenzQdBNbLqP5VEhdkAS6EPFLC1PHnBqCXEpPxuEb consumed 4078 of 129737 compute units
[2025-11-05T06:35:20.684341000Z DEBUG solana_runtime::message_processor::stable_log] Program TokenzQdBNbLqP5VEhdkAS6EPFLC1PHnBqCXEpPxuEb success
[2025-11-05T06:35:20.684471000Z DEBUG solana_runtime::message_processor::stable_log] Program 11111111111111111111111111111111 invoke [3]
[2025-11-05T06:35:20.684475000Z DEBUG solana_runtime::message_processor::stable_log] Program 11111111111111111111111111111111 success
[2025-11-05T06:35:20.684505000Z DEBUG solana_runtime::message_processor::stable_log] Program TokenzQdBNbLqP5VEhdkAS6EPFLC1PHnBqCXEpPxuEb invoke [3]
[2025-11-05T06:35:20.684531000Z DEBUG solana_runtime::message_processor::stable_log] Program log: Instruction: InitializeAccount3
[2025-11-05T06:35:20.684608000Z DEBUG solana_runtime::message_processor::stable_log] Program TokenzQdBNbLqP5VEhdkAS6EPFLC1PHnBqCXEpPxuEb consumed 5137 of 113053 compute units
[2025-11-05T06:35:20.684616000Z DEBUG solana_runtime::message_processor::stable_log] Program TokenzQdBNbLqP5VEhdkAS6EPFLC1PHnBqCXEpPxuEb success
[2025-11-05T06:35:20.684732000Z DEBUG solana_runtime::message_processor::stable_log] Program 11111111111111111111111111111111 invoke [3]
[2025-11-05T06:35:20.684735000Z DEBUG solana_runtime::message_processor::stable_log] Program 11111111111111111111111111111111 success
[2025-11-05T06:35:20.684851000Z DEBUG solana_runtime::message_processor::stable_log] Program TokenzQdBNbLqP5VEhdkAS6EPFLC1PHnBqCXEpPxuEb invoke [3]
[2025-11-05T06:35:20.684931000Z DEBUG solana_runtime::message_processor::stable_log] Program log: TokenMetadataInstruction: Initialize
[2025-11-05T06:35:20.685062000Z DEBUG solana_runtime::message_processor::stable_log] Program TokenzQdBNbLqP5VEhdkAS6EPFLC1PHnBqCXEpPxuEb consumed 9900 of 91823 compute units
[2025-11-05T06:35:20.685071000Z DEBUG solana_runtime::message_processor::stable_log] Program TokenzQdBNbLqP5VEhdkAS6EPFLC1PHnBqCXEpPxuEb success
[2025-11-05T06:35:20.685110000Z DEBUG solana_runtime::message_processor::stable_log] Program 11111111111111111111111111111111 invoke [3]
[2025-11-05T06:35:20.685114000Z DEBUG solana_runtime::message_processor::stable_log] Program 11111111111111111111111111111111 success
[2025-11-05T06:35:20.685151000Z DEBUG solana_runtime::message_processor::stable_log] Program TokenzQdBNbLqP5VEhdkAS6EPFLC1PHnBqCXEpPxuEb invoke [3]
[2025-11-05T06:35:20.685182000Z DEBUG solana_runtime::message_processor::stable_log] Program log: Instruction: MintTo
[2025-11-05T06:35:20.685251000Z DEBUG solana_runtime::message_processor::stable_log] Program TokenzQdBNbLqP5VEhdkAS6EPFLC1PHnBqCXEpPxuEb consumed 5540 of 76861 compute units
[2025-11-05T06:35:20.685259000Z DEBUG solana_runtime::message_processor::stable_log] Program TokenzQdBNbLqP5VEhdkAS6EPFLC1PHnBqCXEpPxuEb success
[2025-11-05T06:35:20.685310000Z DEBUG solana_runtime::message_processor::stable_log] Program ASmKWt93JEMHxbdE6j7znD9y2FcdPboCzC3xtSTJvN7S invoke [3]
[2025-11-05T06:35:20.685340000Z DEBUG solana_runtime::message_processor::stable_log] Program ASmKWt93JEMHxbdE6j7znD9y2FcdPboCzC3xtSTJvN7S consumed 2069 of 68255 compute units
[2025-11-05T06:35:20.685348000Z DEBUG solana_runtime::message_processor::stable_log] Program ASmKWt93JEMHxbdE6j7znD9y2FcdPboCzC3xtSTJvN7S success
[2025-11-05T06:35:20.685368000Z DEBUG solana_runtime::message_processor::stable_log] Program ASmKWt93JEMHxbdE6j7znD9y2FcdPboCzC3xtSTJvN7S consumed 82100 of 147714 compute units
[2025-11-05T06:35:20.685377000Z DEBUG solana_runtime::message_processor::stable_log] Program ASmKWt93JEMHxbdE6j7znD9y2FcdPboCzC3xtSTJvN7S success
[2025-11-05T06:35:20.685402000Z DEBUG solana_runtime::message_processor::stable_log] Program data: B9TwvmYpSylLxAII4FixngMfFPvLGhOMlO16NbOh3YkNVzq9mSVkzQtI+e7Wz235tJ4mpLu1e04eIrttVNgMbrVXtkckC2cXj73pWN55K+s8sxxZemu3nQY/2LTBdYUReRnEFEhkZfgdK1w0cuK+fN8HGUbJrNr67kQUSHl07xZv8rwQpAZnOQ8eOBmN7tmwErjArQ/8PeacvhZAQxXVq+a1gB/LxTieKPAKaQAAAAA=
[2025-11-05T06:35:20.685420000Z DEBUG solana_runtime::message_processor::stable_log] Program 5B57SJ3g2YoNXUpsZqqjEQkRSxyKtVTQRXdgAirz6bio consumed 136480 of 200000 compute units
[2025-11-05T06:35:20.685430000Z DEBUG solana_runtime::message_processor::stable_log] Program 5B57SJ3g2YoNXUpsZqqjEQkRSxyKtVTQRXdgAirz6bio success
[2025-11-05T06:35:20.706000000Z DEBUG solana_runtime::message_processor::stable_log] Program 5B57SJ3g2YoNXUpsZqqjEQkRSxyKtVTQRXdgAirz6bio invoke [1]
[2025-11-05T06:35:20.706122000Z DEBUG solana_runtime::message_processor::stable_log] Program log: Instruction: AddHonoraryLiquidity
[2025-11-05T06:35:20.706418000Z DEBUG solana_runtime::message_processor::stable_log] Program log: Adding liquidity to honorary position
[2025-11-05T06:35:20.706465000Z DEBUG solana_runtime::message_processor::stable_log] Program TokenkegQfeZyiNwAJbNbGKPFXCWuBvf9Ss623VQ5DA invoke [2]
[2025-11-05T06:35:20.706511000Z DEBUG solana_runtime::message_processor::stable_log] Program log: Instruction: TransferChecked
[2025-11-05T06:35:20.706587000Z DEBUG solana_runtime::message_processor::stable_log] Program TokenkegQfeZyiNwAJbNbGKPFXCWuBvf9Ss623VQ5DA consumed 6174 of 171243 compute units
[2025-11-05T06:35:20.706598000Z DEBUG solana_runtime::message_processor::stable_log] Program TokenkegQfeZyiNwAJbNbGKPFXCWuBvf9Ss623VQ5DA success
[2025-11-05T06:35:20.706645000Z DEBUG solana_runtime::message_processor::stable_log] Program TokenkegQfeZyiNwAJbNbGKPFXCWuBvf9Ss623VQ5DA invoke [2]
[2025-11-05T06:35:20.706676000Z DEBUG solana_runtime::message_processor::stable_log] Program log: Instruction: TransferChecked
[2025-11-05T06:35:20.706746000Z DEBUG solana_runtime::message_processor::stable_log] Program TokenkegQfeZyiNwAJbNbGKPFXCWuBvf9Ss623VQ5DA consumed 6174 of 162336 compute units
[2025-11-05T06:35:20.706755000Z DEBUG solana_runtime::message_processor::stable_log] Program TokenkegQfeZyiNwAJbNbGKPFXCWuBvf9Ss623VQ5DA success
[2025-11-05T06:35:20.706856000Z DEBUG solana_runtime::message_processor::stable_log] Program ASmKWt93JEMHxbdE6j7znD9y2FcdPboCzC3xtSTJvN7S invoke [2]
[2025-11-05T06:35:20.706932000Z DEBUG solana_runtime::message_processor::stable_log] Program log: Instruction: AddLiquidity
[2025-11-05T06:35:20.707206000Z DEBUG solana_runtime::message_processor::stable_log] Program TokenkegQfeZyiNwAJbNbGKPFXCWuBvf9Ss623VQ5DA invoke [3]
[2025-11-05T06:35:20.707246000Z DEBUG solana_runtime::message_processor::stable_log] Program log: Instruction: TransferChecked
[2025-11-05T06:35:20.707318000Z DEBUG solana_runtime::message_processor::stable_log] Program TokenkegQfeZyiNwAJbNbGKPFXCWuBvf9Ss623VQ5DA consumed 6174 of 123756 compute units
[2025-11-05T06:35:20.707327000Z DEBUG solana_runtime::message_processor::stable_log] Program TokenkegQfeZyiNwAJbNbGKPFXCWuBvf9Ss623VQ5DA success
[2025-11-05T06:35:20.707368000Z DEBUG solana_runtime::message_processor::stable_log] Program TokenkegQfeZyiNwAJbNbGKPFXCWuBvf9Ss623VQ5DA invoke [3]
[2025-11-05T06:35:20.707399000Z DEBUG solana_runtime::message_processor::stable_log] Program log: Instruction: TransferChecked
[2025-11-05T06:35:20.707464000Z DEBUG solana_runtime::message_processor::stable_log] Program TokenkegQfeZyiNwAJbNbGKPFXCWuBvf9Ss623VQ5DA consumed 6174 of 115172 compute units
[2025-11-05T06:35:20.707472000Z DEBUG solana_runtime::message_processor::stable_log] Program TokenkegQfeZyiNwAJbNbGKPFXCWuBvf9Ss623VQ5DA success
[2025-11-05T06:35:20.707522000Z DEBUG solana_runtime::message_processor::stable_log] Program ASmKWt93JEMHxbdE6j7znD9y2FcdPboCzC3xtSTJvN7S invoke [3]
[2025-11-05T06:35:20.707559000Z DEBUG solana_runtime::message_processor::stable_log] Program ASmKWt93JEMHxbdE6j7znD9y2FcdPboCzC3xtSTJvN7S consumed 2069 of 105744 compute units
[2025-11-05T06:35:20.707567000Z DEBUG solana_runtime::message_processor::stable_log] Program ASmKWt93JEMHxbdE6j7znD9y2FcdPboCzC3xtSTJvN7S success
[2025-11-05T06:35:20.707665000Z DEBUG solana_runtime::message_processor::stable_log] Program ASmKWt93JEMHxbdE6j7znD9y2FcdPboCzC3xtSTJvN7S invoke [3]
[2025-11-05T06:35:20.707696000Z DEBUG solana_runtime::message_processor::stable_log] Program ASmKWt93JEMHxbdE6j7znD9y2FcdPboCzC3xtSTJvN7S consumed 2069 of 97241 compute units
[2025-11-05T06:35:20.707704000Z DEBUG solana_runtime::message_processor::stable_log] Program ASmKWt93JEMHxbdE6j7znD9y2FcdPboCzC3xtSTJvN7S success
[2025-11-05T06:35:20.707725000Z DEBUG solana_runtime::message_processor::stable_log] Program ASmKWt93JEMHxbdE6j7znD9y2FcdPboCzC3xtSTJvN7S consumed 50736 of 145267 compute units
[2025-11-05T06:35:20.707733000Z DEBUG solana_runtime::message_processor::stable_log] Program ASmKWt93JEMHxbdE6j7znD9y2FcdPboCzC3xtSTJvN7S success
[2025-11-05T06:35:20.707765000Z DEBUG solana_runtime::message_processor::stable_log] Program log: Successfully added 1844674407370955161600 liquidity to honorary position
[2025-11-05T06:35:20.707781000Z DEBUG solana_runtime::message_processor::stable_log] Program 5B57SJ3g2YoNXUpsZqqjEQkRSxyKtVTQRXdgAirz6bio consumed 107147 of 200000 compute units
[2025-11-05T06:35:20.707790000Z DEBUG solana_runtime::message_processor::stable_log] Program 5B57SJ3g2YoNXUpsZqqjEQkRSxyKtVTQRXdgAirz6bio success
[2025-11-05T06:35:20.715863000Z DEBUG solana_runtime::message_processor::stable_log] Program 5B57SJ3g2YoNXUpsZqqjEQkRSxyKtVTQRXdgAirz6bio invoke [1]
[2025-11-05T06:35:20.715939000Z DEBUG solana_runtime::message_processor::stable_log] Program log: Instruction: SetupPolicy
[2025-11-05T06:35:20.716183000Z DEBUG solana_runtime::message_processor::stable_log] Program 11111111111111111111111111111111 invoke [2]
[2025-11-05T06:35:20.716211000Z DEBUG solana_runtime::message_processor::stable_log] Program 11111111111111111111111111111111 success
[2025-11-05T06:35:20.716350000Z DEBUG solana_runtime::message_processor::stable_log] Program 11111111111111111111111111111111 invoke [2]
[2025-11-05T06:35:20.716367000Z DEBUG solana_runtime::message_processor::stable_log] Program 11111111111111111111111111111111 success
[2025-11-05T06:35:20.716416000Z DEBUG solana_runtime::message_processor::stable_log] Program data: HFXHbHKxoyZLxAII4FixngMfFPvLGhOMlO16NbOh3YkNVzq9mSVkzfv3JKdvJP7jyHqKLtylfl8sAlDvqUMA9QdaHd9MV7ZriBNAS0wAAAAAACjwCmkAAAAA
[2025-11-05T06:35:20.716447000Z DEBUG solana_runtime::message_processor::stable_log] Program 5B57SJ3g2YoNXUpsZqqjEQkRSxyKtVTQRXdgAirz6bio consumed 21026 of 200000 compute units
[2025-11-05T06:35:20.716464000Z DEBUG solana_runtime::message_processor::stable_log] Program 5B57SJ3g2YoNXUpsZqqjEQkRSxyKtVTQRXdgAirz6bio success
[2025-11-05T06:35:20.725498000Z DEBUG solana_runtime::message_processor::stable_log] Program 11111111111111111111111111111111 invoke [1]
[2025-11-05T06:35:20.725543000Z DEBUG solana_runtime::message_processor::stable_log] Program 11111111111111111111111111111111 success
  Stream 0: 100% locked, expected locked amount: 1250000, amount_per_period: 3472
[2025-11-05T06:35:20.731481000Z DEBUG solana_runtime::message_processor::stable_log] Program ATokenGPvbdGVxr1b2hvZbsiqW5xWH25efTNsLJA8knL invoke [1]
[2025-11-05T06:35:20.731566000Z DEBUG solana_runtime::message_processor::stable_log] Program log: Create
[2025-11-05T06:35:20.731637000Z DEBUG solana_runtime::message_processor::stable_log] Program TokenkegQfeZyiNwAJbNbGKPFXCWuBvf9Ss623VQ5DA invoke [2]
[2025-11-05T06:35:20.731676000Z DEBUG solana_runtime::message_processor::stable_log] Program log: Instruction: GetAccountDataSize
[2025-11-05T06:35:20.731697000Z DEBUG solana_runtime::message_processor::stable_log] Program TokenkegQfeZyiNwAJbNbGKPFXCWuBvf9Ss623VQ5DA consumed 1595 of 191555 compute units
[2025-11-05T06:35:20.731706000Z DEBUG solana_runtime::message_processor::stable_log] Program return: TokenkegQfeZyiNwAJbNbGKPFXCWuBvf9Ss623VQ5DA pQAAAAAAAAA=
[2025-11-05T06:35:20.731715000Z DEBUG solana_runtime::message_processor::stable_log] Program TokenkegQfeZyiNwAJbNbGKPFXCWuBvf9Ss623VQ5DA success
[2025-11-05T06:35:20.731779000Z DEBUG solana_runtime::message_processor::stable_log] Program 11111111111111111111111111111111 invoke [2]
[2025-11-05T06:35:20.731786000Z DEBUG solana_runtime::message_processor::stable_log] Program 11111111111111111111111111111111 success
[2025-11-05T06:35:20.731793000Z DEBUG solana_runtime::message_processor::stable_log] Program log: Initialize the associated token account
[2025-11-05T06:35:20.731828000Z DEBUG solana_runtime::message_processor::stable_log] Program TokenkegQfeZyiNwAJbNbGKPFXCWuBvf9Ss623VQ5DA invoke [2]
[2025-11-05T06:35:20.731860000Z DEBUG solana_runtime::message_processor::stable_log] Program log: Instruction: InitializeImmutableOwner
[2025-11-05T06:35:20.731872000Z DEBUG solana_runtime::message_processor::stable_log] Program log: Please upgrade to SPL Token 2022 for immutable owner support
[2025-11-05T06:35:20.731875000Z DEBUG solana_runtime::message_processor::stable_log] Program TokenkegQfeZyiNwAJbNbGKPFXCWuBvf9Ss623VQ5DA consumed 1405 of 184942 compute units
[2025-11-05T06:35:20.731884000Z DEBUG solana_runtime::message_processor::stable_log] Program TokenkegQfeZyiNwAJbNbGKPFXCWuBvf9Ss623VQ5DA success
[2025-11-05T06:35:20.731922000Z DEBUG solana_runtime::message_processor::stable_log] Program TokenkegQfeZyiNwAJbNbGKPFXCWuBvf9Ss623VQ5DA invoke [2]
[2025-11-05T06:35:20.731954000Z DEBUG solana_runtime::message_processor::stable_log] Program log: Instruction: InitializeAccount3
[2025-11-05T06:35:20.732017000Z DEBUG solana_runtime::message_processor::stable_log] Program TokenkegQfeZyiNwAJbNbGKPFXCWuBvf9Ss623VQ5DA consumed 4214 of 181058 compute units
[2025-11-05T06:35:20.732026000Z DEBUG solana_runtime::message_processor::stable_log] Program TokenkegQfeZyiNwAJbNbGKPFXCWuBvf9Ss623VQ5DA success
[2025-11-05T06:35:20.732040000Z DEBUG solana_runtime::message_processor::stable_log] Program ATokenGPvbdGVxr1b2hvZbsiqW5xWH25efTNsLJA8knL consumed 23460 of 200000 compute units
[2025-11-05T06:35:20.732050000Z DEBUG solana_runtime::message_processor::stable_log] Program ATokenGPvbdGVxr1b2hvZbsiqW5xWH25efTNsLJA8knL success
[2025-11-05T06:35:20.744090000Z DEBUG solana_runtime::message_processor::stable_log] Program 11111111111111111111111111111111 invoke [1]
[2025-11-05T06:35:20.744108000Z DEBUG solana_runtime::message_processor::stable_log] Program 11111111111111111111111111111111 success
  Stream 1: 100% locked, expected locked amount: 1250000, amount_per_period: 3472
[2025-11-05T06:35:20.750627000Z DEBUG solana_runtime::message_processor::stable_log] Program ATokenGPvbdGVxr1b2hvZbsiqW5xWH25efTNsLJA8knL invoke [1]
[2025-11-05T06:35:20.750714000Z DEBUG solana_runtime::message_processor::stable_log] Program log: Create
[2025-11-05T06:35:20.750822000Z DEBUG solana_runtime::message_processor::stable_log] Program TokenkegQfeZyiNwAJbNbGKPFXCWuBvf9Ss623VQ5DA invoke [2]
[2025-11-05T06:35:20.750855000Z DEBUG solana_runtime::message_processor::stable_log] Program log: Instruction: GetAccountDataSize
[2025-11-05T06:35:20.750873000Z DEBUG solana_runtime::message_processor::stable_log] Program TokenkegQfeZyiNwAJbNbGKPFXCWuBvf9Ss623VQ5DA consumed 1595 of 194555 compute units
[2025-11-05T06:35:20.750881000Z DEBUG solana_runtime::message_processor::stable_log] Program return: TokenkegQfeZyiNwAJbNbGKPFXCWuBvf9Ss623VQ5DA pQAAAAAAAAA=
[2025-11-05T06:35:20.750888000Z DEBUG solana_runtime::message_processor::stable_log] Program TokenkegQfeZyiNwAJbNbGKPFXCWuBvf9Ss623VQ5DA success
[2025-11-05T06:35:20.750944000Z DEBUG solana_runtime::message_processor::stable_log] Program 11111111111111111111111111111111 invoke [2]
[2025-11-05T06:35:20.750950000Z DEBUG solana_runtime::message_processor::stable_log] Program 11111111111111111111111111111111 success
[2025-11-05T06:35:20.750956000Z DEBUG solana_runtime::message_processor::stable_log] Program log: Initialize the associated token account
[2025-11-05T06:35:20.750974000Z DEBUG solana_runtime::message_processor::stable_log] Program TokenkegQfeZyiNwAJbNbGKPFXCWuBvf9Ss623VQ5DA invoke [2]
[2025-11-05T06:35:20.750995000Z DEBUG solana_runtime::message_processor::stable_log] Program log: Instruction: InitializeImmutableOwner
[2025-11-05T06:35:20.751016000Z DEBUG solana_runtime::message_processor::stable_log] Program log: Please upgrade to SPL Token 2022 for immutable owner support
[2025-11-05T06:35:20.751020000Z DEBUG solana_runtime::message_processor::stable_log] Program TokenkegQfeZyiNwAJbNbGKPFXCWuBvf9Ss623VQ5DA consumed 1405 of 187942 compute units
[2025-11-05T06:35:20.751053000Z DEBUG solana_runtime::message_processor::stable_log] Program TokenkegQfeZyiNwAJbNbGKPFXCWuBvf9Ss623VQ5DA success
[2025-11-05T06:35:20.751091000Z DEBUG solana_runtime::message_processor::stable_log] Program TokenkegQfeZyiNwAJbNbGKPFXCWuBvf9Ss623VQ5DA invoke [2]
[2025-11-05T06:35:20.751120000Z DEBUG solana_runtime::message_processor::stable_log] Program log: Instruction: InitializeAccount3
[2025-11-05T06:35:20.751174000Z DEBUG solana_runtime::message_processor::stable_log] Program TokenkegQfeZyiNwAJbNbGKPFXCWuBvf9Ss623VQ5DA consumed 4214 of 184058 compute units
[2025-11-05T06:35:20.751182000Z DEBUG solana_runtime::message_processor::stable_log] Program TokenkegQfeZyiNwAJbNbGKPFXCWuBvf9Ss623VQ5DA success
[2025-11-05T06:35:20.751195000Z DEBUG solana_runtime::message_processor::stable_log] Program ATokenGPvbdGVxr1b2hvZbsiqW5xWH25efTNsLJA8knL consumed 20460 of 200000 compute units
[2025-11-05T06:35:20.751203000Z DEBUG solana_runtime::message_processor::stable_log] Program ATokenGPvbdGVxr1b2hvZbsiqW5xWH25efTNsLJA8knL success
[2025-11-05T06:35:20.760964000Z DEBUG solana_runtime::message_processor::stable_log] Program 11111111111111111111111111111111 invoke [1]
[2025-11-05T06:35:20.760982000Z DEBUG solana_runtime::message_processor::stable_log] Program 11111111111111111111111111111111 success
  Stream 2: 100% locked, expected locked amount: 1250000, amount_per_period: 3472
[2025-11-05T06:35:20.766567000Z DEBUG solana_runtime::message_processor::stable_log] Program ATokenGPvbdGVxr1b2hvZbsiqW5xWH25efTNsLJA8knL invoke [1]
[2025-11-05T06:35:20.766645000Z DEBUG solana_runtime::message_processor::stable_log] Program log: Create
[2025-11-05T06:35:20.766697000Z DEBUG solana_runtime::message_processor::stable_log] Program TokenkegQfeZyiNwAJbNbGKPFXCWuBvf9Ss623VQ5DA invoke [2]
[2025-11-05T06:35:20.766731000Z DEBUG solana_runtime::message_processor::stable_log] Program log: Instruction: GetAccountDataSize
[2025-11-05T06:35:20.766751000Z DEBUG solana_runtime::message_processor::stable_log] Program TokenkegQfeZyiNwAJbNbGKPFXCWuBvf9Ss623VQ5DA consumed 1595 of 194555 compute units
[2025-11-05T06:35:20.766759000Z DEBUG solana_runtime::message_processor::stable_log] Program return: TokenkegQfeZyiNwAJbNbGKPFXCWuBvf9Ss623VQ5DA pQAAAAAAAAA=
[2025-11-05T06:35:20.766767000Z DEBUG solana_runtime::message_processor::stable_log] Program TokenkegQfeZyiNwAJbNbGKPFXCWuBvf9Ss623VQ5DA success
[2025-11-05T06:35:20.766821000Z DEBUG solana_runtime::message_processor::stable_log] Program 11111111111111111111111111111111 invoke [2]
[2025-11-05T06:35:20.766829000Z DEBUG solana_runtime::message_processor::stable_log] Program 11111111111111111111111111111111 success
[2025-11-05T06:35:20.766834000Z DEBUG solana_runtime::message_processor::stable_log] Program log: Initialize the associated token account
[2025-11-05T06:35:20.766852000Z DEBUG solana_runtime::message_processor::stable_log] Program TokenkegQfeZyiNwAJbNbGKPFXCWuBvf9Ss623VQ5DA invoke [2]
[2025-11-05T06:35:20.766877000Z DEBUG solana_runtime::message_processor::stable_log] Program log: Instruction: InitializeImmutableOwner
[2025-11-05T06:35:20.766888000Z DEBUG solana_runtime::message_processor::stable_log] Program log: Please upgrade to SPL Token 2022 for immutable owner support
[2025-11-05T06:35:20.766891000Z DEBUG solana_runtime::message_processor::stable_log] Program TokenkegQfeZyiNwAJbNbGKPFXCWuBvf9Ss623VQ5DA consumed 1405 of 187942 compute units
[2025-11-05T06:35:20.766898000Z DEBUG solana_runtime::message_processor::stable_log] Program TokenkegQfeZyiNwAJbNbGKPFXCWuBvf9Ss623VQ5DA success
[2025-11-05T06:35:20.766931000Z DEBUG solana_runtime::message_processor::stable_log] Program TokenkegQfeZyiNwAJbNbGKPFXCWuBvf9Ss623VQ5DA invoke [2]
[2025-11-05T06:35:20.766958000Z DEBUG solana_runtime::message_processor::stable_log] Program log: Instruction: InitializeAccount3
[2025-11-05T06:35:20.767012000Z DEBUG solana_runtime::message_processor::stable_log] Program TokenkegQfeZyiNwAJbNbGKPFXCWuBvf9Ss623VQ5DA consumed 4214 of 184058 compute units
[2025-11-05T06:35:20.767020000Z DEBUG solana_runtime::message_processor::stable_log] Program TokenkegQfeZyiNwAJbNbGKPFXCWuBvf9Ss623VQ5DA success
[2025-11-05T06:35:20.767032000Z DEBUG solana_runtime::message_processor::stable_log] Program ATokenGPvbdGVxr1b2hvZbsiqW5xWH25efTNsLJA8knL consumed 20460 of 200000 compute units
[2025-11-05T06:35:20.767041000Z DEBUG solana_runtime::message_processor::stable_log] Program ATokenGPvbdGVxr1b2hvZbsiqW5xWH25efTNsLJA8knL success
[2025-11-05T06:35:20.776725000Z DEBUG solana_runtime::message_processor::stable_log] Program 11111111111111111111111111111111 invoke [1]
[2025-11-05T06:35:20.776741000Z DEBUG solana_runtime::message_processor::stable_log] Program 11111111111111111111111111111111 success
  Stream 3: 100% locked, expected locked amount: 1250000, amount_per_period: 3472
[2025-11-05T06:35:20.782082000Z DEBUG solana_runtime::message_processor::stable_log] Program ATokenGPvbdGVxr1b2hvZbsiqW5xWH25efTNsLJA8knL invoke [1]
[2025-11-05T06:35:20.782152000Z DEBUG solana_runtime::message_processor::stable_log] Program log: Create
[2025-11-05T06:35:20.782205000Z DEBUG solana_runtime::message_processor::stable_log] Program TokenkegQfeZyiNwAJbNbGKPFXCWuBvf9Ss623VQ5DA invoke [2]
[2025-11-05T06:35:20.782239000Z DEBUG solana_runtime::message_processor::stable_log] Program log: Instruction: GetAccountDataSize
[2025-11-05T06:35:20.782257000Z DEBUG solana_runtime::message_processor::stable_log] Program TokenkegQfeZyiNwAJbNbGKPFXCWuBvf9Ss623VQ5DA consumed 1595 of 194555 compute units
[2025-11-05T06:35:20.782266000Z DEBUG solana_runtime::message_processor::stable_log] Program return: TokenkegQfeZyiNwAJbNbGKPFXCWuBvf9Ss623VQ5DA pQAAAAAAAAA=
[2025-11-05T06:35:20.782309000Z DEBUG solana_runtime::message_processor::stable_log] Program TokenkegQfeZyiNwAJbNbGKPFXCWuBvf9Ss623VQ5DA success
[2025-11-05T06:35:20.782403000Z DEBUG solana_runtime::message_processor::stable_log] Program 11111111111111111111111111111111 invoke [2]
[2025-11-05T06:35:20.782413000Z DEBUG solana_runtime::message_processor::stable_log] Program 11111111111111111111111111111111 success
[2025-11-05T06:35:20.782419000Z DEBUG solana_runtime::message_processor::stable_log] Program log: Initialize the associated token account
[2025-11-05T06:35:20.782440000Z DEBUG solana_runtime::message_processor::stable_log] Program TokenkegQfeZyiNwAJbNbGKPFXCWuBvf9Ss623VQ5DA invoke [2]
[2025-11-05T06:35:20.782461000Z DEBUG solana_runtime::message_processor::stable_log] Program log: Instruction: InitializeImmutableOwner
[2025-11-05T06:35:20.782472000Z DEBUG solana_runtime::message_processor::stable_log] Program log: Please upgrade to SPL Token 2022 for immutable owner support
[2025-11-05T06:35:20.782475000Z DEBUG solana_runtime::message_processor::stable_log] Program TokenkegQfeZyiNwAJbNbGKPFXCWuBvf9Ss623VQ5DA consumed 1405 of 187942 compute units
[2025-11-05T06:35:20.782484000Z DEBUG solana_runtime::message_processor::stable_log] Program TokenkegQfeZyiNwAJbNbGKPFXCWuBvf9Ss623VQ5DA success
[2025-11-05T06:35:20.782520000Z DEBUG solana_runtime::message_processor::stable_log] Program TokenkegQfeZyiNwAJbNbGKPFXCWuBvf9Ss623VQ5DA invoke [2]
[2025-11-05T06:35:20.782545000Z DEBUG solana_runtime::message_processor::stable_log] Program log: Instruction: InitializeAccount3
[2025-11-05T06:35:20.782598000Z DEBUG solana_runtime::message_processor::stable_log] Program TokenkegQfeZyiNwAJbNbGKPFXCWuBvf9Ss623VQ5DA consumed 4214 of 184058 compute units
[2025-11-05T06:35:20.782606000Z DEBUG solana_runtime::message_processor::stable_log] Program TokenkegQfeZyiNwAJbNbGKPFXCWuBvf9Ss623VQ5DA success
[2025-11-05T06:35:20.782619000Z DEBUG solana_runtime::message_processor::stable_log] Program ATokenGPvbdGVxr1b2hvZbsiqW5xWH25efTNsLJA8knL consumed 20460 of 200000 compute units
[2025-11-05T06:35:20.782628000Z DEBUG solana_runtime::message_processor::stable_log] Program ATokenGPvbdGVxr1b2hvZbsiqW5xWH25efTNsLJA8knL success
[2025-11-05T06:35:20.807347000Z DEBUG solana_runtime::message_processor::stable_log] Program ASmKWt93JEMHxbdE6j7znD9y2FcdPboCzC3xtSTJvN7S invoke [1]
[2025-11-05T06:35:20.807548000Z DEBUG solana_runtime::message_processor::stable_log] Program log: Instruction: Swap
[2025-11-05T06:35:20.807899000Z DEBUG solana_runtime::message_processor::stable_log] Program TokenkegQfeZyiNwAJbNbGKPFXCWuBvf9Ss623VQ5DA invoke [2]
[2025-11-05T06:35:20.807954000Z DEBUG solana_runtime::message_processor::stable_log] Program log: Instruction: TransferChecked
[2025-11-05T06:35:20.808044000Z DEBUG solana_runtime::message_processor::stable_log] Program TokenkegQfeZyiNwAJbNbGKPFXCWuBvf9Ss623VQ5DA consumed 6174 of 177264 compute units
[2025-11-05T06:35:20.808056000Z DEBUG solana_runtime::message_processor::stable_log] Program TokenkegQfeZyiNwAJbNbGKPFXCWuBvf9Ss623VQ5DA success
[2025-11-05T06:35:20.808114000Z DEBUG solana_runtime::message_processor::stable_log] Program TokenkegQfeZyiNwAJbNbGKPFXCWuBvf9Ss623VQ5DA invoke [2]
[2025-11-05T06:35:20.808155000Z DEBUG solana_runtime::message_processor::stable_log] Program log: Instruction: TransferChecked
[2025-11-05T06:35:20.808239000Z DEBUG solana_runtime::message_processor::stable_log] Program TokenkegQfeZyiNwAJbNbGKPFXCWuBvf9Ss623VQ5DA consumed 6174 of 168626 compute units
[2025-11-05T06:35:20.808251000Z DEBUG solana_runtime::message_processor::stable_log] Program TokenkegQfeZyiNwAJbNbGKPFXCWuBvf9Ss623VQ5DA success
[2025-11-05T06:35:20.808369000Z DEBUG solana_runtime::message_processor::stable_log] Program ASmKWt93JEMHxbdE6j7znD9y2FcdPboCzC3xtSTJvN7S invoke [2]
[2025-11-05T06:35:20.808411000Z DEBUG solana_runtime::message_processor::stable_log] Program ASmKWt93JEMHxbdE6j7znD9y2FcdPboCzC3xtSTJvN7S consumed 2069 of 156186 compute units
[2025-11-05T06:35:20.808422000Z DEBUG solana_runtime::message_processor::stable_log] Program ASmKWt93JEMHxbdE6j7znD9y2FcdPboCzC3xtSTJvN7S success
[2025-11-05T06:35:20.808483000Z DEBUG solana_runtime::message_processor::stable_log] Program ASmKWt93JEMHxbdE6j7znD9y2FcdPboCzC3xtSTJvN7S invoke [2]
[2025-11-05T06:35:20.808516000Z DEBUG solana_runtime::message_processor::stable_log] Program ASmKWt93JEMHxbdE6j7znD9y2FcdPboCzC3xtSTJvN7S consumed 2069 of 150488 compute units
[2025-11-05T06:35:20.808525000Z DEBUG solana_runtime::message_processor::stable_log] Program ASmKWt93JEMHxbdE6j7znD9y2FcdPboCzC3xtSTJvN7S success
[2025-11-05T06:35:20.808572000Z DEBUG solana_runtime::message_processor::stable_log] Program ASmKWt93JEMHxbdE6j7znD9y2FcdPboCzC3xtSTJvN7S consumed 52115 of 200000 compute units
[2025-11-05T06:35:20.808583000Z DEBUG solana_runtime::message_processor::stable_log] Program ASmKWt93JEMHxbdE6j7znD9y2FcdPboCzC3xtSTJvN7S success
[2025-11-05T06:35:20.835674000Z DEBUG solana_runtime::message_processor::stable_log] Program ComputeBudget111111111111111111111111111111 invoke [1]
[2025-11-05T06:35:20.835689000Z DEBUG solana_runtime::message_processor::stable_log] Program ComputeBudget111111111111111111111111111111 success
[2025-11-05T06:35:20.835699000Z DEBUG solana_runtime::message_processor::stable_log] Program 5B57SJ3g2YoNXUpsZqqjEQkRSxyKtVTQRXdgAirz6bio invoke [1]
[2025-11-05T06:35:20.835867000Z DEBUG solana_runtime::message_processor::stable_log] Program log: Instruction: CrankDistribution
[2025-11-05T06:35:20.836445000Z DEBUG solana_runtime::message_processor::stable_log] Program log: === DEBUG: Before claiming fees ===
[2025-11-05T06:35:20.836461000Z DEBUG solana_runtime::message_processor::stable_log] Program log: Pool collect_fee_mode: 1
[2025-11-05T06:35:20.836581000Z DEBUG solana_runtime::message_processor::stable_log] Program log: Pool token_a_mint: 9yWcF3vnTBh9mTquyZYRXFo9HtpDgNuQBG2dUuH9meBh
[2025-11-05T06:35:20.836689000Z DEBUG solana_runtime::message_processor::stable_log] Program log: Pool token_b_mint: 2xsAvtzNGJEq2PsAckrbdKRwJyB4qZA7nhccxDf5vPwW
[2025-11-05T06:35:20.836799000Z DEBUG solana_runtime::message_processor::stable_log] Program log: Quote mint: 2xsAvtzNGJEq2PsAckrbdKRwJyB4qZA7nhccxDf5vPwW
[2025-11-05T06:35:20.836913000Z DEBUG solana_runtime::message_processor::stable_log] Program log: Base mint: 9yWcF3vnTBh9mTquyZYRXFo9HtpDgNuQBG2dUuH9meBh
[2025-11-05T06:35:20.836928000Z DEBUG solana_runtime::message_processor::stable_log] Program log: Position unlocked_liquidity: 1844674407370955161600
[2025-11-05T06:35:20.836935000Z DEBUG solana_runtime::message_processor::stable_log] Program log: Position vested_liquidity: 0
[2025-11-05T06:35:20.836943000Z DEBUG solana_runtime::message_processor::stable_log] Program log: Position permanent_locked_liquidity: 0
[2025-11-05T06:35:20.836950000Z DEBUG solana_runtime::message_processor::stable_log] Program log: Position fee_a_pending: 0
[2025-11-05T06:35:20.836955000Z DEBUG solana_runtime::message_processor::stable_log] Program log: Position fee_b_pending: 0
[2025-11-05T06:35:20.836961000Z DEBUG solana_runtime::message_processor::stable_log] Program log: Position fee_a_checkpoint (first 8 bytes): 0
[2025-11-05T06:35:20.836967000Z DEBUG solana_runtime::message_processor::stable_log] Program log: Position fee_b_checkpoint (first 8 bytes): 0
[2025-11-05T06:35:20.836973000Z DEBUG solana_runtime::message_processor::stable_log] Program log: Pool fee_a_per_liquidity (first 8 bytes): 0
[2025-11-05T06:35:20.836981000Z DEBUG solana_runtime::message_processor::stable_log] Program log: Pool fee_b_per_liquidity (first 8 bytes): 276701161105643274
[2025-11-05T06:35:20.836995000Z DEBUG solana_runtime::message_processor::stable_log] Program log: Pool liquidity: 3689348814741910323200
[2025-11-05T06:35:20.837003000Z DEBUG solana_runtime::message_processor::stable_log] Program log: Treasury quote balance before: 99999999999999999
[2025-11-05T06:35:20.837010000Z DEBUG solana_runtime::message_processor::stable_log] Program log: Treasury base balance before: 99999785255671124
[2025-11-05T06:35:20.837012000Z DEBUG solana_runtime::message_processor::stable_log] Program log: Claiming position fees from CP-AMM
[2025-11-05T06:35:20.837109000Z DEBUG solana_runtime::message_processor::stable_log] Program ASmKWt93JEMHxbdE6j7znD9y2FcdPboCzC3xtSTJvN7S invoke [2]
[2025-11-05T06:35:20.837238000Z DEBUG solana_runtime::message_processor::stable_log] Program log: Instruction: ClaimPositionFee
[2025-11-05T06:35:20.837472000Z DEBUG solana_runtime::message_processor::stable_log] Program TokenkegQfeZyiNwAJbNbGKPFXCWuBvf9Ss623VQ5DA invoke [3]
[2025-11-05T06:35:20.837514000Z DEBUG solana_runtime::message_processor::stable_log] Program log: Instruction: TransferChecked
[2025-11-05T06:35:20.837591000Z DEBUG solana_runtime::message_processor::stable_log] Program TokenkegQfeZyiNwAJbNbGKPFXCWuBvf9Ss623VQ5DA consumed 6174 of 270379 compute units
[2025-11-05T06:35:20.837601000Z DEBUG solana_runtime::message_processor::stable_log] Program TokenkegQfeZyiNwAJbNbGKPFXCWuBvf9Ss623VQ5DA success
[2025-11-05T06:35:20.837645000Z DEBUG solana_runtime::message_processor::stable_log] Program ASmKWt93JEMHxbdE6j7znD9y2FcdPboCzC3xtSTJvN7S invoke [3]
[2025-11-05T06:35:20.837679000Z DEBUG solana_runtime::message_processor::stable_log] Program ASmKWt93JEMHxbdE6j7znD9y2FcdPboCzC3xtSTJvN7S consumed 2069 of 261465 compute units
[2025-11-05T06:35:20.837687000Z DEBUG solana_runtime::message_processor::stable_log] Program ASmKWt93JEMHxbdE6j7znD9y2FcdPboCzC3xtSTJvN7S success
[2025-11-05T06:35:20.837706000Z DEBUG solana_runtime::message_processor::stable_log] Program ASmKWt93JEMHxbdE6j7znD9y2FcdPboCzC3xtSTJvN7S consumed 30043 of 288898 compute units
[2025-11-05T06:35:20.837715000Z DEBUG solana_runtime::message_processor::stable_log] Program ASmKWt93JEMHxbdE6j7znD9y2FcdPboCzC3xtSTJvN7S success
[2025-11-05T06:35:20.837753000Z DEBUG solana_runtime::message_processor::stable_log] Program log: === DEBUG: After claiming fees ===
[2025-11-05T06:35:20.837765000Z DEBUG solana_runtime::message_processor::stable_log] Program log: Treasury quote balance after: 100000000000000000
[2025-11-05T06:35:20.837773000Z DEBUG solana_runtime::message_processor::stable_log] Program log: Treasury base balance after: 99999785255671124
[2025-11-05T06:35:20.837779000Z DEBUG solana_runtime::message_processor::stable_log] Program log: Quote tokens claimed: 1
[2025-11-05T06:35:20.837788000Z DEBUG solana_runtime::message_processor::stable_log] Program data: fzkUsNcjWlhLxAII4FixngMfFPvLGhOMlO16NbOh3YkNVzq9mSVkzQEAAAAAAAAAKPAKaQAAAAA=
[2025-11-05T06:35:20.838077000Z DEBUG solana_runtime::message_processor::stable_log] Program TokenkegQfeZyiNwAJbNbGKPFXCWuBvf9Ss623VQ5DA invoke [2]
[2025-11-05T06:35:20.838115000Z DEBUG solana_runtime::message_processor::stable_log] Program log: Instruction: TransferChecked
[2025-11-05T06:35:20.838186000Z DEBUG solana_runtime::message_processor::stable_log] Program TokenkegQfeZyiNwAJbNbGKPFXCWuBvf9Ss623VQ5DA consumed 6174 of 237293 compute units
[2025-11-05T06:35:20.838194000Z DEBUG solana_runtime::message_processor::stable_log] Program TokenkegQfeZyiNwAJbNbGKPFXCWuBvf9Ss623VQ5DA success
[2025-11-05T06:35:20.838207000Z DEBUG solana_runtime::message_processor::stable_log] Program data: jhY1V/E9sS1LxAII4FixngMfFPvLGhOMlO16NbOh3YkNVzq9mSVkzQEAAAAAAAAAAAAAAAAAAAAo8AppAAAAAA==
[2025-11-05T06:35:20.838212000Z DEBUG solana_runtime::message_processor::stable_log] Program data: KjXqZeHwy3lLxAII4FixngMfFPvLGhOMlO16NbOh3YkNVzq9mSVkzQAAAAAEAAAABAAAAAAAAAAAAAAAAAAAAAAAAAAo8AppAAAAAA==
[2025-11-05T06:35:20.838246000Z DEBUG solana_runtime::message_processor::stable_log] Program 5B57SJ3g2YoNXUpsZqqjEQkRSxyKtVTQRXdgAirz6bio consumed 171546 of 399850 compute units
[2025-11-05T06:35:20.838261000Z DEBUG solana_runtime::message_processor::stable_log] Program 5B57SJ3g2YoNXUpsZqqjEQkRSxyKtVTQRXdgAirz6bio success
Total distributed: 0
Total claimed: 1
      ✔ Should carry over dust when payouts < min_payout_lamports (134ms)
[2025-11-05T06:35:20.842185000Z INFO  solana_program_test] "cp_amm" SBF program from ./target/deploy/cp_amm.so, modified 24 minutes, 28 seconds, 189 ms, 501 µs and 203 ns ago
[2025-11-05T06:35:20.842391000Z INFO  solana_program_test] "fee_router" SBF program from ./target/deploy/fee_router.so, modified 30 seconds, 926 ms, 650 µs and 331 ns ago
[2025-11-05T06:35:20.842517000Z INFO  solana_program_test] "transfer_hook_counter" SBF program from tests/fixtures/transfer_hook_counter.so, modified 3 weeks, 22 hours, 58 minutes, 55 seconds, 668 ms, 116 µs and 196 ns ago
[2025-11-05T06:35:20.842711000Z INFO  solana_program_test] "alpha_vault" SBF program from tests/fixtures/alpha_vault.so, modified 3 weeks, 22 hours, 58 minutes, 55 seconds, 668 ms, 998 µs and 72 ns ago
[2025-11-05T06:35:20.842989000Z INFO  solana_program_test] "streamflow" SBF program from tests/fixtures/streamflow.so, modified 3 weeks, 6 hours, 59 minutes, 5 seconds, 553 ms, 905 µs and 387 ns ago
[2025-11-05T06:35:20.843258000Z INFO  solana_program_test] "cp_amm" SBF program from ./target/deploy/cp_amm.so, modified 24 minutes, 28 seconds, 190 ms, 577 µs and 203 ns ago
[2025-11-05T06:35:20.843388000Z INFO  solana_program_test] "fee_router" SBF program from ./target/deploy/fee_router.so, modified 30 seconds, 927 ms, 648 µs and 331 ns ago
[2025-11-05T06:35:20.861403000Z INFO  solana_program_test] Overriding account at ASmKWt93JEMHxbdE6j7znD9y2FcdPboCzC3xtSTJvN7S
[2025-11-05T06:35:20.861415000Z INFO  solana_program_test] Overriding account at 5B57SJ3g2YoNXUpsZqqjEQkRSxyKtVTQRXdgAirz6bio
[2025-11-05T06:35:20.872313000Z DEBUG solana_runtime::message_processor::stable_log] Program 11111111111111111111111111111111 invoke [1]
[2025-11-05T06:35:20.872325000Z DEBUG solana_runtime::message_processor::stable_log] Program 11111111111111111111111111111111 success
[2025-11-05T06:35:20.875831000Z DEBUG solana_runtime::message_processor::stable_log] Program 11111111111111111111111111111111 invoke [1]
[2025-11-05T06:35:20.875843000Z DEBUG solana_runtime::message_processor::stable_log] Program 11111111111111111111111111111111 success
[2025-11-05T06:35:20.879646000Z DEBUG solana_runtime::message_processor::stable_log] Program 11111111111111111111111111111111 invoke [1]
[2025-11-05T06:35:20.879661000Z DEBUG solana_runtime::message_processor::stable_log] Program 11111111111111111111111111111111 success
[2025-11-05T06:35:20.883658000Z DEBUG solana_runtime::message_processor::stable_log] Program 11111111111111111111111111111111 invoke [1]
[2025-11-05T06:35:20.883675000Z DEBUG solana_runtime::message_processor::stable_log] Program 11111111111111111111111111111111 success
[2025-11-05T06:35:20.891128000Z DEBUG solana_runtime::message_processor::stable_log] Program 11111111111111111111111111111111 invoke [1]
[2025-11-05T06:35:20.891141000Z DEBUG solana_runtime::message_processor::stable_log] Program 11111111111111111111111111111111 success
[2025-11-05T06:35:20.891145000Z DEBUG solana_runtime::message_processor::stable_log] Program TokenkegQfeZyiNwAJbNbGKPFXCWuBvf9Ss623VQ5DA invoke [1]
[2025-11-05T06:35:20.891185000Z DEBUG solana_runtime::message_processor::stable_log] Program log: Instruction: InitializeMint2
[2025-11-05T06:35:20.891220000Z DEBUG solana_runtime::message_processor::stable_log] Program TokenkegQfeZyiNwAJbNbGKPFXCWuBvf9Ss623VQ5DA consumed 2779 of 399850 compute units
[2025-11-05T06:35:20.891229000Z DEBUG solana_runtime::message_processor::stable_log] Program TokenkegQfeZyiNwAJbNbGKPFXCWuBvf9Ss623VQ5DA success
[2025-11-05T06:35:20.897883000Z DEBUG solana_runtime::message_processor::stable_log] Program 11111111111111111111111111111111 invoke [1]
[2025-11-05T06:35:20.897896000Z DEBUG solana_runtime::message_processor::stable_log] Program 11111111111111111111111111111111 success
[2025-11-05T06:35:20.897899000Z DEBUG solana_runtime::message_processor::stable_log] Program TokenkegQfeZyiNwAJbNbGKPFXCWuBvf9Ss623VQ5DA invoke [1]
[2025-11-05T06:35:20.897935000Z DEBUG solana_runtime::message_processor::stable_log] Program log: Instruction: InitializeMint2
[2025-11-05T06:35:20.897965000Z DEBUG solana_runtime::message_processor::stable_log] Program TokenkegQfeZyiNwAJbNbGKPFXCWuBvf9Ss623VQ5DA consumed 2779 of 399850 compute units
[2025-11-05T06:35:20.897974000Z DEBUG solana_runtime::message_processor::stable_log] Program TokenkegQfeZyiNwAJbNbGKPFXCWuBvf9Ss623VQ5DA success
[2025-11-05T06:35:20.902978000Z DEBUG solana_runtime::message_processor::stable_log] Program ATokenGPvbdGVxr1b2hvZbsiqW5xWH25efTNsLJA8knL invoke [1]
[2025-11-05T06:35:20.903061000Z DEBUG solana_runtime::message_processor::stable_log] Program log: Create
[2025-11-05T06:35:20.903127000Z DEBUG solana_runtime::message_processor::stable_log] Program TokenkegQfeZyiNwAJbNbGKPFXCWuBvf9Ss623VQ5DA invoke [2]
[2025-11-05T06:35:20.903153000Z DEBUG solana_runtime::message_processor::stable_log] Program log: Instruction: GetAccountDataSize
[2025-11-05T06:35:20.903170000Z DEBUG solana_runtime::message_processor::stable_log] Program TokenkegQfeZyiNwAJbNbGKPFXCWuBvf9Ss623VQ5DA consumed 1595 of 193055 compute units
[2025-11-05T06:35:20.903177000Z DEBUG solana_runtime::message_processor::stable_log] Program return: TokenkegQfeZyiNwAJbNbGKPFXCWuBvf9Ss623VQ5DA pQAAAAAAAAA=
[2025-11-05T06:35:20.903185000Z DEBUG solana_runtime::message_processor::stable_log] Program TokenkegQfeZyiNwAJbNbGKPFXCWuBvf9Ss623VQ5DA success
[2025-11-05T06:35:20.903255000Z DEBUG solana_runtime::message_processor::stable_log] Program 11111111111111111111111111111111 invoke [2]
[2025-11-05T06:35:20.903270000Z DEBUG solana_runtime::message_processor::stable_log] Program 11111111111111111111111111111111 success
[2025-11-05T06:35:20.903275000Z DEBUG solana_runtime::message_processor::stable_log] Program log: Initialize the associated token account
[2025-11-05T06:35:20.903296000Z DEBUG solana_runtime::message_processor::stable_log] Program TokenkegQfeZyiNwAJbNbGKPFXCWuBvf9Ss623VQ5DA invoke [2]
[2025-11-05T06:35:20.903316000Z DEBUG solana_runtime::message_processor::stable_log] Program log: Instruction: InitializeImmutableOwner
[2025-11-05T06:35:20.903327000Z DEBUG solana_runtime::message_processor::stable_log] Program log: Please upgrade to SPL Token 2022 for immutable owner support
[2025-11-05T06:35:20.903330000Z DEBUG solana_runtime::message_processor::stable_log] Program TokenkegQfeZyiNwAJbNbGKPFXCWuBvf9Ss623VQ5DA consumed 1405 of 186442 compute units
[2025-11-05T06:35:20.903337000Z DEBUG solana_runtime::message_processor::stable_log] Program TokenkegQfeZyiNwAJbNbGKPFXCWuBvf9Ss623VQ5DA success
[2025-11-05T06:35:20.903370000Z DEBUG solana_runtime::message_processor::stable_log] Program TokenkegQfeZyiNwAJbNbGKPFXCWuBvf9Ss623VQ5DA invoke [2]
[2025-11-05T06:35:20.903398000Z DEBUG solana_runtime::message_processor::stable_log] Program log: Instruction: InitializeAccount3
[2025-11-05T06:35:20.903452000Z DEBUG solana_runtime::message_processor::stable_log] Program TokenkegQfeZyiNwAJbNbGKPFXCWuBvf9Ss623VQ5DA consumed 4214 of 182558 compute units
[2025-11-05T06:35:20.903460000Z DEBUG solana_runtime::message_processor::stable_log] Program TokenkegQfeZyiNwAJbNbGKPFXCWuBvf9Ss623VQ5DA success
[2025-11-05T06:35:20.903472000Z DEBUG solana_runtime::message_processor::stable_log] Program ATokenGPvbdGVxr1b2hvZbsiqW5xWH25efTNsLJA8knL consumed 21960 of 200000 compute units
[2025-11-05T06:35:20.903482000Z DEBUG solana_runtime::message_processor::stable_log] Program ATokenGPvbdGVxr1b2hvZbsiqW5xWH25efTNsLJA8knL success
[2025-11-05T06:35:20.906539000Z DEBUG solana_runtime::message_processor::stable_log] Program TokenkegQfeZyiNwAJbNbGKPFXCWuBvf9Ss623VQ5DA invoke [1]
[2025-11-05T06:35:20.906581000Z DEBUG solana_runtime::message_processor::stable_log] Program log: Instruction: MintTo
[2025-11-05T06:35:20.906644000Z DEBUG solana_runtime::message_processor::stable_log] Program TokenkegQfeZyiNwAJbNbGKPFXCWuBvf9Ss623VQ5DA consumed 4491 of 200000 compute units
[2025-11-05T06:35:20.906651000Z DEBUG solana_runtime::message_processor::stable_log] Program TokenkegQfeZyiNwAJbNbGKPFXCWuBvf9Ss623VQ5DA success
[2025-11-05T06:35:20.911308000Z DEBUG solana_runtime::message_processor::stable_log] Program ATokenGPvbdGVxr1b2hvZbsiqW5xWH25efTNsLJA8knL invoke [1]
[2025-11-05T06:35:20.911365000Z DEBUG solana_runtime::message_processor::stable_log] Program log: Create
[2025-11-05T06:35:20.911419000Z DEBUG solana_runtime::message_processor::stable_log] Program TokenkegQfeZyiNwAJbNbGKPFXCWuBvf9Ss623VQ5DA invoke [2]
[2025-11-05T06:35:20.911454000Z DEBUG solana_runtime::message_processor::stable_log] Program log: Instruction: GetAccountDataSize
[2025-11-05T06:35:20.911470000Z DEBUG solana_runtime::message_processor::stable_log] Program TokenkegQfeZyiNwAJbNbGKPFXCWuBvf9Ss623VQ5DA consumed 1595 of 193055 compute units
[2025-11-05T06:35:20.911476000Z DEBUG solana_runtime::message_processor::stable_log] Program return: TokenkegQfeZyiNwAJbNbGKPFXCWuBvf9Ss623VQ5DA pQAAAAAAAAA=
[2025-11-05T06:35:20.911484000Z DEBUG solana_runtime::message_processor::stable_log] Program TokenkegQfeZyiNwAJbNbGKPFXCWuBvf9Ss623VQ5DA success
[2025-11-05T06:35:20.911535000Z DEBUG solana_runtime::message_processor::stable_log] Program 11111111111111111111111111111111 invoke [2]
[2025-11-05T06:35:20.911541000Z DEBUG solana_runtime::message_processor::stable_log] Program 11111111111111111111111111111111 success
[2025-11-05T06:35:20.911546000Z DEBUG solana_runtime::message_processor::stable_log] Program log: Initialize the associated token account
[2025-11-05T06:35:20.911566000Z DEBUG solana_runtime::message_processor::stable_log] Program TokenkegQfeZyiNwAJbNbGKPFXCWuBvf9Ss623VQ5DA invoke [2]
[2025-11-05T06:35:20.911591000Z DEBUG solana_runtime::message_processor::stable_log] Program log: Instruction: InitializeImmutableOwner
[2025-11-05T06:35:20.911602000Z DEBUG solana_runtime::message_processor::stable_log] Program log: Please upgrade to SPL Token 2022 for immutable owner support
[2025-11-05T06:35:20.911605000Z DEBUG solana_runtime::message_processor::stable_log] Program TokenkegQfeZyiNwAJbNbGKPFXCWuBvf9Ss623VQ5DA consumed 1405 of 186442 compute units
[2025-11-05T06:35:20.911614000Z DEBUG solana_runtime::message_processor::stable_log] Program TokenkegQfeZyiNwAJbNbGKPFXCWuBvf9Ss623VQ5DA success
[2025-11-05T06:35:20.911646000Z DEBUG solana_runtime::message_processor::stable_log] Program TokenkegQfeZyiNwAJbNbGKPFXCWuBvf9Ss623VQ5DA invoke [2]
[2025-11-05T06:35:20.911670000Z DEBUG solana_runtime::message_processor::stable_log] Program log: Instruction: InitializeAccount3
[2025-11-05T06:35:20.911722000Z DEBUG solana_runtime::message_processor::stable_log] Program TokenkegQfeZyiNwAJbNbGKPFXCWuBvf9Ss623VQ5DA consumed 4214 of 182558 compute units
[2025-11-05T06:35:20.911729000Z DEBUG solana_runtime::message_processor::stable_log] Program TokenkegQfeZyiNwAJbNbGKPFXCWuBvf9Ss623VQ5DA success
[2025-11-05T06:35:20.911741000Z DEBUG solana_runtime::message_processor::stable_log] Program ATokenGPvbdGVxr1b2hvZbsiqW5xWH25efTNsLJA8knL consumed 21960 of 200000 compute units
[2025-11-05T06:35:20.911750000Z DEBUG solana_runtime::message_processor::stable_log] Program ATokenGPvbdGVxr1b2hvZbsiqW5xWH25efTNsLJA8knL success
[2025-11-05T06:35:20.914822000Z DEBUG solana_runtime::message_processor::stable_log] Program TokenkegQfeZyiNwAJbNbGKPFXCWuBvf9Ss623VQ5DA invoke [1]
[2025-11-05T06:35:20.914866000Z DEBUG solana_runtime::message_processor::stable_log] Program log: Instruction: MintTo
[2025-11-05T06:35:20.914920000Z DEBUG solana_runtime::message_processor::stable_log] Program TokenkegQfeZyiNwAJbNbGKPFXCWuBvf9Ss623VQ5DA consumed 4491 of 200000 compute units
[2025-11-05T06:35:20.914928000Z DEBUG solana_runtime::message_processor::stable_log] Program TokenkegQfeZyiNwAJbNbGKPFXCWuBvf9Ss623VQ5DA success
[2025-11-05T06:35:20.919487000Z DEBUG solana_runtime::message_processor::stable_log] Program ATokenGPvbdGVxr1b2hvZbsiqW5xWH25efTNsLJA8knL invoke [1]
[2025-11-05T06:35:20.919566000Z DEBUG solana_runtime::message_processor::stable_log] Program log: Create
[2025-11-05T06:35:20.919622000Z DEBUG solana_runtime::message_processor::stable_log] Program TokenkegQfeZyiNwAJbNbGKPFXCWuBvf9Ss623VQ5DA invoke [2]
[2025-11-05T06:35:20.919655000Z DEBUG solana_runtime::message_processor::stable_log] Program log: Instruction: GetAccountDataSize
[2025-11-05T06:35:20.919672000Z DEBUG solana_runtime::message_processor::stable_log] Program TokenkegQfeZyiNwAJbNbGKPFXCWuBvf9Ss623VQ5DA consumed 1595 of 194555 compute units
[2025-11-05T06:35:20.919680000Z DEBUG solana_runtime::message_processor::stable_log] Program return: TokenkegQfeZyiNwAJbNbGKPFXCWuBvf9Ss623VQ5DA pQAAAAAAAAA=
[2025-11-05T06:35:20.919688000Z DEBUG solana_runtime::message_processor::stable_log] Program TokenkegQfeZyiNwAJbNbGKPFXCWuBvf9Ss623VQ5DA success
[2025-11-05T06:35:20.919742000Z DEBUG solana_runtime::message_processor::stable_log] Program 11111111111111111111111111111111 invoke [2]
[2025-11-05T06:35:20.919750000Z DEBUG solana_runtime::message_processor::stable_log] Program 11111111111111111111111111111111 success
[2025-11-05T06:35:20.919756000Z DEBUG solana_runtime::message_processor::stable_log] Program log: Initialize the associated token account
[2025-11-05T06:35:20.919774000Z DEBUG solana_runtime::message_processor::stable_log] Program TokenkegQfeZyiNwAJbNbGKPFXCWuBvf9Ss623VQ5DA invoke [2]
[2025-11-05T06:35:20.919798000Z DEBUG solana_runtime::message_processor::stable_log] Program log: Instruction: InitializeImmutableOwner
[2025-11-05T06:35:20.919852000Z DEBUG solana_runtime::message_processor::stable_log] Program log: Please upgrade to SPL Token 2022 for immutable owner support
[2025-11-05T06:35:20.919860000Z DEBUG solana_runtime::message_processor::stable_log] Program TokenkegQfeZyiNwAJbNbGKPFXCWuBvf9Ss623VQ5DA consumed 1405 of 187942 compute units
[2025-11-05T06:35:20.919880000Z DEBUG solana_runtime::message_processor::stable_log] Program TokenkegQfeZyiNwAJbNbGKPFXCWuBvf9Ss623VQ5DA success
[2025-11-05T06:35:20.919921000Z DEBUG solana_runtime::message_processor::stable_log] Program TokenkegQfeZyiNwAJbNbGKPFXCWuBvf9Ss623VQ5DA invoke [2]
[2025-11-05T06:35:20.919948000Z DEBUG solana_runtime::message_processor::stable_log] Program log: Instruction: InitializeAccount3
[2025-11-05T06:35:20.920005000Z DEBUG solana_runtime::message_processor::stable_log] Program TokenkegQfeZyiNwAJbNbGKPFXCWuBvf9Ss623VQ5DA consumed 4214 of 184058 compute units
[2025-11-05T06:35:20.920016000Z DEBUG solana_runtime::message_processor::stable_log] Program TokenkegQfeZyiNwAJbNbGKPFXCWuBvf9Ss623VQ5DA success
[2025-11-05T06:35:20.920029000Z DEBUG solana_runtime::message_processor::stable_log] Program ATokenGPvbdGVxr1b2hvZbsiqW5xWH25efTNsLJA8knL consumed 20460 of 200000 compute units
[2025-11-05T06:35:20.920038000Z DEBUG solana_runtime::message_processor::stable_log] Program ATokenGPvbdGVxr1b2hvZbsiqW5xWH25efTNsLJA8knL success
[2025-11-05T06:35:20.923243000Z DEBUG solana_runtime::message_processor::stable_log] Program TokenkegQfeZyiNwAJbNbGKPFXCWuBvf9Ss623VQ5DA invoke [1]
[2025-11-05T06:35:20.923303000Z DEBUG solana_runtime::message_processor::stable_log] Program log: Instruction: MintTo
[2025-11-05T06:35:20.923362000Z DEBUG solana_runtime::message_processor::stable_log] Program TokenkegQfeZyiNwAJbNbGKPFXCWuBvf9Ss623VQ5DA consumed 4491 of 200000 compute units
[2025-11-05T06:35:20.923373000Z DEBUG solana_runtime::message_processor::stable_log] Program TokenkegQfeZyiNwAJbNbGKPFXCWuBvf9Ss623VQ5DA success
[2025-11-05T06:35:20.928565000Z DEBUG solana_runtime::message_processor::stable_log] Program ATokenGPvbdGVxr1b2hvZbsiqW5xWH25efTNsLJA8knL invoke [1]
[2025-11-05T06:35:20.928637000Z DEBUG solana_runtime::message_processor::stable_log] Program log: Create
[2025-11-05T06:35:20.928688000Z DEBUG solana_runtime::message_processor::stable_log] Program TokenkegQfeZyiNwAJbNbGKPFXCWuBvf9Ss623VQ5DA invoke [2]
[2025-11-05T06:35:20.928714000Z DEBUG solana_runtime::message_processor::stable_log] Program log: Instruction: GetAccountDataSize
[2025-11-05T06:35:20.928731000Z DEBUG solana_runtime::message_processor::stable_log] Program TokenkegQfeZyiNwAJbNbGKPFXCWuBvf9Ss623VQ5DA consumed 1595 of 194555 compute units
[2025-11-05T06:35:20.928739000Z DEBUG solana_runtime::message_processor::stable_log] Program return: TokenkegQfeZyiNwAJbNbGKPFXCWuBvf9Ss623VQ5DA pQAAAAAAAAA=
[2025-11-05T06:35:20.928747000Z DEBUG solana_runtime::message_processor::stable_log] Program TokenkegQfeZyiNwAJbNbGKPFXCWuBvf9Ss623VQ5DA success
[2025-11-05T06:35:20.928801000Z DEBUG solana_runtime::message_processor::stable_log] Program 11111111111111111111111111111111 invoke [2]
[2025-11-05T06:35:20.928808000Z DEBUG solana_runtime::message_processor::stable_log] Program 11111111111111111111111111111111 success
[2025-11-05T06:35:20.928813000Z DEBUG solana_runtime::message_processor::stable_log] Program log: Initialize the associated token account
[2025-11-05T06:35:20.928831000Z DEBUG solana_runtime::message_processor::stable_log] Program TokenkegQfeZyiNwAJbNbGKPFXCWuBvf9Ss623VQ5DA invoke [2]
[2025-11-05T06:35:20.928852000Z DEBUG solana_runtime::message_processor::stable_log] Program log: Instruction: InitializeImmutableOwner
[2025-11-05T06:35:20.928866000Z DEBUG solana_runtime::message_processor::stable_log] Program log: Please upgrade to SPL Token 2022 for immutable owner support
[2025-11-05T06:35:20.928877000Z DEBUG solana_runtime::message_processor::stable_log] Program TokenkegQfeZyiNwAJbNbGKPFXCWuBvf9Ss623VQ5DA consumed 1405 of 187942 compute units
[2025-11-05T06:35:20.928885000Z DEBUG solana_runtime::message_processor::stable_log] Program TokenkegQfeZyiNwAJbNbGKPFXCWuBvf9Ss623VQ5DA success
[2025-11-05T06:35:20.929013000Z DEBUG solana_runtime::message_processor::stable_log] Program TokenkegQfeZyiNwAJbNbGKPFXCWuBvf9Ss623VQ5DA invoke [2]
[2025-11-05T06:35:20.929042000Z DEBUG solana_runtime::message_processor::stable_log] Program log: Instruction: InitializeAccount3
[2025-11-05T06:35:20.929101000Z DEBUG solana_runtime::message_processor::stable_log] Program TokenkegQfeZyiNwAJbNbGKPFXCWuBvf9Ss623VQ5DA consumed 4214 of 184058 compute units
[2025-11-05T06:35:20.929108000Z DEBUG solana_runtime::message_processor::stable_log] Program TokenkegQfeZyiNwAJbNbGKPFXCWuBvf9Ss623VQ5DA success
[2025-11-05T06:35:20.929120000Z DEBUG solana_runtime::message_processor::stable_log] Program ATokenGPvbdGVxr1b2hvZbsiqW5xWH25efTNsLJA8knL consumed 20460 of 200000 compute units
[2025-11-05T06:35:20.929129000Z DEBUG solana_runtime::message_processor::stable_log] Program ATokenGPvbdGVxr1b2hvZbsiqW5xWH25efTNsLJA8knL success
[2025-11-05T06:35:20.932252000Z DEBUG solana_runtime::message_processor::stable_log] Program TokenkegQfeZyiNwAJbNbGKPFXCWuBvf9Ss623VQ5DA invoke [1]
[2025-11-05T06:35:20.932294000Z DEBUG solana_runtime::message_processor::stable_log] Program log: Instruction: MintTo
[2025-11-05T06:35:20.932356000Z DEBUG solana_runtime::message_processor::stable_log] Program TokenkegQfeZyiNwAJbNbGKPFXCWuBvf9Ss623VQ5DA consumed 4491 of 200000 compute units
[2025-11-05T06:35:20.932365000Z DEBUG solana_runtime::message_processor::stable_log] Program TokenkegQfeZyiNwAJbNbGKPFXCWuBvf9Ss623VQ5DA success
[2025-11-05T06:35:20.944500000Z DEBUG solana_runtime::message_processor::stable_log] Program ASmKWt93JEMHxbdE6j7znD9y2FcdPboCzC3xtSTJvN7S invoke [1]
[2025-11-05T06:35:20.944561000Z DEBUG solana_runtime::message_processor::stable_log] Program log: Instruction: CreateConfig
[2025-11-05T06:35:20.944644000Z DEBUG solana_runtime::message_processor::stable_log] Program 11111111111111111111111111111111 invoke [2]
[2025-11-05T06:35:20.944654000Z DEBUG solana_runtime::message_processor::stable_log] Program 11111111111111111111111111111111 success
[2025-11-05T06:35:20.944750000Z DEBUG solana_runtime::message_processor::stable_log] Program ASmKWt93JEMHxbdE6j7znD9y2FcdPboCzC3xtSTJvN7S invoke [2]
[2025-11-05T06:35:20.944782000Z DEBUG solana_runtime::message_processor::stable_log] Program ASmKWt93JEMHxbdE6j7znD9y2FcdPboCzC3xtSTJvN7S consumed 2069 of 186095 compute units
[2025-11-05T06:35:20.944792000Z DEBUG solana_runtime::message_processor::stable_log] Program ASmKWt93JEMHxbdE6j7znD9y2FcdPboCzC3xtSTJvN7S success
[2025-11-05T06:35:20.944805000Z DEBUG solana_runtime::message_processor::stable_log] Program ASmKWt93JEMHxbdE6j7znD9y2FcdPboCzC3xtSTJvN7S consumed 16279 of 200000 compute units
[2025-11-05T06:35:20.944814000Z DEBUG solana_runtime::message_processor::stable_log] Program ASmKWt93JEMHxbdE6j7znD9y2FcdPboCzC3xtSTJvN7S success
[2025-11-05T06:35:20.968645000Z DEBUG solana_runtime::message_processor::stable_log] Program ASmKWt93JEMHxbdE6j7znD9y2FcdPboCzC3xtSTJvN7S invoke [1]
[2025-11-05T06:35:20.968761000Z DEBUG solana_runtime::message_processor::stable_log] Program log: Instruction: InitializePool
[2025-11-05T06:35:20.968892000Z DEBUG solana_runtime::message_processor::stable_log] Program 11111111111111111111111111111111 invoke [2]
[2025-11-05T06:35:20.968900000Z DEBUG solana_runtime::message_processor::stable_log] Program 11111111111111111111111111111111 success
[2025-11-05T06:35:20.968932000Z DEBUG solana_runtime::message_processor::stable_log] Program TokenzQdBNbLqP5VEhdkAS6EPFLC1PHnBqCXEpPxuEb invoke [2]
[2025-11-05T06:35:20.968959000Z DEBUG solana_runtime::message_processor::stable_log] Program log: MetadataPointerInstruction::Initialize
[2025-11-05T06:35:20.968992000Z DEBUG solana_runtime::message_processor::stable_log] Program TokenzQdBNbLqP5VEhdkAS6EPFLC1PHnBqCXEpPxuEb consumed 2442 of 334963 compute units
[2025-11-05T06:35:20.969004000Z DEBUG solana_runtime::message_processor::stable_log] Program TokenzQdBNbLqP5VEhdkAS6EPFLC1PHnBqCXEpPxuEb success
[2025-11-05T06:35:20.969034000Z DEBUG solana_runtime::message_processor::stable_log] Program TokenzQdBNbLqP5VEhdkAS6EPFLC1PHnBqCXEpPxuEb invoke [2]
[2025-11-05T06:35:20.969057000Z DEBUG solana_runtime::message_processor::stable_log] Program log: Instruction: InitializeMintCloseAuthority
[2025-11-05T06:35:20.969088000Z DEBUG solana_runtime::message_processor::stable_log] Program TokenzQdBNbLqP5VEhdkAS6EPFLC1PHnBqCXEpPxuEb consumed 2570 of 330543 compute units
[2025-11-05T06:35:20.969095000Z DEBUG solana_runtime::message_processor::stable_log] Program TokenzQdBNbLqP5VEhdkAS6EPFLC1PHnBqCXEpPxuEb success
[2025-11-05T06:35:20.969123000Z DEBUG solana_runtime::message_processor::stable_log] Program TokenzQdBNbLqP5VEhdkAS6EPFLC1PHnBqCXEpPxuEb invoke [2]
[2025-11-05T06:35:20.969148000Z DEBUG solana_runtime::message_processor::stable_log] Program log: Instruction: InitializeMint2
[2025-11-05T06:35:20.969206000Z DEBUG solana_runtime::message_processor::stable_log] Program TokenzQdBNbLqP5VEhdkAS6EPFLC1PHnBqCXEpPxuEb consumed 4078 of 326031 compute units
[2025-11-05T06:35:20.969213000Z DEBUG solana_runtime::message_processor::stable_log] Program TokenzQdBNbLqP5VEhdkAS6EPFLC1PHnBqCXEpPxuEb success
[2025-11-05T06:35:20.969328000Z DEBUG solana_runtime::message_processor::stable_log] Program 11111111111111111111111111111111 invoke [2]
[2025-11-05T06:35:20.969331000Z DEBUG solana_runtime::message_processor::stable_log] Program 11111111111111111111111111111111 success
[2025-11-05T06:35:20.969358000Z DEBUG solana_runtime::message_processor::stable_log] Program TokenzQdBNbLqP5VEhdkAS6EPFLC1PHnBqCXEpPxuEb invoke [2]
[2025-11-05T06:35:20.969384000Z DEBUG solana_runtime::message_processor::stable_log] Program log: Instruction: InitializeAccount3
[2025-11-05T06:35:20.969457000Z DEBUG solana_runtime::message_processor::stable_log] Program TokenzQdBNbLqP5VEhdkAS6EPFLC1PHnBqCXEpPxuEb consumed 5137 of 312347 compute units
[2025-11-05T06:35:20.969464000Z DEBUG solana_runtime::message_processor::stable_log] Program TokenzQdBNbLqP5VEhdkAS6EPFLC1PHnBqCXEpPxuEb success
[2025-11-05T06:35:20.969566000Z DEBUG solana_runtime::message_processor::stable_log] Program 11111111111111111111111111111111 invoke [2]
[2025-11-05T06:35:20.969572000Z DEBUG solana_runtime::message_processor::stable_log] Program 11111111111111111111111111111111 success
[2025-11-05T06:35:20.969649000Z DEBUG solana_runtime::message_processor::stable_log] Program 11111111111111111111111111111111 invoke [2]
[2025-11-05T06:35:20.969652000Z DEBUG solana_runtime::message_processor::stable_log] Program 11111111111111111111111111111111 success
[2025-11-05T06:35:20.969737000Z DEBUG solana_runtime::message_processor::stable_log] Program 11111111111111111111111111111111 invoke [2]
[2025-11-05T06:35:20.969744000Z DEBUG solana_runtime::message_processor::stable_log] Program 11111111111111111111111111111111 success
[2025-11-05T06:35:20.969770000Z DEBUG solana_runtime::message_processor::stable_log] Program TokenkegQfeZyiNwAJbNbGKPFXCWuBvf9Ss623VQ5DA invoke [2]
[2025-11-05T06:35:20.969798000Z DEBUG solana_runtime::message_processor::stable_log] Program log: Instruction: InitializeAccount3
[2025-11-05T06:35:20.969853000Z DEBUG solana_runtime::message_processor::stable_log] Program TokenkegQfeZyiNwAJbNbGKPFXCWuBvf9Ss623VQ5DA consumed 4214 of 278244 compute units
[2025-11-05T06:35:20.969863000Z DEBUG solana_runtime::message_processor::stable_log] Program TokenkegQfeZyiNwAJbNbGKPFXCWuBvf9Ss623VQ5DA success
[2025-11-05T06:35:20.969952000Z DEBUG solana_runtime::message_processor::stable_log] Program 11111111111111111111111111111111 invoke [2]
[2025-11-05T06:35:20.969955000Z DEBUG solana_runtime::message_processor::stable_log] Program 11111111111111111111111111111111 success
[2025-11-05T06:35:20.969980000Z DEBUG solana_runtime::message_processor::stable_log] Program TokenkegQfeZyiNwAJbNbGKPFXCWuBvf9Ss623VQ5DA invoke [2]
[2025-11-05T06:35:20.970005000Z DEBUG solana_runtime::message_processor::stable_log] Program log: Instruction: InitializeAccount3
[2025-11-05T06:35:20.970055000Z DEBUG solana_runtime::message_processor::stable_log] Program TokenkegQfeZyiNwAJbNbGKPFXCWuBvf9Ss623VQ5DA consumed 4214 of 265105 compute units
[2025-11-05T06:35:20.970063000Z DEBUG solana_runtime::message_processor::stable_log] Program TokenkegQfeZyiNwAJbNbGKPFXCWuBvf9Ss623VQ5DA success
[2025-11-05T06:35:20.970270000Z DEBUG solana_runtime::message_processor::stable_log] Program TokenzQdBNbLqP5VEhdkAS6EPFLC1PHnBqCXEpPxuEb invoke [2]
[2025-11-05T06:35:20.970322000Z DEBUG solana_runtime::message_processor::stable_log] Program log: TokenMetadataInstruction: Initialize
[2025-11-05T06:35:20.970439000Z DEBUG solana_runtime::message_processor::stable_log] Program TokenzQdBNbLqP5VEhdkAS6EPFLC1PHnBqCXEpPxuEb consumed 9900 of 248603 compute units
[2025-11-05T06:35:20.970451000Z DEBUG solana_runtime::message_processor::stable_log] Program TokenzQdBNbLqP5VEhdkAS6EPFLC1PHnBqCXEpPxuEb success
[2025-11-05T06:35:20.970491000Z DEBUG solana_runtime::message_processor::stable_log] Program 11111111111111111111111111111111 invoke [2]
[2025-11-05T06:35:20.970497000Z DEBUG solana_runtime::message_processor::stable_log] Program 11111111111111111111111111111111 success
[2025-11-05T06:35:20.970535000Z DEBUG solana_runtime::message_processor::stable_log] Program TokenzQdBNbLqP5VEhdkAS6EPFLC1PHnBqCXEpPxuEb invoke [2]
[2025-11-05T06:35:20.970563000Z DEBUG solana_runtime::message_processor::stable_log] Program log: Instruction: MintTo
[2025-11-05T06:35:20.970632000Z DEBUG solana_runtime::message_processor::stable_log] Program TokenzQdBNbLqP5VEhdkAS6EPFLC1PHnBqCXEpPxuEb consumed 5540 of 233641 compute units
[2025-11-05T06:35:20.970639000Z DEBUG solana_runtime::message_processor::stable_log] Program TokenzQdBNbLqP5VEhdkAS6EPFLC1PHnBqCXEpPxuEb success
[2025-11-05T06:35:20.970688000Z DEBUG solana_runtime::message_processor::stable_log] Program ASmKWt93JEMHxbdE6j7znD9y2FcdPboCzC3xtSTJvN7S invoke [2]
[2025-11-05T06:35:20.970718000Z DEBUG solana_runtime::message_processor::stable_log] Program ASmKWt93JEMHxbdE6j7znD9y2FcdPboCzC3xtSTJvN7S consumed 2069 of 225036 compute units
[2025-11-05T06:35:20.970725000Z DEBUG solana_runtime::message_processor::stable_log] Program ASmKWt93JEMHxbdE6j7znD9y2FcdPboCzC3xtSTJvN7S success
[2025-11-05T06:35:20.970768000Z DEBUG solana_runtime::message_processor::stable_log] Program TokenkegQfeZyiNwAJbNbGKPFXCWuBvf9Ss623VQ5DA invoke [2]
[2025-11-05T06:35:20.970800000Z DEBUG solana_runtime::message_processor::stable_log] Program log: Instruction: TransferChecked
[2025-11-05T06:35:20.970871000Z DEBUG solana_runtime::message_processor::stable_log] Program TokenkegQfeZyiNwAJbNbGKPFXCWuBvf9Ss623VQ5DA consumed 6174 of 220423 compute units
[2025-11-05T06:35:20.970879000Z DEBUG solana_runtime::message_processor::stable_log] Program TokenkegQfeZyiNwAJbNbGKPFXCWuBvf9Ss623VQ5DA success
[2025-11-05T06:35:20.970918000Z DEBUG solana_runtime::message_processor::stable_log] Program TokenkegQfeZyiNwAJbNbGKPFXCWuBvf9Ss623VQ5DA invoke [2]
[2025-11-05T06:35:20.970949000Z DEBUG solana_runtime::message_processor::stable_log] Program log: Instruction: TransferChecked
[2025-11-05T06:35:20.971015000Z DEBUG solana_runtime::message_processor::stable_log] Program TokenkegQfeZyiNwAJbNbGKPFXCWuBvf9Ss623VQ5DA consumed 6174 of 211839 compute units
[2025-11-05T06:35:20.971025000Z DEBUG solana_runtime::message_processor::stable_log] Program TokenkegQfeZyiNwAJbNbGKPFXCWuBvf9Ss623VQ5DA success
[2025-11-05T06:35:20.971098000Z DEBUG solana_runtime::message_processor::stable_log] Program ASmKWt93JEMHxbdE6j7znD9y2FcdPboCzC3xtSTJvN7S invoke [2]
[2025-11-05T06:35:20.971130000Z DEBUG solana_runtime::message_processor::stable_log] Program ASmKWt93JEMHxbdE6j7znD9y2FcdPboCzC3xtSTJvN7S consumed 2069 of 200584 compute units
[2025-11-05T06:35:20.971137000Z DEBUG solana_runtime::message_processor::stable_log] Program ASmKWt93JEMHxbdE6j7znD9y2FcdPboCzC3xtSTJvN7S success
[2025-11-05T06:35:20.971161000Z DEBUG solana_runtime::message_processor::stable_log] Program ASmKWt93JEMHxbdE6j7znD9y2FcdPboCzC3xtSTJvN7S consumed 152279 of 350000 compute units
[2025-11-05T06:35:20.971173000Z DEBUG solana_runtime::message_processor::stable_log] Program ASmKWt93JEMHxbdE6j7znD9y2FcdPboCzC3xtSTJvN7S success
[2025-11-05T06:35:20.971180000Z DEBUG solana_runtime::message_processor::stable_log] Program ComputeBudget111111111111111111111111111111 invoke [1]
[2025-11-05T06:35:20.971188000Z DEBUG solana_runtime::message_processor::stable_log] Program ComputeBudget111111111111111111111111111111 success
[2025-11-05T06:35:20.993420000Z DEBUG solana_runtime::message_processor::stable_log] Program 5B57SJ3g2YoNXUpsZqqjEQkRSxyKtVTQRXdgAirz6bio invoke [1]
[2025-11-05T06:35:20.993557000Z DEBUG solana_runtime::message_processor::stable_log] Program log: Instruction: InitializeHonoraryPosition
[2025-11-05T06:35:20.993717000Z DEBUG solana_runtime::message_processor::stable_log] Program 11111111111111111111111111111111 invoke [2]
[2025-11-05T06:35:20.993726000Z DEBUG solana_runtime::message_processor::stable_log] Program 11111111111111111111111111111111 success
[2025-11-05T06:35:20.993813000Z DEBUG solana_runtime::message_processor::stable_log] Program 11111111111111111111111111111111 invoke [2]
[2025-11-05T06:35:20.993817000Z DEBUG solana_runtime::message_processor::stable_log] Program 11111111111111111111111111111111 success
[2025-11-05T06:35:20.993849000Z DEBUG solana_runtime::message_processor::stable_log] Program TokenkegQfeZyiNwAJbNbGKPFXCWuBvf9Ss623VQ5DA invoke [2]
[2025-11-05T06:35:20.993885000Z DEBUG solana_runtime::message_processor::stable_log] Program log: Instruction: InitializeAccount3
[2025-11-05T06:35:20.993948000Z DEBUG solana_runtime::message_processor::stable_log] Program TokenkegQfeZyiNwAJbNbGKPFXCWuBvf9Ss623VQ5DA consumed 4214 of 177112 compute units
[2025-11-05T06:35:20.993958000Z DEBUG solana_runtime::message_processor::stable_log] Program TokenkegQfeZyiNwAJbNbGKPFXCWuBvf9Ss623VQ5DA success
[2025-11-05T06:35:20.994071000Z DEBUG solana_runtime::message_processor::stable_log] Program 11111111111111111111111111111111 invoke [2]
[2025-11-05T06:35:20.994078000Z DEBUG solana_runtime::message_processor::stable_log] Program 11111111111111111111111111111111 success
[2025-11-05T06:35:20.994109000Z DEBUG solana_runtime::message_processor::stable_log] Program TokenkegQfeZyiNwAJbNbGKPFXCWuBvf9Ss623VQ5DA invoke [2]
[2025-11-05T06:35:20.994136000Z DEBUG solana_runtime::message_processor::stable_log] Program log: Instruction: InitializeAccount3
[2025-11-05T06:35:20.994187000Z DEBUG solana_runtime::message_processor::stable_log] Program TokenkegQfeZyiNwAJbNbGKPFXCWuBvf9Ss623VQ5DA consumed 4214 of 159476 compute units
[2025-11-05T06:35:20.994195000Z DEBUG solana_runtime::message_processor::stable_log] Program TokenkegQfeZyiNwAJbNbGKPFXCWuBvf9Ss623VQ5DA success
[2025-11-05T06:35:20.994247000Z DEBUG solana_runtime::message_processor::stable_log] Program log: Creating honorary position through CP-AMM CPI
[2025-11-05T06:35:20.994323000Z DEBUG solana_runtime::message_processor::stable_log] Program ASmKWt93JEMHxbdE6j7znD9y2FcdPboCzC3xtSTJvN7S invoke [2]
[2025-11-05T06:35:20.994395000Z DEBUG solana_runtime::message_processor::stable_log] Program log: Instruction: CreatePosition
[2025-11-05T06:35:20.994463000Z DEBUG solana_runtime::message_processor::stable_log] Program 11111111111111111111111111111111 invoke [3]
[2025-11-05T06:35:20.994467000Z DEBUG solana_runtime::message_processor::stable_log] Program 11111111111111111111111111111111 success
[2025-11-05T06:35:20.994497000Z DEBUG solana_runtime::message_processor::stable_log] Program TokenzQdBNbLqP5VEhdkAS6EPFLC1PHnBqCXEpPxuEb invoke [3]
[2025-11-05T06:35:20.994527000Z DEBUG solana_runtime::message_processor::stable_log] Program log: MetadataPointerInstruction::Initialize
[2025-11-05T06:35:20.994563000Z DEBUG solana_runtime::message_processor::stable_log] Program TokenzQdBNbLqP5VEhdkAS6EPFLC1PHnBqCXEpPxuEb consumed 2442 of 134170 compute units
[2025-11-05T06:35:20.994570000Z DEBUG solana_runtime::message_processor::stable_log] Program TokenzQdBNbLqP5VEhdkAS6EPFLC1PHnBqCXEpPxuEb success
[2025-11-05T06:35:20.994597000Z DEBUG solana_runtime::message_processor::stable_log] Program TokenzQdBNbLqP5VEhdkAS6EPFLC1PHnBqCXEpPxuEb invoke [3]
[2025-11-05T06:35:20.994616000Z DEBUG solana_runtime::message_processor::stable_log] Program log: Instruction: InitializeMintCloseAuthority
[2025-11-05T06:35:20.994647000Z DEBUG solana_runtime::message_processor::stable_log] Program TokenzQdBNbLqP5VEhdkAS6EPFLC1PHnBqCXEpPxuEb consumed 2570 of 129750 compute units
[2025-11-05T06:35:20.994654000Z DEBUG solana_runtime::message_processor::stable_log] Program TokenzQdBNbLqP5VEhdkAS6EPFLC1PHnBqCXEpPxuEb success
[2025-11-05T06:35:20.994681000Z DEBUG solana_runtime::message_processor::stable_log] Program TokenzQdBNbLqP5VEhdkAS6EPFLC1PHnBqCXEpPxuEb invoke [3]
[2025-11-05T06:35:20.994703000Z DEBUG solana_runtime::message_processor::stable_log] Program log: Instruction: InitializeMint2
[2025-11-05T06:35:20.994771000Z DEBUG solana_runtime::message_processor::stable_log] Program TokenzQdBNbLqP5VEhdkAS6EPFLC1PHnBqCXEpPxuEb consumed 4078 of 125237 compute units
[2025-11-05T06:35:20.994780000Z DEBUG solana_runtime::message_processor::stable_log] Program TokenzQdBNbLqP5VEhdkAS6EPFLC1PHnBqCXEpPxuEb success
[2025-11-05T06:35:20.994929000Z DEBUG solana_runtime::message_processor::stable_log] Program 11111111111111111111111111111111 invoke [3]
[2025-11-05T06:35:20.994933000Z DEBUG solana_runtime::message_processor::stable_log] Program 11111111111111111111111111111111 success
[2025-11-05T06:35:20.994958000Z DEBUG solana_runtime::message_processor::stable_log] Program TokenzQdBNbLqP5VEhdkAS6EPFLC1PHnBqCXEpPxuEb invoke [3]
[2025-11-05T06:35:20.994983000Z DEBUG solana_runtime::message_processor::stable_log] Program log: Instruction: InitializeAccount3
[2025-11-05T06:35:20.995056000Z DEBUG solana_runtime::message_processor::stable_log] Program TokenzQdBNbLqP5VEhdkAS6EPFLC1PHnBqCXEpPxuEb consumed 5137 of 107053 compute units
[2025-11-05T06:35:20.995065000Z DEBUG solana_runtime::message_processor::stable_log] Program TokenzQdBNbLqP5VEhdkAS6EPFLC1PHnBqCXEpPxuEb success
[2025-11-05T06:35:20.995171000Z DEBUG solana_runtime::message_processor::stable_log] Program 11111111111111111111111111111111 invoke [3]
[2025-11-05T06:35:20.995174000Z DEBUG solana_runtime::message_processor::stable_log] Program 11111111111111111111111111111111 success
[2025-11-05T06:35:20.995270000Z DEBUG solana_runtime::message_processor::stable_log] Program TokenzQdBNbLqP5VEhdkAS6EPFLC1PHnBqCXEpPxuEb invoke [3]
[2025-11-05T06:35:20.995317000Z DEBUG solana_runtime::message_processor::stable_log] Program log: TokenMetadataInstruction: Initialize
[2025-11-05T06:35:20.995441000Z DEBUG solana_runtime::message_processor::stable_log] Program TokenzQdBNbLqP5VEhdkAS6EPFLC1PHnBqCXEpPxuEb consumed 9900 of 85823 compute units
[2025-11-05T06:35:20.995449000Z DEBUG solana_runtime::message_processor::stable_log] Program TokenzQdBNbLqP5VEhdkAS6EPFLC1PHnBqCXEpPxuEb success
[2025-11-05T06:35:20.995488000Z DEBUG solana_runtime::message_processor::stable_log] Program 11111111111111111111111111111111 invoke [3]
[2025-11-05T06:35:20.995491000Z DEBUG solana_runtime::message_processor::stable_log] Program 11111111111111111111111111111111 success
[2025-11-05T06:35:20.995528000Z DEBUG solana_runtime::message_processor::stable_log] Program TokenzQdBNbLqP5VEhdkAS6EPFLC1PHnBqCXEpPxuEb invoke [3]
[2025-11-05T06:35:20.995554000Z DEBUG solana_runtime::message_processor::stable_log] Program log: Instruction: MintTo
[2025-11-05T06:35:20.995624000Z DEBUG solana_runtime::message_processor::stable_log] Program TokenzQdBNbLqP5VEhdkAS6EPFLC1PHnBqCXEpPxuEb consumed 5540 of 70861 compute units
[2025-11-05T06:35:20.995632000Z DEBUG solana_runtime::message_processor::stable_log] Program TokenzQdBNbLqP5VEhdkAS6EPFLC1PHnBqCXEpPxuEb success
[2025-11-05T06:35:20.995680000Z DEBUG solana_runtime::message_processor::stable_log] Program ASmKWt93JEMHxbdE6j7znD9y2FcdPboCzC3xtSTJvN7S invoke [3]
[2025-11-05T06:35:20.995714000Z DEBUG solana_runtime::message_processor::stable_log] Program ASmKWt93JEMHxbdE6j7znD9y2FcdPboCzC3xtSTJvN7S consumed 2069 of 62255 compute units
[2025-11-05T06:35:20.995723000Z DEBUG solana_runtime::message_processor::stable_log] Program ASmKWt93JEMHxbdE6j7znD9y2FcdPboCzC3xtSTJvN7S success
[2025-11-05T06:35:20.995742000Z DEBUG solana_runtime::message_processor::stable_log] Program ASmKWt93JEMHxbdE6j7znD9y2FcdPboCzC3xtSTJvN7S consumed 83600 of 143214 compute units
[2025-11-05T06:35:20.995753000Z DEBUG solana_runtime::message_processor::stable_log] Program ASmKWt93JEMHxbdE6j7znD9y2FcdPboCzC3xtSTJvN7S success
[2025-11-05T06:35:20.995777000Z DEBUG solana_runtime::message_processor::stable_log] Program data: B9TwvmYpSymVhD4FUEjqZlxx8Uijll7Qhm4OuM3NN3nW+misWXcZnUcA2t7wFUebOfHgDxcGyTAriA7VmPl2bwQQJbDSeryWRzJd+2Yh7A0duAj0Z/ExrFjFLOgGaMBt3NRhfEEuxAgsakXpGsnIo+OLbA0H/W9r7mkrn5cLal3GBKN/T5quGrby8YTKFD120ensqI81P92+cQHa9alU3mjLwzTHdBwYKPAKaQAAAAA=
[2025-11-05T06:35:20.995797000Z DEBUG solana_runtime::message_processor::stable_log] Program 5B57SJ3g2YoNXUpsZqqjEQkRSxyKtVTQRXdgAirz6bio consumed 142480 of 200000 compute units
[2025-11-05T06:35:20.995808000Z DEBUG solana_runtime::message_processor::stable_log] Program 5B57SJ3g2YoNXUpsZqqjEQkRSxyKtVTQRXdgAirz6bio success
[2025-11-05T06:35:21.019593000Z DEBUG solana_runtime::message_processor::stable_log] Program 5B57SJ3g2YoNXUpsZqqjEQkRSxyKtVTQRXdgAirz6bio invoke [1]
[2025-11-05T06:35:21.019707000Z DEBUG solana_runtime::message_processor::stable_log] Program log: Instruction: AddHonoraryLiquidity
[2025-11-05T06:35:21.020151000Z DEBUG solana_runtime::message_processor::stable_log] Program log: Adding liquidity to honorary position
[2025-11-05T06:35:21.020197000Z DEBUG solana_runtime::message_processor::stable_log] Program TokenkegQfeZyiNwAJbNbGKPFXCWuBvf9Ss623VQ5DA invoke [2]
[2025-11-05T06:35:21.020246000Z DEBUG solana_runtime::message_processor::stable_log] Program log: Instruction: TransferChecked
[2025-11-05T06:35:21.020323000Z DEBUG solana_runtime::message_processor::stable_log] Program TokenkegQfeZyiNwAJbNbGKPFXCWuBvf9Ss623VQ5DA consumed 6174 of 166743 compute units
[2025-11-05T06:35:21.020334000Z DEBUG solana_runtime::message_processor::stable_log] Program TokenkegQfeZyiNwAJbNbGKPFXCWuBvf9Ss623VQ5DA success
[2025-11-05T06:35:21.020380000Z DEBUG solana_runtime::message_processor::stable_log] Program TokenkegQfeZyiNwAJbNbGKPFXCWuBvf9Ss623VQ5DA invoke [2]
[2025-11-05T06:35:21.020419000Z DEBUG solana_runtime::message_processor::stable_log] Program log: Instruction: TransferChecked
[2025-11-05T06:35:21.020494000Z DEBUG solana_runtime::message_processor::stable_log] Program TokenkegQfeZyiNwAJbNbGKPFXCWuBvf9Ss623VQ5DA consumed 6174 of 157836 compute units
[2025-11-05T06:35:21.020503000Z DEBUG solana_runtime::message_processor::stable_log] Program TokenkegQfeZyiNwAJbNbGKPFXCWuBvf9Ss623VQ5DA success
[2025-11-05T06:35:21.020604000Z DEBUG solana_runtime::message_processor::stable_log] Program ASmKWt93JEMHxbdE6j7znD9y2FcdPboCzC3xtSTJvN7S invoke [2]
[2025-11-05T06:35:21.020676000Z DEBUG solana_runtime::message_processor::stable_log] Program log: Instruction: AddLiquidity
[2025-11-05T06:35:21.020955000Z DEBUG solana_runtime::message_processor::stable_log] Program TokenkegQfeZyiNwAJbNbGKPFXCWuBvf9Ss623VQ5DA invoke [3]
[2025-11-05T06:35:21.020990000Z DEBUG solana_runtime::message_processor::stable_log] Program log: Instruction: TransferChecked
[2025-11-05T06:35:21.021062000Z DEBUG solana_runtime::message_processor::stable_log] Program TokenkegQfeZyiNwAJbNbGKPFXCWuBvf9Ss623VQ5DA consumed 6174 of 119256 compute units
[2025-11-05T06:35:21.021070000Z DEBUG solana_runtime::message_processor::stable_log] Program TokenkegQfeZyiNwAJbNbGKPFXCWuBvf9Ss623VQ5DA success
[2025-11-05T06:35:21.021114000Z DEBUG solana_runtime::message_processor::stable_log] Program TokenkegQfeZyiNwAJbNbGKPFXCWuBvf9Ss623VQ5DA invoke [3]
[2025-11-05T06:35:21.021160000Z DEBUG solana_runtime::message_processor::stable_log] Program log: Instruction: TransferChecked
[2025-11-05T06:35:21.021227000Z DEBUG solana_runtime::message_processor::stable_log] Program TokenkegQfeZyiNwAJbNbGKPFXCWuBvf9Ss623VQ5DA consumed 6174 of 110672 compute units
[2025-11-05T06:35:21.021239000Z DEBUG solana_runtime::message_processor::stable_log] Program TokenkegQfeZyiNwAJbNbGKPFXCWuBvf9Ss623VQ5DA success
[2025-11-05T06:35:21.021292000Z DEBUG solana_runtime::message_processor::stable_log] Program ASmKWt93JEMHxbdE6j7znD9y2FcdPboCzC3xtSTJvN7S invoke [3]
[2025-11-05T06:35:21.021325000Z DEBUG solana_runtime::message_processor::stable_log] Program ASmKWt93JEMHxbdE6j7znD9y2FcdPboCzC3xtSTJvN7S consumed 2069 of 101244 compute units
[2025-11-05T06:35:21.021333000Z DEBUG solana_runtime::message_processor::stable_log] Program ASmKWt93JEMHxbdE6j7znD9y2FcdPboCzC3xtSTJvN7S success
[2025-11-05T06:35:21.021434000Z DEBUG solana_runtime::message_processor::stable_log] Program ASmKWt93JEMHxbdE6j7znD9y2FcdPboCzC3xtSTJvN7S invoke [3]
[2025-11-05T06:35:21.021478000Z DEBUG solana_runtime::message_processor::stable_log] Program ASmKWt93JEMHxbdE6j7znD9y2FcdPboCzC3xtSTJvN7S consumed 2069 of 92741 compute units
[2025-11-05T06:35:21.021487000Z DEBUG solana_runtime::message_processor::stable_log] Program ASmKWt93JEMHxbdE6j7znD9y2FcdPboCzC3xtSTJvN7S success
[2025-11-05T06:35:21.021509000Z DEBUG solana_runtime::message_processor::stable_log] Program ASmKWt93JEMHxbdE6j7znD9y2FcdPboCzC3xtSTJvN7S consumed 50736 of 140767 compute units
[2025-11-05T06:35:21.021518000Z DEBUG solana_runtime::message_processor::stable_log] Program ASmKWt93JEMHxbdE6j7znD9y2FcdPboCzC3xtSTJvN7S success
[2025-11-05T06:35:21.021555000Z DEBUG solana_runtime::message_processor::stable_log] Program log: Successfully added 1844674407370955161600 liquidity to honorary position
[2025-11-05T06:35:21.021570000Z DEBUG solana_runtime::message_processor::stable_log] Program 5B57SJ3g2YoNXUpsZqqjEQkRSxyKtVTQRXdgAirz6bio consumed 111647 of 200000 compute units
[2025-11-05T06:35:21.021580000Z DEBUG solana_runtime::message_processor::stable_log] Program 5B57SJ3g2YoNXUpsZqqjEQkRSxyKtVTQRXdgAirz6bio success
[2025-11-05T06:35:21.029369000Z DEBUG solana_runtime::message_processor::stable_log] Program 5B57SJ3g2YoNXUpsZqqjEQkRSxyKtVTQRXdgAirz6bio invoke [1]
[2025-11-05T06:35:21.029430000Z DEBUG solana_runtime::message_processor::stable_log] Program log: Instruction: SetupPolicy
[2025-11-05T06:35:21.029506000Z DEBUG solana_runtime::message_processor::stable_log] Program 11111111111111111111111111111111 invoke [2]
[2025-11-05T06:35:21.029513000Z DEBUG solana_runtime::message_processor::stable_log] Program 11111111111111111111111111111111 success
[2025-11-05T06:35:21.029633000Z DEBUG solana_runtime::message_processor::stable_log] Program 11111111111111111111111111111111 invoke [2]
[2025-11-05T06:35:21.029638000Z DEBUG solana_runtime::message_processor::stable_log] Program 11111111111111111111111111111111 success
[2025-11-05T06:35:21.029675000Z DEBUG solana_runtime::message_processor::stable_log] Program data: HFXHbHKxoyaVhD4FUEjqZlxx8Uijll7Qhm4OuM3NN3nW+misWXcZnUsVVsv9tTEZvhT6i+n5o4Ljvi6LCAxKPl2ponr1CxyQiBNAS0wAAAAAAKhBDGkAAAAA
[2025-11-05T06:35:21.029701000Z DEBUG solana_runtime::message_processor::stable_log] Program 5B57SJ3g2YoNXUpsZqqjEQkRSxyKtVTQRXdgAirz6bio consumed 18026 of 200000 compute units
[2025-11-05T06:35:21.029711000Z DEBUG solana_runtime::message_processor::stable_log] Program 5B57SJ3g2YoNXUpsZqqjEQkRSxyKtVTQRXdgAirz6bio success
[2025-11-05T06:35:21.039835000Z DEBUG solana_runtime::message_processor::stable_log] Program 11111111111111111111111111111111 invoke [1]
[2025-11-05T06:35:21.039851000Z DEBUG solana_runtime::message_processor::stable_log] Program 11111111111111111111111111111111 success
  Stream 0: 100% locked, expected locked amount: 1000000, amount_per_period: 2777
[2025-11-05T06:35:21.045312000Z DEBUG solana_runtime::message_processor::stable_log] Program ATokenGPvbdGVxr1b2hvZbsiqW5xWH25efTNsLJA8knL invoke [1]
[2025-11-05T06:35:21.045399000Z DEBUG solana_runtime::message_processor::stable_log] Program log: Create
[2025-11-05T06:35:21.045450000Z DEBUG solana_runtime::message_processor::stable_log] Program TokenkegQfeZyiNwAJbNbGKPFXCWuBvf9Ss623VQ5DA invoke [2]
[2025-11-05T06:35:21.045486000Z DEBUG solana_runtime::message_processor::stable_log] Program log: Instruction: GetAccountDataSize
[2025-11-05T06:35:21.045505000Z DEBUG solana_runtime::message_processor::stable_log] Program TokenkegQfeZyiNwAJbNbGKPFXCWuBvf9Ss623VQ5DA consumed 1595 of 194555 compute units
[2025-11-05T06:35:21.045513000Z DEBUG solana_runtime::message_processor::stable_log] Program return: TokenkegQfeZyiNwAJbNbGKPFXCWuBvf9Ss623VQ5DA pQAAAAAAAAA=
[2025-11-05T06:35:21.045522000Z DEBUG solana_runtime::message_processor::stable_log] Program TokenkegQfeZyiNwAJbNbGKPFXCWuBvf9Ss623VQ5DA success
[2025-11-05T06:35:21.045576000Z DEBUG solana_runtime::message_processor::stable_log] Program 11111111111111111111111111111111 invoke [2]
[2025-11-05T06:35:21.045583000Z DEBUG solana_runtime::message_processor::stable_log] Program 11111111111111111111111111111111 success
[2025-11-05T06:35:21.045589000Z DEBUG solana_runtime::message_processor::stable_log] Program log: Initialize the associated token account
[2025-11-05T06:35:21.045631000Z DEBUG solana_runtime::message_processor::stable_log] Program TokenkegQfeZyiNwAJbNbGKPFXCWuBvf9Ss623VQ5DA invoke [2]
[2025-11-05T06:35:21.045671000Z DEBUG solana_runtime::message_processor::stable_log] Program log: Instruction: InitializeImmutableOwner
[2025-11-05T06:35:21.045683000Z DEBUG solana_runtime::message_processor::stable_log] Program log: Please upgrade to SPL Token 2022 for immutable owner support
[2025-11-05T06:35:21.045686000Z DEBUG solana_runtime::message_processor::stable_log] Program TokenkegQfeZyiNwAJbNbGKPFXCWuBvf9Ss623VQ5DA consumed 1405 of 187942 compute units
[2025-11-05T06:35:21.045694000Z DEBUG solana_runtime::message_processor::stable_log] Program TokenkegQfeZyiNwAJbNbGKPFXCWuBvf9Ss623VQ5DA success
[2025-11-05T06:35:21.045729000Z DEBUG solana_runtime::message_processor::stable_log] Program TokenkegQfeZyiNwAJbNbGKPFXCWuBvf9Ss623VQ5DA invoke [2]
[2025-11-05T06:35:21.045759000Z DEBUG solana_runtime::message_processor::stable_log] Program log: Instruction: InitializeAccount3
[2025-11-05T06:35:21.045816000Z DEBUG solana_runtime::message_processor::stable_log] Program TokenkegQfeZyiNwAJbNbGKPFXCWuBvf9Ss623VQ5DA consumed 4214 of 184058 compute units
[2025-11-05T06:35:21.045823000Z DEBUG solana_runtime::message_processor::stable_log] Program TokenkegQfeZyiNwAJbNbGKPFXCWuBvf9Ss623VQ5DA success
[2025-11-05T06:35:21.045836000Z DEBUG solana_runtime::message_processor::stable_log] Program ATokenGPvbdGVxr1b2hvZbsiqW5xWH25efTNsLJA8knL consumed 20460 of 200000 compute units
[2025-11-05T06:35:21.045845000Z DEBUG solana_runtime::message_processor::stable_log] Program ATokenGPvbdGVxr1b2hvZbsiqW5xWH25efTNsLJA8knL success
[2025-11-05T06:35:21.055916000Z DEBUG solana_runtime::message_processor::stable_log] Program 11111111111111111111111111111111 invoke [1]
[2025-11-05T06:35:21.055931000Z DEBUG solana_runtime::message_processor::stable_log] Program 11111111111111111111111111111111 success
  Stream 1: 100% locked, expected locked amount: 1000000, amount_per_period: 2777
[2025-11-05T06:35:21.062065000Z DEBUG solana_runtime::message_processor::stable_log] Program ATokenGPvbdGVxr1b2hvZbsiqW5xWH25efTNsLJA8knL invoke [1]
[2025-11-05T06:35:21.062145000Z DEBUG solana_runtime::message_processor::stable_log] Program log: Create
[2025-11-05T06:35:21.062204000Z DEBUG solana_runtime::message_processor::stable_log] Program TokenkegQfeZyiNwAJbNbGKPFXCWuBvf9Ss623VQ5DA invoke [2]
[2025-11-05T06:35:21.062235000Z DEBUG solana_runtime::message_processor::stable_log] Program log: Instruction: GetAccountDataSize
[2025-11-05T06:35:21.062252000Z DEBUG solana_runtime::message_processor::stable_log] Program TokenkegQfeZyiNwAJbNbGKPFXCWuBvf9Ss623VQ5DA consumed 1595 of 193055 compute units
[2025-11-05T06:35:21.062261000Z DEBUG solana_runtime::message_processor::stable_log] Program return: TokenkegQfeZyiNwAJbNbGKPFXCWuBvf9Ss623VQ5DA pQAAAAAAAAA=
[2025-11-05T06:35:21.062296000Z DEBUG solana_runtime::message_processor::stable_log] Program TokenkegQfeZyiNwAJbNbGKPFXCWuBvf9Ss623VQ5DA success
[2025-11-05T06:35:21.062354000Z DEBUG solana_runtime::message_processor::stable_log] Program 11111111111111111111111111111111 invoke [2]
[2025-11-05T06:35:21.062361000Z DEBUG solana_runtime::message_processor::stable_log] Program 11111111111111111111111111111111 success
[2025-11-05T06:35:21.062367000Z DEBUG solana_runtime::message_processor::stable_log] Program log: Initialize the associated token account
[2025-11-05T06:35:21.062386000Z DEBUG solana_runtime::message_processor::stable_log] Program TokenkegQfeZyiNwAJbNbGKPFXCWuBvf9Ss623VQ5DA invoke [2]
[2025-11-05T06:35:21.062408000Z DEBUG solana_runtime::message_processor::stable_log] Program log: Instruction: InitializeImmutableOwner
[2025-11-05T06:35:21.062420000Z DEBUG solana_runtime::message_processor::stable_log] Program log: Please upgrade to SPL Token 2022 for immutable owner support
[2025-11-05T06:35:21.062426000Z DEBUG solana_runtime::message_processor::stable_log] Program TokenkegQfeZyiNwAJbNbGKPFXCWuBvf9Ss623VQ5DA consumed 1405 of 186442 compute units
[2025-11-05T06:35:21.062434000Z DEBUG solana_runtime::message_processor::stable_log] Program TokenkegQfeZyiNwAJbNbGKPFXCWuBvf9Ss623VQ5DA success
[2025-11-05T06:35:21.062467000Z DEBUG solana_runtime::message_processor::stable_log] Program TokenkegQfeZyiNwAJbNbGKPFXCWuBvf9Ss623VQ5DA invoke [2]
[2025-11-05T06:35:21.062494000Z DEBUG solana_runtime::message_processor::stable_log] Program log: Instruction: InitializeAccount3
[2025-11-05T06:35:21.062550000Z DEBUG solana_runtime::message_processor::stable_log] Program TokenkegQfeZyiNwAJbNbGKPFXCWuBvf9Ss623VQ5DA consumed 4214 of 182558 compute units
[2025-11-05T06:35:21.062558000Z DEBUG solana_runtime::message_processor::stable_log] Program TokenkegQfeZyiNwAJbNbGKPFXCWuBvf9Ss623VQ5DA success
[2025-11-05T06:35:21.062570000Z DEBUG solana_runtime::message_processor::stable_log] Program ATokenGPvbdGVxr1b2hvZbsiqW5xWH25efTNsLJA8knL consumed 21960 of 200000 compute units
[2025-11-05T06:35:21.062580000Z DEBUG solana_runtime::message_processor::stable_log] Program ATokenGPvbdGVxr1b2hvZbsiqW5xWH25efTNsLJA8knL success
[2025-11-05T06:35:21.072844000Z DEBUG solana_runtime::message_processor::stable_log] Program 11111111111111111111111111111111 invoke [1]
[2025-11-05T06:35:21.072863000Z DEBUG solana_runtime::message_processor::stable_log] Program 11111111111111111111111111111111 success
  Stream 2: 100% locked, expected locked amount: 1000000, amount_per_period: 2777
[2025-11-05T06:35:21.079193000Z DEBUG solana_runtime::message_processor::stable_log] Program ATokenGPvbdGVxr1b2hvZbsiqW5xWH25efTNsLJA8knL invoke [1]
[2025-11-05T06:35:21.079269000Z DEBUG solana_runtime::message_processor::stable_log] Program log: Create
[2025-11-05T06:35:21.079318000Z DEBUG solana_runtime::message_processor::stable_log] Program TokenkegQfeZyiNwAJbNbGKPFXCWuBvf9Ss623VQ5DA invoke [2]
[2025-11-05T06:35:21.079347000Z DEBUG solana_runtime::message_processor::stable_log] Program log: Instruction: GetAccountDataSize
[2025-11-05T06:35:21.079364000Z DEBUG solana_runtime::message_processor::stable_log] Program TokenkegQfeZyiNwAJbNbGKPFXCWuBvf9Ss623VQ5DA consumed 1595 of 194555 compute units
[2025-11-05T06:35:21.079372000Z DEBUG solana_runtime::message_processor::stable_log] Program return: TokenkegQfeZyiNwAJbNbGKPFXCWuBvf9Ss623VQ5DA pQAAAAAAAAA=
[2025-11-05T06:35:21.079380000Z DEBUG solana_runtime::message_processor::stable_log] Program TokenkegQfeZyiNwAJbNbGKPFXCWuBvf9Ss623VQ5DA success
[2025-11-05T06:35:21.079433000Z DEBUG solana_runtime::message_processor::stable_log] Program 11111111111111111111111111111111 invoke [2]
[2025-11-05T06:35:21.079440000Z DEBUG solana_runtime::message_processor::stable_log] Program 11111111111111111111111111111111 success
[2025-11-05T06:35:21.079445000Z DEBUG solana_runtime::message_processor::stable_log] Program log: Initialize the associated token account
[2025-11-05T06:35:21.079462000Z DEBUG solana_runtime::message_processor::stable_log] Program TokenkegQfeZyiNwAJbNbGKPFXCWuBvf9Ss623VQ5DA invoke [2]
[2025-11-05T06:35:21.079484000Z DEBUG solana_runtime::message_processor::stable_log] Program log: Instruction: InitializeImmutableOwner
[2025-11-05T06:35:21.079495000Z DEBUG solana_runtime::message_processor::stable_log] Program log: Please upgrade to SPL Token 2022 for immutable owner support
[2025-11-05T06:35:21.079498000Z DEBUG solana_runtime::message_processor::stable_log] Program TokenkegQfeZyiNwAJbNbGKPFXCWuBvf9Ss623VQ5DA consumed 1405 of 187942 compute units
[2025-11-05T06:35:21.079506000Z DEBUG solana_runtime::message_processor::stable_log] Program TokenkegQfeZyiNwAJbNbGKPFXCWuBvf9Ss623VQ5DA success
[2025-11-05T06:35:21.079539000Z DEBUG solana_runtime::message_processor::stable_log] Program TokenkegQfeZyiNwAJbNbGKPFXCWuBvf9Ss623VQ5DA invoke [2]
[2025-11-05T06:35:21.079564000Z DEBUG solana_runtime::message_processor::stable_log] Program log: Instruction: InitializeAccount3
[2025-11-05T06:35:21.079661000Z DEBUG solana_runtime::message_processor::stable_log] Program TokenkegQfeZyiNwAJbNbGKPFXCWuBvf9Ss623VQ5DA consumed 4214 of 184058 compute units
[2025-11-05T06:35:21.079669000Z DEBUG solana_runtime::message_processor::stable_log] Program TokenkegQfeZyiNwAJbNbGKPFXCWuBvf9Ss623VQ5DA success
[2025-11-05T06:35:21.079682000Z DEBUG solana_runtime::message_processor::stable_log] Program ATokenGPvbdGVxr1b2hvZbsiqW5xWH25efTNsLJA8knL consumed 20460 of 200000 compute units
[2025-11-05T06:35:21.079691000Z DEBUG solana_runtime::message_processor::stable_log] Program ATokenGPvbdGVxr1b2hvZbsiqW5xWH25efTNsLJA8knL success
[2025-11-05T06:35:21.090235000Z DEBUG solana_runtime::message_processor::stable_log] Program 11111111111111111111111111111111 invoke [1]
[2025-11-05T06:35:21.090252000Z DEBUG solana_runtime::message_processor::stable_log] Program 11111111111111111111111111111111 success
  Stream 3: 100% locked, expected locked amount: 1000000, amount_per_period: 2777
[2025-11-05T06:35:21.095461000Z DEBUG solana_runtime::message_processor::stable_log] Program ATokenGPvbdGVxr1b2hvZbsiqW5xWH25efTNsLJA8knL invoke [1]
[2025-11-05T06:35:21.095536000Z DEBUG solana_runtime::message_processor::stable_log] Program log: Create
[2025-11-05T06:35:21.095585000Z DEBUG solana_runtime::message_processor::stable_log] Program TokenkegQfeZyiNwAJbNbGKPFXCWuBvf9Ss623VQ5DA invoke [2]
[2025-11-05T06:35:21.095616000Z DEBUG solana_runtime::message_processor::stable_log] Program log: Instruction: GetAccountDataSize
[2025-11-05T06:35:21.095633000Z DEBUG solana_runtime::message_processor::stable_log] Program TokenkegQfeZyiNwAJbNbGKPFXCWuBvf9Ss623VQ5DA consumed 1595 of 194555 compute units
[2025-11-05T06:35:21.095641000Z DEBUG solana_runtime::message_processor::stable_log] Program return: TokenkegQfeZyiNwAJbNbGKPFXCWuBvf9Ss623VQ5DA pQAAAAAAAAA=
[2025-11-05T06:35:21.095650000Z DEBUG solana_runtime::message_processor::stable_log] Program TokenkegQfeZyiNwAJbNbGKPFXCWuBvf9Ss623VQ5DA success
[2025-11-05T06:35:21.095704000Z DEBUG solana_runtime::message_processor::stable_log] Program 11111111111111111111111111111111 invoke [2]
[2025-11-05T06:35:21.095712000Z DEBUG solana_runtime::message_processor::stable_log] Program 11111111111111111111111111111111 success
[2025-11-05T06:35:21.095717000Z DEBUG solana_runtime::message_processor::stable_log] Program log: Initialize the associated token account
[2025-11-05T06:35:21.095735000Z DEBUG solana_runtime::message_processor::stable_log] Program TokenkegQfeZyiNwAJbNbGKPFXCWuBvf9Ss623VQ5DA invoke [2]
[2025-11-05T06:35:21.095756000Z DEBUG solana_runtime::message_processor::stable_log] Program log: Instruction: InitializeImmutableOwner
[2025-11-05T06:35:21.095785000Z DEBUG solana_runtime::message_processor::stable_log] Program log: Please upgrade to SPL Token 2022 for immutable owner support
[2025-11-05T06:35:21.095789000Z DEBUG solana_runtime::message_processor::stable_log] Program TokenkegQfeZyiNwAJbNbGKPFXCWuBvf9Ss623VQ5DA consumed 1405 of 187942 compute units
[2025-11-05T06:35:21.095799000Z DEBUG solana_runtime::message_processor::stable_log] Program TokenkegQfeZyiNwAJbNbGKPFXCWuBvf9Ss623VQ5DA success
[2025-11-05T06:35:21.095834000Z DEBUG solana_runtime::message_processor::stable_log] Program TokenkegQfeZyiNwAJbNbGKPFXCWuBvf9Ss623VQ5DA invoke [2]
[2025-11-05T06:35:21.095892000Z DEBUG solana_runtime::message_processor::stable_log] Program log: Instruction: InitializeAccount3
[2025-11-05T06:35:21.095959000Z DEBUG solana_runtime::message_processor::stable_log] Program TokenkegQfeZyiNwAJbNbGKPFXCWuBvf9Ss623VQ5DA consumed 4214 of 184058 compute units
[2025-11-05T06:35:21.095974000Z DEBUG solana_runtime::message_processor::stable_log] Program TokenkegQfeZyiNwAJbNbGKPFXCWuBvf9Ss623VQ5DA success
[2025-11-05T06:35:21.095987000Z DEBUG solana_runtime::message_processor::stable_log] Program ATokenGPvbdGVxr1b2hvZbsiqW5xWH25efTNsLJA8knL consumed 20460 of 200000 compute units
[2025-11-05T06:35:21.095995000Z DEBUG solana_runtime::message_processor::stable_log] Program ATokenGPvbdGVxr1b2hvZbsiqW5xWH25efTNsLJA8knL success
[2025-11-05T06:35:21.105575000Z DEBUG solana_runtime::message_processor::stable_log] Program 11111111111111111111111111111111 invoke [1]
[2025-11-05T06:35:21.105591000Z DEBUG solana_runtime::message_processor::stable_log] Program 11111111111111111111111111111111 success
  Stream 4: 100% locked, expected locked amount: 1000000, amount_per_period: 2777
[2025-11-05T06:35:21.110141000Z DEBUG solana_runtime::message_processor::stable_log] Program ATokenGPvbdGVxr1b2hvZbsiqW5xWH25efTNsLJA8knL invoke [1]
[2025-11-05T06:35:21.110222000Z DEBUG solana_runtime::message_processor::stable_log] Program log: Create
[2025-11-05T06:35:21.110285000Z DEBUG solana_runtime::message_processor::stable_log] Program TokenkegQfeZyiNwAJbNbGKPFXCWuBvf9Ss623VQ5DA invoke [2]
[2025-11-05T06:35:21.110315000Z DEBUG solana_runtime::message_processor::stable_log] Program log: Instruction: GetAccountDataSize
[2025-11-05T06:35:21.110333000Z DEBUG solana_runtime::message_processor::stable_log] Program TokenkegQfeZyiNwAJbNbGKPFXCWuBvf9Ss623VQ5DA consumed 1595 of 191555 compute units
[2025-11-05T06:35:21.110341000Z DEBUG solana_runtime::message_processor::stable_log] Program return: TokenkegQfeZyiNwAJbNbGKPFXCWuBvf9Ss623VQ5DA pQAAAAAAAAA=
[2025-11-05T06:35:21.110349000Z DEBUG solana_runtime::message_processor::stable_log] Program TokenkegQfeZyiNwAJbNbGKPFXCWuBvf9Ss623VQ5DA success
[2025-11-05T06:35:21.110402000Z DEBUG solana_runtime::message_processor::stable_log] Program 11111111111111111111111111111111 invoke [2]
[2025-11-05T06:35:21.110408000Z DEBUG solana_runtime::message_processor::stable_log] Program 11111111111111111111111111111111 success
[2025-11-05T06:35:21.110414000Z DEBUG solana_runtime::message_processor::stable_log] Program log: Initialize the associated token account
[2025-11-05T06:35:21.110431000Z DEBUG solana_runtime::message_processor::stable_log] Program TokenkegQfeZyiNwAJbNbGKPFXCWuBvf9Ss623VQ5DA invoke [2]
[2025-11-05T06:35:21.110452000Z DEBUG solana_runtime::message_processor::stable_log] Program log: Instruction: InitializeImmutableOwner
[2025-11-05T06:35:21.110464000Z DEBUG solana_runtime::message_processor::stable_log] Program log: Please upgrade to SPL Token 2022 for immutable owner support
[2025-11-05T06:35:21.110467000Z DEBUG solana_runtime::message_processor::stable_log] Program TokenkegQfeZyiNwAJbNbGKPFXCWuBvf9Ss623VQ5DA consumed 1405 of 184942 compute units
[2025-11-05T06:35:21.110474000Z DEBUG solana_runtime::message_processor::stable_log] Program TokenkegQfeZyiNwAJbNbGKPFXCWuBvf9Ss623VQ5DA success
[2025-11-05T06:35:21.110508000Z DEBUG solana_runtime::message_processor::stable_log] Program TokenkegQfeZyiNwAJbNbGKPFXCWuBvf9Ss623VQ5DA invoke [2]
[2025-11-05T06:35:21.110536000Z DEBUG solana_runtime::message_processor::stable_log] Program log: Instruction: InitializeAccount3
[2025-11-05T06:35:21.110608000Z DEBUG solana_runtime::message_processor::stable_log] Program TokenkegQfeZyiNwAJbNbGKPFXCWuBvf9Ss623VQ5DA consumed 4214 of 181058 compute units
[2025-11-05T06:35:21.110619000Z DEBUG solana_runtime::message_processor::stable_log] Program TokenkegQfeZyiNwAJbNbGKPFXCWuBvf9Ss623VQ5DA success
[2025-11-05T06:35:21.110632000Z DEBUG solana_runtime::message_processor::stable_log] Program ATokenGPvbdGVxr1b2hvZbsiqW5xWH25efTNsLJA8knL consumed 23460 of 200000 compute units
[2025-11-05T06:35:21.110641000Z DEBUG solana_runtime::message_processor::stable_log] Program ATokenGPvbdGVxr1b2hvZbsiqW5xWH25efTNsLJA8knL success
[2025-11-05T06:35:21.128285000Z DEBUG solana_runtime::message_processor::stable_log] Program ASmKWt93JEMHxbdE6j7znD9y2FcdPboCzC3xtSTJvN7S invoke [1]
[2025-11-05T06:35:21.128420000Z DEBUG solana_runtime::message_processor::stable_log] Program log: Instruction: Swap
[2025-11-05T06:35:21.128762000Z DEBUG solana_runtime::message_processor::stable_log] Program TokenkegQfeZyiNwAJbNbGKPFXCWuBvf9Ss623VQ5DA invoke [2]
[2025-11-05T06:35:21.128822000Z DEBUG solana_runtime::message_processor::stable_log] Program log: Instruction: TransferChecked
[2025-11-05T06:35:21.128905000Z DEBUG solana_runtime::message_processor::stable_log] Program TokenkegQfeZyiNwAJbNbGKPFXCWuBvf9Ss623VQ5DA consumed 6174 of 177323 compute units
[2025-11-05T06:35:21.128917000Z DEBUG solana_runtime::message_processor::stable_log] Program TokenkegQfeZyiNwAJbNbGKPFXCWuBvf9Ss623VQ5DA success
[2025-11-05T06:35:21.128972000Z DEBUG solana_runtime::message_processor::stable_log] Program TokenkegQfeZyiNwAJbNbGKPFXCWuBvf9Ss623VQ5DA invoke [2]
[2025-11-05T06:35:21.129005000Z DEBUG solana_runtime::message_processor::stable_log] Program log: Instruction: TransferChecked
[2025-11-05T06:35:21.129073000Z DEBUG solana_runtime::message_processor::stable_log] Program TokenkegQfeZyiNwAJbNbGKPFXCWuBvf9Ss623VQ5DA consumed 6174 of 168685 compute units
[2025-11-05T06:35:21.129081000Z DEBUG solana_runtime::message_processor::stable_log] Program TokenkegQfeZyiNwAJbNbGKPFXCWuBvf9Ss623VQ5DA success
[2025-11-05T06:35:21.129183000Z DEBUG solana_runtime::message_processor::stable_log] Program ASmKWt93JEMHxbdE6j7znD9y2FcdPboCzC3xtSTJvN7S invoke [2]
[2025-11-05T06:35:21.129219000Z DEBUG solana_runtime::message_processor::stable_log] Program ASmKWt93JEMHxbdE6j7znD9y2FcdPboCzC3xtSTJvN7S consumed 2069 of 156500 compute units
[2025-11-05T06:35:21.129227000Z DEBUG solana_runtime::message_processor::stable_log] Program ASmKWt93JEMHxbdE6j7znD9y2FcdPboCzC3xtSTJvN7S success
[2025-11-05T06:35:21.129281000Z DEBUG solana_runtime::message_processor::stable_log] Program ASmKWt93JEMHxbdE6j7znD9y2FcdPboCzC3xtSTJvN7S invoke [2]
[2025-11-05T06:35:21.129312000Z DEBUG solana_runtime::message_processor::stable_log] Program ASmKWt93JEMHxbdE6j7znD9y2FcdPboCzC3xtSTJvN7S consumed 2069 of 150802 compute units
[2025-11-05T06:35:21.129319000Z DEBUG solana_runtime::message_processor::stable_log] Program ASmKWt93JEMHxbdE6j7znD9y2FcdPboCzC3xtSTJvN7S success
[2025-11-05T06:35:21.129338000Z DEBUG solana_runtime::message_processor::stable_log] Program ASmKWt93JEMHxbdE6j7znD9y2FcdPboCzC3xtSTJvN7S consumed 51801 of 200000 compute units
[2025-11-05T06:35:21.129349000Z DEBUG solana_runtime::message_processor::stable_log] Program ASmKWt93JEMHxbdE6j7znD9y2FcdPboCzC3xtSTJvN7S success
[2025-11-05T06:35:21.150509000Z DEBUG solana_runtime::message_processor::stable_log] Program ComputeBudget111111111111111111111111111111 invoke [1]
[2025-11-05T06:35:21.150523000Z DEBUG solana_runtime::message_processor::stable_log] Program ComputeBudget111111111111111111111111111111 success
[2025-11-05T06:35:21.150533000Z DEBUG solana_runtime::message_processor::stable_log] Program 5B57SJ3g2YoNXUpsZqqjEQkRSxyKtVTQRXdgAirz6bio invoke [1]
[2025-11-05T06:35:21.150727000Z DEBUG solana_runtime::message_processor::stable_log] Program log: Instruction: CrankDistribution
[2025-11-05T06:35:21.151401000Z DEBUG solana_runtime::message_processor::stable_log] Program log: === DEBUG: Before claiming fees ===
[2025-11-05T06:35:21.151419000Z DEBUG solana_runtime::message_processor::stable_log] Program log: Pool collect_fee_mode: 1
[2025-11-05T06:35:21.151532000Z DEBUG solana_runtime::message_processor::stable_log] Program log: Pool token_a_mint: BmeLPMSH8PzfNRHL5Fgo3VtdbWCqV4AwmBcpVqNcYnK6
[2025-11-05T06:35:21.151640000Z DEBUG solana_runtime::message_processor::stable_log] Program log: Pool token_b_mint: 3zNvmxvWjfCRVgX3tNKMDmo5KyVEDxXDvgm2darznJKj
[2025-11-05T06:35:21.151762000Z DEBUG solana_runtime::message_processor::stable_log] Program log: Quote mint: 3zNvmxvWjfCRVgX3tNKMDmo5KyVEDxXDvgm2darznJKj
[2025-11-05T06:35:21.151873000Z DEBUG solana_runtime::message_processor::stable_log] Program log: Base mint: BmeLPMSH8PzfNRHL5Fgo3VtdbWCqV4AwmBcpVqNcYnK6
[2025-11-05T06:35:21.151890000Z DEBUG solana_runtime::message_processor::stable_log] Program log: Position unlocked_liquidity: 1844674407370955161600
[2025-11-05T06:35:21.151897000Z DEBUG solana_runtime::message_processor::stable_log] Program log: Position vested_liquidity: 0
[2025-11-05T06:35:21.151904000Z DEBUG solana_runtime::message_processor::stable_log] Program log: Position permanent_locked_liquidity: 0
[2025-11-05T06:35:21.151909000Z DEBUG solana_runtime::message_processor::stable_log] Program log: Position fee_a_pending: 0
[2025-11-05T06:35:21.151914000Z DEBUG solana_runtime::message_processor::stable_log] Program log: Position fee_b_pending: 0
[2025-11-05T06:35:21.151920000Z DEBUG solana_runtime::message_processor::stable_log] Program log: Position fee_a_checkpoint (first 8 bytes): 0
[2025-11-05T06:35:21.151925000Z DEBUG solana_runtime::message_processor::stable_log] Program log: Position fee_b_checkpoint (first 8 bytes): 0
[2025-11-05T06:35:21.151931000Z DEBUG solana_runtime::message_processor::stable_log] Program log: Pool fee_a_per_liquidity (first 8 bytes): 0
[2025-11-05T06:35:21.151936000Z DEBUG solana_runtime::message_processor::stable_log] Program log: Pool fee_b_per_liquidity (first 8 bytes): 0
[2025-11-05T06:35:21.151948000Z DEBUG solana_runtime::message_processor::stable_log] Program log: Pool liquidity: 3689348814741910323200
[2025-11-05T06:35:21.151955000Z DEBUG solana_runtime::message_processor::stable_log] Program log: Treasury quote balance before: 99999999999999999
[2025-11-05T06:35:21.151962000Z DEBUG solana_runtime::message_processor::stable_log] Program log: Treasury base balance before: 99999785255671124
[2025-11-05T06:35:21.151964000Z DEBUG solana_runtime::message_processor::stable_log] Program log: Claiming position fees from CP-AMM
[2025-11-05T06:35:21.152063000Z DEBUG solana_runtime::message_processor::stable_log] Program ASmKWt93JEMHxbdE6j7znD9y2FcdPboCzC3xtSTJvN7S invoke [2]
[2025-11-05T06:35:21.152157000Z DEBUG solana_runtime::message_processor::stable_log] Program log: Instruction: ClaimPositionFee
[2025-11-05T06:35:21.152389000Z DEBUG solana_runtime::message_processor::stable_log] Program TokenkegQfeZyiNwAJbNbGKPFXCWuBvf9Ss623VQ5DA invoke [3]
[2025-11-05T06:35:21.152432000Z DEBUG solana_runtime::message_processor::stable_log] Program log: Instruction: TransferChecked
[2025-11-05T06:35:21.152511000Z DEBUG solana_runtime::message_processor::stable_log] Program TokenkegQfeZyiNwAJbNbGKPFXCWuBvf9Ss623VQ5DA consumed 6174 of 262288 compute units
[2025-11-05T06:35:21.152523000Z DEBUG solana_runtime::message_processor::stable_log] Program TokenkegQfeZyiNwAJbNbGKPFXCWuBvf9Ss623VQ5DA success
[2025-11-05T06:35:21.152569000Z DEBUG solana_runtime::message_processor::stable_log] Program ASmKWt93JEMHxbdE6j7znD9y2FcdPboCzC3xtSTJvN7S invoke [3]
[2025-11-05T06:35:21.152602000Z DEBUG solana_runtime::message_processor::stable_log] Program ASmKWt93JEMHxbdE6j7znD9y2FcdPboCzC3xtSTJvN7S consumed 2069 of 253374 compute units
[2025-11-05T06:35:21.152610000Z DEBUG solana_runtime::message_processor::stable_log] Program ASmKWt93JEMHxbdE6j7znD9y2FcdPboCzC3xtSTJvN7S success
[2025-11-05T06:35:21.152630000Z DEBUG solana_runtime::message_processor::stable_log] Program ASmKWt93JEMHxbdE6j7znD9y2FcdPboCzC3xtSTJvN7S consumed 30035 of 280799 compute units
[2025-11-05T06:35:21.152639000Z DEBUG solana_runtime::message_processor::stable_log] Program ASmKWt93JEMHxbdE6j7znD9y2FcdPboCzC3xtSTJvN7S success
[2025-11-05T06:35:21.152678000Z DEBUG solana_runtime::message_processor::stable_log] Program log: === DEBUG: After claiming fees ===
[2025-11-05T06:35:21.152690000Z DEBUG solana_runtime::message_processor::stable_log] Program log: Treasury quote balance after: 100000000000049999
[2025-11-05T06:35:21.152698000Z DEBUG solana_runtime::message_processor::stable_log] Program log: Treasury base balance after: 99999785255671124
[2025-11-05T06:35:21.152705000Z DEBUG solana_runtime::message_processor::stable_log] Program log: Quote tokens claimed: 50000
[2025-11-05T06:35:21.152714000Z DEBUG solana_runtime::message_processor::stable_log] Program data: fzkUsNcjWliVhD4FUEjqZlxx8Uijll7Qhm4OuM3NN3nW+misWXcZnVDDAAAAAAAAqEEMaQAAAAA=
[2025-11-05T06:35:21.153049000Z DEBUG solana_runtime::message_processor::stable_log] Program TokenkegQfeZyiNwAJbNbGKPFXCWuBvf9Ss623VQ5DA invoke [2]
[2025-11-05T06:35:21.153083000Z DEBUG solana_runtime::message_processor::stable_log] Program log: Instruction: TransferChecked
[2025-11-05T06:35:21.153156000Z DEBUG solana_runtime::message_processor::stable_log] Program TokenkegQfeZyiNwAJbNbGKPFXCWuBvf9Ss623VQ5DA consumed 6174 of 226493 compute units
[2025-11-05T06:35:21.153164000Z DEBUG solana_runtime::message_processor::stable_log] Program TokenkegQfeZyiNwAJbNbGKPFXCWuBvf9Ss623VQ5DA success
[2025-11-05T06:35:21.153236000Z DEBUG solana_runtime::message_processor::stable_log] Program TokenkegQfeZyiNwAJbNbGKPFXCWuBvf9Ss623VQ5DA invoke [2]
[2025-11-05T06:35:21.153265000Z DEBUG solana_runtime::message_processor::stable_log] Program log: Instruction: TransferChecked
[2025-11-05T06:35:21.153335000Z DEBUG solana_runtime::message_processor::stable_log] Program TokenkegQfeZyiNwAJbNbGKPFXCWuBvf9Ss623VQ5DA consumed 6174 of 216130 compute units
[2025-11-05T06:35:21.153343000Z DEBUG solana_runtime::message_processor::stable_log] Program TokenkegQfeZyiNwAJbNbGKPFXCWuBvf9Ss623VQ5DA success
[2025-11-05T06:35:21.153356000Z DEBUG solana_runtime::message_processor::stable_log] Program data: jhY1V/E9sS2VhD4FUEjqZlxx8Uijll7Qhm4OuM3NN3nW+misWXcZnahhAAAAAAAAiBMAAAAAAACoQQxpAAAAAA==
[2025-11-05T06:35:21.153361000Z DEBUG solana_runtime::message_processor::stable_log] Program data: KjXqZeHwy3mVhD4FUEjqZlxx8Uijll7Qhm4OuM3NN3nW+misWXcZnQAAAAAFAAAABQAAAIgTAAAAAAAAIE4AAAAAAACoQQxpAAAAAA==
[2025-11-05T06:35:21.153397000Z DEBUG solana_runtime::message_processor::stable_log] Program 5B57SJ3g2YoNXUpsZqqjEQkRSxyKtVTQRXdgAirz6bio consumed 192749 of 399850 compute units
[2025-11-05T06:35:21.153407000Z DEBUG solana_runtime::message_processor::stable_log] Program 5B57SJ3g2YoNXUpsZqqjEQkRSxyKtVTQRXdgAirz6bio success
Daily cap: 5000
Total distributed: 5000
Total claimed: 50000
      ✔ Should enforce daily_cap_lamports and carry remainder to next day (134ms)
[2025-11-05T06:35:21.156824000Z INFO  solana_program_test] "cp_amm" SBF program from ./target/deploy/cp_amm.so, modified 24 minutes, 28 seconds, 504 ms, 141 µs and 203 ns ago
[2025-11-05T06:35:21.156979000Z INFO  solana_program_test] "fee_router" SBF program from ./target/deploy/fee_router.so, modified 31 seconds, 241 ms, 238 µs and 331 ns ago
[2025-11-05T06:35:21.157107000Z INFO  solana_program_test] "transfer_hook_counter" SBF program from tests/fixtures/transfer_hook_counter.so, modified 3 weeks, 22 hours, 58 minutes, 55 seconds, 982 ms, 706 µs and 196 ns ago
[2025-11-05T06:35:21.157300000Z INFO  solana_program_test] "alpha_vault" SBF program from tests/fixtures/alpha_vault.so, modified 3 weeks, 22 hours, 58 minutes, 55 seconds, 983 ms, 587 µs and 72 ns ago
[2025-11-05T06:35:21.157771000Z INFO  solana_program_test] "streamflow" SBF program from tests/fixtures/streamflow.so, modified 3 weeks, 6 hours, 59 minutes, 5 seconds, 868 ms, 683 µs and 387 ns ago
[2025-11-05T06:35:21.158188000Z INFO  solana_program_test] "cp_amm" SBF program from ./target/deploy/cp_amm.so, modified 24 minutes, 28 seconds, 505 ms, 506 µs and 203 ns ago
[2025-11-05T06:35:21.158381000Z INFO  solana_program_test] "fee_router" SBF program from ./target/deploy/fee_router.so, modified 31 seconds, 242 ms, 640 µs and 331 ns ago
[2025-11-05T06:35:21.177613000Z INFO  solana_program_test] Overriding account at ASmKWt93JEMHxbdE6j7znD9y2FcdPboCzC3xtSTJvN7S
[2025-11-05T06:35:21.177627000Z INFO  solana_program_test] Overriding account at 5B57SJ3g2YoNXUpsZqqjEQkRSxyKtVTQRXdgAirz6bio
[2025-11-05T06:35:21.189072000Z DEBUG solana_runtime::message_processor::stable_log] Program 11111111111111111111111111111111 invoke [1]
[2025-11-05T06:35:21.189087000Z DEBUG solana_runtime::message_processor::stable_log] Program 11111111111111111111111111111111 success
[2025-11-05T06:35:21.192738000Z DEBUG solana_runtime::message_processor::stable_log] Program 11111111111111111111111111111111 invoke [1]
[2025-11-05T06:35:21.192767000Z DEBUG solana_runtime::message_processor::stable_log] Program 11111111111111111111111111111111 success
[2025-11-05T06:35:21.197105000Z DEBUG solana_runtime::message_processor::stable_log] Program 11111111111111111111111111111111 invoke [1]
[2025-11-05T06:35:21.197118000Z DEBUG solana_runtime::message_processor::stable_log] Program 11111111111111111111111111111111 success
[2025-11-05T06:35:21.200927000Z DEBUG solana_runtime::message_processor::stable_log] Program 11111111111111111111111111111111 invoke [1]
[2025-11-05T06:35:21.200936000Z DEBUG solana_runtime::message_processor::stable_log] Program 11111111111111111111111111111111 success
[2025-11-05T06:35:21.207933000Z DEBUG solana_runtime::message_processor::stable_log] Program 11111111111111111111111111111111 invoke [1]
[2025-11-05T06:35:21.207946000Z DEBUG solana_runtime::message_processor::stable_log] Program 11111111111111111111111111111111 success
[2025-11-05T06:35:21.207950000Z DEBUG solana_runtime::message_processor::stable_log] Program TokenkegQfeZyiNwAJbNbGKPFXCWuBvf9Ss623VQ5DA invoke [1]
[2025-11-05T06:35:21.207989000Z DEBUG solana_runtime::message_processor::stable_log] Program log: Instruction: InitializeMint2
[2025-11-05T06:35:21.208024000Z DEBUG solana_runtime::message_processor::stable_log] Program TokenkegQfeZyiNwAJbNbGKPFXCWuBvf9Ss623VQ5DA consumed 2779 of 399850 compute units
[2025-11-05T06:35:21.208033000Z DEBUG solana_runtime::message_processor::stable_log] Program TokenkegQfeZyiNwAJbNbGKPFXCWuBvf9Ss623VQ5DA success
[2025-11-05T06:35:21.214541000Z DEBUG solana_runtime::message_processor::stable_log] Program 11111111111111111111111111111111 invoke [1]
[2025-11-05T06:35:21.214557000Z DEBUG solana_runtime::message_processor::stable_log] Program 11111111111111111111111111111111 success
[2025-11-05T06:35:21.214561000Z DEBUG solana_runtime::message_processor::stable_log] Program TokenkegQfeZyiNwAJbNbGKPFXCWuBvf9Ss623VQ5DA invoke [1]
[2025-11-05T06:35:21.214605000Z DEBUG solana_runtime::message_processor::stable_log] Program log: Instruction: InitializeMint2
[2025-11-05T06:35:21.214641000Z DEBUG solana_runtime::message_processor::stable_log] Program TokenkegQfeZyiNwAJbNbGKPFXCWuBvf9Ss623VQ5DA consumed 2779 of 399850 compute units
[2025-11-05T06:35:21.214651000Z DEBUG solana_runtime::message_processor::stable_log] Program TokenkegQfeZyiNwAJbNbGKPFXCWuBvf9Ss623VQ5DA success
[2025-11-05T06:35:21.220010000Z DEBUG solana_runtime::message_processor::stable_log] Program ATokenGPvbdGVxr1b2hvZbsiqW5xWH25efTNsLJA8knL invoke [1]
[2025-11-05T06:35:21.220083000Z DEBUG solana_runtime::message_processor::stable_log] Program log: Create
[2025-11-05T06:35:21.220142000Z DEBUG solana_runtime::message_processor::stable_log] Program TokenkegQfeZyiNwAJbNbGKPFXCWuBvf9Ss623VQ5DA invoke [2]
[2025-11-05T06:35:21.220176000Z DEBUG solana_runtime::message_processor::stable_log] Program log: Instruction: GetAccountDataSize
[2025-11-05T06:35:21.220193000Z DEBUG solana_runtime::message_processor::stable_log] Program TokenkegQfeZyiNwAJbNbGKPFXCWuBvf9Ss623VQ5DA consumed 1595 of 194555 compute units
[2025-11-05T06:35:21.220203000Z DEBUG solana_runtime::message_processor::stable_log] Program return: TokenkegQfeZyiNwAJbNbGKPFXCWuBvf9Ss623VQ5DA pQAAAAAAAAA=
[2025-11-05T06:35:21.220210000Z DEBUG solana_runtime::message_processor::stable_log] Program TokenkegQfeZyiNwAJbNbGKPFXCWuBvf9Ss623VQ5DA success
[2025-11-05T06:35:21.220264000Z DEBUG solana_runtime::message_processor::stable_log] Program 11111111111111111111111111111111 invoke [2]
[2025-11-05T06:35:21.220271000Z DEBUG solana_runtime::message_processor::stable_log] Program 11111111111111111111111111111111 success
[2025-11-05T06:35:21.220277000Z DEBUG solana_runtime::message_processor::stable_log] Program log: Initialize the associated token account
[2025-11-05T06:35:21.220295000Z DEBUG solana_runtime::message_processor::stable_log] Program TokenkegQfeZyiNwAJbNbGKPFXCWuBvf9Ss623VQ5DA invoke [2]
[2025-11-05T06:35:21.220317000Z DEBUG solana_runtime::message_processor::stable_log] Program log: Instruction: InitializeImmutableOwner
[2025-11-05T06:35:21.220328000Z DEBUG solana_runtime::message_processor::stable_log] Program log: Please upgrade to SPL Token 2022 for immutable owner support
[2025-11-05T06:35:21.220332000Z DEBUG solana_runtime::message_processor::stable_log] Program TokenkegQfeZyiNwAJbNbGKPFXCWuBvf9Ss623VQ5DA consumed 1405 of 187942 compute units
[2025-11-05T06:35:21.220339000Z DEBUG solana_runtime::message_processor::stable_log] Program TokenkegQfeZyiNwAJbNbGKPFXCWuBvf9Ss623VQ5DA success
[2025-11-05T06:35:21.220373000Z DEBUG solana_runtime::message_processor::stable_log] Program TokenkegQfeZyiNwAJbNbGKPFXCWuBvf9Ss623VQ5DA invoke [2]
[2025-11-05T06:35:21.220474000Z DEBUG solana_runtime::message_processor::stable_log] Program log: Instruction: InitializeAccount3
[2025-11-05T06:35:21.220530000Z DEBUG solana_runtime::message_processor::stable_log] Program TokenkegQfeZyiNwAJbNbGKPFXCWuBvf9Ss623VQ5DA consumed 4214 of 184058 compute units
[2025-11-05T06:35:21.220540000Z DEBUG solana_runtime::message_processor::stable_log] Program TokenkegQfeZyiNwAJbNbGKPFXCWuBvf9Ss623VQ5DA success
[2025-11-05T06:35:21.220552000Z DEBUG solana_runtime::message_processor::stable_log] Program ATokenGPvbdGVxr1b2hvZbsiqW5xWH25efTNsLJA8knL consumed 20460 of 200000 compute units
[2025-11-05T06:35:21.220561000Z DEBUG solana_runtime::message_processor::stable_log] Program ATokenGPvbdGVxr1b2hvZbsiqW5xWH25efTNsLJA8knL success
[2025-11-05T06:35:21.223696000Z DEBUG solana_runtime::message_processor::stable_log] Program TokenkegQfeZyiNwAJbNbGKPFXCWuBvf9Ss623VQ5DA invoke [1]
[2025-11-05T06:35:21.223740000Z DEBUG solana_runtime::message_processor::stable_log] Program log: Instruction: MintTo
[2025-11-05T06:35:21.223797000Z DEBUG solana_runtime::message_processor::stable_log] Program TokenkegQfeZyiNwAJbNbGKPFXCWuBvf9Ss623VQ5DA consumed 4491 of 200000 compute units
[2025-11-05T06:35:21.223807000Z DEBUG solana_runtime::message_processor::stable_log] Program TokenkegQfeZyiNwAJbNbGKPFXCWuBvf9Ss623VQ5DA success
[2025-11-05T06:35:21.228272000Z DEBUG solana_runtime::message_processor::stable_log] Program ATokenGPvbdGVxr1b2hvZbsiqW5xWH25efTNsLJA8knL invoke [1]
[2025-11-05T06:35:21.228340000Z DEBUG solana_runtime::message_processor::stable_log] Program log: Create
[2025-11-05T06:35:21.228391000Z DEBUG solana_runtime::message_processor::stable_log] Program TokenkegQfeZyiNwAJbNbGKPFXCWuBvf9Ss623VQ5DA invoke [2]
[2025-11-05T06:35:21.228423000Z DEBUG solana_runtime::message_processor::stable_log] Program log: Instruction: GetAccountDataSize
[2025-11-05T06:35:21.228440000Z DEBUG solana_runtime::message_processor::stable_log] Program TokenkegQfeZyiNwAJbNbGKPFXCWuBvf9Ss623VQ5DA consumed 1595 of 194555 compute units
[2025-11-05T06:35:21.228449000Z DEBUG solana_runtime::message_processor::stable_log] Program return: TokenkegQfeZyiNwAJbNbGKPFXCWuBvf9Ss623VQ5DA pQAAAAAAAAA=
[2025-11-05T06:35:21.228457000Z DEBUG solana_runtime::message_processor::stable_log] Program TokenkegQfeZyiNwAJbNbGKPFXCWuBvf9Ss623VQ5DA success
[2025-11-05T06:35:21.228523000Z DEBUG solana_runtime::message_processor::stable_log] Program 11111111111111111111111111111111 invoke [2]
[2025-11-05T06:35:21.228531000Z DEBUG solana_runtime::message_processor::stable_log] Program 11111111111111111111111111111111 success
[2025-11-05T06:35:21.228537000Z DEBUG solana_runtime::message_processor::stable_log] Program log: Initialize the associated token account
[2025-11-05T06:35:21.228555000Z DEBUG solana_runtime::message_processor::stable_log] Program TokenkegQfeZyiNwAJbNbGKPFXCWuBvf9Ss623VQ5DA invoke [2]
[2025-11-05T06:35:21.228578000Z DEBUG solana_runtime::message_processor::stable_log] Program log: Instruction: InitializeImmutableOwner
[2025-11-05T06:35:21.228589000Z DEBUG solana_runtime::message_processor::stable_log] Program log: Please upgrade to SPL Token 2022 for immutable owner support
[2025-11-05T06:35:21.228592000Z DEBUG solana_runtime::message_processor::stable_log] Program TokenkegQfeZyiNwAJbNbGKPFXCWuBvf9Ss623VQ5DA consumed 1405 of 187942 compute units
[2025-11-05T06:35:21.228601000Z DEBUG solana_runtime::message_processor::stable_log] Program TokenkegQfeZyiNwAJbNbGKPFXCWuBvf9Ss623VQ5DA success
[2025-11-05T06:35:21.228634000Z DEBUG solana_runtime::message_processor::stable_log] Program TokenkegQfeZyiNwAJbNbGKPFXCWuBvf9Ss623VQ5DA invoke [2]
[2025-11-05T06:35:21.228661000Z DEBUG solana_runtime::message_processor::stable_log] Program log: Instruction: InitializeAccount3
[2025-11-05T06:35:21.228714000Z DEBUG solana_runtime::message_processor::stable_log] Program TokenkegQfeZyiNwAJbNbGKPFXCWuBvf9Ss623VQ5DA consumed 4214 of 184058 compute units
[2025-11-05T06:35:21.228722000Z DEBUG solana_runtime::message_processor::stable_log] Program TokenkegQfeZyiNwAJbNbGKPFXCWuBvf9Ss623VQ5DA success
[2025-11-05T06:35:21.228734000Z DEBUG solana_runtime::message_processor::stable_log] Program ATokenGPvbdGVxr1b2hvZbsiqW5xWH25efTNsLJA8knL consumed 20460 of 200000 compute units
[2025-11-05T06:35:21.228743000Z DEBUG solana_runtime::message_processor::stable_log] Program ATokenGPvbdGVxr1b2hvZbsiqW5xWH25efTNsLJA8knL success
[2025-11-05T06:35:21.232862000Z DEBUG solana_runtime::message_processor::stable_log] Program TokenkegQfeZyiNwAJbNbGKPFXCWuBvf9Ss623VQ5DA invoke [1]
[2025-11-05T06:35:21.232915000Z DEBUG solana_runtime::message_processor::stable_log] Program log: Instruction: MintTo
[2025-11-05T06:35:21.232975000Z DEBUG solana_runtime::message_processor::stable_log] Program TokenkegQfeZyiNwAJbNbGKPFXCWuBvf9Ss623VQ5DA consumed 4491 of 200000 compute units
[2025-11-05T06:35:21.232984000Z DEBUG solana_runtime::message_processor::stable_log] Program TokenkegQfeZyiNwAJbNbGKPFXCWuBvf9Ss623VQ5DA success
[2025-11-05T06:35:21.240858000Z DEBUG solana_runtime::message_processor::stable_log] Program ATokenGPvbdGVxr1b2hvZbsiqW5xWH25efTNsLJA8knL invoke [1]
[2025-11-05T06:35:21.240934000Z DEBUG solana_runtime::message_processor::stable_log] Program log: Create
[2025-11-05T06:35:21.240983000Z DEBUG solana_runtime::message_processor::stable_log] Program TokenkegQfeZyiNwAJbNbGKPFXCWuBvf9Ss623VQ5DA invoke [2]
[2025-11-05T06:35:21.241020000Z DEBUG solana_runtime::message_processor::stable_log] Program log: Instruction: GetAccountDataSize
[2025-11-05T06:35:21.241038000Z DEBUG solana_runtime::message_processor::stable_log] Program TokenkegQfeZyiNwAJbNbGKPFXCWuBvf9Ss623VQ5DA consumed 1595 of 194555 compute units
[2025-11-05T06:35:21.241046000Z DEBUG solana_runtime::message_processor::stable_log] Program return: TokenkegQfeZyiNwAJbNbGKPFXCWuBvf9Ss623VQ5DA pQAAAAAAAAA=
[2025-11-05T06:35:21.241055000Z DEBUG solana_runtime::message_processor::stable_log] Program TokenkegQfeZyiNwAJbNbGKPFXCWuBvf9Ss623VQ5DA success
[2025-11-05T06:35:21.241114000Z DEBUG solana_runtime::message_processor::stable_log] Program 11111111111111111111111111111111 invoke [2]
[2025-11-05T06:35:21.241122000Z DEBUG solana_runtime::message_processor::stable_log] Program 11111111111111111111111111111111 success
[2025-11-05T06:35:21.241127000Z DEBUG solana_runtime::message_processor::stable_log] Program log: Initialize the associated token account
[2025-11-05T06:35:21.241144000Z DEBUG solana_runtime::message_processor::stable_log] Program TokenkegQfeZyiNwAJbNbGKPFXCWuBvf9Ss623VQ5DA invoke [2]
[2025-11-05T06:35:21.241168000Z DEBUG solana_runtime::message_processor::stable_log] Program log: Instruction: InitializeImmutableOwner
[2025-11-05T06:35:21.241179000Z DEBUG solana_runtime::message_processor::stable_log] Program log: Please upgrade to SPL Token 2022 for immutable owner support
[2025-11-05T06:35:21.241182000Z DEBUG solana_runtime::message_processor::stable_log] Program TokenkegQfeZyiNwAJbNbGKPFXCWuBvf9Ss623VQ5DA consumed 1405 of 187942 compute units
[2025-11-05T06:35:21.241190000Z DEBUG solana_runtime::message_processor::stable_log] Program TokenkegQfeZyiNwAJbNbGKPFXCWuBvf9Ss623VQ5DA success
[2025-11-05T06:35:21.241238000Z DEBUG solana_runtime::message_processor::stable_log] Program TokenkegQfeZyiNwAJbNbGKPFXCWuBvf9Ss623VQ5DA invoke [2]
[2025-11-05T06:35:21.241265000Z DEBUG solana_runtime::message_processor::stable_log] Program log: Instruction: InitializeAccount3
[2025-11-05T06:35:21.241319000Z DEBUG solana_runtime::message_processor::stable_log] Program TokenkegQfeZyiNwAJbNbGKPFXCWuBvf9Ss623VQ5DA consumed 4214 of 184058 compute units
[2025-11-05T06:35:21.241327000Z DEBUG solana_runtime::message_processor::stable_log] Program TokenkegQfeZyiNwAJbNbGKPFXCWuBvf9Ss623VQ5DA success
[2025-11-05T06:35:21.241339000Z DEBUG solana_runtime::message_processor::stable_log] Program ATokenGPvbdGVxr1b2hvZbsiqW5xWH25efTNsLJA8knL consumed 20460 of 200000 compute units
[2025-11-05T06:35:21.241348000Z DEBUG solana_runtime::message_processor::stable_log] Program ATokenGPvbdGVxr1b2hvZbsiqW5xWH25efTNsLJA8knL success
[2025-11-05T06:35:21.245451000Z DEBUG solana_runtime::message_processor::stable_log] Program TokenkegQfeZyiNwAJbNbGKPFXCWuBvf9Ss623VQ5DA invoke [1]
[2025-11-05T06:35:21.245495000Z DEBUG solana_runtime::message_processor::stable_log] Program log: Instruction: MintTo
[2025-11-05T06:35:21.245553000Z DEBUG solana_runtime::message_processor::stable_log] Program TokenkegQfeZyiNwAJbNbGKPFXCWuBvf9Ss623VQ5DA consumed 4491 of 200000 compute units
[2025-11-05T06:35:21.245561000Z DEBUG solana_runtime::message_processor::stable_log] Program TokenkegQfeZyiNwAJbNbGKPFXCWuBvf9Ss623VQ5DA success
[2025-11-05T06:35:21.252090000Z DEBUG solana_runtime::message_processor::stable_log] Program ATokenGPvbdGVxr1b2hvZbsiqW5xWH25efTNsLJA8knL invoke [1]
[2025-11-05T06:35:21.252166000Z DEBUG solana_runtime::message_processor::stable_log] Program log: Create
[2025-11-05T06:35:21.252217000Z DEBUG solana_runtime::message_processor::stable_log] Program TokenkegQfeZyiNwAJbNbGKPFXCWuBvf9Ss623VQ5DA invoke [2]
[2025-11-05T06:35:21.252260000Z DEBUG solana_runtime::message_processor::stable_log] Program log: Instruction: GetAccountDataSize
[2025-11-05T06:35:21.252285000Z DEBUG solana_runtime::message_processor::stable_log] Program TokenkegQfeZyiNwAJbNbGKPFXCWuBvf9Ss623VQ5DA consumed 1595 of 194555 compute units
[2025-11-05T06:35:21.252297000Z DEBUG solana_runtime::message_processor::stable_log] Program return: TokenkegQfeZyiNwAJbNbGKPFXCWuBvf9Ss623VQ5DA pQAAAAAAAAA=
[2025-11-05T06:35:21.252307000Z DEBUG solana_runtime::message_processor::stable_log] Program TokenkegQfeZyiNwAJbNbGKPFXCWuBvf9Ss623VQ5DA success
[2025-11-05T06:35:21.252364000Z DEBUG solana_runtime::message_processor::stable_log] Program 11111111111111111111111111111111 invoke [2]
[2025-11-05T06:35:21.252372000Z DEBUG solana_runtime::message_processor::stable_log] Program 11111111111111111111111111111111 success
[2025-11-05T06:35:21.252378000Z DEBUG solana_runtime::message_processor::stable_log] Program log: Initialize the associated token account
[2025-11-05T06:35:21.252395000Z DEBUG solana_runtime::message_processor::stable_log] Program TokenkegQfeZyiNwAJbNbGKPFXCWuBvf9Ss623VQ5DA invoke [2]
[2025-11-05T06:35:21.252419000Z DEBUG solana_runtime::message_processor::stable_log] Program log: Instruction: InitializeImmutableOwner
[2025-11-05T06:35:21.252429000Z DEBUG solana_runtime::message_processor::stable_log] Program log: Please upgrade to SPL Token 2022 for immutable owner support
[2025-11-05T06:35:21.252433000Z DEBUG solana_runtime::message_processor::stable_log] Program TokenkegQfeZyiNwAJbNbGKPFXCWuBvf9Ss623VQ5DA consumed 1405 of 187942 compute units
[2025-11-05T06:35:21.252441000Z DEBUG solana_runtime::message_processor::stable_log] Program TokenkegQfeZyiNwAJbNbGKPFXCWuBvf9Ss623VQ5DA success
[2025-11-05T06:35:21.252474000Z DEBUG solana_runtime::message_processor::stable_log] Program TokenkegQfeZyiNwAJbNbGKPFXCWuBvf9Ss623VQ5DA invoke [2]
[2025-11-05T06:35:21.252501000Z DEBUG solana_runtime::message_processor::stable_log] Program log: Instruction: InitializeAccount3
[2025-11-05T06:35:21.252560000Z DEBUG solana_runtime::message_processor::stable_log] Program TokenkegQfeZyiNwAJbNbGKPFXCWuBvf9Ss623VQ5DA consumed 4214 of 184058 compute units
[2025-11-05T06:35:21.252568000Z DEBUG solana_runtime::message_processor::stable_log] Program TokenkegQfeZyiNwAJbNbGKPFXCWuBvf9Ss623VQ5DA success
[2025-11-05T06:35:21.252580000Z DEBUG solana_runtime::message_processor::stable_log] Program ATokenGPvbdGVxr1b2hvZbsiqW5xWH25efTNsLJA8knL consumed 20460 of 200000 compute units
[2025-11-05T06:35:21.252589000Z DEBUG solana_runtime::message_processor::stable_log] Program ATokenGPvbdGVxr1b2hvZbsiqW5xWH25efTNsLJA8knL success
[2025-11-05T06:35:21.257335000Z DEBUG solana_runtime::message_processor::stable_log] Program TokenkegQfeZyiNwAJbNbGKPFXCWuBvf9Ss623VQ5DA invoke [1]
[2025-11-05T06:35:21.257392000Z DEBUG solana_runtime::message_processor::stable_log] Program log: Instruction: MintTo
[2025-11-05T06:35:21.257451000Z DEBUG solana_runtime::message_processor::stable_log] Program TokenkegQfeZyiNwAJbNbGKPFXCWuBvf9Ss623VQ5DA consumed 4491 of 200000 compute units
[2025-11-05T06:35:21.257462000Z DEBUG solana_runtime::message_processor::stable_log] Program TokenkegQfeZyiNwAJbNbGKPFXCWuBvf9Ss623VQ5DA success
[2025-11-05T06:35:21.274936000Z DEBUG solana_runtime::message_processor::stable_log] Program ASmKWt93JEMHxbdE6j7znD9y2FcdPboCzC3xtSTJvN7S invoke [1]
[2025-11-05T06:35:21.275004000Z DEBUG solana_runtime::message_processor::stable_log] Program log: Instruction: CreateConfig
[2025-11-05T06:35:21.275126000Z DEBUG solana_runtime::message_processor::stable_log] Program 11111111111111111111111111111111 invoke [2]
[2025-11-05T06:35:21.275134000Z DEBUG solana_runtime::message_processor::stable_log] Program 11111111111111111111111111111111 success
[2025-11-05T06:35:21.275242000Z DEBUG solana_runtime::message_processor::stable_log] Program ASmKWt93JEMHxbdE6j7znD9y2FcdPboCzC3xtSTJvN7S invoke [2]
[2025-11-05T06:35:21.275288000Z DEBUG solana_runtime::message_processor::stable_log] Program ASmKWt93JEMHxbdE6j7znD9y2FcdPboCzC3xtSTJvN7S consumed 2069 of 184595 compute units
[2025-11-05T06:35:21.275298000Z DEBUG solana_runtime::message_processor::stable_log] Program ASmKWt93JEMHxbdE6j7znD9y2FcdPboCzC3xtSTJvN7S success
[2025-11-05T06:35:21.275315000Z DEBUG solana_runtime::message_processor::stable_log] Program ASmKWt93JEMHxbdE6j7znD9y2FcdPboCzC3xtSTJvN7S consumed 17779 of 200000 compute units
[2025-11-05T06:35:21.275326000Z DEBUG solana_runtime::message_processor::stable_log] Program ASmKWt93JEMHxbdE6j7znD9y2FcdPboCzC3xtSTJvN7S success
[2025-11-05T06:35:21.321764000Z DEBUG solana_runtime::message_processor::stable_log] Program ASmKWt93JEMHxbdE6j7znD9y2FcdPboCzC3xtSTJvN7S invoke [1]
[2025-11-05T06:35:21.321905000Z DEBUG solana_runtime::message_processor::stable_log] Program log: Instruction: InitializePool
[2025-11-05T06:35:21.322057000Z DEBUG solana_runtime::message_processor::stable_log] Program 11111111111111111111111111111111 invoke [2]
[2025-11-05T06:35:21.322069000Z DEBUG solana_runtime::message_processor::stable_log] Program 11111111111111111111111111111111 success
[2025-11-05T06:35:21.322108000Z DEBUG solana_runtime::message_processor::stable_log] Program TokenzQdBNbLqP5VEhdkAS6EPFLC1PHnBqCXEpPxuEb invoke [2]
[2025-11-05T06:35:21.322160000Z DEBUG solana_runtime::message_processor::stable_log] Program log: MetadataPointerInstruction::Initialize
[2025-11-05T06:35:21.322198000Z DEBUG solana_runtime::message_processor::stable_log] Program TokenzQdBNbLqP5VEhdkAS6EPFLC1PHnBqCXEpPxuEb consumed 2442 of 334963 compute units
[2025-11-05T06:35:21.322208000Z DEBUG solana_runtime::message_processor::stable_log] Program TokenzQdBNbLqP5VEhdkAS6EPFLC1PHnBqCXEpPxuEb success
[2025-11-05T06:35:21.322242000Z DEBUG solana_runtime::message_processor::stable_log] Program TokenzQdBNbLqP5VEhdkAS6EPFLC1PHnBqCXEpPxuEb invoke [2]
[2025-11-05T06:35:21.322269000Z DEBUG solana_runtime::message_processor::stable_log] Program log: Instruction: InitializeMintCloseAuthority
[2025-11-05T06:35:21.322304000Z DEBUG solana_runtime::message_processor::stable_log] Program TokenzQdBNbLqP5VEhdkAS6EPFLC1PHnBqCXEpPxuEb consumed 2570 of 330543 compute units
[2025-11-05T06:35:21.322314000Z DEBUG solana_runtime::message_processor::stable_log] Program TokenzQdBNbLqP5VEhdkAS6EPFLC1PHnBqCXEpPxuEb success
[2025-11-05T06:35:21.322347000Z DEBUG solana_runtime::message_processor::stable_log] Program TokenzQdBNbLqP5VEhdkAS6EPFLC1PHnBqCXEpPxuEb invoke [2]
[2025-11-05T06:35:21.322375000Z DEBUG solana_runtime::message_processor::stable_log] Program log: Instruction: InitializeMint2
[2025-11-05T06:35:21.322453000Z DEBUG solana_runtime::message_processor::stable_log] Program TokenzQdBNbLqP5VEhdkAS6EPFLC1PHnBqCXEpPxuEb consumed 4078 of 326031 compute units
[2025-11-05T06:35:21.322463000Z DEBUG solana_runtime::message_processor::stable_log] Program TokenzQdBNbLqP5VEhdkAS6EPFLC1PHnBqCXEpPxuEb success
[2025-11-05T06:35:21.322624000Z DEBUG solana_runtime::message_processor::stable_log] Program 11111111111111111111111111111111 invoke [2]
[2025-11-05T06:35:21.322629000Z DEBUG solana_runtime::message_processor::stable_log] Program 11111111111111111111111111111111 success
[2025-11-05T06:35:21.322661000Z DEBUG solana_runtime::message_processor::stable_log] Program TokenzQdBNbLqP5VEhdkAS6EPFLC1PHnBqCXEpPxuEb invoke [2]
[2025-11-05T06:35:21.322690000Z DEBUG solana_runtime::message_processor::stable_log] Program log: Instruction: InitializeAccount3
[2025-11-05T06:35:21.322773000Z DEBUG solana_runtime::message_processor::stable_log] Program TokenzQdBNbLqP5VEhdkAS6EPFLC1PHnBqCXEpPxuEb consumed 5137 of 307847 compute units
[2025-11-05T06:35:21.322781000Z DEBUG solana_runtime::message_processor::stable_log] Program TokenzQdBNbLqP5VEhdkAS6EPFLC1PHnBqCXEpPxuEb success
[2025-11-05T06:35:21.322891000Z DEBUG solana_runtime::message_processor::stable_log] Program 11111111111111111111111111111111 invoke [2]
[2025-11-05T06:35:21.322896000Z DEBUG solana_runtime::message_processor::stable_log] Program 11111111111111111111111111111111 success
[2025-11-05T06:35:21.322985000Z DEBUG solana_runtime::message_processor::stable_log] Program 11111111111111111111111111111111 invoke [2]
[2025-11-05T06:35:21.322989000Z DEBUG solana_runtime::message_processor::stable_log] Program 11111111111111111111111111111111 success
[2025-11-05T06:35:21.323062000Z DEBUG solana_runtime::message_processor::stable_log] Program 11111111111111111111111111111111 invoke [2]
[2025-11-05T06:35:21.323066000Z DEBUG solana_runtime::message_processor::stable_log] Program 11111111111111111111111111111111 success
[2025-11-05T06:35:21.323096000Z DEBUG solana_runtime::message_processor::stable_log] Program TokenkegQfeZyiNwAJbNbGKPFXCWuBvf9Ss623VQ5DA invoke [2]
[2025-11-05T06:35:21.323145000Z DEBUG solana_runtime::message_processor::stable_log] Program log: Instruction: InitializeAccount3
[2025-11-05T06:35:21.323209000Z DEBUG solana_runtime::message_processor::stable_log] Program TokenkegQfeZyiNwAJbNbGKPFXCWuBvf9Ss623VQ5DA consumed 4214 of 281248 compute units
[2025-11-05T06:35:21.323218000Z DEBUG solana_runtime::message_processor::stable_log] Program TokenkegQfeZyiNwAJbNbGKPFXCWuBvf9Ss623VQ5DA success
[2025-11-05T06:35:21.323335000Z DEBUG solana_runtime::message_processor::stable_log] Program 11111111111111111111111111111111 invoke [2]
[2025-11-05T06:35:21.323339000Z DEBUG solana_runtime::message_processor::stable_log] Program 11111111111111111111111111111111 success
[2025-11-05T06:35:21.323375000Z DEBUG solana_runtime::message_processor::stable_log] Program TokenkegQfeZyiNwAJbNbGKPFXCWuBvf9Ss623VQ5DA invoke [2]
[2025-11-05T06:35:21.323420000Z DEBUG solana_runtime::message_processor::stable_log] Program log: Instruction: InitializeAccount3
[2025-11-05T06:35:21.323485000Z DEBUG solana_runtime::message_processor::stable_log] Program TokenkegQfeZyiNwAJbNbGKPFXCWuBvf9Ss623VQ5DA consumed 4214 of 265109 compute units
[2025-11-05T06:35:21.323495000Z DEBUG solana_runtime::message_processor::stable_log] Program TokenkegQfeZyiNwAJbNbGKPFXCWuBvf9Ss623VQ5DA success
[2025-11-05T06:35:21.323765000Z DEBUG solana_runtime::message_processor::stable_log] Program TokenzQdBNbLqP5VEhdkAS6EPFLC1PHnBqCXEpPxuEb invoke [2]
[2025-11-05T06:35:21.323825000Z DEBUG solana_runtime::message_processor::stable_log] Program log: TokenMetadataInstruction: Initialize
[2025-11-05T06:35:21.323957000Z DEBUG solana_runtime::message_processor::stable_log] Program TokenzQdBNbLqP5VEhdkAS6EPFLC1PHnBqCXEpPxuEb consumed 9900 of 248607 compute units
[2025-11-05T06:35:21.323966000Z DEBUG solana_runtime::message_processor::stable_log] Program TokenzQdBNbLqP5VEhdkAS6EPFLC1PHnBqCXEpPxuEb success
[2025-11-05T06:35:21.324011000Z DEBUG solana_runtime::message_processor::stable_log] Program 11111111111111111111111111111111 invoke [2]
[2025-11-05T06:35:21.324015000Z DEBUG solana_runtime::message_processor::stable_log] Program 11111111111111111111111111111111 success
[2025-11-05T06:35:21.324058000Z DEBUG solana_runtime::message_processor::stable_log] Program TokenzQdBNbLqP5VEhdkAS6EPFLC1PHnBqCXEpPxuEb invoke [2]
[2025-11-05T06:35:21.324092000Z DEBUG solana_runtime::message_processor::stable_log] Program log: Instruction: MintTo
[2025-11-05T06:35:21.324171000Z DEBUG solana_runtime::message_processor::stable_log] Program TokenzQdBNbLqP5VEhdkAS6EPFLC1PHnBqCXEpPxuEb consumed 5540 of 233645 compute units
[2025-11-05T06:35:21.324180000Z DEBUG solana_runtime::message_processor::stable_log] Program TokenzQdBNbLqP5VEhdkAS6EPFLC1PHnBqCXEpPxuEb success
[2025-11-05T06:35:21.324234000Z DEBUG solana_runtime::message_processor::stable_log] Program ASmKWt93JEMHxbdE6j7znD9y2FcdPboCzC3xtSTJvN7S invoke [2]
[2025-11-05T06:35:21.324271000Z DEBUG solana_runtime::message_processor::stable_log] Program ASmKWt93JEMHxbdE6j7znD9y2FcdPboCzC3xtSTJvN7S consumed 2069 of 225040 compute units
[2025-11-05T06:35:21.324280000Z DEBUG solana_runtime::message_processor::stable_log] Program ASmKWt93JEMHxbdE6j7znD9y2FcdPboCzC3xtSTJvN7S success
[2025-11-05T06:35:21.324330000Z DEBUG solana_runtime::message_processor::stable_log] Program TokenkegQfeZyiNwAJbNbGKPFXCWuBvf9Ss623VQ5DA invoke [2]
[2025-11-05T06:35:21.324379000Z DEBUG solana_runtime::message_processor::stable_log] Program log: Instruction: TransferChecked
[2025-11-05T06:35:21.324463000Z DEBUG solana_runtime::message_processor::stable_log] Program TokenkegQfeZyiNwAJbNbGKPFXCWuBvf9Ss623VQ5DA consumed 6174 of 220427 compute units
[2025-11-05T06:35:21.324472000Z DEBUG solana_runtime::message_processor::stable_log] Program TokenkegQfeZyiNwAJbNbGKPFXCWuBvf9Ss623VQ5DA success
[2025-11-05T06:35:21.324517000Z DEBUG solana_runtime::message_processor::stable_log] Program TokenkegQfeZyiNwAJbNbGKPFXCWuBvf9Ss623VQ5DA invoke [2]
[2025-11-05T06:35:21.324551000Z DEBUG solana_runtime::message_processor::stable_log] Program log: Instruction: TransferChecked
[2025-11-05T06:35:21.324625000Z DEBUG solana_runtime::message_processor::stable_log] Program TokenkegQfeZyiNwAJbNbGKPFXCWuBvf9Ss623VQ5DA consumed 6174 of 211843 compute units
[2025-11-05T06:35:21.324634000Z DEBUG solana_runtime::message_processor::stable_log] Program TokenkegQfeZyiNwAJbNbGKPFXCWuBvf9Ss623VQ5DA success
[2025-11-05T06:35:21.324725000Z DEBUG solana_runtime::message_processor::stable_log] Program ASmKWt93JEMHxbdE6j7znD9y2FcdPboCzC3xtSTJvN7S invoke [2]
[2025-11-05T06:35:21.324766000Z DEBUG solana_runtime::message_processor::stable_log] Program ASmKWt93JEMHxbdE6j7znD9y2FcdPboCzC3xtSTJvN7S consumed 2069 of 200588 compute units
[2025-11-05T06:35:21.324775000Z DEBUG solana_runtime::message_processor::stable_log] Program ASmKWt93JEMHxbdE6j7znD9y2FcdPboCzC3xtSTJvN7S success
[2025-11-05T06:35:21.324802000Z DEBUG solana_runtime::message_processor::stable_log] Program ASmKWt93JEMHxbdE6j7znD9y2FcdPboCzC3xtSTJvN7S consumed 152275 of 350000 compute units
[2025-11-05T06:35:21.324815000Z DEBUG solana_runtime::message_processor::stable_log] Program ASmKWt93JEMHxbdE6j7znD9y2FcdPboCzC3xtSTJvN7S success
[2025-11-05T06:35:21.324825000Z DEBUG solana_runtime::message_processor::stable_log] Program ComputeBudget111111111111111111111111111111 invoke [1]
[2025-11-05T06:35:21.324832000Z DEBUG solana_runtime::message_processor::stable_log] Program ComputeBudget111111111111111111111111111111 success
[2025-11-05T06:35:21.355944000Z DEBUG solana_runtime::message_processor::stable_log] Program 5B57SJ3g2YoNXUpsZqqjEQkRSxyKtVTQRXdgAirz6bio invoke [1]
[2025-11-05T06:35:21.356065000Z DEBUG solana_runtime::message_processor::stable_log] Program log: Instruction: InitializeHonoraryPosition
[2025-11-05T06:35:21.356242000Z DEBUG solana_runtime::message_processor::stable_log] Program 11111111111111111111111111111111 invoke [2]
[2025-11-05T06:35:21.356251000Z DEBUG solana_runtime::message_processor::stable_log] Program 11111111111111111111111111111111 success
[2025-11-05T06:35:21.356349000Z DEBUG solana_runtime::message_processor::stable_log] Program 11111111111111111111111111111111 invoke [2]
[2025-11-05T06:35:21.356352000Z DEBUG solana_runtime::message_processor::stable_log] Program 11111111111111111111111111111111 success
[2025-11-05T06:35:21.356385000Z DEBUG solana_runtime::message_processor::stable_log] Program TokenkegQfeZyiNwAJbNbGKPFXCWuBvf9Ss623VQ5DA invoke [2]
[2025-11-05T06:35:21.356422000Z DEBUG solana_runtime::message_processor::stable_log] Program log: Instruction: InitializeAccount3
[2025-11-05T06:35:21.356682000Z DEBUG solana_runtime::message_processor::stable_log] Program TokenkegQfeZyiNwAJbNbGKPFXCWuBvf9Ss623VQ5DA consumed 4214 of 177112 compute units
[2025-11-05T06:35:21.356699000Z DEBUG solana_runtime::message_processor::stable_log] Program TokenkegQfeZyiNwAJbNbGKPFXCWuBvf9Ss623VQ5DA success
[2025-11-05T06:35:21.356893000Z DEBUG solana_runtime::message_processor::stable_log] Program 11111111111111111111111111111111 invoke [2]
[2025-11-05T06:35:21.356899000Z DEBUG solana_runtime::message_processor::stable_log] Program 11111111111111111111111111111111 success
[2025-11-05T06:35:21.356931000Z DEBUG solana_runtime::message_processor::stable_log] Program TokenkegQfeZyiNwAJbNbGKPFXCWuBvf9Ss623VQ5DA invoke [2]
[2025-11-05T06:35:21.356965000Z DEBUG solana_runtime::message_processor::stable_log] Program log: Instruction: InitializeAccount3
[2025-11-05T06:35:21.357026000Z DEBUG solana_runtime::message_processor::stable_log] Program TokenkegQfeZyiNwAJbNbGKPFXCWuBvf9Ss623VQ5DA consumed 4214 of 160976 compute units
[2025-11-05T06:35:21.357034000Z DEBUG solana_runtime::message_processor::stable_log] Program TokenkegQfeZyiNwAJbNbGKPFXCWuBvf9Ss623VQ5DA success
[2025-11-05T06:35:21.357095000Z DEBUG solana_runtime::message_processor::stable_log] Program log: Creating honorary position through CP-AMM CPI
[2025-11-05T06:35:21.357180000Z DEBUG solana_runtime::message_processor::stable_log] Program ASmKWt93JEMHxbdE6j7znD9y2FcdPboCzC3xtSTJvN7S invoke [2]
[2025-11-05T06:35:21.357265000Z DEBUG solana_runtime::message_processor::stable_log] Program log: Instruction: CreatePosition
[2025-11-05T06:35:21.357342000Z DEBUG solana_runtime::message_processor::stable_log] Program 11111111111111111111111111111111 invoke [3]
[2025-11-05T06:35:21.357348000Z DEBUG solana_runtime::message_processor::stable_log] Program 11111111111111111111111111111111 success
[2025-11-05T06:35:21.357386000Z DEBUG solana_runtime::message_processor::stable_log] Program TokenzQdBNbLqP5VEhdkAS6EPFLC1PHnBqCXEpPxuEb invoke [3]
[2025-11-05T06:35:21.357424000Z DEBUG solana_runtime::message_processor::stable_log] Program log: MetadataPointerInstruction::Initialize
[2025-11-05T06:35:21.357465000Z DEBUG solana_runtime::message_processor::stable_log] Program TokenzQdBNbLqP5VEhdkAS6EPFLC1PHnBqCXEpPxuEb consumed 2442 of 135670 compute units
[2025-11-05T06:35:21.357474000Z DEBUG solana_runtime::message_processor::stable_log] Program TokenzQdBNbLqP5VEhdkAS6EPFLC1PHnBqCXEpPxuEb success
[2025-11-05T06:35:21.357506000Z DEBUG solana_runtime::message_processor::stable_log] Program TokenzQdBNbLqP5VEhdkAS6EPFLC1PHnBqCXEpPxuEb invoke [3]
[2025-11-05T06:35:21.357528000Z DEBUG solana_runtime::message_processor::stable_log] Program log: Instruction: InitializeMintCloseAuthority
[2025-11-05T06:35:21.357563000Z DEBUG solana_runtime::message_processor::stable_log] Program TokenzQdBNbLqP5VEhdkAS6EPFLC1PHnBqCXEpPxuEb consumed 2570 of 131250 compute units
[2025-11-05T06:35:21.357571000Z DEBUG solana_runtime::message_processor::stable_log] Program TokenzQdBNbLqP5VEhdkAS6EPFLC1PHnBqCXEpPxuEb success
[2025-11-05T06:35:21.357603000Z DEBUG solana_runtime::message_processor::stable_log] Program TokenzQdBNbLqP5VEhdkAS6EPFLC1PHnBqCXEpPxuEb invoke [3]
[2025-11-05T06:35:21.357627000Z DEBUG solana_runtime::message_processor::stable_log] Program log: Instruction: InitializeMint2
[2025-11-05T06:35:21.357693000Z DEBUG solana_runtime::message_processor::stable_log] Program TokenzQdBNbLqP5VEhdkAS6EPFLC1PHnBqCXEpPxuEb consumed 4078 of 126737 compute units
[2025-11-05T06:35:21.357701000Z DEBUG solana_runtime::message_processor::stable_log] Program TokenzQdBNbLqP5VEhdkAS6EPFLC1PHnBqCXEpPxuEb success
[2025-11-05T06:35:21.357854000Z DEBUG solana_runtime::message_processor::stable_log] Program 11111111111111111111111111111111 invoke [3]
[2025-11-05T06:35:21.357858000Z DEBUG solana_runtime::message_processor::stable_log] Program 11111111111111111111111111111111 success
[2025-11-05T06:35:21.357889000Z DEBUG solana_runtime::message_processor::stable_log] Program TokenzQdBNbLqP5VEhdkAS6EPFLC1PHnBqCXEpPxuEb invoke [3]
[2025-11-05T06:35:21.357916000Z DEBUG solana_runtime::message_processor::stable_log] Program log: Instruction: InitializeAccount3
[2025-11-05T06:35:21.358001000Z DEBUG solana_runtime::message_processor::stable_log] Program TokenzQdBNbLqP5VEhdkAS6EPFLC1PHnBqCXEpPxuEb consumed 5137 of 113053 compute units
[2025-11-05T06:35:21.358009000Z DEBUG solana_runtime::message_processor::stable_log] Program TokenzQdBNbLqP5VEhdkAS6EPFLC1PHnBqCXEpPxuEb success
[2025-11-05T06:35:21.358110000Z DEBUG solana_runtime::message_processor::stable_log] Program 11111111111111111111111111111111 invoke [3]
[2025-11-05T06:35:21.358113000Z DEBUG solana_runtime::message_processor::stable_log] Program 11111111111111111111111111111111 success
[2025-11-05T06:35:21.358224000Z DEBUG solana_runtime::message_processor::stable_log] Program TokenzQdBNbLqP5VEhdkAS6EPFLC1PHnBqCXEpPxuEb invoke [3]
[2025-11-05T06:35:21.358278000Z DEBUG solana_runtime::message_processor::stable_log] Program log: TokenMetadataInstruction: Initialize
[2025-11-05T06:35:21.358412000Z DEBUG solana_runtime::message_processor::stable_log] Program TokenzQdBNbLqP5VEhdkAS6EPFLC1PHnBqCXEpPxuEb consumed 9900 of 94823 compute units
[2025-11-05T06:35:21.358422000Z DEBUG solana_runtime::message_processor::stable_log] Program TokenzQdBNbLqP5VEhdkAS6EPFLC1PHnBqCXEpPxuEb success
[2025-11-05T06:35:21.358467000Z DEBUG solana_runtime::message_processor::stable_log] Program 11111111111111111111111111111111 invoke [3]
[2025-11-05T06:35:21.358470000Z DEBUG solana_runtime::message_processor::stable_log] Program 11111111111111111111111111111111 success
[2025-11-05T06:35:21.358511000Z DEBUG solana_runtime::message_processor::stable_log] Program TokenzQdBNbLqP5VEhdkAS6EPFLC1PHnBqCXEpPxuEb invoke [3]
[2025-11-05T06:35:21.358542000Z DEBUG solana_runtime::message_processor::stable_log] Program log: Instruction: MintTo
[2025-11-05T06:35:21.358622000Z DEBUG solana_runtime::message_processor::stable_log] Program TokenzQdBNbLqP5VEhdkAS6EPFLC1PHnBqCXEpPxuEb consumed 5540 of 79861 compute units
[2025-11-05T06:35:21.358631000Z DEBUG solana_runtime::message_processor::stable_log] Program TokenzQdBNbLqP5VEhdkAS6EPFLC1PHnBqCXEpPxuEb success
[2025-11-05T06:35:21.358686000Z DEBUG solana_runtime::message_processor::stable_log] Program ASmKWt93JEMHxbdE6j7znD9y2FcdPboCzC3xtSTJvN7S invoke [3]
[2025-11-05T06:35:21.358721000Z DEBUG solana_runtime::message_processor::stable_log] Program ASmKWt93JEMHxbdE6j7znD9y2FcdPboCzC3xtSTJvN7S consumed 2069 of 71255 compute units
[2025-11-05T06:35:21.358730000Z DEBUG solana_runtime::message_processor::stable_log] Program ASmKWt93JEMHxbdE6j7znD9y2FcdPboCzC3xtSTJvN7S success
[2025-11-05T06:35:21.358750000Z DEBUG solana_runtime::message_processor::stable_log] Program ASmKWt93JEMHxbdE6j7znD9y2FcdPboCzC3xtSTJvN7S consumed 76100 of 144714 compute units
[2025-11-05T06:35:21.358761000Z DEBUG solana_runtime::message_processor::stable_log] Program ASmKWt93JEMHxbdE6j7znD9y2FcdPboCzC3xtSTJvN7S success
[2025-11-05T06:35:21.358788000Z DEBUG solana_runtime::message_processor::stable_log] Program data: B9TwvmYpSymSZ2BwwvwpE2cyNdvsgXBXc/8evgHjxuxH2sWUsanZ3ziLOnXBI95udT/dTzXpnkLhf/xXrVGynkvCeadHJyTr2rnJm3BjGcNPeQ6aaPLKdpFOPAJwJ2yEGvS+RFZgI5rBpqCgdPr8yycoXQ0TWTMDRZaOIlk9eXvxRAl5q+8rVnkWZSZs4JDrrhD98JTgrVAK5AIm2DsieIMqC2czVgQdKfAKaQAAAAA=
[2025-11-05T06:35:21.358809000Z DEBUG solana_runtime::message_processor::stable_log] Program 5B57SJ3g2YoNXUpsZqqjEQkRSxyKtVTQRXdgAirz6bio consumed 133480 of 200000 compute units
[2025-11-05T06:35:21.358821000Z DEBUG solana_runtime::message_processor::stable_log] Program 5B57SJ3g2YoNXUpsZqqjEQkRSxyKtVTQRXdgAirz6bio success
[2025-11-05T06:35:21.391730000Z DEBUG solana_runtime::message_processor::stable_log] Program 5B57SJ3g2YoNXUpsZqqjEQkRSxyKtVTQRXdgAirz6bio invoke [1]
[2025-11-05T06:35:21.391879000Z DEBUG solana_runtime::message_processor::stable_log] Program log: Instruction: AddHonoraryLiquidity
[2025-11-05T06:35:21.392401000Z DEBUG solana_runtime::message_processor::stable_log] Program log: Adding liquidity to honorary position
[2025-11-05T06:35:21.392503000Z DEBUG solana_runtime::message_processor::stable_log] Program TokenkegQfeZyiNwAJbNbGKPFXCWuBvf9Ss623VQ5DA invoke [2]
[2025-11-05T06:35:21.392571000Z DEBUG solana_runtime::message_processor::stable_log] Program log: Instruction: TransferChecked
[2025-11-05T06:35:21.392666000Z DEBUG solana_runtime::message_processor::stable_log] Program TokenkegQfeZyiNwAJbNbGKPFXCWuBvf9Ss623VQ5DA consumed 6174 of 168243 compute units
[2025-11-05T06:35:21.392679000Z DEBUG solana_runtime::message_processor::stable_log] Program TokenkegQfeZyiNwAJbNbGKPFXCWuBvf9Ss623VQ5DA success
[2025-11-05T06:35:21.392732000Z DEBUG solana_runtime::message_processor::stable_log] Program TokenkegQfeZyiNwAJbNbGKPFXCWuBvf9Ss623VQ5DA invoke [2]
[2025-11-05T06:35:21.392769000Z DEBUG solana_runtime::message_processor::stable_log] Program log: Instruction: TransferChecked
[2025-11-05T06:35:21.392847000Z DEBUG solana_runtime::message_processor::stable_log] Program TokenkegQfeZyiNwAJbNbGKPFXCWuBvf9Ss623VQ5DA consumed 6174 of 159336 compute units
[2025-11-05T06:35:21.392857000Z DEBUG solana_runtime::message_processor::stable_log] Program TokenkegQfeZyiNwAJbNbGKPFXCWuBvf9Ss623VQ5DA success
[2025-11-05T06:35:21.392973000Z DEBUG solana_runtime::message_processor::stable_log] Program ASmKWt93JEMHxbdE6j7znD9y2FcdPboCzC3xtSTJvN7S invoke [2]
[2025-11-05T06:35:21.393066000Z DEBUG solana_runtime::message_processor::stable_log] Program log: Instruction: AddLiquidity
[2025-11-05T06:35:21.393426000Z DEBUG solana_runtime::message_processor::stable_log] Program TokenkegQfeZyiNwAJbNbGKPFXCWuBvf9Ss623VQ5DA invoke [3]
[2025-11-05T06:35:21.393466000Z DEBUG solana_runtime::message_processor::stable_log] Program log: Instruction: TransferChecked
[2025-11-05T06:35:21.393547000Z DEBUG solana_runtime::message_processor::stable_log] Program TokenkegQfeZyiNwAJbNbGKPFXCWuBvf9Ss623VQ5DA consumed 6174 of 120756 compute units
[2025-11-05T06:35:21.393561000Z DEBUG solana_runtime::message_processor::stable_log] Program TokenkegQfeZyiNwAJbNbGKPFXCWuBvf9Ss623VQ5DA success
[2025-11-05T06:35:21.393610000Z DEBUG solana_runtime::message_processor::stable_log] Program TokenkegQfeZyiNwAJbNbGKPFXCWuBvf9Ss623VQ5DA invoke [3]
[2025-11-05T06:35:21.393643000Z DEBUG solana_runtime::message_processor::stable_log] Program log: Instruction: TransferChecked
[2025-11-05T06:35:21.393722000Z DEBUG solana_runtime::message_processor::stable_log] Program TokenkegQfeZyiNwAJbNbGKPFXCWuBvf9Ss623VQ5DA consumed 6174 of 112172 compute units
[2025-11-05T06:35:21.393731000Z DEBUG solana_runtime::message_processor::stable_log] Program TokenkegQfeZyiNwAJbNbGKPFXCWuBvf9Ss623VQ5DA success
[2025-11-05T06:35:21.393788000Z DEBUG solana_runtime::message_processor::stable_log] Program ASmKWt93JEMHxbdE6j7znD9y2FcdPboCzC3xtSTJvN7S invoke [3]
[2025-11-05T06:35:21.393824000Z DEBUG solana_runtime::message_processor::stable_log] Program ASmKWt93JEMHxbdE6j7znD9y2FcdPboCzC3xtSTJvN7S consumed 2069 of 102744 compute units
[2025-11-05T06:35:21.393833000Z DEBUG solana_runtime::message_processor::stable_log] Program ASmKWt93JEMHxbdE6j7znD9y2FcdPboCzC3xtSTJvN7S success
[2025-11-05T06:35:21.393971000Z DEBUG solana_runtime::message_processor::stable_log] Program ASmKWt93JEMHxbdE6j7znD9y2FcdPboCzC3xtSTJvN7S invoke [3]
[2025-11-05T06:35:21.394002000Z DEBUG solana_runtime::message_processor::stable_log] Program ASmKWt93JEMHxbdE6j7znD9y2FcdPboCzC3xtSTJvN7S consumed 2069 of 94241 compute units
[2025-11-05T06:35:21.394011000Z DEBUG solana_runtime::message_processor::stable_log] Program ASmKWt93JEMHxbdE6j7znD9y2FcdPboCzC3xtSTJvN7S success
[2025-11-05T06:35:21.394034000Z DEBUG solana_runtime::message_processor::stable_log] Program ASmKWt93JEMHxbdE6j7znD9y2FcdPboCzC3xtSTJvN7S consumed 50736 of 142267 compute units
[2025-11-05T06:35:21.394044000Z DEBUG solana_runtime::message_processor::stable_log] Program ASmKWt93JEMHxbdE6j7znD9y2FcdPboCzC3xtSTJvN7S success
[2025-11-05T06:35:21.394082000Z DEBUG solana_runtime::message_processor::stable_log] Program log: Successfully added 1844674407370955161600 liquidity to honorary position
[2025-11-05T06:35:21.394095000Z DEBUG solana_runtime::message_processor::stable_log] Program 5B57SJ3g2YoNXUpsZqqjEQkRSxyKtVTQRXdgAirz6bio consumed 110147 of 200000 compute units
[2025-11-05T06:35:21.394107000Z DEBUG solana_runtime::message_processor::stable_log] Program 5B57SJ3g2YoNXUpsZqqjEQkRSxyKtVTQRXdgAirz6bio success
[2025-11-05T06:35:21.402815000Z DEBUG solana_runtime::message_processor::stable_log] Program 5B57SJ3g2YoNXUpsZqqjEQkRSxyKtVTQRXdgAirz6bio invoke [1]
[2025-11-05T06:35:21.402898000Z DEBUG solana_runtime::message_processor::stable_log] Program log: Instruction: SetupPolicy
[2025-11-05T06:35:21.403008000Z DEBUG solana_runtime::message_processor::stable_log] Program 11111111111111111111111111111111 invoke [2]
[2025-11-05T06:35:21.403019000Z DEBUG solana_runtime::message_processor::stable_log] Program 11111111111111111111111111111111 success
[2025-11-05T06:35:21.403121000Z DEBUG solana_runtime::message_processor::stable_log] Program 11111111111111111111111111111111 invoke [2]
[2025-11-05T06:35:21.403126000Z DEBUG solana_runtime::message_processor::stable_log] Program 11111111111111111111111111111111 success
[2025-11-05T06:35:21.403167000Z DEBUG solana_runtime::message_processor::stable_log] Program data: HFXHbHKxoyaSZ2BwwvwpE2cyNdvsgXBXc/8evgHjxuxH2sWUsanZ35POppPlMTbO3TvXY8NlgSt1nawA6FhUdjFFuFDjJsPYiBOAlpgAAAAAAKlBDGkAAAAA
[2025-11-05T06:35:21.403197000Z DEBUG solana_runtime::message_processor::stable_log] Program 5B57SJ3g2YoNXUpsZqqjEQkRSxyKtVTQRXdgAirz6bio consumed 24026 of 200000 compute units
[2025-11-05T06:35:21.403209000Z DEBUG solana_runtime::message_processor::stable_log] Program 5B57SJ3g2YoNXUpsZqqjEQkRSxyKtVTQRXdgAirz6bio success
[2025-11-05T06:35:21.413175000Z DEBUG solana_runtime::message_processor::stable_log] Program 11111111111111111111111111111111 invoke [1]
[2025-11-05T06:35:21.413194000Z DEBUG solana_runtime::message_processor::stable_log] Program 11111111111111111111111111111111 success
  Stream 0: 100% locked, expected locked amount: 2000000, amount_per_period: 5555
[2025-11-05T06:35:21.419075000Z DEBUG solana_runtime::message_processor::stable_log] Program ATokenGPvbdGVxr1b2hvZbsiqW5xWH25efTNsLJA8knL invoke [1]
[2025-11-05T06:35:21.419191000Z DEBUG solana_runtime::message_processor::stable_log] Program log: Create
[2025-11-05T06:35:21.419248000Z DEBUG solana_runtime::message_processor::stable_log] Program TokenkegQfeZyiNwAJbNbGKPFXCWuBvf9Ss623VQ5DA invoke [2]
[2025-11-05T06:35:21.419281000Z DEBUG solana_runtime::message_processor::stable_log] Program log: Instruction: GetAccountDataSize
[2025-11-05T06:35:21.419301000Z DEBUG solana_runtime::message_processor::stable_log] Program TokenkegQfeZyiNwAJbNbGKPFXCWuBvf9Ss623VQ5DA consumed 1595 of 194555 compute units
[2025-11-05T06:35:21.419310000Z DEBUG solana_runtime::message_processor::stable_log] Program return: TokenkegQfeZyiNwAJbNbGKPFXCWuBvf9Ss623VQ5DA pQAAAAAAAAA=
[2025-11-05T06:35:21.419319000Z DEBUG solana_runtime::message_processor::stable_log] Program TokenkegQfeZyiNwAJbNbGKPFXCWuBvf9Ss623VQ5DA success
[2025-11-05T06:35:21.419381000Z DEBUG solana_runtime::message_processor::stable_log] Program 11111111111111111111111111111111 invoke [2]
[2025-11-05T06:35:21.419390000Z DEBUG solana_runtime::message_processor::stable_log] Program 11111111111111111111111111111111 success
[2025-11-05T06:35:21.419397000Z DEBUG solana_runtime::message_processor::stable_log] Program log: Initialize the associated token account
[2025-11-05T06:35:21.419417000Z DEBUG solana_runtime::message_processor::stable_log] Program TokenkegQfeZyiNwAJbNbGKPFXCWuBvf9Ss623VQ5DA invoke [2]
[2025-11-05T06:35:21.419484000Z DEBUG solana_runtime::message_processor::stable_log] Program log: Instruction: InitializeImmutableOwner
[2025-11-05T06:35:21.419510000Z DEBUG solana_runtime::message_processor::stable_log] Program log: Please upgrade to SPL Token 2022 for immutable owner support
[2025-11-05T06:35:21.419514000Z DEBUG solana_runtime::message_processor::stable_log] Program TokenkegQfeZyiNwAJbNbGKPFXCWuBvf9Ss623VQ5DA consumed 1405 of 187942 compute units
[2025-11-05T06:35:21.419523000Z DEBUG solana_runtime::message_processor::stable_log] Program TokenkegQfeZyiNwAJbNbGKPFXCWuBvf9Ss623VQ5DA success
[2025-11-05T06:35:21.419562000Z DEBUG solana_runtime::message_processor::stable_log] Program TokenkegQfeZyiNwAJbNbGKPFXCWuBvf9Ss623VQ5DA invoke [2]
[2025-11-05T06:35:21.419594000Z DEBUG solana_runtime::message_processor::stable_log] Program log: Instruction: InitializeAccount3
[2025-11-05T06:35:21.419656000Z DEBUG solana_runtime::message_processor::stable_log] Program TokenkegQfeZyiNwAJbNbGKPFXCWuBvf9Ss623VQ5DA consumed 4214 of 184058 compute units
[2025-11-05T06:35:21.419665000Z DEBUG solana_runtime::message_processor::stable_log] Program TokenkegQfeZyiNwAJbNbGKPFXCWuBvf9Ss623VQ5DA success
[2025-11-05T06:35:21.419682000Z DEBUG solana_runtime::message_processor::stable_log] Program ATokenGPvbdGVxr1b2hvZbsiqW5xWH25efTNsLJA8knL consumed 20460 of 200000 compute units
[2025-11-05T06:35:21.419693000Z DEBUG solana_runtime::message_processor::stable_log] Program ATokenGPvbdGVxr1b2hvZbsiqW5xWH25efTNsLJA8knL success
[2025-11-05T06:35:21.428863000Z DEBUG solana_runtime::message_processor::stable_log] Program 11111111111111111111111111111111 invoke [1]
[2025-11-05T06:35:21.428878000Z DEBUG solana_runtime::message_processor::stable_log] Program 11111111111111111111111111111111 success
  Stream 1: 100% locked, expected locked amount: 2000000, amount_per_period: 5555
[2025-11-05T06:35:21.433627000Z DEBUG solana_runtime::message_processor::stable_log] Program ATokenGPvbdGVxr1b2hvZbsiqW5xWH25efTNsLJA8knL invoke [1]
[2025-11-05T06:35:21.433715000Z DEBUG solana_runtime::message_processor::stable_log] Program log: Create
[2025-11-05T06:35:21.433770000Z DEBUG solana_runtime::message_processor::stable_log] Program TokenkegQfeZyiNwAJbNbGKPFXCWuBvf9Ss623VQ5DA invoke [2]
[2025-11-05T06:35:21.433803000Z DEBUG solana_runtime::message_processor::stable_log] Program log: Instruction: GetAccountDataSize
[2025-11-05T06:35:21.433822000Z DEBUG solana_runtime::message_processor::stable_log] Program TokenkegQfeZyiNwAJbNbGKPFXCWuBvf9Ss623VQ5DA consumed 1595 of 194555 compute units
[2025-11-05T06:35:21.433831000Z DEBUG solana_runtime::message_processor::stable_log] Program return: TokenkegQfeZyiNwAJbNbGKPFXCWuBvf9Ss623VQ5DA pQAAAAAAAAA=
[2025-11-05T06:35:21.433840000Z DEBUG solana_runtime::message_processor::stable_log] Program TokenkegQfeZyiNwAJbNbGKPFXCWuBvf9Ss623VQ5DA success
[2025-11-05T06:35:21.433904000Z DEBUG solana_runtime::message_processor::stable_log] Program 11111111111111111111111111111111 invoke [2]
[2025-11-05T06:35:21.433914000Z DEBUG solana_runtime::message_processor::stable_log] Program 11111111111111111111111111111111 success
[2025-11-05T06:35:21.433925000Z DEBUG solana_runtime::message_processor::stable_log] Program log: Initialize the associated token account
[2025-11-05T06:35:21.433945000Z DEBUG solana_runtime::message_processor::stable_log] Program TokenkegQfeZyiNwAJbNbGKPFXCWuBvf9Ss623VQ5DA invoke [2]
[2025-11-05T06:35:21.433968000Z DEBUG solana_runtime::message_processor::stable_log] Program log: Instruction: InitializeImmutableOwner
[2025-11-05T06:35:21.433994000Z DEBUG solana_runtime::message_processor::stable_log] Program log: Please upgrade to SPL Token 2022 for immutable owner support
[2025-11-05T06:35:21.434002000Z DEBUG solana_runtime::message_processor::stable_log] Program TokenkegQfeZyiNwAJbNbGKPFXCWuBvf9Ss623VQ5DA consumed 1405 of 187942 compute units
[2025-11-05T06:35:21.434013000Z DEBUG solana_runtime::message_processor::stable_log] Program TokenkegQfeZyiNwAJbNbGKPFXCWuBvf9Ss623VQ5DA success
[2025-11-05T06:35:21.434098000Z DEBUG solana_runtime::message_processor::stable_log] Program TokenkegQfeZyiNwAJbNbGKPFXCWuBvf9Ss623VQ5DA invoke [2]
[2025-11-05T06:35:21.434145000Z DEBUG solana_runtime::message_processor::stable_log] Program log: Instruction: InitializeAccount3
[2025-11-05T06:35:21.434211000Z DEBUG solana_runtime::message_processor::stable_log] Program TokenkegQfeZyiNwAJbNbGKPFXCWuBvf9Ss623VQ5DA consumed 4214 of 184058 compute units
[2025-11-05T06:35:21.434222000Z DEBUG solana_runtime::message_processor::stable_log] Program TokenkegQfeZyiNwAJbNbGKPFXCWuBvf9Ss623VQ5DA success
[2025-11-05T06:35:21.434244000Z DEBUG solana_runtime::message_processor::stable_log] Program ATokenGPvbdGVxr1b2hvZbsiqW5xWH25efTNsLJA8knL consumed 20460 of 200000 compute units
[2025-11-05T06:35:21.434255000Z DEBUG solana_runtime::message_processor::stable_log] Program ATokenGPvbdGVxr1b2hvZbsiqW5xWH25efTNsLJA8knL success
[2025-11-05T06:35:21.444202000Z DEBUG solana_runtime::message_processor::stable_log] Program 11111111111111111111111111111111 invoke [1]
[2025-11-05T06:35:21.444217000Z DEBUG solana_runtime::message_processor::stable_log] Program 11111111111111111111111111111111 success
  Stream 2: 100% locked, expected locked amount: 2000000, amount_per_period: 5555
[2025-11-05T06:35:21.449378000Z DEBUG solana_runtime::message_processor::stable_log] Program ATokenGPvbdGVxr1b2hvZbsiqW5xWH25efTNsLJA8knL invoke [1]
[2025-11-05T06:35:21.449460000Z DEBUG solana_runtime::message_processor::stable_log] Program log: Create
[2025-11-05T06:35:21.449522000Z DEBUG solana_runtime::message_processor::stable_log] Program TokenkegQfeZyiNwAJbNbGKPFXCWuBvf9Ss623VQ5DA invoke [2]
[2025-11-05T06:35:21.449551000Z DEBUG solana_runtime::message_processor::stable_log] Program log: Instruction: GetAccountDataSize
[2025-11-05T06:35:21.449571000Z DEBUG solana_runtime::message_processor::stable_log] Program TokenkegQfeZyiNwAJbNbGKPFXCWuBvf9Ss623VQ5DA consumed 1595 of 193055 compute units
[2025-11-05T06:35:21.449580000Z DEBUG solana_runtime::message_processor::stable_log] Program return: TokenkegQfeZyiNwAJbNbGKPFXCWuBvf9Ss623VQ5DA pQAAAAAAAAA=
[2025-11-05T06:35:21.449589000Z DEBUG solana_runtime::message_processor::stable_log] Program TokenkegQfeZyiNwAJbNbGKPFXCWuBvf9Ss623VQ5DA success
[2025-11-05T06:35:21.449694000Z DEBUG solana_runtime::message_processor::stable_log] Program 11111111111111111111111111111111 invoke [2]
[2025-11-05T06:35:21.449714000Z DEBUG solana_runtime::message_processor::stable_log] Program 11111111111111111111111111111111 success
[2025-11-05T06:35:21.449725000Z DEBUG solana_runtime::message_processor::stable_log] Program log: Initialize the associated token account
[2025-11-05T06:35:21.449756000Z DEBUG solana_runtime::message_processor::stable_log] Program TokenkegQfeZyiNwAJbNbGKPFXCWuBvf9Ss623VQ5DA invoke [2]
[2025-11-05T06:35:21.449792000Z DEBUG solana_runtime::message_processor::stable_log] Program log: Instruction: InitializeImmutableOwner
[2025-11-05T06:35:21.449809000Z DEBUG solana_runtime::message_processor::stable_log] Program log: Please upgrade to SPL Token 2022 for immutable owner support
[2025-11-05T06:35:21.449814000Z DEBUG solana_runtime::message_processor::stable_log] Program TokenkegQfeZyiNwAJbNbGKPFXCWuBvf9Ss623VQ5DA consumed 1405 of 186442 compute units
[2025-11-05T06:35:21.449823000Z DEBUG solana_runtime::message_processor::stable_log] Program TokenkegQfeZyiNwAJbNbGKPFXCWuBvf9Ss623VQ5DA success
[2025-11-05T06:35:21.449862000Z DEBUG solana_runtime::message_processor::stable_log] Program TokenkegQfeZyiNwAJbNbGKPFXCWuBvf9Ss623VQ5DA invoke [2]
[2025-11-05T06:35:21.449895000Z DEBUG solana_runtime::message_processor::stable_log] Program log: Instruction: InitializeAccount3
[2025-11-05T06:35:21.449959000Z DEBUG solana_runtime::message_processor::stable_log] Program TokenkegQfeZyiNwAJbNbGKPFXCWuBvf9Ss623VQ5DA consumed 4214 of 182558 compute units
[2025-11-05T06:35:21.449967000Z DEBUG solana_runtime::message_processor::stable_log] Program TokenkegQfeZyiNwAJbNbGKPFXCWuBvf9Ss623VQ5DA success
[2025-11-05T06:35:21.449982000Z DEBUG solana_runtime::message_processor::stable_log] Program ATokenGPvbdGVxr1b2hvZbsiqW5xWH25efTNsLJA8knL consumed 21960 of 200000 compute units
[2025-11-05T06:35:21.449993000Z DEBUG solana_runtime::message_processor::stable_log] Program ATokenGPvbdGVxr1b2hvZbsiqW5xWH25efTNsLJA8knL success
[2025-11-05T06:35:21.459114000Z DEBUG solana_runtime::message_processor::stable_log] Program 11111111111111111111111111111111 invoke [1]
[2025-11-05T06:35:21.459127000Z DEBUG solana_runtime::message_processor::stable_log] Program 11111111111111111111111111111111 success
  Stream 3: 100% locked, expected locked amount: 2000000, amount_per_period: 5555
[2025-11-05T06:35:21.464546000Z DEBUG solana_runtime::message_processor::stable_log] Program ATokenGPvbdGVxr1b2hvZbsiqW5xWH25efTNsLJA8knL invoke [1]
[2025-11-05T06:35:21.464621000Z DEBUG solana_runtime::message_processor::stable_log] Program log: Create
[2025-11-05T06:35:21.464677000Z DEBUG solana_runtime::message_processor::stable_log] Program TokenkegQfeZyiNwAJbNbGKPFXCWuBvf9Ss623VQ5DA invoke [2]
[2025-11-05T06:35:21.464706000Z DEBUG solana_runtime::message_processor::stable_log] Program log: Instruction: GetAccountDataSize
[2025-11-05T06:35:21.464723000Z DEBUG solana_runtime::message_processor::stable_log] Program TokenkegQfeZyiNwAJbNbGKPFXCWuBvf9Ss623VQ5DA consumed 1595 of 194555 compute units
[2025-11-05T06:35:21.464731000Z DEBUG solana_runtime::message_processor::stable_log] Program return: TokenkegQfeZyiNwAJbNbGKPFXCWuBvf9Ss623VQ5DA pQAAAAAAAAA=
[2025-11-05T06:35:21.464741000Z DEBUG solana_runtime::message_processor::stable_log] Program TokenkegQfeZyiNwAJbNbGKPFXCWuBvf9Ss623VQ5DA success
[2025-11-05T06:35:21.464799000Z DEBUG solana_runtime::message_processor::stable_log] Program 11111111111111111111111111111111 invoke [2]
[2025-11-05T06:35:21.464805000Z DEBUG solana_runtime::message_processor::stable_log] Program 11111111111111111111111111111111 success
[2025-11-05T06:35:21.464811000Z DEBUG solana_runtime::message_processor::stable_log] Program log: Initialize the associated token account
[2025-11-05T06:35:21.464831000Z DEBUG solana_runtime::message_processor::stable_log] Program TokenkegQfeZyiNwAJbNbGKPFXCWuBvf9Ss623VQ5DA invoke [2]
[2025-11-05T06:35:21.464853000Z DEBUG solana_runtime::message_processor::stable_log] Program log: Instruction: InitializeImmutableOwner
[2025-11-05T06:35:21.464865000Z DEBUG solana_runtime::message_processor::stable_log] Program log: Please upgrade to SPL Token 2022 for immutable owner support
[2025-11-05T06:35:21.464868000Z DEBUG solana_runtime::message_processor::stable_log] Program TokenkegQfeZyiNwAJbNbGKPFXCWuBvf9Ss623VQ5DA consumed 1405 of 187942 compute units
[2025-11-05T06:35:21.464877000Z DEBUG solana_runtime::message_processor::stable_log] Program TokenkegQfeZyiNwAJbNbGKPFXCWuBvf9Ss623VQ5DA success
[2025-11-05T06:35:21.464913000Z DEBUG solana_runtime::message_processor::stable_log] Program TokenkegQfeZyiNwAJbNbGKPFXCWuBvf9Ss623VQ5DA invoke [2]
[2025-11-05T06:35:21.464942000Z DEBUG solana_runtime::message_processor::stable_log] Program log: Instruction: InitializeAccount3
[2025-11-05T06:35:21.465001000Z DEBUG solana_runtime::message_processor::stable_log] Program TokenkegQfeZyiNwAJbNbGKPFXCWuBvf9Ss623VQ5DA consumed 4214 of 184058 compute units
[2025-11-05T06:35:21.465010000Z DEBUG solana_runtime::message_processor::stable_log] Program TokenkegQfeZyiNwAJbNbGKPFXCWuBvf9Ss623VQ5DA success
[2025-11-05T06:35:21.465024000Z DEBUG solana_runtime::message_processor::stable_log] Program ATokenGPvbdGVxr1b2hvZbsiqW5xWH25efTNsLJA8knL consumed 20460 of 200000 compute units
[2025-11-05T06:35:21.465033000Z DEBUG solana_runtime::message_processor::stable_log] Program ATokenGPvbdGVxr1b2hvZbsiqW5xWH25efTNsLJA8knL success
[2025-11-05T06:35:21.474450000Z DEBUG solana_runtime::message_processor::stable_log] Program 11111111111111111111111111111111 invoke [1]
[2025-11-05T06:35:21.474465000Z DEBUG solana_runtime::message_processor::stable_log] Program 11111111111111111111111111111111 success
  Stream 4: 100% locked, expected locked amount: 2000000, amount_per_period: 5555
[2025-11-05T06:35:21.479311000Z DEBUG solana_runtime::message_processor::stable_log] Program ATokenGPvbdGVxr1b2hvZbsiqW5xWH25efTNsLJA8knL invoke [1]
[2025-11-05T06:35:21.479390000Z DEBUG solana_runtime::message_processor::stable_log] Program log: Create
[2025-11-05T06:35:21.479471000Z DEBUG solana_runtime::message_processor::stable_log] Program TokenkegQfeZyiNwAJbNbGKPFXCWuBvf9Ss623VQ5DA invoke [2]
[2025-11-05T06:35:21.479508000Z DEBUG solana_runtime::message_processor::stable_log] Program log: Instruction: GetAccountDataSize
[2025-11-05T06:35:21.479528000Z DEBUG solana_runtime::message_processor::stable_log] Program TokenkegQfeZyiNwAJbNbGKPFXCWuBvf9Ss623VQ5DA consumed 1595 of 193055 compute units
[2025-11-05T06:35:21.479537000Z DEBUG solana_runtime::message_processor::stable_log] Program return: TokenkegQfeZyiNwAJbNbGKPFXCWuBvf9Ss623VQ5DA pQAAAAAAAAA=
[2025-11-05T06:35:21.479547000Z DEBUG solana_runtime::message_processor::stable_log] Program TokenkegQfeZyiNwAJbNbGKPFXCWuBvf9Ss623VQ5DA success
[2025-11-05T06:35:21.479607000Z DEBUG solana_runtime::message_processor::stable_log] Program 11111111111111111111111111111111 invoke [2]
[2025-11-05T06:35:21.479614000Z DEBUG solana_runtime::message_processor::stable_log] Program 11111111111111111111111111111111 success
[2025-11-05T06:35:21.479621000Z DEBUG solana_runtime::message_processor::stable_log] Program log: Initialize the associated token account
[2025-11-05T06:35:21.479640000Z DEBUG solana_runtime::message_processor::stable_log] Program TokenkegQfeZyiNwAJbNbGKPFXCWuBvf9Ss623VQ5DA invoke [2]
[2025-11-05T06:35:21.479664000Z DEBUG solana_runtime::message_processor::stable_log] Program log: Instruction: InitializeImmutableOwner
[2025-11-05T06:35:21.479676000Z DEBUG solana_runtime::message_processor::stable_log] Program log: Please upgrade to SPL Token 2022 for immutable owner support
[2025-11-05T06:35:21.479679000Z DEBUG solana_runtime::message_processor::stable_log] Program TokenkegQfeZyiNwAJbNbGKPFXCWuBvf9Ss623VQ5DA consumed 1405 of 186442 compute units
[2025-11-05T06:35:21.479688000Z DEBUG solana_runtime::message_processor::stable_log] Program TokenkegQfeZyiNwAJbNbGKPFXCWuBvf9Ss623VQ5DA success
[2025-11-05T06:35:21.479725000Z DEBUG solana_runtime::message_processor::stable_log] Program TokenkegQfeZyiNwAJbNbGKPFXCWuBvf9Ss623VQ5DA invoke [2]
[2025-11-05T06:35:21.479753000Z DEBUG solana_runtime::message_processor::stable_log] Program log: Instruction: InitializeAccount3
[2025-11-05T06:35:21.479815000Z DEBUG solana_runtime::message_processor::stable_log] Program TokenkegQfeZyiNwAJbNbGKPFXCWuBvf9Ss623VQ5DA consumed 4214 of 182558 compute units
[2025-11-05T06:35:21.479824000Z DEBUG solana_runtime::message_processor::stable_log] Program TokenkegQfeZyiNwAJbNbGKPFXCWuBvf9Ss623VQ5DA success
[2025-11-05T06:35:21.479839000Z DEBUG solana_runtime::message_processor::stable_log] Program ATokenGPvbdGVxr1b2hvZbsiqW5xWH25efTNsLJA8knL consumed 21960 of 200000 compute units
[2025-11-05T06:35:21.479849000Z DEBUG solana_runtime::message_processor::stable_log] Program ATokenGPvbdGVxr1b2hvZbsiqW5xWH25efTNsLJA8knL success
[2025-11-05T06:35:21.500876000Z DEBUG solana_runtime::message_processor::stable_log] Program ASmKWt93JEMHxbdE6j7znD9y2FcdPboCzC3xtSTJvN7S invoke [1]
[2025-11-05T06:35:21.500993000Z DEBUG solana_runtime::message_processor::stable_log] Program log: Instruction: Swap
[2025-11-05T06:35:21.501361000Z DEBUG solana_runtime::message_processor::stable_log] Program TokenkegQfeZyiNwAJbNbGKPFXCWuBvf9Ss623VQ5DA invoke [2]
[2025-11-05T06:35:21.501408000Z DEBUG solana_runtime::message_processor::stable_log] Program log: Instruction: TransferChecked
[2025-11-05T06:35:21.501505000Z DEBUG solana_runtime::message_processor::stable_log] Program TokenkegQfeZyiNwAJbNbGKPFXCWuBvf9Ss623VQ5DA consumed 6174 of 177311 compute units
[2025-11-05T06:35:21.501518000Z DEBUG solana_runtime::message_processor::stable_log] Program TokenkegQfeZyiNwAJbNbGKPFXCWuBvf9Ss623VQ5DA success
[2025-11-05T06:35:21.501647000Z DEBUG solana_runtime::message_processor::stable_log] Program TokenkegQfeZyiNwAJbNbGKPFXCWuBvf9Ss623VQ5DA invoke [2]
[2025-11-05T06:35:21.501683000Z DEBUG solana_runtime::message_processor::stable_log] Program log: Instruction: TransferChecked
[2025-11-05T06:35:21.501762000Z DEBUG solana_runtime::message_processor::stable_log] Program TokenkegQfeZyiNwAJbNbGKPFXCWuBvf9Ss623VQ5DA consumed 6174 of 168673 compute units
[2025-11-05T06:35:21.501772000Z DEBUG solana_runtime::message_processor::stable_log] Program TokenkegQfeZyiNwAJbNbGKPFXCWuBvf9Ss623VQ5DA success
[2025-11-05T06:35:21.501884000Z DEBUG solana_runtime::message_processor::stable_log] Program ASmKWt93JEMHxbdE6j7znD9y2FcdPboCzC3xtSTJvN7S invoke [2]
[2025-11-05T06:35:21.501921000Z DEBUG solana_runtime::message_processor::stable_log] Program ASmKWt93JEMHxbdE6j7znD9y2FcdPboCzC3xtSTJvN7S consumed 2069 of 156489 compute units
[2025-11-05T06:35:21.501930000Z DEBUG solana_runtime::message_processor::stable_log] Program ASmKWt93JEMHxbdE6j7znD9y2FcdPboCzC3xtSTJvN7S success
[2025-11-05T06:35:21.501989000Z DEBUG solana_runtime::message_processor::stable_log] Program ASmKWt93JEMHxbdE6j7znD9y2FcdPboCzC3xtSTJvN7S invoke [2]
[2025-11-05T06:35:21.502020000Z DEBUG solana_runtime::message_processor::stable_log] Program ASmKWt93JEMHxbdE6j7znD9y2FcdPboCzC3xtSTJvN7S consumed 2069 of 150791 compute units
[2025-11-05T06:35:21.502029000Z DEBUG solana_runtime::message_processor::stable_log] Program ASmKWt93JEMHxbdE6j7znD9y2FcdPboCzC3xtSTJvN7S success
[2025-11-05T06:35:21.502050000Z DEBUG solana_runtime::message_processor::stable_log] Program ASmKWt93JEMHxbdE6j7znD9y2FcdPboCzC3xtSTJvN7S consumed 51812 of 200000 compute units
[2025-11-05T06:35:21.502060000Z DEBUG solana_runtime::message_processor::stable_log] Program ASmKWt93JEMHxbdE6j7znD9y2FcdPboCzC3xtSTJvN7S success
[2025-11-05T06:35:21.523750000Z DEBUG solana_runtime::message_processor::stable_log] Program ComputeBudget111111111111111111111111111111 invoke [1]
[2025-11-05T06:35:21.523770000Z DEBUG solana_runtime::message_processor::stable_log] Program ComputeBudget111111111111111111111111111111 success
[2025-11-05T06:35:21.523781000Z DEBUG solana_runtime::message_processor::stable_log] Program 5B57SJ3g2YoNXUpsZqqjEQkRSxyKtVTQRXdgAirz6bio invoke [1]
[2025-11-05T06:35:21.523950000Z DEBUG solana_runtime::message_processor::stable_log] Program log: Instruction: CrankDistribution
[2025-11-05T06:35:21.524513000Z DEBUG solana_runtime::message_processor::stable_log] Program log: === DEBUG: Before claiming fees ===
[2025-11-05T06:35:21.524527000Z DEBUG solana_runtime::message_processor::stable_log] Program log: Pool collect_fee_mode: 1
[2025-11-05T06:35:21.524652000Z DEBUG solana_runtime::message_processor::stable_log] Program log: Pool token_a_mint: 348e3Nqy6k8c47iBKNyohvwt6zGD6SUCMZfWvAPybQ8y
[2025-11-05T06:35:21.524779000Z DEBUG solana_runtime::message_processor::stable_log] Program log: Pool token_b_mint: E2w41MFxat1gGthshYuRYpgL73a6LpTZwgcSg61Xkx29
[2025-11-05T06:35:21.524907000Z DEBUG solana_runtime::message_processor::stable_log] Program log: Quote mint: E2w41MFxat1gGthshYuRYpgL73a6LpTZwgcSg61Xkx29
[2025-11-05T06:35:21.525028000Z DEBUG solana_runtime::message_processor::stable_log] Program log: Base mint: 348e3Nqy6k8c47iBKNyohvwt6zGD6SUCMZfWvAPybQ8y
[2025-11-05T06:35:21.525048000Z DEBUG solana_runtime::message_processor::stable_log] Program log: Position unlocked_liquidity: 1844674407370955161600
[2025-11-05T06:35:21.525056000Z DEBUG solana_runtime::message_processor::stable_log] Program log: Position vested_liquidity: 0
[2025-11-05T06:35:21.525064000Z DEBUG solana_runtime::message_processor::stable_log] Program log: Position permanent_locked_liquidity: 0
[2025-11-05T06:35:21.525070000Z DEBUG solana_runtime::message_processor::stable_log] Program log: Position fee_a_pending: 0
[2025-11-05T06:35:21.525076000Z DEBUG solana_runtime::message_processor::stable_log] Program log: Position fee_b_pending: 0
[2025-11-05T06:35:21.525083000Z DEBUG solana_runtime::message_processor::stable_log] Program log: Position fee_a_checkpoint (first 8 bytes): 0
[2025-11-05T06:35:21.525089000Z DEBUG solana_runtime::message_processor::stable_log] Program log: Position fee_b_checkpoint (first 8 bytes): 0
[2025-11-05T06:35:21.525095000Z DEBUG solana_runtime::message_processor::stable_log] Program log: Pool fee_a_per_liquidity (first 8 bytes): 0
[2025-11-05T06:35:21.525101000Z DEBUG solana_runtime::message_processor::stable_log] Program log: Pool fee_b_per_liquidity (first 8 bytes): 0
[2025-11-05T06:35:21.525117000Z DEBUG solana_runtime::message_processor::stable_log] Program log: Pool liquidity: 3689348814741910323200
[2025-11-05T06:35:21.525125000Z DEBUG solana_runtime::message_processor::stable_log] Program log: Treasury quote balance before: 99999999999999999
[2025-11-05T06:35:21.525134000Z DEBUG solana_runtime::message_processor::stable_log] Program log: Treasury base balance before: 99999785255671124
[2025-11-05T06:35:21.525135000Z DEBUG solana_runtime::message_processor::stable_log] Program log: Claiming position fees from CP-AMM
[2025-11-05T06:35:21.525246000Z DEBUG solana_runtime::message_processor::stable_log] Program ASmKWt93JEMHxbdE6j7znD9y2FcdPboCzC3xtSTJvN7S invoke [2]
[2025-11-05T06:35:21.525362000Z DEBUG solana_runtime::message_processor::stable_log] Program log: Instruction: ClaimPositionFee
[2025-11-05T06:35:21.525624000Z DEBUG solana_runtime::message_processor::stable_log] Program TokenkegQfeZyiNwAJbNbGKPFXCWuBvf9Ss623VQ5DA invoke [3]
[2025-11-05T06:35:21.525712000Z DEBUG solana_runtime::message_processor::stable_log] Program log: Instruction: TransferChecked
[2025-11-05T06:35:21.525803000Z DEBUG solana_runtime::message_processor::stable_log] Program TokenkegQfeZyiNwAJbNbGKPFXCWuBvf9Ss623VQ5DA consumed 6174 of 274682 compute units
[2025-11-05T06:35:21.525819000Z DEBUG solana_runtime::message_processor::stable_log] Program TokenkegQfeZyiNwAJbNbGKPFXCWuBvf9Ss623VQ5DA success
[2025-11-05T06:35:21.525868000Z DEBUG solana_runtime::message_processor::stable_log] Program ASmKWt93JEMHxbdE6j7znD9y2FcdPboCzC3xtSTJvN7S invoke [3]
[2025-11-05T06:35:21.525906000Z DEBUG solana_runtime::message_processor::stable_log] Program ASmKWt93JEMHxbdE6j7znD9y2FcdPboCzC3xtSTJvN7S consumed 2069 of 265768 compute units
[2025-11-05T06:35:21.525915000Z DEBUG solana_runtime::message_processor::stable_log] Program ASmKWt93JEMHxbdE6j7znD9y2FcdPboCzC3xtSTJvN7S success
[2025-11-05T06:35:21.525935000Z DEBUG solana_runtime::message_processor::stable_log] Program ASmKWt93JEMHxbdE6j7znD9y2FcdPboCzC3xtSTJvN7S consumed 30035 of 293193 compute units
[2025-11-05T06:35:21.525946000Z DEBUG solana_runtime::message_processor::stable_log] Program ASmKWt93JEMHxbdE6j7znD9y2FcdPboCzC3xtSTJvN7S success
[2025-11-05T06:35:21.525996000Z DEBUG solana_runtime::message_processor::stable_log] Program log: === DEBUG: After claiming fees ===
[2025-11-05T06:35:21.526014000Z DEBUG solana_runtime::message_processor::stable_log] Program log: Treasury quote balance after: 100000000000009999
[2025-11-05T06:35:21.526023000Z DEBUG solana_runtime::message_processor::stable_log] Program log: Treasury base balance after: 99999785255671124
[2025-11-05T06:35:21.526031000Z DEBUG solana_runtime::message_processor::stable_log] Program log: Quote tokens claimed: 10000
[2025-11-05T06:35:21.526040000Z DEBUG solana_runtime::message_processor::stable_log] Program data: fzkUsNcjWliSZ2BwwvwpE2cyNdvsgXBXc/8evgHjxuxH2sWUsanZ3xAnAAAAAAAAqUEMaQAAAAA=
[2025-11-05T06:35:21.526236000Z DEBUG solana_runtime::message_processor::stable_log] Program TokenkegQfeZyiNwAJbNbGKPFXCWuBvf9Ss623VQ5DA invoke [2]
[2025-11-05T06:35:21.526275000Z DEBUG solana_runtime::message_processor::stable_log] Program log: Instruction: TransferChecked
[2025-11-05T06:35:21.526359000Z DEBUG solana_runtime::message_processor::stable_log] Program TokenkegQfeZyiNwAJbNbGKPFXCWuBvf9Ss623VQ5DA consumed 6174 of 248453 compute units
[2025-11-05T06:35:21.526369000Z DEBUG solana_runtime::message_processor::stable_log] Program TokenkegQfeZyiNwAJbNbGKPFXCWuBvf9Ss623VQ5DA success
[2025-11-05T06:35:21.526434000Z DEBUG solana_runtime::message_processor::stable_log] Program TokenkegQfeZyiNwAJbNbGKPFXCWuBvf9Ss623VQ5DA invoke [2]
[2025-11-05T06:35:21.526466000Z DEBUG solana_runtime::message_processor::stable_log] Program log: Instruction: TransferChecked
[2025-11-05T06:35:21.526540000Z DEBUG solana_runtime::message_processor::stable_log] Program TokenkegQfeZyiNwAJbNbGKPFXCWuBvf9Ss623VQ5DA consumed 6174 of 238892 compute units
[2025-11-05T06:35:21.526549000Z DEBUG solana_runtime::message_processor::stable_log] Program TokenkegQfeZyiNwAJbNbGKPFXCWuBvf9Ss623VQ5DA success
[2025-11-05T06:35:21.526565000Z DEBUG solana_runtime::message_processor::stable_log] Program data: KjXqZeHwy3mSZ2BwwvwpE2cyNdvsgXBXc/8evgHjxuxH2sWUsanZ3wAAAAACAAAAAgAAAKAPAAAAAAAAAAAAAAAAAACpQQxpAAAAAA==
[2025-11-05T06:35:21.526605000Z DEBUG solana_runtime::message_processor::stable_log] Program 5B57SJ3g2YoNXUpsZqqjEQkRSxyKtVTQRXdgAirz6bio consumed 169597 of 399850 compute units
[2025-11-05T06:35:21.526616000Z DEBUG solana_runtime::message_processor::stable_log] Program 5B57SJ3g2YoNXUpsZqqjEQkRSxyKtVTQRXdgAirz6bio success
After page 0: distributed = 4000
[2025-11-05T06:35:21.546479000Z DEBUG solana_runtime::message_processor::stable_log] Program ComputeBudget111111111111111111111111111111 invoke [1]
[2025-11-05T06:35:21.546496000Z DEBUG solana_runtime::message_processor::stable_log] Program ComputeBudget111111111111111111111111111111 success
[2025-11-05T06:35:21.546509000Z DEBUG solana_runtime::message_processor::stable_log] Program 5B57SJ3g2YoNXUpsZqqjEQkRSxyKtVTQRXdgAirz6bio invoke [1]
[2025-11-05T06:35:21.546640000Z DEBUG solana_runtime::message_processor::stable_log] Program log: Instruction: CrankDistribution
[2025-11-05T06:35:21.547132000Z DEBUG solana_runtime::message_processor::stable_log] Program TokenkegQfeZyiNwAJbNbGKPFXCWuBvf9Ss623VQ5DA invoke [2]
[2025-11-05T06:35:21.547180000Z DEBUG solana_runtime::message_processor::stable_log] Program log: Instruction: TransferChecked
[2025-11-05T06:35:21.547266000Z DEBUG solana_runtime::message_processor::stable_log] Program TokenkegQfeZyiNwAJbNbGKPFXCWuBvf9Ss623VQ5DA consumed 6174 of 363707 compute units
[2025-11-05T06:35:21.547277000Z DEBUG solana_runtime::message_processor::stable_log] Program TokenkegQfeZyiNwAJbNbGKPFXCWuBvf9Ss623VQ5DA success
[2025-11-05T06:35:21.547300000Z DEBUG solana_runtime::message_processor::stable_log] Program data: jhY1V/E9sS2SZ2BwwvwpE2cyNdvsgXBXc/8evgHjxuxH2sWUsanZ33AXAAAAAAAAoA8AAAAAAACpQQxpAAAAAA==
[2025-11-05T06:35:21.547310000Z DEBUG solana_runtime::message_processor::stable_log] Program data: KjXqZeHwy3mSZ2BwwvwpE2cyNdvsgXBXc/8evgHjxuxH2sWUsanZ3wIAAAACAAAAAAAAAAAAAAAAAAAAAAAAAAAAAACpQQxpAAAAAA==
[2025-11-05T06:35:21.547345000Z DEBUG solana_runtime::message_processor::stable_log] Program 5B57SJ3g2YoNXUpsZqqjEQkRSxyKtVTQRXdgAirz6bio consumed 44972 of 399850 compute units
[2025-11-05T06:35:21.547356000Z DEBUG solana_runtime::message_processor::stable_log] Program 5B57SJ3g2YoNXUpsZqqjEQkRSxyKtVTQRXdgAirz6bio success
After page 1: distributed = 4000
[2025-11-05T06:35:21.567536000Z DEBUG solana_runtime::message_processor::stable_log] Program ComputeBudget111111111111111111111111111111 invoke [1]
[2025-11-05T06:35:21.567559000Z DEBUG solana_runtime::message_processor::stable_log] Program ComputeBudget111111111111111111111111111111 success
[2025-11-05T06:35:21.567568000Z DEBUG solana_runtime::message_processor::stable_log] Program 5B57SJ3g2YoNXUpsZqqjEQkRSxyKtVTQRXdgAirz6bio invoke [1]
[2025-11-05T06:35:21.567700000Z DEBUG solana_runtime::message_processor::stable_log] Program log: Instruction: CrankDistribution
[2025-11-05T06:35:21.568094000Z DEBUG solana_runtime::message_processor::stable_log] Program log: AnchorError thrown in programs/fee_router/src/instructions/crank_distribution.rs:150. Error Code: CrankWindowNotReached. Error Number: 12002. Error Message: 24-hour crank window not reached - distribution too early.
[2025-11-05T06:35:21.568112000Z DEBUG solana_runtime::message_processor::stable_log] Program 5B57SJ3g2YoNXUpsZqqjEQkRSxyKtVTQRXdgAirz6bio consumed 35363 of 399850 compute units
[2025-11-05T06:35:21.568123000Z DEBUG solana_runtime::message_processor::stable_log] Program 5B57SJ3g2YoNXUpsZqqjEQkRSxyKtVTQRXdgAirz6bio failed: custom program error: 0x2ee2
      1) Should accumulate dust across pages and pay out when threshold met
    7. 24-Hour Window Enforcement
[2025-11-05T06:35:21.576795000Z INFO  solana_program_test] "cp_amm" SBF program from ./target/deploy/cp_amm.so, modified 24 minutes, 28 seconds, 924 ms, 109 µs and 203 ns ago
[2025-11-05T06:35:21.576992000Z INFO  solana_program_test] "fee_router" SBF program from ./target/deploy/fee_router.so, modified 31 seconds, 661 ms, 251 µs and 331 ns ago
[2025-11-05T06:35:21.577163000Z INFO  solana_program_test] "transfer_hook_counter" SBF program from tests/fixtures/transfer_hook_counter.so, modified 3 weeks, 22 hours, 58 minutes, 56 seconds, 402 ms, 761 µs and 196 ns ago
[2025-11-05T06:35:21.577391000Z INFO  solana_program_test] "alpha_vault" SBF program from tests/fixtures/alpha_vault.so, modified 3 weeks, 22 hours, 58 minutes, 56 seconds, 403 ms, 678 µs and 72 ns ago
[2025-11-05T06:35:21.577671000Z INFO  solana_program_test] "streamflow" SBF program from tests/fixtures/streamflow.so, modified 3 weeks, 6 hours, 59 minutes, 6 seconds, 288 ms, 586 µs and 387 ns ago
[2025-11-05T06:35:21.577949000Z INFO  solana_program_test] "cp_amm" SBF program from ./target/deploy/cp_amm.so, modified 24 minutes, 28 seconds, 925 ms, 268 µs and 203 ns ago
[2025-11-05T06:35:21.578083000Z INFO  solana_program_test] "fee_router" SBF program from ./target/deploy/fee_router.so, modified 31 seconds, 662 ms, 342 µs and 331 ns ago
[2025-11-05T06:35:21.595234000Z INFO  solana_program_test] Overriding account at ASmKWt93JEMHxbdE6j7znD9y2FcdPboCzC3xtSTJvN7S
[2025-11-05T06:35:21.595251000Z INFO  solana_program_test] Overriding account at 5B57SJ3g2YoNXUpsZqqjEQkRSxyKtVTQRXdgAirz6bio
[2025-11-05T06:35:21.606556000Z DEBUG solana_runtime::message_processor::stable_log] Program 11111111111111111111111111111111 invoke [1]
[2025-11-05T06:35:21.606569000Z DEBUG solana_runtime::message_processor::stable_log] Program 11111111111111111111111111111111 success
[2025-11-05T06:35:21.611239000Z DEBUG solana_runtime::message_processor::stable_log] Program 11111111111111111111111111111111 invoke [1]
[2025-11-05T06:35:21.611249000Z DEBUG solana_runtime::message_processor::stable_log] Program 11111111111111111111111111111111 success
[2025-11-05T06:35:21.615538000Z DEBUG solana_runtime::message_processor::stable_log] Program 11111111111111111111111111111111 invoke [1]
[2025-11-05T06:35:21.615580000Z DEBUG solana_runtime::message_processor::stable_log] Program 11111111111111111111111111111111 success
[2025-11-05T06:35:21.620046000Z DEBUG solana_runtime::message_processor::stable_log] Program 11111111111111111111111111111111 invoke [1]
[2025-11-05T06:35:21.620089000Z DEBUG solana_runtime::message_processor::stable_log] Program 11111111111111111111111111111111 success
[2025-11-05T06:35:21.629709000Z DEBUG solana_runtime::message_processor::stable_log] Program 11111111111111111111111111111111 invoke [1]
[2025-11-05T06:35:21.629723000Z DEBUG solana_runtime::message_processor::stable_log] Program 11111111111111111111111111111111 success
[2025-11-05T06:35:21.629727000Z DEBUG solana_runtime::message_processor::stable_log] Program TokenkegQfeZyiNwAJbNbGKPFXCWuBvf9Ss623VQ5DA invoke [1]
[2025-11-05T06:35:21.629775000Z DEBUG solana_runtime::message_processor::stable_log] Program log: Instruction: InitializeMint2
[2025-11-05T06:35:21.629809000Z DEBUG solana_runtime::message_processor::stable_log] Program TokenkegQfeZyiNwAJbNbGKPFXCWuBvf9Ss623VQ5DA consumed 2779 of 399850 compute units
[2025-11-05T06:35:21.629818000Z DEBUG solana_runtime::message_processor::stable_log] Program TokenkegQfeZyiNwAJbNbGKPFXCWuBvf9Ss623VQ5DA success
[2025-11-05T06:35:21.638624000Z DEBUG solana_runtime::message_processor::stable_log] Program 11111111111111111111111111111111 invoke [1]
[2025-11-05T06:35:21.638639000Z DEBUG solana_runtime::message_processor::stable_log] Program 11111111111111111111111111111111 success
[2025-11-05T06:35:21.638643000Z DEBUG solana_runtime::message_processor::stable_log] Program TokenkegQfeZyiNwAJbNbGKPFXCWuBvf9Ss623VQ5DA invoke [1]
[2025-11-05T06:35:21.638693000Z DEBUG solana_runtime::message_processor::stable_log] Program log: Instruction: InitializeMint2
[2025-11-05T06:35:21.638727000Z DEBUG solana_runtime::message_processor::stable_log] Program TokenkegQfeZyiNwAJbNbGKPFXCWuBvf9Ss623VQ5DA consumed 2779 of 399850 compute units
[2025-11-05T06:35:21.638737000Z DEBUG solana_runtime::message_processor::stable_log] Program TokenkegQfeZyiNwAJbNbGKPFXCWuBvf9Ss623VQ5DA success
[2025-11-05T06:35:21.644911000Z DEBUG solana_runtime::message_processor::stable_log] Program ATokenGPvbdGVxr1b2hvZbsiqW5xWH25efTNsLJA8knL invoke [1]
[2025-11-05T06:35:21.644984000Z DEBUG solana_runtime::message_processor::stable_log] Program log: Create
[2025-11-05T06:35:21.645046000Z DEBUG solana_runtime::message_processor::stable_log] Program TokenkegQfeZyiNwAJbNbGKPFXCWuBvf9Ss623VQ5DA invoke [2]
[2025-11-05T06:35:21.645079000Z DEBUG solana_runtime::message_processor::stable_log] Program log: Instruction: GetAccountDataSize
[2025-11-05T06:35:21.645096000Z DEBUG solana_runtime::message_processor::stable_log] Program TokenkegQfeZyiNwAJbNbGKPFXCWuBvf9Ss623VQ5DA consumed 1595 of 191555 compute units
[2025-11-05T06:35:21.645104000Z DEBUG solana_runtime::message_processor::stable_log] Program return: TokenkegQfeZyiNwAJbNbGKPFXCWuBvf9Ss623VQ5DA pQAAAAAAAAA=
[2025-11-05T06:35:21.645113000Z DEBUG solana_runtime::message_processor::stable_log] Program TokenkegQfeZyiNwAJbNbGKPFXCWuBvf9Ss623VQ5DA success
[2025-11-05T06:35:21.645167000Z DEBUG solana_runtime::message_processor::stable_log] Program 11111111111111111111111111111111 invoke [2]
[2025-11-05T06:35:21.645312000Z DEBUG solana_runtime::message_processor::stable_log] Program 11111111111111111111111111111111 success
[2025-11-05T06:35:21.645323000Z DEBUG solana_runtime::message_processor::stable_log] Program log: Initialize the associated token account
[2025-11-05T06:35:21.645346000Z DEBUG solana_runtime::message_processor::stable_log] Program TokenkegQfeZyiNwAJbNbGKPFXCWuBvf9Ss623VQ5DA invoke [2]
[2025-11-05T06:35:21.645375000Z DEBUG solana_runtime::message_processor::stable_log] Program log: Instruction: InitializeImmutableOwner
[2025-11-05T06:35:21.645385000Z DEBUG solana_runtime::message_processor::stable_log] Program log: Please upgrade to SPL Token 2022 for immutable owner support
[2025-11-05T06:35:21.645389000Z DEBUG solana_runtime::message_processor::stable_log] Program TokenkegQfeZyiNwAJbNbGKPFXCWuBvf9Ss623VQ5DA consumed 1405 of 184942 compute units
[2025-11-05T06:35:21.645397000Z DEBUG solana_runtime::message_processor::stable_log] Program TokenkegQfeZyiNwAJbNbGKPFXCWuBvf9Ss623VQ5DA success
[2025-11-05T06:35:21.645432000Z DEBUG solana_runtime::message_processor::stable_log] Program TokenkegQfeZyiNwAJbNbGKPFXCWuBvf9Ss623VQ5DA invoke [2]
[2025-11-05T06:35:21.645461000Z DEBUG solana_runtime::message_processor::stable_log] Program log: Instruction: InitializeAccount3
[2025-11-05T06:35:21.645517000Z DEBUG solana_runtime::message_processor::stable_log] Program TokenkegQfeZyiNwAJbNbGKPFXCWuBvf9Ss623VQ5DA consumed 4214 of 181058 compute units
[2025-11-05T06:35:21.645525000Z DEBUG solana_runtime::message_processor::stable_log] Program TokenkegQfeZyiNwAJbNbGKPFXCWuBvf9Ss623VQ5DA success
[2025-11-05T06:35:21.645537000Z DEBUG solana_runtime::message_processor::stable_log] Program ATokenGPvbdGVxr1b2hvZbsiqW5xWH25efTNsLJA8knL consumed 23460 of 200000 compute units
[2025-11-05T06:35:21.645547000Z DEBUG solana_runtime::message_processor::stable_log] Program ATokenGPvbdGVxr1b2hvZbsiqW5xWH25efTNsLJA8knL success
[2025-11-05T06:35:21.649281000Z DEBUG solana_runtime::message_processor::stable_log] Program TokenkegQfeZyiNwAJbNbGKPFXCWuBvf9Ss623VQ5DA invoke [1]
[2025-11-05T06:35:21.649331000Z DEBUG solana_runtime::message_processor::stable_log] Program log: Instruction: MintTo
[2025-11-05T06:35:21.649417000Z DEBUG solana_runtime::message_processor::stable_log] Program TokenkegQfeZyiNwAJbNbGKPFXCWuBvf9Ss623VQ5DA consumed 4491 of 200000 compute units
[2025-11-05T06:35:21.649428000Z DEBUG solana_runtime::message_processor::stable_log] Program TokenkegQfeZyiNwAJbNbGKPFXCWuBvf9Ss623VQ5DA success
[2025-11-05T06:35:21.655282000Z DEBUG solana_runtime::message_processor::stable_log] Program ATokenGPvbdGVxr1b2hvZbsiqW5xWH25efTNsLJA8knL invoke [1]
[2025-11-05T06:35:21.655351000Z DEBUG solana_runtime::message_processor::stable_log] Program log: Create
[2025-11-05T06:35:21.655414000Z DEBUG solana_runtime::message_processor::stable_log] Program TokenkegQfeZyiNwAJbNbGKPFXCWuBvf9Ss623VQ5DA invoke [2]
[2025-11-05T06:35:21.655444000Z DEBUG solana_runtime::message_processor::stable_log] Program log: Instruction: GetAccountDataSize
[2025-11-05T06:35:21.655463000Z DEBUG solana_runtime::message_processor::stable_log] Program TokenkegQfeZyiNwAJbNbGKPFXCWuBvf9Ss623VQ5DA consumed 1595 of 191555 compute units
[2025-11-05T06:35:21.655471000Z DEBUG solana_runtime::message_processor::stable_log] Program return: TokenkegQfeZyiNwAJbNbGKPFXCWuBvf9Ss623VQ5DA pQAAAAAAAAA=
[2025-11-05T06:35:21.655479000Z DEBUG solana_runtime::message_processor::stable_log] Program TokenkegQfeZyiNwAJbNbGKPFXCWuBvf9Ss623VQ5DA success
[2025-11-05T06:35:21.655534000Z DEBUG solana_runtime::message_processor::stable_log] Program 11111111111111111111111111111111 invoke [2]
[2025-11-05T06:35:21.655543000Z DEBUG solana_runtime::message_processor::stable_log] Program 11111111111111111111111111111111 success
[2025-11-05T06:35:21.655549000Z DEBUG solana_runtime::message_processor::stable_log] Program log: Initialize the associated token account
[2025-11-05T06:35:21.655566000Z DEBUG solana_runtime::message_processor::stable_log] Program TokenkegQfeZyiNwAJbNbGKPFXCWuBvf9Ss623VQ5DA invoke [2]
[2025-11-05T06:35:21.655588000Z DEBUG solana_runtime::message_processor::stable_log] Program log: Instruction: InitializeImmutableOwner
[2025-11-05T06:35:21.655599000Z DEBUG solana_runtime::message_processor::stable_log] Program log: Please upgrade to SPL Token 2022 for immutable owner support
[2025-11-05T06:35:21.655602000Z DEBUG solana_runtime::message_processor::stable_log] Program TokenkegQfeZyiNwAJbNbGKPFXCWuBvf9Ss623VQ5DA consumed 1405 of 184942 compute units
[2025-11-05T06:35:21.655609000Z DEBUG solana_runtime::message_processor::stable_log] Program TokenkegQfeZyiNwAJbNbGKPFXCWuBvf9Ss623VQ5DA success
[2025-11-05T06:35:21.655642000Z DEBUG solana_runtime::message_processor::stable_log] Program TokenkegQfeZyiNwAJbNbGKPFXCWuBvf9Ss623VQ5DA invoke [2]
[2025-11-05T06:35:21.655670000Z DEBUG solana_runtime::message_processor::stable_log] Program log: Instruction: InitializeAccount3
[2025-11-05T06:35:21.655741000Z DEBUG solana_runtime::message_processor::stable_log] Program TokenkegQfeZyiNwAJbNbGKPFXCWuBvf9Ss623VQ5DA consumed 4214 of 181058 compute units
[2025-11-05T06:35:21.655749000Z DEBUG solana_runtime::message_processor::stable_log] Program TokenkegQfeZyiNwAJbNbGKPFXCWuBvf9Ss623VQ5DA success
[2025-11-05T06:35:21.655763000Z DEBUG solana_runtime::message_processor::stable_log] Program ATokenGPvbdGVxr1b2hvZbsiqW5xWH25efTNsLJA8knL consumed 23460 of 200000 compute units
[2025-11-05T06:35:21.655775000Z DEBUG solana_runtime::message_processor::stable_log] Program ATokenGPvbdGVxr1b2hvZbsiqW5xWH25efTNsLJA8knL success
[2025-11-05T06:35:21.659829000Z DEBUG solana_runtime::message_processor::stable_log] Program TokenkegQfeZyiNwAJbNbGKPFXCWuBvf9Ss623VQ5DA invoke [1]
[2025-11-05T06:35:21.659885000Z DEBUG solana_runtime::message_processor::stable_log] Program log: Instruction: MintTo
[2025-11-05T06:35:21.659943000Z DEBUG solana_runtime::message_processor::stable_log] Program TokenkegQfeZyiNwAJbNbGKPFXCWuBvf9Ss623VQ5DA consumed 4491 of 200000 compute units
[2025-11-05T06:35:21.659952000Z DEBUG solana_runtime::message_processor::stable_log] Program TokenkegQfeZyiNwAJbNbGKPFXCWuBvf9Ss623VQ5DA success
[2025-11-05T06:35:21.665662000Z DEBUG solana_runtime::message_processor::stable_log] Program ATokenGPvbdGVxr1b2hvZbsiqW5xWH25efTNsLJA8knL invoke [1]
[2025-11-05T06:35:21.665731000Z DEBUG solana_runtime::message_processor::stable_log] Program log: Create
[2025-11-05T06:35:21.665790000Z DEBUG solana_runtime::message_processor::stable_log] Program TokenkegQfeZyiNwAJbNbGKPFXCWuBvf9Ss623VQ5DA invoke [2]
[2025-11-05T06:35:21.665820000Z DEBUG solana_runtime::message_processor::stable_log] Program log: Instruction: GetAccountDataSize
[2025-11-05T06:35:21.665837000Z DEBUG solana_runtime::message_processor::stable_log] Program TokenkegQfeZyiNwAJbNbGKPFXCWuBvf9Ss623VQ5DA consumed 1595 of 194555 compute units
[2025-11-05T06:35:21.665844000Z DEBUG solana_runtime::message_processor::stable_log] Program return: TokenkegQfeZyiNwAJbNbGKPFXCWuBvf9Ss623VQ5DA pQAAAAAAAAA=
[2025-11-05T06:35:21.665853000Z DEBUG solana_runtime::message_processor::stable_log] Program TokenkegQfeZyiNwAJbNbGKPFXCWuBvf9Ss623VQ5DA success
[2025-11-05T06:35:21.665957000Z DEBUG solana_runtime::message_processor::stable_log] Program 11111111111111111111111111111111 invoke [2]
[2025-11-05T06:35:21.665967000Z DEBUG solana_runtime::message_processor::stable_log] Program 11111111111111111111111111111111 success
[2025-11-05T06:35:21.665973000Z DEBUG solana_runtime::message_processor::stable_log] Program log: Initialize the associated token account
[2025-11-05T06:35:21.665992000Z DEBUG solana_runtime::message_processor::stable_log] Program TokenkegQfeZyiNwAJbNbGKPFXCWuBvf9Ss623VQ5DA invoke [2]
[2025-11-05T06:35:21.666021000Z DEBUG solana_runtime::message_processor::stable_log] Program log: Instruction: InitializeImmutableOwner
[2025-11-05T06:35:21.666032000Z DEBUG solana_runtime::message_processor::stable_log] Program log: Please upgrade to SPL Token 2022 for immutable owner support
[2025-11-05T06:35:21.666036000Z DEBUG solana_runtime::message_processor::stable_log] Program TokenkegQfeZyiNwAJbNbGKPFXCWuBvf9Ss623VQ5DA consumed 1405 of 187942 compute units
[2025-11-05T06:35:21.666044000Z DEBUG solana_runtime::message_processor::stable_log] Program TokenkegQfeZyiNwAJbNbGKPFXCWuBvf9Ss623VQ5DA success
[2025-11-05T06:35:21.666078000Z DEBUG solana_runtime::message_processor::stable_log] Program TokenkegQfeZyiNwAJbNbGKPFXCWuBvf9Ss623VQ5DA invoke [2]
[2025-11-05T06:35:21.666105000Z DEBUG solana_runtime::message_processor::stable_log] Program log: Instruction: InitializeAccount3
[2025-11-05T06:35:21.666159000Z DEBUG solana_runtime::message_processor::stable_log] Program TokenkegQfeZyiNwAJbNbGKPFXCWuBvf9Ss623VQ5DA consumed 4214 of 184058 compute units
[2025-11-05T06:35:21.666166000Z DEBUG solana_runtime::message_processor::stable_log] Program TokenkegQfeZyiNwAJbNbGKPFXCWuBvf9Ss623VQ5DA success
[2025-11-05T06:35:21.666178000Z DEBUG solana_runtime::message_processor::stable_log] Program ATokenGPvbdGVxr1b2hvZbsiqW5xWH25efTNsLJA8knL consumed 20460 of 200000 compute units
[2025-11-05T06:35:21.666187000Z DEBUG solana_runtime::message_processor::stable_log] Program ATokenGPvbdGVxr1b2hvZbsiqW5xWH25efTNsLJA8knL success
[2025-11-05T06:35:21.670490000Z DEBUG solana_runtime::message_processor::stable_log] Program TokenkegQfeZyiNwAJbNbGKPFXCWuBvf9Ss623VQ5DA invoke [1]
[2025-11-05T06:35:21.670553000Z DEBUG solana_runtime::message_processor::stable_log] Program log: Instruction: MintTo
[2025-11-05T06:35:21.670611000Z DEBUG solana_runtime::message_processor::stable_log] Program TokenkegQfeZyiNwAJbNbGKPFXCWuBvf9Ss623VQ5DA consumed 4491 of 200000 compute units
[2025-11-05T06:35:21.670622000Z DEBUG solana_runtime::message_processor::stable_log] Program TokenkegQfeZyiNwAJbNbGKPFXCWuBvf9Ss623VQ5DA success
[2025-11-05T06:35:21.676063000Z DEBUG solana_runtime::message_processor::stable_log] Program ATokenGPvbdGVxr1b2hvZbsiqW5xWH25efTNsLJA8knL invoke [1]
[2025-11-05T06:35:21.676128000Z DEBUG solana_runtime::message_processor::stable_log] Program log: Create
[2025-11-05T06:35:21.676179000Z DEBUG solana_runtime::message_processor::stable_log] Program TokenkegQfeZyiNwAJbNbGKPFXCWuBvf9Ss623VQ5DA invoke [2]
[2025-11-05T06:35:21.676214000Z DEBUG solana_runtime::message_processor::stable_log] Program log: Instruction: GetAccountDataSize
[2025-11-05T06:35:21.676234000Z DEBUG solana_runtime::message_processor::stable_log] Program TokenkegQfeZyiNwAJbNbGKPFXCWuBvf9Ss623VQ5DA consumed 1595 of 194555 compute units
[2025-11-05T06:35:21.676241000Z DEBUG solana_runtime::message_processor::stable_log] Program return: TokenkegQfeZyiNwAJbNbGKPFXCWuBvf9Ss623VQ5DA pQAAAAAAAAA=
[2025-11-05T06:35:21.676250000Z DEBUG solana_runtime::message_processor::stable_log] Program TokenkegQfeZyiNwAJbNbGKPFXCWuBvf9Ss623VQ5DA success
[2025-11-05T06:35:21.676305000Z DEBUG solana_runtime::message_processor::stable_log] Program 11111111111111111111111111111111 invoke [2]
[2025-11-05T06:35:21.676313000Z DEBUG solana_runtime::message_processor::stable_log] Program 11111111111111111111111111111111 success
[2025-11-05T06:35:21.676318000Z DEBUG solana_runtime::message_processor::stable_log] Program log: Initialize the associated token account
[2025-11-05T06:35:21.676336000Z DEBUG solana_runtime::message_processor::stable_log] Program TokenkegQfeZyiNwAJbNbGKPFXCWuBvf9Ss623VQ5DA invoke [2]
[2025-11-05T06:35:21.676378000Z DEBUG solana_runtime::message_processor::stable_log] Program log: Instruction: InitializeImmutableOwner
[2025-11-05T06:35:21.676456000Z DEBUG solana_runtime::message_processor::stable_log] Program log: Please upgrade to SPL Token 2022 for immutable owner support
[2025-11-05T06:35:21.676466000Z DEBUG solana_runtime::message_processor::stable_log] Program TokenkegQfeZyiNwAJbNbGKPFXCWuBvf9Ss623VQ5DA consumed 1405 of 187942 compute units
[2025-11-05T06:35:21.676476000Z DEBUG solana_runtime::message_processor::stable_log] Program TokenkegQfeZyiNwAJbNbGKPFXCWuBvf9Ss623VQ5DA success
[2025-11-05T06:35:21.676550000Z DEBUG solana_runtime::message_processor::stable_log] Program TokenkegQfeZyiNwAJbNbGKPFXCWuBvf9Ss623VQ5DA invoke [2]
[2025-11-05T06:35:21.676582000Z DEBUG solana_runtime::message_processor::stable_log] Program log: Instruction: InitializeAccount3
[2025-11-05T06:35:21.676638000Z DEBUG solana_runtime::message_processor::stable_log] Program TokenkegQfeZyiNwAJbNbGKPFXCWuBvf9Ss623VQ5DA consumed 4214 of 184058 compute units
[2025-11-05T06:35:21.676657000Z DEBUG solana_runtime::message_processor::stable_log] Program TokenkegQfeZyiNwAJbNbGKPFXCWuBvf9Ss623VQ5DA success
[2025-11-05T06:35:21.676671000Z DEBUG solana_runtime::message_processor::stable_log] Program ATokenGPvbdGVxr1b2hvZbsiqW5xWH25efTNsLJA8knL consumed 20460 of 200000 compute units
[2025-11-05T06:35:21.676680000Z DEBUG solana_runtime::message_processor::stable_log] Program ATokenGPvbdGVxr1b2hvZbsiqW5xWH25efTNsLJA8knL success
[2025-11-05T06:35:21.680870000Z DEBUG solana_runtime::message_processor::stable_log] Program TokenkegQfeZyiNwAJbNbGKPFXCWuBvf9Ss623VQ5DA invoke [1]
[2025-11-05T06:35:21.680922000Z DEBUG solana_runtime::message_processor::stable_log] Program log: Instruction: MintTo
[2025-11-05T06:35:21.680981000Z DEBUG solana_runtime::message_processor::stable_log] Program TokenkegQfeZyiNwAJbNbGKPFXCWuBvf9Ss623VQ5DA consumed 4491 of 200000 compute units
[2025-11-05T06:35:21.680991000Z DEBUG solana_runtime::message_processor::stable_log] Program TokenkegQfeZyiNwAJbNbGKPFXCWuBvf9Ss623VQ5DA success
[2025-11-05T06:35:21.696165000Z DEBUG solana_runtime::message_processor::stable_log] Program ASmKWt93JEMHxbdE6j7znD9y2FcdPboCzC3xtSTJvN7S invoke [1]
[2025-11-05T06:35:21.696237000Z DEBUG solana_runtime::message_processor::stable_log] Program log: Instruction: CreateConfig
[2025-11-05T06:35:21.696466000Z DEBUG solana_runtime::message_processor::stable_log] Program 11111111111111111111111111111111 invoke [2]
[2025-11-05T06:35:21.696486000Z DEBUG solana_runtime::message_processor::stable_log] Program 11111111111111111111111111111111 success
[2025-11-05T06:35:21.696599000Z DEBUG solana_runtime::message_processor::stable_log] Program ASmKWt93JEMHxbdE6j7znD9y2FcdPboCzC3xtSTJvN7S invoke [2]
[2025-11-05T06:35:21.696635000Z DEBUG solana_runtime::message_processor::stable_log] Program ASmKWt93JEMHxbdE6j7znD9y2FcdPboCzC3xtSTJvN7S consumed 2069 of 184595 compute units
[2025-11-05T06:35:21.696644000Z DEBUG solana_runtime::message_processor::stable_log] Program ASmKWt93JEMHxbdE6j7znD9y2FcdPboCzC3xtSTJvN7S success
[2025-11-05T06:35:21.696658000Z DEBUG solana_runtime::message_processor::stable_log] Program ASmKWt93JEMHxbdE6j7znD9y2FcdPboCzC3xtSTJvN7S consumed 17779 of 200000 compute units
[2025-11-05T06:35:21.696667000Z DEBUG solana_runtime::message_processor::stable_log] Program ASmKWt93JEMHxbdE6j7znD9y2FcdPboCzC3xtSTJvN7S success
[2025-11-05T06:35:21.731126000Z DEBUG solana_runtime::message_processor::stable_log] Program ASmKWt93JEMHxbdE6j7znD9y2FcdPboCzC3xtSTJvN7S invoke [1]
[2025-11-05T06:35:21.731260000Z DEBUG solana_runtime::message_processor::stable_log] Program log: Instruction: InitializePool
[2025-11-05T06:35:21.731480000Z DEBUG solana_runtime::message_processor::stable_log] Program 11111111111111111111111111111111 invoke [2]
[2025-11-05T06:35:21.731491000Z DEBUG solana_runtime::message_processor::stable_log] Program 11111111111111111111111111111111 success
[2025-11-05T06:35:21.731523000Z DEBUG solana_runtime::message_processor::stable_log] Program TokenzQdBNbLqP5VEhdkAS6EPFLC1PHnBqCXEpPxuEb invoke [2]
[2025-11-05T06:35:21.731554000Z DEBUG solana_runtime::message_processor::stable_log] Program log: MetadataPointerInstruction::Initialize
[2025-11-05T06:35:21.731586000Z DEBUG solana_runtime::message_processor::stable_log] Program TokenzQdBNbLqP5VEhdkAS6EPFLC1PHnBqCXEpPxuEb consumed 2442 of 334963 compute units
[2025-11-05T06:35:21.731595000Z DEBUG solana_runtime::message_processor::stable_log] Program TokenzQdBNbLqP5VEhdkAS6EPFLC1PHnBqCXEpPxuEb success
[2025-11-05T06:35:21.731628000Z DEBUG solana_runtime::message_processor::stable_log] Program TokenzQdBNbLqP5VEhdkAS6EPFLC1PHnBqCXEpPxuEb invoke [2]
[2025-11-05T06:35:21.731651000Z DEBUG solana_runtime::message_processor::stable_log] Program log: Instruction: InitializeMintCloseAuthority
[2025-11-05T06:35:21.731681000Z DEBUG solana_runtime::message_processor::stable_log] Program TokenzQdBNbLqP5VEhdkAS6EPFLC1PHnBqCXEpPxuEb consumed 2570 of 330543 compute units
[2025-11-05T06:35:21.731688000Z DEBUG solana_runtime::message_processor::stable_log] Program TokenzQdBNbLqP5VEhdkAS6EPFLC1PHnBqCXEpPxuEb success
[2025-11-05T06:35:21.731716000Z DEBUG solana_runtime::message_processor::stable_log] Program TokenzQdBNbLqP5VEhdkAS6EPFLC1PHnBqCXEpPxuEb invoke [2]
[2025-11-05T06:35:21.731741000Z DEBUG solana_runtime::message_processor::stable_log] Program log: Instruction: InitializeMint2
[2025-11-05T06:35:21.731796000Z DEBUG solana_runtime::message_processor::stable_log] Program TokenzQdBNbLqP5VEhdkAS6EPFLC1PHnBqCXEpPxuEb consumed 4078 of 326031 compute units
[2025-11-05T06:35:21.731803000Z DEBUG solana_runtime::message_processor::stable_log] Program TokenzQdBNbLqP5VEhdkAS6EPFLC1PHnBqCXEpPxuEb success
[2025-11-05T06:35:21.731956000Z DEBUG solana_runtime::message_processor::stable_log] Program 11111111111111111111111111111111 invoke [2]
[2025-11-05T06:35:21.731961000Z DEBUG solana_runtime::message_processor::stable_log] Program 11111111111111111111111111111111 success
[2025-11-05T06:35:21.731989000Z DEBUG solana_runtime::message_processor::stable_log] Program TokenzQdBNbLqP5VEhdkAS6EPFLC1PHnBqCXEpPxuEb invoke [2]
[2025-11-05T06:35:21.732015000Z DEBUG solana_runtime::message_processor::stable_log] Program log: Instruction: InitializeAccount3
[2025-11-05T06:35:21.732087000Z DEBUG solana_runtime::message_processor::stable_log] Program TokenzQdBNbLqP5VEhdkAS6EPFLC1PHnBqCXEpPxuEb consumed 5137 of 312347 compute units
[2025-11-05T06:35:21.732096000Z DEBUG solana_runtime::message_processor::stable_log] Program TokenzQdBNbLqP5VEhdkAS6EPFLC1PHnBqCXEpPxuEb success
[2025-11-05T06:35:21.732212000Z DEBUG solana_runtime::message_processor::stable_log] Program 11111111111111111111111111111111 invoke [2]
[2025-11-05T06:35:21.732219000Z DEBUG solana_runtime::message_processor::stable_log] Program 11111111111111111111111111111111 success
[2025-11-05T06:35:21.732282000Z DEBUG solana_runtime::message_processor::stable_log] Program 11111111111111111111111111111111 invoke [2]
[2025-11-05T06:35:21.732286000Z DEBUG solana_runtime::message_processor::stable_log] Program 11111111111111111111111111111111 success
[2025-11-05T06:35:21.732364000Z DEBUG solana_runtime::message_processor::stable_log] Program 11111111111111111111111111111111 invoke [2]
[2025-11-05T06:35:21.732367000Z DEBUG solana_runtime::message_processor::stable_log] Program 11111111111111111111111111111111 success
[2025-11-05T06:35:21.732393000Z DEBUG solana_runtime::message_processor::stable_log] Program TokenkegQfeZyiNwAJbNbGKPFXCWuBvf9Ss623VQ5DA invoke [2]
[2025-11-05T06:35:21.732432000Z DEBUG solana_runtime::message_processor::stable_log] Program log: Instruction: InitializeAccount3
[2025-11-05T06:35:21.732487000Z DEBUG solana_runtime::message_processor::stable_log] Program TokenkegQfeZyiNwAJbNbGKPFXCWuBvf9Ss623VQ5DA consumed 4214 of 279744 compute units
[2025-11-05T06:35:21.732495000Z DEBUG solana_runtime::message_processor::stable_log] Program TokenkegQfeZyiNwAJbNbGKPFXCWuBvf9Ss623VQ5DA success
[2025-11-05T06:35:21.732680000Z DEBUG solana_runtime::message_processor::stable_log] Program 11111111111111111111111111111111 invoke [2]
[2025-11-05T06:35:21.732685000Z DEBUG solana_runtime::message_processor::stable_log] Program 11111111111111111111111111111111 success
[2025-11-05T06:35:21.732710000Z DEBUG solana_runtime::message_processor::stable_log] Program TokenkegQfeZyiNwAJbNbGKPFXCWuBvf9Ss623VQ5DA invoke [2]
[2025-11-05T06:35:21.732737000Z DEBUG solana_runtime::message_processor::stable_log] Program log: Instruction: InitializeAccount3
[2025-11-05T06:35:21.732786000Z DEBUG solana_runtime::message_processor::stable_log] Program TokenkegQfeZyiNwAJbNbGKPFXCWuBvf9Ss623VQ5DA consumed 4214 of 263605 compute units
[2025-11-05T06:35:21.732796000Z DEBUG solana_runtime::message_processor::stable_log] Program TokenkegQfeZyiNwAJbNbGKPFXCWuBvf9Ss623VQ5DA success
[2025-11-05T06:35:21.733006000Z DEBUG solana_runtime::message_processor::stable_log] Program TokenzQdBNbLqP5VEhdkAS6EPFLC1PHnBqCXEpPxuEb invoke [2]
[2025-11-05T06:35:21.733056000Z DEBUG solana_runtime::message_processor::stable_log] Program log: TokenMetadataInstruction: Initialize
[2025-11-05T06:35:21.733228000Z DEBUG solana_runtime::message_processor::stable_log] Program TokenzQdBNbLqP5VEhdkAS6EPFLC1PHnBqCXEpPxuEb consumed 9900 of 247103 compute units
[2025-11-05T06:35:21.733243000Z DEBUG solana_runtime::message_processor::stable_log] Program TokenzQdBNbLqP5VEhdkAS6EPFLC1PHnBqCXEpPxuEb success
[2025-11-05T06:35:21.733293000Z DEBUG solana_runtime::message_processor::stable_log] Program 11111111111111111111111111111111 invoke [2]
[2025-11-05T06:35:21.733298000Z DEBUG solana_runtime::message_processor::stable_log] Program 11111111111111111111111111111111 success
[2025-11-05T06:35:21.733339000Z DEBUG solana_runtime::message_processor::stable_log] Program TokenzQdBNbLqP5VEhdkAS6EPFLC1PHnBqCXEpPxuEb invoke [2]
[2025-11-05T06:35:21.733377000Z DEBUG solana_runtime::message_processor::stable_log] Program log: Instruction: MintTo
[2025-11-05T06:35:21.733448000Z DEBUG solana_runtime::message_processor::stable_log] Program TokenzQdBNbLqP5VEhdkAS6EPFLC1PHnBqCXEpPxuEb consumed 5540 of 232141 compute units
[2025-11-05T06:35:21.733457000Z DEBUG solana_runtime::message_processor::stable_log] Program TokenzQdBNbLqP5VEhdkAS6EPFLC1PHnBqCXEpPxuEb success
[2025-11-05T06:35:21.733512000Z DEBUG solana_runtime::message_processor::stable_log] Program ASmKWt93JEMHxbdE6j7znD9y2FcdPboCzC3xtSTJvN7S invoke [2]
[2025-11-05T06:35:21.733546000Z DEBUG solana_runtime::message_processor::stable_log] Program ASmKWt93JEMHxbdE6j7znD9y2FcdPboCzC3xtSTJvN7S consumed 2069 of 223536 compute units
[2025-11-05T06:35:21.733554000Z DEBUG solana_runtime::message_processor::stable_log] Program ASmKWt93JEMHxbdE6j7znD9y2FcdPboCzC3xtSTJvN7S success
[2025-11-05T06:35:21.733599000Z DEBUG solana_runtime::message_processor::stable_log] Program TokenkegQfeZyiNwAJbNbGKPFXCWuBvf9Ss623VQ5DA invoke [2]
[2025-11-05T06:35:21.733635000Z DEBUG solana_runtime::message_processor::stable_log] Program log: Instruction: TransferChecked
[2025-11-05T06:35:21.733710000Z DEBUG solana_runtime::message_processor::stable_log] Program TokenkegQfeZyiNwAJbNbGKPFXCWuBvf9Ss623VQ5DA consumed 6174 of 218923 compute units
[2025-11-05T06:35:21.733718000Z DEBUG solana_runtime::message_processor::stable_log] Program TokenkegQfeZyiNwAJbNbGKPFXCWuBvf9Ss623VQ5DA success
[2025-11-05T06:35:21.733756000Z DEBUG solana_runtime::message_processor::stable_log] Program TokenkegQfeZyiNwAJbNbGKPFXCWuBvf9Ss623VQ5DA invoke [2]
[2025-11-05T06:35:21.733791000Z DEBUG solana_runtime::message_processor::stable_log] Program log: Instruction: TransferChecked
[2025-11-05T06:35:21.733958000Z DEBUG solana_runtime::message_processor::stable_log] Program TokenkegQfeZyiNwAJbNbGKPFXCWuBvf9Ss623VQ5DA consumed 6174 of 210339 compute units
[2025-11-05T06:35:21.733968000Z DEBUG solana_runtime::message_processor::stable_log] Program TokenkegQfeZyiNwAJbNbGKPFXCWuBvf9Ss623VQ5DA success
[2025-11-05T06:35:21.734042000Z DEBUG solana_runtime::message_processor::stable_log] Program ASmKWt93JEMHxbdE6j7znD9y2FcdPboCzC3xtSTJvN7S invoke [2]
[2025-11-05T06:35:21.734077000Z DEBUG solana_runtime::message_processor::stable_log] Program ASmKWt93JEMHxbdE6j7znD9y2FcdPboCzC3xtSTJvN7S consumed 2069 of 199084 compute units
[2025-11-05T06:35:21.734084000Z DEBUG solana_runtime::message_processor::stable_log] Program ASmKWt93JEMHxbdE6j7znD9y2FcdPboCzC3xtSTJvN7S success
[2025-11-05T06:35:21.734107000Z DEBUG solana_runtime::message_processor::stable_log] Program ASmKWt93JEMHxbdE6j7znD9y2FcdPboCzC3xtSTJvN7S consumed 153779 of 350000 compute units
[2025-11-05T06:35:21.734118000Z DEBUG solana_runtime::message_processor::stable_log] Program ASmKWt93JEMHxbdE6j7znD9y2FcdPboCzC3xtSTJvN7S success
[2025-11-05T06:35:21.734126000Z DEBUG solana_runtime::message_processor::stable_log] Program ComputeBudget111111111111111111111111111111 invoke [1]
[2025-11-05T06:35:21.734134000Z DEBUG solana_runtime::message_processor::stable_log] Program ComputeBudget111111111111111111111111111111 success
[2025-11-05T06:35:21.755774000Z DEBUG solana_runtime::message_processor::stable_log] Program 5B57SJ3g2YoNXUpsZqqjEQkRSxyKtVTQRXdgAirz6bio invoke [1]
[2025-11-05T06:35:21.755884000Z DEBUG solana_runtime::message_processor::stable_log] Program log: Instruction: InitializeHonoraryPosition
[2025-11-05T06:35:21.756038000Z DEBUG solana_runtime::message_processor::stable_log] Program 11111111111111111111111111111111 invoke [2]
[2025-11-05T06:35:21.756046000Z DEBUG solana_runtime::message_processor::stable_log] Program 11111111111111111111111111111111 success
[2025-11-05T06:35:21.756124000Z DEBUG solana_runtime::message_processor::stable_log] Program 11111111111111111111111111111111 invoke [2]
[2025-11-05T06:35:21.756128000Z DEBUG solana_runtime::message_processor::stable_log] Program 11111111111111111111111111111111 success
[2025-11-05T06:35:21.756155000Z DEBUG solana_runtime::message_processor::stable_log] Program TokenkegQfeZyiNwAJbNbGKPFXCWuBvf9Ss623VQ5DA invoke [2]
[2025-11-05T06:35:21.756192000Z DEBUG solana_runtime::message_processor::stable_log] Program log: Instruction: InitializeAccount3
[2025-11-05T06:35:21.756251000Z DEBUG solana_runtime::message_processor::stable_log] Program TokenkegQfeZyiNwAJbNbGKPFXCWuBvf9Ss623VQ5DA consumed 4214 of 177112 compute units
[2025-11-05T06:35:21.756260000Z DEBUG solana_runtime::message_processor::stable_log] Program TokenkegQfeZyiNwAJbNbGKPFXCWuBvf9Ss623VQ5DA success
[2025-11-05T06:35:21.756366000Z DEBUG solana_runtime::message_processor::stable_log] Program 11111111111111111111111111111111 invoke [2]
[2025-11-05T06:35:21.756371000Z DEBUG solana_runtime::message_processor::stable_log] Program 11111111111111111111111111111111 success
[2025-11-05T06:35:21.756402000Z DEBUG solana_runtime::message_processor::stable_log] Program TokenkegQfeZyiNwAJbNbGKPFXCWuBvf9Ss623VQ5DA invoke [2]
[2025-11-05T06:35:21.756440000Z DEBUG solana_runtime::message_processor::stable_log] Program log: Instruction: InitializeAccount3
[2025-11-05T06:35:21.756492000Z DEBUG solana_runtime::message_processor::stable_log] Program TokenkegQfeZyiNwAJbNbGKPFXCWuBvf9Ss623VQ5DA consumed 4214 of 163976 compute units
[2025-11-05T06:35:21.756500000Z DEBUG solana_runtime::message_processor::stable_log] Program TokenkegQfeZyiNwAJbNbGKPFXCWuBvf9Ss623VQ5DA success
[2025-11-05T06:35:21.756553000Z DEBUG solana_runtime::message_processor::stable_log] Program log: Creating honorary position through CP-AMM CPI
[2025-11-05T06:35:21.756626000Z DEBUG solana_runtime::message_processor::stable_log] Program ASmKWt93JEMHxbdE6j7znD9y2FcdPboCzC3xtSTJvN7S invoke [2]
[2025-11-05T06:35:21.756696000Z DEBUG solana_runtime::message_processor::stable_log] Program log: Instruction: CreatePosition
[2025-11-05T06:35:21.756763000Z DEBUG solana_runtime::message_processor::stable_log] Program 11111111111111111111111111111111 invoke [3]
[2025-11-05T06:35:21.756766000Z DEBUG solana_runtime::message_processor::stable_log] Program 11111111111111111111111111111111 success
[2025-11-05T06:35:21.756796000Z DEBUG solana_runtime::message_processor::stable_log] Program TokenzQdBNbLqP5VEhdkAS6EPFLC1PHnBqCXEpPxuEb invoke [3]
[2025-11-05T06:35:21.756825000Z DEBUG solana_runtime::message_processor::stable_log] Program log: MetadataPointerInstruction::Initialize
[2025-11-05T06:35:21.756860000Z DEBUG solana_runtime::message_processor::stable_log] Program TokenzQdBNbLqP5VEhdkAS6EPFLC1PHnBqCXEpPxuEb consumed 2442 of 138670 compute units
[2025-11-05T06:35:21.756867000Z DEBUG solana_runtime::message_processor::stable_log] Program TokenzQdBNbLqP5VEhdkAS6EPFLC1PHnBqCXEpPxuEb success
[2025-11-05T06:35:21.756895000Z DEBUG solana_runtime::message_processor::stable_log] Program TokenzQdBNbLqP5VEhdkAS6EPFLC1PHnBqCXEpPxuEb invoke [3]
[2025-11-05T06:35:21.756915000Z DEBUG solana_runtime::message_processor::stable_log] Program log: Instruction: InitializeMintCloseAuthority
[2025-11-05T06:35:21.756946000Z DEBUG solana_runtime::message_processor::stable_log] Program TokenzQdBNbLqP5VEhdkAS6EPFLC1PHnBqCXEpPxuEb consumed 2570 of 134250 compute units
[2025-11-05T06:35:21.756953000Z DEBUG solana_runtime::message_processor::stable_log] Program TokenzQdBNbLqP5VEhdkAS6EPFLC1PHnBqCXEpPxuEb success
[2025-11-05T06:35:21.756982000Z DEBUG solana_runtime::message_processor::stable_log] Program TokenzQdBNbLqP5VEhdkAS6EPFLC1PHnBqCXEpPxuEb invoke [3]
[2025-11-05T06:35:21.757003000Z DEBUG solana_runtime::message_processor::stable_log] Program log: Instruction: InitializeMint2
[2025-11-05T06:35:21.757060000Z DEBUG solana_runtime::message_processor::stable_log] Program TokenzQdBNbLqP5VEhdkAS6EPFLC1PHnBqCXEpPxuEb consumed 4078 of 129737 compute units
[2025-11-05T06:35:21.757068000Z DEBUG solana_runtime::message_processor::stable_log] Program TokenzQdBNbLqP5VEhdkAS6EPFLC1PHnBqCXEpPxuEb success
[2025-11-05T06:35:21.757193000Z DEBUG solana_runtime::message_processor::stable_log] Program 11111111111111111111111111111111 invoke [3]
[2025-11-05T06:35:21.757200000Z DEBUG solana_runtime::message_processor::stable_log] Program 11111111111111111111111111111111 success
[2025-11-05T06:35:21.757227000Z DEBUG solana_runtime::message_processor::stable_log] Program TokenzQdBNbLqP5VEhdkAS6EPFLC1PHnBqCXEpPxuEb invoke [3]
[2025-11-05T06:35:21.757253000Z DEBUG solana_runtime::message_processor::stable_log] Program log: Instruction: InitializeAccount3
[2025-11-05T06:35:21.757327000Z DEBUG solana_runtime::message_processor::stable_log] Program TokenzQdBNbLqP5VEhdkAS6EPFLC1PHnBqCXEpPxuEb consumed 5137 of 116053 compute units
[2025-11-05T06:35:21.757334000Z DEBUG solana_runtime::message_processor::stable_log] Program TokenzQdBNbLqP5VEhdkAS6EPFLC1PHnBqCXEpPxuEb success
[2025-11-05T06:35:21.757442000Z DEBUG solana_runtime::message_processor::stable_log] Program 11111111111111111111111111111111 invoke [3]
[2025-11-05T06:35:21.757446000Z DEBUG solana_runtime::message_processor::stable_log] Program 11111111111111111111111111111111 success
[2025-11-05T06:35:21.757544000Z DEBUG solana_runtime::message_processor::stable_log] Program TokenzQdBNbLqP5VEhdkAS6EPFLC1PHnBqCXEpPxuEb invoke [3]
[2025-11-05T06:35:21.757609000Z DEBUG solana_runtime::message_processor::stable_log] Program log: TokenMetadataInstruction: Initialize
[2025-11-05T06:35:21.757778000Z DEBUG solana_runtime::message_processor::stable_log] Program TokenzQdBNbLqP5VEhdkAS6EPFLC1PHnBqCXEpPxuEb consumed 9900 of 93323 compute units
[2025-11-05T06:35:21.757787000Z DEBUG solana_runtime::message_processor::stable_log] Program TokenzQdBNbLqP5VEhdkAS6EPFLC1PHnBqCXEpPxuEb success
[2025-11-05T06:35:21.757824000Z DEBUG solana_runtime::message_processor::stable_log] Program 11111111111111111111111111111111 invoke [3]
[2025-11-05T06:35:21.757828000Z DEBUG solana_runtime::message_processor::stable_log] Program 11111111111111111111111111111111 success
[2025-11-05T06:35:21.757864000Z DEBUG solana_runtime::message_processor::stable_log] Program TokenzQdBNbLqP5VEhdkAS6EPFLC1PHnBqCXEpPxuEb invoke [3]
[2025-11-05T06:35:21.757893000Z DEBUG solana_runtime::message_processor::stable_log] Program log: Instruction: MintTo
[2025-11-05T06:35:21.757964000Z DEBUG solana_runtime::message_processor::stable_log] Program TokenzQdBNbLqP5VEhdkAS6EPFLC1PHnBqCXEpPxuEb consumed 5540 of 78361 compute units
[2025-11-05T06:35:21.757973000Z DEBUG solana_runtime::message_processor::stable_log] Program TokenzQdBNbLqP5VEhdkAS6EPFLC1PHnBqCXEpPxuEb success
[2025-11-05T06:35:21.758021000Z DEBUG solana_runtime::message_processor::stable_log] Program ASmKWt93JEMHxbdE6j7znD9y2FcdPboCzC3xtSTJvN7S invoke [3]
[2025-11-05T06:35:21.758056000Z DEBUG solana_runtime::message_processor::stable_log] Program ASmKWt93JEMHxbdE6j7znD9y2FcdPboCzC3xtSTJvN7S consumed 2069 of 69755 compute units
[2025-11-05T06:35:21.758064000Z DEBUG solana_runtime::message_processor::stable_log] Program ASmKWt93JEMHxbdE6j7znD9y2FcdPboCzC3xtSTJvN7S success
[2025-11-05T06:35:21.758083000Z DEBUG solana_runtime::message_processor::stable_log] Program ASmKWt93JEMHxbdE6j7znD9y2FcdPboCzC3xtSTJvN7S consumed 80600 of 147714 compute units
[2025-11-05T06:35:21.758092000Z DEBUG solana_runtime::message_processor::stable_log] Program ASmKWt93JEMHxbdE6j7znD9y2FcdPboCzC3xtSTJvN7S success
[2025-11-05T06:35:21.758115000Z DEBUG solana_runtime::message_processor::stable_log] Program data: B9TwvmYpSymxe+Vyllzk8kbI1xf53TdBAT2gBFXfC4eIcLau9tTuRxkS8S7jJWihSwMagR5kcrHh3ZOo2ze6LzMZF9zcau65R+JWnzzafyH65w76FeV4u2oWks1/i8YRSu/lYeaWZYibKm45uCMf2Fq8PSI2RfgjI+TsCT2fRyi2MUQCt1dUV/7uwOdXzrNnVGgUOeSYIJu13CguLhpMoHBnAwukMHFoKfAKaQAAAAA=
[2025-11-05T06:35:21.758133000Z DEBUG solana_runtime::message_processor::stable_log] Program 5B57SJ3g2YoNXUpsZqqjEQkRSxyKtVTQRXdgAirz6bio consumed 134980 of 200000 compute units
[2025-11-05T06:35:21.758143000Z DEBUG solana_runtime::message_processor::stable_log] Program 5B57SJ3g2YoNXUpsZqqjEQkRSxyKtVTQRXdgAirz6bio success
[2025-11-05T06:35:21.763965000Z DEBUG solana_runtime::message_processor::stable_log] Program 5B57SJ3g2YoNXUpsZqqjEQkRSxyKtVTQRXdgAirz6bio invoke [1]
[2025-11-05T06:35:21.764028000Z DEBUG solana_runtime::message_processor::stable_log] Program log: Instruction: SetupPolicy
[2025-11-05T06:35:21.764104000Z DEBUG solana_runtime::message_processor::stable_log] Program 11111111111111111111111111111111 invoke [2]
[2025-11-05T06:35:21.764115000Z DEBUG solana_runtime::message_processor::stable_log] Program 11111111111111111111111111111111 success
[2025-11-05T06:35:21.764192000Z DEBUG solana_runtime::message_processor::stable_log] Program 11111111111111111111111111111111 invoke [2]
[2025-11-05T06:35:21.764199000Z DEBUG solana_runtime::message_processor::stable_log] Program 11111111111111111111111111111111 success
[2025-11-05T06:35:21.764236000Z DEBUG solana_runtime::message_processor::stable_log] Program data: HFXHbHKxoyaxe+Vyllzk8kbI1xf53TdBAT2gBFXfC4eIcLau9tTuR1fxh01IJCgvGtY2gi1WVFjkKuUZiHxy77XoG/WQFrJGiBNAS0wAAAAAACnwCmkAAAAA
[2025-11-05T06:35:21.764263000Z DEBUG solana_runtime::message_processor::stable_log] Program 5B57SJ3g2YoNXUpsZqqjEQkRSxyKtVTQRXdgAirz6bio consumed 16526 of 200000 compute units
[2025-11-05T06:35:21.764274000Z DEBUG solana_runtime::message_processor::stable_log] Program 5B57SJ3g2YoNXUpsZqqjEQkRSxyKtVTQRXdgAirz6bio success
[2025-11-05T06:35:21.781436000Z DEBUG solana_runtime::message_processor::stable_log] Program 5B57SJ3g2YoNXUpsZqqjEQkRSxyKtVTQRXdgAirz6bio invoke [1]
[2025-11-05T06:35:21.781570000Z DEBUG solana_runtime::message_processor::stable_log] Program log: Instruction: AddHonoraryLiquidity
[2025-11-05T06:35:21.781866000Z DEBUG solana_runtime::message_processor::stable_log] Program log: Adding liquidity to honorary position
[2025-11-05T06:35:21.781915000Z DEBUG solana_runtime::message_processor::stable_log] Program TokenkegQfeZyiNwAJbNbGKPFXCWuBvf9Ss623VQ5DA invoke [2]
[2025-11-05T06:35:21.781959000Z DEBUG solana_runtime::message_processor::stable_log] Program log: Instruction: TransferChecked
[2025-11-05T06:35:21.782035000Z DEBUG solana_runtime::message_processor::stable_log] Program TokenkegQfeZyiNwAJbNbGKPFXCWuBvf9Ss623VQ5DA consumed 6174 of 172743 compute units
[2025-11-05T06:35:21.782048000Z DEBUG solana_runtime::message_processor::stable_log] Program TokenkegQfeZyiNwAJbNbGKPFXCWuBvf9Ss623VQ5DA success
[2025-11-05T06:35:21.782094000Z DEBUG solana_runtime::message_processor::stable_log] Program TokenkegQfeZyiNwAJbNbGKPFXCWuBvf9Ss623VQ5DA invoke [2]
[2025-11-05T06:35:21.782125000Z DEBUG solana_runtime::message_processor::stable_log] Program log: Instruction: TransferChecked
[2025-11-05T06:35:21.782202000Z DEBUG solana_runtime::message_processor::stable_log] Program TokenkegQfeZyiNwAJbNbGKPFXCWuBvf9Ss623VQ5DA consumed 6174 of 163836 compute units
[2025-11-05T06:35:21.782214000Z DEBUG solana_runtime::message_processor::stable_log] Program TokenkegQfeZyiNwAJbNbGKPFXCWuBvf9Ss623VQ5DA success
[2025-11-05T06:35:21.782325000Z DEBUG solana_runtime::message_processor::stable_log] Program ASmKWt93JEMHxbdE6j7znD9y2FcdPboCzC3xtSTJvN7S invoke [2]
[2025-11-05T06:35:21.782422000Z DEBUG solana_runtime::message_processor::stable_log] Program log: Instruction: AddLiquidity
[2025-11-05T06:35:21.782726000Z DEBUG solana_runtime::message_processor::stable_log] Program TokenkegQfeZyiNwAJbNbGKPFXCWuBvf9Ss623VQ5DA invoke [3]
[2025-11-05T06:35:21.782770000Z DEBUG solana_runtime::message_processor::stable_log] Program log: Instruction: TransferChecked
[2025-11-05T06:35:21.782848000Z DEBUG solana_runtime::message_processor::stable_log] Program TokenkegQfeZyiNwAJbNbGKPFXCWuBvf9Ss623VQ5DA consumed 6174 of 125256 compute units
[2025-11-05T06:35:21.782861000Z DEBUG solana_runtime::message_processor::stable_log] Program TokenkegQfeZyiNwAJbNbGKPFXCWuBvf9Ss623VQ5DA success
[2025-11-05T06:35:21.782904000Z DEBUG solana_runtime::message_processor::stable_log] Program TokenkegQfeZyiNwAJbNbGKPFXCWuBvf9Ss623VQ5DA invoke [3]
[2025-11-05T06:35:21.782941000Z DEBUG solana_runtime::message_processor::stable_log] Program log: Instruction: TransferChecked
[2025-11-05T06:35:21.783021000Z DEBUG solana_runtime::message_processor::stable_log] Program TokenkegQfeZyiNwAJbNbGKPFXCWuBvf9Ss623VQ5DA consumed 6174 of 116672 compute units
[2025-11-05T06:35:21.783029000Z DEBUG solana_runtime::message_processor::stable_log] Program TokenkegQfeZyiNwAJbNbGKPFXCWuBvf9Ss623VQ5DA success
[2025-11-05T06:35:21.783090000Z DEBUG solana_runtime::message_processor::stable_log] Program ASmKWt93JEMHxbdE6j7znD9y2FcdPboCzC3xtSTJvN7S invoke [3]
[2025-11-05T06:35:21.783130000Z DEBUG solana_runtime::message_processor::stable_log] Program ASmKWt93JEMHxbdE6j7znD9y2FcdPboCzC3xtSTJvN7S consumed 2069 of 107244 compute units
[2025-11-05T06:35:21.783138000Z DEBUG solana_runtime::message_processor::stable_log] Program ASmKWt93JEMHxbdE6j7znD9y2FcdPboCzC3xtSTJvN7S success
[2025-11-05T06:35:21.783240000Z DEBUG solana_runtime::message_processor::stable_log] Program ASmKWt93JEMHxbdE6j7znD9y2FcdPboCzC3xtSTJvN7S invoke [3]
[2025-11-05T06:35:21.783273000Z DEBUG solana_runtime::message_processor::stable_log] Program ASmKWt93JEMHxbdE6j7znD9y2FcdPboCzC3xtSTJvN7S consumed 2069 of 98741 compute units
[2025-11-05T06:35:21.783280000Z DEBUG solana_runtime::message_processor::stable_log] Program ASmKWt93JEMHxbdE6j7znD9y2FcdPboCzC3xtSTJvN7S success
[2025-11-05T06:35:21.783300000Z DEBUG solana_runtime::message_processor::stable_log] Program ASmKWt93JEMHxbdE6j7znD9y2FcdPboCzC3xtSTJvN7S consumed 50736 of 146767 compute units
[2025-11-05T06:35:21.783311000Z DEBUG solana_runtime::message_processor::stable_log] Program ASmKWt93JEMHxbdE6j7znD9y2FcdPboCzC3xtSTJvN7S success
[2025-11-05T06:35:21.783342000Z DEBUG solana_runtime::message_processor::stable_log] Program log: Successfully added 1844674407370955161600 liquidity to honorary position
[2025-11-05T06:35:21.783356000Z DEBUG solana_runtime::message_processor::stable_log] Program 5B57SJ3g2YoNXUpsZqqjEQkRSxyKtVTQRXdgAirz6bio consumed 105647 of 200000 compute units
[2025-11-05T06:35:21.783365000Z DEBUG solana_runtime::message_processor::stable_log] Program 5B57SJ3g2YoNXUpsZqqjEQkRSxyKtVTQRXdgAirz6bio success
[2025-11-05T06:35:21.791835000Z DEBUG solana_runtime::message_processor::stable_log] Program 11111111111111111111111111111111 invoke [1]
[2025-11-05T06:35:21.791874000Z DEBUG solana_runtime::message_processor::stable_log] Program 11111111111111111111111111111111 success
  Stream 0: 100% locked, expected locked amount: 1666666, amount_per_period: 4629
[2025-11-05T06:35:21.796245000Z DEBUG solana_runtime::message_processor::stable_log] Program ATokenGPvbdGVxr1b2hvZbsiqW5xWH25efTNsLJA8knL invoke [1]
[2025-11-05T06:35:21.796323000Z DEBUG solana_runtime::message_processor::stable_log] Program log: Create
[2025-11-05T06:35:21.796374000Z DEBUG solana_runtime::message_processor::stable_log] Program TokenkegQfeZyiNwAJbNbGKPFXCWuBvf9Ss623VQ5DA invoke [2]
[2025-11-05T06:35:21.796406000Z DEBUG solana_runtime::message_processor::stable_log] Program log: Instruction: GetAccountDataSize
[2025-11-05T06:35:21.796425000Z DEBUG solana_runtime::message_processor::stable_log] Program TokenkegQfeZyiNwAJbNbGKPFXCWuBvf9Ss623VQ5DA consumed 1595 of 194555 compute units
[2025-11-05T06:35:21.796432000Z DEBUG solana_runtime::message_processor::stable_log] Program return: TokenkegQfeZyiNwAJbNbGKPFXCWuBvf9Ss623VQ5DA pQAAAAAAAAA=
[2025-11-05T06:35:21.796440000Z DEBUG solana_runtime::message_processor::stable_log] Program TokenkegQfeZyiNwAJbNbGKPFXCWuBvf9Ss623VQ5DA success
[2025-11-05T06:35:21.796500000Z DEBUG solana_runtime::message_processor::stable_log] Program 11111111111111111111111111111111 invoke [2]
[2025-11-05T06:35:21.796508000Z DEBUG solana_runtime::message_processor::stable_log] Program 11111111111111111111111111111111 success
[2025-11-05T06:35:21.796514000Z DEBUG solana_runtime::message_processor::stable_log] Program log: Initialize the associated token account
[2025-11-05T06:35:21.796531000Z DEBUG solana_runtime::message_processor::stable_log] Program TokenkegQfeZyiNwAJbNbGKPFXCWuBvf9Ss623VQ5DA invoke [2]
[2025-11-05T06:35:21.796553000Z DEBUG solana_runtime::message_processor::stable_log] Program log: Instruction: InitializeImmutableOwner
[2025-11-05T06:35:21.796564000Z DEBUG solana_runtime::message_processor::stable_log] Program log: Please upgrade to SPL Token 2022 for immutable owner support
[2025-11-05T06:35:21.796567000Z DEBUG solana_runtime::message_processor::stable_log] Program TokenkegQfeZyiNwAJbNbGKPFXCWuBvf9Ss623VQ5DA consumed 1405 of 187942 compute units
[2025-11-05T06:35:21.796575000Z DEBUG solana_runtime::message_processor::stable_log] Program TokenkegQfeZyiNwAJbNbGKPFXCWuBvf9Ss623VQ5DA success
[2025-11-05T06:35:21.796608000Z DEBUG solana_runtime::message_processor::stable_log] Program TokenkegQfeZyiNwAJbNbGKPFXCWuBvf9Ss623VQ5DA invoke [2]
[2025-11-05T06:35:21.796640000Z DEBUG solana_runtime::message_processor::stable_log] Program log: Instruction: InitializeAccount3
[2025-11-05T06:35:21.796692000Z DEBUG solana_runtime::message_processor::stable_log] Program TokenkegQfeZyiNwAJbNbGKPFXCWuBvf9Ss623VQ5DA consumed 4214 of 184058 compute units
[2025-11-05T06:35:21.796704000Z DEBUG solana_runtime::message_processor::stable_log] Program TokenkegQfeZyiNwAJbNbGKPFXCWuBvf9Ss623VQ5DA success
[2025-11-05T06:35:21.796716000Z DEBUG solana_runtime::message_processor::stable_log] Program ATokenGPvbdGVxr1b2hvZbsiqW5xWH25efTNsLJA8knL consumed 20460 of 200000 compute units
[2025-11-05T06:35:21.796724000Z DEBUG solana_runtime::message_processor::stable_log] Program ATokenGPvbdGVxr1b2hvZbsiqW5xWH25efTNsLJA8knL success
[2025-11-05T06:35:21.805968000Z DEBUG solana_runtime::message_processor::stable_log] Program 11111111111111111111111111111111 invoke [1]
[2025-11-05T06:35:21.805986000Z DEBUG solana_runtime::message_processor::stable_log] Program 11111111111111111111111111111111 success
  Stream 1: 100% locked, expected locked amount: 1666666, amount_per_period: 4629
[2025-11-05T06:35:21.810258000Z DEBUG solana_runtime::message_processor::stable_log] Program ATokenGPvbdGVxr1b2hvZbsiqW5xWH25efTNsLJA8knL invoke [1]
[2025-11-05T06:35:21.810338000Z DEBUG solana_runtime::message_processor::stable_log] Program log: Create
[2025-11-05T06:35:21.810408000Z DEBUG solana_runtime::message_processor::stable_log] Program TokenkegQfeZyiNwAJbNbGKPFXCWuBvf9Ss623VQ5DA invoke [2]
[2025-11-05T06:35:21.810440000Z DEBUG solana_runtime::message_processor::stable_log] Program log: Instruction: GetAccountDataSize
[2025-11-05T06:35:21.810458000Z DEBUG solana_runtime::message_processor::stable_log] Program TokenkegQfeZyiNwAJbNbGKPFXCWuBvf9Ss623VQ5DA consumed 1595 of 194555 compute units
[2025-11-05T06:35:21.810466000Z DEBUG solana_runtime::message_processor::stable_log] Program return: TokenkegQfeZyiNwAJbNbGKPFXCWuBvf9Ss623VQ5DA pQAAAAAAAAA=
[2025-11-05T06:35:21.810475000Z DEBUG solana_runtime::message_processor::stable_log] Program TokenkegQfeZyiNwAJbNbGKPFXCWuBvf9Ss623VQ5DA success
[2025-11-05T06:35:21.810528000Z DEBUG solana_runtime::message_processor::stable_log] Program 11111111111111111111111111111111 invoke [2]
[2025-11-05T06:35:21.810535000Z DEBUG solana_runtime::message_processor::stable_log] Program 11111111111111111111111111111111 success
[2025-11-05T06:35:21.810540000Z DEBUG solana_runtime::message_processor::stable_log] Program log: Initialize the associated token account
[2025-11-05T06:35:21.810562000Z DEBUG solana_runtime::message_processor::stable_log] Program TokenkegQfeZyiNwAJbNbGKPFXCWuBvf9Ss623VQ5DA invoke [2]
[2025-11-05T06:35:21.810603000Z DEBUG solana_runtime::message_processor::stable_log] Program log: Instruction: InitializeImmutableOwner
[2025-11-05T06:35:21.810614000Z DEBUG solana_runtime::message_processor::stable_log] Program log: Please upgrade to SPL Token 2022 for immutable owner support
[2025-11-05T06:35:21.810617000Z DEBUG solana_runtime::message_processor::stable_log] Program TokenkegQfeZyiNwAJbNbGKPFXCWuBvf9Ss623VQ5DA consumed 1405 of 187942 compute units
[2025-11-05T06:35:21.810625000Z DEBUG solana_runtime::message_processor::stable_log] Program TokenkegQfeZyiNwAJbNbGKPFXCWuBvf9Ss623VQ5DA success
[2025-11-05T06:35:21.810658000Z DEBUG solana_runtime::message_processor::stable_log] Program TokenkegQfeZyiNwAJbNbGKPFXCWuBvf9Ss623VQ5DA invoke [2]
[2025-11-05T06:35:21.810684000Z DEBUG solana_runtime::message_processor::stable_log] Program log: Instruction: InitializeAccount3
[2025-11-05T06:35:21.810748000Z DEBUG solana_runtime::message_processor::stable_log] Program TokenkegQfeZyiNwAJbNbGKPFXCWuBvf9Ss623VQ5DA consumed 4214 of 184058 compute units
[2025-11-05T06:35:21.810755000Z DEBUG solana_runtime::message_processor::stable_log] Program TokenkegQfeZyiNwAJbNbGKPFXCWuBvf9Ss623VQ5DA success
[2025-11-05T06:35:21.810768000Z DEBUG solana_runtime::message_processor::stable_log] Program ATokenGPvbdGVxr1b2hvZbsiqW5xWH25efTNsLJA8knL consumed 20460 of 200000 compute units
[2025-11-05T06:35:21.810776000Z DEBUG solana_runtime::message_processor::stable_log] Program ATokenGPvbdGVxr1b2hvZbsiqW5xWH25efTNsLJA8knL success
[2025-11-05T06:35:21.819317000Z DEBUG solana_runtime::message_processor::stable_log] Program 11111111111111111111111111111111 invoke [1]
[2025-11-05T06:35:21.819336000Z DEBUG solana_runtime::message_processor::stable_log] Program 11111111111111111111111111111111 success
  Stream 2: 100% locked, expected locked amount: 1666666, amount_per_period: 4629
[2025-11-05T06:35:21.824112000Z DEBUG solana_runtime::message_processor::stable_log] Program ATokenGPvbdGVxr1b2hvZbsiqW5xWH25efTNsLJA8knL invoke [1]
[2025-11-05T06:35:21.824192000Z DEBUG solana_runtime::message_processor::stable_log] Program log: Create
[2025-11-05T06:35:21.824256000Z DEBUG solana_runtime::message_processor::stable_log] Program TokenkegQfeZyiNwAJbNbGKPFXCWuBvf9Ss623VQ5DA invoke [2]
[2025-11-05T06:35:21.824295000Z DEBUG solana_runtime::message_processor::stable_log] Program log: Instruction: GetAccountDataSize
[2025-11-05T06:35:21.824313000Z DEBUG solana_runtime::message_processor::stable_log] Program TokenkegQfeZyiNwAJbNbGKPFXCWuBvf9Ss623VQ5DA consumed 1595 of 191555 compute units
[2025-11-05T06:35:21.824321000Z DEBUG solana_runtime::message_processor::stable_log] Program return: TokenkegQfeZyiNwAJbNbGKPFXCWuBvf9Ss623VQ5DA pQAAAAAAAAA=
[2025-11-05T06:35:21.824330000Z DEBUG solana_runtime::message_processor::stable_log] Program TokenkegQfeZyiNwAJbNbGKPFXCWuBvf9Ss623VQ5DA success
[2025-11-05T06:35:21.824385000Z DEBUG solana_runtime::message_processor::stable_log] Program 11111111111111111111111111111111 invoke [2]
[2025-11-05T06:35:21.824393000Z DEBUG solana_runtime::message_processor::stable_log] Program 11111111111111111111111111111111 success
[2025-11-05T06:35:21.824413000Z DEBUG solana_runtime::message_processor::stable_log] Program log: Initialize the associated token account
[2025-11-05T06:35:21.824436000Z DEBUG solana_runtime::message_processor::stable_log] Program TokenkegQfeZyiNwAJbNbGKPFXCWuBvf9Ss623VQ5DA invoke [2]
[2025-11-05T06:35:21.824460000Z DEBUG solana_runtime::message_processor::stable_log] Program log: Instruction: InitializeImmutableOwner
[2025-11-05T06:35:21.824472000Z DEBUG solana_runtime::message_processor::stable_log] Program log: Please upgrade to SPL Token 2022 for immutable owner support
[2025-11-05T06:35:21.824477000Z DEBUG solana_runtime::message_processor::stable_log] Program TokenkegQfeZyiNwAJbNbGKPFXCWuBvf9Ss623VQ5DA consumed 1405 of 184942 compute units
[2025-11-05T06:35:21.824485000Z DEBUG solana_runtime::message_processor::stable_log] Program TokenkegQfeZyiNwAJbNbGKPFXCWuBvf9Ss623VQ5DA success
[2025-11-05T06:35:21.824518000Z DEBUG solana_runtime::message_processor::stable_log] Program TokenkegQfeZyiNwAJbNbGKPFXCWuBvf9Ss623VQ5DA invoke [2]
[2025-11-05T06:35:21.824549000Z DEBUG solana_runtime::message_processor::stable_log] Program log: Instruction: InitializeAccount3
[2025-11-05T06:35:21.824604000Z DEBUG solana_runtime::message_processor::stable_log] Program TokenkegQfeZyiNwAJbNbGKPFXCWuBvf9Ss623VQ5DA consumed 4214 of 181058 compute units
[2025-11-05T06:35:21.824612000Z DEBUG solana_runtime::message_processor::stable_log] Program TokenkegQfeZyiNwAJbNbGKPFXCWuBvf9Ss623VQ5DA success
[2025-11-05T06:35:21.824627000Z DEBUG solana_runtime::message_processor::stable_log] Program ATokenGPvbdGVxr1b2hvZbsiqW5xWH25efTNsLJA8knL consumed 23460 of 200000 compute units
[2025-11-05T06:35:21.824635000Z DEBUG solana_runtime::message_processor::stable_log] Program ATokenGPvbdGVxr1b2hvZbsiqW5xWH25efTNsLJA8knL success
[2025-11-05T06:35:21.842631000Z DEBUG solana_runtime::message_processor::stable_log] Program ASmKWt93JEMHxbdE6j7znD9y2FcdPboCzC3xtSTJvN7S invoke [1]
[2025-11-05T06:35:21.842735000Z DEBUG solana_runtime::message_processor::stable_log] Program log: Instruction: Swap
[2025-11-05T06:35:21.843169000Z DEBUG solana_runtime::message_processor::stable_log] Program TokenkegQfeZyiNwAJbNbGKPFXCWuBvf9Ss623VQ5DA invoke [2]
[2025-11-05T06:35:21.843220000Z DEBUG solana_runtime::message_processor::stable_log] Program log: Instruction: TransferChecked
[2025-11-05T06:35:21.843301000Z DEBUG solana_runtime::message_processor::stable_log] Program TokenkegQfeZyiNwAJbNbGKPFXCWuBvf9Ss623VQ5DA consumed 6174 of 177323 compute units
[2025-11-05T06:35:21.843313000Z DEBUG solana_runtime::message_processor::stable_log] Program TokenkegQfeZyiNwAJbNbGKPFXCWuBvf9Ss623VQ5DA success
[2025-11-05T06:35:21.843365000Z DEBUG solana_runtime::message_processor::stable_log] Program TokenkegQfeZyiNwAJbNbGKPFXCWuBvf9Ss623VQ5DA invoke [2]
[2025-11-05T06:35:21.843398000Z DEBUG solana_runtime::message_processor::stable_log] Program log: Instruction: TransferChecked
[2025-11-05T06:35:21.843467000Z DEBUG solana_runtime::message_processor::stable_log] Program TokenkegQfeZyiNwAJbNbGKPFXCWuBvf9Ss623VQ5DA consumed 6174 of 168685 compute units
[2025-11-05T06:35:21.843476000Z DEBUG solana_runtime::message_processor::stable_log] Program TokenkegQfeZyiNwAJbNbGKPFXCWuBvf9Ss623VQ5DA success
[2025-11-05T06:35:21.843576000Z DEBUG solana_runtime::message_processor::stable_log] Program ASmKWt93JEMHxbdE6j7znD9y2FcdPboCzC3xtSTJvN7S invoke [2]
[2025-11-05T06:35:21.843609000Z DEBUG solana_runtime::message_processor::stable_log] Program ASmKWt93JEMHxbdE6j7znD9y2FcdPboCzC3xtSTJvN7S consumed 2069 of 156500 compute units
[2025-11-05T06:35:21.843617000Z DEBUG solana_runtime::message_processor::stable_log] Program ASmKWt93JEMHxbdE6j7znD9y2FcdPboCzC3xtSTJvN7S success
[2025-11-05T06:35:21.843674000Z DEBUG solana_runtime::message_processor::stable_log] Program ASmKWt93JEMHxbdE6j7znD9y2FcdPboCzC3xtSTJvN7S invoke [2]
[2025-11-05T06:35:21.843702000Z DEBUG solana_runtime::message_processor::stable_log] Program ASmKWt93JEMHxbdE6j7znD9y2FcdPboCzC3xtSTJvN7S consumed 2069 of 150802 compute units
[2025-11-05T06:35:21.843709000Z DEBUG solana_runtime::message_processor::stable_log] Program ASmKWt93JEMHxbdE6j7znD9y2FcdPboCzC3xtSTJvN7S success
[2025-11-05T06:35:21.843728000Z DEBUG solana_runtime::message_processor::stable_log] Program ASmKWt93JEMHxbdE6j7znD9y2FcdPboCzC3xtSTJvN7S consumed 51801 of 200000 compute units
[2025-11-05T06:35:21.843737000Z DEBUG solana_runtime::message_processor::stable_log] Program ASmKWt93JEMHxbdE6j7znD9y2FcdPboCzC3xtSTJvN7S success
[2025-11-05T06:35:21.862607000Z DEBUG solana_runtime::message_processor::stable_log] Program ComputeBudget111111111111111111111111111111 invoke [1]
[2025-11-05T06:35:21.862621000Z DEBUG solana_runtime::message_processor::stable_log] Program ComputeBudget111111111111111111111111111111 success
[2025-11-05T06:35:21.862634000Z DEBUG solana_runtime::message_processor::stable_log] Program 5B57SJ3g2YoNXUpsZqqjEQkRSxyKtVTQRXdgAirz6bio invoke [1]
[2025-11-05T06:35:21.862793000Z DEBUG solana_runtime::message_processor::stable_log] Program log: Instruction: CrankDistribution
[2025-11-05T06:35:21.863405000Z DEBUG solana_runtime::message_processor::stable_log] Program log: === DEBUG: Before claiming fees ===
[2025-11-05T06:35:21.863424000Z DEBUG solana_runtime::message_processor::stable_log] Program log: Pool collect_fee_mode: 1
[2025-11-05T06:35:21.863537000Z DEBUG solana_runtime::message_processor::stable_log] Program log: Pool token_a_mint: BZZAQ2Gk8AJh5GdYZ19uCvGhdWCXPvR3sMMWpf8VProm
[2025-11-05T06:35:21.863645000Z DEBUG solana_runtime::message_processor::stable_log] Program log: Pool token_b_mint: BShihbEis9u21FKZesx8mD4MfdLCN9iY61ZiT1u17Tre
[2025-11-05T06:35:21.863755000Z DEBUG solana_runtime::message_processor::stable_log] Program log: Quote mint: BShihbEis9u21FKZesx8mD4MfdLCN9iY61ZiT1u17Tre
[2025-11-05T06:35:21.863863000Z DEBUG solana_runtime::message_processor::stable_log] Program log: Base mint: BZZAQ2Gk8AJh5GdYZ19uCvGhdWCXPvR3sMMWpf8VProm
[2025-11-05T06:35:21.863878000Z DEBUG solana_runtime::message_processor::stable_log] Program log: Position unlocked_liquidity: 1844674407370955161600
[2025-11-05T06:35:21.863885000Z DEBUG solana_runtime::message_processor::stable_log] Program log: Position vested_liquidity: 0
[2025-11-05T06:35:21.863892000Z DEBUG solana_runtime::message_processor::stable_log] Program log: Position permanent_locked_liquidity: 0
[2025-11-05T06:35:21.863897000Z DEBUG solana_runtime::message_processor::stable_log] Program log: Position fee_a_pending: 0
[2025-11-05T06:35:21.863902000Z DEBUG solana_runtime::message_processor::stable_log] Program log: Position fee_b_pending: 0
[2025-11-05T06:35:21.863908000Z DEBUG solana_runtime::message_processor::stable_log] Program log: Position fee_a_checkpoint (first 8 bytes): 0
[2025-11-05T06:35:21.863913000Z DEBUG solana_runtime::message_processor::stable_log] Program log: Position fee_b_checkpoint (first 8 bytes): 0
[2025-11-05T06:35:21.863919000Z DEBUG solana_runtime::message_processor::stable_log] Program log: Pool fee_a_per_liquidity (first 8 bytes): 0
[2025-11-05T06:35:21.863924000Z DEBUG solana_runtime::message_processor::stable_log] Program log: Pool fee_b_per_liquidity (first 8 bytes): 0
[2025-11-05T06:35:21.863936000Z DEBUG solana_runtime::message_processor::stable_log] Program log: Pool liquidity: 3689348814741910323200
[2025-11-05T06:35:21.863944000Z DEBUG solana_runtime::message_processor::stable_log] Program log: Treasury quote balance before: 99999999999999999
[2025-11-05T06:35:21.863951000Z DEBUG solana_runtime::message_processor::stable_log] Program log: Treasury base balance before: 99999785255671124
[2025-11-05T06:35:21.863952000Z DEBUG solana_runtime::message_processor::stable_log] Program log: Claiming position fees from CP-AMM
[2025-11-05T06:35:21.864061000Z DEBUG solana_runtime::message_processor::stable_log] Program ASmKWt93JEMHxbdE6j7znD9y2FcdPboCzC3xtSTJvN7S invoke [2]
[2025-11-05T06:35:21.864143000Z DEBUG solana_runtime::message_processor::stable_log] Program log: Instruction: ClaimPositionFee
[2025-11-05T06:35:21.864440000Z DEBUG solana_runtime::message_processor::stable_log] Program TokenkegQfeZyiNwAJbNbGKPFXCWuBvf9Ss623VQ5DA invoke [3]
[2025-11-05T06:35:21.864486000Z DEBUG solana_runtime::message_processor::stable_log] Program log: Instruction: TransferChecked
[2025-11-05T06:35:21.864566000Z DEBUG solana_runtime::message_processor::stable_log] Program TokenkegQfeZyiNwAJbNbGKPFXCWuBvf9Ss623VQ5DA consumed 6174 of 275282 compute units
[2025-11-05T06:35:21.864577000Z DEBUG solana_runtime::message_processor::stable_log] Program TokenkegQfeZyiNwAJbNbGKPFXCWuBvf9Ss623VQ5DA success
[2025-11-05T06:35:21.864620000Z DEBUG solana_runtime::message_processor::stable_log] Program ASmKWt93JEMHxbdE6j7znD9y2FcdPboCzC3xtSTJvN7S invoke [3]
[2025-11-05T06:35:21.864651000Z DEBUG solana_runtime::message_processor::stable_log] Program ASmKWt93JEMHxbdE6j7znD9y2FcdPboCzC3xtSTJvN7S consumed 2069 of 266368 compute units
[2025-11-05T06:35:21.864658000Z DEBUG solana_runtime::message_processor::stable_log] Program ASmKWt93JEMHxbdE6j7znD9y2FcdPboCzC3xtSTJvN7S success
[2025-11-05T06:35:21.864677000Z DEBUG solana_runtime::message_processor::stable_log] Program ASmKWt93JEMHxbdE6j7znD9y2FcdPboCzC3xtSTJvN7S consumed 30035 of 293793 compute units
[2025-11-05T06:35:21.864686000Z DEBUG solana_runtime::message_processor::stable_log] Program ASmKWt93JEMHxbdE6j7znD9y2FcdPboCzC3xtSTJvN7S success
[2025-11-05T06:35:21.864725000Z DEBUG solana_runtime::message_processor::stable_log] Program log: === DEBUG: After claiming fees ===
[2025-11-05T06:35:21.864737000Z DEBUG solana_runtime::message_processor::stable_log] Program log: Treasury quote balance after: 100000000000049999
[2025-11-05T06:35:21.864745000Z DEBUG solana_runtime::message_processor::stable_log] Program log: Treasury base balance after: 99999785255671124
[2025-11-05T06:35:21.864752000Z DEBUG solana_runtime::message_processor::stable_log] Program log: Quote tokens claimed: 50000
[2025-11-05T06:35:21.864761000Z DEBUG solana_runtime::message_processor::stable_log] Program data: fzkUsNcjWlixe+Vyllzk8kbI1xf53TdBAT2gBFXfC4eIcLau9tTuR1DDAAAAAAAAKfAKaQAAAAA=
[2025-11-05T06:35:21.864985000Z DEBUG solana_runtime::message_processor::stable_log] Program TokenkegQfeZyiNwAJbNbGKPFXCWuBvf9Ss623VQ5DA invoke [2]
[2025-11-05T06:35:21.865019000Z DEBUG solana_runtime::message_processor::stable_log] Program log: Instruction: TransferChecked
[2025-11-05T06:35:21.865088000Z DEBUG solana_runtime::message_processor::stable_log] Program TokenkegQfeZyiNwAJbNbGKPFXCWuBvf9Ss623VQ5DA consumed 6174 of 245913 compute units
[2025-11-05T06:35:21.865097000Z DEBUG solana_runtime::message_processor::stable_log] Program TokenkegQfeZyiNwAJbNbGKPFXCWuBvf9Ss623VQ5DA success
[2025-11-05T06:35:21.865157000Z DEBUG solana_runtime::message_processor::stable_log] Program TokenkegQfeZyiNwAJbNbGKPFXCWuBvf9Ss623VQ5DA invoke [2]
[2025-11-05T06:35:21.865186000Z DEBUG solana_runtime::message_processor::stable_log] Program log: Instruction: TransferChecked
[2025-11-05T06:35:21.865251000Z DEBUG solana_runtime::message_processor::stable_log] Program TokenkegQfeZyiNwAJbNbGKPFXCWuBvf9Ss623VQ5DA consumed 6174 of 236352 compute units
[2025-11-05T06:35:21.865259000Z DEBUG solana_runtime::message_processor::stable_log] Program TokenkegQfeZyiNwAJbNbGKPFXCWuBvf9Ss623VQ5DA success
[2025-11-05T06:35:21.865322000Z DEBUG solana_runtime::message_processor::stable_log] Program TokenkegQfeZyiNwAJbNbGKPFXCWuBvf9Ss623VQ5DA invoke [2]
[2025-11-05T06:35:21.865351000Z DEBUG solana_runtime::message_processor::stable_log] Program log: Instruction: TransferChecked
[2025-11-05T06:35:21.865417000Z DEBUG solana_runtime::message_processor::stable_log] Program TokenkegQfeZyiNwAJbNbGKPFXCWuBvf9Ss623VQ5DA consumed 6174 of 226791 compute units
[2025-11-05T06:35:21.865426000Z DEBUG solana_runtime::message_processor::stable_log] Program TokenkegQfeZyiNwAJbNbGKPFXCWuBvf9Ss623VQ5DA success
[2025-11-05T06:35:21.865474000Z DEBUG solana_runtime::message_processor::stable_log] Program TokenkegQfeZyiNwAJbNbGKPFXCWuBvf9Ss623VQ5DA invoke [2]
[2025-11-05T06:35:21.865505000Z DEBUG solana_runtime::message_processor::stable_log] Program log: Instruction: TransferChecked
[2025-11-05T06:35:21.865605000Z DEBUG solana_runtime::message_processor::stable_log] Program TokenkegQfeZyiNwAJbNbGKPFXCWuBvf9Ss623VQ5DA consumed 6174 of 217740 compute units
[2025-11-05T06:35:21.865666000Z DEBUG solana_runtime::message_processor::stable_log] Program TokenkegQfeZyiNwAJbNbGKPFXCWuBvf9Ss623VQ5DA success
[2025-11-05T06:35:21.865679000Z DEBUG solana_runtime::message_processor::stable_log] Program data: jhY1V/E9sS2xe+Vyllzk8kbI1xf53TdBAT2gBFXfC4eIcLau9tTuR6lhAAAAAAAAp2EAAAAAAAAp8AppAAAAAA==
[2025-11-05T06:35:21.865684000Z DEBUG solana_runtime::message_processor::stable_log] Program data: KjXqZeHwy3mxe+Vyllzk8kbI1xf53TdBAT2gBFXfC4eIcLau9tTuRwAAAAADAAAAAwAAAKdhAAAAAAAAAAAAAAAAAAAp8AppAAAAAA==
[2025-11-05T06:35:21.865721000Z DEBUG solana_runtime::message_processor::stable_log] Program 5B57SJ3g2YoNXUpsZqqjEQkRSxyKtVTQRXdgAirz6bio consumed 191059 of 399850 compute units
[2025-11-05T06:35:21.865733000Z DEBUG solana_runtime::message_processor::stable_log] Program 5B57SJ3g2YoNXUpsZqqjEQkRSxyKtVTQRXdgAirz6bio success
[2025-11-05T06:35:21.890134000Z DEBUG solana_runtime::message_processor::stable_log] Program ASmKWt93JEMHxbdE6j7znD9y2FcdPboCzC3xtSTJvN7S invoke [1]
[2025-11-05T06:35:21.890274000Z DEBUG solana_runtime::message_processor::stable_log] Program log: Instruction: Swap
[2025-11-05T06:35:21.890595000Z DEBUG solana_runtime::message_processor::stable_log] Program TokenkegQfeZyiNwAJbNbGKPFXCWuBvf9Ss623VQ5DA invoke [2]
[2025-11-05T06:35:21.890659000Z DEBUG solana_runtime::message_processor::stable_log] Program log: Instruction: TransferChecked
[2025-11-05T06:35:21.890770000Z DEBUG solana_runtime::message_processor::stable_log] Program TokenkegQfeZyiNwAJbNbGKPFXCWuBvf9Ss623VQ5DA consumed 6174 of 177317 compute units
[2025-11-05T06:35:21.890785000Z DEBUG solana_runtime::message_processor::stable_log] Program TokenkegQfeZyiNwAJbNbGKPFXCWuBvf9Ss623VQ5DA success
[2025-11-05T06:35:21.890835000Z DEBUG solana_runtime::message_processor::stable_log] Program TokenkegQfeZyiNwAJbNbGKPFXCWuBvf9Ss623VQ5DA invoke [2]
[2025-11-05T06:35:21.890867000Z DEBUG solana_runtime::message_processor::stable_log] Program log: Instruction: TransferChecked
[2025-11-05T06:35:21.890942000Z DEBUG solana_runtime::message_processor::stable_log] Program TokenkegQfeZyiNwAJbNbGKPFXCWuBvf9Ss623VQ5DA consumed 6269 of 168679 compute units
[2025-11-05T06:35:21.890950000Z DEBUG solana_runtime::message_processor::stable_log] Program TokenkegQfeZyiNwAJbNbGKPFXCWuBvf9Ss623VQ5DA success
[2025-11-05T06:35:21.891049000Z DEBUG solana_runtime::message_processor::stable_log] Program ASmKWt93JEMHxbdE6j7znD9y2FcdPboCzC3xtSTJvN7S invoke [2]
[2025-11-05T06:35:21.891083000Z DEBUG solana_runtime::message_processor::stable_log] Program ASmKWt93JEMHxbdE6j7znD9y2FcdPboCzC3xtSTJvN7S consumed 2069 of 156400 compute units
[2025-11-05T06:35:21.891091000Z DEBUG solana_runtime::message_processor::stable_log] Program ASmKWt93JEMHxbdE6j7znD9y2FcdPboCzC3xtSTJvN7S success
[2025-11-05T06:35:21.891148000Z DEBUG solana_runtime::message_processor::stable_log] Program ASmKWt93JEMHxbdE6j7znD9y2FcdPboCzC3xtSTJvN7S invoke [2]
[2025-11-05T06:35:21.891176000Z DEBUG solana_runtime::message_processor::stable_log] Program ASmKWt93JEMHxbdE6j7znD9y2FcdPboCzC3xtSTJvN7S consumed 2069 of 150702 compute units
[2025-11-05T06:35:21.891183000Z DEBUG solana_runtime::message_processor::stable_log] Program ASmKWt93JEMHxbdE6j7znD9y2FcdPboCzC3xtSTJvN7S success
[2025-11-05T06:35:21.891202000Z DEBUG solana_runtime::message_processor::stable_log] Program ASmKWt93JEMHxbdE6j7znD9y2FcdPboCzC3xtSTJvN7S consumed 51901 of 200000 compute units
[2025-11-05T06:35:21.891211000Z DEBUG solana_runtime::message_processor::stable_log] Program ASmKWt93JEMHxbdE6j7znD9y2FcdPboCzC3xtSTJvN7S success
[2025-11-05T06:35:21.911864000Z DEBUG solana_runtime::message_processor::stable_log] Program ComputeBudget111111111111111111111111111111 invoke [1]
[2025-11-05T06:35:21.911879000Z DEBUG solana_runtime::message_processor::stable_log] Program ComputeBudget111111111111111111111111111111 success
[2025-11-05T06:35:21.911888000Z DEBUG solana_runtime::message_processor::stable_log] Program 5B57SJ3g2YoNXUpsZqqjEQkRSxyKtVTQRXdgAirz6bio invoke [1]
[2025-11-05T06:35:21.912029000Z DEBUG solana_runtime::message_processor::stable_log] Program log: Instruction: CrankDistribution
[2025-11-05T06:35:21.912360000Z DEBUG solana_runtime::message_processor::stable_log] Program log: AnchorError thrown in programs/fee_router/src/instructions/crank_distribution.rs:150. Error Code: CrankWindowNotReached. Error Number: 12002. Error Message: 24-hour crank window not reached - distribution too early.
[2025-11-05T06:35:21.912375000Z DEBUG solana_runtime::message_processor::stable_log] Program 5B57SJ3g2YoNXUpsZqqjEQkRSxyKtVTQRXdgAirz6bio consumed 32417 of 399850 compute units
[2025-11-05T06:35:21.912384000Z DEBUG solana_runtime::message_processor::stable_log] Program 5B57SJ3g2YoNXUpsZqqjEQkRSxyKtVTQRXdgAirz6bio failed: custom program error: 0x2ee2
      ✔ Should reject crank before 24h window expires (129ms)
[2025-11-05T06:35:21.914053000Z INFO  solana_program_test] "cp_amm" SBF program from ./target/deploy/cp_amm.so, modified 24 minutes, 29 seconds, 261 ms, 369 µs and 203 ns ago
[2025-11-05T06:35:21.914220000Z INFO  solana_program_test] "fee_router" SBF program from ./target/deploy/fee_router.so, modified 31 seconds, 998 ms, 479 µs and 331 ns ago
[2025-11-05T06:35:21.914356000Z INFO  solana_program_test] "transfer_hook_counter" SBF program from tests/fixtures/transfer_hook_counter.so, modified 3 weeks, 22 hours, 58 minutes, 56 seconds, 739 ms, 955 µs and 196 ns ago
[2025-11-05T06:35:21.914552000Z INFO  solana_program_test] "alpha_vault" SBF program from tests/fixtures/alpha_vault.so, modified 3 weeks, 22 hours, 58 minutes, 56 seconds, 740 ms, 838 µs and 72 ns ago
[2025-11-05T06:35:21.914801000Z INFO  solana_program_test] "streamflow" SBF program from tests/fixtures/streamflow.so, modified 3 weeks, 6 hours, 59 minutes, 6 seconds, 625 ms, 717 µs and 387 ns ago
[2025-11-05T06:35:21.915116000Z INFO  solana_program_test] "cp_amm" SBF program from ./target/deploy/cp_amm.so, modified 24 minutes, 29 seconds, 262 ms, 433 µs and 203 ns ago
[2025-11-05T06:35:21.915255000Z INFO  solana_program_test] "fee_router" SBF program from ./target/deploy/fee_router.so, modified 31 seconds, 999 ms, 515 µs and 331 ns ago
[2025-11-05T06:35:21.933659000Z INFO  solana_program_test] Overriding account at ASmKWt93JEMHxbdE6j7znD9y2FcdPboCzC3xtSTJvN7S
[2025-11-05T06:35:21.933672000Z INFO  solana_program_test] Overriding account at 5B57SJ3g2YoNXUpsZqqjEQkRSxyKtVTQRXdgAirz6bio
[2025-11-05T06:35:21.945380000Z DEBUG solana_runtime::message_processor::stable_log] Program 11111111111111111111111111111111 invoke [1]
[2025-11-05T06:35:21.945402000Z DEBUG solana_runtime::message_processor::stable_log] Program 11111111111111111111111111111111 success
[2025-11-05T06:35:21.950110000Z DEBUG solana_runtime::message_processor::stable_log] Program 11111111111111111111111111111111 invoke [1]
[2025-11-05T06:35:21.950123000Z DEBUG solana_runtime::message_processor::stable_log] Program 11111111111111111111111111111111 success
[2025-11-05T06:35:21.954569000Z DEBUG solana_runtime::message_processor::stable_log] Program 11111111111111111111111111111111 invoke [1]
[2025-11-05T06:35:21.954576000Z DEBUG solana_runtime::message_processor::stable_log] Program 11111111111111111111111111111111 success
[2025-11-05T06:35:21.958879000Z DEBUG solana_runtime::message_processor::stable_log] Program 11111111111111111111111111111111 invoke [1]
[2025-11-05T06:35:21.958890000Z DEBUG solana_runtime::message_processor::stable_log] Program 11111111111111111111111111111111 success
[2025-11-05T06:35:21.967334000Z DEBUG solana_runtime::message_processor::stable_log] Program 11111111111111111111111111111111 invoke [1]
[2025-11-05T06:35:21.967345000Z DEBUG solana_runtime::message_processor::stable_log] Program 11111111111111111111111111111111 success
[2025-11-05T06:35:21.967348000Z DEBUG solana_runtime::message_processor::stable_log] Program TokenkegQfeZyiNwAJbNbGKPFXCWuBvf9Ss623VQ5DA invoke [1]
[2025-11-05T06:35:21.967394000Z DEBUG solana_runtime::message_processor::stable_log] Program log: Instruction: InitializeMint2
[2025-11-05T06:35:21.967428000Z DEBUG solana_runtime::message_processor::stable_log] Program TokenkegQfeZyiNwAJbNbGKPFXCWuBvf9Ss623VQ5DA consumed 2779 of 399850 compute units
[2025-11-05T06:35:21.967437000Z DEBUG solana_runtime::message_processor::stable_log] Program TokenkegQfeZyiNwAJbNbGKPFXCWuBvf9Ss623VQ5DA success
[2025-11-05T06:35:21.975425000Z DEBUG solana_runtime::message_processor::stable_log] Program 11111111111111111111111111111111 invoke [1]
[2025-11-05T06:35:21.975440000Z DEBUG solana_runtime::message_processor::stable_log] Program 11111111111111111111111111111111 success
[2025-11-05T06:35:21.975448000Z DEBUG solana_runtime::message_processor::stable_log] Program TokenkegQfeZyiNwAJbNbGKPFXCWuBvf9Ss623VQ5DA invoke [1]
[2025-11-05T06:35:21.975496000Z DEBUG solana_runtime::message_processor::stable_log] Program log: Instruction: InitializeMint2
[2025-11-05T06:35:21.975530000Z DEBUG solana_runtime::message_processor::stable_log] Program TokenkegQfeZyiNwAJbNbGKPFXCWuBvf9Ss623VQ5DA consumed 2779 of 399850 compute units
[2025-11-05T06:35:21.975540000Z DEBUG solana_runtime::message_processor::stable_log] Program TokenkegQfeZyiNwAJbNbGKPFXCWuBvf9Ss623VQ5DA success
[2025-11-05T06:35:21.981091000Z DEBUG solana_runtime::message_processor::stable_log] Program ATokenGPvbdGVxr1b2hvZbsiqW5xWH25efTNsLJA8knL invoke [1]
[2025-11-05T06:35:21.981184000Z DEBUG solana_runtime::message_processor::stable_log] Program log: Create
[2025-11-05T06:35:21.981264000Z DEBUG solana_runtime::message_processor::stable_log] Program TokenkegQfeZyiNwAJbNbGKPFXCWuBvf9Ss623VQ5DA invoke [2]
[2025-11-05T06:35:21.981296000Z DEBUG solana_runtime::message_processor::stable_log] Program log: Instruction: GetAccountDataSize
[2025-11-05T06:35:21.981312000Z DEBUG solana_runtime::message_processor::stable_log] Program TokenkegQfeZyiNwAJbNbGKPFXCWuBvf9Ss623VQ5DA consumed 1595 of 188555 compute units
[2025-11-05T06:35:21.981320000Z DEBUG solana_runtime::message_processor::stable_log] Program return: TokenkegQfeZyiNwAJbNbGKPFXCWuBvf9Ss623VQ5DA pQAAAAAAAAA=
[2025-11-05T06:35:21.981329000Z DEBUG solana_runtime::message_processor::stable_log] Program TokenkegQfeZyiNwAJbNbGKPFXCWuBvf9Ss623VQ5DA success
[2025-11-05T06:35:21.981383000Z DEBUG solana_runtime::message_processor::stable_log] Program 11111111111111111111111111111111 invoke [2]
[2025-11-05T06:35:21.981390000Z DEBUG solana_runtime::message_processor::stable_log] Program 11111111111111111111111111111111 success
[2025-11-05T06:35:21.981395000Z DEBUG solana_runtime::message_processor::stable_log] Program log: Initialize the associated token account
[2025-11-05T06:35:21.981413000Z DEBUG solana_runtime::message_processor::stable_log] Program TokenkegQfeZyiNwAJbNbGKPFXCWuBvf9Ss623VQ5DA invoke [2]
[2025-11-05T06:35:21.981438000Z DEBUG solana_runtime::message_processor::stable_log] Program log: Instruction: InitializeImmutableOwner
[2025-11-05T06:35:21.981454000Z DEBUG solana_runtime::message_processor::stable_log] Program log: Please upgrade to SPL Token 2022 for immutable owner support
[2025-11-05T06:35:21.981460000Z DEBUG solana_runtime::message_processor::stable_log] Program TokenkegQfeZyiNwAJbNbGKPFXCWuBvf9Ss623VQ5DA consumed 1405 of 181942 compute units
[2025-11-05T06:35:21.981470000Z DEBUG solana_runtime::message_processor::stable_log] Program TokenkegQfeZyiNwAJbNbGKPFXCWuBvf9Ss623VQ5DA success
[2025-11-05T06:35:21.981502000Z DEBUG solana_runtime::message_processor::stable_log] Program TokenkegQfeZyiNwAJbNbGKPFXCWuBvf9Ss623VQ5DA invoke [2]
[2025-11-05T06:35:21.981531000Z DEBUG solana_runtime::message_processor::stable_log] Program log: Instruction: InitializeAccount3
[2025-11-05T06:35:21.981590000Z DEBUG solana_runtime::message_processor::stable_log] Program TokenkegQfeZyiNwAJbNbGKPFXCWuBvf9Ss623VQ5DA consumed 4214 of 178058 compute units
[2025-11-05T06:35:21.981598000Z DEBUG solana_runtime::message_processor::stable_log] Program TokenkegQfeZyiNwAJbNbGKPFXCWuBvf9Ss623VQ5DA success
[2025-11-05T06:35:21.981611000Z DEBUG solana_runtime::message_processor::stable_log] Program ATokenGPvbdGVxr1b2hvZbsiqW5xWH25efTNsLJA8knL consumed 26460 of 200000 compute units
[2025-11-05T06:35:21.981619000Z DEBUG solana_runtime::message_processor::stable_log] Program ATokenGPvbdGVxr1b2hvZbsiqW5xWH25efTNsLJA8knL success
[2025-11-05T06:35:21.986814000Z DEBUG solana_runtime::message_processor::stable_log] Program TokenkegQfeZyiNwAJbNbGKPFXCWuBvf9Ss623VQ5DA invoke [1]
[2025-11-05T06:35:21.986910000Z DEBUG solana_runtime::message_processor::stable_log] Program log: Instruction: MintTo
[2025-11-05T06:35:21.987084000Z DEBUG solana_runtime::message_processor::stable_log] Program TokenkegQfeZyiNwAJbNbGKPFXCWuBvf9Ss623VQ5DA consumed 4491 of 200000 compute units
[2025-11-05T06:35:21.987100000Z DEBUG solana_runtime::message_processor::stable_log] Program TokenkegQfeZyiNwAJbNbGKPFXCWuBvf9Ss623VQ5DA success
[2025-11-05T06:35:21.994256000Z DEBUG solana_runtime::message_processor::stable_log] Program ATokenGPvbdGVxr1b2hvZbsiqW5xWH25efTNsLJA8knL invoke [1]
[2025-11-05T06:35:21.994330000Z DEBUG solana_runtime::message_processor::stable_log] Program log: Create
[2025-11-05T06:35:21.994387000Z DEBUG solana_runtime::message_processor::stable_log] Program TokenkegQfeZyiNwAJbNbGKPFXCWuBvf9Ss623VQ5DA invoke [2]
[2025-11-05T06:35:21.994424000Z DEBUG solana_runtime::message_processor::stable_log] Program log: Instruction: GetAccountDataSize
[2025-11-05T06:35:21.994442000Z DEBUG solana_runtime::message_processor::stable_log] Program TokenkegQfeZyiNwAJbNbGKPFXCWuBvf9Ss623VQ5DA consumed 1595 of 193055 compute units
[2025-11-05T06:35:21.994450000Z DEBUG solana_runtime::message_processor::stable_log] Program return: TokenkegQfeZyiNwAJbNbGKPFXCWuBvf9Ss623VQ5DA pQAAAAAAAAA=
[2025-11-05T06:35:21.994469000Z DEBUG solana_runtime::message_processor::stable_log] Program TokenkegQfeZyiNwAJbNbGKPFXCWuBvf9Ss623VQ5DA success
[2025-11-05T06:35:21.994524000Z DEBUG solana_runtime::message_processor::stable_log] Program 11111111111111111111111111111111 invoke [2]
[2025-11-05T06:35:21.994531000Z DEBUG solana_runtime::message_processor::stable_log] Program 11111111111111111111111111111111 success
[2025-11-05T06:35:21.994536000Z DEBUG solana_runtime::message_processor::stable_log] Program log: Initialize the associated token account
[2025-11-05T06:35:21.994554000Z DEBUG solana_runtime::message_processor::stable_log] Program TokenkegQfeZyiNwAJbNbGKPFXCWuBvf9Ss623VQ5DA invoke [2]
[2025-11-05T06:35:21.994576000Z DEBUG solana_runtime::message_processor::stable_log] Program log: Instruction: InitializeImmutableOwner
[2025-11-05T06:35:21.994587000Z DEBUG solana_runtime::message_processor::stable_log] Program log: Please upgrade to SPL Token 2022 for immutable owner support
[2025-11-05T06:35:21.994590000Z DEBUG solana_runtime::message_processor::stable_log] Program TokenkegQfeZyiNwAJbNbGKPFXCWuBvf9Ss623VQ5DA consumed 1405 of 186442 compute units
[2025-11-05T06:35:21.994597000Z DEBUG solana_runtime::message_processor::stable_log] Program TokenkegQfeZyiNwAJbNbGKPFXCWuBvf9Ss623VQ5DA success
[2025-11-05T06:35:21.994630000Z DEBUG solana_runtime::message_processor::stable_log] Program TokenkegQfeZyiNwAJbNbGKPFXCWuBvf9Ss623VQ5DA invoke [2]
[2025-11-05T06:35:21.994657000Z DEBUG solana_runtime::message_processor::stable_log] Program log: Instruction: InitializeAccount3
[2025-11-05T06:35:21.994709000Z DEBUG solana_runtime::message_processor::stable_log] Program TokenkegQfeZyiNwAJbNbGKPFXCWuBvf9Ss623VQ5DA consumed 4214 of 182558 compute units
[2025-11-05T06:35:21.994717000Z DEBUG solana_runtime::message_processor::stable_log] Program TokenkegQfeZyiNwAJbNbGKPFXCWuBvf9Ss623VQ5DA success
[2025-11-05T06:35:21.994728000Z DEBUG solana_runtime::message_processor::stable_log] Program ATokenGPvbdGVxr1b2hvZbsiqW5xWH25efTNsLJA8knL consumed 21960 of 200000 compute units
[2025-11-05T06:35:21.994738000Z DEBUG solana_runtime::message_processor::stable_log] Program ATokenGPvbdGVxr1b2hvZbsiqW5xWH25efTNsLJA8knL success
[2025-11-05T06:35:22.008027000Z DEBUG solana_runtime::message_processor::stable_log] Program TokenkegQfeZyiNwAJbNbGKPFXCWuBvf9Ss623VQ5DA invoke [1]
[2025-11-05T06:35:22.008091000Z DEBUG solana_runtime::message_processor::stable_log] Program log: Instruction: MintTo
[2025-11-05T06:35:22.008174000Z DEBUG solana_runtime::message_processor::stable_log] Program TokenkegQfeZyiNwAJbNbGKPFXCWuBvf9Ss623VQ5DA consumed 4491 of 200000 compute units
[2025-11-05T06:35:22.008184000Z DEBUG solana_runtime::message_processor::stable_log] Program TokenkegQfeZyiNwAJbNbGKPFXCWuBvf9Ss623VQ5DA success
[2025-11-05T06:35:22.013401000Z DEBUG solana_runtime::message_processor::stable_log] Program ATokenGPvbdGVxr1b2hvZbsiqW5xWH25efTNsLJA8knL invoke [1]
[2025-11-05T06:35:22.013482000Z DEBUG solana_runtime::message_processor::stable_log] Program log: Create
[2025-11-05T06:35:22.013557000Z DEBUG solana_runtime::message_processor::stable_log] Program TokenkegQfeZyiNwAJbNbGKPFXCWuBvf9Ss623VQ5DA invoke [2]
[2025-11-05T06:35:22.013616000Z DEBUG solana_runtime::message_processor::stable_log] Program log: Instruction: GetAccountDataSize
[2025-11-05T06:35:22.013635000Z DEBUG solana_runtime::message_processor::stable_log] Program TokenkegQfeZyiNwAJbNbGKPFXCWuBvf9Ss623VQ5DA consumed 1595 of 193055 compute units
[2025-11-05T06:35:22.013647000Z DEBUG solana_runtime::message_processor::stable_log] Program return: TokenkegQfeZyiNwAJbNbGKPFXCWuBvf9Ss623VQ5DA pQAAAAAAAAA=
[2025-11-05T06:35:22.013656000Z DEBUG solana_runtime::message_processor::stable_log] Program TokenkegQfeZyiNwAJbNbGKPFXCWuBvf9Ss623VQ5DA success
[2025-11-05T06:35:22.013714000Z DEBUG solana_runtime::message_processor::stable_log] Program 11111111111111111111111111111111 invoke [2]
[2025-11-05T06:35:22.013722000Z DEBUG solana_runtime::message_processor::stable_log] Program 11111111111111111111111111111111 success
[2025-11-05T06:35:22.013727000Z DEBUG solana_runtime::message_processor::stable_log] Program log: Initialize the associated token account
[2025-11-05T06:35:22.013745000Z DEBUG solana_runtime::message_processor::stable_log] Program TokenkegQfeZyiNwAJbNbGKPFXCWuBvf9Ss623VQ5DA invoke [2]
[2025-11-05T06:35:22.013770000Z DEBUG solana_runtime::message_processor::stable_log] Program log: Instruction: InitializeImmutableOwner
[2025-11-05T06:35:22.013781000Z DEBUG solana_runtime::message_processor::stable_log] Program log: Please upgrade to SPL Token 2022 for immutable owner support
[2025-11-05T06:35:22.013784000Z DEBUG solana_runtime::message_processor::stable_log] Program TokenkegQfeZyiNwAJbNbGKPFXCWuBvf9Ss623VQ5DA consumed 1405 of 186442 compute units
[2025-11-05T06:35:22.013791000Z DEBUG solana_runtime::message_processor::stable_log] Program TokenkegQfeZyiNwAJbNbGKPFXCWuBvf9Ss623VQ5DA success
[2025-11-05T06:35:22.013827000Z DEBUG solana_runtime::message_processor::stable_log] Program TokenkegQfeZyiNwAJbNbGKPFXCWuBvf9Ss623VQ5DA invoke [2]
[2025-11-05T06:35:22.013854000Z DEBUG solana_runtime::message_processor::stable_log] Program log: Instruction: InitializeAccount3
[2025-11-05T06:35:22.013910000Z DEBUG solana_runtime::message_processor::stable_log] Program TokenkegQfeZyiNwAJbNbGKPFXCWuBvf9Ss623VQ5DA consumed 4214 of 182558 compute units
[2025-11-05T06:35:22.013918000Z DEBUG solana_runtime::message_processor::stable_log] Program TokenkegQfeZyiNwAJbNbGKPFXCWuBvf9Ss623VQ5DA success
[2025-11-05T06:35:22.013930000Z DEBUG solana_runtime::message_processor::stable_log] Program ATokenGPvbdGVxr1b2hvZbsiqW5xWH25efTNsLJA8knL consumed 21960 of 200000 compute units
[2025-11-05T06:35:22.013939000Z DEBUG solana_runtime::message_processor::stable_log] Program ATokenGPvbdGVxr1b2hvZbsiqW5xWH25efTNsLJA8knL success
[2025-11-05T06:35:22.017150000Z DEBUG solana_runtime::message_processor::stable_log] Program TokenkegQfeZyiNwAJbNbGKPFXCWuBvf9Ss623VQ5DA invoke [1]
[2025-11-05T06:35:22.017196000Z DEBUG solana_runtime::message_processor::stable_log] Program log: Instruction: MintTo
[2025-11-05T06:35:22.017251000Z DEBUG solana_runtime::message_processor::stable_log] Program TokenkegQfeZyiNwAJbNbGKPFXCWuBvf9Ss623VQ5DA consumed 4491 of 200000 compute units
[2025-11-05T06:35:22.017259000Z DEBUG solana_runtime::message_processor::stable_log] Program TokenkegQfeZyiNwAJbNbGKPFXCWuBvf9Ss623VQ5DA success
[2025-11-05T06:35:22.022037000Z DEBUG solana_runtime::message_processor::stable_log] Program ATokenGPvbdGVxr1b2hvZbsiqW5xWH25efTNsLJA8knL invoke [1]
[2025-11-05T06:35:22.022098000Z DEBUG solana_runtime::message_processor::stable_log] Program log: Create
[2025-11-05T06:35:22.022151000Z DEBUG solana_runtime::message_processor::stable_log] Program TokenkegQfeZyiNwAJbNbGKPFXCWuBvf9Ss623VQ5DA invoke [2]
[2025-11-05T06:35:22.022237000Z DEBUG solana_runtime::message_processor::stable_log] Program log: Instruction: GetAccountDataSize
[2025-11-05T06:35:22.022257000Z DEBUG solana_runtime::message_processor::stable_log] Program TokenkegQfeZyiNwAJbNbGKPFXCWuBvf9Ss623VQ5DA consumed 1595 of 193055 compute units
[2025-11-05T06:35:22.022265000Z DEBUG solana_runtime::message_processor::stable_log] Program return: TokenkegQfeZyiNwAJbNbGKPFXCWuBvf9Ss623VQ5DA pQAAAAAAAAA=
[2025-11-05T06:35:22.022272000Z DEBUG solana_runtime::message_processor::stable_log] Program TokenkegQfeZyiNwAJbNbGKPFXCWuBvf9Ss623VQ5DA success
[2025-11-05T06:35:22.022324000Z DEBUG solana_runtime::message_processor::stable_log] Program 11111111111111111111111111111111 invoke [2]
[2025-11-05T06:35:22.022330000Z DEBUG solana_runtime::message_processor::stable_log] Program 11111111111111111111111111111111 success
[2025-11-05T06:35:22.022335000Z DEBUG solana_runtime::message_processor::stable_log] Program log: Initialize the associated token account
[2025-11-05T06:35:22.022352000Z DEBUG solana_runtime::message_processor::stable_log] Program TokenkegQfeZyiNwAJbNbGKPFXCWuBvf9Ss623VQ5DA invoke [2]
[2025-11-05T06:35:22.022376000Z DEBUG solana_runtime::message_processor::stable_log] Program log: Instruction: InitializeImmutableOwner
[2025-11-05T06:35:22.022387000Z DEBUG solana_runtime::message_processor::stable_log] Program log: Please upgrade to SPL Token 2022 for immutable owner support
[2025-11-05T06:35:22.022390000Z DEBUG solana_runtime::message_processor::stable_log] Program TokenkegQfeZyiNwAJbNbGKPFXCWuBvf9Ss623VQ5DA consumed 1405 of 186442 compute units
[2025-11-05T06:35:22.022397000Z DEBUG solana_runtime::message_processor::stable_log] Program TokenkegQfeZyiNwAJbNbGKPFXCWuBvf9Ss623VQ5DA success
[2025-11-05T06:35:22.022429000Z DEBUG solana_runtime::message_processor::stable_log] Program TokenkegQfeZyiNwAJbNbGKPFXCWuBvf9Ss623VQ5DA invoke [2]
[2025-11-05T06:35:22.022455000Z DEBUG solana_runtime::message_processor::stable_log] Program log: Instruction: InitializeAccount3
[2025-11-05T06:35:22.022507000Z DEBUG solana_runtime::message_processor::stable_log] Program TokenkegQfeZyiNwAJbNbGKPFXCWuBvf9Ss623VQ5DA consumed 4214 of 182558 compute units
[2025-11-05T06:35:22.022514000Z DEBUG solana_runtime::message_processor::stable_log] Program TokenkegQfeZyiNwAJbNbGKPFXCWuBvf9Ss623VQ5DA success
[2025-11-05T06:35:22.022526000Z DEBUG solana_runtime::message_processor::stable_log] Program ATokenGPvbdGVxr1b2hvZbsiqW5xWH25efTNsLJA8knL consumed 21960 of 200000 compute units
[2025-11-05T06:35:22.022535000Z DEBUG solana_runtime::message_processor::stable_log] Program ATokenGPvbdGVxr1b2hvZbsiqW5xWH25efTNsLJA8knL success
[2025-11-05T06:35:22.025597000Z DEBUG solana_runtime::message_processor::stable_log] Program TokenkegQfeZyiNwAJbNbGKPFXCWuBvf9Ss623VQ5DA invoke [1]
[2025-11-05T06:35:22.025645000Z DEBUG solana_runtime::message_processor::stable_log] Program log: Instruction: MintTo
[2025-11-05T06:35:22.025746000Z DEBUG solana_runtime::message_processor::stable_log] Program TokenkegQfeZyiNwAJbNbGKPFXCWuBvf9Ss623VQ5DA consumed 4491 of 200000 compute units
[2025-11-05T06:35:22.025756000Z DEBUG solana_runtime::message_processor::stable_log] Program TokenkegQfeZyiNwAJbNbGKPFXCWuBvf9Ss623VQ5DA success
[2025-11-05T06:35:22.039678000Z DEBUG solana_runtime::message_processor::stable_log] Program ASmKWt93JEMHxbdE6j7znD9y2FcdPboCzC3xtSTJvN7S invoke [1]
[2025-11-05T06:35:22.039732000Z DEBUG solana_runtime::message_processor::stable_log] Program log: Instruction: CreateConfig
[2025-11-05T06:35:22.039824000Z DEBUG solana_runtime::message_processor::stable_log] Program 11111111111111111111111111111111 invoke [2]
[2025-11-05T06:35:22.039833000Z DEBUG solana_runtime::message_processor::stable_log] Program 11111111111111111111111111111111 success
[2025-11-05T06:35:22.039975000Z DEBUG solana_runtime::message_processor::stable_log] Program ASmKWt93JEMHxbdE6j7znD9y2FcdPboCzC3xtSTJvN7S invoke [2]
[2025-11-05T06:35:22.040030000Z DEBUG solana_runtime::message_processor::stable_log] Program ASmKWt93JEMHxbdE6j7znD9y2FcdPboCzC3xtSTJvN7S consumed 2069 of 184595 compute units
[2025-11-05T06:35:22.040040000Z DEBUG solana_runtime::message_processor::stable_log] Program ASmKWt93JEMHxbdE6j7znD9y2FcdPboCzC3xtSTJvN7S success
[2025-11-05T06:35:22.040054000Z DEBUG solana_runtime::message_processor::stable_log] Program ASmKWt93JEMHxbdE6j7znD9y2FcdPboCzC3xtSTJvN7S consumed 17779 of 200000 compute units
[2025-11-05T06:35:22.040063000Z DEBUG solana_runtime::message_processor::stable_log] Program ASmKWt93JEMHxbdE6j7znD9y2FcdPboCzC3xtSTJvN7S success
[2025-11-05T06:35:22.067112000Z DEBUG solana_runtime::message_processor::stable_log] Program ASmKWt93JEMHxbdE6j7znD9y2FcdPboCzC3xtSTJvN7S invoke [1]
[2025-11-05T06:35:22.067267000Z DEBUG solana_runtime::message_processor::stable_log] Program log: Instruction: InitializePool
[2025-11-05T06:35:22.067431000Z DEBUG solana_runtime::message_processor::stable_log] Program 11111111111111111111111111111111 invoke [2]
[2025-11-05T06:35:22.067445000Z DEBUG solana_runtime::message_processor::stable_log] Program 11111111111111111111111111111111 success
[2025-11-05T06:35:22.067477000Z DEBUG solana_runtime::message_processor::stable_log] Program TokenzQdBNbLqP5VEhdkAS6EPFLC1PHnBqCXEpPxuEb invoke [2]
[2025-11-05T06:35:22.067511000Z DEBUG solana_runtime::message_processor::stable_log] Program log: MetadataPointerInstruction::Initialize
[2025-11-05T06:35:22.067546000Z DEBUG solana_runtime::message_processor::stable_log] Program TokenzQdBNbLqP5VEhdkAS6EPFLC1PHnBqCXEpPxuEb consumed 2442 of 334963 compute units
[2025-11-05T06:35:22.067555000Z DEBUG solana_runtime::message_processor::stable_log] Program TokenzQdBNbLqP5VEhdkAS6EPFLC1PHnBqCXEpPxuEb success
[2025-11-05T06:35:22.067585000Z DEBUG solana_runtime::message_processor::stable_log] Program TokenzQdBNbLqP5VEhdkAS6EPFLC1PHnBqCXEpPxuEb invoke [2]
[2025-11-05T06:35:22.067607000Z DEBUG solana_runtime::message_processor::stable_log] Program log: Instruction: InitializeMintCloseAuthority
[2025-11-05T06:35:22.067638000Z DEBUG solana_runtime::message_processor::stable_log] Program TokenzQdBNbLqP5VEhdkAS6EPFLC1PHnBqCXEpPxuEb consumed 2570 of 330543 compute units
[2025-11-05T06:35:22.067645000Z DEBUG solana_runtime::message_processor::stable_log] Program TokenzQdBNbLqP5VEhdkAS6EPFLC1PHnBqCXEpPxuEb success
[2025-11-05T06:35:22.067674000Z DEBUG solana_runtime::message_processor::stable_log] Program TokenzQdBNbLqP5VEhdkAS6EPFLC1PHnBqCXEpPxuEb invoke [2]
[2025-11-05T06:35:22.067695000Z DEBUG solana_runtime::message_processor::stable_log] Program log: Instruction: InitializeMint2
[2025-11-05T06:35:22.067780000Z DEBUG solana_runtime::message_processor::stable_log] Program TokenzQdBNbLqP5VEhdkAS6EPFLC1PHnBqCXEpPxuEb consumed 4078 of 326031 compute units
[2025-11-05T06:35:22.067796000Z DEBUG solana_runtime::message_processor::stable_log] Program TokenzQdBNbLqP5VEhdkAS6EPFLC1PHnBqCXEpPxuEb success
[2025-11-05T06:35:22.067918000Z DEBUG solana_runtime::message_processor::stable_log] Program 11111111111111111111111111111111 invoke [2]
[2025-11-05T06:35:22.067923000Z DEBUG solana_runtime::message_processor::stable_log] Program 11111111111111111111111111111111 success
[2025-11-05T06:35:22.067950000Z DEBUG solana_runtime::message_processor::stable_log] Program TokenzQdBNbLqP5VEhdkAS6EPFLC1PHnBqCXEpPxuEb invoke [2]
[2025-11-05T06:35:22.067975000Z DEBUG solana_runtime::message_processor::stable_log] Program log: Instruction: InitializeAccount3
[2025-11-05T06:35:22.068063000Z DEBUG solana_runtime::message_processor::stable_log] Program TokenzQdBNbLqP5VEhdkAS6EPFLC1PHnBqCXEpPxuEb consumed 5137 of 312347 compute units
[2025-11-05T06:35:22.068076000Z DEBUG solana_runtime::message_processor::stable_log] Program TokenzQdBNbLqP5VEhdkAS6EPFLC1PHnBqCXEpPxuEb success
[2025-11-05T06:35:22.068183000Z DEBUG solana_runtime::message_processor::stable_log] Program 11111111111111111111111111111111 invoke [2]
[2025-11-05T06:35:22.068190000Z DEBUG solana_runtime::message_processor::stable_log] Program 11111111111111111111111111111111 success
[2025-11-05T06:35:22.068266000Z DEBUG solana_runtime::message_processor::stable_log] Program 11111111111111111111111111111111 invoke [2]
[2025-11-05T06:35:22.068270000Z DEBUG solana_runtime::message_processor::stable_log] Program 11111111111111111111111111111111 success
[2025-11-05T06:35:22.068337000Z DEBUG solana_runtime::message_processor::stable_log] Program 11111111111111111111111111111111 invoke [2]
[2025-11-05T06:35:22.068341000Z DEBUG solana_runtime::message_processor::stable_log] Program 11111111111111111111111111111111 success
[2025-11-05T06:35:22.068375000Z DEBUG solana_runtime::message_processor::stable_log] Program TokenkegQfeZyiNwAJbNbGKPFXCWuBvf9Ss623VQ5DA invoke [2]
[2025-11-05T06:35:22.068410000Z DEBUG solana_runtime::message_processor::stable_log] Program log: Instruction: InitializeAccount3
[2025-11-05T06:35:22.068467000Z DEBUG solana_runtime::message_processor::stable_log] Program TokenkegQfeZyiNwAJbNbGKPFXCWuBvf9Ss623VQ5DA consumed 4214 of 285748 compute units
[2025-11-05T06:35:22.068475000Z DEBUG solana_runtime::message_processor::stable_log] Program TokenkegQfeZyiNwAJbNbGKPFXCWuBvf9Ss623VQ5DA success
[2025-11-05T06:35:22.068565000Z DEBUG solana_runtime::message_processor::stable_log] Program 11111111111111111111111111111111 invoke [2]
[2025-11-05T06:35:22.068569000Z DEBUG solana_runtime::message_processor::stable_log] Program 11111111111111111111111111111111 success
[2025-11-05T06:35:22.068594000Z DEBUG solana_runtime::message_processor::stable_log] Program TokenkegQfeZyiNwAJbNbGKPFXCWuBvf9Ss623VQ5DA invoke [2]
[2025-11-05T06:35:22.068619000Z DEBUG solana_runtime::message_processor::stable_log] Program log: Instruction: InitializeAccount3
[2025-11-05T06:35:22.068669000Z DEBUG solana_runtime::message_processor::stable_log] Program TokenkegQfeZyiNwAJbNbGKPFXCWuBvf9Ss623VQ5DA consumed 4214 of 272609 compute units
[2025-11-05T06:35:22.068676000Z DEBUG solana_runtime::message_processor::stable_log] Program TokenkegQfeZyiNwAJbNbGKPFXCWuBvf9Ss623VQ5DA success
[2025-11-05T06:35:22.068885000Z DEBUG solana_runtime::message_processor::stable_log] Program TokenzQdBNbLqP5VEhdkAS6EPFLC1PHnBqCXEpPxuEb invoke [2]
[2025-11-05T06:35:22.068933000Z DEBUG solana_runtime::message_processor::stable_log] Program log: TokenMetadataInstruction: Initialize
[2025-11-05T06:35:22.069130000Z DEBUG solana_runtime::message_processor::stable_log] Program TokenzQdBNbLqP5VEhdkAS6EPFLC1PHnBqCXEpPxuEb consumed 9900 of 256107 compute units
[2025-11-05T06:35:22.069142000Z DEBUG solana_runtime::message_processor::stable_log] Program TokenzQdBNbLqP5VEhdkAS6EPFLC1PHnBqCXEpPxuEb success
[2025-11-05T06:35:22.069183000Z DEBUG solana_runtime::message_processor::stable_log] Program 11111111111111111111111111111111 invoke [2]
[2025-11-05T06:35:22.069186000Z DEBUG solana_runtime::message_processor::stable_log] Program 11111111111111111111111111111111 success
[2025-11-05T06:35:22.069225000Z DEBUG solana_runtime::message_processor::stable_log] Program TokenzQdBNbLqP5VEhdkAS6EPFLC1PHnBqCXEpPxuEb invoke [2]
[2025-11-05T06:35:22.069258000Z DEBUG solana_runtime::message_processor::stable_log] Program log: Instruction: MintTo
[2025-11-05T06:35:22.069332000Z DEBUG solana_runtime::message_processor::stable_log] Program TokenzQdBNbLqP5VEhdkAS6EPFLC1PHnBqCXEpPxuEb consumed 5540 of 241145 compute units
[2025-11-05T06:35:22.069340000Z DEBUG solana_runtime::message_processor::stable_log] Program TokenzQdBNbLqP5VEhdkAS6EPFLC1PHnBqCXEpPxuEb success
[2025-11-05T06:35:22.069389000Z DEBUG solana_runtime::message_processor::stable_log] Program ASmKWt93JEMHxbdE6j7znD9y2FcdPboCzC3xtSTJvN7S invoke [2]
[2025-11-05T06:35:22.069422000Z DEBUG solana_runtime::message_processor::stable_log] Program ASmKWt93JEMHxbdE6j7znD9y2FcdPboCzC3xtSTJvN7S consumed 2069 of 232540 compute units
[2025-11-05T06:35:22.069433000Z DEBUG solana_runtime::message_processor::stable_log] Program ASmKWt93JEMHxbdE6j7znD9y2FcdPboCzC3xtSTJvN7S success
[2025-11-05T06:35:22.069477000Z DEBUG solana_runtime::message_processor::stable_log] Program TokenkegQfeZyiNwAJbNbGKPFXCWuBvf9Ss623VQ5DA invoke [2]
[2025-11-05T06:35:22.069512000Z DEBUG solana_runtime::message_processor::stable_log] Program log: Instruction: TransferChecked
[2025-11-05T06:35:22.069583000Z DEBUG solana_runtime::message_processor::stable_log] Program TokenkegQfeZyiNwAJbNbGKPFXCWuBvf9Ss623VQ5DA consumed 6174 of 227927 compute units
[2025-11-05T06:35:22.069591000Z DEBUG solana_runtime::message_processor::stable_log] Program TokenkegQfeZyiNwAJbNbGKPFXCWuBvf9Ss623VQ5DA success
[2025-11-05T06:35:22.069630000Z DEBUG solana_runtime::message_processor::stable_log] Program TokenkegQfeZyiNwAJbNbGKPFXCWuBvf9Ss623VQ5DA invoke [2]
[2025-11-05T06:35:22.069660000Z DEBUG solana_runtime::message_processor::stable_log] Program log: Instruction: TransferChecked
[2025-11-05T06:35:22.069729000Z DEBUG solana_runtime::message_processor::stable_log] Program TokenkegQfeZyiNwAJbNbGKPFXCWuBvf9Ss623VQ5DA consumed 6174 of 219343 compute units
[2025-11-05T06:35:22.069737000Z DEBUG solana_runtime::message_processor::stable_log] Program TokenkegQfeZyiNwAJbNbGKPFXCWuBvf9Ss623VQ5DA success
[2025-11-05T06:35:22.069809000Z DEBUG solana_runtime::message_processor::stable_log] Program ASmKWt93JEMHxbdE6j7znD9y2FcdPboCzC3xtSTJvN7S invoke [2]
[2025-11-05T06:35:22.069842000Z DEBUG solana_runtime::message_processor::stable_log] Program ASmKWt93JEMHxbdE6j7znD9y2FcdPboCzC3xtSTJvN7S consumed 2069 of 208088 compute units
[2025-11-05T06:35:22.069849000Z DEBUG solana_runtime::message_processor::stable_log] Program ASmKWt93JEMHxbdE6j7znD9y2FcdPboCzC3xtSTJvN7S success
[2025-11-05T06:35:22.069876000Z DEBUG solana_runtime::message_processor::stable_log] Program ASmKWt93JEMHxbdE6j7znD9y2FcdPboCzC3xtSTJvN7S consumed 144775 of 350000 compute units
[2025-11-05T06:35:22.069885000Z DEBUG solana_runtime::message_processor::stable_log] Program ASmKWt93JEMHxbdE6j7znD9y2FcdPboCzC3xtSTJvN7S success
[2025-11-05T06:35:22.069893000Z DEBUG solana_runtime::message_processor::stable_log] Program ComputeBudget111111111111111111111111111111 invoke [1]
[2025-11-05T06:35:22.069900000Z DEBUG solana_runtime::message_processor::stable_log] Program ComputeBudget111111111111111111111111111111 success
[2025-11-05T06:35:22.093447000Z DEBUG solana_runtime::message_processor::stable_log] Program 5B57SJ3g2YoNXUpsZqqjEQkRSxyKtVTQRXdgAirz6bio invoke [1]
[2025-11-05T06:35:22.093571000Z DEBUG solana_runtime::message_processor::stable_log] Program log: Instruction: InitializeHonoraryPosition
[2025-11-05T06:35:22.093715000Z DEBUG solana_runtime::message_processor::stable_log] Program 11111111111111111111111111111111 invoke [2]
[2025-11-05T06:35:22.093723000Z DEBUG solana_runtime::message_processor::stable_log] Program 11111111111111111111111111111111 success
[2025-11-05T06:35:22.093809000Z DEBUG solana_runtime::message_processor::stable_log] Program 11111111111111111111111111111111 invoke [2]
[2025-11-05T06:35:22.093812000Z DEBUG solana_runtime::message_processor::stable_log] Program 11111111111111111111111111111111 success
[2025-11-05T06:35:22.093841000Z DEBUG solana_runtime::message_processor::stable_log] Program TokenkegQfeZyiNwAJbNbGKPFXCWuBvf9Ss623VQ5DA invoke [2]
[2025-11-05T06:35:22.093877000Z DEBUG solana_runtime::message_processor::stable_log] Program log: Instruction: InitializeAccount3
[2025-11-05T06:35:22.093937000Z DEBUG solana_runtime::message_processor::stable_log] Program TokenkegQfeZyiNwAJbNbGKPFXCWuBvf9Ss623VQ5DA consumed 4214 of 177112 compute units
[2025-11-05T06:35:22.093947000Z DEBUG solana_runtime::message_processor::stable_log] Program TokenkegQfeZyiNwAJbNbGKPFXCWuBvf9Ss623VQ5DA success
[2025-11-05T06:35:22.094072000Z DEBUG solana_runtime::message_processor::stable_log] Program 11111111111111111111111111111111 invoke [2]
[2025-11-05T06:35:22.094079000Z DEBUG solana_runtime::message_processor::stable_log] Program 11111111111111111111111111111111 success
[2025-11-05T06:35:22.094108000Z DEBUG solana_runtime::message_processor::stable_log] Program TokenkegQfeZyiNwAJbNbGKPFXCWuBvf9Ss623VQ5DA invoke [2]
[2025-11-05T06:35:22.094138000Z DEBUG solana_runtime::message_processor::stable_log] Program log: Instruction: InitializeAccount3
[2025-11-05T06:35:22.094194000Z DEBUG solana_runtime::message_processor::stable_log] Program TokenkegQfeZyiNwAJbNbGKPFXCWuBvf9Ss623VQ5DA consumed 4214 of 162476 compute units
[2025-11-05T06:35:22.094202000Z DEBUG solana_runtime::message_processor::stable_log] Program TokenkegQfeZyiNwAJbNbGKPFXCWuBvf9Ss623VQ5DA success
[2025-11-05T06:35:22.094259000Z DEBUG solana_runtime::message_processor::stable_log] Program log: Creating honorary position through CP-AMM CPI
[2025-11-05T06:35:22.094476000Z DEBUG solana_runtime::message_processor::stable_log] Program ASmKWt93JEMHxbdE6j7znD9y2FcdPboCzC3xtSTJvN7S invoke [2]
[2025-11-05T06:35:22.094543000Z DEBUG solana_runtime::message_processor::stable_log] Program log: Instruction: CreatePosition
[2025-11-05T06:35:22.094630000Z DEBUG solana_runtime::message_processor::stable_log] Program 11111111111111111111111111111111 invoke [3]
[2025-11-05T06:35:22.094636000Z DEBUG solana_runtime::message_processor::stable_log] Program 11111111111111111111111111111111 success
[2025-11-05T06:35:22.094682000Z DEBUG solana_runtime::message_processor::stable_log] Program TokenzQdBNbLqP5VEhdkAS6EPFLC1PHnBqCXEpPxuEb invoke [3]
[2025-11-05T06:35:22.094717000Z DEBUG solana_runtime::message_processor::stable_log] Program log: MetadataPointerInstruction::Initialize
[2025-11-05T06:35:22.094752000Z DEBUG solana_runtime::message_processor::stable_log] Program TokenzQdBNbLqP5VEhdkAS6EPFLC1PHnBqCXEpPxuEb consumed 2442 of 137170 compute units
[2025-11-05T06:35:22.094760000Z DEBUG solana_runtime::message_processor::stable_log] Program TokenzQdBNbLqP5VEhdkAS6EPFLC1PHnBqCXEpPxuEb success
[2025-11-05T06:35:22.094788000Z DEBUG solana_runtime::message_processor::stable_log] Program TokenzQdBNbLqP5VEhdkAS6EPFLC1PHnBqCXEpPxuEb invoke [3]
[2025-11-05T06:35:22.094808000Z DEBUG solana_runtime::message_processor::stable_log] Program log: Instruction: InitializeMintCloseAuthority
[2025-11-05T06:35:22.094839000Z DEBUG solana_runtime::message_processor::stable_log] Program TokenzQdBNbLqP5VEhdkAS6EPFLC1PHnBqCXEpPxuEb consumed 2570 of 132750 compute units
[2025-11-05T06:35:22.094847000Z DEBUG solana_runtime::message_processor::stable_log] Program TokenzQdBNbLqP5VEhdkAS6EPFLC1PHnBqCXEpPxuEb success
[2025-11-05T06:35:22.094875000Z DEBUG solana_runtime::message_processor::stable_log] Program TokenzQdBNbLqP5VEhdkAS6EPFLC1PHnBqCXEpPxuEb invoke [3]
[2025-11-05T06:35:22.094896000Z DEBUG solana_runtime::message_processor::stable_log] Program log: Instruction: InitializeMint2
[2025-11-05T06:35:22.094957000Z DEBUG solana_runtime::message_processor::stable_log] Program TokenzQdBNbLqP5VEhdkAS6EPFLC1PHnBqCXEpPxuEb consumed 4078 of 128237 compute units
[2025-11-05T06:35:22.094964000Z DEBUG solana_runtime::message_processor::stable_log] Program TokenzQdBNbLqP5VEhdkAS6EPFLC1PHnBqCXEpPxuEb success
[2025-11-05T06:35:22.095102000Z DEBUG solana_runtime::message_processor::stable_log] Program 11111111111111111111111111111111 invoke [3]
[2025-11-05T06:35:22.095105000Z DEBUG solana_runtime::message_processor::stable_log] Program 11111111111111111111111111111111 success
[2025-11-05T06:35:22.095131000Z DEBUG solana_runtime::message_processor::stable_log] Program TokenzQdBNbLqP5VEhdkAS6EPFLC1PHnBqCXEpPxuEb invoke [3]
[2025-11-05T06:35:22.095155000Z DEBUG solana_runtime::message_processor::stable_log] Program log: Instruction: InitializeAccount3
[2025-11-05T06:35:22.095228000Z DEBUG solana_runtime::message_processor::stable_log] Program TokenzQdBNbLqP5VEhdkAS6EPFLC1PHnBqCXEpPxuEb consumed 5137 of 108553 compute units
[2025-11-05T06:35:22.095235000Z DEBUG solana_runtime::message_processor::stable_log] Program TokenzQdBNbLqP5VEhdkAS6EPFLC1PHnBqCXEpPxuEb success
[2025-11-05T06:35:22.095331000Z DEBUG solana_runtime::message_processor::stable_log] Program 11111111111111111111111111111111 invoke [3]
[2025-11-05T06:35:22.095334000Z DEBUG solana_runtime::message_processor::stable_log] Program 11111111111111111111111111111111 success
[2025-11-05T06:35:22.095431000Z DEBUG solana_runtime::message_processor::stable_log] Program TokenzQdBNbLqP5VEhdkAS6EPFLC1PHnBqCXEpPxuEb invoke [3]
[2025-11-05T06:35:22.095482000Z DEBUG solana_runtime::message_processor::stable_log] Program log: TokenMetadataInstruction: Initialize
[2025-11-05T06:35:22.095666000Z DEBUG solana_runtime::message_processor::stable_log] Program TokenzQdBNbLqP5VEhdkAS6EPFLC1PHnBqCXEpPxuEb consumed 9900 of 88823 compute units
[2025-11-05T06:35:22.095676000Z DEBUG solana_runtime::message_processor::stable_log] Program TokenzQdBNbLqP5VEhdkAS6EPFLC1PHnBqCXEpPxuEb success
[2025-11-05T06:35:22.095716000Z DEBUG solana_runtime::message_processor::stable_log] Program 11111111111111111111111111111111 invoke [3]
[2025-11-05T06:35:22.095719000Z DEBUG solana_runtime::message_processor::stable_log] Program 11111111111111111111111111111111 success
[2025-11-05T06:35:22.095756000Z DEBUG solana_runtime::message_processor::stable_log] Program TokenzQdBNbLqP5VEhdkAS6EPFLC1PHnBqCXEpPxuEb invoke [3]
[2025-11-05T06:35:22.095787000Z DEBUG solana_runtime::message_processor::stable_log] Program log: Instruction: MintTo
[2025-11-05T06:35:22.095863000Z DEBUG solana_runtime::message_processor::stable_log] Program TokenzQdBNbLqP5VEhdkAS6EPFLC1PHnBqCXEpPxuEb consumed 5540 of 73861 compute units
[2025-11-05T06:35:22.095872000Z DEBUG solana_runtime::message_processor::stable_log] Program TokenzQdBNbLqP5VEhdkAS6EPFLC1PHnBqCXEpPxuEb success
[2025-11-05T06:35:22.095920000Z DEBUG solana_runtime::message_processor::stable_log] Program ASmKWt93JEMHxbdE6j7znD9y2FcdPboCzC3xtSTJvN7S invoke [3]
[2025-11-05T06:35:22.095956000Z DEBUG solana_runtime::message_processor::stable_log] Program ASmKWt93JEMHxbdE6j7znD9y2FcdPboCzC3xtSTJvN7S consumed 2069 of 65255 compute units
[2025-11-05T06:35:22.095966000Z DEBUG solana_runtime::message_processor::stable_log] Program ASmKWt93JEMHxbdE6j7znD9y2FcdPboCzC3xtSTJvN7S success
[2025-11-05T06:35:22.095985000Z DEBUG solana_runtime::message_processor::stable_log] Program ASmKWt93JEMHxbdE6j7znD9y2FcdPboCzC3xtSTJvN7S consumed 83600 of 146214 compute units
[2025-11-05T06:35:22.095994000Z DEBUG solana_runtime::message_processor::stable_log] Program ASmKWt93JEMHxbdE6j7znD9y2FcdPboCzC3xtSTJvN7S success
[2025-11-05T06:35:22.096018000Z DEBUG solana_runtime::message_processor::stable_log] Program data: B9TwvmYpSykAueal1cGVlD7qv/35gqyjNBnY2IX0LA37gBSYjqvjtWuudN3NvctbNePXEOmgyXlh4Oh/i0R8ir92GnNViq2GQgLGEsjwdpajt8G4yaMdf6KddtDm5ZozbABvdwpimWeJGs5R9OtGiJnH5uuc/1oC/i1yq31PGLI+DZsx9ivHuanDisZYE3Uc2RxUkFta/dMtcVhk8OwQ4XhY5x8+TBc9KfAKaQAAAAA=
[2025-11-05T06:35:22.096036000Z DEBUG solana_runtime::message_processor::stable_log] Program 5B57SJ3g2YoNXUpsZqqjEQkRSxyKtVTQRXdgAirz6bio consumed 139480 of 200000 compute units
[2025-11-05T06:35:22.096045000Z DEBUG solana_runtime::message_processor::stable_log] Program 5B57SJ3g2YoNXUpsZqqjEQkRSxyKtVTQRXdgAirz6bio success
[2025-11-05T06:35:22.102248000Z DEBUG solana_runtime::message_processor::stable_log] Program 5B57SJ3g2YoNXUpsZqqjEQkRSxyKtVTQRXdgAirz6bio invoke [1]
[2025-11-05T06:35:22.102323000Z DEBUG solana_runtime::message_processor::stable_log] Program log: Instruction: SetupPolicy
[2025-11-05T06:35:22.102400000Z DEBUG solana_runtime::message_processor::stable_log] Program 11111111111111111111111111111111 invoke [2]
[2025-11-05T06:35:22.102410000Z DEBUG solana_runtime::message_processor::stable_log] Program 11111111111111111111111111111111 success
[2025-11-05T06:35:22.102500000Z DEBUG solana_runtime::message_processor::stable_log] Program 11111111111111111111111111111111 invoke [2]
[2025-11-05T06:35:22.102504000Z DEBUG solana_runtime::message_processor::stable_log] Program 11111111111111111111111111111111 success
[2025-11-05T06:35:22.102541000Z DEBUG solana_runtime::message_processor::stable_log] Program data: HFXHbHKxoyYAueal1cGVlD7qv/35gqyjNBnY2IX0LA37gBSYjqvjtTSMsZsafTXu//+ZsM+HGqO7UJIM7vyETiQY5KLl8SGoiBNAS0wAAAAAACnwCmkAAAAA
[2025-11-05T06:35:22.102567000Z DEBUG solana_runtime::message_processor::stable_log] Program 5B57SJ3g2YoNXUpsZqqjEQkRSxyKtVTQRXdgAirz6bio consumed 19526 of 200000 compute units
[2025-11-05T06:35:22.102581000Z DEBUG solana_runtime::message_processor::stable_log] Program 5B57SJ3g2YoNXUpsZqqjEQkRSxyKtVTQRXdgAirz6bio success
[2025-11-05T06:35:22.128245000Z DEBUG solana_runtime::message_processor::stable_log] Program 5B57SJ3g2YoNXUpsZqqjEQkRSxyKtVTQRXdgAirz6bio invoke [1]
[2025-11-05T06:35:22.128375000Z DEBUG solana_runtime::message_processor::stable_log] Program log: Instruction: AddHonoraryLiquidity
[2025-11-05T06:35:22.128732000Z DEBUG solana_runtime::message_processor::stable_log] Program log: Adding liquidity to honorary position
[2025-11-05T06:35:22.128825000Z DEBUG solana_runtime::message_processor::stable_log] Program TokenkegQfeZyiNwAJbNbGKPFXCWuBvf9Ss623VQ5DA invoke [2]
[2025-11-05T06:35:22.128931000Z DEBUG solana_runtime::message_processor::stable_log] Program log: Instruction: TransferChecked
[2025-11-05T06:35:22.129012000Z DEBUG solana_runtime::message_processor::stable_log] Program TokenkegQfeZyiNwAJbNbGKPFXCWuBvf9Ss623VQ5DA consumed 6174 of 169743 compute units
[2025-11-05T06:35:22.129027000Z DEBUG solana_runtime::message_processor::stable_log] Program TokenkegQfeZyiNwAJbNbGKPFXCWuBvf9Ss623VQ5DA success
[2025-11-05T06:35:22.129079000Z DEBUG solana_runtime::message_processor::stable_log] Program TokenkegQfeZyiNwAJbNbGKPFXCWuBvf9Ss623VQ5DA invoke [2]
[2025-11-05T06:35:22.129120000Z DEBUG solana_runtime::message_processor::stable_log] Program log: Instruction: TransferChecked
[2025-11-05T06:35:22.129190000Z DEBUG solana_runtime::message_processor::stable_log] Program TokenkegQfeZyiNwAJbNbGKPFXCWuBvf9Ss623VQ5DA consumed 6174 of 160836 compute units
[2025-11-05T06:35:22.129201000Z DEBUG solana_runtime::message_processor::stable_log] Program TokenkegQfeZyiNwAJbNbGKPFXCWuBvf9Ss623VQ5DA success
[2025-11-05T06:35:22.129303000Z DEBUG solana_runtime::message_processor::stable_log] Program ASmKWt93JEMHxbdE6j7znD9y2FcdPboCzC3xtSTJvN7S invoke [2]
[2025-11-05T06:35:22.129385000Z DEBUG solana_runtime::message_processor::stable_log] Program log: Instruction: AddLiquidity
[2025-11-05T06:35:22.129753000Z DEBUG solana_runtime::message_processor::stable_log] Program TokenkegQfeZyiNwAJbNbGKPFXCWuBvf9Ss623VQ5DA invoke [3]
[2025-11-05T06:35:22.129801000Z DEBUG solana_runtime::message_processor::stable_log] Program log: Instruction: TransferChecked
[2025-11-05T06:35:22.129885000Z DEBUG solana_runtime::message_processor::stable_log] Program TokenkegQfeZyiNwAJbNbGKPFXCWuBvf9Ss623VQ5DA consumed 6174 of 122256 compute units
[2025-11-05T06:35:22.129894000Z DEBUG solana_runtime::message_processor::stable_log] Program TokenkegQfeZyiNwAJbNbGKPFXCWuBvf9Ss623VQ5DA success
[2025-11-05T06:35:22.129936000Z DEBUG solana_runtime::message_processor::stable_log] Program TokenkegQfeZyiNwAJbNbGKPFXCWuBvf9Ss623VQ5DA invoke [3]
[2025-11-05T06:35:22.129965000Z DEBUG solana_runtime::message_processor::stable_log] Program log: Instruction: TransferChecked
[2025-11-05T06:35:22.130032000Z DEBUG solana_runtime::message_processor::stable_log] Program TokenkegQfeZyiNwAJbNbGKPFXCWuBvf9Ss623VQ5DA consumed 6174 of 113672 compute units
[2025-11-05T06:35:22.130043000Z DEBUG solana_runtime::message_processor::stable_log] Program TokenkegQfeZyiNwAJbNbGKPFXCWuBvf9Ss623VQ5DA success
[2025-11-05T06:35:22.130093000Z DEBUG solana_runtime::message_processor::stable_log] Program ASmKWt93JEMHxbdE6j7znD9y2FcdPboCzC3xtSTJvN7S invoke [3]
[2025-11-05T06:35:22.130125000Z DEBUG solana_runtime::message_processor::stable_log] Program ASmKWt93JEMHxbdE6j7znD9y2FcdPboCzC3xtSTJvN7S consumed 2069 of 104244 compute units
[2025-11-05T06:35:22.130133000Z DEBUG solana_runtime::message_processor::stable_log] Program ASmKWt93JEMHxbdE6j7znD9y2FcdPboCzC3xtSTJvN7S success
[2025-11-05T06:35:22.130235000Z DEBUG solana_runtime::message_processor::stable_log] Program ASmKWt93JEMHxbdE6j7znD9y2FcdPboCzC3xtSTJvN7S invoke [3]
[2025-11-05T06:35:22.130263000Z DEBUG solana_runtime::message_processor::stable_log] Program ASmKWt93JEMHxbdE6j7znD9y2FcdPboCzC3xtSTJvN7S consumed 2069 of 95741 compute units
[2025-11-05T06:35:22.130270000Z DEBUG solana_runtime::message_processor::stable_log] Program ASmKWt93JEMHxbdE6j7znD9y2FcdPboCzC3xtSTJvN7S success
[2025-11-05T06:35:22.130292000Z DEBUG solana_runtime::message_processor::stable_log] Program ASmKWt93JEMHxbdE6j7znD9y2FcdPboCzC3xtSTJvN7S consumed 50736 of 143767 compute units
[2025-11-05T06:35:22.130301000Z DEBUG solana_runtime::message_processor::stable_log] Program ASmKWt93JEMHxbdE6j7znD9y2FcdPboCzC3xtSTJvN7S success
[2025-11-05T06:35:22.130332000Z DEBUG solana_runtime::message_processor::stable_log] Program log: Successfully added 1844674407370955161600 liquidity to honorary position
[2025-11-05T06:35:22.130344000Z DEBUG solana_runtime::message_processor::stable_log] Program 5B57SJ3g2YoNXUpsZqqjEQkRSxyKtVTQRXdgAirz6bio consumed 108647 of 200000 compute units
[2025-11-05T06:35:22.130354000Z DEBUG solana_runtime::message_processor::stable_log] Program 5B57SJ3g2YoNXUpsZqqjEQkRSxyKtVTQRXdgAirz6bio success
[2025-11-05T06:35:22.138876000Z DEBUG solana_runtime::message_processor::stable_log] Program 11111111111111111111111111111111 invoke [1]
[2025-11-05T06:35:22.138891000Z DEBUG solana_runtime::message_processor::stable_log] Program 11111111111111111111111111111111 success
  Stream 0: 100% locked, expected locked amount: 1666666, amount_per_period: 4629
[2025-11-05T06:35:22.144423000Z DEBUG solana_runtime::message_processor::stable_log] Program ATokenGPvbdGVxr1b2hvZbsiqW5xWH25efTNsLJA8knL invoke [1]
[2025-11-05T06:35:22.144498000Z DEBUG solana_runtime::message_processor::stable_log] Program log: Create
[2025-11-05T06:35:22.144548000Z DEBUG solana_runtime::message_processor::stable_log] Program TokenkegQfeZyiNwAJbNbGKPFXCWuBvf9Ss623VQ5DA invoke [2]
[2025-11-05T06:35:22.144579000Z DEBUG solana_runtime::message_processor::stable_log] Program log: Instruction: GetAccountDataSize
[2025-11-05T06:35:22.144596000Z DEBUG solana_runtime::message_processor::stable_log] Program TokenkegQfeZyiNwAJbNbGKPFXCWuBvf9Ss623VQ5DA consumed 1595 of 194555 compute units
[2025-11-05T06:35:22.144617000Z DEBUG solana_runtime::message_processor::stable_log] Program return: TokenkegQfeZyiNwAJbNbGKPFXCWuBvf9Ss623VQ5DA pQAAAAAAAAA=
[2025-11-05T06:35:22.144627000Z DEBUG solana_runtime::message_processor::stable_log] Program TokenkegQfeZyiNwAJbNbGKPFXCWuBvf9Ss623VQ5DA success
[2025-11-05T06:35:22.144939000Z DEBUG solana_runtime::message_processor::stable_log] Program 11111111111111111111111111111111 invoke [2]
[2025-11-05T06:35:22.144949000Z DEBUG solana_runtime::message_processor::stable_log] Program 11111111111111111111111111111111 success
[2025-11-05T06:35:22.144956000Z DEBUG solana_runtime::message_processor::stable_log] Program log: Initialize the associated token account
[2025-11-05T06:35:22.144976000Z DEBUG solana_runtime::message_processor::stable_log] Program TokenkegQfeZyiNwAJbNbGKPFXCWuBvf9Ss623VQ5DA invoke [2]
[2025-11-05T06:35:22.145004000Z DEBUG solana_runtime::message_processor::stable_log] Program log: Instruction: InitializeImmutableOwner
[2025-11-05T06:35:22.145015000Z DEBUG solana_runtime::message_processor::stable_log] Program log: Please upgrade to SPL Token 2022 for immutable owner support
[2025-11-05T06:35:22.145018000Z DEBUG solana_runtime::message_processor::stable_log] Program TokenkegQfeZyiNwAJbNbGKPFXCWuBvf9Ss623VQ5DA consumed 1405 of 187942 compute units
[2025-11-05T06:35:22.145029000Z DEBUG solana_runtime::message_processor::stable_log] Program TokenkegQfeZyiNwAJbNbGKPFXCWuBvf9Ss623VQ5DA success
[2025-11-05T06:35:22.145064000Z DEBUG solana_runtime::message_processor::stable_log] Program TokenkegQfeZyiNwAJbNbGKPFXCWuBvf9Ss623VQ5DA invoke [2]
[2025-11-05T06:35:22.145094000Z DEBUG solana_runtime::message_processor::stable_log] Program log: Instruction: InitializeAccount3
[2025-11-05T06:35:22.145153000Z DEBUG solana_runtime::message_processor::stable_log] Program TokenkegQfeZyiNwAJbNbGKPFXCWuBvf9Ss623VQ5DA consumed 4214 of 184058 compute units
[2025-11-05T06:35:22.145161000Z DEBUG solana_runtime::message_processor::stable_log] Program TokenkegQfeZyiNwAJbNbGKPFXCWuBvf9Ss623VQ5DA success
[2025-11-05T06:35:22.145177000Z DEBUG solana_runtime::message_processor::stable_log] Program ATokenGPvbdGVxr1b2hvZbsiqW5xWH25efTNsLJA8knL consumed 20460 of 200000 compute units
[2025-11-05T06:35:22.145186000Z DEBUG solana_runtime::message_processor::stable_log] Program ATokenGPvbdGVxr1b2hvZbsiqW5xWH25efTNsLJA8knL success
[2025-11-05T06:35:22.155224000Z DEBUG solana_runtime::message_processor::stable_log] Program 11111111111111111111111111111111 invoke [1]
[2025-11-05T06:35:22.155249000Z DEBUG solana_runtime::message_processor::stable_log] Program 11111111111111111111111111111111 success
  Stream 1: 100% locked, expected locked amount: 1666666, amount_per_period: 4629
[2025-11-05T06:35:22.160387000Z DEBUG solana_runtime::message_processor::stable_log] Program ATokenGPvbdGVxr1b2hvZbsiqW5xWH25efTNsLJA8knL invoke [1]
[2025-11-05T06:35:22.160463000Z DEBUG solana_runtime::message_processor::stable_log] Program log: Create
[2025-11-05T06:35:22.160512000Z DEBUG solana_runtime::message_processor::stable_log] Program TokenkegQfeZyiNwAJbNbGKPFXCWuBvf9Ss623VQ5DA invoke [2]
[2025-11-05T06:35:22.160544000Z DEBUG solana_runtime::message_processor::stable_log] Program log: Instruction: GetAccountDataSize
[2025-11-05T06:35:22.160561000Z DEBUG solana_runtime::message_processor::stable_log] Program TokenkegQfeZyiNwAJbNbGKPFXCWuBvf9Ss623VQ5DA consumed 1595 of 194555 compute units
[2025-11-05T06:35:22.160569000Z DEBUG solana_runtime::message_processor::stable_log] Program return: TokenkegQfeZyiNwAJbNbGKPFXCWuBvf9Ss623VQ5DA pQAAAAAAAAA=
[2025-11-05T06:35:22.160577000Z DEBUG solana_runtime::message_processor::stable_log] Program TokenkegQfeZyiNwAJbNbGKPFXCWuBvf9Ss623VQ5DA success
[2025-11-05T06:35:22.160631000Z DEBUG solana_runtime::message_processor::stable_log] Program 11111111111111111111111111111111 invoke [2]
[2025-11-05T06:35:22.160637000Z DEBUG solana_runtime::message_processor::stable_log] Program 11111111111111111111111111111111 success
[2025-11-05T06:35:22.160642000Z DEBUG solana_runtime::message_processor::stable_log] Program log: Initialize the associated token account
[2025-11-05T06:35:22.160660000Z DEBUG solana_runtime::message_processor::stable_log] Program TokenkegQfeZyiNwAJbNbGKPFXCWuBvf9Ss623VQ5DA invoke [2]
[2025-11-05T06:35:22.160681000Z DEBUG solana_runtime::message_processor::stable_log] Program log: Instruction: InitializeImmutableOwner
[2025-11-05T06:35:22.160692000Z DEBUG solana_runtime::message_processor::stable_log] Program log: Please upgrade to SPL Token 2022 for immutable owner support
[2025-11-05T06:35:22.160695000Z DEBUG solana_runtime::message_processor::stable_log] Program TokenkegQfeZyiNwAJbNbGKPFXCWuBvf9Ss623VQ5DA consumed 1405 of 187942 compute units
[2025-11-05T06:35:22.160703000Z DEBUG solana_runtime::message_processor::stable_log] Program TokenkegQfeZyiNwAJbNbGKPFXCWuBvf9Ss623VQ5DA success
[2025-11-05T06:35:22.160736000Z DEBUG solana_runtime::message_processor::stable_log] Program TokenkegQfeZyiNwAJbNbGKPFXCWuBvf9Ss623VQ5DA invoke [2]
[2025-11-05T06:35:22.160761000Z DEBUG solana_runtime::message_processor::stable_log] Program log: Instruction: InitializeAccount3
[2025-11-05T06:35:22.160814000Z DEBUG solana_runtime::message_processor::stable_log] Program TokenkegQfeZyiNwAJbNbGKPFXCWuBvf9Ss623VQ5DA consumed 4214 of 184058 compute units
[2025-11-05T06:35:22.160821000Z DEBUG solana_runtime::message_processor::stable_log] Program TokenkegQfeZyiNwAJbNbGKPFXCWuBvf9Ss623VQ5DA success
[2025-11-05T06:35:22.160833000Z DEBUG solana_runtime::message_processor::stable_log] Program ATokenGPvbdGVxr1b2hvZbsiqW5xWH25efTNsLJA8knL consumed 20460 of 200000 compute units
[2025-11-05T06:35:22.160845000Z DEBUG solana_runtime::message_processor::stable_log] Program ATokenGPvbdGVxr1b2hvZbsiqW5xWH25efTNsLJA8knL success
[2025-11-05T06:35:22.170345000Z DEBUG solana_runtime::message_processor::stable_log] Program 11111111111111111111111111111111 invoke [1]
[2025-11-05T06:35:22.170361000Z DEBUG solana_runtime::message_processor::stable_log] Program 11111111111111111111111111111111 success
  Stream 2: 100% locked, expected locked amount: 1666666, amount_per_period: 4629
[2025-11-05T06:35:22.175577000Z DEBUG solana_runtime::message_processor::stable_log] Program ATokenGPvbdGVxr1b2hvZbsiqW5xWH25efTNsLJA8knL invoke [1]
[2025-11-05T06:35:22.175649000Z DEBUG solana_runtime::message_processor::stable_log] Program log: Create
[2025-11-05T06:35:22.175709000Z DEBUG solana_runtime::message_processor::stable_log] Program TokenkegQfeZyiNwAJbNbGKPFXCWuBvf9Ss623VQ5DA invoke [2]
[2025-11-05T06:35:22.175739000Z DEBUG solana_runtime::message_processor::stable_log] Program log: Instruction: GetAccountDataSize
[2025-11-05T06:35:22.175755000Z DEBUG solana_runtime::message_processor::stable_log] Program TokenkegQfeZyiNwAJbNbGKPFXCWuBvf9Ss623VQ5DA consumed 1595 of 193055 compute units
[2025-11-05T06:35:22.175764000Z DEBUG solana_runtime::message_processor::stable_log] Program return: TokenkegQfeZyiNwAJbNbGKPFXCWuBvf9Ss623VQ5DA pQAAAAAAAAA=
[2025-11-05T06:35:22.175773000Z DEBUG solana_runtime::message_processor::stable_log] Program TokenkegQfeZyiNwAJbNbGKPFXCWuBvf9Ss623VQ5DA success
[2025-11-05T06:35:22.175825000Z DEBUG solana_runtime::message_processor::stable_log] Program 11111111111111111111111111111111 invoke [2]
[2025-11-05T06:35:22.175832000Z DEBUG solana_runtime::message_processor::stable_log] Program 11111111111111111111111111111111 success
[2025-11-05T06:35:22.175838000Z DEBUG solana_runtime::message_processor::stable_log] Program log: Initialize the associated token account
[2025-11-05T06:35:22.175856000Z DEBUG solana_runtime::message_processor::stable_log] Program TokenkegQfeZyiNwAJbNbGKPFXCWuBvf9Ss623VQ5DA invoke [2]
[2025-11-05T06:35:22.175877000Z DEBUG solana_runtime::message_processor::stable_log] Program log: Instruction: InitializeImmutableOwner
[2025-11-05T06:35:22.175889000Z DEBUG solana_runtime::message_processor::stable_log] Program log: Please upgrade to SPL Token 2022 for immutable owner support
[2025-11-05T06:35:22.175892000Z DEBUG solana_runtime::message_processor::stable_log] Program TokenkegQfeZyiNwAJbNbGKPFXCWuBvf9Ss623VQ5DA consumed 1405 of 186442 compute units
[2025-11-05T06:35:22.175899000Z DEBUG solana_runtime::message_processor::stable_log] Program TokenkegQfeZyiNwAJbNbGKPFXCWuBvf9Ss623VQ5DA success
[2025-11-05T06:35:22.175932000Z DEBUG solana_runtime::message_processor::stable_log] Program TokenkegQfeZyiNwAJbNbGKPFXCWuBvf9Ss623VQ5DA invoke [2]
[2025-11-05T06:35:22.175958000Z DEBUG solana_runtime::message_processor::stable_log] Program log: Instruction: InitializeAccount3
[2025-11-05T06:35:22.176010000Z DEBUG solana_runtime::message_processor::stable_log] Program TokenkegQfeZyiNwAJbNbGKPFXCWuBvf9Ss623VQ5DA consumed 4214 of 182558 compute units
[2025-11-05T06:35:22.176018000Z DEBUG solana_runtime::message_processor::stable_log] Program TokenkegQfeZyiNwAJbNbGKPFXCWuBvf9Ss623VQ5DA success
[2025-11-05T06:35:22.176088000Z DEBUG solana_runtime::message_processor::stable_log] Program ATokenGPvbdGVxr1b2hvZbsiqW5xWH25efTNsLJA8knL consumed 21960 of 200000 compute units
[2025-11-05T06:35:22.176108000Z DEBUG solana_runtime::message_processor::stable_log] Program ATokenGPvbdGVxr1b2hvZbsiqW5xWH25efTNsLJA8knL success
[2025-11-05T06:35:22.198684000Z DEBUG solana_runtime::message_processor::stable_log] Program ASmKWt93JEMHxbdE6j7znD9y2FcdPboCzC3xtSTJvN7S invoke [1]
[2025-11-05T06:35:22.198782000Z DEBUG solana_runtime::message_processor::stable_log] Program log: Instruction: Swap
[2025-11-05T06:35:22.199151000Z DEBUG solana_runtime::message_processor::stable_log] Program TokenkegQfeZyiNwAJbNbGKPFXCWuBvf9Ss623VQ5DA invoke [2]
[2025-11-05T06:35:22.199198000Z DEBUG solana_runtime::message_processor::stable_log] Program log: Instruction: TransferChecked
[2025-11-05T06:35:22.199278000Z DEBUG solana_runtime::message_processor::stable_log] Program TokenkegQfeZyiNwAJbNbGKPFXCWuBvf9Ss623VQ5DA consumed 6174 of 177323 compute units
[2025-11-05T06:35:22.199288000Z DEBUG solana_runtime::message_processor::stable_log] Program TokenkegQfeZyiNwAJbNbGKPFXCWuBvf9Ss623VQ5DA success
[2025-11-05T06:35:22.199338000Z DEBUG solana_runtime::message_processor::stable_log] Program TokenkegQfeZyiNwAJbNbGKPFXCWuBvf9Ss623VQ5DA invoke [2]
[2025-11-05T06:35:22.199369000Z DEBUG solana_runtime::message_processor::stable_log] Program log: Instruction: TransferChecked
[2025-11-05T06:35:22.199443000Z DEBUG solana_runtime::message_processor::stable_log] Program TokenkegQfeZyiNwAJbNbGKPFXCWuBvf9Ss623VQ5DA consumed 6174 of 168685 compute units
[2025-11-05T06:35:22.199451000Z DEBUG solana_runtime::message_processor::stable_log] Program TokenkegQfeZyiNwAJbNbGKPFXCWuBvf9Ss623VQ5DA success
[2025-11-05T06:35:22.199551000Z DEBUG solana_runtime::message_processor::stable_log] Program ASmKWt93JEMHxbdE6j7znD9y2FcdPboCzC3xtSTJvN7S invoke [2]
[2025-11-05T06:35:22.199585000Z DEBUG solana_runtime::message_processor::stable_log] Program ASmKWt93JEMHxbdE6j7znD9y2FcdPboCzC3xtSTJvN7S consumed 2069 of 156500 compute units
[2025-11-05T06:35:22.199680000Z DEBUG solana_runtime::message_processor::stable_log] Program ASmKWt93JEMHxbdE6j7znD9y2FcdPboCzC3xtSTJvN7S success
[2025-11-05T06:35:22.199760000Z DEBUG solana_runtime::message_processor::stable_log] Program ASmKWt93JEMHxbdE6j7znD9y2FcdPboCzC3xtSTJvN7S invoke [2]
[2025-11-05T06:35:22.199800000Z DEBUG solana_runtime::message_processor::stable_log] Program ASmKWt93JEMHxbdE6j7znD9y2FcdPboCzC3xtSTJvN7S consumed 2069 of 150802 compute units
[2025-11-05T06:35:22.199812000Z DEBUG solana_runtime::message_processor::stable_log] Program ASmKWt93JEMHxbdE6j7znD9y2FcdPboCzC3xtSTJvN7S success
[2025-11-05T06:35:22.199831000Z DEBUG solana_runtime::message_processor::stable_log] Program ASmKWt93JEMHxbdE6j7znD9y2FcdPboCzC3xtSTJvN7S consumed 51801 of 200000 compute units
[2025-11-05T06:35:22.199841000Z DEBUG solana_runtime::message_processor::stable_log] Program ASmKWt93JEMHxbdE6j7znD9y2FcdPboCzC3xtSTJvN7S success
[2025-11-05T06:35:22.225649000Z DEBUG solana_runtime::message_processor::stable_log] Program ComputeBudget111111111111111111111111111111 invoke [1]
[2025-11-05T06:35:22.225663000Z DEBUG solana_runtime::message_processor::stable_log] Program ComputeBudget111111111111111111111111111111 success
[2025-11-05T06:35:22.225672000Z DEBUG solana_runtime::message_processor::stable_log] Program 5B57SJ3g2YoNXUpsZqqjEQkRSxyKtVTQRXdgAirz6bio invoke [1]
[2025-11-05T06:35:22.225837000Z DEBUG solana_runtime::message_processor::stable_log] Program log: Instruction: CrankDistribution
[2025-11-05T06:35:22.226429000Z DEBUG solana_runtime::message_processor::stable_log] Program log: === DEBUG: Before claiming fees ===
[2025-11-05T06:35:22.226469000Z DEBUG solana_runtime::message_processor::stable_log] Program log: Pool collect_fee_mode: 1
[2025-11-05T06:35:22.226583000Z DEBUG solana_runtime::message_processor::stable_log] Program log: Pool token_a_mint: 3Fx4rscoWM2635S6yfZxrysKt4HkgLxNW1SCpXXcjNDK
[2025-11-05T06:35:22.226699000Z DEBUG solana_runtime::message_processor::stable_log] Program log: Pool token_b_mint: AECZbEbAeoW3Hvoz3w9qpb6XjjsGitvpzt6PnFq5Uq3E
[2025-11-05T06:35:22.226811000Z DEBUG solana_runtime::message_processor::stable_log] Program log: Quote mint: AECZbEbAeoW3Hvoz3w9qpb6XjjsGitvpzt6PnFq5Uq3E
[2025-11-05T06:35:22.226919000Z DEBUG solana_runtime::message_processor::stable_log] Program log: Base mint: 3Fx4rscoWM2635S6yfZxrysKt4HkgLxNW1SCpXXcjNDK
[2025-11-05T06:35:22.226934000Z DEBUG solana_runtime::message_processor::stable_log] Program log: Position unlocked_liquidity: 1844674407370955161600
[2025-11-05T06:35:22.226942000Z DEBUG solana_runtime::message_processor::stable_log] Program log: Position vested_liquidity: 0
[2025-11-05T06:35:22.226952000Z DEBUG solana_runtime::message_processor::stable_log] Program log: Position permanent_locked_liquidity: 0
[2025-11-05T06:35:22.226958000Z DEBUG solana_runtime::message_processor::stable_log] Program log: Position fee_a_pending: 0
[2025-11-05T06:35:22.226964000Z DEBUG solana_runtime::message_processor::stable_log] Program log: Position fee_b_pending: 0
[2025-11-05T06:35:22.226970000Z DEBUG solana_runtime::message_processor::stable_log] Program log: Position fee_a_checkpoint (first 8 bytes): 0
[2025-11-05T06:35:22.226976000Z DEBUG solana_runtime::message_processor::stable_log] Program log: Position fee_b_checkpoint (first 8 bytes): 0
[2025-11-05T06:35:22.226982000Z DEBUG solana_runtime::message_processor::stable_log] Program log: Pool fee_a_per_liquidity (first 8 bytes): 0
[2025-11-05T06:35:22.226987000Z DEBUG solana_runtime::message_processor::stable_log] Program log: Pool fee_b_per_liquidity (first 8 bytes): 0
[2025-11-05T06:35:22.227000000Z DEBUG solana_runtime::message_processor::stable_log] Program log: Pool liquidity: 3689348814741910323200
[2025-11-05T06:35:22.227009000Z DEBUG solana_runtime::message_processor::stable_log] Program log: Treasury quote balance before: 99999999999999999
[2025-11-05T06:35:22.227016000Z DEBUG solana_runtime::message_processor::stable_log] Program log: Treasury base balance before: 99999785255671124
[2025-11-05T06:35:22.227018000Z DEBUG solana_runtime::message_processor::stable_log] Program log: Claiming position fees from CP-AMM
[2025-11-05T06:35:22.227162000Z DEBUG solana_runtime::message_processor::stable_log] Program ASmKWt93JEMHxbdE6j7znD9y2FcdPboCzC3xtSTJvN7S invoke [2]
[2025-11-05T06:35:22.227292000Z DEBUG solana_runtime::message_processor::stable_log] Program log: Instruction: ClaimPositionFee
[2025-11-05T06:35:22.227547000Z DEBUG solana_runtime::message_processor::stable_log] Program TokenkegQfeZyiNwAJbNbGKPFXCWuBvf9Ss623VQ5DA invoke [3]
[2025-11-05T06:35:22.227646000Z DEBUG solana_runtime::message_processor::stable_log] Program log: Instruction: TransferChecked
[2025-11-05T06:35:22.227729000Z DEBUG solana_runtime::message_processor::stable_log] Program TokenkegQfeZyiNwAJbNbGKPFXCWuBvf9Ss623VQ5DA consumed 6174 of 272620 compute units
[2025-11-05T06:35:22.227739000Z DEBUG solana_runtime::message_processor::stable_log] Program TokenkegQfeZyiNwAJbNbGKPFXCWuBvf9Ss623VQ5DA success
[2025-11-05T06:35:22.227784000Z DEBUG solana_runtime::message_processor::stable_log] Program ASmKWt93JEMHxbdE6j7znD9y2FcdPboCzC3xtSTJvN7S invoke [3]
[2025-11-05T06:35:22.227816000Z DEBUG solana_runtime::message_processor::stable_log] Program ASmKWt93JEMHxbdE6j7znD9y2FcdPboCzC3xtSTJvN7S consumed 2069 of 263706 compute units
[2025-11-05T06:35:22.227824000Z DEBUG solana_runtime::message_processor::stable_log] Program ASmKWt93JEMHxbdE6j7znD9y2FcdPboCzC3xtSTJvN7S success
[2025-11-05T06:35:22.227843000Z DEBUG solana_runtime::message_processor::stable_log] Program ASmKWt93JEMHxbdE6j7znD9y2FcdPboCzC3xtSTJvN7S consumed 30035 of 291131 compute units
[2025-11-05T06:35:22.227853000Z DEBUG solana_runtime::message_processor::stable_log] Program ASmKWt93JEMHxbdE6j7znD9y2FcdPboCzC3xtSTJvN7S success
[2025-11-05T06:35:22.227893000Z DEBUG solana_runtime::message_processor::stable_log] Program log: === DEBUG: After claiming fees ===
[2025-11-05T06:35:22.227906000Z DEBUG solana_runtime::message_processor::stable_log] Program log: Treasury quote balance after: 100000000000049999
[2025-11-05T06:35:22.227915000Z DEBUG solana_runtime::message_processor::stable_log] Program log: Treasury base balance after: 99999785255671124
[2025-11-05T06:35:22.227923000Z DEBUG solana_runtime::message_processor::stable_log] Program log: Quote tokens claimed: 50000
[2025-11-05T06:35:22.227932000Z DEBUG solana_runtime::message_processor::stable_log] Program data: fzkUsNcjWlgAueal1cGVlD7qv/35gqyjNBnY2IX0LA37gBSYjqvjtVDDAAAAAAAAKfAKaQAAAAA=
[2025-11-05T06:35:22.228159000Z DEBUG solana_runtime::message_processor::stable_log] Program TokenkegQfeZyiNwAJbNbGKPFXCWuBvf9Ss623VQ5DA invoke [2]
[2025-11-05T06:35:22.228197000Z DEBUG solana_runtime::message_processor::stable_log] Program log: Instruction: TransferChecked
[2025-11-05T06:35:22.228268000Z DEBUG solana_runtime::message_processor::stable_log] Program TokenkegQfeZyiNwAJbNbGKPFXCWuBvf9Ss623VQ5DA consumed 6174 of 243251 compute units
[2025-11-05T06:35:22.228276000Z DEBUG solana_runtime::message_processor::stable_log] Program TokenkegQfeZyiNwAJbNbGKPFXCWuBvf9Ss623VQ5DA success
[2025-11-05T06:35:22.228342000Z DEBUG solana_runtime::message_processor::stable_log] Program TokenkegQfeZyiNwAJbNbGKPFXCWuBvf9Ss623VQ5DA invoke [2]
[2025-11-05T06:35:22.228386000Z DEBUG solana_runtime::message_processor::stable_log] Program log: Instruction: TransferChecked
[2025-11-05T06:35:22.228454000Z DEBUG solana_runtime::message_processor::stable_log] Program TokenkegQfeZyiNwAJbNbGKPFXCWuBvf9Ss623VQ5DA consumed 6174 of 233690 compute units
[2025-11-05T06:35:22.228465000Z DEBUG solana_runtime::message_processor::stable_log] Program TokenkegQfeZyiNwAJbNbGKPFXCWuBvf9Ss623VQ5DA success
[2025-11-05T06:35:22.228522000Z DEBUG solana_runtime::message_processor::stable_log] Program TokenkegQfeZyiNwAJbNbGKPFXCWuBvf9Ss623VQ5DA invoke [2]
[2025-11-05T06:35:22.228553000Z DEBUG solana_runtime::message_processor::stable_log] Program log: Instruction: TransferChecked
[2025-11-05T06:35:22.228760000Z DEBUG solana_runtime::message_processor::stable_log] Program TokenkegQfeZyiNwAJbNbGKPFXCWuBvf9Ss623VQ5DA consumed 6174 of 224129 compute units
[2025-11-05T06:35:22.228848000Z DEBUG solana_runtime::message_processor::stable_log] Program TokenkegQfeZyiNwAJbNbGKPFXCWuBvf9Ss623VQ5DA success
[2025-11-05T06:35:22.228967000Z DEBUG solana_runtime::message_processor::stable_log] Program TokenkegQfeZyiNwAJbNbGKPFXCWuBvf9Ss623VQ5DA invoke [2]
[2025-11-05T06:35:22.229042000Z DEBUG solana_runtime::message_processor::stable_log] Program log: Instruction: TransferChecked
[2025-11-05T06:35:22.229180000Z DEBUG solana_runtime::message_processor::stable_log] Program TokenkegQfeZyiNwAJbNbGKPFXCWuBvf9Ss623VQ5DA consumed 6174 of 215078 compute units
[2025-11-05T06:35:22.229192000Z DEBUG solana_runtime::message_processor::stable_log] Program TokenkegQfeZyiNwAJbNbGKPFXCWuBvf9Ss623VQ5DA success
[2025-11-05T06:35:22.229214000Z DEBUG solana_runtime::message_processor::stable_log] Program data: jhY1V/E9sS0Aueal1cGVlD7qv/35gqyjNBnY2IX0LA37gBSYjqvjtalhAAAAAAAAp2EAAAAAAAAp8AppAAAAAA==
[2025-11-05T06:35:22.229224000Z DEBUG solana_runtime::message_processor::stable_log] Program data: KjXqZeHwy3kAueal1cGVlD7qv/35gqyjNBnY2IX0LA37gBSYjqvjtQAAAAADAAAAAwAAAKdhAAAAAAAAAAAAAAAAAAAp8AppAAAAAA==
[2025-11-05T06:35:22.229294000Z DEBUG solana_runtime::message_processor::stable_log] Program 5B57SJ3g2YoNXUpsZqqjEQkRSxyKtVTQRXdgAirz6bio consumed 193721 of 399850 compute units
[2025-11-05T06:35:22.229312000Z DEBUG solana_runtime::message_processor::stable_log] Program 5B57SJ3g2YoNXUpsZqqjEQkRSxyKtVTQRXdgAirz6bio success
[2025-11-05T06:35:22.250155000Z DEBUG solana_runtime::message_processor::stable_log] Program ASmKWt93JEMHxbdE6j7znD9y2FcdPboCzC3xtSTJvN7S invoke [1]
[2025-11-05T06:35:22.250276000Z DEBUG solana_runtime::message_processor::stable_log] Program log: Instruction: Swap
[2025-11-05T06:35:22.250662000Z DEBUG solana_runtime::message_processor::stable_log] Program TokenkegQfeZyiNwAJbNbGKPFXCWuBvf9Ss623VQ5DA invoke [2]
[2025-11-05T06:35:22.250716000Z DEBUG solana_runtime::message_processor::stable_log] Program log: Instruction: TransferChecked
[2025-11-05T06:35:22.250864000Z DEBUG solana_runtime::message_processor::stable_log] Program TokenkegQfeZyiNwAJbNbGKPFXCWuBvf9Ss623VQ5DA consumed 6174 of 177317 compute units
[2025-11-05T06:35:22.250894000Z DEBUG solana_runtime::message_processor::stable_log] Program TokenkegQfeZyiNwAJbNbGKPFXCWuBvf9Ss623VQ5DA success
[2025-11-05T06:35:22.250993000Z DEBUG solana_runtime::message_processor::stable_log] Program TokenkegQfeZyiNwAJbNbGKPFXCWuBvf9Ss623VQ5DA invoke [2]
[2025-11-05T06:35:22.251050000Z DEBUG solana_runtime::message_processor::stable_log] Program log: Instruction: TransferChecked
[2025-11-05T06:35:22.251132000Z DEBUG solana_runtime::message_processor::stable_log] Program TokenkegQfeZyiNwAJbNbGKPFXCWuBvf9Ss623VQ5DA consumed 6269 of 168679 compute units
[2025-11-05T06:35:22.251165000Z DEBUG solana_runtime::message_processor::stable_log] Program TokenkegQfeZyiNwAJbNbGKPFXCWuBvf9Ss623VQ5DA success
[2025-11-05T06:35:22.251277000Z DEBUG solana_runtime::message_processor::stable_log] Program ASmKWt93JEMHxbdE6j7znD9y2FcdPboCzC3xtSTJvN7S invoke [2]
[2025-11-05T06:35:22.251320000Z DEBUG solana_runtime::message_processor::stable_log] Program ASmKWt93JEMHxbdE6j7znD9y2FcdPboCzC3xtSTJvN7S consumed 2069 of 156400 compute units
[2025-11-05T06:35:22.251331000Z DEBUG solana_runtime::message_processor::stable_log] Program ASmKWt93JEMHxbdE6j7znD9y2FcdPboCzC3xtSTJvN7S success
[2025-11-05T06:35:22.251384000Z DEBUG solana_runtime::message_processor::stable_log] Program ASmKWt93JEMHxbdE6j7znD9y2FcdPboCzC3xtSTJvN7S invoke [2]
[2025-11-05T06:35:22.251415000Z DEBUG solana_runtime::message_processor::stable_log] Program ASmKWt93JEMHxbdE6j7znD9y2FcdPboCzC3xtSTJvN7S consumed 2069 of 150702 compute units
[2025-11-05T06:35:22.251423000Z DEBUG solana_runtime::message_processor::stable_log] Program ASmKWt93JEMHxbdE6j7znD9y2FcdPboCzC3xtSTJvN7S success
[2025-11-05T06:35:22.251442000Z DEBUG solana_runtime::message_processor::stable_log] Program ASmKWt93JEMHxbdE6j7znD9y2FcdPboCzC3xtSTJvN7S consumed 51901 of 200000 compute units
[2025-11-05T06:35:22.251453000Z DEBUG solana_runtime::message_processor::stable_log] Program ASmKWt93JEMHxbdE6j7znD9y2FcdPboCzC3xtSTJvN7S success
[2025-11-05T06:35:22.270163000Z DEBUG solana_runtime::message_processor::stable_log] Program ComputeBudget111111111111111111111111111111 invoke [1]
[2025-11-05T06:35:22.270177000Z DEBUG solana_runtime::message_processor::stable_log] Program ComputeBudget111111111111111111111111111111 success
[2025-11-05T06:35:22.270186000Z DEBUG solana_runtime::message_processor::stable_log] Program 5B57SJ3g2YoNXUpsZqqjEQkRSxyKtVTQRXdgAirz6bio invoke [1]
[2025-11-05T06:35:22.270490000Z DEBUG solana_runtime::message_processor::stable_log] Program log: Instruction: CrankDistribution
[2025-11-05T06:35:22.271057000Z DEBUG solana_runtime::message_processor::stable_log] Program log: === DEBUG: Before claiming fees ===
[2025-11-05T06:35:22.271074000Z DEBUG solana_runtime::message_processor::stable_log] Program log: Pool collect_fee_mode: 1
[2025-11-05T06:35:22.271186000Z DEBUG solana_runtime::message_processor::stable_log] Program log: Pool token_a_mint: 3Fx4rscoWM2635S6yfZxrysKt4HkgLxNW1SCpXXcjNDK
[2025-11-05T06:35:22.271302000Z DEBUG solana_runtime::message_processor::stable_log] Program log: Pool token_b_mint: AECZbEbAeoW3Hvoz3w9qpb6XjjsGitvpzt6PnFq5Uq3E
[2025-11-05T06:35:22.271414000Z DEBUG solana_runtime::message_processor::stable_log] Program log: Quote mint: AECZbEbAeoW3Hvoz3w9qpb6XjjsGitvpzt6PnFq5Uq3E
[2025-11-05T06:35:22.271524000Z DEBUG solana_runtime::message_processor::stable_log] Program log: Base mint: 3Fx4rscoWM2635S6yfZxrysKt4HkgLxNW1SCpXXcjNDK
[2025-11-05T06:35:22.271544000Z DEBUG solana_runtime::message_processor::stable_log] Program log: Position unlocked_liquidity: 1844674407370955161600
[2025-11-05T06:35:22.271551000Z DEBUG solana_runtime::message_processor::stable_log] Program log: Position vested_liquidity: 0
[2025-11-05T06:35:22.271559000Z DEBUG solana_runtime::message_processor::stable_log] Program log: Position permanent_locked_liquidity: 0
[2025-11-05T06:35:22.271565000Z DEBUG solana_runtime::message_processor::stable_log] Program log: Position fee_a_pending: 0
[2025-11-05T06:35:22.271570000Z DEBUG solana_runtime::message_processor::stable_log] Program log: Position fee_b_pending: 0
[2025-11-05T06:35:22.271575000Z DEBUG solana_runtime::message_processor::stable_log] Program log: Position fee_a_checkpoint (first 8 bytes): 0
[2025-11-05T06:35:22.271581000Z DEBUG solana_runtime::message_processor::stable_log] Program log: Position fee_b_checkpoint (first 8 bytes): 0
[2025-11-05T06:35:22.271587000Z DEBUG solana_runtime::message_processor::stable_log] Program log: Pool fee_a_per_liquidity (first 8 bytes): 0
[2025-11-05T06:35:22.271592000Z DEBUG solana_runtime::message_processor::stable_log] Program log: Pool fee_b_per_liquidity (first 8 bytes): 0
[2025-11-05T06:35:22.271604000Z DEBUG solana_runtime::message_processor::stable_log] Program log: Pool liquidity: 3689348814741910323200
[2025-11-05T06:35:22.271613000Z DEBUG solana_runtime::message_processor::stable_log] Program log: Treasury quote balance before: 99999999999999999
[2025-11-05T06:35:22.271620000Z DEBUG solana_runtime::message_processor::stable_log] Program log: Treasury base balance before: 99999785255671124
[2025-11-05T06:35:22.271623000Z DEBUG solana_runtime::message_processor::stable_log] Program log: Claiming position fees from CP-AMM
[2025-11-05T06:35:22.271728000Z DEBUG solana_runtime::message_processor::stable_log] Program ASmKWt93JEMHxbdE6j7znD9y2FcdPboCzC3xtSTJvN7S invoke [2]
[2025-11-05T06:35:22.271825000Z DEBUG solana_runtime::message_processor::stable_log] Program log: Instruction: ClaimPositionFee
[2025-11-05T06:35:22.272062000Z DEBUG solana_runtime::message_processor::stable_log] Program TokenkegQfeZyiNwAJbNbGKPFXCWuBvf9Ss623VQ5DA invoke [3]
[2025-11-05T06:35:22.272104000Z DEBUG solana_runtime::message_processor::stable_log] Program log: Instruction: TransferChecked
[2025-11-05T06:35:22.272184000Z DEBUG solana_runtime::message_processor::stable_log] Program TokenkegQfeZyiNwAJbNbGKPFXCWuBvf9Ss623VQ5DA consumed 6174 of 272614 compute units
[2025-11-05T06:35:22.272195000Z DEBUG solana_runtime::message_processor::stable_log] Program TokenkegQfeZyiNwAJbNbGKPFXCWuBvf9Ss623VQ5DA success
[2025-11-05T06:35:22.272241000Z DEBUG solana_runtime::message_processor::stable_log] Program ASmKWt93JEMHxbdE6j7znD9y2FcdPboCzC3xtSTJvN7S invoke [3]
[2025-11-05T06:35:22.272274000Z DEBUG solana_runtime::message_processor::stable_log] Program ASmKWt93JEMHxbdE6j7znD9y2FcdPboCzC3xtSTJvN7S consumed 2069 of 263700 compute units
[2025-11-05T06:35:22.272282000Z DEBUG solana_runtime::message_processor::stable_log] Program ASmKWt93JEMHxbdE6j7znD9y2FcdPboCzC3xtSTJvN7S success
[2025-11-05T06:35:22.272301000Z DEBUG solana_runtime::message_processor::stable_log] Program ASmKWt93JEMHxbdE6j7znD9y2FcdPboCzC3xtSTJvN7S consumed 30035 of 291125 compute units
[2025-11-05T06:35:22.272312000Z DEBUG solana_runtime::message_processor::stable_log] Program ASmKWt93JEMHxbdE6j7znD9y2FcdPboCzC3xtSTJvN7S success
[2025-11-05T06:35:22.272351000Z DEBUG solana_runtime::message_processor::stable_log] Program log: === DEBUG: After claiming fees ===
[2025-11-05T06:35:22.272364000Z DEBUG solana_runtime::message_processor::stable_log] Program log: Treasury quote balance after: 100000000000049999
[2025-11-05T06:35:22.272373000Z DEBUG solana_runtime::message_processor::stable_log] Program log: Treasury base balance after: 99999785255671124
[2025-11-05T06:35:22.272381000Z DEBUG solana_runtime::message_processor::stable_log] Program log: Quote tokens claimed: 50000
[2025-11-05T06:35:22.272390000Z DEBUG solana_runtime::message_processor::stable_log] Program data: fzkUsNcjWlgAueal1cGVlD7qv/35gqyjNBnY2IX0LA37gBSYjqvjtVDDAAAAAAAAqUEMaQAAAAA=
[2025-11-05T06:35:22.272615000Z DEBUG solana_runtime::message_processor::stable_log] Program TokenkegQfeZyiNwAJbNbGKPFXCWuBvf9Ss623VQ5DA invoke [2]
[2025-11-05T06:35:22.272653000Z DEBUG solana_runtime::message_processor::stable_log] Program log: Instruction: TransferChecked
[2025-11-05T06:35:22.272725000Z DEBUG solana_runtime::message_processor::stable_log] Program TokenkegQfeZyiNwAJbNbGKPFXCWuBvf9Ss623VQ5DA consumed 6174 of 243239 compute units
[2025-11-05T06:35:22.272733000Z DEBUG solana_runtime::message_processor::stable_log] Program TokenkegQfeZyiNwAJbNbGKPFXCWuBvf9Ss623VQ5DA success
[2025-11-05T06:35:22.272793000Z DEBUG solana_runtime::message_processor::stable_log] Program TokenkegQfeZyiNwAJbNbGKPFXCWuBvf9Ss623VQ5DA invoke [2]
[2025-11-05T06:35:22.272824000Z DEBUG solana_runtime::message_processor::stable_log] Program log: Instruction: TransferChecked
[2025-11-05T06:35:22.272893000Z DEBUG solana_runtime::message_processor::stable_log] Program TokenkegQfeZyiNwAJbNbGKPFXCWuBvf9Ss623VQ5DA consumed 6174 of 233678 compute units
[2025-11-05T06:35:22.272909000Z DEBUG solana_runtime::message_processor::stable_log] Program TokenkegQfeZyiNwAJbNbGKPFXCWuBvf9Ss623VQ5DA success
[2025-11-05T06:35:22.272966000Z DEBUG solana_runtime::message_processor::stable_log] Program TokenkegQfeZyiNwAJbNbGKPFXCWuBvf9Ss623VQ5DA invoke [2]
[2025-11-05T06:35:22.272997000Z DEBUG solana_runtime::message_processor::stable_log] Program log: Instruction: TransferChecked
[2025-11-05T06:35:22.273066000Z DEBUG solana_runtime::message_processor::stable_log] Program TokenkegQfeZyiNwAJbNbGKPFXCWuBvf9Ss623VQ5DA consumed 6174 of 224117 compute units
[2025-11-05T06:35:22.273079000Z DEBUG solana_runtime::message_processor::stable_log] Program TokenkegQfeZyiNwAJbNbGKPFXCWuBvf9Ss623VQ5DA success
[2025-11-05T06:35:22.273129000Z DEBUG solana_runtime::message_processor::stable_log] Program TokenkegQfeZyiNwAJbNbGKPFXCWuBvf9Ss623VQ5DA invoke [2]
[2025-11-05T06:35:22.273158000Z DEBUG solana_runtime::message_processor::stable_log] Program log: Instruction: TransferChecked
[2025-11-05T06:35:22.273227000Z DEBUG solana_runtime::message_processor::stable_log] Program TokenkegQfeZyiNwAJbNbGKPFXCWuBvf9Ss623VQ5DA consumed 6174 of 215066 compute units
[2025-11-05T06:35:22.273235000Z DEBUG solana_runtime::message_processor::stable_log] Program TokenkegQfeZyiNwAJbNbGKPFXCWuBvf9Ss623VQ5DA success
[2025-11-05T06:35:22.273247000Z DEBUG solana_runtime::message_processor::stable_log] Program data: jhY1V/E9sS0Aueal1cGVlD7qv/35gqyjNBnY2IX0LA37gBSYjqvjtalhAAAAAAAAp2EAAAAAAACpQQxpAAAAAA==
[2025-11-05T06:35:22.273254000Z DEBUG solana_runtime::message_processor::stable_log] Program data: KjXqZeHwy3kAueal1cGVlD7qv/35gqyjNBnY2IX0LA37gBSYjqvjtQAAAAADAAAAAwAAAKdhAAAAAAAAAAAAAAAAAACpQQxpAAAAAA==
[2025-11-05T06:35:22.273289000Z DEBUG solana_runtime::message_processor::stable_log] Program 5B57SJ3g2YoNXUpsZqqjEQkRSxyKtVTQRXdgAirz6bio consumed 193733 of 399850 compute units
[2025-11-05T06:35:22.273302000Z DEBUG solana_runtime::message_processor::stable_log] Program 5B57SJ3g2YoNXUpsZqqjEQkRSxyKtVTQRXdgAirz6bio success
      ✔ Should allow crank after 24h window expires (145ms)
[2025-11-05T06:35:22.276810000Z INFO  solana_program_test] "cp_amm" SBF program from ./target/deploy/cp_amm.so, modified 24 minutes, 29 seconds, 624 ms, 125 µs and 203 ns ago
[2025-11-05T06:35:22.276954000Z INFO  solana_program_test] "fee_router" SBF program from ./target/deploy/fee_router.so, modified 32 seconds, 361 ms, 213 µs and 331 ns ago
[2025-11-05T06:35:22.277078000Z INFO  solana_program_test] "transfer_hook_counter" SBF program from tests/fixtures/transfer_hook_counter.so, modified 3 weeks, 22 hours, 58 minutes, 57 seconds, 102 ms, 674 µs and 196 ns ago
[2025-11-05T06:35:22.277294000Z INFO  solana_program_test] "alpha_vault" SBF program from tests/fixtures/alpha_vault.so, modified 3 weeks, 22 hours, 58 minutes, 57 seconds, 103 ms, 576 µs and 72 ns ago
[2025-11-05T06:35:22.277611000Z INFO  solana_program_test] "streamflow" SBF program from tests/fixtures/streamflow.so, modified 3 weeks, 6 hours, 59 minutes, 6 seconds, 988 ms, 527 µs and 387 ns ago
[2025-11-05T06:35:22.277891000Z INFO  solana_program_test] "cp_amm" SBF program from ./target/deploy/cp_amm.so, modified 24 minutes, 29 seconds, 625 ms, 209 µs and 203 ns ago
[2025-11-05T06:35:22.278092000Z INFO  solana_program_test] "fee_router" SBF program from ./target/deploy/fee_router.so, modified 32 seconds, 362 ms, 349 µs and 331 ns ago
[2025-11-05T06:35:22.296266000Z INFO  solana_program_test] Overriding account at ASmKWt93JEMHxbdE6j7znD9y2FcdPboCzC3xtSTJvN7S
[2025-11-05T06:35:22.296278000Z INFO  solana_program_test] Overriding account at 5B57SJ3g2YoNXUpsZqqjEQkRSxyKtVTQRXdgAirz6bio
[2025-11-05T06:35:22.306191000Z DEBUG solana_runtime::message_processor::stable_log] Program 11111111111111111111111111111111 invoke [1]
[2025-11-05T06:35:22.306202000Z DEBUG solana_runtime::message_processor::stable_log] Program 11111111111111111111111111111111 success
[2025-11-05T06:35:22.309790000Z DEBUG solana_runtime::message_processor::stable_log] Program 11111111111111111111111111111111 invoke [1]
[2025-11-05T06:35:22.309798000Z DEBUG solana_runtime::message_processor::stable_log] Program 11111111111111111111111111111111 success
[2025-11-05T06:35:22.313243000Z DEBUG solana_runtime::message_processor::stable_log] Program 11111111111111111111111111111111 invoke [1]
[2025-11-05T06:35:22.313255000Z DEBUG solana_runtime::message_processor::stable_log] Program 11111111111111111111111111111111 success
[2025-11-05T06:35:22.316767000Z DEBUG solana_runtime::message_processor::stable_log] Program 11111111111111111111111111111111 invoke [1]
[2025-11-05T06:35:22.316783000Z DEBUG solana_runtime::message_processor::stable_log] Program 11111111111111111111111111111111 success
[2025-11-05T06:35:22.324641000Z DEBUG solana_runtime::message_processor::stable_log] Program 11111111111111111111111111111111 invoke [1]
[2025-11-05T06:35:22.324654000Z DEBUG solana_runtime::message_processor::stable_log] Program 11111111111111111111111111111111 success
[2025-11-05T06:35:22.324658000Z DEBUG solana_runtime::message_processor::stable_log] Program TokenkegQfeZyiNwAJbNbGKPFXCWuBvf9Ss623VQ5DA invoke [1]
[2025-11-05T06:35:22.324705000Z DEBUG solana_runtime::message_processor::stable_log] Program log: Instruction: InitializeMint2
[2025-11-05T06:35:22.324738000Z DEBUG solana_runtime::message_processor::stable_log] Program TokenkegQfeZyiNwAJbNbGKPFXCWuBvf9Ss623VQ5DA consumed 2779 of 399850 compute units
[2025-11-05T06:35:22.324748000Z DEBUG solana_runtime::message_processor::stable_log] Program TokenkegQfeZyiNwAJbNbGKPFXCWuBvf9Ss623VQ5DA success
[2025-11-05T06:35:22.331341000Z DEBUG solana_runtime::message_processor::stable_log] Program 11111111111111111111111111111111 invoke [1]
[2025-11-05T06:35:22.331352000Z DEBUG solana_runtime::message_processor::stable_log] Program 11111111111111111111111111111111 success
[2025-11-05T06:35:22.331356000Z DEBUG solana_runtime::message_processor::stable_log] Program TokenkegQfeZyiNwAJbNbGKPFXCWuBvf9Ss623VQ5DA invoke [1]
[2025-11-05T06:35:22.331400000Z DEBUG solana_runtime::message_processor::stable_log] Program log: Instruction: InitializeMint2
[2025-11-05T06:35:22.331434000Z DEBUG solana_runtime::message_processor::stable_log] Program TokenkegQfeZyiNwAJbNbGKPFXCWuBvf9Ss623VQ5DA consumed 2779 of 399850 compute units
[2025-11-05T06:35:22.331443000Z DEBUG solana_runtime::message_processor::stable_log] Program TokenkegQfeZyiNwAJbNbGKPFXCWuBvf9Ss623VQ5DA success
[2025-11-05T06:35:22.336568000Z DEBUG solana_runtime::message_processor::stable_log] Program ATokenGPvbdGVxr1b2hvZbsiqW5xWH25efTNsLJA8knL invoke [1]
[2025-11-05T06:35:22.336660000Z DEBUG solana_runtime::message_processor::stable_log] Program log: Create
[2025-11-05T06:35:22.336716000Z DEBUG solana_runtime::message_processor::stable_log] Program TokenkegQfeZyiNwAJbNbGKPFXCWuBvf9Ss623VQ5DA invoke [2]
[2025-11-05T06:35:22.336753000Z DEBUG solana_runtime::message_processor::stable_log] Program log: Instruction: GetAccountDataSize
[2025-11-05T06:35:22.336771000Z DEBUG solana_runtime::message_processor::stable_log] Program TokenkegQfeZyiNwAJbNbGKPFXCWuBvf9Ss623VQ5DA consumed 1595 of 193055 compute units
[2025-11-05T06:35:22.336778000Z DEBUG solana_runtime::message_processor::stable_log] Program return: TokenkegQfeZyiNwAJbNbGKPFXCWuBvf9Ss623VQ5DA pQAAAAAAAAA=
[2025-11-05T06:35:22.336786000Z DEBUG solana_runtime::message_processor::stable_log] Program TokenkegQfeZyiNwAJbNbGKPFXCWuBvf9Ss623VQ5DA success
[2025-11-05T06:35:22.336840000Z DEBUG solana_runtime::message_processor::stable_log] Program 11111111111111111111111111111111 invoke [2]
[2025-11-05T06:35:22.336847000Z DEBUG solana_runtime::message_processor::stable_log] Program 11111111111111111111111111111111 success
[2025-11-05T06:35:22.336852000Z DEBUG solana_runtime::message_processor::stable_log] Program log: Initialize the associated token account
[2025-11-05T06:35:22.336871000Z DEBUG solana_runtime::message_processor::stable_log] Program TokenkegQfeZyiNwAJbNbGKPFXCWuBvf9Ss623VQ5DA invoke [2]
[2025-11-05T06:35:22.336893000Z DEBUG solana_runtime::message_processor::stable_log] Program log: Instruction: InitializeImmutableOwner
[2025-11-05T06:35:22.336903000Z DEBUG solana_runtime::message_processor::stable_log] Program log: Please upgrade to SPL Token 2022 for immutable owner support
[2025-11-05T06:35:22.336907000Z DEBUG solana_runtime::message_processor::stable_log] Program TokenkegQfeZyiNwAJbNbGKPFXCWuBvf9Ss623VQ5DA consumed 1405 of 186442 compute units
[2025-11-05T06:35:22.336914000Z DEBUG solana_runtime::message_processor::stable_log] Program TokenkegQfeZyiNwAJbNbGKPFXCWuBvf9Ss623VQ5DA success
[2025-11-05T06:35:22.336948000Z DEBUG solana_runtime::message_processor::stable_log] Program TokenkegQfeZyiNwAJbNbGKPFXCWuBvf9Ss623VQ5DA invoke [2]
[2025-11-05T06:35:22.336974000Z DEBUG solana_runtime::message_processor::stable_log] Program log: Instruction: InitializeAccount3
[2025-11-05T06:35:22.337028000Z DEBUG solana_runtime::message_processor::stable_log] Program TokenkegQfeZyiNwAJbNbGKPFXCWuBvf9Ss623VQ5DA consumed 4214 of 182558 compute units
[2025-11-05T06:35:22.337036000Z DEBUG solana_runtime::message_processor::stable_log] Program TokenkegQfeZyiNwAJbNbGKPFXCWuBvf9Ss623VQ5DA success
[2025-11-05T06:35:22.337048000Z DEBUG solana_runtime::message_processor::stable_log] Program ATokenGPvbdGVxr1b2hvZbsiqW5xWH25efTNsLJA8knL consumed 21960 of 200000 compute units
[2025-11-05T06:35:22.337057000Z DEBUG solana_runtime::message_processor::stable_log] Program ATokenGPvbdGVxr1b2hvZbsiqW5xWH25efTNsLJA8knL success
[2025-11-05T06:35:22.340627000Z DEBUG solana_runtime::message_processor::stable_log] Program TokenkegQfeZyiNwAJbNbGKPFXCWuBvf9Ss623VQ5DA invoke [1]
[2025-11-05T06:35:22.340690000Z DEBUG solana_runtime::message_processor::stable_log] Program log: Instruction: MintTo
[2025-11-05T06:35:22.340750000Z DEBUG solana_runtime::message_processor::stable_log] Program TokenkegQfeZyiNwAJbNbGKPFXCWuBvf9Ss623VQ5DA consumed 4491 of 200000 compute units
[2025-11-05T06:35:22.340759000Z DEBUG solana_runtime::message_processor::stable_log] Program TokenkegQfeZyiNwAJbNbGKPFXCWuBvf9Ss623VQ5DA success
[2025-11-05T06:35:22.345387000Z DEBUG solana_runtime::message_processor::stable_log] Program ATokenGPvbdGVxr1b2hvZbsiqW5xWH25efTNsLJA8knL invoke [1]
[2025-11-05T06:35:22.345454000Z DEBUG solana_runtime::message_processor::stable_log] Program log: Create
[2025-11-05T06:35:22.345503000Z DEBUG solana_runtime::message_processor::stable_log] Program TokenkegQfeZyiNwAJbNbGKPFXCWuBvf9Ss623VQ5DA invoke [2]
[2025-11-05T06:35:22.345534000Z DEBUG solana_runtime::message_processor::stable_log] Program log: Instruction: GetAccountDataSize
[2025-11-05T06:35:22.345550000Z DEBUG solana_runtime::message_processor::stable_log] Program TokenkegQfeZyiNwAJbNbGKPFXCWuBvf9Ss623VQ5DA consumed 1595 of 194555 compute units
[2025-11-05T06:35:22.345558000Z DEBUG solana_runtime::message_processor::stable_log] Program return: TokenkegQfeZyiNwAJbNbGKPFXCWuBvf9Ss623VQ5DA pQAAAAAAAAA=
[2025-11-05T06:35:22.345566000Z DEBUG solana_runtime::message_processor::stable_log] Program TokenkegQfeZyiNwAJbNbGKPFXCWuBvf9Ss623VQ5DA success
[2025-11-05T06:35:22.345620000Z DEBUG solana_runtime::message_processor::stable_log] Program 11111111111111111111111111111111 invoke [2]
[2025-11-05T06:35:22.345627000Z DEBUG solana_runtime::message_processor::stable_log] Program 11111111111111111111111111111111 success
[2025-11-05T06:35:22.345633000Z DEBUG solana_runtime::message_processor::stable_log] Program log: Initialize the associated token account
[2025-11-05T06:35:22.345650000Z DEBUG solana_runtime::message_processor::stable_log] Program TokenkegQfeZyiNwAJbNbGKPFXCWuBvf9Ss623VQ5DA invoke [2]
[2025-11-05T06:35:22.345672000Z DEBUG solana_runtime::message_processor::stable_log] Program log: Instruction: InitializeImmutableOwner
[2025-11-05T06:35:22.345683000Z DEBUG solana_runtime::message_processor::stable_log] Program log: Please upgrade to SPL Token 2022 for immutable owner support
[2025-11-05T06:35:22.345686000Z DEBUG solana_runtime::message_processor::stable_log] Program TokenkegQfeZyiNwAJbNbGKPFXCWuBvf9Ss623VQ5DA consumed 1405 of 187942 compute units
[2025-11-05T06:35:22.345693000Z DEBUG solana_runtime::message_processor::stable_log] Program TokenkegQfeZyiNwAJbNbGKPFXCWuBvf9Ss623VQ5DA success
[2025-11-05T06:35:22.345727000Z DEBUG solana_runtime::message_processor::stable_log] Program TokenkegQfeZyiNwAJbNbGKPFXCWuBvf9Ss623VQ5DA invoke [2]
[2025-11-05T06:35:22.345753000Z DEBUG solana_runtime::message_processor::stable_log] Program log: Instruction: InitializeAccount3
[2025-11-05T06:35:22.345806000Z DEBUG solana_runtime::message_processor::stable_log] Program TokenkegQfeZyiNwAJbNbGKPFXCWuBvf9Ss623VQ5DA consumed 4214 of 184058 compute units
[2025-11-05T06:35:22.345813000Z DEBUG solana_runtime::message_processor::stable_log] Program TokenkegQfeZyiNwAJbNbGKPFXCWuBvf9Ss623VQ5DA success
[2025-11-05T06:35:22.345825000Z DEBUG solana_runtime::message_processor::stable_log] Program ATokenGPvbdGVxr1b2hvZbsiqW5xWH25efTNsLJA8knL consumed 20460 of 200000 compute units
[2025-11-05T06:35:22.345834000Z DEBUG solana_runtime::message_processor::stable_log] Program ATokenGPvbdGVxr1b2hvZbsiqW5xWH25efTNsLJA8knL success
[2025-11-05T06:35:22.348874000Z DEBUG solana_runtime::message_processor::stable_log] Program TokenkegQfeZyiNwAJbNbGKPFXCWuBvf9Ss623VQ5DA invoke [1]
[2025-11-05T06:35:22.348921000Z DEBUG solana_runtime::message_processor::stable_log] Program log: Instruction: MintTo
[2025-11-05T06:35:22.348988000Z DEBUG solana_runtime::message_processor::stable_log] Program TokenkegQfeZyiNwAJbNbGKPFXCWuBvf9Ss623VQ5DA consumed 4491 of 200000 compute units
[2025-11-05T06:35:22.348998000Z DEBUG solana_runtime::message_processor::stable_log] Program TokenkegQfeZyiNwAJbNbGKPFXCWuBvf9Ss623VQ5DA success
[2025-11-05T06:35:22.354145000Z DEBUG solana_runtime::message_processor::stable_log] Program ATokenGPvbdGVxr1b2hvZbsiqW5xWH25efTNsLJA8knL invoke [1]
[2025-11-05T06:35:22.354213000Z DEBUG solana_runtime::message_processor::stable_log] Program log: Create
[2025-11-05T06:35:22.354284000Z DEBUG solana_runtime::message_processor::stable_log] Program TokenkegQfeZyiNwAJbNbGKPFXCWuBvf9Ss623VQ5DA invoke [2]
[2025-11-05T06:35:22.354316000Z DEBUG solana_runtime::message_processor::stable_log] Program log: Instruction: GetAccountDataSize
[2025-11-05T06:35:22.354334000Z DEBUG solana_runtime::message_processor::stable_log] Program TokenkegQfeZyiNwAJbNbGKPFXCWuBvf9Ss623VQ5DA consumed 1595 of 190055 compute units
[2025-11-05T06:35:22.354342000Z DEBUG solana_runtime::message_processor::stable_log] Program return: TokenkegQfeZyiNwAJbNbGKPFXCWuBvf9Ss623VQ5DA pQAAAAAAAAA=
[2025-11-05T06:35:22.354349000Z DEBUG solana_runtime::message_processor::stable_log] Program TokenkegQfeZyiNwAJbNbGKPFXCWuBvf9Ss623VQ5DA success
[2025-11-05T06:35:22.354403000Z DEBUG solana_runtime::message_processor::stable_log] Program 11111111111111111111111111111111 invoke [2]
[2025-11-05T06:35:22.354410000Z DEBUG solana_runtime::message_processor::stable_log] Program 11111111111111111111111111111111 success
[2025-11-05T06:35:22.354415000Z DEBUG solana_runtime::message_processor::stable_log] Program log: Initialize the associated token account
[2025-11-05T06:35:22.354433000Z DEBUG solana_runtime::message_processor::stable_log] Program TokenkegQfeZyiNwAJbNbGKPFXCWuBvf9Ss623VQ5DA invoke [2]
[2025-11-05T06:35:22.354454000Z DEBUG solana_runtime::message_processor::stable_log] Program log: Instruction: InitializeImmutableOwner
[2025-11-05T06:35:22.354465000Z DEBUG solana_runtime::message_processor::stable_log] Program log: Please upgrade to SPL Token 2022 for immutable owner support
[2025-11-05T06:35:22.354468000Z DEBUG solana_runtime::message_processor::stable_log] Program TokenkegQfeZyiNwAJbNbGKPFXCWuBvf9Ss623VQ5DA consumed 1405 of 183442 compute units
[2025-11-05T06:35:22.354476000Z DEBUG solana_runtime::message_processor::stable_log] Program TokenkegQfeZyiNwAJbNbGKPFXCWuBvf9Ss623VQ5DA success
[2025-11-05T06:35:22.354509000Z DEBUG solana_runtime::message_processor::stable_log] Program TokenkegQfeZyiNwAJbNbGKPFXCWuBvf9Ss623VQ5DA invoke [2]
[2025-11-05T06:35:22.354536000Z DEBUG solana_runtime::message_processor::stable_log] Program log: Instruction: InitializeAccount3
[2025-11-05T06:35:22.354589000Z DEBUG solana_runtime::message_processor::stable_log] Program TokenkegQfeZyiNwAJbNbGKPFXCWuBvf9Ss623VQ5DA consumed 4214 of 179558 compute units
[2025-11-05T06:35:22.354597000Z DEBUG solana_runtime::message_processor::stable_log] Program TokenkegQfeZyiNwAJbNbGKPFXCWuBvf9Ss623VQ5DA success
[2025-11-05T06:35:22.354609000Z DEBUG solana_runtime::message_processor::stable_log] Program ATokenGPvbdGVxr1b2hvZbsiqW5xWH25efTNsLJA8knL consumed 24960 of 200000 compute units
[2025-11-05T06:35:22.354618000Z DEBUG solana_runtime::message_processor::stable_log] Program ATokenGPvbdGVxr1b2hvZbsiqW5xWH25efTNsLJA8knL success
[2025-11-05T06:35:22.357863000Z DEBUG solana_runtime::message_processor::stable_log] Program TokenkegQfeZyiNwAJbNbGKPFXCWuBvf9Ss623VQ5DA invoke [1]
[2025-11-05T06:35:22.357908000Z DEBUG solana_runtime::message_processor::stable_log] Program log: Instruction: MintTo
[2025-11-05T06:35:22.357965000Z DEBUG solana_runtime::message_processor::stable_log] Program TokenkegQfeZyiNwAJbNbGKPFXCWuBvf9Ss623VQ5DA consumed 4491 of 200000 compute units
[2025-11-05T06:35:22.357974000Z DEBUG solana_runtime::message_processor::stable_log] Program TokenkegQfeZyiNwAJbNbGKPFXCWuBvf9Ss623VQ5DA success
[2025-11-05T06:35:22.362957000Z DEBUG solana_runtime::message_processor::stable_log] Program ATokenGPvbdGVxr1b2hvZbsiqW5xWH25efTNsLJA8knL invoke [1]
[2025-11-05T06:35:22.363019000Z DEBUG solana_runtime::message_processor::stable_log] Program log: Create
[2025-11-05T06:35:22.363092000Z DEBUG solana_runtime::message_processor::stable_log] Program TokenkegQfeZyiNwAJbNbGKPFXCWuBvf9Ss623VQ5DA invoke [2]
[2025-11-05T06:35:22.363127000Z DEBUG solana_runtime::message_processor::stable_log] Program log: Instruction: GetAccountDataSize
[2025-11-05T06:35:22.363143000Z DEBUG solana_runtime::message_processor::stable_log] Program TokenkegQfeZyiNwAJbNbGKPFXCWuBvf9Ss623VQ5DA consumed 1595 of 188555 compute units
[2025-11-05T06:35:22.363151000Z DEBUG solana_runtime::message_processor::stable_log] Program return: TokenkegQfeZyiNwAJbNbGKPFXCWuBvf9Ss623VQ5DA pQAAAAAAAAA=
[2025-11-05T06:35:22.363159000Z DEBUG solana_runtime::message_processor::stable_log] Program TokenkegQfeZyiNwAJbNbGKPFXCWuBvf9Ss623VQ5DA success
[2025-11-05T06:35:22.363211000Z DEBUG solana_runtime::message_processor::stable_log] Program 11111111111111111111111111111111 invoke [2]
[2025-11-05T06:35:22.363218000Z DEBUG solana_runtime::message_processor::stable_log] Program 11111111111111111111111111111111 success
[2025-11-05T06:35:22.363223000Z DEBUG solana_runtime::message_processor::stable_log] Program log: Initialize the associated token account
[2025-11-05T06:35:22.363240000Z DEBUG solana_runtime::message_processor::stable_log] Program TokenkegQfeZyiNwAJbNbGKPFXCWuBvf9Ss623VQ5DA invoke [2]
[2025-11-05T06:35:22.363261000Z DEBUG solana_runtime::message_processor::stable_log] Program log: Instruction: InitializeImmutableOwner
[2025-11-05T06:35:22.363272000Z DEBUG solana_runtime::message_processor::stable_log] Program log: Please upgrade to SPL Token 2022 for immutable owner support
[2025-11-05T06:35:22.363275000Z DEBUG solana_runtime::message_processor::stable_log] Program TokenkegQfeZyiNwAJbNbGKPFXCWuBvf9Ss623VQ5DA consumed 1405 of 181942 compute units
[2025-11-05T06:35:22.363282000Z DEBUG solana_runtime::message_processor::stable_log] Program TokenkegQfeZyiNwAJbNbGKPFXCWuBvf9Ss623VQ5DA success
[2025-11-05T06:35:22.363315000Z DEBUG solana_runtime::message_processor::stable_log] Program TokenkegQfeZyiNwAJbNbGKPFXCWuBvf9Ss623VQ5DA invoke [2]
[2025-11-05T06:35:22.363341000Z DEBUG solana_runtime::message_processor::stable_log] Program log: Instruction: InitializeAccount3
[2025-11-05T06:35:22.363392000Z DEBUG solana_runtime::message_processor::stable_log] Program TokenkegQfeZyiNwAJbNbGKPFXCWuBvf9Ss623VQ5DA consumed 4214 of 178058 compute units
[2025-11-05T06:35:22.363400000Z DEBUG solana_runtime::message_processor::stable_log] Program TokenkegQfeZyiNwAJbNbGKPFXCWuBvf9Ss623VQ5DA success
[2025-11-05T06:35:22.363413000Z DEBUG solana_runtime::message_processor::stable_log] Program ATokenGPvbdGVxr1b2hvZbsiqW5xWH25efTNsLJA8knL consumed 26460 of 200000 compute units
[2025-11-05T06:35:22.363422000Z DEBUG solana_runtime::message_processor::stable_log] Program ATokenGPvbdGVxr1b2hvZbsiqW5xWH25efTNsLJA8knL success
[2025-11-05T06:35:22.366769000Z DEBUG solana_runtime::message_processor::stable_log] Program TokenkegQfeZyiNwAJbNbGKPFXCWuBvf9Ss623VQ5DA invoke [1]
[2025-11-05T06:35:22.366823000Z DEBUG solana_runtime::message_processor::stable_log] Program log: Instruction: MintTo
[2025-11-05T06:35:22.366882000Z DEBUG solana_runtime::message_processor::stable_log] Program TokenkegQfeZyiNwAJbNbGKPFXCWuBvf9Ss623VQ5DA consumed 4491 of 200000 compute units
[2025-11-05T06:35:22.366891000Z DEBUG solana_runtime::message_processor::stable_log] Program TokenkegQfeZyiNwAJbNbGKPFXCWuBvf9Ss623VQ5DA success
[2025-11-05T06:35:22.378719000Z DEBUG solana_runtime::message_processor::stable_log] Program ASmKWt93JEMHxbdE6j7znD9y2FcdPboCzC3xtSTJvN7S invoke [1]
[2025-11-05T06:35:22.378804000Z DEBUG solana_runtime::message_processor::stable_log] Program log: Instruction: CreateConfig
[2025-11-05T06:35:22.378890000Z DEBUG solana_runtime::message_processor::stable_log] Program 11111111111111111111111111111111 invoke [2]
[2025-11-05T06:35:22.378898000Z DEBUG solana_runtime::message_processor::stable_log] Program 11111111111111111111111111111111 success
[2025-11-05T06:35:22.379035000Z DEBUG solana_runtime::message_processor::stable_log] Program ASmKWt93JEMHxbdE6j7znD9y2FcdPboCzC3xtSTJvN7S invoke [2]
[2025-11-05T06:35:22.379092000Z DEBUG solana_runtime::message_processor::stable_log] Program ASmKWt93JEMHxbdE6j7znD9y2FcdPboCzC3xtSTJvN7S consumed 2069 of 186095 compute units
[2025-11-05T06:35:22.379102000Z DEBUG solana_runtime::message_processor::stable_log] Program ASmKWt93JEMHxbdE6j7znD9y2FcdPboCzC3xtSTJvN7S success
[2025-11-05T06:35:22.379117000Z DEBUG solana_runtime::message_processor::stable_log] Program ASmKWt93JEMHxbdE6j7znD9y2FcdPboCzC3xtSTJvN7S consumed 16279 of 200000 compute units
[2025-11-05T06:35:22.379125000Z DEBUG solana_runtime::message_processor::stable_log] Program ASmKWt93JEMHxbdE6j7znD9y2FcdPboCzC3xtSTJvN7S success
[2025-11-05T06:35:22.404355000Z DEBUG solana_runtime::message_processor::stable_log] Program ASmKWt93JEMHxbdE6j7znD9y2FcdPboCzC3xtSTJvN7S invoke [1]
[2025-11-05T06:35:22.404480000Z DEBUG solana_runtime::message_processor::stable_log] Program log: Instruction: InitializePool
[2025-11-05T06:35:22.404616000Z DEBUG solana_runtime::message_processor::stable_log] Program 11111111111111111111111111111111 invoke [2]
[2025-11-05T06:35:22.404625000Z DEBUG solana_runtime::message_processor::stable_log] Program 11111111111111111111111111111111 success
[2025-11-05T06:35:22.404659000Z DEBUG solana_runtime::message_processor::stable_log] Program TokenzQdBNbLqP5VEhdkAS6EPFLC1PHnBqCXEpPxuEb invoke [2]
[2025-11-05T06:35:22.404695000Z DEBUG solana_runtime::message_processor::stable_log] Program log: MetadataPointerInstruction::Initialize
[2025-11-05T06:35:22.404727000Z DEBUG solana_runtime::message_processor::stable_log] Program TokenzQdBNbLqP5VEhdkAS6EPFLC1PHnBqCXEpPxuEb consumed 2442 of 334963 compute units
[2025-11-05T06:35:22.404736000Z DEBUG solana_runtime::message_processor::stable_log] Program TokenzQdBNbLqP5VEhdkAS6EPFLC1PHnBqCXEpPxuEb success
[2025-11-05T06:35:22.404766000Z DEBUG solana_runtime::message_processor::stable_log] Program TokenzQdBNbLqP5VEhdkAS6EPFLC1PHnBqCXEpPxuEb invoke [2]
[2025-11-05T06:35:22.404790000Z DEBUG solana_runtime::message_processor::stable_log] Program log: Instruction: InitializeMintCloseAuthority
[2025-11-05T06:35:22.404820000Z DEBUG solana_runtime::message_processor::stable_log] Program TokenzQdBNbLqP5VEhdkAS6EPFLC1PHnBqCXEpPxuEb consumed 2570 of 330543 compute units
[2025-11-05T06:35:22.404827000Z DEBUG solana_runtime::message_processor::stable_log] Program TokenzQdBNbLqP5VEhdkAS6EPFLC1PHnBqCXEpPxuEb success
[2025-11-05T06:35:22.404856000Z DEBUG solana_runtime::message_processor::stable_log] Program TokenzQdBNbLqP5VEhdkAS6EPFLC1PHnBqCXEpPxuEb invoke [2]
[2025-11-05T06:35:22.404882000Z DEBUG solana_runtime::message_processor::stable_log] Program log: Instruction: InitializeMint2
[2025-11-05T06:35:22.404940000Z DEBUG solana_runtime::message_processor::stable_log] Program TokenzQdBNbLqP5VEhdkAS6EPFLC1PHnBqCXEpPxuEb consumed 4078 of 326031 compute units
[2025-11-05T06:35:22.404948000Z DEBUG solana_runtime::message_processor::stable_log] Program TokenzQdBNbLqP5VEhdkAS6EPFLC1PHnBqCXEpPxuEb success
[2025-11-05T06:35:22.405068000Z DEBUG solana_runtime::message_processor::stable_log] Program 11111111111111111111111111111111 invoke [2]
[2025-11-05T06:35:22.405072000Z DEBUG solana_runtime::message_processor::stable_log] Program 11111111111111111111111111111111 success
[2025-11-05T06:35:22.405101000Z DEBUG solana_runtime::message_processor::stable_log] Program TokenzQdBNbLqP5VEhdkAS6EPFLC1PHnBqCXEpPxuEb invoke [2]
[2025-11-05T06:35:22.405131000Z DEBUG solana_runtime::message_processor::stable_log] Program log: Instruction: InitializeAccount3
[2025-11-05T06:35:22.405208000Z DEBUG solana_runtime::message_processor::stable_log] Program TokenzQdBNbLqP5VEhdkAS6EPFLC1PHnBqCXEpPxuEb consumed 5137 of 310847 compute units
[2025-11-05T06:35:22.405216000Z DEBUG solana_runtime::message_processor::stable_log] Program TokenzQdBNbLqP5VEhdkAS6EPFLC1PHnBqCXEpPxuEb success
[2025-11-05T06:35:22.405314000Z DEBUG solana_runtime::message_processor::stable_log] Program 11111111111111111111111111111111 invoke [2]
[2025-11-05T06:35:22.405318000Z DEBUG solana_runtime::message_processor::stable_log] Program 11111111111111111111111111111111 success
[2025-11-05T06:35:22.405422000Z DEBUG solana_runtime::message_processor::stable_log] Program 11111111111111111111111111111111 invoke [2]
[2025-11-05T06:35:22.405425000Z DEBUG solana_runtime::message_processor::stable_log] Program 11111111111111111111111111111111 success
[2025-11-05T06:35:22.405491000Z DEBUG solana_runtime::message_processor::stable_log] Program 11111111111111111111111111111111 invoke [2]
[2025-11-05T06:35:22.405494000Z DEBUG solana_runtime::message_processor::stable_log] Program 11111111111111111111111111111111 success
[2025-11-05T06:35:22.405520000Z DEBUG solana_runtime::message_processor::stable_log] Program TokenkegQfeZyiNwAJbNbGKPFXCWuBvf9Ss623VQ5DA invoke [2]
[2025-11-05T06:35:22.405549000Z DEBUG solana_runtime::message_processor::stable_log] Program log: Instruction: InitializeAccount3
[2025-11-05T06:35:22.405605000Z DEBUG solana_runtime::message_processor::stable_log] Program TokenkegQfeZyiNwAJbNbGKPFXCWuBvf9Ss623VQ5DA consumed 4214 of 276748 compute units
[2025-11-05T06:35:22.405612000Z DEBUG solana_runtime::message_processor::stable_log] Program TokenkegQfeZyiNwAJbNbGKPFXCWuBvf9Ss623VQ5DA success
[2025-11-05T06:35:22.405704000Z DEBUG solana_runtime::message_processor::stable_log] Program 11111111111111111111111111111111 invoke [2]
[2025-11-05T06:35:22.405712000Z DEBUG solana_runtime::message_processor::stable_log] Program 11111111111111111111111111111111 success
[2025-11-05T06:35:22.405737000Z DEBUG solana_runtime::message_processor::stable_log] Program TokenkegQfeZyiNwAJbNbGKPFXCWuBvf9Ss623VQ5DA invoke [2]
[2025-11-05T06:35:22.405763000Z DEBUG solana_runtime::message_processor::stable_log] Program log: Instruction: InitializeAccount3
[2025-11-05T06:35:22.405813000Z DEBUG solana_runtime::message_processor::stable_log] Program TokenkegQfeZyiNwAJbNbGKPFXCWuBvf9Ss623VQ5DA consumed 4214 of 263609 compute units
[2025-11-05T06:35:22.405820000Z DEBUG solana_runtime::message_processor::stable_log] Program TokenkegQfeZyiNwAJbNbGKPFXCWuBvf9Ss623VQ5DA success
[2025-11-05T06:35:22.406028000Z DEBUG solana_runtime::message_processor::stable_log] Program TokenzQdBNbLqP5VEhdkAS6EPFLC1PHnBqCXEpPxuEb invoke [2]
[2025-11-05T06:35:22.406078000Z DEBUG solana_runtime::message_processor::stable_log] Program log: TokenMetadataInstruction: Initialize
[2025-11-05T06:35:22.406193000Z DEBUG solana_runtime::message_processor::stable_log] Program TokenzQdBNbLqP5VEhdkAS6EPFLC1PHnBqCXEpPxuEb consumed 9900 of 247107 compute units
[2025-11-05T06:35:22.406201000Z DEBUG solana_runtime::message_processor::stable_log] Program TokenzQdBNbLqP5VEhdkAS6EPFLC1PHnBqCXEpPxuEb success
[2025-11-05T06:35:22.406240000Z DEBUG solana_runtime::message_processor::stable_log] Program 11111111111111111111111111111111 invoke [2]
[2025-11-05T06:35:22.406243000Z DEBUG solana_runtime::message_processor::stable_log] Program 11111111111111111111111111111111 success
[2025-11-05T06:35:22.406280000Z DEBUG solana_runtime::message_processor::stable_log] Program TokenzQdBNbLqP5VEhdkAS6EPFLC1PHnBqCXEpPxuEb invoke [2]
[2025-11-05T06:35:22.406309000Z DEBUG solana_runtime::message_processor::stable_log] Program log: Instruction: MintTo
[2025-11-05T06:35:22.406381000Z DEBUG solana_runtime::message_processor::stable_log] Program TokenzQdBNbLqP5VEhdkAS6EPFLC1PHnBqCXEpPxuEb consumed 5540 of 232145 compute units
[2025-11-05T06:35:22.406388000Z DEBUG solana_runtime::message_processor::stable_log] Program TokenzQdBNbLqP5VEhdkAS6EPFLC1PHnBqCXEpPxuEb success
[2025-11-05T06:35:22.406439000Z DEBUG solana_runtime::message_processor::stable_log] Program ASmKWt93JEMHxbdE6j7znD9y2FcdPboCzC3xtSTJvN7S invoke [2]
[2025-11-05T06:35:22.406472000Z DEBUG solana_runtime::message_processor::stable_log] Program ASmKWt93JEMHxbdE6j7znD9y2FcdPboCzC3xtSTJvN7S consumed 2069 of 223540 compute units
[2025-11-05T06:35:22.406479000Z DEBUG solana_runtime::message_processor::stable_log] Program ASmKWt93JEMHxbdE6j7znD9y2FcdPboCzC3xtSTJvN7S success
[2025-11-05T06:35:22.406524000Z DEBUG solana_runtime::message_processor::stable_log] Program TokenkegQfeZyiNwAJbNbGKPFXCWuBvf9Ss623VQ5DA invoke [2]
[2025-11-05T06:35:22.406559000Z DEBUG solana_runtime::message_processor::stable_log] Program log: Instruction: TransferChecked
[2025-11-05T06:35:22.406633000Z DEBUG solana_runtime::message_processor::stable_log] Program TokenkegQfeZyiNwAJbNbGKPFXCWuBvf9Ss623VQ5DA consumed 6174 of 218927 compute units
[2025-11-05T06:35:22.406640000Z DEBUG solana_runtime::message_processor::stable_log] Program TokenkegQfeZyiNwAJbNbGKPFXCWuBvf9Ss623VQ5DA success
[2025-11-05T06:35:22.406679000Z DEBUG solana_runtime::message_processor::stable_log] Program TokenkegQfeZyiNwAJbNbGKPFXCWuBvf9Ss623VQ5DA invoke [2]
[2025-11-05T06:35:22.406710000Z DEBUG solana_runtime::message_processor::stable_log] Program log: Instruction: TransferChecked
[2025-11-05T06:35:22.406784000Z DEBUG solana_runtime::message_processor::stable_log] Program TokenkegQfeZyiNwAJbNbGKPFXCWuBvf9Ss623VQ5DA consumed 6174 of 210343 compute units
[2025-11-05T06:35:22.406791000Z DEBUG solana_runtime::message_processor::stable_log] Program TokenkegQfeZyiNwAJbNbGKPFXCWuBvf9Ss623VQ5DA success
[2025-11-05T06:35:22.406867000Z DEBUG solana_runtime::message_processor::stable_log] Program ASmKWt93JEMHxbdE6j7znD9y2FcdPboCzC3xtSTJvN7S invoke [2]
[2025-11-05T06:35:22.406897000Z DEBUG solana_runtime::message_processor::stable_log] Program ASmKWt93JEMHxbdE6j7znD9y2FcdPboCzC3xtSTJvN7S consumed 2069 of 199088 compute units
[2025-11-05T06:35:22.406905000Z DEBUG solana_runtime::message_processor::stable_log] Program ASmKWt93JEMHxbdE6j7znD9y2FcdPboCzC3xtSTJvN7S success
[2025-11-05T06:35:22.406932000Z DEBUG solana_runtime::message_processor::stable_log] Program ASmKWt93JEMHxbdE6j7znD9y2FcdPboCzC3xtSTJvN7S consumed 153775 of 350000 compute units
[2025-11-05T06:35:22.407001000Z DEBUG solana_runtime::message_processor::stable_log] Program ASmKWt93JEMHxbdE6j7znD9y2FcdPboCzC3xtSTJvN7S success
[2025-11-05T06:35:22.407011000Z DEBUG solana_runtime::message_processor::stable_log] Program ComputeBudget111111111111111111111111111111 invoke [1]
[2025-11-05T06:35:22.407020000Z DEBUG solana_runtime::message_processor::stable_log] Program ComputeBudget111111111111111111111111111111 success
[2025-11-05T06:35:22.428791000Z DEBUG solana_runtime::message_processor::stable_log] Program 5B57SJ3g2YoNXUpsZqqjEQkRSxyKtVTQRXdgAirz6bio invoke [1]
[2025-11-05T06:35:22.428902000Z DEBUG solana_runtime::message_processor::stable_log] Program log: Instruction: InitializeHonoraryPosition
[2025-11-05T06:35:22.429061000Z DEBUG solana_runtime::message_processor::stable_log] Program 11111111111111111111111111111111 invoke [2]
[2025-11-05T06:35:22.429069000Z DEBUG solana_runtime::message_processor::stable_log] Program 11111111111111111111111111111111 success
[2025-11-05T06:35:22.429185000Z DEBUG solana_runtime::message_processor::stable_log] Program 11111111111111111111111111111111 invoke [2]
[2025-11-05T06:35:22.429189000Z DEBUG solana_runtime::message_processor::stable_log] Program 11111111111111111111111111111111 success
[2025-11-05T06:35:22.429216000Z DEBUG solana_runtime::message_processor::stable_log] Program TokenkegQfeZyiNwAJbNbGKPFXCWuBvf9Ss623VQ5DA invoke [2]
[2025-11-05T06:35:22.429255000Z DEBUG solana_runtime::message_processor::stable_log] Program log: Instruction: InitializeAccount3
[2025-11-05T06:35:22.429314000Z DEBUG solana_runtime::message_processor::stable_log] Program TokenkegQfeZyiNwAJbNbGKPFXCWuBvf9Ss623VQ5DA consumed 4214 of 169612 compute units
[2025-11-05T06:35:22.429325000Z DEBUG solana_runtime::message_processor::stable_log] Program TokenkegQfeZyiNwAJbNbGKPFXCWuBvf9Ss623VQ5DA success
[2025-11-05T06:35:22.429427000Z DEBUG solana_runtime::message_processor::stable_log] Program 11111111111111111111111111111111 invoke [2]
[2025-11-05T06:35:22.429431000Z DEBUG solana_runtime::message_processor::stable_log] Program 11111111111111111111111111111111 success
[2025-11-05T06:35:22.429457000Z DEBUG solana_runtime::message_processor::stable_log] Program TokenkegQfeZyiNwAJbNbGKPFXCWuBvf9Ss623VQ5DA invoke [2]
[2025-11-05T06:35:22.429482000Z DEBUG solana_runtime::message_processor::stable_log] Program log: Instruction: InitializeAccount3
[2025-11-05T06:35:22.429536000Z DEBUG solana_runtime::message_processor::stable_log] Program TokenkegQfeZyiNwAJbNbGKPFXCWuBvf9Ss623VQ5DA consumed 4214 of 154976 compute units
[2025-11-05T06:35:22.429545000Z DEBUG solana_runtime::message_processor::stable_log] Program TokenkegQfeZyiNwAJbNbGKPFXCWuBvf9Ss623VQ5DA success
[2025-11-05T06:35:22.429607000Z DEBUG solana_runtime::message_processor::stable_log] Program log: Creating honorary position through CP-AMM CPI
[2025-11-05T06:35:22.429734000Z DEBUG solana_runtime::message_processor::stable_log] Program ASmKWt93JEMHxbdE6j7znD9y2FcdPboCzC3xtSTJvN7S invoke [2]
[2025-11-05T06:35:22.429807000Z DEBUG solana_runtime::message_processor::stable_log] Program log: Instruction: CreatePosition
[2025-11-05T06:35:22.429874000Z DEBUG solana_runtime::message_processor::stable_log] Program 11111111111111111111111111111111 invoke [3]
[2025-11-05T06:35:22.429879000Z DEBUG solana_runtime::message_processor::stable_log] Program 11111111111111111111111111111111 success
[2025-11-05T06:35:22.429908000Z DEBUG solana_runtime::message_processor::stable_log] Program TokenzQdBNbLqP5VEhdkAS6EPFLC1PHnBqCXEpPxuEb invoke [3]
[2025-11-05T06:35:22.429939000Z DEBUG solana_runtime::message_processor::stable_log] Program log: MetadataPointerInstruction::Initialize
[2025-11-05T06:35:22.429976000Z DEBUG solana_runtime::message_processor::stable_log] Program TokenzQdBNbLqP5VEhdkAS6EPFLC1PHnBqCXEpPxuEb consumed 2442 of 129670 compute units
[2025-11-05T06:35:22.429984000Z DEBUG solana_runtime::message_processor::stable_log] Program TokenzQdBNbLqP5VEhdkAS6EPFLC1PHnBqCXEpPxuEb success
[2025-11-05T06:35:22.430012000Z DEBUG solana_runtime::message_processor::stable_log] Program TokenzQdBNbLqP5VEhdkAS6EPFLC1PHnBqCXEpPxuEb invoke [3]
[2025-11-05T06:35:22.430033000Z DEBUG solana_runtime::message_processor::stable_log] Program log: Instruction: InitializeMintCloseAuthority
[2025-11-05T06:35:22.430063000Z DEBUG solana_runtime::message_processor::stable_log] Program TokenzQdBNbLqP5VEhdkAS6EPFLC1PHnBqCXEpPxuEb consumed 2570 of 125250 compute units
[2025-11-05T06:35:22.430071000Z DEBUG solana_runtime::message_processor::stable_log] Program TokenzQdBNbLqP5VEhdkAS6EPFLC1PHnBqCXEpPxuEb success
[2025-11-05T06:35:22.430099000Z DEBUG solana_runtime::message_processor::stable_log] Program TokenzQdBNbLqP5VEhdkAS6EPFLC1PHnBqCXEpPxuEb invoke [3]
[2025-11-05T06:35:22.430120000Z DEBUG solana_runtime::message_processor::stable_log] Program log: Instruction: InitializeMint2
[2025-11-05T06:35:22.430178000Z DEBUG solana_runtime::message_processor::stable_log] Program TokenzQdBNbLqP5VEhdkAS6EPFLC1PHnBqCXEpPxuEb consumed 4078 of 120737 compute units
[2025-11-05T06:35:22.430185000Z DEBUG solana_runtime::message_processor::stable_log] Program TokenzQdBNbLqP5VEhdkAS6EPFLC1PHnBqCXEpPxuEb success
[2025-11-05T06:35:22.430324000Z DEBUG solana_runtime::message_processor::stable_log] Program 11111111111111111111111111111111 invoke [3]
[2025-11-05T06:35:22.430328000Z DEBUG solana_runtime::message_processor::stable_log] Program 11111111111111111111111111111111 success
[2025-11-05T06:35:22.430353000Z DEBUG solana_runtime::message_processor::stable_log] Program TokenzQdBNbLqP5VEhdkAS6EPFLC1PHnBqCXEpPxuEb invoke [3]
[2025-11-05T06:35:22.430376000Z DEBUG solana_runtime::message_processor::stable_log] Program log: Instruction: InitializeAccount3
[2025-11-05T06:35:22.430448000Z DEBUG solana_runtime::message_processor::stable_log] Program TokenzQdBNbLqP5VEhdkAS6EPFLC1PHnBqCXEpPxuEb consumed 5137 of 101053 compute units
[2025-11-05T06:35:22.430456000Z DEBUG solana_runtime::message_processor::stable_log] Program TokenzQdBNbLqP5VEhdkAS6EPFLC1PHnBqCXEpPxuEb success
[2025-11-05T06:35:22.430552000Z DEBUG solana_runtime::message_processor::stable_log] Program 11111111111111111111111111111111 invoke [3]
[2025-11-05T06:35:22.430555000Z DEBUG solana_runtime::message_processor::stable_log] Program 11111111111111111111111111111111 success
[2025-11-05T06:35:22.430669000Z DEBUG solana_runtime::message_processor::stable_log] Program TokenzQdBNbLqP5VEhdkAS6EPFLC1PHnBqCXEpPxuEb invoke [3]
[2025-11-05T06:35:22.430717000Z DEBUG solana_runtime::message_processor::stable_log] Program log: TokenMetadataInstruction: Initialize
[2025-11-05T06:35:22.430837000Z DEBUG solana_runtime::message_processor::stable_log] Program TokenzQdBNbLqP5VEhdkAS6EPFLC1PHnBqCXEpPxuEb consumed 9900 of 81323 compute units
[2025-11-05T06:35:22.430851000Z DEBUG solana_runtime::message_processor::stable_log] Program TokenzQdBNbLqP5VEhdkAS6EPFLC1PHnBqCXEpPxuEb success
[2025-11-05T06:35:22.430913000Z DEBUG solana_runtime::message_processor::stable_log] Program 11111111111111111111111111111111 invoke [3]
[2025-11-05T06:35:22.430927000Z DEBUG solana_runtime::message_processor::stable_log] Program 11111111111111111111111111111111 success
[2025-11-05T06:35:22.430971000Z DEBUG solana_runtime::message_processor::stable_log] Program TokenzQdBNbLqP5VEhdkAS6EPFLC1PHnBqCXEpPxuEb invoke [3]
[2025-11-05T06:35:22.430999000Z DEBUG solana_runtime::message_processor::stable_log] Program log: Instruction: MintTo
[2025-11-05T06:35:22.431068000Z DEBUG solana_runtime::message_processor::stable_log] Program TokenzQdBNbLqP5VEhdkAS6EPFLC1PHnBqCXEpPxuEb consumed 5540 of 66361 compute units
[2025-11-05T06:35:22.431079000Z DEBUG solana_runtime::message_processor::stable_log] Program TokenzQdBNbLqP5VEhdkAS6EPFLC1PHnBqCXEpPxuEb success
[2025-11-05T06:35:22.431127000Z DEBUG solana_runtime::message_processor::stable_log] Program ASmKWt93JEMHxbdE6j7znD9y2FcdPboCzC3xtSTJvN7S invoke [3]
[2025-11-05T06:35:22.431159000Z DEBUG solana_runtime::message_processor::stable_log] Program ASmKWt93JEMHxbdE6j7znD9y2FcdPboCzC3xtSTJvN7S consumed 2069 of 57755 compute units
[2025-11-05T06:35:22.431166000Z DEBUG solana_runtime::message_processor::stable_log] Program ASmKWt93JEMHxbdE6j7znD9y2FcdPboCzC3xtSTJvN7S success
[2025-11-05T06:35:22.431184000Z DEBUG solana_runtime::message_processor::stable_log] Program ASmKWt93JEMHxbdE6j7znD9y2FcdPboCzC3xtSTJvN7S consumed 83600 of 138714 compute units
[2025-11-05T06:35:22.431194000Z DEBUG solana_runtime::message_processor::stable_log] Program ASmKWt93JEMHxbdE6j7znD9y2FcdPboCzC3xtSTJvN7S success
[2025-11-05T06:35:22.431217000Z DEBUG solana_runtime::message_processor::stable_log] Program data: B9TwvmYpSymAuaV/DNjcf7t4gJRRVXikJdLcskfbKqbJMNf8MWZNNe8aUYbDyR5bw/DtqjmkyRHFa9EKwg8v8iJB5C///ch0gvMV3w+X6arZ5W7ObEbV7J/IyjK+Oo5fStyKyDPy/kh8AuZ8Ls0gXQGRatbJXHcTtj6qTC3mNG7ESBdIxuaFeJ+FUNeleh7OzMwCfjy1py7B7u7SKiHSPtNzO1HXs/Z7KvAKaQAAAAA=
[2025-11-05T06:35:22.431235000Z DEBUG solana_runtime::message_processor::stable_log] Program 5B57SJ3g2YoNXUpsZqqjEQkRSxyKtVTQRXdgAirz6bio consumed 146980 of 200000 compute units
[2025-11-05T06:35:22.431245000Z DEBUG solana_runtime::message_processor::stable_log] Program 5B57SJ3g2YoNXUpsZqqjEQkRSxyKtVTQRXdgAirz6bio success
[2025-11-05T06:35:22.438193000Z DEBUG solana_runtime::message_processor::stable_log] Program 5B57SJ3g2YoNXUpsZqqjEQkRSxyKtVTQRXdgAirz6bio invoke [1]
[2025-11-05T06:35:22.438273000Z DEBUG solana_runtime::message_processor::stable_log] Program log: Instruction: SetupPolicy
[2025-11-05T06:35:22.438371000Z DEBUG solana_runtime::message_processor::stable_log] Program 11111111111111111111111111111111 invoke [2]
[2025-11-05T06:35:22.438380000Z DEBUG solana_runtime::message_processor::stable_log] Program 11111111111111111111111111111111 success
[2025-11-05T06:35:22.438466000Z DEBUG solana_runtime::message_processor::stable_log] Program 11111111111111111111111111111111 invoke [2]
[2025-11-05T06:35:22.438472000Z DEBUG solana_runtime::message_processor::stable_log] Program 11111111111111111111111111111111 success
[2025-11-05T06:35:22.438509000Z DEBUG solana_runtime::message_processor::stable_log] Program data: HFXHbHKxoyaAuaV/DNjcf7t4gJRRVXikJdLcskfbKqbJMNf8MWZNNQ4nPtq57s8nmYAxA/1DuWQYPzhDTBTXiMhh4VtkxdPBiBNAS0wAAAAAACrwCmkAAAAA
[2025-11-05T06:35:22.438536000Z DEBUG solana_runtime::message_processor::stable_log] Program 5B57SJ3g2YoNXUpsZqqjEQkRSxyKtVTQRXdgAirz6bio consumed 19526 of 200000 compute units
[2025-11-05T06:35:22.438550000Z DEBUG solana_runtime::message_processor::stable_log] Program 5B57SJ3g2YoNXUpsZqqjEQkRSxyKtVTQRXdgAirz6bio success
[2025-11-05T06:35:22.458294000Z DEBUG solana_runtime::message_processor::stable_log] Program 5B57SJ3g2YoNXUpsZqqjEQkRSxyKtVTQRXdgAirz6bio invoke [1]
[2025-11-05T06:35:22.458484000Z DEBUG solana_runtime::message_processor::stable_log] Program log: Instruction: AddHonoraryLiquidity
[2025-11-05T06:35:22.458814000Z DEBUG solana_runtime::message_processor::stable_log] Program log: Adding liquidity to honorary position
[2025-11-05T06:35:22.458860000Z DEBUG solana_runtime::message_processor::stable_log] Program TokenkegQfeZyiNwAJbNbGKPFXCWuBvf9Ss623VQ5DA invoke [2]
[2025-11-05T06:35:22.458927000Z DEBUG solana_runtime::message_processor::stable_log] Program log: Instruction: TransferChecked
[2025-11-05T06:35:22.459009000Z DEBUG solana_runtime::message_processor::stable_log] Program TokenkegQfeZyiNwAJbNbGKPFXCWuBvf9Ss623VQ5DA consumed 6174 of 163743 compute units
[2025-11-05T06:35:22.459020000Z DEBUG solana_runtime::message_processor::stable_log] Program TokenkegQfeZyiNwAJbNbGKPFXCWuBvf9Ss623VQ5DA success
[2025-11-05T06:35:22.459071000Z DEBUG solana_runtime::message_processor::stable_log] Program TokenkegQfeZyiNwAJbNbGKPFXCWuBvf9Ss623VQ5DA invoke [2]
[2025-11-05T06:35:22.459103000Z DEBUG solana_runtime::message_processor::stable_log] Program log: Instruction: TransferChecked
[2025-11-05T06:35:22.459178000Z DEBUG solana_runtime::message_processor::stable_log] Program TokenkegQfeZyiNwAJbNbGKPFXCWuBvf9Ss623VQ5DA consumed 6174 of 154836 compute units
[2025-11-05T06:35:22.459186000Z DEBUG solana_runtime::message_processor::stable_log] Program TokenkegQfeZyiNwAJbNbGKPFXCWuBvf9Ss623VQ5DA success
[2025-11-05T06:35:22.459296000Z DEBUG solana_runtime::message_processor::stable_log] Program ASmKWt93JEMHxbdE6j7znD9y2FcdPboCzC3xtSTJvN7S invoke [2]
[2025-11-05T06:35:22.459375000Z DEBUG solana_runtime::message_processor::stable_log] Program log: Instruction: AddLiquidity
[2025-11-05T06:35:22.459714000Z DEBUG solana_runtime::message_processor::stable_log] Program TokenkegQfeZyiNwAJbNbGKPFXCWuBvf9Ss623VQ5DA invoke [3]
[2025-11-05T06:35:22.459751000Z DEBUG solana_runtime::message_processor::stable_log] Program log: Instruction: TransferChecked
[2025-11-05T06:35:22.459821000Z DEBUG solana_runtime::message_processor::stable_log] Program TokenkegQfeZyiNwAJbNbGKPFXCWuBvf9Ss623VQ5DA consumed 6174 of 116256 compute units
[2025-11-05T06:35:22.459830000Z DEBUG solana_runtime::message_processor::stable_log] Program TokenkegQfeZyiNwAJbNbGKPFXCWuBvf9Ss623VQ5DA success
[2025-11-05T06:35:22.459870000Z DEBUG solana_runtime::message_processor::stable_log] Program TokenkegQfeZyiNwAJbNbGKPFXCWuBvf9Ss623VQ5DA invoke [3]
[2025-11-05T06:35:22.459898000Z DEBUG solana_runtime::message_processor::stable_log] Program log: Instruction: TransferChecked
[2025-11-05T06:35:22.459968000Z DEBUG solana_runtime::message_processor::stable_log] Program TokenkegQfeZyiNwAJbNbGKPFXCWuBvf9Ss623VQ5DA consumed 6174 of 107672 compute units
[2025-11-05T06:35:22.459976000Z DEBUG solana_runtime::message_processor::stable_log] Program TokenkegQfeZyiNwAJbNbGKPFXCWuBvf9Ss623VQ5DA success
[2025-11-05T06:35:22.460025000Z DEBUG solana_runtime::message_processor::stable_log] Program ASmKWt93JEMHxbdE6j7znD9y2FcdPboCzC3xtSTJvN7S invoke [3]
[2025-11-05T06:35:22.460057000Z DEBUG solana_runtime::message_processor::stable_log] Program ASmKWt93JEMHxbdE6j7znD9y2FcdPboCzC3xtSTJvN7S consumed 2069 of 98244 compute units
[2025-11-05T06:35:22.460065000Z DEBUG solana_runtime::message_processor::stable_log] Program ASmKWt93JEMHxbdE6j7znD9y2FcdPboCzC3xtSTJvN7S success
[2025-11-05T06:35:22.460171000Z DEBUG solana_runtime::message_processor::stable_log] Program ASmKWt93JEMHxbdE6j7znD9y2FcdPboCzC3xtSTJvN7S invoke [3]
[2025-11-05T06:35:22.460199000Z DEBUG solana_runtime::message_processor::stable_log] Program ASmKWt93JEMHxbdE6j7znD9y2FcdPboCzC3xtSTJvN7S consumed 2069 of 89741 compute units
[2025-11-05T06:35:22.460208000Z DEBUG solana_runtime::message_processor::stable_log] Program ASmKWt93JEMHxbdE6j7znD9y2FcdPboCzC3xtSTJvN7S success
[2025-11-05T06:35:22.460229000Z DEBUG solana_runtime::message_processor::stable_log] Program ASmKWt93JEMHxbdE6j7znD9y2FcdPboCzC3xtSTJvN7S consumed 50736 of 137767 compute units
[2025-11-05T06:35:22.460238000Z DEBUG solana_runtime::message_processor::stable_log] Program ASmKWt93JEMHxbdE6j7znD9y2FcdPboCzC3xtSTJvN7S success
[2025-11-05T06:35:22.460268000Z DEBUG solana_runtime::message_processor::stable_log] Program log: Successfully added 1844674407370955161600 liquidity to honorary position
[2025-11-05T06:35:22.460282000Z DEBUG solana_runtime::message_processor::stable_log] Program 5B57SJ3g2YoNXUpsZqqjEQkRSxyKtVTQRXdgAirz6bio consumed 114647 of 200000 compute units
[2025-11-05T06:35:22.460297000Z DEBUG solana_runtime::message_processor::stable_log] Program 5B57SJ3g2YoNXUpsZqqjEQkRSxyKtVTQRXdgAirz6bio success
[2025-11-05T06:35:22.468719000Z DEBUG solana_runtime::message_processor::stable_log] Program 11111111111111111111111111111111 invoke [1]
[2025-11-05T06:35:22.468732000Z DEBUG solana_runtime::message_processor::stable_log] Program 11111111111111111111111111111111 success
  Stream 0: 100% locked, expected locked amount: 1666666, amount_per_period: 4629
[2025-11-05T06:35:22.475372000Z DEBUG solana_runtime::message_processor::stable_log] Program ATokenGPvbdGVxr1b2hvZbsiqW5xWH25efTNsLJA8knL invoke [1]
[2025-11-05T06:35:22.475445000Z DEBUG solana_runtime::message_processor::stable_log] Program log: Create
[2025-11-05T06:35:22.475577000Z DEBUG solana_runtime::message_processor::stable_log] Program TokenkegQfeZyiNwAJbNbGKPFXCWuBvf9Ss623VQ5DA invoke [2]
[2025-11-05T06:35:22.475604000Z DEBUG solana_runtime::message_processor::stable_log] Program log: Instruction: GetAccountDataSize
[2025-11-05T06:35:22.475622000Z DEBUG solana_runtime::message_processor::stable_log] Program TokenkegQfeZyiNwAJbNbGKPFXCWuBvf9Ss623VQ5DA consumed 1595 of 176555 compute units
[2025-11-05T06:35:22.475629000Z DEBUG solana_runtime::message_processor::stable_log] Program return: TokenkegQfeZyiNwAJbNbGKPFXCWuBvf9Ss623VQ5DA pQAAAAAAAAA=
[2025-11-05T06:35:22.475638000Z DEBUG solana_runtime::message_processor::stable_log] Program TokenkegQfeZyiNwAJbNbGKPFXCWuBvf9Ss623VQ5DA success
[2025-11-05T06:35:22.475690000Z DEBUG solana_runtime::message_processor::stable_log] Program 11111111111111111111111111111111 invoke [2]
[2025-11-05T06:35:22.475697000Z DEBUG solana_runtime::message_processor::stable_log] Program 11111111111111111111111111111111 success
[2025-11-05T06:35:22.475703000Z DEBUG solana_runtime::message_processor::stable_log] Program log: Initialize the associated token account
[2025-11-05T06:35:22.475720000Z DEBUG solana_runtime::message_processor::stable_log] Program TokenkegQfeZyiNwAJbNbGKPFXCWuBvf9Ss623VQ5DA invoke [2]
[2025-11-05T06:35:22.475748000Z DEBUG solana_runtime::message_processor::stable_log] Program log: Instruction: InitializeImmutableOwner
[2025-11-05T06:35:22.475758000Z DEBUG solana_runtime::message_processor::stable_log] Program log: Please upgrade to SPL Token 2022 for immutable owner support
[2025-11-05T06:35:22.475762000Z DEBUG solana_runtime::message_processor::stable_log] Program TokenkegQfeZyiNwAJbNbGKPFXCWuBvf9Ss623VQ5DA consumed 1405 of 169942 compute units
[2025-11-05T06:35:22.475769000Z DEBUG solana_runtime::message_processor::stable_log] Program TokenkegQfeZyiNwAJbNbGKPFXCWuBvf9Ss623VQ5DA success
[2025-11-05T06:35:22.475802000Z DEBUG solana_runtime::message_processor::stable_log] Program TokenkegQfeZyiNwAJbNbGKPFXCWuBvf9Ss623VQ5DA invoke [2]
[2025-11-05T06:35:22.475827000Z DEBUG solana_runtime::message_processor::stable_log] Program log: Instruction: InitializeAccount3
[2025-11-05T06:35:22.475879000Z DEBUG solana_runtime::message_processor::stable_log] Program TokenkegQfeZyiNwAJbNbGKPFXCWuBvf9Ss623VQ5DA consumed 4214 of 166058 compute units
[2025-11-05T06:35:22.475888000Z DEBUG solana_runtime::message_processor::stable_log] Program TokenkegQfeZyiNwAJbNbGKPFXCWuBvf9Ss623VQ5DA success
[2025-11-05T06:35:22.475901000Z DEBUG solana_runtime::message_processor::stable_log] Program ATokenGPvbdGVxr1b2hvZbsiqW5xWH25efTNsLJA8knL consumed 38460 of 200000 compute units
[2025-11-05T06:35:22.475911000Z DEBUG solana_runtime::message_processor::stable_log] Program ATokenGPvbdGVxr1b2hvZbsiqW5xWH25efTNsLJA8knL success
[2025-11-05T06:35:22.483595000Z DEBUG solana_runtime::message_processor::stable_log] Program 11111111111111111111111111111111 invoke [1]
[2025-11-05T06:35:22.483615000Z DEBUG solana_runtime::message_processor::stable_log] Program 11111111111111111111111111111111 success
  Stream 1: 100% locked, expected locked amount: 1666666, amount_per_period: 4629
[2025-11-05T06:35:22.487728000Z DEBUG solana_runtime::message_processor::stable_log] Program ATokenGPvbdGVxr1b2hvZbsiqW5xWH25efTNsLJA8knL invoke [1]
[2025-11-05T06:35:22.487812000Z DEBUG solana_runtime::message_processor::stable_log] Program log: Create
[2025-11-05T06:35:22.487865000Z DEBUG solana_runtime::message_processor::stable_log] Program TokenkegQfeZyiNwAJbNbGKPFXCWuBvf9Ss623VQ5DA invoke [2]
[2025-11-05T06:35:22.487895000Z DEBUG solana_runtime::message_processor::stable_log] Program log: Instruction: GetAccountDataSize
[2025-11-05T06:35:22.487912000Z DEBUG solana_runtime::message_processor::stable_log] Program TokenkegQfeZyiNwAJbNbGKPFXCWuBvf9Ss623VQ5DA consumed 1595 of 194555 compute units
[2025-11-05T06:35:22.487921000Z DEBUG solana_runtime::message_processor::stable_log] Program return: TokenkegQfeZyiNwAJbNbGKPFXCWuBvf9Ss623VQ5DA pQAAAAAAAAA=
[2025-11-05T06:35:22.487929000Z DEBUG solana_runtime::message_processor::stable_log] Program TokenkegQfeZyiNwAJbNbGKPFXCWuBvf9Ss623VQ5DA success
[2025-11-05T06:35:22.487995000Z DEBUG solana_runtime::message_processor::stable_log] Program 11111111111111111111111111111111 invoke [2]
[2025-11-05T06:35:22.488003000Z DEBUG solana_runtime::message_processor::stable_log] Program 11111111111111111111111111111111 success
[2025-11-05T06:35:22.488009000Z DEBUG solana_runtime::message_processor::stable_log] Program log: Initialize the associated token account
[2025-11-05T06:35:22.488027000Z DEBUG solana_runtime::message_processor::stable_log] Program TokenkegQfeZyiNwAJbNbGKPFXCWuBvf9Ss623VQ5DA invoke [2]
[2025-11-05T06:35:22.488047000Z DEBUG solana_runtime::message_processor::stable_log] Program log: Instruction: InitializeImmutableOwner
[2025-11-05T06:35:22.488058000Z DEBUG solana_runtime::message_processor::stable_log] Program log: Please upgrade to SPL Token 2022 for immutable owner support
[2025-11-05T06:35:22.488061000Z DEBUG solana_runtime::message_processor::stable_log] Program TokenkegQfeZyiNwAJbNbGKPFXCWuBvf9Ss623VQ5DA consumed 1405 of 187942 compute units
[2025-11-05T06:35:22.488068000Z DEBUG solana_runtime::message_processor::stable_log] Program TokenkegQfeZyiNwAJbNbGKPFXCWuBvf9Ss623VQ5DA success
[2025-11-05T06:35:22.488102000Z DEBUG solana_runtime::message_processor::stable_log] Program TokenkegQfeZyiNwAJbNbGKPFXCWuBvf9Ss623VQ5DA invoke [2]
[2025-11-05T06:35:22.488129000Z DEBUG solana_runtime::message_processor::stable_log] Program log: Instruction: InitializeAccount3
[2025-11-05T06:35:22.488183000Z DEBUG solana_runtime::message_processor::stable_log] Program TokenkegQfeZyiNwAJbNbGKPFXCWuBvf9Ss623VQ5DA consumed 4214 of 184058 compute units
[2025-11-05T06:35:22.488191000Z DEBUG solana_runtime::message_processor::stable_log] Program TokenkegQfeZyiNwAJbNbGKPFXCWuBvf9Ss623VQ5DA success
[2025-11-05T06:35:22.488203000Z DEBUG solana_runtime::message_processor::stable_log] Program ATokenGPvbdGVxr1b2hvZbsiqW5xWH25efTNsLJA8knL consumed 20460 of 200000 compute units
[2025-11-05T06:35:22.488212000Z DEBUG solana_runtime::message_processor::stable_log] Program ATokenGPvbdGVxr1b2hvZbsiqW5xWH25efTNsLJA8knL success
[2025-11-05T06:35:22.495920000Z DEBUG solana_runtime::message_processor::stable_log] Program 11111111111111111111111111111111 invoke [1]
[2025-11-05T06:35:22.495936000Z DEBUG solana_runtime::message_processor::stable_log] Program 11111111111111111111111111111111 success
  Stream 2: 100% locked, expected locked amount: 1666666, amount_per_period: 4629
[2025-11-05T06:35:22.500102000Z DEBUG solana_runtime::message_processor::stable_log] Program ATokenGPvbdGVxr1b2hvZbsiqW5xWH25efTNsLJA8knL invoke [1]
[2025-11-05T06:35:22.500176000Z DEBUG solana_runtime::message_processor::stable_log] Program log: Create
[2025-11-05T06:35:22.500225000Z DEBUG solana_runtime::message_processor::stable_log] Program TokenkegQfeZyiNwAJbNbGKPFXCWuBvf9Ss623VQ5DA invoke [2]
[2025-11-05T06:35:22.500251000Z DEBUG solana_runtime::message_processor::stable_log] Program log: Instruction: GetAccountDataSize
[2025-11-05T06:35:22.500269000Z DEBUG solana_runtime::message_processor::stable_log] Program TokenkegQfeZyiNwAJbNbGKPFXCWuBvf9Ss623VQ5DA consumed 1595 of 194555 compute units
[2025-11-05T06:35:22.500276000Z DEBUG solana_runtime::message_processor::stable_log] Program return: TokenkegQfeZyiNwAJbNbGKPFXCWuBvf9Ss623VQ5DA pQAAAAAAAAA=
[2025-11-05T06:35:22.500285000Z DEBUG solana_runtime::message_processor::stable_log] Program TokenkegQfeZyiNwAJbNbGKPFXCWuBvf9Ss623VQ5DA success
[2025-11-05T06:35:22.500338000Z DEBUG solana_runtime::message_processor::stable_log] Program 11111111111111111111111111111111 invoke [2]
[2025-11-05T06:35:22.500349000Z DEBUG solana_runtime::message_processor::stable_log] Program 11111111111111111111111111111111 success
[2025-11-05T06:35:22.500354000Z DEBUG solana_runtime::message_processor::stable_log] Program log: Initialize the associated token account
[2025-11-05T06:35:22.500372000Z DEBUG solana_runtime::message_processor::stable_log] Program TokenkegQfeZyiNwAJbNbGKPFXCWuBvf9Ss623VQ5DA invoke [2]
[2025-11-05T06:35:22.500400000Z DEBUG solana_runtime::message_processor::stable_log] Program log: Instruction: InitializeImmutableOwner
[2025-11-05T06:35:22.500411000Z DEBUG solana_runtime::message_processor::stable_log] Program log: Please upgrade to SPL Token 2022 for immutable owner support
[2025-11-05T06:35:22.500414000Z DEBUG solana_runtime::message_processor::stable_log] Program TokenkegQfeZyiNwAJbNbGKPFXCWuBvf9Ss623VQ5DA consumed 1405 of 187942 compute units
[2025-11-05T06:35:22.500422000Z DEBUG solana_runtime::message_processor::stable_log] Program TokenkegQfeZyiNwAJbNbGKPFXCWuBvf9Ss623VQ5DA success
[2025-11-05T06:35:22.500456000Z DEBUG solana_runtime::message_processor::stable_log] Program TokenkegQfeZyiNwAJbNbGKPFXCWuBvf9Ss623VQ5DA invoke [2]
[2025-11-05T06:35:22.500482000Z DEBUG solana_runtime::message_processor::stable_log] Program log: Instruction: InitializeAccount3
[2025-11-05T06:35:22.500536000Z DEBUG solana_runtime::message_processor::stable_log] Program TokenkegQfeZyiNwAJbNbGKPFXCWuBvf9Ss623VQ5DA consumed 4214 of 184058 compute units
[2025-11-05T06:35:22.500543000Z DEBUG solana_runtime::message_processor::stable_log] Program TokenkegQfeZyiNwAJbNbGKPFXCWuBvf9Ss623VQ5DA success
[2025-11-05T06:35:22.500556000Z DEBUG solana_runtime::message_processor::stable_log] Program ATokenGPvbdGVxr1b2hvZbsiqW5xWH25efTNsLJA8knL consumed 20460 of 200000 compute units
[2025-11-05T06:35:22.500565000Z DEBUG solana_runtime::message_processor::stable_log] Program ATokenGPvbdGVxr1b2hvZbsiqW5xWH25efTNsLJA8knL success
[2025-11-05T06:35:22.521840000Z DEBUG solana_runtime::message_processor::stable_log] Program ASmKWt93JEMHxbdE6j7znD9y2FcdPboCzC3xtSTJvN7S invoke [1]
[2025-11-05T06:35:22.521942000Z DEBUG solana_runtime::message_processor::stable_log] Program log: Instruction: Swap
[2025-11-05T06:35:22.522286000Z DEBUG solana_runtime::message_processor::stable_log] Program TokenkegQfeZyiNwAJbNbGKPFXCWuBvf9Ss623VQ5DA invoke [2]
[2025-11-05T06:35:22.522333000Z DEBUG solana_runtime::message_processor::stable_log] Program log: Instruction: TransferChecked
[2025-11-05T06:35:22.522420000Z DEBUG solana_runtime::message_processor::stable_log] Program TokenkegQfeZyiNwAJbNbGKPFXCWuBvf9Ss623VQ5DA consumed 6174 of 177323 compute units
[2025-11-05T06:35:22.522433000Z DEBUG solana_runtime::message_processor::stable_log] Program TokenkegQfeZyiNwAJbNbGKPFXCWuBvf9Ss623VQ5DA success
[2025-11-05T06:35:22.522486000Z DEBUG solana_runtime::message_processor::stable_log] Program TokenkegQfeZyiNwAJbNbGKPFXCWuBvf9Ss623VQ5DA invoke [2]
[2025-11-05T06:35:22.522518000Z DEBUG solana_runtime::message_processor::stable_log] Program log: Instruction: TransferChecked
[2025-11-05T06:35:22.522587000Z DEBUG solana_runtime::message_processor::stable_log] Program TokenkegQfeZyiNwAJbNbGKPFXCWuBvf9Ss623VQ5DA consumed 6174 of 168685 compute units
[2025-11-05T06:35:22.522596000Z DEBUG solana_runtime::message_processor::stable_log] Program TokenkegQfeZyiNwAJbNbGKPFXCWuBvf9Ss623VQ5DA success
[2025-11-05T06:35:22.522704000Z DEBUG solana_runtime::message_processor::stable_log] Program ASmKWt93JEMHxbdE6j7znD9y2FcdPboCzC3xtSTJvN7S invoke [2]
[2025-11-05T06:35:22.522742000Z DEBUG solana_runtime::message_processor::stable_log] Program ASmKWt93JEMHxbdE6j7znD9y2FcdPboCzC3xtSTJvN7S consumed 2069 of 156500 compute units
[2025-11-05T06:35:22.522750000Z DEBUG solana_runtime::message_processor::stable_log] Program ASmKWt93JEMHxbdE6j7znD9y2FcdPboCzC3xtSTJvN7S success
[2025-11-05T06:35:22.522806000Z DEBUG solana_runtime::message_processor::stable_log] Program ASmKWt93JEMHxbdE6j7znD9y2FcdPboCzC3xtSTJvN7S invoke [2]
[2025-11-05T06:35:22.522840000Z DEBUG solana_runtime::message_processor::stable_log] Program ASmKWt93JEMHxbdE6j7znD9y2FcdPboCzC3xtSTJvN7S consumed 2069 of 150802 compute units
[2025-11-05T06:35:22.523010000Z DEBUG solana_runtime::message_processor::stable_log] Program ASmKWt93JEMHxbdE6j7znD9y2FcdPboCzC3xtSTJvN7S success
[2025-11-05T06:35:22.523056000Z DEBUG solana_runtime::message_processor::stable_log] Program ASmKWt93JEMHxbdE6j7znD9y2FcdPboCzC3xtSTJvN7S consumed 51801 of 200000 compute units
[2025-11-05T06:35:22.523090000Z DEBUG solana_runtime::message_processor::stable_log] Program ASmKWt93JEMHxbdE6j7znD9y2FcdPboCzC3xtSTJvN7S success
[2025-11-05T06:35:22.546698000Z DEBUG solana_runtime::message_processor::stable_log] Program ComputeBudget111111111111111111111111111111 invoke [1]
[2025-11-05T06:35:22.546713000Z DEBUG solana_runtime::message_processor::stable_log] Program ComputeBudget111111111111111111111111111111 success
[2025-11-05T06:35:22.546722000Z DEBUG solana_runtime::message_processor::stable_log] Program 5B57SJ3g2YoNXUpsZqqjEQkRSxyKtVTQRXdgAirz6bio invoke [1]
[2025-11-05T06:35:22.546894000Z DEBUG solana_runtime::message_processor::stable_log] Program log: Instruction: CrankDistribution
[2025-11-05T06:35:22.547428000Z DEBUG solana_runtime::message_processor::stable_log] Program log: === DEBUG: Before claiming fees ===
[2025-11-05T06:35:22.547444000Z DEBUG solana_runtime::message_processor::stable_log] Program log: Pool collect_fee_mode: 1
[2025-11-05T06:35:22.547557000Z DEBUG solana_runtime::message_processor::stable_log] Program log: Pool token_a_mint: 5GqQ2mvfEgHMAR8BGXCHRrRZK3wSqrz3HsN2bN9igBaL
[2025-11-05T06:35:22.547668000Z DEBUG solana_runtime::message_processor::stable_log] Program log: Pool token_b_mint: 9M67wJeghezsHLSS5bdPGhxpuW7LctGJ31CUMzQfbaj1
[2025-11-05T06:35:22.547778000Z DEBUG solana_runtime::message_processor::stable_log] Program log: Quote mint: 9M67wJeghezsHLSS5bdPGhxpuW7LctGJ31CUMzQfbaj1
[2025-11-05T06:35:22.547886000Z DEBUG solana_runtime::message_processor::stable_log] Program log: Base mint: 5GqQ2mvfEgHMAR8BGXCHRrRZK3wSqrz3HsN2bN9igBaL
[2025-11-05T06:35:22.547900000Z DEBUG solana_runtime::message_processor::stable_log] Program log: Position unlocked_liquidity: 1844674407370955161600
[2025-11-05T06:35:22.547907000Z DEBUG solana_runtime::message_processor::stable_log] Program log: Position vested_liquidity: 0
[2025-11-05T06:35:22.547914000Z DEBUG solana_runtime::message_processor::stable_log] Program log: Position permanent_locked_liquidity: 0
[2025-11-05T06:35:22.547920000Z DEBUG solana_runtime::message_processor::stable_log] Program log: Position fee_a_pending: 0
[2025-11-05T06:35:22.547925000Z DEBUG solana_runtime::message_processor::stable_log] Program log: Position fee_b_pending: 0
[2025-11-05T06:35:22.547931000Z DEBUG solana_runtime::message_processor::stable_log] Program log: Position fee_a_checkpoint (first 8 bytes): 0
[2025-11-05T06:35:22.547937000Z DEBUG solana_runtime::message_processor::stable_log] Program log: Position fee_b_checkpoint (first 8 bytes): 0
[2025-11-05T06:35:22.547942000Z DEBUG solana_runtime::message_processor::stable_log] Program log: Pool fee_a_per_liquidity (first 8 bytes): 0
[2025-11-05T06:35:22.547948000Z DEBUG solana_runtime::message_processor::stable_log] Program log: Pool fee_b_per_liquidity (first 8 bytes): 0
[2025-11-05T06:35:22.547960000Z DEBUG solana_runtime::message_processor::stable_log] Program log: Pool liquidity: 3689348814741910323200
[2025-11-05T06:35:22.547968000Z DEBUG solana_runtime::message_processor::stable_log] Program log: Treasury quote balance before: 99999999999999999
[2025-11-05T06:35:22.547975000Z DEBUG solana_runtime::message_processor::stable_log] Program log: Treasury base balance before: 99999785255671124
[2025-11-05T06:35:22.547976000Z DEBUG solana_runtime::message_processor::stable_log] Program log: Claiming position fees from CP-AMM
[2025-11-05T06:35:22.548117000Z DEBUG solana_runtime::message_processor::stable_log] Program ASmKWt93JEMHxbdE6j7znD9y2FcdPboCzC3xtSTJvN7S invoke [2]
[2025-11-05T06:35:22.548237000Z DEBUG solana_runtime::message_processor::stable_log] Program log: Instruction: ClaimPositionFee
[2025-11-05T06:35:22.548467000Z DEBUG solana_runtime::message_processor::stable_log] Program TokenkegQfeZyiNwAJbNbGKPFXCWuBvf9Ss623VQ5DA invoke [3]
[2025-11-05T06:35:22.548508000Z DEBUG solana_runtime::message_processor::stable_log] Program log: Instruction: TransferChecked
[2025-11-05T06:35:22.548584000Z DEBUG solana_runtime::message_processor::stable_log] Program TokenkegQfeZyiNwAJbNbGKPFXCWuBvf9Ss623VQ5DA consumed 6174 of 266490 compute units
[2025-11-05T06:35:22.548593000Z DEBUG solana_runtime::message_processor::stable_log] Program TokenkegQfeZyiNwAJbNbGKPFXCWuBvf9Ss623VQ5DA success
[2025-11-05T06:35:22.548637000Z DEBUG solana_runtime::message_processor::stable_log] Program ASmKWt93JEMHxbdE6j7znD9y2FcdPboCzC3xtSTJvN7S invoke [3]
[2025-11-05T06:35:22.548670000Z DEBUG solana_runtime::message_processor::stable_log] Program ASmKWt93JEMHxbdE6j7znD9y2FcdPboCzC3xtSTJvN7S consumed 2069 of 257576 compute units
[2025-11-05T06:35:22.548679000Z DEBUG solana_runtime::message_processor::stable_log] Program ASmKWt93JEMHxbdE6j7znD9y2FcdPboCzC3xtSTJvN7S success
[2025-11-05T06:35:22.548698000Z DEBUG solana_runtime::message_processor::stable_log] Program ASmKWt93JEMHxbdE6j7znD9y2FcdPboCzC3xtSTJvN7S consumed 30035 of 285001 compute units
[2025-11-05T06:35:22.548729000Z DEBUG solana_runtime::message_processor::stable_log] Program ASmKWt93JEMHxbdE6j7znD9y2FcdPboCzC3xtSTJvN7S success
[2025-11-05T06:35:22.548773000Z DEBUG solana_runtime::message_processor::stable_log] Program log: === DEBUG: After claiming fees ===
[2025-11-05T06:35:22.548790000Z DEBUG solana_runtime::message_processor::stable_log] Program log: Treasury quote balance after: 100000000000049999
[2025-11-05T06:35:22.548799000Z DEBUG solana_runtime::message_processor::stable_log] Program log: Treasury base balance after: 99999785255671124
[2025-11-05T06:35:22.548807000Z DEBUG solana_runtime::message_processor::stable_log] Program log: Quote tokens claimed: 50000
[2025-11-05T06:35:22.548815000Z DEBUG solana_runtime::message_processor::stable_log] Program data: fzkUsNcjWliAuaV/DNjcf7t4gJRRVXikJdLcskfbKqbJMNf8MWZNNVDDAAAAAAAAKvAKaQAAAAA=
[2025-11-05T06:35:22.549039000Z DEBUG solana_runtime::message_processor::stable_log] Program TokenkegQfeZyiNwAJbNbGKPFXCWuBvf9Ss623VQ5DA invoke [2]
[2025-11-05T06:35:22.549072000Z DEBUG solana_runtime::message_processor::stable_log] Program log: Instruction: TransferChecked
[2025-11-05T06:35:22.549143000Z DEBUG solana_runtime::message_processor::stable_log] Program TokenkegQfeZyiNwAJbNbGKPFXCWuBvf9Ss623VQ5DA consumed 6174 of 237121 compute units
[2025-11-05T06:35:22.549151000Z DEBUG solana_runtime::message_processor::stable_log] Program TokenkegQfeZyiNwAJbNbGKPFXCWuBvf9Ss623VQ5DA success
[2025-11-05T06:35:22.549211000Z DEBUG solana_runtime::message_processor::stable_log] Program TokenkegQfeZyiNwAJbNbGKPFXCWuBvf9Ss623VQ5DA invoke [2]
[2025-11-05T06:35:22.549241000Z DEBUG solana_runtime::message_processor::stable_log] Program log: Instruction: TransferChecked
[2025-11-05T06:35:22.549361000Z DEBUG solana_runtime::message_processor::stable_log] Program TokenkegQfeZyiNwAJbNbGKPFXCWuBvf9Ss623VQ5DA consumed 6174 of 227560 compute units
[2025-11-05T06:35:22.549379000Z DEBUG solana_runtime::message_processor::stable_log] Program TokenkegQfeZyiNwAJbNbGKPFXCWuBvf9Ss623VQ5DA success
[2025-11-05T06:35:22.549433000Z DEBUG solana_runtime::message_processor::stable_log] Program TokenkegQfeZyiNwAJbNbGKPFXCWuBvf9Ss623VQ5DA invoke [2]
[2025-11-05T06:35:22.549460000Z DEBUG solana_runtime::message_processor::stable_log] Program log: Instruction: TransferChecked
[2025-11-05T06:35:22.549526000Z DEBUG solana_runtime::message_processor::stable_log] Program TokenkegQfeZyiNwAJbNbGKPFXCWuBvf9Ss623VQ5DA consumed 6174 of 217999 compute units
[2025-11-05T06:35:22.549535000Z DEBUG solana_runtime::message_processor::stable_log] Program TokenkegQfeZyiNwAJbNbGKPFXCWuBvf9Ss623VQ5DA success
[2025-11-05T06:35:22.549583000Z DEBUG solana_runtime::message_processor::stable_log] Program TokenkegQfeZyiNwAJbNbGKPFXCWuBvf9Ss623VQ5DA invoke [2]
[2025-11-05T06:35:22.549614000Z DEBUG solana_runtime::message_processor::stable_log] Program log: Instruction: TransferChecked
[2025-11-05T06:35:22.549678000Z DEBUG solana_runtime::message_processor::stable_log] Program TokenkegQfeZyiNwAJbNbGKPFXCWuBvf9Ss623VQ5DA consumed 6174 of 208948 compute units
[2025-11-05T06:35:22.549685000Z DEBUG solana_runtime::message_processor::stable_log] Program TokenkegQfeZyiNwAJbNbGKPFXCWuBvf9Ss623VQ5DA success
[2025-11-05T06:35:22.549697000Z DEBUG solana_runtime::message_processor::stable_log] Program data: jhY1V/E9sS2AuaV/DNjcf7t4gJRRVXikJdLcskfbKqbJMNf8MWZNNalhAAAAAAAAp2EAAAAAAAAq8AppAAAAAA==
[2025-11-05T06:35:22.549702000Z DEBUG solana_runtime::message_processor::stable_log] Program data: KjXqZeHwy3mAuaV/DNjcf7t4gJRRVXikJdLcskfbKqbJMNf8MWZNNQAAAAADAAAAAwAAAKdhAAAAAAAAAAAAAAAAAAAq8AppAAAAAA==
[2025-11-05T06:35:22.549735000Z DEBUG solana_runtime::message_processor::stable_log] Program 5B57SJ3g2YoNXUpsZqqjEQkRSxyKtVTQRXdgAirz6bio consumed 199851 of 399850 compute units
[2025-11-05T06:35:22.549746000Z DEBUG solana_runtime::message_processor::stable_log] Program 5B57SJ3g2YoNXUpsZqqjEQkRSxyKtVTQRXdgAirz6bio success
[2025-11-05T06:35:22.572401000Z DEBUG solana_runtime::message_processor::stable_log] Program ASmKWt93JEMHxbdE6j7znD9y2FcdPboCzC3xtSTJvN7S invoke [1]
[2025-11-05T06:35:22.572511000Z DEBUG solana_runtime::message_processor::stable_log] Program log: Instruction: Swap
[2025-11-05T06:35:22.572852000Z DEBUG solana_runtime::message_processor::stable_log] Program TokenkegQfeZyiNwAJbNbGKPFXCWuBvf9Ss623VQ5DA invoke [2]
[2025-11-05T06:35:22.572895000Z DEBUG solana_runtime::message_processor::stable_log] Program log: Instruction: TransferChecked
[2025-11-05T06:35:22.572971000Z DEBUG solana_runtime::message_processor::stable_log] Program TokenkegQfeZyiNwAJbNbGKPFXCWuBvf9Ss623VQ5DA consumed 6174 of 177317 compute units
[2025-11-05T06:35:22.572981000Z DEBUG solana_runtime::message_processor::stable_log] Program TokenkegQfeZyiNwAJbNbGKPFXCWuBvf9Ss623VQ5DA success
[2025-11-05T06:35:22.573041000Z DEBUG solana_runtime::message_processor::stable_log] Program TokenkegQfeZyiNwAJbNbGKPFXCWuBvf9Ss623VQ5DA invoke [2]
[2025-11-05T06:35:22.573074000Z DEBUG solana_runtime::message_processor::stable_log] Program log: Instruction: TransferChecked
[2025-11-05T06:35:22.573145000Z DEBUG solana_runtime::message_processor::stable_log] Program TokenkegQfeZyiNwAJbNbGKPFXCWuBvf9Ss623VQ5DA consumed 6269 of 168679 compute units
[2025-11-05T06:35:22.573154000Z DEBUG solana_runtime::message_processor::stable_log] Program TokenkegQfeZyiNwAJbNbGKPFXCWuBvf9Ss623VQ5DA success
[2025-11-05T06:35:22.573252000Z DEBUG solana_runtime::message_processor::stable_log] Program ASmKWt93JEMHxbdE6j7znD9y2FcdPboCzC3xtSTJvN7S invoke [2]
[2025-11-05T06:35:22.573283000Z DEBUG solana_runtime::message_processor::stable_log] Program ASmKWt93JEMHxbdE6j7znD9y2FcdPboCzC3xtSTJvN7S consumed 2069 of 156400 compute units
[2025-11-05T06:35:22.573291000Z DEBUG solana_runtime::message_processor::stable_log] Program ASmKWt93JEMHxbdE6j7znD9y2FcdPboCzC3xtSTJvN7S success
[2025-11-05T06:35:22.573343000Z DEBUG solana_runtime::message_processor::stable_log] Program ASmKWt93JEMHxbdE6j7znD9y2FcdPboCzC3xtSTJvN7S invoke [2]
[2025-11-05T06:35:22.573374000Z DEBUG solana_runtime::message_processor::stable_log] Program ASmKWt93JEMHxbdE6j7znD9y2FcdPboCzC3xtSTJvN7S consumed 2069 of 150702 compute units
[2025-11-05T06:35:22.573381000Z DEBUG solana_runtime::message_processor::stable_log] Program ASmKWt93JEMHxbdE6j7znD9y2FcdPboCzC3xtSTJvN7S success
[2025-11-05T06:35:22.573400000Z DEBUG solana_runtime::message_processor::stable_log] Program ASmKWt93JEMHxbdE6j7znD9y2FcdPboCzC3xtSTJvN7S consumed 51901 of 200000 compute units
[2025-11-05T06:35:22.573410000Z DEBUG solana_runtime::message_processor::stable_log] Program ASmKWt93JEMHxbdE6j7znD9y2FcdPboCzC3xtSTJvN7S success
[2025-11-05T06:35:22.592461000Z DEBUG solana_runtime::message_processor::stable_log] Program ComputeBudget111111111111111111111111111111 invoke [1]
[2025-11-05T06:35:22.592478000Z DEBUG solana_runtime::message_processor::stable_log] Program ComputeBudget111111111111111111111111111111 success
[2025-11-05T06:35:22.592487000Z DEBUG solana_runtime::message_processor::stable_log] Program 5B57SJ3g2YoNXUpsZqqjEQkRSxyKtVTQRXdgAirz6bio invoke [1]
[2025-11-05T06:35:22.592632000Z DEBUG solana_runtime::message_processor::stable_log] Program log: Instruction: CrankDistribution
[2025-11-05T06:35:22.593189000Z DEBUG solana_runtime::message_processor::stable_log] Program log: === DEBUG: Before claiming fees ===
[2025-11-05T06:35:22.593206000Z DEBUG solana_runtime::message_processor::stable_log] Program log: Pool collect_fee_mode: 1
[2025-11-05T06:35:22.593340000Z DEBUG solana_runtime::message_processor::stable_log] Program log: Pool token_a_mint: 5GqQ2mvfEgHMAR8BGXCHRrRZK3wSqrz3HsN2bN9igBaL
[2025-11-05T06:35:22.593456000Z DEBUG solana_runtime::message_processor::stable_log] Program log: Pool token_b_mint: 9M67wJeghezsHLSS5bdPGhxpuW7LctGJ31CUMzQfbaj1
[2025-11-05T06:35:22.593582000Z DEBUG solana_runtime::message_processor::stable_log] Program log: Quote mint: 9M67wJeghezsHLSS5bdPGhxpuW7LctGJ31CUMzQfbaj1
[2025-11-05T06:35:22.593693000Z DEBUG solana_runtime::message_processor::stable_log] Program log: Base mint: 5GqQ2mvfEgHMAR8BGXCHRrRZK3wSqrz3HsN2bN9igBaL
[2025-11-05T06:35:22.593709000Z DEBUG solana_runtime::message_processor::stable_log] Program log: Position unlocked_liquidity: 1844674407370955161600
[2025-11-05T06:35:22.593716000Z DEBUG solana_runtime::message_processor::stable_log] Program log: Position vested_liquidity: 0
[2025-11-05T06:35:22.593723000Z DEBUG solana_runtime::message_processor::stable_log] Program log: Position permanent_locked_liquidity: 0
[2025-11-05T06:35:22.593729000Z DEBUG solana_runtime::message_processor::stable_log] Program log: Position fee_a_pending: 0
[2025-11-05T06:35:22.593734000Z DEBUG solana_runtime::message_processor::stable_log] Program log: Position fee_b_pending: 0
[2025-11-05T06:35:22.593740000Z DEBUG solana_runtime::message_processor::stable_log] Program log: Position fee_a_checkpoint (first 8 bytes): 0
[2025-11-05T06:35:22.593746000Z DEBUG solana_runtime::message_processor::stable_log] Program log: Position fee_b_checkpoint (first 8 bytes): 0
[2025-11-05T06:35:22.593752000Z DEBUG solana_runtime::message_processor::stable_log] Program log: Pool fee_a_per_liquidity (first 8 bytes): 0
[2025-11-05T06:35:22.593757000Z DEBUG solana_runtime::message_processor::stable_log] Program log: Pool fee_b_per_liquidity (first 8 bytes): 0
[2025-11-05T06:35:22.593770000Z DEBUG solana_runtime::message_processor::stable_log] Program log: Pool liquidity: 3689348814741910323200
[2025-11-05T06:35:22.593778000Z DEBUG solana_runtime::message_processor::stable_log] Program log: Treasury quote balance before: 99999999999999999
[2025-11-05T06:35:22.593785000Z DEBUG solana_runtime::message_processor::stable_log] Program log: Treasury base balance before: 99999785255671124
[2025-11-05T06:35:22.593787000Z DEBUG solana_runtime::message_processor::stable_log] Program log: Claiming position fees from CP-AMM
[2025-11-05T06:35:22.593887000Z DEBUG solana_runtime::message_processor::stable_log] Program ASmKWt93JEMHxbdE6j7znD9y2FcdPboCzC3xtSTJvN7S invoke [2]
[2025-11-05T06:35:22.593972000Z DEBUG solana_runtime::message_processor::stable_log] Program log: Instruction: ClaimPositionFee
[2025-11-05T06:35:22.594215000Z DEBUG solana_runtime::message_processor::stable_log] Program TokenkegQfeZyiNwAJbNbGKPFXCWuBvf9Ss623VQ5DA invoke [3]
[2025-11-05T06:35:22.594255000Z DEBUG solana_runtime::message_processor::stable_log] Program log: Instruction: TransferChecked
[2025-11-05T06:35:22.594333000Z DEBUG solana_runtime::message_processor::stable_log] Program TokenkegQfeZyiNwAJbNbGKPFXCWuBvf9Ss623VQ5DA consumed 6174 of 266484 compute units
[2025-11-05T06:35:22.594343000Z DEBUG solana_runtime::message_processor::stable_log] Program TokenkegQfeZyiNwAJbNbGKPFXCWuBvf9Ss623VQ5DA success
[2025-11-05T06:35:22.594386000Z DEBUG solana_runtime::message_processor::stable_log] Program ASmKWt93JEMHxbdE6j7znD9y2FcdPboCzC3xtSTJvN7S invoke [3]
[2025-11-05T06:35:22.594417000Z DEBUG solana_runtime::message_processor::stable_log] Program ASmKWt93JEMHxbdE6j7znD9y2FcdPboCzC3xtSTJvN7S consumed 2069 of 257570 compute units
[2025-11-05T06:35:22.594424000Z DEBUG solana_runtime::message_processor::stable_log] Program ASmKWt93JEMHxbdE6j7znD9y2FcdPboCzC3xtSTJvN7S success
[2025-11-05T06:35:22.594443000Z DEBUG solana_runtime::message_processor::stable_log] Program ASmKWt93JEMHxbdE6j7znD9y2FcdPboCzC3xtSTJvN7S consumed 30035 of 284995 compute units
[2025-11-05T06:35:22.594453000Z DEBUG solana_runtime::message_processor::stable_log] Program ASmKWt93JEMHxbdE6j7znD9y2FcdPboCzC3xtSTJvN7S success
[2025-11-05T06:35:22.594492000Z DEBUG solana_runtime::message_processor::stable_log] Program log: === DEBUG: After claiming fees ===
[2025-11-05T06:35:22.594504000Z DEBUG solana_runtime::message_processor::stable_log] Program log: Treasury quote balance after: 100000000000049999
[2025-11-05T06:35:22.594512000Z DEBUG solana_runtime::message_processor::stable_log] Program log: Treasury base balance after: 99999785255671124
[2025-11-05T06:35:22.594520000Z DEBUG solana_runtime::message_processor::stable_log] Program log: Quote tokens claimed: 50000
[2025-11-05T06:35:22.594528000Z DEBUG solana_runtime::message_processor::stable_log] Program data: fzkUsNcjWliAuaV/DNjcf7t4gJRRVXikJdLcskfbKqbJMNf8MWZNNVDDAAAAAAAAqkEMaQAAAAA=
[2025-11-05T06:35:22.594780000Z DEBUG solana_runtime::message_processor::stable_log] Program TokenkegQfeZyiNwAJbNbGKPFXCWuBvf9Ss623VQ5DA invoke [2]
[2025-11-05T06:35:22.594815000Z DEBUG solana_runtime::message_processor::stable_log] Program log: Instruction: TransferChecked
[2025-11-05T06:35:22.594888000Z DEBUG solana_runtime::message_processor::stable_log] Program TokenkegQfeZyiNwAJbNbGKPFXCWuBvf9Ss623VQ5DA consumed 6174 of 237109 compute units
[2025-11-05T06:35:22.594898000Z DEBUG solana_runtime::message_processor::stable_log] Program TokenkegQfeZyiNwAJbNbGKPFXCWuBvf9Ss623VQ5DA success
[2025-11-05T06:35:22.594957000Z DEBUG solana_runtime::message_processor::stable_log] Program TokenkegQfeZyiNwAJbNbGKPFXCWuBvf9Ss623VQ5DA invoke [2]
[2025-11-05T06:35:22.594988000Z DEBUG solana_runtime::message_processor::stable_log] Program log: Instruction: TransferChecked
[2025-11-05T06:35:22.595054000Z DEBUG solana_runtime::message_processor::stable_log] Program TokenkegQfeZyiNwAJbNbGKPFXCWuBvf9Ss623VQ5DA consumed 6174 of 227548 compute units
[2025-11-05T06:35:22.595062000Z DEBUG solana_runtime::message_processor::stable_log] Program TokenkegQfeZyiNwAJbNbGKPFXCWuBvf9Ss623VQ5DA success
[2025-11-05T06:35:22.595117000Z DEBUG solana_runtime::message_processor::stable_log] Program TokenkegQfeZyiNwAJbNbGKPFXCWuBvf9Ss623VQ5DA invoke [2]
[2025-11-05T06:35:22.595145000Z DEBUG solana_runtime::message_processor::stable_log] Program log: Instruction: TransferChecked
[2025-11-05T06:35:22.595210000Z DEBUG solana_runtime::message_processor::stable_log] Program TokenkegQfeZyiNwAJbNbGKPFXCWuBvf9Ss623VQ5DA consumed 6174 of 217987 compute units
[2025-11-05T06:35:22.595218000Z DEBUG solana_runtime::message_processor::stable_log] Program TokenkegQfeZyiNwAJbNbGKPFXCWuBvf9Ss623VQ5DA success
[2025-11-05T06:35:22.595267000Z DEBUG solana_runtime::message_processor::stable_log] Program TokenkegQfeZyiNwAJbNbGKPFXCWuBvf9Ss623VQ5DA invoke [2]
[2025-11-05T06:35:22.595304000Z DEBUG solana_runtime::message_processor::stable_log] Program log: Instruction: TransferChecked
[2025-11-05T06:35:22.595367000Z DEBUG solana_runtime::message_processor::stable_log] Program TokenkegQfeZyiNwAJbNbGKPFXCWuBvf9Ss623VQ5DA consumed 6174 of 208936 compute units
[2025-11-05T06:35:22.595376000Z DEBUG solana_runtime::message_processor::stable_log] Program TokenkegQfeZyiNwAJbNbGKPFXCWuBvf9Ss623VQ5DA success
[2025-11-05T06:35:22.595388000Z DEBUG solana_runtime::message_processor::stable_log] Program data: jhY1V/E9sS2AuaV/DNjcf7t4gJRRVXikJdLcskfbKqbJMNf8MWZNNalhAAAAAAAAp2EAAAAAAACqQQxpAAAAAA==
[2025-11-05T06:35:22.595393000Z DEBUG solana_runtime::message_processor::stable_log] Program data: KjXqZeHwy3mAuaV/DNjcf7t4gJRRVXikJdLcskfbKqbJMNf8MWZNNQAAAAADAAAAAwAAAKdhAAAAAAAAAAAAAAAAAACqQQxpAAAAAA==
[2025-11-05T06:35:22.595432000Z DEBUG solana_runtime::message_processor::stable_log] Program 5B57SJ3g2YoNXUpsZqqjEQkRSxyKtVTQRXdgAirz6bio consumed 199863 of 399850 compute units
[2025-11-05T06:35:22.595445000Z DEBUG solana_runtime::message_processor::stable_log] Program 5B57SJ3g2YoNXUpsZqqjEQkRSxyKtVTQRXdgAirz6bio success
Day 1 - Distributed: 24999, Claimed: 50000
Day 2 - Distributed: 24999, Claimed: 50000
      ✔ Should reset distribution state when starting new 24h cycle (137ms)
    8. Quote-Only Safety (Critical)
[2025-11-05T06:35:22.599163000Z INFO  solana_program_test] "cp_amm" SBF program from ./target/deploy/cp_amm.so, modified 24 minutes, 29 seconds, 946 ms, 479 µs and 203 ns ago
[2025-11-05T06:35:22.599331000Z INFO  solana_program_test] "fee_router" SBF program from ./target/deploy/fee_router.so, modified 32 seconds, 683 ms, 590 µs and 331 ns ago
[2025-11-05T06:35:22.599453000Z INFO  solana_program_test] "transfer_hook_counter" SBF program from tests/fixtures/transfer_hook_counter.so, modified 3 weeks, 22 hours, 58 minutes, 57 seconds, 425 ms, 53 µs and 196 ns ago
[2025-11-05T06:35:22.599674000Z INFO  solana_program_test] "alpha_vault" SBF program from tests/fixtures/alpha_vault.so, modified 3 weeks, 22 hours, 58 minutes, 57 seconds, 425 ms, 960 µs and 72 ns ago
[2025-11-05T06:35:22.600055000Z INFO  solana_program_test] "streamflow" SBF program from tests/fixtures/streamflow.so, modified 3 weeks, 6 hours, 59 minutes, 7 seconds, 310 ms, 970 µs and 387 ns ago
[2025-11-05T06:35:22.600383000Z INFO  solana_program_test] "cp_amm" SBF program from ./target/deploy/cp_amm.so, modified 24 minutes, 29 seconds, 947 ms, 698 µs and 203 ns ago
[2025-11-05T06:35:22.600545000Z INFO  solana_program_test] "fee_router" SBF program from ./target/deploy/fee_router.so, modified 32 seconds, 684 ms, 804 µs and 331 ns ago
[2025-11-05T06:35:22.619442000Z INFO  solana_program_test] Overriding account at ASmKWt93JEMHxbdE6j7znD9y2FcdPboCzC3xtSTJvN7S
[2025-11-05T06:35:22.619458000Z INFO  solana_program_test] Overriding account at 5B57SJ3g2YoNXUpsZqqjEQkRSxyKtVTQRXdgAirz6bio
[2025-11-05T06:35:22.629944000Z DEBUG solana_runtime::message_processor::stable_log] Program 11111111111111111111111111111111 invoke [1]
[2025-11-05T06:35:22.629957000Z DEBUG solana_runtime::message_processor::stable_log] Program 11111111111111111111111111111111 success
[2025-11-05T06:35:22.634177000Z DEBUG solana_runtime::message_processor::stable_log] Program 11111111111111111111111111111111 invoke [1]
[2025-11-05T06:35:22.634193000Z DEBUG solana_runtime::message_processor::stable_log] Program 11111111111111111111111111111111 success
[2025-11-05T06:35:22.638320000Z DEBUG solana_runtime::message_processor::stable_log] Program 11111111111111111111111111111111 invoke [1]
[2025-11-05T06:35:22.638332000Z DEBUG solana_runtime::message_processor::stable_log] Program 11111111111111111111111111111111 success
[2025-11-05T06:35:22.646268000Z DEBUG solana_runtime::message_processor::stable_log] Program 11111111111111111111111111111111 invoke [1]
[2025-11-05T06:35:22.646283000Z DEBUG solana_runtime::message_processor::stable_log] Program 11111111111111111111111111111111 success
[2025-11-05T06:35:22.646288000Z DEBUG solana_runtime::message_processor::stable_log] Program TokenkegQfeZyiNwAJbNbGKPFXCWuBvf9Ss623VQ5DA invoke [1]
[2025-11-05T06:35:22.646342000Z DEBUG solana_runtime::message_processor::stable_log] Program log: Instruction: InitializeMint2
[2025-11-05T06:35:22.646379000Z DEBUG solana_runtime::message_processor::stable_log] Program TokenkegQfeZyiNwAJbNbGKPFXCWuBvf9Ss623VQ5DA consumed 2779 of 399850 compute units
[2025-11-05T06:35:22.646389000Z DEBUG solana_runtime::message_processor::stable_log] Program TokenkegQfeZyiNwAJbNbGKPFXCWuBvf9Ss623VQ5DA success
[2025-11-05T06:35:22.653536000Z DEBUG solana_runtime::message_processor::stable_log] Program 11111111111111111111111111111111 invoke [1]
[2025-11-05T06:35:22.653550000Z DEBUG solana_runtime::message_processor::stable_log] Program 11111111111111111111111111111111 success
[2025-11-05T06:35:22.653553000Z DEBUG solana_runtime::message_processor::stable_log] Program TokenkegQfeZyiNwAJbNbGKPFXCWuBvf9Ss623VQ5DA invoke [1]
[2025-11-05T06:35:22.653606000Z DEBUG solana_runtime::message_processor::stable_log] Program log: Instruction: InitializeMint2
[2025-11-05T06:35:22.653640000Z DEBUG solana_runtime::message_processor::stable_log] Program TokenkegQfeZyiNwAJbNbGKPFXCWuBvf9Ss623VQ5DA consumed 2779 of 399850 compute units
[2025-11-05T06:35:22.653649000Z DEBUG solana_runtime::message_processor::stable_log] Program TokenkegQfeZyiNwAJbNbGKPFXCWuBvf9Ss623VQ5DA success
[2025-11-05T06:35:22.659577000Z DEBUG solana_runtime::message_processor::stable_log] Program ATokenGPvbdGVxr1b2hvZbsiqW5xWH25efTNsLJA8knL invoke [1]
[2025-11-05T06:35:22.659666000Z DEBUG solana_runtime::message_processor::stable_log] Program log: Create
[2025-11-05T06:35:22.659770000Z DEBUG solana_runtime::message_processor::stable_log] Program TokenkegQfeZyiNwAJbNbGKPFXCWuBvf9Ss623VQ5DA invoke [2]
[2025-11-05T06:35:22.659800000Z DEBUG solana_runtime::message_processor::stable_log] Program log: Instruction: GetAccountDataSize
[2025-11-05T06:35:22.659818000Z DEBUG solana_runtime::message_processor::stable_log] Program TokenkegQfeZyiNwAJbNbGKPFXCWuBvf9Ss623VQ5DA consumed 1595 of 184055 compute units
[2025-11-05T06:35:22.659827000Z DEBUG solana_runtime::message_processor::stable_log] Program return: TokenkegQfeZyiNwAJbNbGKPFXCWuBvf9Ss623VQ5DA pQAAAAAAAAA=
[2025-11-05T06:35:22.659836000Z DEBUG solana_runtime::message_processor::stable_log] Program TokenkegQfeZyiNwAJbNbGKPFXCWuBvf9Ss623VQ5DA success
[2025-11-05T06:35:22.659889000Z DEBUG solana_runtime::message_processor::stable_log] Program 11111111111111111111111111111111 invoke [2]
[2025-11-05T06:35:22.659895000Z DEBUG solana_runtime::message_processor::stable_log] Program 11111111111111111111111111111111 success
[2025-11-05T06:35:22.659901000Z DEBUG solana_runtime::message_processor::stable_log] Program log: Initialize the associated token account
[2025-11-05T06:35:22.659918000Z DEBUG solana_runtime::message_processor::stable_log] Program TokenkegQfeZyiNwAJbNbGKPFXCWuBvf9Ss623VQ5DA invoke [2]
[2025-11-05T06:35:22.659938000Z DEBUG solana_runtime::message_processor::stable_log] Program log: Instruction: InitializeImmutableOwner
[2025-11-05T06:35:22.659949000Z DEBUG solana_runtime::message_processor::stable_log] Program log: Please upgrade to SPL Token 2022 for immutable owner support
[2025-11-05T06:35:22.659953000Z DEBUG solana_runtime::message_processor::stable_log] Program TokenkegQfeZyiNwAJbNbGKPFXCWuBvf9Ss623VQ5DA consumed 1405 of 177442 compute units
[2025-11-05T06:35:22.659960000Z DEBUG solana_runtime::message_processor::stable_log] Program TokenkegQfeZyiNwAJbNbGKPFXCWuBvf9Ss623VQ5DA success
[2025-11-05T06:35:22.659993000Z DEBUG solana_runtime::message_processor::stable_log] Program TokenkegQfeZyiNwAJbNbGKPFXCWuBvf9Ss623VQ5DA invoke [2]
[2025-11-05T06:35:22.660017000Z DEBUG solana_runtime::message_processor::stable_log] Program log: Instruction: InitializeAccount3
[2025-11-05T06:35:22.660072000Z DEBUG solana_runtime::message_processor::stable_log] Program TokenkegQfeZyiNwAJbNbGKPFXCWuBvf9Ss623VQ5DA consumed 4214 of 173558 compute units
[2025-11-05T06:35:22.660100000Z DEBUG solana_runtime::message_processor::stable_log] Program TokenkegQfeZyiNwAJbNbGKPFXCWuBvf9Ss623VQ5DA success
[2025-11-05T06:35:22.660113000Z DEBUG solana_runtime::message_processor::stable_log] Program ATokenGPvbdGVxr1b2hvZbsiqW5xWH25efTNsLJA8knL consumed 30960 of 200000 compute units
[2025-11-05T06:35:22.660121000Z DEBUG solana_runtime::message_processor::stable_log] Program ATokenGPvbdGVxr1b2hvZbsiqW5xWH25efTNsLJA8knL success
[2025-11-05T06:35:22.663223000Z DEBUG solana_runtime::message_processor::stable_log] Program TokenkegQfeZyiNwAJbNbGKPFXCWuBvf9Ss623VQ5DA invoke [1]
[2025-11-05T06:35:22.663263000Z DEBUG solana_runtime::message_processor::stable_log] Program log: Instruction: MintTo
[2025-11-05T06:35:22.663318000Z DEBUG solana_runtime::message_processor::stable_log] Program TokenkegQfeZyiNwAJbNbGKPFXCWuBvf9Ss623VQ5DA consumed 4491 of 200000 compute units
[2025-11-05T06:35:22.663326000Z DEBUG solana_runtime::message_processor::stable_log] Program TokenkegQfeZyiNwAJbNbGKPFXCWuBvf9Ss623VQ5DA success
[2025-11-05T06:35:22.667776000Z DEBUG solana_runtime::message_processor::stable_log] Program ATokenGPvbdGVxr1b2hvZbsiqW5xWH25efTNsLJA8knL invoke [1]
[2025-11-05T06:35:22.667838000Z DEBUG solana_runtime::message_processor::stable_log] Program log: Create
[2025-11-05T06:35:22.667887000Z DEBUG solana_runtime::message_processor::stable_log] Program TokenkegQfeZyiNwAJbNbGKPFXCWuBvf9Ss623VQ5DA invoke [2]
[2025-11-05T06:35:22.667916000Z DEBUG solana_runtime::message_processor::stable_log] Program log: Instruction: GetAccountDataSize
[2025-11-05T06:35:22.667933000Z DEBUG solana_runtime::message_processor::stable_log] Program TokenkegQfeZyiNwAJbNbGKPFXCWuBvf9Ss623VQ5DA consumed 1595 of 194555 compute units
[2025-11-05T06:35:22.667941000Z DEBUG solana_runtime::message_processor::stable_log] Program return: TokenkegQfeZyiNwAJbNbGKPFXCWuBvf9Ss623VQ5DA pQAAAAAAAAA=
[2025-11-05T06:35:22.667950000Z DEBUG solana_runtime::message_processor::stable_log] Program TokenkegQfeZyiNwAJbNbGKPFXCWuBvf9Ss623VQ5DA success
[2025-11-05T06:35:22.668004000Z DEBUG solana_runtime::message_processor::stable_log] Program 11111111111111111111111111111111 invoke [2]
[2025-11-05T06:35:22.668010000Z DEBUG solana_runtime::message_processor::stable_log] Program 11111111111111111111111111111111 success
[2025-11-05T06:35:22.668016000Z DEBUG solana_runtime::message_processor::stable_log] Program log: Initialize the associated token account
[2025-11-05T06:35:22.668035000Z DEBUG solana_runtime::message_processor::stable_log] Program TokenkegQfeZyiNwAJbNbGKPFXCWuBvf9Ss623VQ5DA invoke [2]
[2025-11-05T06:35:22.668099000Z DEBUG solana_runtime::message_processor::stable_log] Program log: Instruction: InitializeImmutableOwner
[2025-11-05T06:35:22.668117000Z DEBUG solana_runtime::message_processor::stable_log] Program log: Please upgrade to SPL Token 2022 for immutable owner support
[2025-11-05T06:35:22.668120000Z DEBUG solana_runtime::message_processor::stable_log] Program TokenkegQfeZyiNwAJbNbGKPFXCWuBvf9Ss623VQ5DA consumed 1405 of 187942 compute units
[2025-11-05T06:35:22.668130000Z DEBUG solana_runtime::message_processor::stable_log] Program TokenkegQfeZyiNwAJbNbGKPFXCWuBvf9Ss623VQ5DA success
[2025-11-05T06:35:22.668163000Z DEBUG solana_runtime::message_processor::stable_log] Program TokenkegQfeZyiNwAJbNbGKPFXCWuBvf9Ss623VQ5DA invoke [2]
[2025-11-05T06:35:22.668188000Z DEBUG solana_runtime::message_processor::stable_log] Program log: Instruction: InitializeAccount3
[2025-11-05T06:35:22.668240000Z DEBUG solana_runtime::message_processor::stable_log] Program TokenkegQfeZyiNwAJbNbGKPFXCWuBvf9Ss623VQ5DA consumed 4214 of 184058 compute units
[2025-11-05T06:35:22.668249000Z DEBUG solana_runtime::message_processor::stable_log] Program TokenkegQfeZyiNwAJbNbGKPFXCWuBvf9Ss623VQ5DA success
[2025-11-05T06:35:22.668261000Z DEBUG solana_runtime::message_processor::stable_log] Program ATokenGPvbdGVxr1b2hvZbsiqW5xWH25efTNsLJA8knL consumed 20460 of 200000 compute units
[2025-11-05T06:35:22.668271000Z DEBUG solana_runtime::message_processor::stable_log] Program ATokenGPvbdGVxr1b2hvZbsiqW5xWH25efTNsLJA8knL success
[2025-11-05T06:35:22.671639000Z DEBUG solana_runtime::message_processor::stable_log] Program TokenkegQfeZyiNwAJbNbGKPFXCWuBvf9Ss623VQ5DA invoke [1]
[2025-11-05T06:35:22.671682000Z DEBUG solana_runtime::message_processor::stable_log] Program log: Instruction: MintTo
[2025-11-05T06:35:22.671737000Z DEBUG solana_runtime::message_processor::stable_log] Program TokenkegQfeZyiNwAJbNbGKPFXCWuBvf9Ss623VQ5DA consumed 4491 of 200000 compute units
[2025-11-05T06:35:22.671745000Z DEBUG solana_runtime::message_processor::stable_log] Program TokenkegQfeZyiNwAJbNbGKPFXCWuBvf9Ss623VQ5DA success
[2025-11-05T06:35:22.684197000Z DEBUG solana_runtime::message_processor::stable_log] Program ASmKWt93JEMHxbdE6j7znD9y2FcdPboCzC3xtSTJvN7S invoke [1]
[2025-11-05T06:35:22.684263000Z DEBUG solana_runtime::message_processor::stable_log] Program log: Instruction: CreateConfig
[2025-11-05T06:35:22.684458000Z DEBUG solana_runtime::message_processor::stable_log] Program 11111111111111111111111111111111 invoke [2]
[2025-11-05T06:35:22.684474000Z DEBUG solana_runtime::message_processor::stable_log] Program 11111111111111111111111111111111 success
[2025-11-05T06:35:22.684571000Z DEBUG solana_runtime::message_processor::stable_log] Program ASmKWt93JEMHxbdE6j7znD9y2FcdPboCzC3xtSTJvN7S invoke [2]
[2025-11-05T06:35:22.684611000Z DEBUG solana_runtime::message_processor::stable_log] Program ASmKWt93JEMHxbdE6j7znD9y2FcdPboCzC3xtSTJvN7S consumed 2069 of 186095 compute units
[2025-11-05T06:35:22.684622000Z DEBUG solana_runtime::message_processor::stable_log] Program ASmKWt93JEMHxbdE6j7znD9y2FcdPboCzC3xtSTJvN7S success
[2025-11-05T06:35:22.684636000Z DEBUG solana_runtime::message_processor::stable_log] Program ASmKWt93JEMHxbdE6j7znD9y2FcdPboCzC3xtSTJvN7S consumed 16279 of 200000 compute units
[2025-11-05T06:35:22.684645000Z DEBUG solana_runtime::message_processor::stable_log] Program ASmKWt93JEMHxbdE6j7znD9y2FcdPboCzC3xtSTJvN7S success
[2025-11-05T06:35:22.710333000Z DEBUG solana_runtime::message_processor::stable_log] Program ASmKWt93JEMHxbdE6j7znD9y2FcdPboCzC3xtSTJvN7S invoke [1]
[2025-11-05T06:35:22.710449000Z DEBUG solana_runtime::message_processor::stable_log] Program log: Instruction: InitializePool
[2025-11-05T06:35:22.710584000Z DEBUG solana_runtime::message_processor::stable_log] Program 11111111111111111111111111111111 invoke [2]
[2025-11-05T06:35:22.710592000Z DEBUG solana_runtime::message_processor::stable_log] Program 11111111111111111111111111111111 success
[2025-11-05T06:35:22.710624000Z DEBUG solana_runtime::message_processor::stable_log] Program TokenzQdBNbLqP5VEhdkAS6EPFLC1PHnBqCXEpPxuEb invoke [2]
[2025-11-05T06:35:22.710650000Z DEBUG solana_runtime::message_processor::stable_log] Program log: MetadataPointerInstruction::Initialize
[2025-11-05T06:35:22.710682000Z DEBUG solana_runtime::message_processor::stable_log] Program TokenzQdBNbLqP5VEhdkAS6EPFLC1PHnBqCXEpPxuEb consumed 2442 of 334963 compute units
[2025-11-05T06:35:22.710691000Z DEBUG solana_runtime::message_processor::stable_log] Program TokenzQdBNbLqP5VEhdkAS6EPFLC1PHnBqCXEpPxuEb success
[2025-11-05T06:35:22.710720000Z DEBUG solana_runtime::message_processor::stable_log] Program TokenzQdBNbLqP5VEhdkAS6EPFLC1PHnBqCXEpPxuEb invoke [2]
[2025-11-05T06:35:22.710740000Z DEBUG solana_runtime::message_processor::stable_log] Program log: Instruction: InitializeMintCloseAuthority
[2025-11-05T06:35:22.710771000Z DEBUG solana_runtime::message_processor::stable_log] Program TokenzQdBNbLqP5VEhdkAS6EPFLC1PHnBqCXEpPxuEb consumed 2570 of 330543 compute units
[2025-11-05T06:35:22.710779000Z DEBUG solana_runtime::message_processor::stable_log] Program TokenzQdBNbLqP5VEhdkAS6EPFLC1PHnBqCXEpPxuEb success
[2025-11-05T06:35:22.710807000Z DEBUG solana_runtime::message_processor::stable_log] Program TokenzQdBNbLqP5VEhdkAS6EPFLC1PHnBqCXEpPxuEb invoke [2]
[2025-11-05T06:35:22.710829000Z DEBUG solana_runtime::message_processor::stable_log] Program log: Instruction: InitializeMint2
[2025-11-05T06:35:22.710884000Z DEBUG solana_runtime::message_processor::stable_log] Program TokenzQdBNbLqP5VEhdkAS6EPFLC1PHnBqCXEpPxuEb consumed 4078 of 326031 compute units
[2025-11-05T06:35:22.710891000Z DEBUG solana_runtime::message_processor::stable_log] Program TokenzQdBNbLqP5VEhdkAS6EPFLC1PHnBqCXEpPxuEb success
[2025-11-05T06:35:22.711076000Z DEBUG solana_runtime::message_processor::stable_log] Program 11111111111111111111111111111111 invoke [2]
[2025-11-05T06:35:22.711083000Z DEBUG solana_runtime::message_processor::stable_log] Program 11111111111111111111111111111111 success
[2025-11-05T06:35:22.711111000Z DEBUG solana_runtime::message_processor::stable_log] Program TokenzQdBNbLqP5VEhdkAS6EPFLC1PHnBqCXEpPxuEb invoke [2]
[2025-11-05T06:35:22.711139000Z DEBUG solana_runtime::message_processor::stable_log] Program log: Instruction: InitializeAccount3
[2025-11-05T06:35:22.711215000Z DEBUG solana_runtime::message_processor::stable_log] Program TokenzQdBNbLqP5VEhdkAS6EPFLC1PHnBqCXEpPxuEb consumed 5137 of 310847 compute units
[2025-11-05T06:35:22.711223000Z DEBUG solana_runtime::message_processor::stable_log] Program TokenzQdBNbLqP5VEhdkAS6EPFLC1PHnBqCXEpPxuEb success
[2025-11-05T06:35:22.711319000Z DEBUG solana_runtime::message_processor::stable_log] Program 11111111111111111111111111111111 invoke [2]
[2025-11-05T06:35:22.711326000Z DEBUG solana_runtime::message_processor::stable_log] Program 11111111111111111111111111111111 success
[2025-11-05T06:35:22.711397000Z DEBUG solana_runtime::message_processor::stable_log] Program 11111111111111111111111111111111 invoke [2]
[2025-11-05T06:35:22.711400000Z DEBUG solana_runtime::message_processor::stable_log] Program 11111111111111111111111111111111 success
[2025-11-05T06:35:22.711465000Z DEBUG solana_runtime::message_processor::stable_log] Program 11111111111111111111111111111111 invoke [2]
[2025-11-05T06:35:22.711467000Z DEBUG solana_runtime::message_processor::stable_log] Program 11111111111111111111111111111111 success
[2025-11-05T06:35:22.711494000Z DEBUG solana_runtime::message_processor::stable_log] Program TokenkegQfeZyiNwAJbNbGKPFXCWuBvf9Ss623VQ5DA invoke [2]
[2025-11-05T06:35:22.711525000Z DEBUG solana_runtime::message_processor::stable_log] Program log: Instruction: InitializeAccount3
[2025-11-05T06:35:22.711580000Z DEBUG solana_runtime::message_processor::stable_log] Program TokenkegQfeZyiNwAJbNbGKPFXCWuBvf9Ss623VQ5DA consumed 4214 of 284248 compute units
[2025-11-05T06:35:22.711588000Z DEBUG solana_runtime::message_processor::stable_log] Program TokenkegQfeZyiNwAJbNbGKPFXCWuBvf9Ss623VQ5DA success
[2025-11-05T06:35:22.711677000Z DEBUG solana_runtime::message_processor::stable_log] Program 11111111111111111111111111111111 invoke [2]
[2025-11-05T06:35:22.711688000Z DEBUG solana_runtime::message_processor::stable_log] Program 11111111111111111111111111111111 success
[2025-11-05T06:35:22.711719000Z DEBUG solana_runtime::message_processor::stable_log] Program TokenkegQfeZyiNwAJbNbGKPFXCWuBvf9Ss623VQ5DA invoke [2]
[2025-11-05T06:35:22.711743000Z DEBUG solana_runtime::message_processor::stable_log] Program log: Instruction: InitializeAccount3
[2025-11-05T06:35:22.711793000Z DEBUG solana_runtime::message_processor::stable_log] Program TokenkegQfeZyiNwAJbNbGKPFXCWuBvf9Ss623VQ5DA consumed 4214 of 271109 compute units
[2025-11-05T06:35:22.711801000Z DEBUG solana_runtime::message_processor::stable_log] Program TokenkegQfeZyiNwAJbNbGKPFXCWuBvf9Ss623VQ5DA success
[2025-11-05T06:35:22.712006000Z DEBUG solana_runtime::message_processor::stable_log] Program TokenzQdBNbLqP5VEhdkAS6EPFLC1PHnBqCXEpPxuEb invoke [2]
[2025-11-05T06:35:22.712054000Z DEBUG solana_runtime::message_processor::stable_log] Program log: TokenMetadataInstruction: Initialize
[2025-11-05T06:35:22.712169000Z DEBUG solana_runtime::message_processor::stable_log] Program TokenzQdBNbLqP5VEhdkAS6EPFLC1PHnBqCXEpPxuEb consumed 9900 of 254607 compute units
[2025-11-05T06:35:22.712177000Z DEBUG solana_runtime::message_processor::stable_log] Program TokenzQdBNbLqP5VEhdkAS6EPFLC1PHnBqCXEpPxuEb success
[2025-11-05T06:35:22.712220000Z DEBUG solana_runtime::message_processor::stable_log] Program 11111111111111111111111111111111 invoke [2]
[2025-11-05T06:35:22.712224000Z DEBUG solana_runtime::message_processor::stable_log] Program 11111111111111111111111111111111 success
[2025-11-05T06:35:22.712294000Z DEBUG solana_runtime::message_processor::stable_log] Program TokenzQdBNbLqP5VEhdkAS6EPFLC1PHnBqCXEpPxuEb invoke [2]
[2025-11-05T06:35:22.712323000Z DEBUG solana_runtime::message_processor::stable_log] Program log: Instruction: MintTo
[2025-11-05T06:35:22.712395000Z DEBUG solana_runtime::message_processor::stable_log] Program TokenzQdBNbLqP5VEhdkAS6EPFLC1PHnBqCXEpPxuEb consumed 5540 of 239645 compute units
[2025-11-05T06:35:22.712404000Z DEBUG solana_runtime::message_processor::stable_log] Program TokenzQdBNbLqP5VEhdkAS6EPFLC1PHnBqCXEpPxuEb success
[2025-11-05T06:35:22.712453000Z DEBUG solana_runtime::message_processor::stable_log] Program ASmKWt93JEMHxbdE6j7znD9y2FcdPboCzC3xtSTJvN7S invoke [2]
[2025-11-05T06:35:22.712489000Z DEBUG solana_runtime::message_processor::stable_log] Program ASmKWt93JEMHxbdE6j7znD9y2FcdPboCzC3xtSTJvN7S consumed 2069 of 231040 compute units
[2025-11-05T06:35:22.712497000Z DEBUG solana_runtime::message_processor::stable_log] Program ASmKWt93JEMHxbdE6j7znD9y2FcdPboCzC3xtSTJvN7S success
[2025-11-05T06:35:22.712540000Z DEBUG solana_runtime::message_processor::stable_log] Program TokenkegQfeZyiNwAJbNbGKPFXCWuBvf9Ss623VQ5DA invoke [2]
[2025-11-05T06:35:22.712575000Z DEBUG solana_runtime::message_processor::stable_log] Program log: Instruction: TransferChecked
[2025-11-05T06:35:22.712648000Z DEBUG solana_runtime::message_processor::stable_log] Program TokenkegQfeZyiNwAJbNbGKPFXCWuBvf9Ss623VQ5DA consumed 6174 of 226427 compute units
[2025-11-05T06:35:22.712655000Z DEBUG solana_runtime::message_processor::stable_log] Program TokenkegQfeZyiNwAJbNbGKPFXCWuBvf9Ss623VQ5DA success
[2025-11-05T06:35:22.712694000Z DEBUG solana_runtime::message_processor::stable_log] Program TokenkegQfeZyiNwAJbNbGKPFXCWuBvf9Ss623VQ5DA invoke [2]
[2025-11-05T06:35:22.712724000Z DEBUG solana_runtime::message_processor::stable_log] Program log: Instruction: TransferChecked
[2025-11-05T06:35:22.712789000Z DEBUG solana_runtime::message_processor::stable_log] Program TokenkegQfeZyiNwAJbNbGKPFXCWuBvf9Ss623VQ5DA consumed 6174 of 217843 compute units
[2025-11-05T06:35:22.712797000Z DEBUG solana_runtime::message_processor::stable_log] Program TokenkegQfeZyiNwAJbNbGKPFXCWuBvf9Ss623VQ5DA success
[2025-11-05T06:35:22.712870000Z DEBUG solana_runtime::message_processor::stable_log] Program ASmKWt93JEMHxbdE6j7znD9y2FcdPboCzC3xtSTJvN7S invoke [2]
[2025-11-05T06:35:22.712902000Z DEBUG solana_runtime::message_processor::stable_log] Program ASmKWt93JEMHxbdE6j7znD9y2FcdPboCzC3xtSTJvN7S consumed 2069 of 206588 compute units
[2025-11-05T06:35:22.712909000Z DEBUG solana_runtime::message_processor::stable_log] Program ASmKWt93JEMHxbdE6j7znD9y2FcdPboCzC3xtSTJvN7S success
[2025-11-05T06:35:22.712932000Z DEBUG solana_runtime::message_processor::stable_log] Program ASmKWt93JEMHxbdE6j7znD9y2FcdPboCzC3xtSTJvN7S consumed 146275 of 350000 compute units
[2025-11-05T06:35:22.712941000Z DEBUG solana_runtime::message_processor::stable_log] Program ASmKWt93JEMHxbdE6j7znD9y2FcdPboCzC3xtSTJvN7S success
[2025-11-05T06:35:22.712949000Z DEBUG solana_runtime::message_processor::stable_log] Program ComputeBudget111111111111111111111111111111 invoke [1]
[2025-11-05T06:35:22.712957000Z DEBUG solana_runtime::message_processor::stable_log] Program ComputeBudget111111111111111111111111111111 success
[2025-11-05T06:35:22.734637000Z DEBUG solana_runtime::message_processor::stable_log] Program 5B57SJ3g2YoNXUpsZqqjEQkRSxyKtVTQRXdgAirz6bio invoke [1]
[2025-11-05T06:35:22.734766000Z DEBUG solana_runtime::message_processor::stable_log] Program log: Instruction: InitializeHonoraryPosition
[2025-11-05T06:35:22.734962000Z DEBUG solana_runtime::message_processor::stable_log] Program 11111111111111111111111111111111 invoke [2]
[2025-11-05T06:35:22.734974000Z DEBUG solana_runtime::message_processor::stable_log] Program 11111111111111111111111111111111 success
[2025-11-05T06:35:22.735066000Z DEBUG solana_runtime::message_processor::stable_log] Program 11111111111111111111111111111111 invoke [2]
[2025-11-05T06:35:22.735070000Z DEBUG solana_runtime::message_processor::stable_log] Program 11111111111111111111111111111111 success
[2025-11-05T06:35:22.735098000Z DEBUG solana_runtime::message_processor::stable_log] Program TokenkegQfeZyiNwAJbNbGKPFXCWuBvf9Ss623VQ5DA invoke [2]
[2025-11-05T06:35:22.735137000Z DEBUG solana_runtime::message_processor::stable_log] Program log: Instruction: InitializeAccount3
[2025-11-05T06:35:22.735197000Z DEBUG solana_runtime::message_processor::stable_log] Program TokenkegQfeZyiNwAJbNbGKPFXCWuBvf9Ss623VQ5DA consumed 4214 of 175612 compute units
[2025-11-05T06:35:22.735207000Z DEBUG solana_runtime::message_processor::stable_log] Program TokenkegQfeZyiNwAJbNbGKPFXCWuBvf9Ss623VQ5DA success
[2025-11-05T06:35:22.735298000Z DEBUG solana_runtime::message_processor::stable_log] Program 11111111111111111111111111111111 invoke [2]
[2025-11-05T06:35:22.735302000Z DEBUG solana_runtime::message_processor::stable_log] Program 11111111111111111111111111111111 success
[2025-11-05T06:35:22.735328000Z DEBUG solana_runtime::message_processor::stable_log] Program TokenkegQfeZyiNwAJbNbGKPFXCWuBvf9Ss623VQ5DA invoke [2]
[2025-11-05T06:35:22.735359000Z DEBUG solana_runtime::message_processor::stable_log] Program log: Instruction: InitializeAccount3
[2025-11-05T06:35:22.735410000Z DEBUG solana_runtime::message_processor::stable_log] Program TokenkegQfeZyiNwAJbNbGKPFXCWuBvf9Ss623VQ5DA consumed 4214 of 162476 compute units
[2025-11-05T06:35:22.735418000Z DEBUG solana_runtime::message_processor::stable_log] Program TokenkegQfeZyiNwAJbNbGKPFXCWuBvf9Ss623VQ5DA success
[2025-11-05T06:35:22.735493000Z DEBUG solana_runtime::message_processor::stable_log] Program log: AnchorError thrown in programs/fee_router/src/utils/validation.rs:20. Error Code: QuoteOnlyValidationFailed. Error Number: 12000. Error Message: Quote-only validation failed: pool configuration allows base token fees.
[2025-11-05T06:35:22.735495000Z DEBUG solana_runtime::message_processor::stable_log] Program log: Left:
[2025-11-05T06:35:22.735500000Z DEBUG solana_runtime::message_processor::stable_log] Program log: 77sC2GhDBVzeNihPzdGejrqNkgSfLh8Vth3nhj2RCLV9
[2025-11-05T06:35:22.735501000Z DEBUG solana_runtime::message_processor::stable_log] Program log: Right:
[2025-11-05T06:35:22.735506000Z DEBUG solana_runtime::message_processor::stable_log] Program log: 4CgHQaYdKPd4E6EA3jgLD4GzXfeNbvErpCMJ5mq2bNjR
[2025-11-05T06:35:22.735515000Z DEBUG solana_runtime::message_processor::stable_log] Program 5B57SJ3g2YoNXUpsZqqjEQkRSxyKtVTQRXdgAirz6bio consumed 46884 of 200000 compute units
[2025-11-05T06:35:22.735524000Z DEBUG solana_runtime::message_processor::stable_log] Program 5B57SJ3g2YoNXUpsZqqjEQkRSxyKtVTQRXdgAirz6bio failed: custom program error: 0x2ee0
      ✔ Should reject initialization when quoteMint doesn't match pool's fee collection token (64ms)
[2025-11-05T06:35:22.737000000Z INFO  solana_program_test] "cp_amm" SBF program from ./target/deploy/cp_amm.so, modified 24 minutes, 30 seconds, 84 ms, 316 µs and 203 ns ago
[2025-11-05T06:35:22.737161000Z INFO  solana_program_test] "fee_router" SBF program from ./target/deploy/fee_router.so, modified 32 seconds, 821 ms, 420 µs and 331 ns ago
[2025-11-05T06:35:22.737294000Z INFO  solana_program_test] "transfer_hook_counter" SBF program from tests/fixtures/transfer_hook_counter.so, modified 3 weeks, 22 hours, 58 minutes, 57 seconds, 562 ms, 894 µs and 196 ns ago
[2025-11-05T06:35:22.737570000Z INFO  solana_program_test] "alpha_vault" SBF program from tests/fixtures/alpha_vault.so, modified 3 weeks, 22 hours, 58 minutes, 57 seconds, 563 ms, 856 µs and 72 ns ago
[2025-11-05T06:35:22.737824000Z INFO  solana_program_test] "streamflow" SBF program from tests/fixtures/streamflow.so, modified 3 weeks, 6 hours, 59 minutes, 7 seconds, 448 ms, 740 µs and 387 ns ago
[2025-11-05T06:35:22.738124000Z INFO  solana_program_test] "cp_amm" SBF program from ./target/deploy/cp_amm.so, modified 24 minutes, 30 seconds, 85 ms, 443 µs and 203 ns ago
[2025-11-05T06:35:22.738253000Z INFO  solana_program_test] "fee_router" SBF program from ./target/deploy/fee_router.so, modified 32 seconds, 822 ms, 512 µs and 331 ns ago
[2025-11-05T06:35:22.755736000Z INFO  solana_program_test] Overriding account at ASmKWt93JEMHxbdE6j7znD9y2FcdPboCzC3xtSTJvN7S
[2025-11-05T06:35:22.755753000Z INFO  solana_program_test] Overriding account at 5B57SJ3g2YoNXUpsZqqjEQkRSxyKtVTQRXdgAirz6bio
[2025-11-05T06:35:22.766249000Z DEBUG solana_runtime::message_processor::stable_log] Program 11111111111111111111111111111111 invoke [1]
[2025-11-05T06:35:22.766263000Z DEBUG solana_runtime::message_processor::stable_log] Program 11111111111111111111111111111111 success
[2025-11-05T06:35:22.770555000Z DEBUG solana_runtime::message_processor::stable_log] Program 11111111111111111111111111111111 invoke [1]
[2025-11-05T06:35:22.770571000Z DEBUG solana_runtime::message_processor::stable_log] Program 11111111111111111111111111111111 success
[2025-11-05T06:35:22.774415000Z DEBUG solana_runtime::message_processor::stable_log] Program 11111111111111111111111111111111 invoke [1]
[2025-11-05T06:35:22.774425000Z DEBUG solana_runtime::message_processor::stable_log] Program 11111111111111111111111111111111 success
[2025-11-05T06:35:22.781394000Z DEBUG solana_runtime::message_processor::stable_log] Program 11111111111111111111111111111111 invoke [1]
[2025-11-05T06:35:22.781408000Z DEBUG solana_runtime::message_processor::stable_log] Program 11111111111111111111111111111111 success
[2025-11-05T06:35:22.781412000Z DEBUG solana_runtime::message_processor::stable_log] Program TokenkegQfeZyiNwAJbNbGKPFXCWuBvf9Ss623VQ5DA invoke [1]
[2025-11-05T06:35:22.781461000Z DEBUG solana_runtime::message_processor::stable_log] Program log: Instruction: InitializeMint2
[2025-11-05T06:35:22.781495000Z DEBUG solana_runtime::message_processor::stable_log] Program TokenkegQfeZyiNwAJbNbGKPFXCWuBvf9Ss623VQ5DA consumed 2779 of 399850 compute units
[2025-11-05T06:35:22.781505000Z DEBUG solana_runtime::message_processor::stable_log] Program TokenkegQfeZyiNwAJbNbGKPFXCWuBvf9Ss623VQ5DA success
[2025-11-05T06:35:22.788984000Z DEBUG solana_runtime::message_processor::stable_log] Program 11111111111111111111111111111111 invoke [1]
[2025-11-05T06:35:22.789003000Z DEBUG solana_runtime::message_processor::stable_log] Program 11111111111111111111111111111111 success
[2025-11-05T06:35:22.789008000Z DEBUG solana_runtime::message_processor::stable_log] Program TokenkegQfeZyiNwAJbNbGKPFXCWuBvf9Ss623VQ5DA invoke [1]
[2025-11-05T06:35:22.789059000Z DEBUG solana_runtime::message_processor::stable_log] Program log: Instruction: InitializeMint2
[2025-11-05T06:35:22.789128000Z DEBUG solana_runtime::message_processor::stable_log] Program TokenkegQfeZyiNwAJbNbGKPFXCWuBvf9Ss623VQ5DA consumed 2779 of 399850 compute units
[2025-11-05T06:35:22.789140000Z DEBUG solana_runtime::message_processor::stable_log] Program TokenkegQfeZyiNwAJbNbGKPFXCWuBvf9Ss623VQ5DA success
[2025-11-05T06:35:22.794100000Z DEBUG solana_runtime::message_processor::stable_log] Program ATokenGPvbdGVxr1b2hvZbsiqW5xWH25efTNsLJA8knL invoke [1]
[2025-11-05T06:35:22.794171000Z DEBUG solana_runtime::message_processor::stable_log] Program log: Create
[2025-11-05T06:35:22.794218000Z DEBUG solana_runtime::message_processor::stable_log] Program TokenkegQfeZyiNwAJbNbGKPFXCWuBvf9Ss623VQ5DA invoke [2]
[2025-11-05T06:35:22.794251000Z DEBUG solana_runtime::message_processor::stable_log] Program log: Instruction: GetAccountDataSize
[2025-11-05T06:35:22.794268000Z DEBUG solana_runtime::message_processor::stable_log] Program TokenkegQfeZyiNwAJbNbGKPFXCWuBvf9Ss623VQ5DA consumed 1595 of 194555 compute units
[2025-11-05T06:35:22.794277000Z DEBUG solana_runtime::message_processor::stable_log] Program return: TokenkegQfeZyiNwAJbNbGKPFXCWuBvf9Ss623VQ5DA pQAAAAAAAAA=
[2025-11-05T06:35:22.794285000Z DEBUG solana_runtime::message_processor::stable_log] Program TokenkegQfeZyiNwAJbNbGKPFXCWuBvf9Ss623VQ5DA success
[2025-11-05T06:35:22.794338000Z DEBUG solana_runtime::message_processor::stable_log] Program 11111111111111111111111111111111 invoke [2]
[2025-11-05T06:35:22.794344000Z DEBUG solana_runtime::message_processor::stable_log] Program 11111111111111111111111111111111 success
[2025-11-05T06:35:22.794350000Z DEBUG solana_runtime::message_processor::stable_log] Program log: Initialize the associated token account
[2025-11-05T06:35:22.794367000Z DEBUG solana_runtime::message_processor::stable_log] Program TokenkegQfeZyiNwAJbNbGKPFXCWuBvf9Ss623VQ5DA invoke [2]
[2025-11-05T06:35:22.794389000Z DEBUG solana_runtime::message_processor::stable_log] Program log: Instruction: InitializeImmutableOwner
[2025-11-05T06:35:22.794400000Z DEBUG solana_runtime::message_processor::stable_log] Program log: Please upgrade to SPL Token 2022 for immutable owner support
[2025-11-05T06:35:22.794403000Z DEBUG solana_runtime::message_processor::stable_log] Program TokenkegQfeZyiNwAJbNbGKPFXCWuBvf9Ss623VQ5DA consumed 1405 of 187942 compute units
[2025-11-05T06:35:22.794410000Z DEBUG solana_runtime::message_processor::stable_log] Program TokenkegQfeZyiNwAJbNbGKPFXCWuBvf9Ss623VQ5DA success
[2025-11-05T06:35:22.794444000Z DEBUG solana_runtime::message_processor::stable_log] Program TokenkegQfeZyiNwAJbNbGKPFXCWuBvf9Ss623VQ5DA invoke [2]
[2025-11-05T06:35:22.794470000Z DEBUG solana_runtime::message_processor::stable_log] Program log: Instruction: InitializeAccount3
[2025-11-05T06:35:22.794595000Z DEBUG solana_runtime::message_processor::stable_log] Program TokenkegQfeZyiNwAJbNbGKPFXCWuBvf9Ss623VQ5DA consumed 4214 of 184058 compute units
[2025-11-05T06:35:22.794608000Z DEBUG solana_runtime::message_processor::stable_log] Program TokenkegQfeZyiNwAJbNbGKPFXCWuBvf9Ss623VQ5DA success
[2025-11-05T06:35:22.794623000Z DEBUG solana_runtime::message_processor::stable_log] Program ATokenGPvbdGVxr1b2hvZbsiqW5xWH25efTNsLJA8knL consumed 20460 of 200000 compute units
[2025-11-05T06:35:22.794635000Z DEBUG solana_runtime::message_processor::stable_log] Program ATokenGPvbdGVxr1b2hvZbsiqW5xWH25efTNsLJA8knL success
[2025-11-05T06:35:22.797842000Z DEBUG solana_runtime::message_processor::stable_log] Program TokenkegQfeZyiNwAJbNbGKPFXCWuBvf9Ss623VQ5DA invoke [1]
[2025-11-05T06:35:22.797894000Z DEBUG solana_runtime::message_processor::stable_log] Program log: Instruction: MintTo
[2025-11-05T06:35:22.797961000Z DEBUG solana_runtime::message_processor::stable_log] Program TokenkegQfeZyiNwAJbNbGKPFXCWuBvf9Ss623VQ5DA consumed 4491 of 200000 compute units
[2025-11-05T06:35:22.797972000Z DEBUG solana_runtime::message_processor::stable_log] Program TokenkegQfeZyiNwAJbNbGKPFXCWuBvf9Ss623VQ5DA success
[2025-11-05T06:35:22.802956000Z DEBUG solana_runtime::message_processor::stable_log] Program ATokenGPvbdGVxr1b2hvZbsiqW5xWH25efTNsLJA8knL invoke [1]
[2025-11-05T06:35:22.803038000Z DEBUG solana_runtime::message_processor::stable_log] Program log: Create
[2025-11-05T06:35:22.803095000Z DEBUG solana_runtime::message_processor::stable_log] Program TokenkegQfeZyiNwAJbNbGKPFXCWuBvf9Ss623VQ5DA invoke [2]
[2025-11-05T06:35:22.803132000Z DEBUG solana_runtime::message_processor::stable_log] Program log: Instruction: GetAccountDataSize
[2025-11-05T06:35:22.803149000Z DEBUG solana_runtime::message_processor::stable_log] Program TokenkegQfeZyiNwAJbNbGKPFXCWuBvf9Ss623VQ5DA consumed 1595 of 193055 compute units
[2025-11-05T06:35:22.803157000Z DEBUG solana_runtime::message_processor::stable_log] Program return: TokenkegQfeZyiNwAJbNbGKPFXCWuBvf9Ss623VQ5DA pQAAAAAAAAA=
[2025-11-05T06:35:22.803165000Z DEBUG solana_runtime::message_processor::stable_log] Program TokenkegQfeZyiNwAJbNbGKPFXCWuBvf9Ss623VQ5DA success
[2025-11-05T06:35:22.803221000Z DEBUG solana_runtime::message_processor::stable_log] Program 11111111111111111111111111111111 invoke [2]
[2025-11-05T06:35:22.803230000Z DEBUG solana_runtime::message_processor::stable_log] Program 11111111111111111111111111111111 success
[2025-11-05T06:35:22.803236000Z DEBUG solana_runtime::message_processor::stable_log] Program log: Initialize the associated token account
[2025-11-05T06:35:22.803253000Z DEBUG solana_runtime::message_processor::stable_log] Program TokenkegQfeZyiNwAJbNbGKPFXCWuBvf9Ss623VQ5DA invoke [2]
[2025-11-05T06:35:22.803280000Z DEBUG solana_runtime::message_processor::stable_log] Program log: Instruction: InitializeImmutableOwner
[2025-11-05T06:35:22.803293000Z DEBUG solana_runtime::message_processor::stable_log] Program log: Please upgrade to SPL Token 2022 for immutable owner support
[2025-11-05T06:35:22.803296000Z DEBUG solana_runtime::message_processor::stable_log] Program TokenkegQfeZyiNwAJbNbGKPFXCWuBvf9Ss623VQ5DA consumed 1405 of 186442 compute units
[2025-11-05T06:35:22.803303000Z DEBUG solana_runtime::message_processor::stable_log] Program TokenkegQfeZyiNwAJbNbGKPFXCWuBvf9Ss623VQ5DA success
[2025-11-05T06:35:22.803337000Z DEBUG solana_runtime::message_processor::stable_log] Program TokenkegQfeZyiNwAJbNbGKPFXCWuBvf9Ss623VQ5DA invoke [2]
[2025-11-05T06:35:22.803368000Z DEBUG solana_runtime::message_processor::stable_log] Program log: Instruction: InitializeAccount3
[2025-11-05T06:35:22.803422000Z DEBUG solana_runtime::message_processor::stable_log] Program TokenkegQfeZyiNwAJbNbGKPFXCWuBvf9Ss623VQ5DA consumed 4214 of 182558 compute units
[2025-11-05T06:35:22.803431000Z DEBUG solana_runtime::message_processor::stable_log] Program TokenkegQfeZyiNwAJbNbGKPFXCWuBvf9Ss623VQ5DA success
[2025-11-05T06:35:22.803443000Z DEBUG solana_runtime::message_processor::stable_log] Program ATokenGPvbdGVxr1b2hvZbsiqW5xWH25efTNsLJA8knL consumed 21960 of 200000 compute units
[2025-11-05T06:35:22.803452000Z DEBUG solana_runtime::message_processor::stable_log] Program ATokenGPvbdGVxr1b2hvZbsiqW5xWH25efTNsLJA8knL success
[2025-11-05T06:35:22.807488000Z DEBUG solana_runtime::message_processor::stable_log] Program TokenkegQfeZyiNwAJbNbGKPFXCWuBvf9Ss623VQ5DA invoke [1]
[2025-11-05T06:35:22.807548000Z DEBUG solana_runtime::message_processor::stable_log] Program log: Instruction: MintTo
[2025-11-05T06:35:22.807606000Z DEBUG solana_runtime::message_processor::stable_log] Program TokenkegQfeZyiNwAJbNbGKPFXCWuBvf9Ss623VQ5DA consumed 4491 of 200000 compute units
[2025-11-05T06:35:22.807616000Z DEBUG solana_runtime::message_processor::stable_log] Program TokenkegQfeZyiNwAJbNbGKPFXCWuBvf9Ss623VQ5DA success
[2025-11-05T06:35:22.820177000Z DEBUG solana_runtime::message_processor::stable_log] Program ASmKWt93JEMHxbdE6j7znD9y2FcdPboCzC3xtSTJvN7S invoke [1]
[2025-11-05T06:35:22.820239000Z DEBUG solana_runtime::message_processor::stable_log] Program log: Instruction: CreateConfig
[2025-11-05T06:35:22.820324000Z DEBUG solana_runtime::message_processor::stable_log] Program 11111111111111111111111111111111 invoke [2]
[2025-11-05T06:35:22.820331000Z DEBUG solana_runtime::message_processor::stable_log] Program 11111111111111111111111111111111 success
[2025-11-05T06:35:22.820431000Z DEBUG solana_runtime::message_processor::stable_log] Program ASmKWt93JEMHxbdE6j7znD9y2FcdPboCzC3xtSTJvN7S invoke [2]
[2025-11-05T06:35:22.820465000Z DEBUG solana_runtime::message_processor::stable_log] Program ASmKWt93JEMHxbdE6j7znD9y2FcdPboCzC3xtSTJvN7S consumed 2069 of 186098 compute units
[2025-11-05T06:35:22.820475000Z DEBUG solana_runtime::message_processor::stable_log] Program ASmKWt93JEMHxbdE6j7znD9y2FcdPboCzC3xtSTJvN7S success
[2025-11-05T06:35:22.820489000Z DEBUG solana_runtime::message_processor::stable_log] Program ASmKWt93JEMHxbdE6j7znD9y2FcdPboCzC3xtSTJvN7S consumed 16276 of 200000 compute units
[2025-11-05T06:35:22.820498000Z DEBUG solana_runtime::message_processor::stable_log] Program ASmKWt93JEMHxbdE6j7znD9y2FcdPboCzC3xtSTJvN7S success
[2025-11-05T06:35:22.844593000Z DEBUG solana_runtime::message_processor::stable_log] Program ASmKWt93JEMHxbdE6j7znD9y2FcdPboCzC3xtSTJvN7S invoke [1]
[2025-11-05T06:35:22.844702000Z DEBUG solana_runtime::message_processor::stable_log] Program log: Instruction: InitializePool
[2025-11-05T06:35:22.844833000Z DEBUG solana_runtime::message_processor::stable_log] Program 11111111111111111111111111111111 invoke [2]
[2025-11-05T06:35:22.844841000Z DEBUG solana_runtime::message_processor::stable_log] Program 11111111111111111111111111111111 success
[2025-11-05T06:35:22.844871000Z DEBUG solana_runtime::message_processor::stable_log] Program TokenzQdBNbLqP5VEhdkAS6EPFLC1PHnBqCXEpPxuEb invoke [2]
[2025-11-05T06:35:22.844914000Z DEBUG solana_runtime::message_processor::stable_log] Program log: MetadataPointerInstruction::Initialize
[2025-11-05T06:35:22.844947000Z DEBUG solana_runtime::message_processor::stable_log] Program TokenzQdBNbLqP5VEhdkAS6EPFLC1PHnBqCXEpPxuEb consumed 2442 of 334963 compute units
[2025-11-05T06:35:22.844956000Z DEBUG solana_runtime::message_processor::stable_log] Program TokenzQdBNbLqP5VEhdkAS6EPFLC1PHnBqCXEpPxuEb success
[2025-11-05T06:35:22.844985000Z DEBUG solana_runtime::message_processor::stable_log] Program TokenzQdBNbLqP5VEhdkAS6EPFLC1PHnBqCXEpPxuEb invoke [2]
[2025-11-05T06:35:22.845030000Z DEBUG solana_runtime::message_processor::stable_log] Program log: Instruction: InitializeMintCloseAuthority
[2025-11-05T06:35:22.845067000Z DEBUG solana_runtime::message_processor::stable_log] Program TokenzQdBNbLqP5VEhdkAS6EPFLC1PHnBqCXEpPxuEb consumed 2570 of 330543 compute units
[2025-11-05T06:35:22.845077000Z DEBUG solana_runtime::message_processor::stable_log] Program TokenzQdBNbLqP5VEhdkAS6EPFLC1PHnBqCXEpPxuEb success
[2025-11-05T06:35:22.845117000Z DEBUG solana_runtime::message_processor::stable_log] Program TokenzQdBNbLqP5VEhdkAS6EPFLC1PHnBqCXEpPxuEb invoke [2]
[2025-11-05T06:35:22.845145000Z DEBUG solana_runtime::message_processor::stable_log] Program log: Instruction: InitializeMint2
[2025-11-05T06:35:22.845201000Z DEBUG solana_runtime::message_processor::stable_log] Program TokenzQdBNbLqP5VEhdkAS6EPFLC1PHnBqCXEpPxuEb consumed 4078 of 326031 compute units
[2025-11-05T06:35:22.845212000Z DEBUG solana_runtime::message_processor::stable_log] Program TokenzQdBNbLqP5VEhdkAS6EPFLC1PHnBqCXEpPxuEb success
[2025-11-05T06:35:22.845325000Z DEBUG solana_runtime::message_processor::stable_log] Program 11111111111111111111111111111111 invoke [2]
[2025-11-05T06:35:22.845333000Z DEBUG solana_runtime::message_processor::stable_log] Program 11111111111111111111111111111111 success
[2025-11-05T06:35:22.845362000Z DEBUG solana_runtime::message_processor::stable_log] Program TokenzQdBNbLqP5VEhdkAS6EPFLC1PHnBqCXEpPxuEb invoke [2]
[2025-11-05T06:35:22.845388000Z DEBUG solana_runtime::message_processor::stable_log] Program log: Instruction: InitializeAccount3
[2025-11-05T06:35:22.845461000Z DEBUG solana_runtime::message_processor::stable_log] Program TokenzQdBNbLqP5VEhdkAS6EPFLC1PHnBqCXEpPxuEb consumed 5137 of 312347 compute units
[2025-11-05T06:35:22.845472000Z DEBUG solana_runtime::message_processor::stable_log] Program TokenzQdBNbLqP5VEhdkAS6EPFLC1PHnBqCXEpPxuEb success
[2025-11-05T06:35:22.845575000Z DEBUG solana_runtime::message_processor::stable_log] Program 11111111111111111111111111111111 invoke [2]
[2025-11-05T06:35:22.845582000Z DEBUG solana_runtime::message_processor::stable_log] Program 11111111111111111111111111111111 success
[2025-11-05T06:35:22.845656000Z DEBUG solana_runtime::message_processor::stable_log] Program 11111111111111111111111111111111 invoke [2]
[2025-11-05T06:35:22.845660000Z DEBUG solana_runtime::message_processor::stable_log] Program 11111111111111111111111111111111 success
[2025-11-05T06:35:22.845738000Z DEBUG solana_runtime::message_processor::stable_log] Program 11111111111111111111111111111111 invoke [2]
[2025-11-05T06:35:22.845743000Z DEBUG solana_runtime::message_processor::stable_log] Program 11111111111111111111111111111111 success
[2025-11-05T06:35:22.845770000Z DEBUG solana_runtime::message_processor::stable_log] Program TokenkegQfeZyiNwAJbNbGKPFXCWuBvf9Ss623VQ5DA invoke [2]
[2025-11-05T06:35:22.845801000Z DEBUG solana_runtime::message_processor::stable_log] Program log: Instruction: InitializeAccount3
[2025-11-05T06:35:22.845859000Z DEBUG solana_runtime::message_processor::stable_log] Program TokenkegQfeZyiNwAJbNbGKPFXCWuBvf9Ss623VQ5DA consumed 4214 of 281248 compute units
[2025-11-05T06:35:22.845866000Z DEBUG solana_runtime::message_processor::stable_log] Program TokenkegQfeZyiNwAJbNbGKPFXCWuBvf9Ss623VQ5DA success
[2025-11-05T06:35:22.845956000Z DEBUG solana_runtime::message_processor::stable_log] Program 11111111111111111111111111111111 invoke [2]
[2025-11-05T06:35:22.845960000Z DEBUG solana_runtime::message_processor::stable_log] Program 11111111111111111111111111111111 success
[2025-11-05T06:35:22.845985000Z DEBUG solana_runtime::message_processor::stable_log] Program TokenkegQfeZyiNwAJbNbGKPFXCWuBvf9Ss623VQ5DA invoke [2]
[2025-11-05T06:35:22.846008000Z DEBUG solana_runtime::message_processor::stable_log] Program log: Instruction: InitializeAccount3
[2025-11-05T06:35:22.846058000Z DEBUG solana_runtime::message_processor::stable_log] Program TokenkegQfeZyiNwAJbNbGKPFXCWuBvf9Ss623VQ5DA consumed 4214 of 268109 compute units
[2025-11-05T06:35:22.846065000Z DEBUG solana_runtime::message_processor::stable_log] Program TokenkegQfeZyiNwAJbNbGKPFXCWuBvf9Ss623VQ5DA success
[2025-11-05T06:35:22.846274000Z DEBUG solana_runtime::message_processor::stable_log] Program TokenzQdBNbLqP5VEhdkAS6EPFLC1PHnBqCXEpPxuEb invoke [2]
[2025-11-05T06:35:22.846375000Z DEBUG solana_runtime::message_processor::stable_log] Program log: TokenMetadataInstruction: Initialize
[2025-11-05T06:35:22.846507000Z DEBUG solana_runtime::message_processor::stable_log] Program TokenzQdBNbLqP5VEhdkAS6EPFLC1PHnBqCXEpPxuEb consumed 9900 of 251607 compute units
[2025-11-05T06:35:22.846515000Z DEBUG solana_runtime::message_processor::stable_log] Program TokenzQdBNbLqP5VEhdkAS6EPFLC1PHnBqCXEpPxuEb success
[2025-11-05T06:35:22.846555000Z DEBUG solana_runtime::message_processor::stable_log] Program 11111111111111111111111111111111 invoke [2]
[2025-11-05T06:35:22.846558000Z DEBUG solana_runtime::message_processor::stable_log] Program 11111111111111111111111111111111 success
[2025-11-05T06:35:22.846597000Z DEBUG solana_runtime::message_processor::stable_log] Program TokenzQdBNbLqP5VEhdkAS6EPFLC1PHnBqCXEpPxuEb invoke [2]
[2025-11-05T06:35:22.846625000Z DEBUG solana_runtime::message_processor::stable_log] Program log: Instruction: MintTo
[2025-11-05T06:35:22.846695000Z DEBUG solana_runtime::message_processor::stable_log] Program TokenzQdBNbLqP5VEhdkAS6EPFLC1PHnBqCXEpPxuEb consumed 5540 of 236645 compute units
[2025-11-05T06:35:22.846704000Z DEBUG solana_runtime::message_processor::stable_log] Program TokenzQdBNbLqP5VEhdkAS6EPFLC1PHnBqCXEpPxuEb success
[2025-11-05T06:35:22.846752000Z DEBUG solana_runtime::message_processor::stable_log] Program ASmKWt93JEMHxbdE6j7znD9y2FcdPboCzC3xtSTJvN7S invoke [2]
[2025-11-05T06:35:22.846783000Z DEBUG solana_runtime::message_processor::stable_log] Program ASmKWt93JEMHxbdE6j7znD9y2FcdPboCzC3xtSTJvN7S consumed 2069 of 228040 compute units
[2025-11-05T06:35:22.846790000Z DEBUG solana_runtime::message_processor::stable_log] Program ASmKWt93JEMHxbdE6j7znD9y2FcdPboCzC3xtSTJvN7S success
[2025-11-05T06:35:22.846834000Z DEBUG solana_runtime::message_processor::stable_log] Program TokenkegQfeZyiNwAJbNbGKPFXCWuBvf9Ss623VQ5DA invoke [2]
[2025-11-05T06:35:22.846871000Z DEBUG solana_runtime::message_processor::stable_log] Program log: Instruction: TransferChecked
[2025-11-05T06:35:22.846944000Z DEBUG solana_runtime::message_processor::stable_log] Program TokenkegQfeZyiNwAJbNbGKPFXCWuBvf9Ss623VQ5DA consumed 6174 of 223427 compute units
[2025-11-05T06:35:22.846953000Z DEBUG solana_runtime::message_processor::stable_log] Program TokenkegQfeZyiNwAJbNbGKPFXCWuBvf9Ss623VQ5DA success
[2025-11-05T06:35:22.847000000Z DEBUG solana_runtime::message_processor::stable_log] Program TokenkegQfeZyiNwAJbNbGKPFXCWuBvf9Ss623VQ5DA invoke [2]
[2025-11-05T06:35:22.847032000Z DEBUG solana_runtime::message_processor::stable_log] Program log: Instruction: TransferChecked
[2025-11-05T06:35:22.847099000Z DEBUG solana_runtime::message_processor::stable_log] Program TokenkegQfeZyiNwAJbNbGKPFXCWuBvf9Ss623VQ5DA consumed 6174 of 214843 compute units
[2025-11-05T06:35:22.847107000Z DEBUG solana_runtime::message_processor::stable_log] Program TokenkegQfeZyiNwAJbNbGKPFXCWuBvf9Ss623VQ5DA success
[2025-11-05T06:35:22.847181000Z DEBUG solana_runtime::message_processor::stable_log] Program ASmKWt93JEMHxbdE6j7znD9y2FcdPboCzC3xtSTJvN7S invoke [2]
[2025-11-05T06:35:22.847211000Z DEBUG solana_runtime::message_processor::stable_log] Program ASmKWt93JEMHxbdE6j7znD9y2FcdPboCzC3xtSTJvN7S consumed 2069 of 203588 compute units
[2025-11-05T06:35:22.847218000Z DEBUG solana_runtime::message_processor::stable_log] Program ASmKWt93JEMHxbdE6j7znD9y2FcdPboCzC3xtSTJvN7S success
[2025-11-05T06:35:22.847241000Z DEBUG solana_runtime::message_processor::stable_log] Program ASmKWt93JEMHxbdE6j7znD9y2FcdPboCzC3xtSTJvN7S consumed 149275 of 350000 compute units
[2025-11-05T06:35:22.847251000Z DEBUG solana_runtime::message_processor::stable_log] Program ASmKWt93JEMHxbdE6j7znD9y2FcdPboCzC3xtSTJvN7S success
[2025-11-05T06:35:22.847267000Z DEBUG solana_runtime::message_processor::stable_log] Program ComputeBudget111111111111111111111111111111 invoke [1]
[2025-11-05T06:35:22.847274000Z DEBUG solana_runtime::message_processor::stable_log] Program ComputeBudget111111111111111111111111111111 success
[2025-11-05T06:35:22.867819000Z DEBUG solana_runtime::message_processor::stable_log] Program 5B57SJ3g2YoNXUpsZqqjEQkRSxyKtVTQRXdgAirz6bio invoke [1]
[2025-11-05T06:35:22.867960000Z DEBUG solana_runtime::message_processor::stable_log] Program log: Instruction: InitializeHonoraryPosition
[2025-11-05T06:35:22.868128000Z DEBUG solana_runtime::message_processor::stable_log] Program 11111111111111111111111111111111 invoke [2]
[2025-11-05T06:35:22.868138000Z DEBUG solana_runtime::message_processor::stable_log] Program 11111111111111111111111111111111 success
[2025-11-05T06:35:22.868226000Z DEBUG solana_runtime::message_processor::stable_log] Program 11111111111111111111111111111111 invoke [2]
[2025-11-05T06:35:22.868230000Z DEBUG solana_runtime::message_processor::stable_log] Program 11111111111111111111111111111111 success
[2025-11-05T06:35:22.868260000Z DEBUG solana_runtime::message_processor::stable_log] Program TokenkegQfeZyiNwAJbNbGKPFXCWuBvf9Ss623VQ5DA invoke [2]
[2025-11-05T06:35:22.868304000Z DEBUG solana_runtime::message_processor::stable_log] Program log: Instruction: InitializeAccount3
[2025-11-05T06:35:22.868367000Z DEBUG solana_runtime::message_processor::stable_log] Program TokenkegQfeZyiNwAJbNbGKPFXCWuBvf9Ss623VQ5DA consumed 4214 of 177112 compute units
[2025-11-05T06:35:22.868377000Z DEBUG solana_runtime::message_processor::stable_log] Program TokenkegQfeZyiNwAJbNbGKPFXCWuBvf9Ss623VQ5DA success
[2025-11-05T06:35:22.868492000Z DEBUG solana_runtime::message_processor::stable_log] Program 11111111111111111111111111111111 invoke [2]
[2025-11-05T06:35:22.868496000Z DEBUG solana_runtime::message_processor::stable_log] Program 11111111111111111111111111111111 success
[2025-11-05T06:35:22.868523000Z DEBUG solana_runtime::message_processor::stable_log] Program TokenkegQfeZyiNwAJbNbGKPFXCWuBvf9Ss623VQ5DA invoke [2]
[2025-11-05T06:35:22.868550000Z DEBUG solana_runtime::message_processor::stable_log] Program log: Instruction: InitializeAccount3
[2025-11-05T06:35:22.868601000Z DEBUG solana_runtime::message_processor::stable_log] Program TokenkegQfeZyiNwAJbNbGKPFXCWuBvf9Ss623VQ5DA consumed 4214 of 159476 compute units
[2025-11-05T06:35:22.868609000Z DEBUG solana_runtime::message_processor::stable_log] Program TokenkegQfeZyiNwAJbNbGKPFXCWuBvf9Ss623VQ5DA success
[2025-11-05T06:35:22.868678000Z DEBUG solana_runtime::message_processor::stable_log] Program log: AnchorError occurred. Error Code: QuoteOnlyValidationFailed. Error Number: 12000. Error Message: Quote-only validation failed: pool configuration allows base token fees.
[2025-11-05T06:35:22.868690000Z DEBUG solana_runtime::message_processor::stable_log] Program 5B57SJ3g2YoNXUpsZqqjEQkRSxyKtVTQRXdgAirz6bio consumed 48830 of 200000 compute units
[2025-11-05T06:35:22.868699000Z DEBUG solana_runtime::message_processor::stable_log] Program 5B57SJ3g2YoNXUpsZqqjEQkRSxyKtVTQRXdgAirz6bio failed: custom program error: 0x2ee0
      ✔ Should reject pool with collectFeeMode = 0 (BothToken) - validation test (61ms)
[2025-11-05T06:35:22.870263000Z INFO  solana_program_test] "cp_amm" SBF program from ./target/deploy/cp_amm.so, modified 24 minutes, 30 seconds, 217 ms, 580 µs and 203 ns ago
[2025-11-05T06:35:22.870431000Z INFO  solana_program_test] "fee_router" SBF program from ./target/deploy/fee_router.so, modified 32 seconds, 954 ms, 690 µs and 331 ns ago
[2025-11-05T06:35:22.870557000Z INFO  solana_program_test] "transfer_hook_counter" SBF program from tests/fixtures/transfer_hook_counter.so, modified 3 weeks, 22 hours, 58 minutes, 57 seconds, 696 ms, 155 µs and 196 ns ago
[2025-11-05T06:35:22.870753000Z INFO  solana_program_test] "alpha_vault" SBF program from tests/fixtures/alpha_vault.so, modified 3 weeks, 22 hours, 58 minutes, 57 seconds, 697 ms, 39 µs and 72 ns ago
[2025-11-05T06:35:22.871022000Z INFO  solana_program_test] "streamflow" SBF program from tests/fixtures/streamflow.so, modified 3 weeks, 6 hours, 59 minutes, 7 seconds, 581 ms, 938 µs and 387 ns ago
[2025-11-05T06:35:22.871296000Z INFO  solana_program_test] "cp_amm" SBF program from ./target/deploy/cp_amm.so, modified 24 minutes, 30 seconds, 218 ms, 615 µs and 203 ns ago
[2025-11-05T06:35:22.871418000Z INFO  solana_program_test] "fee_router" SBF program from ./target/deploy/fee_router.so, modified 32 seconds, 955 ms, 678 µs and 331 ns ago
[2025-11-05T06:35:22.890139000Z INFO  solana_program_test] Overriding account at ASmKWt93JEMHxbdE6j7znD9y2FcdPboCzC3xtSTJvN7S
[2025-11-05T06:35:22.890155000Z INFO  solana_program_test] Overriding account at 5B57SJ3g2YoNXUpsZqqjEQkRSxyKtVTQRXdgAirz6bio
[2025-11-05T06:35:22.901017000Z DEBUG solana_runtime::message_processor::stable_log] Program 11111111111111111111111111111111 invoke [1]
[2025-11-05T06:35:22.901029000Z DEBUG solana_runtime::message_processor::stable_log] Program 11111111111111111111111111111111 success
[2025-11-05T06:35:22.904532000Z DEBUG solana_runtime::message_processor::stable_log] Program 11111111111111111111111111111111 invoke [1]
[2025-11-05T06:35:22.904539000Z DEBUG solana_runtime::message_processor::stable_log] Program 11111111111111111111111111111111 success
[2025-11-05T06:35:22.908108000Z DEBUG solana_runtime::message_processor::stable_log] Program 11111111111111111111111111111111 invoke [1]
[2025-11-05T06:35:22.908116000Z DEBUG solana_runtime::message_processor::stable_log] Program 11111111111111111111111111111111 success
[2025-11-05T06:35:22.915396000Z DEBUG solana_runtime::message_processor::stable_log] Program 11111111111111111111111111111111 invoke [1]
[2025-11-05T06:35:22.915412000Z DEBUG solana_runtime::message_processor::stable_log] Program 11111111111111111111111111111111 success
[2025-11-05T06:35:22.915416000Z DEBUG solana_runtime::message_processor::stable_log] Program TokenkegQfeZyiNwAJbNbGKPFXCWuBvf9Ss623VQ5DA invoke [1]
[2025-11-05T06:35:22.915461000Z DEBUG solana_runtime::message_processor::stable_log] Program log: Instruction: InitializeMint2
[2025-11-05T06:35:22.915496000Z DEBUG solana_runtime::message_processor::stable_log] Program TokenkegQfeZyiNwAJbNbGKPFXCWuBvf9Ss623VQ5DA consumed 2779 of 399850 compute units
[2025-11-05T06:35:22.915506000Z DEBUG solana_runtime::message_processor::stable_log] Program TokenkegQfeZyiNwAJbNbGKPFXCWuBvf9Ss623VQ5DA success
[2025-11-05T06:35:22.922915000Z DEBUG solana_runtime::message_processor::stable_log] Program 11111111111111111111111111111111 invoke [1]
[2025-11-05T06:35:22.922930000Z DEBUG solana_runtime::message_processor::stable_log] Program 11111111111111111111111111111111 success
[2025-11-05T06:35:22.922934000Z DEBUG solana_runtime::message_processor::stable_log] Program TokenkegQfeZyiNwAJbNbGKPFXCWuBvf9Ss623VQ5DA invoke [1]
[2025-11-05T06:35:22.922982000Z DEBUG solana_runtime::message_processor::stable_log] Program log: Instruction: InitializeMint2
[2025-11-05T06:35:22.923015000Z DEBUG solana_runtime::message_processor::stable_log] Program TokenkegQfeZyiNwAJbNbGKPFXCWuBvf9Ss623VQ5DA consumed 2779 of 399850 compute units
[2025-11-05T06:35:22.923026000Z DEBUG solana_runtime::message_processor::stable_log] Program TokenkegQfeZyiNwAJbNbGKPFXCWuBvf9Ss623VQ5DA success
[2025-11-05T06:35:22.928275000Z DEBUG solana_runtime::message_processor::stable_log] Program ATokenGPvbdGVxr1b2hvZbsiqW5xWH25efTNsLJA8knL invoke [1]
[2025-11-05T06:35:22.928343000Z DEBUG solana_runtime::message_processor::stable_log] Program log: Create
[2025-11-05T06:35:22.928404000Z DEBUG solana_runtime::message_processor::stable_log] Program TokenkegQfeZyiNwAJbNbGKPFXCWuBvf9Ss623VQ5DA invoke [2]
[2025-11-05T06:35:22.928434000Z DEBUG solana_runtime::message_processor::stable_log] Program log: Instruction: GetAccountDataSize
[2025-11-05T06:35:22.928460000Z DEBUG solana_runtime::message_processor::stable_log] Program TokenkegQfeZyiNwAJbNbGKPFXCWuBvf9Ss623VQ5DA consumed 1595 of 191555 compute units
[2025-11-05T06:35:22.928470000Z DEBUG solana_runtime::message_processor::stable_log] Program return: TokenkegQfeZyiNwAJbNbGKPFXCWuBvf9Ss623VQ5DA pQAAAAAAAAA=
[2025-11-05T06:35:22.928478000Z DEBUG solana_runtime::message_processor::stable_log] Program TokenkegQfeZyiNwAJbNbGKPFXCWuBvf9Ss623VQ5DA success
[2025-11-05T06:35:22.928531000Z DEBUG solana_runtime::message_processor::stable_log] Program 11111111111111111111111111111111 invoke [2]
[2025-11-05T06:35:22.928538000Z DEBUG solana_runtime::message_processor::stable_log] Program 11111111111111111111111111111111 success
[2025-11-05T06:35:22.928544000Z DEBUG solana_runtime::message_processor::stable_log] Program log: Initialize the associated token account
[2025-11-05T06:35:22.928561000Z DEBUG solana_runtime::message_processor::stable_log] Program TokenkegQfeZyiNwAJbNbGKPFXCWuBvf9Ss623VQ5DA invoke [2]
[2025-11-05T06:35:22.928583000Z DEBUG solana_runtime::message_processor::stable_log] Program log: Instruction: InitializeImmutableOwner
[2025-11-05T06:35:22.928593000Z DEBUG solana_runtime::message_processor::stable_log] Program log: Please upgrade to SPL Token 2022 for immutable owner support
[2025-11-05T06:35:22.928597000Z DEBUG solana_runtime::message_processor::stable_log] Program TokenkegQfeZyiNwAJbNbGKPFXCWuBvf9Ss623VQ5DA consumed 1405 of 184942 compute units
[2025-11-05T06:35:22.928604000Z DEBUG solana_runtime::message_processor::stable_log] Program TokenkegQfeZyiNwAJbNbGKPFXCWuBvf9Ss623VQ5DA success
[2025-11-05T06:35:22.928637000Z DEBUG solana_runtime::message_processor::stable_log] Program TokenkegQfeZyiNwAJbNbGKPFXCWuBvf9Ss623VQ5DA invoke [2]
[2025-11-05T06:35:22.928667000Z DEBUG solana_runtime::message_processor::stable_log] Program log: Instruction: InitializeAccount3
[2025-11-05T06:35:22.928722000Z DEBUG solana_runtime::message_processor::stable_log] Program TokenkegQfeZyiNwAJbNbGKPFXCWuBvf9Ss623VQ5DA consumed 4214 of 181058 compute units
[2025-11-05T06:35:22.928730000Z DEBUG solana_runtime::message_processor::stable_log] Program TokenkegQfeZyiNwAJbNbGKPFXCWuBvf9Ss623VQ5DA success
[2025-11-05T06:35:22.928743000Z DEBUG solana_runtime::message_processor::stable_log] Program ATokenGPvbdGVxr1b2hvZbsiqW5xWH25efTNsLJA8knL consumed 23460 of 200000 compute units
[2025-11-05T06:35:22.928752000Z DEBUG solana_runtime::message_processor::stable_log] Program ATokenGPvbdGVxr1b2hvZbsiqW5xWH25efTNsLJA8knL success
[2025-11-05T06:35:22.931984000Z DEBUG solana_runtime::message_processor::stable_log] Program TokenkegQfeZyiNwAJbNbGKPFXCWuBvf9Ss623VQ5DA invoke [1]
[2025-11-05T06:35:22.932034000Z DEBUG solana_runtime::message_processor::stable_log] Program log: Instruction: MintTo
[2025-11-05T06:35:22.932093000Z DEBUG solana_runtime::message_processor::stable_log] Program TokenkegQfeZyiNwAJbNbGKPFXCWuBvf9Ss623VQ5DA consumed 4491 of 200000 compute units
[2025-11-05T06:35:22.932102000Z DEBUG solana_runtime::message_processor::stable_log] Program TokenkegQfeZyiNwAJbNbGKPFXCWuBvf9Ss623VQ5DA success
[2025-11-05T06:35:22.936959000Z DEBUG solana_runtime::message_processor::stable_log] Program ATokenGPvbdGVxr1b2hvZbsiqW5xWH25efTNsLJA8knL invoke [1]
[2025-11-05T06:35:22.937024000Z DEBUG solana_runtime::message_processor::stable_log] Program log: Create
[2025-11-05T06:35:22.937076000Z DEBUG solana_runtime::message_processor::stable_log] Program TokenkegQfeZyiNwAJbNbGKPFXCWuBvf9Ss623VQ5DA invoke [2]
[2025-11-05T06:35:22.937106000Z DEBUG solana_runtime::message_processor::stable_log] Program log: Instruction: GetAccountDataSize
[2025-11-05T06:35:22.937122000Z DEBUG solana_runtime::message_processor::stable_log] Program TokenkegQfeZyiNwAJbNbGKPFXCWuBvf9Ss623VQ5DA consumed 1595 of 194555 compute units
[2025-11-05T06:35:22.937129000Z DEBUG solana_runtime::message_processor::stable_log] Program return: TokenkegQfeZyiNwAJbNbGKPFXCWuBvf9Ss623VQ5DA pQAAAAAAAAA=
[2025-11-05T06:35:22.937137000Z DEBUG solana_runtime::message_processor::stable_log] Program TokenkegQfeZyiNwAJbNbGKPFXCWuBvf9Ss623VQ5DA success
[2025-11-05T06:35:22.937191000Z DEBUG solana_runtime::message_processor::stable_log] Program 11111111111111111111111111111111 invoke [2]
[2025-11-05T06:35:22.937198000Z DEBUG solana_runtime::message_processor::stable_log] Program 11111111111111111111111111111111 success
[2025-11-05T06:35:22.937204000Z DEBUG solana_runtime::message_processor::stable_log] Program log: Initialize the associated token account
[2025-11-05T06:35:22.937221000Z DEBUG solana_runtime::message_processor::stable_log] Program TokenkegQfeZyiNwAJbNbGKPFXCWuBvf9Ss623VQ5DA invoke [2]
[2025-11-05T06:35:22.937243000Z DEBUG solana_runtime::message_processor::stable_log] Program log: Instruction: InitializeImmutableOwner
[2025-11-05T06:35:22.937255000Z DEBUG solana_runtime::message_processor::stable_log] Program log: Please upgrade to SPL Token 2022 for immutable owner support
[2025-11-05T06:35:22.937259000Z DEBUG solana_runtime::message_processor::stable_log] Program TokenkegQfeZyiNwAJbNbGKPFXCWuBvf9Ss623VQ5DA consumed 1405 of 187942 compute units
[2025-11-05T06:35:22.937266000Z DEBUG solana_runtime::message_processor::stable_log] Program TokenkegQfeZyiNwAJbNbGKPFXCWuBvf9Ss623VQ5DA success
[2025-11-05T06:35:22.937301000Z DEBUG solana_runtime::message_processor::stable_log] Program TokenkegQfeZyiNwAJbNbGKPFXCWuBvf9Ss623VQ5DA invoke [2]
[2025-11-05T06:35:22.937332000Z DEBUG solana_runtime::message_processor::stable_log] Program log: Instruction: InitializeAccount3
[2025-11-05T06:35:22.937384000Z DEBUG solana_runtime::message_processor::stable_log] Program TokenkegQfeZyiNwAJbNbGKPFXCWuBvf9Ss623VQ5DA consumed 4214 of 184058 compute units
[2025-11-05T06:35:22.937394000Z DEBUG solana_runtime::message_processor::stable_log] Program TokenkegQfeZyiNwAJbNbGKPFXCWuBvf9Ss623VQ5DA success
[2025-11-05T06:35:22.937407000Z DEBUG solana_runtime::message_processor::stable_log] Program ATokenGPvbdGVxr1b2hvZbsiqW5xWH25efTNsLJA8knL consumed 20460 of 200000 compute units
[2025-11-05T06:35:22.937415000Z DEBUG solana_runtime::message_processor::stable_log] Program ATokenGPvbdGVxr1b2hvZbsiqW5xWH25efTNsLJA8knL success
[2025-11-05T06:35:22.940817000Z DEBUG solana_runtime::message_processor::stable_log] Program TokenkegQfeZyiNwAJbNbGKPFXCWuBvf9Ss623VQ5DA invoke [1]
[2025-11-05T06:35:22.940862000Z DEBUG solana_runtime::message_processor::stable_log] Program log: Instruction: MintTo
[2025-11-05T06:35:22.940917000Z DEBUG solana_runtime::message_processor::stable_log] Program TokenkegQfeZyiNwAJbNbGKPFXCWuBvf9Ss623VQ5DA consumed 4491 of 200000 compute units
[2025-11-05T06:35:22.940925000Z DEBUG solana_runtime::message_processor::stable_log] Program TokenkegQfeZyiNwAJbNbGKPFXCWuBvf9Ss623VQ5DA success
[2025-11-05T06:35:22.953922000Z DEBUG solana_runtime::message_processor::stable_log] Program ASmKWt93JEMHxbdE6j7znD9y2FcdPboCzC3xtSTJvN7S invoke [1]
[2025-11-05T06:35:22.953987000Z DEBUG solana_runtime::message_processor::stable_log] Program log: Instruction: CreateConfig
[2025-11-05T06:35:22.954084000Z DEBUG solana_runtime::message_processor::stable_log] Program 11111111111111111111111111111111 invoke [2]
[2025-11-05T06:35:22.954092000Z DEBUG solana_runtime::message_processor::stable_log] Program 11111111111111111111111111111111 success
[2025-11-05T06:35:22.954194000Z DEBUG solana_runtime::message_processor::stable_log] Program ASmKWt93JEMHxbdE6j7znD9y2FcdPboCzC3xtSTJvN7S invoke [2]
[2025-11-05T06:35:22.954267000Z DEBUG solana_runtime::message_processor::stable_log] Program ASmKWt93JEMHxbdE6j7znD9y2FcdPboCzC3xtSTJvN7S consumed 2069 of 184595 compute units
[2025-11-05T06:35:22.954275000Z DEBUG solana_runtime::message_processor::stable_log] Program ASmKWt93JEMHxbdE6j7znD9y2FcdPboCzC3xtSTJvN7S success
[2025-11-05T06:35:22.954289000Z DEBUG solana_runtime::message_processor::stable_log] Program ASmKWt93JEMHxbdE6j7znD9y2FcdPboCzC3xtSTJvN7S consumed 17779 of 200000 compute units
[2025-11-05T06:35:22.954298000Z DEBUG solana_runtime::message_processor::stable_log] Program ASmKWt93JEMHxbdE6j7znD9y2FcdPboCzC3xtSTJvN7S success
[2025-11-05T06:35:22.980095000Z DEBUG solana_runtime::message_processor::stable_log] Program ASmKWt93JEMHxbdE6j7znD9y2FcdPboCzC3xtSTJvN7S invoke [1]
[2025-11-05T06:35:22.980217000Z DEBUG solana_runtime::message_processor::stable_log] Program log: Instruction: InitializePool
[2025-11-05T06:35:22.980349000Z DEBUG solana_runtime::message_processor::stable_log] Program 11111111111111111111111111111111 invoke [2]
[2025-11-05T06:35:22.980358000Z DEBUG solana_runtime::message_processor::stable_log] Program 11111111111111111111111111111111 success
[2025-11-05T06:35:22.980389000Z DEBUG solana_runtime::message_processor::stable_log] Program TokenzQdBNbLqP5VEhdkAS6EPFLC1PHnBqCXEpPxuEb invoke [2]
[2025-11-05T06:35:22.980418000Z DEBUG solana_runtime::message_processor::stable_log] Program log: MetadataPointerInstruction::Initialize
[2025-11-05T06:35:22.980450000Z DEBUG solana_runtime::message_processor::stable_log] Program TokenzQdBNbLqP5VEhdkAS6EPFLC1PHnBqCXEpPxuEb consumed 2442 of 334963 compute units
[2025-11-05T06:35:22.980459000Z DEBUG solana_runtime::message_processor::stable_log] Program TokenzQdBNbLqP5VEhdkAS6EPFLC1PHnBqCXEpPxuEb success
[2025-11-05T06:35:22.980487000Z DEBUG solana_runtime::message_processor::stable_log] Program TokenzQdBNbLqP5VEhdkAS6EPFLC1PHnBqCXEpPxuEb invoke [2]
[2025-11-05T06:35:22.980509000Z DEBUG solana_runtime::message_processor::stable_log] Program log: Instruction: InitializeMintCloseAuthority
[2025-11-05T06:35:22.980539000Z DEBUG solana_runtime::message_processor::stable_log] Program TokenzQdBNbLqP5VEhdkAS6EPFLC1PHnBqCXEpPxuEb consumed 2570 of 330543 compute units
[2025-11-05T06:35:22.980546000Z DEBUG solana_runtime::message_processor::stable_log] Program TokenzQdBNbLqP5VEhdkAS6EPFLC1PHnBqCXEpPxuEb success
[2025-11-05T06:35:22.980574000Z DEBUG solana_runtime::message_processor::stable_log] Program TokenzQdBNbLqP5VEhdkAS6EPFLC1PHnBqCXEpPxuEb invoke [2]
[2025-11-05T06:35:22.980598000Z DEBUG solana_runtime::message_processor::stable_log] Program log: Instruction: InitializeMint2
[2025-11-05T06:35:22.980653000Z DEBUG solana_runtime::message_processor::stable_log] Program TokenzQdBNbLqP5VEhdkAS6EPFLC1PHnBqCXEpPxuEb consumed 4078 of 326031 compute units
[2025-11-05T06:35:22.980660000Z DEBUG solana_runtime::message_processor::stable_log] Program TokenzQdBNbLqP5VEhdkAS6EPFLC1PHnBqCXEpPxuEb success
[2025-11-05T06:35:22.980775000Z DEBUG solana_runtime::message_processor::stable_log] Program 11111111111111111111111111111111 invoke [2]
[2025-11-05T06:35:22.980779000Z DEBUG solana_runtime::message_processor::stable_log] Program 11111111111111111111111111111111 success
[2025-11-05T06:35:22.980805000Z DEBUG solana_runtime::message_processor::stable_log] Program TokenzQdBNbLqP5VEhdkAS6EPFLC1PHnBqCXEpPxuEb invoke [2]
[2025-11-05T06:35:22.980832000Z DEBUG solana_runtime::message_processor::stable_log] Program log: Instruction: InitializeAccount3
[2025-11-05T06:35:22.980997000Z DEBUG solana_runtime::message_processor::stable_log] Program TokenzQdBNbLqP5VEhdkAS6EPFLC1PHnBqCXEpPxuEb consumed 5137 of 312347 compute units
[2025-11-05T06:35:22.981008000Z DEBUG solana_runtime::message_processor::stable_log] Program TokenzQdBNbLqP5VEhdkAS6EPFLC1PHnBqCXEpPxuEb success
[2025-11-05T06:35:22.981118000Z DEBUG solana_runtime::message_processor::stable_log] Program 11111111111111111111111111111111 invoke [2]
[2025-11-05T06:35:22.981122000Z DEBUG solana_runtime::message_processor::stable_log] Program 11111111111111111111111111111111 success
[2025-11-05T06:35:22.981186000Z DEBUG solana_runtime::message_processor::stable_log] Program 11111111111111111111111111111111 invoke [2]
[2025-11-05T06:35:22.981189000Z DEBUG solana_runtime::message_processor::stable_log] Program 11111111111111111111111111111111 success
[2025-11-05T06:35:22.981255000Z DEBUG solana_runtime::message_processor::stable_log] Program 11111111111111111111111111111111 invoke [2]
[2025-11-05T06:35:22.981258000Z DEBUG solana_runtime::message_processor::stable_log] Program 11111111111111111111111111111111 success
[2025-11-05T06:35:22.981284000Z DEBUG solana_runtime::message_processor::stable_log] Program TokenkegQfeZyiNwAJbNbGKPFXCWuBvf9Ss623VQ5DA invoke [2]
[2025-11-05T06:35:22.981318000Z DEBUG solana_runtime::message_processor::stable_log] Program log: Instruction: InitializeAccount3
[2025-11-05T06:35:22.981375000Z DEBUG solana_runtime::message_processor::stable_log] Program TokenkegQfeZyiNwAJbNbGKPFXCWuBvf9Ss623VQ5DA consumed 4214 of 284244 compute units
[2025-11-05T06:35:22.981382000Z DEBUG solana_runtime::message_processor::stable_log] Program TokenkegQfeZyiNwAJbNbGKPFXCWuBvf9Ss623VQ5DA success
[2025-11-05T06:35:22.981485000Z DEBUG solana_runtime::message_processor::stable_log] Program 11111111111111111111111111111111 invoke [2]
[2025-11-05T06:35:22.981489000Z DEBUG solana_runtime::message_processor::stable_log] Program 11111111111111111111111111111111 success
[2025-11-05T06:35:22.981513000Z DEBUG solana_runtime::message_processor::stable_log] Program TokenkegQfeZyiNwAJbNbGKPFXCWuBvf9Ss623VQ5DA invoke [2]
[2025-11-05T06:35:22.981539000Z DEBUG solana_runtime::message_processor::stable_log] Program log: Instruction: InitializeAccount3
[2025-11-05T06:35:22.981589000Z DEBUG solana_runtime::message_processor::stable_log] Program TokenkegQfeZyiNwAJbNbGKPFXCWuBvf9Ss623VQ5DA consumed 4214 of 268105 compute units
[2025-11-05T06:35:22.981596000Z DEBUG solana_runtime::message_processor::stable_log] Program TokenkegQfeZyiNwAJbNbGKPFXCWuBvf9Ss623VQ5DA success
[2025-11-05T06:35:22.981802000Z DEBUG solana_runtime::message_processor::stable_log] Program TokenzQdBNbLqP5VEhdkAS6EPFLC1PHnBqCXEpPxuEb invoke [2]
[2025-11-05T06:35:22.981851000Z DEBUG solana_runtime::message_processor::stable_log] Program log: TokenMetadataInstruction: Initialize
[2025-11-05T06:35:22.981969000Z DEBUG solana_runtime::message_processor::stable_log] Program TokenzQdBNbLqP5VEhdkAS6EPFLC1PHnBqCXEpPxuEb consumed 9900 of 251603 compute units
[2025-11-05T06:35:22.981977000Z DEBUG solana_runtime::message_processor::stable_log] Program TokenzQdBNbLqP5VEhdkAS6EPFLC1PHnBqCXEpPxuEb success
[2025-11-05T06:35:22.982017000Z DEBUG solana_runtime::message_processor::stable_log] Program 11111111111111111111111111111111 invoke [2]
[2025-11-05T06:35:22.982020000Z DEBUG solana_runtime::message_processor::stable_log] Program 11111111111111111111111111111111 success
[2025-11-05T06:35:22.982058000Z DEBUG solana_runtime::message_processor::stable_log] Program TokenzQdBNbLqP5VEhdkAS6EPFLC1PHnBqCXEpPxuEb invoke [2]
[2025-11-05T06:35:22.982086000Z DEBUG solana_runtime::message_processor::stable_log] Program log: Instruction: MintTo
[2025-11-05T06:35:22.982190000Z DEBUG solana_runtime::message_processor::stable_log] Program TokenzQdBNbLqP5VEhdkAS6EPFLC1PHnBqCXEpPxuEb consumed 5540 of 236641 compute units
[2025-11-05T06:35:22.982276000Z DEBUG solana_runtime::message_processor::stable_log] Program TokenzQdBNbLqP5VEhdkAS6EPFLC1PHnBqCXEpPxuEb success
[2025-11-05T06:35:22.982330000Z DEBUG solana_runtime::message_processor::stable_log] Program ASmKWt93JEMHxbdE6j7znD9y2FcdPboCzC3xtSTJvN7S invoke [2]
[2025-11-05T06:35:22.982364000Z DEBUG solana_runtime::message_processor::stable_log] Program ASmKWt93JEMHxbdE6j7znD9y2FcdPboCzC3xtSTJvN7S consumed 2069 of 228036 compute units
[2025-11-05T06:35:22.982371000Z DEBUG solana_runtime::message_processor::stable_log] Program ASmKWt93JEMHxbdE6j7znD9y2FcdPboCzC3xtSTJvN7S success
[2025-11-05T06:35:22.982414000Z DEBUG solana_runtime::message_processor::stable_log] Program TokenkegQfeZyiNwAJbNbGKPFXCWuBvf9Ss623VQ5DA invoke [2]
[2025-11-05T06:35:22.982457000Z DEBUG solana_runtime::message_processor::stable_log] Program log: Instruction: TransferChecked
[2025-11-05T06:35:22.982529000Z DEBUG solana_runtime::message_processor::stable_log] Program TokenkegQfeZyiNwAJbNbGKPFXCWuBvf9Ss623VQ5DA consumed 6174 of 223423 compute units
[2025-11-05T06:35:22.982539000Z DEBUG solana_runtime::message_processor::stable_log] Program TokenkegQfeZyiNwAJbNbGKPFXCWuBvf9Ss623VQ5DA success
[2025-11-05T06:35:22.982577000Z DEBUG solana_runtime::message_processor::stable_log] Program TokenkegQfeZyiNwAJbNbGKPFXCWuBvf9Ss623VQ5DA invoke [2]
[2025-11-05T06:35:22.982608000Z DEBUG solana_runtime::message_processor::stable_log] Program log: Instruction: TransferChecked
[2025-11-05T06:35:22.982675000Z DEBUG solana_runtime::message_processor::stable_log] Program TokenkegQfeZyiNwAJbNbGKPFXCWuBvf9Ss623VQ5DA consumed 6174 of 214839 compute units
[2025-11-05T06:35:22.982683000Z DEBUG solana_runtime::message_processor::stable_log] Program TokenkegQfeZyiNwAJbNbGKPFXCWuBvf9Ss623VQ5DA success
[2025-11-05T06:35:22.982756000Z DEBUG solana_runtime::message_processor::stable_log] Program ASmKWt93JEMHxbdE6j7znD9y2FcdPboCzC3xtSTJvN7S invoke [2]
[2025-11-05T06:35:22.982787000Z DEBUG solana_runtime::message_processor::stable_log] Program ASmKWt93JEMHxbdE6j7znD9y2FcdPboCzC3xtSTJvN7S consumed 2069 of 203584 compute units
[2025-11-05T06:35:22.982794000Z DEBUG solana_runtime::message_processor::stable_log] Program ASmKWt93JEMHxbdE6j7znD9y2FcdPboCzC3xtSTJvN7S success
[2025-11-05T06:35:22.982818000Z DEBUG solana_runtime::message_processor::stable_log] Program ASmKWt93JEMHxbdE6j7znD9y2FcdPboCzC3xtSTJvN7S consumed 149279 of 350000 compute units
[2025-11-05T06:35:22.982828000Z DEBUG solana_runtime::message_processor::stable_log] Program ASmKWt93JEMHxbdE6j7znD9y2FcdPboCzC3xtSTJvN7S success
[2025-11-05T06:35:22.982836000Z DEBUG solana_runtime::message_processor::stable_log] Program ComputeBudget111111111111111111111111111111 invoke [1]
[2025-11-05T06:35:22.982843000Z DEBUG solana_runtime::message_processor::stable_log] Program ComputeBudget111111111111111111111111111111 success
[2025-11-05T06:35:23.003775000Z DEBUG solana_runtime::message_processor::stable_log] Program 5B57SJ3g2YoNXUpsZqqjEQkRSxyKtVTQRXdgAirz6bio invoke [1]
[2025-11-05T06:35:23.003886000Z DEBUG solana_runtime::message_processor::stable_log] Program log: Instruction: InitializeHonoraryPosition
[2025-11-05T06:35:23.004042000Z DEBUG solana_runtime::message_processor::stable_log] Program 11111111111111111111111111111111 invoke [2]
[2025-11-05T06:35:23.004056000Z DEBUG solana_runtime::message_processor::stable_log] Program 11111111111111111111111111111111 success
[2025-11-05T06:35:23.004141000Z DEBUG solana_runtime::message_processor::stable_log] Program 11111111111111111111111111111111 invoke [2]
[2025-11-05T06:35:23.004147000Z DEBUG solana_runtime::message_processor::stable_log] Program 11111111111111111111111111111111 success
[2025-11-05T06:35:23.004176000Z DEBUG solana_runtime::message_processor::stable_log] Program TokenkegQfeZyiNwAJbNbGKPFXCWuBvf9Ss623VQ5DA invoke [2]
[2025-11-05T06:35:23.004212000Z DEBUG solana_runtime::message_processor::stable_log] Program log: Instruction: InitializeAccount3
[2025-11-05T06:35:23.004272000Z DEBUG solana_runtime::message_processor::stable_log] Program TokenkegQfeZyiNwAJbNbGKPFXCWuBvf9Ss623VQ5DA consumed 4214 of 177112 compute units
[2025-11-05T06:35:23.004282000Z DEBUG solana_runtime::message_processor::stable_log] Program TokenkegQfeZyiNwAJbNbGKPFXCWuBvf9Ss623VQ5DA success
[2025-11-05T06:35:23.004373000Z DEBUG solana_runtime::message_processor::stable_log] Program 11111111111111111111111111111111 invoke [2]
[2025-11-05T06:35:23.004377000Z DEBUG solana_runtime::message_processor::stable_log] Program 11111111111111111111111111111111 success
[2025-11-05T06:35:23.004403000Z DEBUG solana_runtime::message_processor::stable_log] Program TokenkegQfeZyiNwAJbNbGKPFXCWuBvf9Ss623VQ5DA invoke [2]
[2025-11-05T06:35:23.004429000Z DEBUG solana_runtime::message_processor::stable_log] Program log: Instruction: InitializeAccount3
[2025-11-05T06:35:23.004480000Z DEBUG solana_runtime::message_processor::stable_log] Program TokenkegQfeZyiNwAJbNbGKPFXCWuBvf9Ss623VQ5DA consumed 4214 of 163976 compute units
[2025-11-05T06:35:23.004487000Z DEBUG solana_runtime::message_processor::stable_log] Program TokenkegQfeZyiNwAJbNbGKPFXCWuBvf9Ss623VQ5DA success
[2025-11-05T06:35:23.004543000Z DEBUG solana_runtime::message_processor::stable_log] Program log: Creating honorary position through CP-AMM CPI
[2025-11-05T06:35:23.004637000Z DEBUG solana_runtime::message_processor::stable_log] Program ASmKWt93JEMHxbdE6j7znD9y2FcdPboCzC3xtSTJvN7S invoke [2]
[2025-11-05T06:35:23.004738000Z DEBUG solana_runtime::message_processor::stable_log] Program log: Instruction: CreatePosition
[2025-11-05T06:35:23.004812000Z DEBUG solana_runtime::message_processor::stable_log] Program 11111111111111111111111111111111 invoke [3]
[2025-11-05T06:35:23.004816000Z DEBUG solana_runtime::message_processor::stable_log] Program 11111111111111111111111111111111 success
[2025-11-05T06:35:23.004846000Z DEBUG solana_runtime::message_processor::stable_log] Program TokenzQdBNbLqP5VEhdkAS6EPFLC1PHnBqCXEpPxuEb invoke [3]
[2025-11-05T06:35:23.004887000Z DEBUG solana_runtime::message_processor::stable_log] Program log: MetadataPointerInstruction::Initialize
[2025-11-05T06:35:23.004923000Z DEBUG solana_runtime::message_processor::stable_log] Program TokenzQdBNbLqP5VEhdkAS6EPFLC1PHnBqCXEpPxuEb consumed 2442 of 138670 compute units
[2025-11-05T06:35:23.004930000Z DEBUG solana_runtime::message_processor::stable_log] Program TokenzQdBNbLqP5VEhdkAS6EPFLC1PHnBqCXEpPxuEb success
[2025-11-05T06:35:23.004958000Z DEBUG solana_runtime::message_processor::stable_log] Program TokenzQdBNbLqP5VEhdkAS6EPFLC1PHnBqCXEpPxuEb invoke [3]
[2025-11-05T06:35:23.004979000Z DEBUG solana_runtime::message_processor::stable_log] Program log: Instruction: InitializeMintCloseAuthority
[2025-11-05T06:35:23.005011000Z DEBUG solana_runtime::message_processor::stable_log] Program TokenzQdBNbLqP5VEhdkAS6EPFLC1PHnBqCXEpPxuEb consumed 2570 of 134250 compute units
[2025-11-05T06:35:23.005018000Z DEBUG solana_runtime::message_processor::stable_log] Program TokenzQdBNbLqP5VEhdkAS6EPFLC1PHnBqCXEpPxuEb success
[2025-11-05T06:35:23.005046000Z DEBUG solana_runtime::message_processor::stable_log] Program TokenzQdBNbLqP5VEhdkAS6EPFLC1PHnBqCXEpPxuEb invoke [3]
[2025-11-05T06:35:23.005067000Z DEBUG solana_runtime::message_processor::stable_log] Program log: Instruction: InitializeMint2
[2025-11-05T06:35:23.005124000Z DEBUG solana_runtime::message_processor::stable_log] Program TokenzQdBNbLqP5VEhdkAS6EPFLC1PHnBqCXEpPxuEb consumed 4078 of 129737 compute units
[2025-11-05T06:35:23.005131000Z DEBUG solana_runtime::message_processor::stable_log] Program TokenzQdBNbLqP5VEhdkAS6EPFLC1PHnBqCXEpPxuEb success
[2025-11-05T06:35:23.005247000Z DEBUG solana_runtime::message_processor::stable_log] Program 11111111111111111111111111111111 invoke [3]
[2025-11-05T06:35:23.005250000Z DEBUG solana_runtime::message_processor::stable_log] Program 11111111111111111111111111111111 success
[2025-11-05T06:35:23.005277000Z DEBUG solana_runtime::message_processor::stable_log] Program TokenzQdBNbLqP5VEhdkAS6EPFLC1PHnBqCXEpPxuEb invoke [3]
[2025-11-05T06:35:23.005303000Z DEBUG solana_runtime::message_processor::stable_log] Program log: Instruction: InitializeAccount3
[2025-11-05T06:35:23.005376000Z DEBUG solana_runtime::message_processor::stable_log] Program TokenzQdBNbLqP5VEhdkAS6EPFLC1PHnBqCXEpPxuEb consumed 5137 of 116053 compute units
[2025-11-05T06:35:23.005385000Z DEBUG solana_runtime::message_processor::stable_log] Program TokenzQdBNbLqP5VEhdkAS6EPFLC1PHnBqCXEpPxuEb success
[2025-11-05T06:35:23.005473000Z DEBUG solana_runtime::message_processor::stable_log] Program 11111111111111111111111111111111 invoke [3]
[2025-11-05T06:35:23.005477000Z DEBUG solana_runtime::message_processor::stable_log] Program 11111111111111111111111111111111 success
[2025-11-05T06:35:23.005573000Z DEBUG solana_runtime::message_processor::stable_log] Program TokenzQdBNbLqP5VEhdkAS6EPFLC1PHnBqCXEpPxuEb invoke [3]
[2025-11-05T06:35:23.005621000Z DEBUG solana_runtime::message_processor::stable_log] Program log: TokenMetadataInstruction: Initialize
[2025-11-05T06:35:23.005741000Z DEBUG solana_runtime::message_processor::stable_log] Program TokenzQdBNbLqP5VEhdkAS6EPFLC1PHnBqCXEpPxuEb consumed 9900 of 97823 compute units
[2025-11-05T06:35:23.005748000Z DEBUG solana_runtime::message_processor::stable_log] Program TokenzQdBNbLqP5VEhdkAS6EPFLC1PHnBqCXEpPxuEb success
[2025-11-05T06:35:23.005788000Z DEBUG solana_runtime::message_processor::stable_log] Program 11111111111111111111111111111111 invoke [3]
[2025-11-05T06:35:23.005791000Z DEBUG solana_runtime::message_processor::stable_log] Program 11111111111111111111111111111111 success
[2025-11-05T06:35:23.005834000Z DEBUG solana_runtime::message_processor::stable_log] Program TokenzQdBNbLqP5VEhdkAS6EPFLC1PHnBqCXEpPxuEb invoke [3]
[2025-11-05T06:35:23.005861000Z DEBUG solana_runtime::message_processor::stable_log] Program log: Instruction: MintTo
[2025-11-05T06:35:23.005990000Z DEBUG solana_runtime::message_processor::stable_log] Program TokenzQdBNbLqP5VEhdkAS6EPFLC1PHnBqCXEpPxuEb consumed 5540 of 82861 compute units
[2025-11-05T06:35:23.005999000Z DEBUG solana_runtime::message_processor::stable_log] Program TokenzQdBNbLqP5VEhdkAS6EPFLC1PHnBqCXEpPxuEb success
[2025-11-05T06:35:23.006048000Z DEBUG solana_runtime::message_processor::stable_log] Program ASmKWt93JEMHxbdE6j7znD9y2FcdPboCzC3xtSTJvN7S invoke [3]
[2025-11-05T06:35:23.006083000Z DEBUG solana_runtime::message_processor::stable_log] Program ASmKWt93JEMHxbdE6j7znD9y2FcdPboCzC3xtSTJvN7S consumed 2069 of 74255 compute units
[2025-11-05T06:35:23.006091000Z DEBUG solana_runtime::message_processor::stable_log] Program ASmKWt93JEMHxbdE6j7znD9y2FcdPboCzC3xtSTJvN7S success
[2025-11-05T06:35:23.006110000Z DEBUG solana_runtime::message_processor::stable_log] Program ASmKWt93JEMHxbdE6j7znD9y2FcdPboCzC3xtSTJvN7S consumed 76100 of 147714 compute units
[2025-11-05T06:35:23.006120000Z DEBUG solana_runtime::message_processor::stable_log] Program ASmKWt93JEMHxbdE6j7znD9y2FcdPboCzC3xtSTJvN7S success
[2025-11-05T06:35:23.006144000Z DEBUG solana_runtime::message_processor::stable_log] Program data: B9TwvmYpSylODAvsxWobCG6aGj+F9FRlDgeRCsJp+Mj+NIU+zaMNiS8o0Y7wcV2Y7BUL1bin9s6RnR0rtKhP1GJ3cY8siNeYnfmotG5touJKKzxBTpJ5y38Wahxgi4zfAyz6E+qfYT03h1KBMYSnG4LRfqJhkqqpzPU2AktGXxsv2gxFYaiKzOLEyZe/GFlL7mrNnbVcA8qLVLq3+XKwFwcJs4OLSWsYKvAKaQAAAAA=
[2025-11-05T06:35:23.006163000Z DEBUG solana_runtime::message_processor::stable_log] Program 5B57SJ3g2YoNXUpsZqqjEQkRSxyKtVTQRXdgAirz6bio consumed 130480 of 200000 compute units
[2025-11-05T06:35:23.006175000Z DEBUG solana_runtime::message_processor::stable_log] Program 5B57SJ3g2YoNXUpsZqqjEQkRSxyKtVTQRXdgAirz6bio success
      ✔ Should verify quote-only pool with flipped tokens collects in correct mint (67ms)
    9. Idempotency & Resume
[2025-11-05T06:35:23.010246000Z INFO  solana_program_test] "cp_amm" SBF program from ./target/deploy/cp_amm.so, modified 24 minutes, 30 seconds, 357 ms, 562 µs and 203 ns ago
[2025-11-05T06:35:23.010419000Z INFO  solana_program_test] "fee_router" SBF program from ./target/deploy/fee_router.so, modified 33 seconds, 94 ms, 678 µs and 331 ns ago
[2025-11-05T06:35:23.010546000Z INFO  solana_program_test] "transfer_hook_counter" SBF program from tests/fixtures/transfer_hook_counter.so, modified 3 weeks, 22 hours, 58 minutes, 57 seconds, 836 ms, 145 µs and 196 ns ago
[2025-11-05T06:35:23.010741000Z INFO  solana_program_test] "alpha_vault" SBF program from tests/fixtures/alpha_vault.so, modified 3 weeks, 22 hours, 58 minutes, 57 seconds, 837 ms, 28 µs and 72 ns ago
[2025-11-05T06:35:23.011023000Z INFO  solana_program_test] "streamflow" SBF program from tests/fixtures/streamflow.so, modified 3 weeks, 6 hours, 59 minutes, 7 seconds, 721 ms, 938 µs and 387 ns ago
[2025-11-05T06:35:23.011346000Z INFO  solana_program_test] "cp_amm" SBF program from ./target/deploy/cp_amm.so, modified 24 minutes, 30 seconds, 358 ms, 663 µs and 203 ns ago
[2025-11-05T06:35:23.014496000Z INFO  solana_program_test] "fee_router" SBF program from ./target/deploy/fee_router.so, modified 33 seconds, 98 ms, 751 µs and 331 ns ago
[2025-11-05T06:35:23.031889000Z INFO  solana_program_test] Overriding account at ASmKWt93JEMHxbdE6j7znD9y2FcdPboCzC3xtSTJvN7S
[2025-11-05T06:35:23.031966000Z INFO  solana_program_test] Overriding account at 5B57SJ3g2YoNXUpsZqqjEQkRSxyKtVTQRXdgAirz6bio
[2025-11-05T06:35:23.042867000Z DEBUG solana_runtime::message_processor::stable_log] Program 11111111111111111111111111111111 invoke [1]
[2025-11-05T06:35:23.042883000Z DEBUG solana_runtime::message_processor::stable_log] Program 11111111111111111111111111111111 success
[2025-11-05T06:35:23.047573000Z DEBUG solana_runtime::message_processor::stable_log] Program 11111111111111111111111111111111 invoke [1]
[2025-11-05T06:35:23.047589000Z DEBUG solana_runtime::message_processor::stable_log] Program 11111111111111111111111111111111 success
[2025-11-05T06:35:23.052246000Z DEBUG solana_runtime::message_processor::stable_log] Program 11111111111111111111111111111111 invoke [1]
[2025-11-05T06:35:23.052267000Z DEBUG solana_runtime::message_processor::stable_log] Program 11111111111111111111111111111111 success
[2025-11-05T06:35:23.056154000Z DEBUG solana_runtime::message_processor::stable_log] Program 11111111111111111111111111111111 invoke [1]
[2025-11-05T06:35:23.056162000Z DEBUG solana_runtime::message_processor::stable_log] Program 11111111111111111111111111111111 success
[2025-11-05T06:35:23.063477000Z DEBUG solana_runtime::message_processor::stable_log] Program 11111111111111111111111111111111 invoke [1]
[2025-11-05T06:35:23.063499000Z DEBUG solana_runtime::message_processor::stable_log] Program 11111111111111111111111111111111 success
[2025-11-05T06:35:23.063503000Z DEBUG solana_runtime::message_processor::stable_log] Program TokenkegQfeZyiNwAJbNbGKPFXCWuBvf9Ss623VQ5DA invoke [1]
[2025-11-05T06:35:23.063549000Z DEBUG solana_runtime::message_processor::stable_log] Program log: Instruction: InitializeMint2
[2025-11-05T06:35:23.063593000Z DEBUG solana_runtime::message_processor::stable_log] Program TokenkegQfeZyiNwAJbNbGKPFXCWuBvf9Ss623VQ5DA consumed 2779 of 399850 compute units
[2025-11-05T06:35:23.063603000Z DEBUG solana_runtime::message_processor::stable_log] Program TokenkegQfeZyiNwAJbNbGKPFXCWuBvf9Ss623VQ5DA success
[2025-11-05T06:35:23.071040000Z DEBUG solana_runtime::message_processor::stable_log] Program 11111111111111111111111111111111 invoke [1]
[2025-11-05T06:35:23.071061000Z DEBUG solana_runtime::message_processor::stable_log] Program 11111111111111111111111111111111 success
[2025-11-05T06:35:23.071066000Z DEBUG solana_runtime::message_processor::stable_log] Program TokenkegQfeZyiNwAJbNbGKPFXCWuBvf9Ss623VQ5DA invoke [1]
[2025-11-05T06:35:23.071135000Z DEBUG solana_runtime::message_processor::stable_log] Program log: Instruction: InitializeMint2
[2025-11-05T06:35:23.071172000Z DEBUG solana_runtime::message_processor::stable_log] Program TokenkegQfeZyiNwAJbNbGKPFXCWuBvf9Ss623VQ5DA consumed 2779 of 399850 compute units
[2025-11-05T06:35:23.071182000Z DEBUG solana_runtime::message_processor::stable_log] Program TokenkegQfeZyiNwAJbNbGKPFXCWuBvf9Ss623VQ5DA success
[2025-11-05T06:35:23.076440000Z DEBUG solana_runtime::message_processor::stable_log] Program ATokenGPvbdGVxr1b2hvZbsiqW5xWH25efTNsLJA8knL invoke [1]
[2025-11-05T06:35:23.076524000Z DEBUG solana_runtime::message_processor::stable_log] Program log: Create
[2025-11-05T06:35:23.076575000Z DEBUG solana_runtime::message_processor::stable_log] Program TokenkegQfeZyiNwAJbNbGKPFXCWuBvf9Ss623VQ5DA invoke [2]
[2025-11-05T06:35:23.076611000Z DEBUG solana_runtime::message_processor::stable_log] Program log: Instruction: GetAccountDataSize
[2025-11-05T06:35:23.076630000Z DEBUG solana_runtime::message_processor::stable_log] Program TokenkegQfeZyiNwAJbNbGKPFXCWuBvf9Ss623VQ5DA consumed 1595 of 194555 compute units
[2025-11-05T06:35:23.076638000Z DEBUG solana_runtime::message_processor::stable_log] Program return: TokenkegQfeZyiNwAJbNbGKPFXCWuBvf9Ss623VQ5DA pQAAAAAAAAA=
[2025-11-05T06:35:23.076648000Z DEBUG solana_runtime::message_processor::stable_log] Program TokenkegQfeZyiNwAJbNbGKPFXCWuBvf9Ss623VQ5DA success
[2025-11-05T06:35:23.076703000Z DEBUG solana_runtime::message_processor::stable_log] Program 11111111111111111111111111111111 invoke [2]
[2025-11-05T06:35:23.076711000Z DEBUG solana_runtime::message_processor::stable_log] Program 11111111111111111111111111111111 success
[2025-11-05T06:35:23.076718000Z DEBUG solana_runtime::message_processor::stable_log] Program log: Initialize the associated token account
[2025-11-05T06:35:23.076736000Z DEBUG solana_runtime::message_processor::stable_log] Program TokenkegQfeZyiNwAJbNbGKPFXCWuBvf9Ss623VQ5DA invoke [2]
[2025-11-05T06:35:23.076763000Z DEBUG solana_runtime::message_processor::stable_log] Program log: Instruction: InitializeImmutableOwner
[2025-11-05T06:35:23.076775000Z DEBUG solana_runtime::message_processor::stable_log] Program log: Please upgrade to SPL Token 2022 for immutable owner support
[2025-11-05T06:35:23.076778000Z DEBUG solana_runtime::message_processor::stable_log] Program TokenkegQfeZyiNwAJbNbGKPFXCWuBvf9Ss623VQ5DA consumed 1405 of 187942 compute units
[2025-11-05T06:35:23.076786000Z DEBUG solana_runtime::message_processor::stable_log] Program TokenkegQfeZyiNwAJbNbGKPFXCWuBvf9Ss623VQ5DA success
[2025-11-05T06:35:23.076821000Z DEBUG solana_runtime::message_processor::stable_log] Program TokenkegQfeZyiNwAJbNbGKPFXCWuBvf9Ss623VQ5DA invoke [2]
[2025-11-05T06:35:23.076852000Z DEBUG solana_runtime::message_processor::stable_log] Program log: Instruction: InitializeAccount3
[2025-11-05T06:35:23.076911000Z DEBUG solana_runtime::message_processor::stable_log] Program TokenkegQfeZyiNwAJbNbGKPFXCWuBvf9Ss623VQ5DA consumed 4214 of 184058 compute units
[2025-11-05T06:35:23.076921000Z DEBUG solana_runtime::message_processor::stable_log] Program TokenkegQfeZyiNwAJbNbGKPFXCWuBvf9Ss623VQ5DA success
[2025-11-05T06:35:23.076933000Z DEBUG solana_runtime::message_processor::stable_log] Program ATokenGPvbdGVxr1b2hvZbsiqW5xWH25efTNsLJA8knL consumed 20460 of 200000 compute units
[2025-11-05T06:35:23.076942000Z DEBUG solana_runtime::message_processor::stable_log] Program ATokenGPvbdGVxr1b2hvZbsiqW5xWH25efTNsLJA8knL success
[2025-11-05T06:35:23.080992000Z DEBUG solana_runtime::message_processor::stable_log] Program TokenkegQfeZyiNwAJbNbGKPFXCWuBvf9Ss623VQ5DA invoke [1]
[2025-11-05T06:35:23.081059000Z DEBUG solana_runtime::message_processor::stable_log] Program log: Instruction: MintTo
[2025-11-05T06:35:23.081128000Z DEBUG solana_runtime::message_processor::stable_log] Program TokenkegQfeZyiNwAJbNbGKPFXCWuBvf9Ss623VQ5DA consumed 4491 of 200000 compute units
[2025-11-05T06:35:23.081139000Z DEBUG solana_runtime::message_processor::stable_log] Program TokenkegQfeZyiNwAJbNbGKPFXCWuBvf9Ss623VQ5DA success
[2025-11-05T06:35:23.087406000Z DEBUG solana_runtime::message_processor::stable_log] Program ATokenGPvbdGVxr1b2hvZbsiqW5xWH25efTNsLJA8knL invoke [1]
[2025-11-05T06:35:23.087490000Z DEBUG solana_runtime::message_processor::stable_log] Program log: Create
[2025-11-05T06:35:23.087543000Z DEBUG solana_runtime::message_processor::stable_log] Program TokenkegQfeZyiNwAJbNbGKPFXCWuBvf9Ss623VQ5DA invoke [2]
[2025-11-05T06:35:23.087577000Z DEBUG solana_runtime::message_processor::stable_log] Program log: Instruction: GetAccountDataSize
[2025-11-05T06:35:23.087594000Z DEBUG solana_runtime::message_processor::stable_log] Program TokenkegQfeZyiNwAJbNbGKPFXCWuBvf9Ss623VQ5DA consumed 1595 of 194555 compute units
[2025-11-05T06:35:23.087602000Z DEBUG solana_runtime::message_processor::stable_log] Program return: TokenkegQfeZyiNwAJbNbGKPFXCWuBvf9Ss623VQ5DA pQAAAAAAAAA=
[2025-11-05T06:35:23.087611000Z DEBUG solana_runtime::message_processor::stable_log] Program TokenkegQfeZyiNwAJbNbGKPFXCWuBvf9Ss623VQ5DA success
[2025-11-05T06:35:23.087665000Z DEBUG solana_runtime::message_processor::stable_log] Program 11111111111111111111111111111111 invoke [2]
[2025-11-05T06:35:23.087672000Z DEBUG solana_runtime::message_processor::stable_log] Program 11111111111111111111111111111111 success
[2025-11-05T06:35:23.087678000Z DEBUG solana_runtime::message_processor::stable_log] Program log: Initialize the associated token account
[2025-11-05T06:35:23.087695000Z DEBUG solana_runtime::message_processor::stable_log] Program TokenkegQfeZyiNwAJbNbGKPFXCWuBvf9Ss623VQ5DA invoke [2]
[2025-11-05T06:35:23.087717000Z DEBUG solana_runtime::message_processor::stable_log] Program log: Instruction: InitializeImmutableOwner
[2025-11-05T06:35:23.087728000Z DEBUG solana_runtime::message_processor::stable_log] Program log: Please upgrade to SPL Token 2022 for immutable owner support
[2025-11-05T06:35:23.087731000Z DEBUG solana_runtime::message_processor::stable_log] Program TokenkegQfeZyiNwAJbNbGKPFXCWuBvf9Ss623VQ5DA consumed 1405 of 187942 compute units
[2025-11-05T06:35:23.087739000Z DEBUG solana_runtime::message_processor::stable_log] Program TokenkegQfeZyiNwAJbNbGKPFXCWuBvf9Ss623VQ5DA success
[2025-11-05T06:35:23.087772000Z DEBUG solana_runtime::message_processor::stable_log] Program TokenkegQfeZyiNwAJbNbGKPFXCWuBvf9Ss623VQ5DA invoke [2]
[2025-11-05T06:35:23.087799000Z DEBUG solana_runtime::message_processor::stable_log] Program log: Instruction: InitializeAccount3
[2025-11-05T06:35:23.087851000Z DEBUG solana_runtime::message_processor::stable_log] Program TokenkegQfeZyiNwAJbNbGKPFXCWuBvf9Ss623VQ5DA consumed 4214 of 184058 compute units
[2025-11-05T06:35:23.087858000Z DEBUG solana_runtime::message_processor::stable_log] Program TokenkegQfeZyiNwAJbNbGKPFXCWuBvf9Ss623VQ5DA success
[2025-11-05T06:35:23.087871000Z DEBUG solana_runtime::message_processor::stable_log] Program ATokenGPvbdGVxr1b2hvZbsiqW5xWH25efTNsLJA8knL consumed 20460 of 200000 compute units
[2025-11-05T06:35:23.087879000Z DEBUG solana_runtime::message_processor::stable_log] Program ATokenGPvbdGVxr1b2hvZbsiqW5xWH25efTNsLJA8knL success
[2025-11-05T06:35:23.091483000Z DEBUG solana_runtime::message_processor::stable_log] Program TokenkegQfeZyiNwAJbNbGKPFXCWuBvf9Ss623VQ5DA invoke [1]
[2025-11-05T06:35:23.091539000Z DEBUG solana_runtime::message_processor::stable_log] Program log: Instruction: MintTo
[2025-11-05T06:35:23.091597000Z DEBUG solana_runtime::message_processor::stable_log] Program TokenkegQfeZyiNwAJbNbGKPFXCWuBvf9Ss623VQ5DA consumed 4491 of 200000 compute units
[2025-11-05T06:35:23.091609000Z DEBUG solana_runtime::message_processor::stable_log] Program TokenkegQfeZyiNwAJbNbGKPFXCWuBvf9Ss623VQ5DA success
[2025-11-05T06:35:23.096540000Z DEBUG solana_runtime::message_processor::stable_log] Program ATokenGPvbdGVxr1b2hvZbsiqW5xWH25efTNsLJA8knL invoke [1]
[2025-11-05T06:35:23.096621000Z DEBUG solana_runtime::message_processor::stable_log] Program log: Create
[2025-11-05T06:35:23.096673000Z DEBUG solana_runtime::message_processor::stable_log] Program TokenkegQfeZyiNwAJbNbGKPFXCWuBvf9Ss623VQ5DA invoke [2]
[2025-11-05T06:35:23.096712000Z DEBUG solana_runtime::message_processor::stable_log] Program log: Instruction: GetAccountDataSize
[2025-11-05T06:35:23.096729000Z DEBUG solana_runtime::message_processor::stable_log] Program TokenkegQfeZyiNwAJbNbGKPFXCWuBvf9Ss623VQ5DA consumed 1595 of 194555 compute units
[2025-11-05T06:35:23.096736000Z DEBUG solana_runtime::message_processor::stable_log] Program return: TokenkegQfeZyiNwAJbNbGKPFXCWuBvf9Ss623VQ5DA pQAAAAAAAAA=
[2025-11-05T06:35:23.096746000Z DEBUG solana_runtime::message_processor::stable_log] Program TokenkegQfeZyiNwAJbNbGKPFXCWuBvf9Ss623VQ5DA success
[2025-11-05T06:35:23.096800000Z DEBUG solana_runtime::message_processor::stable_log] Program 11111111111111111111111111111111 invoke [2]
[2025-11-05T06:35:23.096806000Z DEBUG solana_runtime::message_processor::stable_log] Program 11111111111111111111111111111111 success
[2025-11-05T06:35:23.096812000Z DEBUG solana_runtime::message_processor::stable_log] Program log: Initialize the associated token account
[2025-11-05T06:35:23.096829000Z DEBUG solana_runtime::message_processor::stable_log] Program TokenkegQfeZyiNwAJbNbGKPFXCWuBvf9Ss623VQ5DA invoke [2]
[2025-11-05T06:35:23.096851000Z DEBUG solana_runtime::message_processor::stable_log] Program log: Instruction: InitializeImmutableOwner
[2025-11-05T06:35:23.096861000Z DEBUG solana_runtime::message_processor::stable_log] Program log: Please upgrade to SPL Token 2022 for immutable owner support
[2025-11-05T06:35:23.096864000Z DEBUG solana_runtime::message_processor::stable_log] Program TokenkegQfeZyiNwAJbNbGKPFXCWuBvf9Ss623VQ5DA consumed 1405 of 187942 compute units
[2025-11-05T06:35:23.096872000Z DEBUG solana_runtime::message_processor::stable_log] Program TokenkegQfeZyiNwAJbNbGKPFXCWuBvf9Ss623VQ5DA success
[2025-11-05T06:35:23.096906000Z DEBUG solana_runtime::message_processor::stable_log] Program TokenkegQfeZyiNwAJbNbGKPFXCWuBvf9Ss623VQ5DA invoke [2]
[2025-11-05T06:35:23.096932000Z DEBUG solana_runtime::message_processor::stable_log] Program log: Instruction: InitializeAccount3
[2025-11-05T06:35:23.096984000Z DEBUG solana_runtime::message_processor::stable_log] Program TokenkegQfeZyiNwAJbNbGKPFXCWuBvf9Ss623VQ5DA consumed 4214 of 184058 compute units
[2025-11-05T06:35:23.096991000Z DEBUG solana_runtime::message_processor::stable_log] Program TokenkegQfeZyiNwAJbNbGKPFXCWuBvf9Ss623VQ5DA success
[2025-11-05T06:35:23.097004000Z DEBUG solana_runtime::message_processor::stable_log] Program ATokenGPvbdGVxr1b2hvZbsiqW5xWH25efTNsLJA8knL consumed 20460 of 200000 compute units
[2025-11-05T06:35:23.097012000Z DEBUG solana_runtime::message_processor::stable_log] Program ATokenGPvbdGVxr1b2hvZbsiqW5xWH25efTNsLJA8knL success
[2025-11-05T06:35:23.101265000Z DEBUG solana_runtime::message_processor::stable_log] Program TokenkegQfeZyiNwAJbNbGKPFXCWuBvf9Ss623VQ5DA invoke [1]
[2025-11-05T06:35:23.101340000Z DEBUG solana_runtime::message_processor::stable_log] Program log: Instruction: MintTo
[2025-11-05T06:35:23.101403000Z DEBUG solana_runtime::message_processor::stable_log] Program TokenkegQfeZyiNwAJbNbGKPFXCWuBvf9Ss623VQ5DA consumed 4491 of 200000 compute units
[2025-11-05T06:35:23.101414000Z DEBUG solana_runtime::message_processor::stable_log] Program TokenkegQfeZyiNwAJbNbGKPFXCWuBvf9Ss623VQ5DA success
[2025-11-05T06:35:23.107235000Z DEBUG solana_runtime::message_processor::stable_log] Program ATokenGPvbdGVxr1b2hvZbsiqW5xWH25efTNsLJA8knL invoke [1]
[2025-11-05T06:35:23.107316000Z DEBUG solana_runtime::message_processor::stable_log] Program log: Create
[2025-11-05T06:35:23.107376000Z DEBUG solana_runtime::message_processor::stable_log] Program TokenkegQfeZyiNwAJbNbGKPFXCWuBvf9Ss623VQ5DA invoke [2]
[2025-11-05T06:35:23.107418000Z DEBUG solana_runtime::message_processor::stable_log] Program log: Instruction: GetAccountDataSize
[2025-11-05T06:35:23.107436000Z DEBUG solana_runtime::message_processor::stable_log] Program TokenkegQfeZyiNwAJbNbGKPFXCWuBvf9Ss623VQ5DA consumed 1595 of 193055 compute units
[2025-11-05T06:35:23.107444000Z DEBUG solana_runtime::message_processor::stable_log] Program return: TokenkegQfeZyiNwAJbNbGKPFXCWuBvf9Ss623VQ5DA pQAAAAAAAAA=
[2025-11-05T06:35:23.107453000Z DEBUG solana_runtime::message_processor::stable_log] Program TokenkegQfeZyiNwAJbNbGKPFXCWuBvf9Ss623VQ5DA success
[2025-11-05T06:35:23.107508000Z DEBUG solana_runtime::message_processor::stable_log] Program 11111111111111111111111111111111 invoke [2]
[2025-11-05T06:35:23.107515000Z DEBUG solana_runtime::message_processor::stable_log] Program 11111111111111111111111111111111 success
[2025-11-05T06:35:23.107521000Z DEBUG solana_runtime::message_processor::stable_log] Program log: Initialize the associated token account
[2025-11-05T06:35:23.107539000Z DEBUG solana_runtime::message_processor::stable_log] Program TokenkegQfeZyiNwAJbNbGKPFXCWuBvf9Ss623VQ5DA invoke [2]
[2025-11-05T06:35:23.107562000Z DEBUG solana_runtime::message_processor::stable_log] Program log: Instruction: InitializeImmutableOwner
[2025-11-05T06:35:23.107573000Z DEBUG solana_runtime::message_processor::stable_log] Program log: Please upgrade to SPL Token 2022 for immutable owner support
[2025-11-05T06:35:23.107576000Z DEBUG solana_runtime::message_processor::stable_log] Program TokenkegQfeZyiNwAJbNbGKPFXCWuBvf9Ss623VQ5DA consumed 1405 of 186442 compute units
[2025-11-05T06:35:23.107585000Z DEBUG solana_runtime::message_processor::stable_log] Program TokenkegQfeZyiNwAJbNbGKPFXCWuBvf9Ss623VQ5DA success
[2025-11-05T06:35:23.107620000Z DEBUG solana_runtime::message_processor::stable_log] Program TokenkegQfeZyiNwAJbNbGKPFXCWuBvf9Ss623VQ5DA invoke [2]
[2025-11-05T06:35:23.107648000Z DEBUG solana_runtime::message_processor::stable_log] Program log: Instruction: InitializeAccount3
[2025-11-05T06:35:23.107704000Z DEBUG solana_runtime::message_processor::stable_log] Program TokenkegQfeZyiNwAJbNbGKPFXCWuBvf9Ss623VQ5DA consumed 4214 of 182558 compute units
[2025-11-05T06:35:23.107734000Z DEBUG solana_runtime::message_processor::stable_log] Program TokenkegQfeZyiNwAJbNbGKPFXCWuBvf9Ss623VQ5DA success
[2025-11-05T06:35:23.107747000Z DEBUG solana_runtime::message_processor::stable_log] Program ATokenGPvbdGVxr1b2hvZbsiqW5xWH25efTNsLJA8knL consumed 21960 of 200000 compute units
[2025-11-05T06:35:23.107755000Z DEBUG solana_runtime::message_processor::stable_log] Program ATokenGPvbdGVxr1b2hvZbsiqW5xWH25efTNsLJA8knL success
[2025-11-05T06:35:23.112913000Z DEBUG solana_runtime::message_processor::stable_log] Program TokenkegQfeZyiNwAJbNbGKPFXCWuBvf9Ss623VQ5DA invoke [1]
[2025-11-05T06:35:23.112977000Z DEBUG solana_runtime::message_processor::stable_log] Program log: Instruction: MintTo
[2025-11-05T06:35:23.113045000Z DEBUG solana_runtime::message_processor::stable_log] Program TokenkegQfeZyiNwAJbNbGKPFXCWuBvf9Ss623VQ5DA consumed 4491 of 200000 compute units
[2025-11-05T06:35:23.113058000Z DEBUG solana_runtime::message_processor::stable_log] Program TokenkegQfeZyiNwAJbNbGKPFXCWuBvf9Ss623VQ5DA success
[2025-11-05T06:35:23.127031000Z DEBUG solana_runtime::message_processor::stable_log] Program ASmKWt93JEMHxbdE6j7znD9y2FcdPboCzC3xtSTJvN7S invoke [1]
[2025-11-05T06:35:23.127108000Z DEBUG solana_runtime::message_processor::stable_log] Program log: Instruction: CreateConfig
[2025-11-05T06:35:23.127194000Z DEBUG solana_runtime::message_processor::stable_log] Program 11111111111111111111111111111111 invoke [2]
[2025-11-05T06:35:23.127204000Z DEBUG solana_runtime::message_processor::stable_log] Program 11111111111111111111111111111111 success
[2025-11-05T06:35:23.127300000Z DEBUG solana_runtime::message_processor::stable_log] Program ASmKWt93JEMHxbdE6j7znD9y2FcdPboCzC3xtSTJvN7S invoke [2]
[2025-11-05T06:35:23.127332000Z DEBUG solana_runtime::message_processor::stable_log] Program ASmKWt93JEMHxbdE6j7znD9y2FcdPboCzC3xtSTJvN7S consumed 2069 of 186095 compute units
[2025-11-05T06:35:23.127341000Z DEBUG solana_runtime::message_processor::stable_log] Program ASmKWt93JEMHxbdE6j7znD9y2FcdPboCzC3xtSTJvN7S success
[2025-11-05T06:35:23.127355000Z DEBUG solana_runtime::message_processor::stable_log] Program ASmKWt93JEMHxbdE6j7znD9y2FcdPboCzC3xtSTJvN7S consumed 16279 of 200000 compute units
[2025-11-05T06:35:23.127363000Z DEBUG solana_runtime::message_processor::stable_log] Program ASmKWt93JEMHxbdE6j7znD9y2FcdPboCzC3xtSTJvN7S success
[2025-11-05T06:35:23.160148000Z DEBUG solana_runtime::message_processor::stable_log] Program ASmKWt93JEMHxbdE6j7znD9y2FcdPboCzC3xtSTJvN7S invoke [1]
[2025-11-05T06:35:23.160280000Z DEBUG solana_runtime::message_processor::stable_log] Program log: Instruction: InitializePool
[2025-11-05T06:35:23.160439000Z DEBUG solana_runtime::message_processor::stable_log] Program 11111111111111111111111111111111 invoke [2]
[2025-11-05T06:35:23.160451000Z DEBUG solana_runtime::message_processor::stable_log] Program 11111111111111111111111111111111 success
[2025-11-05T06:35:23.160486000Z DEBUG solana_runtime::message_processor::stable_log] Program TokenzQdBNbLqP5VEhdkAS6EPFLC1PHnBqCXEpPxuEb invoke [2]
[2025-11-05T06:35:23.160518000Z DEBUG solana_runtime::message_processor::stable_log] Program log: MetadataPointerInstruction::Initialize
[2025-11-05T06:35:23.160550000Z DEBUG solana_runtime::message_processor::stable_log] Program TokenzQdBNbLqP5VEhdkAS6EPFLC1PHnBqCXEpPxuEb consumed 2442 of 334963 compute units
[2025-11-05T06:35:23.160559000Z DEBUG solana_runtime::message_processor::stable_log] Program TokenzQdBNbLqP5VEhdkAS6EPFLC1PHnBqCXEpPxuEb success
[2025-11-05T06:35:23.160590000Z DEBUG solana_runtime::message_processor::stable_log] Program TokenzQdBNbLqP5VEhdkAS6EPFLC1PHnBqCXEpPxuEb invoke [2]
[2025-11-05T06:35:23.160613000Z DEBUG solana_runtime::message_processor::stable_log] Program log: Instruction: InitializeMintCloseAuthority
[2025-11-05T06:35:23.160643000Z DEBUG solana_runtime::message_processor::stable_log] Program TokenzQdBNbLqP5VEhdkAS6EPFLC1PHnBqCXEpPxuEb consumed 2570 of 330543 compute units
[2025-11-05T06:35:23.160651000Z DEBUG solana_runtime::message_processor::stable_log] Program TokenzQdBNbLqP5VEhdkAS6EPFLC1PHnBqCXEpPxuEb success
[2025-11-05T06:35:23.160696000Z DEBUG solana_runtime::message_processor::stable_log] Program TokenzQdBNbLqP5VEhdkAS6EPFLC1PHnBqCXEpPxuEb invoke [2]
[2025-11-05T06:35:23.160731000Z DEBUG solana_runtime::message_processor::stable_log] Program log: Instruction: InitializeMint2
[2025-11-05T06:35:23.160793000Z DEBUG solana_runtime::message_processor::stable_log] Program TokenzQdBNbLqP5VEhdkAS6EPFLC1PHnBqCXEpPxuEb consumed 4078 of 326031 compute units
[2025-11-05T06:35:23.160801000Z DEBUG solana_runtime::message_processor::stable_log] Program TokenzQdBNbLqP5VEhdkAS6EPFLC1PHnBqCXEpPxuEb success
[2025-11-05T06:35:23.160930000Z DEBUG solana_runtime::message_processor::stable_log] Program 11111111111111111111111111111111 invoke [2]
[2025-11-05T06:35:23.160935000Z DEBUG solana_runtime::message_processor::stable_log] Program 11111111111111111111111111111111 success
[2025-11-05T06:35:23.160963000Z DEBUG solana_runtime::message_processor::stable_log] Program TokenzQdBNbLqP5VEhdkAS6EPFLC1PHnBqCXEpPxuEb invoke [2]
[2025-11-05T06:35:23.160992000Z DEBUG solana_runtime::message_processor::stable_log] Program log: Instruction: InitializeAccount3
[2025-11-05T06:35:23.161098000Z DEBUG solana_runtime::message_processor::stable_log] Program TokenzQdBNbLqP5VEhdkAS6EPFLC1PHnBqCXEpPxuEb consumed 5137 of 310847 compute units
[2025-11-05T06:35:23.161107000Z DEBUG solana_runtime::message_processor::stable_log] Program TokenzQdBNbLqP5VEhdkAS6EPFLC1PHnBqCXEpPxuEb success
[2025-11-05T06:35:23.161224000Z DEBUG solana_runtime::message_processor::stable_log] Program 11111111111111111111111111111111 invoke [2]
[2025-11-05T06:35:23.161228000Z DEBUG solana_runtime::message_processor::stable_log] Program 11111111111111111111111111111111 success
[2025-11-05T06:35:23.161291000Z DEBUG solana_runtime::message_processor::stable_log] Program 11111111111111111111111111111111 invoke [2]
[2025-11-05T06:35:23.161294000Z DEBUG solana_runtime::message_processor::stable_log] Program 11111111111111111111111111111111 success
[2025-11-05T06:35:23.161358000Z DEBUG solana_runtime::message_processor::stable_log] Program 11111111111111111111111111111111 invoke [2]
[2025-11-05T06:35:23.161361000Z DEBUG solana_runtime::message_processor::stable_log] Program 11111111111111111111111111111111 success
[2025-11-05T06:35:23.161388000Z DEBUG solana_runtime::message_processor::stable_log] Program TokenkegQfeZyiNwAJbNbGKPFXCWuBvf9Ss623VQ5DA invoke [2]
[2025-11-05T06:35:23.161418000Z DEBUG solana_runtime::message_processor::stable_log] Program log: Instruction: InitializeAccount3
[2025-11-05T06:35:23.161476000Z DEBUG solana_runtime::message_processor::stable_log] Program TokenkegQfeZyiNwAJbNbGKPFXCWuBvf9Ss623VQ5DA consumed 4214 of 282744 compute units
[2025-11-05T06:35:23.161483000Z DEBUG solana_runtime::message_processor::stable_log] Program TokenkegQfeZyiNwAJbNbGKPFXCWuBvf9Ss623VQ5DA success
[2025-11-05T06:35:23.161579000Z DEBUG solana_runtime::message_processor::stable_log] Program 11111111111111111111111111111111 invoke [2]
[2025-11-05T06:35:23.161582000Z DEBUG solana_runtime::message_processor::stable_log] Program 11111111111111111111111111111111 success
[2025-11-05T06:35:23.161607000Z DEBUG solana_runtime::message_processor::stable_log] Program TokenkegQfeZyiNwAJbNbGKPFXCWuBvf9Ss623VQ5DA invoke [2]
[2025-11-05T06:35:23.161633000Z DEBUG solana_runtime::message_processor::stable_log] Program log: Instruction: InitializeAccount3
[2025-11-05T06:35:23.161716000Z DEBUG solana_runtime::message_processor::stable_log] Program TokenkegQfeZyiNwAJbNbGKPFXCWuBvf9Ss623VQ5DA consumed 4214 of 268105 compute units
[2025-11-05T06:35:23.161723000Z DEBUG solana_runtime::message_processor::stable_log] Program TokenkegQfeZyiNwAJbNbGKPFXCWuBvf9Ss623VQ5DA success
[2025-11-05T06:35:23.161930000Z DEBUG solana_runtime::message_processor::stable_log] Program TokenzQdBNbLqP5VEhdkAS6EPFLC1PHnBqCXEpPxuEb invoke [2]
[2025-11-05T06:35:23.161987000Z DEBUG solana_runtime::message_processor::stable_log] Program log: TokenMetadataInstruction: Initialize
[2025-11-05T06:35:23.162103000Z DEBUG solana_runtime::message_processor::stable_log] Program TokenzQdBNbLqP5VEhdkAS6EPFLC1PHnBqCXEpPxuEb consumed 9900 of 251603 compute units
[2025-11-05T06:35:23.162110000Z DEBUG solana_runtime::message_processor::stable_log] Program TokenzQdBNbLqP5VEhdkAS6EPFLC1PHnBqCXEpPxuEb success
[2025-11-05T06:35:23.162150000Z DEBUG solana_runtime::message_processor::stable_log] Program 11111111111111111111111111111111 invoke [2]
[2025-11-05T06:35:23.162152000Z DEBUG solana_runtime::message_processor::stable_log] Program 11111111111111111111111111111111 success
[2025-11-05T06:35:23.162191000Z DEBUG solana_runtime::message_processor::stable_log] Program TokenzQdBNbLqP5VEhdkAS6EPFLC1PHnBqCXEpPxuEb invoke [2]
[2025-11-05T06:35:23.162220000Z DEBUG solana_runtime::message_processor::stable_log] Program log: Instruction: MintTo
[2025-11-05T06:35:23.162298000Z DEBUG solana_runtime::message_processor::stable_log] Program TokenzQdBNbLqP5VEhdkAS6EPFLC1PHnBqCXEpPxuEb consumed 5540 of 236641 compute units
[2025-11-05T06:35:23.162305000Z DEBUG solana_runtime::message_processor::stable_log] Program TokenzQdBNbLqP5VEhdkAS6EPFLC1PHnBqCXEpPxuEb success
[2025-11-05T06:35:23.162361000Z DEBUG solana_runtime::message_processor::stable_log] Program ASmKWt93JEMHxbdE6j7znD9y2FcdPboCzC3xtSTJvN7S invoke [2]
[2025-11-05T06:35:23.162395000Z DEBUG solana_runtime::message_processor::stable_log] Program ASmKWt93JEMHxbdE6j7znD9y2FcdPboCzC3xtSTJvN7S consumed 2069 of 228036 compute units
[2025-11-05T06:35:23.162402000Z DEBUG solana_runtime::message_processor::stable_log] Program ASmKWt93JEMHxbdE6j7znD9y2FcdPboCzC3xtSTJvN7S success
[2025-11-05T06:35:23.162447000Z DEBUG solana_runtime::message_processor::stable_log] Program TokenkegQfeZyiNwAJbNbGKPFXCWuBvf9Ss623VQ5DA invoke [2]
[2025-11-05T06:35:23.162482000Z DEBUG solana_runtime::message_processor::stable_log] Program log: Instruction: TransferChecked
[2025-11-05T06:35:23.162552000Z DEBUG solana_runtime::message_processor::stable_log] Program TokenkegQfeZyiNwAJbNbGKPFXCWuBvf9Ss623VQ5DA consumed 6174 of 223423 compute units
[2025-11-05T06:35:23.162560000Z DEBUG solana_runtime::message_processor::stable_log] Program TokenkegQfeZyiNwAJbNbGKPFXCWuBvf9Ss623VQ5DA success
[2025-11-05T06:35:23.162599000Z DEBUG solana_runtime::message_processor::stable_log] Program TokenkegQfeZyiNwAJbNbGKPFXCWuBvf9Ss623VQ5DA invoke [2]
[2025-11-05T06:35:23.162630000Z DEBUG solana_runtime::message_processor::stable_log] Program log: Instruction: TransferChecked
[2025-11-05T06:35:23.162695000Z DEBUG solana_runtime::message_processor::stable_log] Program TokenkegQfeZyiNwAJbNbGKPFXCWuBvf9Ss623VQ5DA consumed 6174 of 214839 compute units
[2025-11-05T06:35:23.162703000Z DEBUG solana_runtime::message_processor::stable_log] Program TokenkegQfeZyiNwAJbNbGKPFXCWuBvf9Ss623VQ5DA success
[2025-11-05T06:35:23.162775000Z DEBUG solana_runtime::message_processor::stable_log] Program ASmKWt93JEMHxbdE6j7znD9y2FcdPboCzC3xtSTJvN7S invoke [2]
[2025-11-05T06:35:23.162811000Z DEBUG solana_runtime::message_processor::stable_log] Program ASmKWt93JEMHxbdE6j7znD9y2FcdPboCzC3xtSTJvN7S consumed 2069 of 203584 compute units
[2025-11-05T06:35:23.162819000Z DEBUG solana_runtime::message_processor::stable_log] Program ASmKWt93JEMHxbdE6j7znD9y2FcdPboCzC3xtSTJvN7S success
[2025-11-05T06:35:23.162843000Z DEBUG solana_runtime::message_processor::stable_log] Program ASmKWt93JEMHxbdE6j7znD9y2FcdPboCzC3xtSTJvN7S consumed 149279 of 350000 compute units
[2025-11-05T06:35:23.162853000Z DEBUG solana_runtime::message_processor::stable_log] Program ASmKWt93JEMHxbdE6j7znD9y2FcdPboCzC3xtSTJvN7S success
[2025-11-05T06:35:23.162861000Z DEBUG solana_runtime::message_processor::stable_log] Program ComputeBudget111111111111111111111111111111 invoke [1]
[2025-11-05T06:35:23.162868000Z DEBUG solana_runtime::message_processor::stable_log] Program ComputeBudget111111111111111111111111111111 success
[2025-11-05T06:35:23.189934000Z DEBUG solana_runtime::message_processor::stable_log] Program 5B57SJ3g2YoNXUpsZqqjEQkRSxyKtVTQRXdgAirz6bio invoke [1]
[2025-11-05T06:35:23.190053000Z DEBUG solana_runtime::message_processor::stable_log] Program log: Instruction: InitializeHonoraryPosition
[2025-11-05T06:35:23.190232000Z DEBUG solana_runtime::message_processor::stable_log] Program 11111111111111111111111111111111 invoke [2]
[2025-11-05T06:35:23.190243000Z DEBUG solana_runtime::message_processor::stable_log] Program 11111111111111111111111111111111 success
[2025-11-05T06:35:23.190337000Z DEBUG solana_runtime::message_processor::stable_log] Program 11111111111111111111111111111111 invoke [2]
[2025-11-05T06:35:23.190342000Z DEBUG solana_runtime::message_processor::stable_log] Program 11111111111111111111111111111111 success
[2025-11-05T06:35:23.190373000Z DEBUG solana_runtime::message_processor::stable_log] Program TokenkegQfeZyiNwAJbNbGKPFXCWuBvf9Ss623VQ5DA invoke [2]
[2025-11-05T06:35:23.190412000Z DEBUG solana_runtime::message_processor::stable_log] Program log: Instruction: InitializeAccount3
[2025-11-05T06:35:23.190479000Z DEBUG solana_runtime::message_processor::stable_log] Program TokenkegQfeZyiNwAJbNbGKPFXCWuBvf9Ss623VQ5DA consumed 4214 of 178612 compute units
[2025-11-05T06:35:23.190494000Z DEBUG solana_runtime::message_processor::stable_log] Program TokenkegQfeZyiNwAJbNbGKPFXCWuBvf9Ss623VQ5DA success
[2025-11-05T06:35:23.190599000Z DEBUG solana_runtime::message_processor::stable_log] Program 11111111111111111111111111111111 invoke [2]
[2025-11-05T06:35:23.190604000Z DEBUG solana_runtime::message_processor::stable_log] Program 11111111111111111111111111111111 success
[2025-11-05T06:35:23.190634000Z DEBUG solana_runtime::message_processor::stable_log] Program TokenkegQfeZyiNwAJbNbGKPFXCWuBvf9Ss623VQ5DA invoke [2]
[2025-11-05T06:35:23.190669000Z DEBUG solana_runtime::message_processor::stable_log] Program log: Instruction: InitializeAccount3
[2025-11-05T06:35:23.190728000Z DEBUG solana_runtime::message_processor::stable_log] Program TokenkegQfeZyiNwAJbNbGKPFXCWuBvf9Ss623VQ5DA consumed 4214 of 165476 compute units
[2025-11-05T06:35:23.190738000Z DEBUG solana_runtime::message_processor::stable_log] Program TokenkegQfeZyiNwAJbNbGKPFXCWuBvf9Ss623VQ5DA success
[2025-11-05T06:35:23.190798000Z DEBUG solana_runtime::message_processor::stable_log] Program log: Creating honorary position through CP-AMM CPI
[2025-11-05T06:35:23.190882000Z DEBUG solana_runtime::message_processor::stable_log] Program ASmKWt93JEMHxbdE6j7znD9y2FcdPboCzC3xtSTJvN7S invoke [2]
[2025-11-05T06:35:23.190956000Z DEBUG solana_runtime::message_processor::stable_log] Program log: Instruction: CreatePosition
[2025-11-05T06:35:23.191032000Z DEBUG solana_runtime::message_processor::stable_log] Program 11111111111111111111111111111111 invoke [3]
[2025-11-05T06:35:23.191038000Z DEBUG solana_runtime::message_processor::stable_log] Program 11111111111111111111111111111111 success
[2025-11-05T06:35:23.191074000Z DEBUG solana_runtime::message_processor::stable_log] Program TokenzQdBNbLqP5VEhdkAS6EPFLC1PHnBqCXEpPxuEb invoke [3]
[2025-11-05T06:35:23.191110000Z DEBUG solana_runtime::message_processor::stable_log] Program log: MetadataPointerInstruction::Initialize
[2025-11-05T06:35:23.191153000Z DEBUG solana_runtime::message_processor::stable_log] Program TokenzQdBNbLqP5VEhdkAS6EPFLC1PHnBqCXEpPxuEb consumed 2442 of 140170 compute units
[2025-11-05T06:35:23.191162000Z DEBUG solana_runtime::message_processor::stable_log] Program TokenzQdBNbLqP5VEhdkAS6EPFLC1PHnBqCXEpPxuEb success
[2025-11-05T06:35:23.191195000Z DEBUG solana_runtime::message_processor::stable_log] Program TokenzQdBNbLqP5VEhdkAS6EPFLC1PHnBqCXEpPxuEb invoke [3]
[2025-11-05T06:35:23.191218000Z DEBUG solana_runtime::message_processor::stable_log] Program log: Instruction: InitializeMintCloseAuthority
[2025-11-05T06:35:23.191253000Z DEBUG solana_runtime::message_processor::stable_log] Program TokenzQdBNbLqP5VEhdkAS6EPFLC1PHnBqCXEpPxuEb consumed 2570 of 135750 compute units
[2025-11-05T06:35:23.191262000Z DEBUG solana_runtime::message_processor::stable_log] Program TokenzQdBNbLqP5VEhdkAS6EPFLC1PHnBqCXEpPxuEb success
[2025-11-05T06:35:23.191293000Z DEBUG solana_runtime::message_processor::stable_log] Program TokenzQdBNbLqP5VEhdkAS6EPFLC1PHnBqCXEpPxuEb invoke [3]
[2025-11-05T06:35:23.191318000Z DEBUG solana_runtime::message_processor::stable_log] Program log: Instruction: InitializeMint2
[2025-11-05T06:35:23.191405000Z DEBUG solana_runtime::message_processor::stable_log] Program TokenzQdBNbLqP5VEhdkAS6EPFLC1PHnBqCXEpPxuEb consumed 4078 of 131237 compute units
[2025-11-05T06:35:23.191428000Z DEBUG solana_runtime::message_processor::stable_log] Program TokenzQdBNbLqP5VEhdkAS6EPFLC1PHnBqCXEpPxuEb success
[2025-11-05T06:35:23.191564000Z DEBUG solana_runtime::message_processor::stable_log] Program 11111111111111111111111111111111 invoke [3]
[2025-11-05T06:35:23.191569000Z DEBUG solana_runtime::message_processor::stable_log] Program 11111111111111111111111111111111 success
[2025-11-05T06:35:23.191598000Z DEBUG solana_runtime::message_processor::stable_log] Program TokenzQdBNbLqP5VEhdkAS6EPFLC1PHnBqCXEpPxuEb invoke [3]
[2025-11-05T06:35:23.191626000Z DEBUG solana_runtime::message_processor::stable_log] Program log: Instruction: InitializeAccount3
[2025-11-05T06:35:23.191708000Z DEBUG solana_runtime::message_processor::stable_log] Program TokenzQdBNbLqP5VEhdkAS6EPFLC1PHnBqCXEpPxuEb consumed 5137 of 117553 compute units
[2025-11-05T06:35:23.191717000Z DEBUG solana_runtime::message_processor::stable_log] Program TokenzQdBNbLqP5VEhdkAS6EPFLC1PHnBqCXEpPxuEb success
[2025-11-05T06:35:23.191827000Z DEBUG solana_runtime::message_processor::stable_log] Program 11111111111111111111111111111111 invoke [3]
[2025-11-05T06:35:23.191831000Z DEBUG solana_runtime::message_processor::stable_log] Program 11111111111111111111111111111111 success
[2025-11-05T06:35:23.191943000Z DEBUG solana_runtime::message_processor::stable_log] Program TokenzQdBNbLqP5VEhdkAS6EPFLC1PHnBqCXEpPxuEb invoke [3]
[2025-11-05T06:35:23.191996000Z DEBUG solana_runtime::message_processor::stable_log] Program log: TokenMetadataInstruction: Initialize
[2025-11-05T06:35:23.192130000Z DEBUG solana_runtime::message_processor::stable_log] Program TokenzQdBNbLqP5VEhdkAS6EPFLC1PHnBqCXEpPxuEb consumed 9900 of 97823 compute units
[2025-11-05T06:35:23.192140000Z DEBUG solana_runtime::message_processor::stable_log] Program TokenzQdBNbLqP5VEhdkAS6EPFLC1PHnBqCXEpPxuEb success
[2025-11-05T06:35:23.192185000Z DEBUG solana_runtime::message_processor::stable_log] Program 11111111111111111111111111111111 invoke [3]
[2025-11-05T06:35:23.192189000Z DEBUG solana_runtime::message_processor::stable_log] Program 11111111111111111111111111111111 success
[2025-11-05T06:35:23.192236000Z DEBUG solana_runtime::message_processor::stable_log] Program TokenzQdBNbLqP5VEhdkAS6EPFLC1PHnBqCXEpPxuEb invoke [3]
[2025-11-05T06:35:23.192271000Z DEBUG solana_runtime::message_processor::stable_log] Program log: Instruction: MintTo
[2025-11-05T06:35:23.192357000Z DEBUG solana_runtime::message_processor::stable_log] Program TokenzQdBNbLqP5VEhdkAS6EPFLC1PHnBqCXEpPxuEb consumed 5540 of 82861 compute units
[2025-11-05T06:35:23.192367000Z DEBUG solana_runtime::message_processor::stable_log] Program TokenzQdBNbLqP5VEhdkAS6EPFLC1PHnBqCXEpPxuEb success
[2025-11-05T06:35:23.192421000Z DEBUG solana_runtime::message_processor::stable_log] Program ASmKWt93JEMHxbdE6j7znD9y2FcdPboCzC3xtSTJvN7S invoke [3]
[2025-11-05T06:35:23.192457000Z DEBUG solana_runtime::message_processor::stable_log] Program ASmKWt93JEMHxbdE6j7znD9y2FcdPboCzC3xtSTJvN7S consumed 2069 of 74255 compute units
[2025-11-05T06:35:23.192465000Z DEBUG solana_runtime::message_processor::stable_log] Program ASmKWt93JEMHxbdE6j7znD9y2FcdPboCzC3xtSTJvN7S success
[2025-11-05T06:35:23.192485000Z DEBUG solana_runtime::message_processor::stable_log] Program ASmKWt93JEMHxbdE6j7znD9y2FcdPboCzC3xtSTJvN7S consumed 77600 of 149214 compute units
[2025-11-05T06:35:23.192496000Z DEBUG solana_runtime::message_processor::stable_log] Program ASmKWt93JEMHxbdE6j7znD9y2FcdPboCzC3xtSTJvN7S success
[2025-11-05T06:35:23.192522000Z DEBUG solana_runtime::message_processor::stable_log] Program data: B9TwvmYpSynZm4Q+V9U3h+fR3KaTcB+G2DcOg+6CZ/+4JRi2hW0AdrqV7ruY0AIU6CrSdZTK32p6/VxeXiLFnkWfyyYGlUgWznV17HteBxo0cQ1lWbbROrdDy80+KvC86fnzlkrbvDGvoW0BeutjsMp20E/AX9+1IqDoWH7Vgcl2hYZQn6aZpJrNrBgAJUSMIN/funmMP37nDF/EXSABsg2+xseHXl5lK/AKaQAAAAA=
[2025-11-05T06:35:23.192544000Z DEBUG solana_runtime::message_processor::stable_log] Program 5B57SJ3g2YoNXUpsZqqjEQkRSxyKtVTQRXdgAirz6bio consumed 130480 of 200000 compute units
[2025-11-05T06:35:23.192555000Z DEBUG solana_runtime::message_processor::stable_log] Program 5B57SJ3g2YoNXUpsZqqjEQkRSxyKtVTQRXdgAirz6bio success
[2025-11-05T06:35:23.201240000Z DEBUG solana_runtime::message_processor::stable_log] Program 5B57SJ3g2YoNXUpsZqqjEQkRSxyKtVTQRXdgAirz6bio invoke [1]
[2025-11-05T06:35:23.201309000Z DEBUG solana_runtime::message_processor::stable_log] Program log: Instruction: SetupPolicy
[2025-11-05T06:35:23.201424000Z DEBUG solana_runtime::message_processor::stable_log] Program 11111111111111111111111111111111 invoke [2]
[2025-11-05T06:35:23.201434000Z DEBUG solana_runtime::message_processor::stable_log] Program 11111111111111111111111111111111 success
[2025-11-05T06:35:23.201531000Z DEBUG solana_runtime::message_processor::stable_log] Program 11111111111111111111111111111111 invoke [2]
[2025-11-05T06:35:23.201536000Z DEBUG solana_runtime::message_processor::stable_log] Program 11111111111111111111111111111111 success
[2025-11-05T06:35:23.201583000Z DEBUG solana_runtime::message_processor::stable_log] Program data: HFXHbHKxoybZm4Q+V9U3h+fR3KaTcB+G2DcOg+6CZ/+4JRi2hW0AdiEd2O+HCXLgEPKphdahGxCdsdG7WuqLviYGWILol72PiBNAVIkAAAAAACvwCmkAAAAA
[2025-11-05T06:35:23.201640000Z DEBUG solana_runtime::message_processor::stable_log] Program 5B57SJ3g2YoNXUpsZqqjEQkRSxyKtVTQRXdgAirz6bio consumed 18026 of 200000 compute units
[2025-11-05T06:35:23.201654000Z DEBUG solana_runtime::message_processor::stable_log] Program 5B57SJ3g2YoNXUpsZqqjEQkRSxyKtVTQRXdgAirz6bio success
[2025-11-05T06:35:23.227884000Z DEBUG solana_runtime::message_processor::stable_log] Program 5B57SJ3g2YoNXUpsZqqjEQkRSxyKtVTQRXdgAirz6bio invoke [1]
[2025-11-05T06:35:23.228023000Z DEBUG solana_runtime::message_processor::stable_log] Program log: Instruction: AddHonoraryLiquidity
[2025-11-05T06:35:23.228328000Z DEBUG solana_runtime::message_processor::stable_log] Program log: Adding liquidity to honorary position
[2025-11-05T06:35:23.228378000Z DEBUG solana_runtime::message_processor::stable_log] Program TokenkegQfeZyiNwAJbNbGKPFXCWuBvf9Ss623VQ5DA invoke [2]
[2025-11-05T06:35:23.228428000Z DEBUG solana_runtime::message_processor::stable_log] Program log: Instruction: TransferChecked
[2025-11-05T06:35:23.228517000Z DEBUG solana_runtime::message_processor::stable_log] Program TokenkegQfeZyiNwAJbNbGKPFXCWuBvf9Ss623VQ5DA consumed 6174 of 172743 compute units
[2025-11-05T06:35:23.228530000Z DEBUG solana_runtime::message_processor::stable_log] Program TokenkegQfeZyiNwAJbNbGKPFXCWuBvf9Ss623VQ5DA success
[2025-11-05T06:35:23.228586000Z DEBUG solana_runtime::message_processor::stable_log] Program TokenkegQfeZyiNwAJbNbGKPFXCWuBvf9Ss623VQ5DA invoke [2]
[2025-11-05T06:35:23.228621000Z DEBUG solana_runtime::message_processor::stable_log] Program log: Instruction: TransferChecked
[2025-11-05T06:35:23.228697000Z DEBUG solana_runtime::message_processor::stable_log] Program TokenkegQfeZyiNwAJbNbGKPFXCWuBvf9Ss623VQ5DA consumed 6174 of 163836 compute units
[2025-11-05T06:35:23.228706000Z DEBUG solana_runtime::message_processor::stable_log] Program TokenkegQfeZyiNwAJbNbGKPFXCWuBvf9Ss623VQ5DA success
[2025-11-05T06:35:23.228900000Z DEBUG solana_runtime::message_processor::stable_log] Program ASmKWt93JEMHxbdE6j7znD9y2FcdPboCzC3xtSTJvN7S invoke [2]
[2025-11-05T06:35:23.229007000Z DEBUG solana_runtime::message_processor::stable_log] Program log: Instruction: AddLiquidity
[2025-11-05T06:35:23.229326000Z DEBUG solana_runtime::message_processor::stable_log] Program TokenkegQfeZyiNwAJbNbGKPFXCWuBvf9Ss623VQ5DA invoke [3]
[2025-11-05T06:35:23.229368000Z DEBUG solana_runtime::message_processor::stable_log] Program log: Instruction: TransferChecked
[2025-11-05T06:35:23.229454000Z DEBUG solana_runtime::message_processor::stable_log] Program TokenkegQfeZyiNwAJbNbGKPFXCWuBvf9Ss623VQ5DA consumed 6174 of 125256 compute units
[2025-11-05T06:35:23.229467000Z DEBUG solana_runtime::message_processor::stable_log] Program TokenkegQfeZyiNwAJbNbGKPFXCWuBvf9Ss623VQ5DA success
[2025-11-05T06:35:23.229513000Z DEBUG solana_runtime::message_processor::stable_log] Program TokenkegQfeZyiNwAJbNbGKPFXCWuBvf9Ss623VQ5DA invoke [3]
[2025-11-05T06:35:23.229544000Z DEBUG solana_runtime::message_processor::stable_log] Program log: Instruction: TransferChecked
[2025-11-05T06:35:23.229622000Z DEBUG solana_runtime::message_processor::stable_log] Program TokenkegQfeZyiNwAJbNbGKPFXCWuBvf9Ss623VQ5DA consumed 6174 of 116672 compute units
[2025-11-05T06:35:23.229630000Z DEBUG solana_runtime::message_processor::stable_log] Program TokenkegQfeZyiNwAJbNbGKPFXCWuBvf9Ss623VQ5DA success
[2025-11-05T06:35:23.229687000Z DEBUG solana_runtime::message_processor::stable_log] Program ASmKWt93JEMHxbdE6j7znD9y2FcdPboCzC3xtSTJvN7S invoke [3]
[2025-11-05T06:35:23.229722000Z DEBUG solana_runtime::message_processor::stable_log] Program ASmKWt93JEMHxbdE6j7znD9y2FcdPboCzC3xtSTJvN7S consumed 2069 of 107244 compute units
[2025-11-05T06:35:23.229731000Z DEBUG solana_runtime::message_processor::stable_log] Program ASmKWt93JEMHxbdE6j7znD9y2FcdPboCzC3xtSTJvN7S success
[2025-11-05T06:35:23.229842000Z DEBUG solana_runtime::message_processor::stable_log] Program ASmKWt93JEMHxbdE6j7znD9y2FcdPboCzC3xtSTJvN7S invoke [3]
[2025-11-05T06:35:23.229873000Z DEBUG solana_runtime::message_processor::stable_log] Program ASmKWt93JEMHxbdE6j7znD9y2FcdPboCzC3xtSTJvN7S consumed 2069 of 98741 compute units
[2025-11-05T06:35:23.229881000Z DEBUG solana_runtime::message_processor::stable_log] Program ASmKWt93JEMHxbdE6j7znD9y2FcdPboCzC3xtSTJvN7S success
[2025-11-05T06:35:23.229904000Z DEBUG solana_runtime::message_processor::stable_log] Program ASmKWt93JEMHxbdE6j7znD9y2FcdPboCzC3xtSTJvN7S consumed 50736 of 146767 compute units
[2025-11-05T06:35:23.229915000Z DEBUG solana_runtime::message_processor::stable_log] Program ASmKWt93JEMHxbdE6j7znD9y2FcdPboCzC3xtSTJvN7S success
[2025-11-05T06:35:23.229949000Z DEBUG solana_runtime::message_processor::stable_log] Program log: Successfully added 1844674407370955161600 liquidity to honorary position
[2025-11-05T06:35:23.229963000Z DEBUG solana_runtime::message_processor::stable_log] Program 5B57SJ3g2YoNXUpsZqqjEQkRSxyKtVTQRXdgAirz6bio consumed 105647 of 200000 compute units
[2025-11-05T06:35:23.229974000Z DEBUG solana_runtime::message_processor::stable_log] Program 5B57SJ3g2YoNXUpsZqqjEQkRSxyKtVTQRXdgAirz6bio success
[2025-11-05T06:35:23.239373000Z DEBUG solana_runtime::message_processor::stable_log] Program 11111111111111111111111111111111 invoke [1]
[2025-11-05T06:35:23.239390000Z DEBUG solana_runtime::message_processor::stable_log] Program 11111111111111111111111111111111 success
  Stream 0: 100% locked, expected locked amount: 1800000, amount_per_period: 5000
[2025-11-05T06:35:23.244502000Z DEBUG solana_runtime::message_processor::stable_log] Program ATokenGPvbdGVxr1b2hvZbsiqW5xWH25efTNsLJA8knL invoke [1]
[2025-11-05T06:35:23.244631000Z DEBUG solana_runtime::message_processor::stable_log] Program log: Create
[2025-11-05T06:35:23.244709000Z DEBUG solana_runtime::message_processor::stable_log] Program TokenkegQfeZyiNwAJbNbGKPFXCWuBvf9Ss623VQ5DA invoke [2]
[2025-11-05T06:35:23.244751000Z DEBUG solana_runtime::message_processor::stable_log] Program log: Instruction: GetAccountDataSize
[2025-11-05T06:35:23.244771000Z DEBUG solana_runtime::message_processor::stable_log] Program TokenkegQfeZyiNwAJbNbGKPFXCWuBvf9Ss623VQ5DA consumed 1595 of 193055 compute units
[2025-11-05T06:35:23.244780000Z DEBUG solana_runtime::message_processor::stable_log] Program return: TokenkegQfeZyiNwAJbNbGKPFXCWuBvf9Ss623VQ5DA pQAAAAAAAAA=
[2025-11-05T06:35:23.244789000Z DEBUG solana_runtime::message_processor::stable_log] Program TokenkegQfeZyiNwAJbNbGKPFXCWuBvf9Ss623VQ5DA success
[2025-11-05T06:35:23.244851000Z DEBUG solana_runtime::message_processor::stable_log] Program 11111111111111111111111111111111 invoke [2]
[2025-11-05T06:35:23.244858000Z DEBUG solana_runtime::message_processor::stable_log] Program 11111111111111111111111111111111 success
[2025-11-05T06:35:23.244864000Z DEBUG solana_runtime::message_processor::stable_log] Program log: Initialize the associated token account
[2025-11-05T06:35:23.244887000Z DEBUG solana_runtime::message_processor::stable_log] Program TokenkegQfeZyiNwAJbNbGKPFXCWuBvf9Ss623VQ5DA invoke [2]
[2025-11-05T06:35:23.244912000Z DEBUG solana_runtime::message_processor::stable_log] Program log: Instruction: InitializeImmutableOwner
[2025-11-05T06:35:23.244924000Z DEBUG solana_runtime::message_processor::stable_log] Program log: Please upgrade to SPL Token 2022 for immutable owner support
[2025-11-05T06:35:23.244927000Z DEBUG solana_runtime::message_processor::stable_log] Program TokenkegQfeZyiNwAJbNbGKPFXCWuBvf9Ss623VQ5DA consumed 1405 of 186442 compute units
[2025-11-05T06:35:23.244936000Z DEBUG solana_runtime::message_processor::stable_log] Program TokenkegQfeZyiNwAJbNbGKPFXCWuBvf9Ss623VQ5DA success
[2025-11-05T06:35:23.244974000Z DEBUG solana_runtime::message_processor::stable_log] Program TokenkegQfeZyiNwAJbNbGKPFXCWuBvf9Ss623VQ5DA invoke [2]
[2025-11-05T06:35:23.245008000Z DEBUG solana_runtime::message_processor::stable_log] Program log: Instruction: InitializeAccount3
[2025-11-05T06:35:23.245112000Z DEBUG solana_runtime::message_processor::stable_log] Program TokenkegQfeZyiNwAJbNbGKPFXCWuBvf9Ss623VQ5DA consumed 4214 of 182558 compute units
[2025-11-05T06:35:23.245147000Z DEBUG solana_runtime::message_processor::stable_log] Program TokenkegQfeZyiNwAJbNbGKPFXCWuBvf9Ss623VQ5DA success
[2025-11-05T06:35:23.245173000Z DEBUG solana_runtime::message_processor::stable_log] Program ATokenGPvbdGVxr1b2hvZbsiqW5xWH25efTNsLJA8knL consumed 21960 of 200000 compute units
[2025-11-05T06:35:23.245186000Z DEBUG solana_runtime::message_processor::stable_log] Program ATokenGPvbdGVxr1b2hvZbsiqW5xWH25efTNsLJA8knL success
[2025-11-05T06:35:23.254936000Z DEBUG solana_runtime::message_processor::stable_log] Program 11111111111111111111111111111111 invoke [1]
[2025-11-05T06:35:23.254954000Z DEBUG solana_runtime::message_processor::stable_log] Program 11111111111111111111111111111111 success
  Stream 1: 100% locked, expected locked amount: 1800000, amount_per_period: 5000
[2025-11-05T06:35:23.259938000Z DEBUG solana_runtime::message_processor::stable_log] Program ATokenGPvbdGVxr1b2hvZbsiqW5xWH25efTNsLJA8knL invoke [1]
[2025-11-05T06:35:23.260031000Z DEBUG solana_runtime::message_processor::stable_log] Program log: Create
[2025-11-05T06:35:23.260101000Z DEBUG solana_runtime::message_processor::stable_log] Program TokenkegQfeZyiNwAJbNbGKPFXCWuBvf9Ss623VQ5DA invoke [2]
[2025-11-05T06:35:23.260167000Z DEBUG solana_runtime::message_processor::stable_log] Program log: Instruction: GetAccountDataSize
[2025-11-05T06:35:23.260187000Z DEBUG solana_runtime::message_processor::stable_log] Program TokenkegQfeZyiNwAJbNbGKPFXCWuBvf9Ss623VQ5DA consumed 1595 of 193055 compute units
[2025-11-05T06:35:23.260196000Z DEBUG solana_runtime::message_processor::stable_log] Program return: TokenkegQfeZyiNwAJbNbGKPFXCWuBvf9Ss623VQ5DA pQAAAAAAAAA=
[2025-11-05T06:35:23.260206000Z DEBUG solana_runtime::message_processor::stable_log] Program TokenkegQfeZyiNwAJbNbGKPFXCWuBvf9Ss623VQ5DA success
[2025-11-05T06:35:23.260267000Z DEBUG solana_runtime::message_processor::stable_log] Program 11111111111111111111111111111111 invoke [2]
[2025-11-05T06:35:23.260275000Z DEBUG solana_runtime::message_processor::stable_log] Program 11111111111111111111111111111111 success
[2025-11-05T06:35:23.260281000Z DEBUG solana_runtime::message_processor::stable_log] Program log: Initialize the associated token account
[2025-11-05T06:35:23.260301000Z DEBUG solana_runtime::message_processor::stable_log] Program TokenkegQfeZyiNwAJbNbGKPFXCWuBvf9Ss623VQ5DA invoke [2]
[2025-11-05T06:35:23.260326000Z DEBUG solana_runtime::message_processor::stable_log] Program log: Instruction: InitializeImmutableOwner
[2025-11-05T06:35:23.260337000Z DEBUG solana_runtime::message_processor::stable_log] Program log: Please upgrade to SPL Token 2022 for immutable owner support
[2025-11-05T06:35:23.260341000Z DEBUG solana_runtime::message_processor::stable_log] Program TokenkegQfeZyiNwAJbNbGKPFXCWuBvf9Ss623VQ5DA consumed 1405 of 186442 compute units
[2025-11-05T06:35:23.260350000Z DEBUG solana_runtime::message_processor::stable_log] Program TokenkegQfeZyiNwAJbNbGKPFXCWuBvf9Ss623VQ5DA success
[2025-11-05T06:35:23.260389000Z DEBUG solana_runtime::message_processor::stable_log] Program TokenkegQfeZyiNwAJbNbGKPFXCWuBvf9Ss623VQ5DA invoke [2]
[2025-11-05T06:35:23.260419000Z DEBUG solana_runtime::message_processor::stable_log] Program log: Instruction: InitializeAccount3
[2025-11-05T06:35:23.260480000Z DEBUG solana_runtime::message_processor::stable_log] Program TokenkegQfeZyiNwAJbNbGKPFXCWuBvf9Ss623VQ5DA consumed 4214 of 182558 compute units
[2025-11-05T06:35:23.260490000Z DEBUG solana_runtime::message_processor::stable_log] Program TokenkegQfeZyiNwAJbNbGKPFXCWuBvf9Ss623VQ5DA success
[2025-11-05T06:35:23.260504000Z DEBUG solana_runtime::message_processor::stable_log] Program ATokenGPvbdGVxr1b2hvZbsiqW5xWH25efTNsLJA8knL consumed 21960 of 200000 compute units
[2025-11-05T06:35:23.260514000Z DEBUG solana_runtime::message_processor::stable_log] Program ATokenGPvbdGVxr1b2hvZbsiqW5xWH25efTNsLJA8knL success
[2025-11-05T06:35:23.269763000Z DEBUG solana_runtime::message_processor::stable_log] Program 11111111111111111111111111111111 invoke [1]
[2025-11-05T06:35:23.269783000Z DEBUG solana_runtime::message_processor::stable_log] Program 11111111111111111111111111111111 success
  Stream 2: 100% locked, expected locked amount: 1800000, amount_per_period: 5000
[2025-11-05T06:35:23.275368000Z DEBUG solana_runtime::message_processor::stable_log] Program ATokenGPvbdGVxr1b2hvZbsiqW5xWH25efTNsLJA8knL invoke [1]
[2025-11-05T06:35:23.275503000Z DEBUG solana_runtime::message_processor::stable_log] Program log: Create
[2025-11-05T06:35:23.275607000Z DEBUG solana_runtime::message_processor::stable_log] Program TokenkegQfeZyiNwAJbNbGKPFXCWuBvf9Ss623VQ5DA invoke [2]
[2025-11-05T06:35:23.275656000Z DEBUG solana_runtime::message_processor::stable_log] Program log: Instruction: GetAccountDataSize
[2025-11-05T06:35:23.275688000Z DEBUG solana_runtime::message_processor::stable_log] Program TokenkegQfeZyiNwAJbNbGKPFXCWuBvf9Ss623VQ5DA consumed 1595 of 191555 compute units
[2025-11-05T06:35:23.275699000Z DEBUG solana_runtime::message_processor::stable_log] Program return: TokenkegQfeZyiNwAJbNbGKPFXCWuBvf9Ss623VQ5DA pQAAAAAAAAA=
[2025-11-05T06:35:23.275727000Z DEBUG solana_runtime::message_processor::stable_log] Program TokenkegQfeZyiNwAJbNbGKPFXCWuBvf9Ss623VQ5DA success
[2025-11-05T06:35:23.275812000Z DEBUG solana_runtime::message_processor::stable_log] Program 11111111111111111111111111111111 invoke [2]
[2025-11-05T06:35:23.275824000Z DEBUG solana_runtime::message_processor::stable_log] Program 11111111111111111111111111111111 success
[2025-11-05T06:35:23.275833000Z DEBUG solana_runtime::message_processor::stable_log] Program log: Initialize the associated token account
[2025-11-05T06:35:23.275866000Z DEBUG solana_runtime::message_processor::stable_log] Program TokenkegQfeZyiNwAJbNbGKPFXCWuBvf9Ss623VQ5DA invoke [2]
[2025-11-05T06:35:23.275902000Z DEBUG solana_runtime::message_processor::stable_log] Program log: Instruction: InitializeImmutableOwner
[2025-11-05T06:35:23.275923000Z DEBUG solana_runtime::message_processor::stable_log] Program log: Please upgrade to SPL Token 2022 for immutable owner support
[2025-11-05T06:35:23.275929000Z DEBUG solana_runtime::message_processor::stable_log] Program TokenkegQfeZyiNwAJbNbGKPFXCWuBvf9Ss623VQ5DA consumed 1405 of 184942 compute units
[2025-11-05T06:35:23.275939000Z DEBUG solana_runtime::message_processor::stable_log] Program TokenkegQfeZyiNwAJbNbGKPFXCWuBvf9Ss623VQ5DA success
[2025-11-05T06:35:23.275997000Z DEBUG solana_runtime::message_processor::stable_log] Program TokenkegQfeZyiNwAJbNbGKPFXCWuBvf9Ss623VQ5DA invoke [2]
[2025-11-05T06:35:23.276039000Z DEBUG solana_runtime::message_processor::stable_log] Program log: Instruction: InitializeAccount3
[2025-11-05T06:35:23.276139000Z DEBUG solana_runtime::message_processor::stable_log] Program TokenkegQfeZyiNwAJbNbGKPFXCWuBvf9Ss623VQ5DA consumed 4214 of 181058 compute units
[2025-11-05T06:35:23.276159000Z DEBUG solana_runtime::message_processor::stable_log] Program TokenkegQfeZyiNwAJbNbGKPFXCWuBvf9Ss623VQ5DA success
[2025-11-05T06:35:23.276177000Z DEBUG solana_runtime::message_processor::stable_log] Program ATokenGPvbdGVxr1b2hvZbsiqW5xWH25efTNsLJA8knL consumed 23460 of 200000 compute units
[2025-11-05T06:35:23.276188000Z DEBUG solana_runtime::message_processor::stable_log] Program ATokenGPvbdGVxr1b2hvZbsiqW5xWH25efTNsLJA8knL success
[2025-11-05T06:35:23.285065000Z DEBUG solana_runtime::message_processor::stable_log] Program 11111111111111111111111111111111 invoke [1]
[2025-11-05T06:35:23.285083000Z DEBUG solana_runtime::message_processor::stable_log] Program 11111111111111111111111111111111 success
  Stream 3: 100% locked, expected locked amount: 1800000, amount_per_period: 5000
[2025-11-05T06:35:23.289928000Z DEBUG solana_runtime::message_processor::stable_log] Program ATokenGPvbdGVxr1b2hvZbsiqW5xWH25efTNsLJA8knL invoke [1]
[2025-11-05T06:35:23.290004000Z DEBUG solana_runtime::message_processor::stable_log] Program log: Create
[2025-11-05T06:35:23.290068000Z DEBUG solana_runtime::message_processor::stable_log] Program TokenkegQfeZyiNwAJbNbGKPFXCWuBvf9Ss623VQ5DA invoke [2]
[2025-11-05T06:35:23.290101000Z DEBUG solana_runtime::message_processor::stable_log] Program log: Instruction: GetAccountDataSize
[2025-11-05T06:35:23.290121000Z DEBUG solana_runtime::message_processor::stable_log] Program TokenkegQfeZyiNwAJbNbGKPFXCWuBvf9Ss623VQ5DA consumed 1595 of 193055 compute units
[2025-11-05T06:35:23.290130000Z DEBUG solana_runtime::message_processor::stable_log] Program return: TokenkegQfeZyiNwAJbNbGKPFXCWuBvf9Ss623VQ5DA pQAAAAAAAAA=
[2025-11-05T06:35:23.290139000Z DEBUG solana_runtime::message_processor::stable_log] Program TokenkegQfeZyiNwAJbNbGKPFXCWuBvf9Ss623VQ5DA success
[2025-11-05T06:35:23.290206000Z DEBUG solana_runtime::message_processor::stable_log] Program 11111111111111111111111111111111 invoke [2]
[2025-11-05T06:35:23.290214000Z DEBUG solana_runtime::message_processor::stable_log] Program 11111111111111111111111111111111 success
[2025-11-05T06:35:23.290220000Z DEBUG solana_runtime::message_processor::stable_log] Program log: Initialize the associated token account
[2025-11-05T06:35:23.290240000Z DEBUG solana_runtime::message_processor::stable_log] Program TokenkegQfeZyiNwAJbNbGKPFXCWuBvf9Ss623VQ5DA invoke [2]
[2025-11-05T06:35:23.290266000Z DEBUG solana_runtime::message_processor::stable_log] Program log: Instruction: InitializeImmutableOwner
[2025-11-05T06:35:23.290278000Z DEBUG solana_runtime::message_processor::stable_log] Program log: Please upgrade to SPL Token 2022 for immutable owner support
[2025-11-05T06:35:23.290282000Z DEBUG solana_runtime::message_processor::stable_log] Program TokenkegQfeZyiNwAJbNbGKPFXCWuBvf9Ss623VQ5DA consumed 1405 of 186442 compute units
[2025-11-05T06:35:23.290290000Z DEBUG solana_runtime::message_processor::stable_log] Program TokenkegQfeZyiNwAJbNbGKPFXCWuBvf9Ss623VQ5DA success
[2025-11-05T06:35:23.290328000Z DEBUG solana_runtime::message_processor::stable_log] Program TokenkegQfeZyiNwAJbNbGKPFXCWuBvf9Ss623VQ5DA invoke [2]
[2025-11-05T06:35:23.290357000Z DEBUG solana_runtime::message_processor::stable_log] Program log: Instruction: InitializeAccount3
[2025-11-05T06:35:23.290418000Z DEBUG solana_runtime::message_processor::stable_log] Program TokenkegQfeZyiNwAJbNbGKPFXCWuBvf9Ss623VQ5DA consumed 4214 of 182558 compute units
[2025-11-05T06:35:23.290426000Z DEBUG solana_runtime::message_processor::stable_log] Program TokenkegQfeZyiNwAJbNbGKPFXCWuBvf9Ss623VQ5DA success
[2025-11-05T06:35:23.290440000Z DEBUG solana_runtime::message_processor::stable_log] Program ATokenGPvbdGVxr1b2hvZbsiqW5xWH25efTNsLJA8knL consumed 21960 of 200000 compute units
[2025-11-05T06:35:23.290449000Z DEBUG solana_runtime::message_processor::stable_log] Program ATokenGPvbdGVxr1b2hvZbsiqW5xWH25efTNsLJA8knL success
[2025-11-05T06:35:23.300218000Z DEBUG solana_runtime::message_processor::stable_log] Program 11111111111111111111111111111111 invoke [1]
[2025-11-05T06:35:23.300235000Z DEBUG solana_runtime::message_processor::stable_log] Program 11111111111111111111111111111111 success
  Stream 4: 100% locked, expected locked amount: 1800000, amount_per_period: 5000
[2025-11-05T06:35:23.307693000Z DEBUG solana_runtime::message_processor::stable_log] Program ATokenGPvbdGVxr1b2hvZbsiqW5xWH25efTNsLJA8knL invoke [1]
[2025-11-05T06:35:23.307773000Z DEBUG solana_runtime::message_processor::stable_log] Program log: Create
[2025-11-05T06:35:23.307892000Z DEBUG solana_runtime::message_processor::stable_log] Program TokenkegQfeZyiNwAJbNbGKPFXCWuBvf9Ss623VQ5DA invoke [2]
[2025-11-05T06:35:23.307927000Z DEBUG solana_runtime::message_processor::stable_log] Program log: Instruction: GetAccountDataSize
[2025-11-05T06:35:23.307946000Z DEBUG solana_runtime::message_processor::stable_log] Program TokenkegQfeZyiNwAJbNbGKPFXCWuBvf9Ss623VQ5DA consumed 1595 of 182555 compute units
[2025-11-05T06:35:23.307954000Z DEBUG solana_runtime::message_processor::stable_log] Program return: TokenkegQfeZyiNwAJbNbGKPFXCWuBvf9Ss623VQ5DA pQAAAAAAAAA=
[2025-11-05T06:35:23.307963000Z DEBUG solana_runtime::message_processor::stable_log] Program TokenkegQfeZyiNwAJbNbGKPFXCWuBvf9Ss623VQ5DA success
[2025-11-05T06:35:23.308042000Z DEBUG solana_runtime::message_processor::stable_log] Program 11111111111111111111111111111111 invoke [2]
[2025-11-05T06:35:23.308052000Z DEBUG solana_runtime::message_processor::stable_log] Program 11111111111111111111111111111111 success
[2025-11-05T06:35:23.308059000Z DEBUG solana_runtime::message_processor::stable_log] Program log: Initialize the associated token account
[2025-11-05T06:35:23.308079000Z DEBUG solana_runtime::message_processor::stable_log] Program TokenkegQfeZyiNwAJbNbGKPFXCWuBvf9Ss623VQ5DA invoke [2]
[2025-11-05T06:35:23.308103000Z DEBUG solana_runtime::message_processor::stable_log] Program log: Instruction: InitializeImmutableOwner
[2025-11-05T06:35:23.308114000Z DEBUG solana_runtime::message_processor::stable_log] Program log: Please upgrade to SPL Token 2022 for immutable owner support
[2025-11-05T06:35:23.308118000Z DEBUG solana_runtime::message_processor::stable_log] Program TokenkegQfeZyiNwAJbNbGKPFXCWuBvf9Ss623VQ5DA consumed 1405 of 175942 compute units
[2025-11-05T06:35:23.308126000Z DEBUG solana_runtime::message_processor::stable_log] Program TokenkegQfeZyiNwAJbNbGKPFXCWuBvf9Ss623VQ5DA success
[2025-11-05T06:35:23.308163000Z DEBUG solana_runtime::message_processor::stable_log] Program TokenkegQfeZyiNwAJbNbGKPFXCWuBvf9Ss623VQ5DA invoke [2]
[2025-11-05T06:35:23.308193000Z DEBUG solana_runtime::message_processor::stable_log] Program log: Instruction: InitializeAccount3
[2025-11-05T06:35:23.308253000Z DEBUG solana_runtime::message_processor::stable_log] Program TokenkegQfeZyiNwAJbNbGKPFXCWuBvf9Ss623VQ5DA consumed 4214 of 172058 compute units
[2025-11-05T06:35:23.308261000Z DEBUG solana_runtime::message_processor::stable_log] Program TokenkegQfeZyiNwAJbNbGKPFXCWuBvf9Ss623VQ5DA success
[2025-11-05T06:35:23.308276000Z DEBUG solana_runtime::message_processor::stable_log] Program ATokenGPvbdGVxr1b2hvZbsiqW5xWH25efTNsLJA8knL consumed 32460 of 200000 compute units
[2025-11-05T06:35:23.308284000Z DEBUG solana_runtime::message_processor::stable_log] Program ATokenGPvbdGVxr1b2hvZbsiqW5xWH25efTNsLJA8knL success
[2025-11-05T06:35:23.327815000Z DEBUG solana_runtime::message_processor::stable_log] Program ASmKWt93JEMHxbdE6j7znD9y2FcdPboCzC3xtSTJvN7S invoke [1]
[2025-11-05T06:35:23.328000000Z DEBUG solana_runtime::message_processor::stable_log] Program log: Instruction: Swap
[2025-11-05T06:35:23.328406000Z DEBUG solana_runtime::message_processor::stable_log] Program TokenkegQfeZyiNwAJbNbGKPFXCWuBvf9Ss623VQ5DA invoke [2]
[2025-11-05T06:35:23.328586000Z DEBUG solana_runtime::message_processor::stable_log] Program log: Instruction: TransferChecked
[2025-11-05T06:35:23.328678000Z DEBUG solana_runtime::message_processor::stable_log] Program TokenkegQfeZyiNwAJbNbGKPFXCWuBvf9Ss623VQ5DA consumed 6174 of 177323 compute units
[2025-11-05T06:35:23.328691000Z DEBUG solana_runtime::message_processor::stable_log] Program TokenkegQfeZyiNwAJbNbGKPFXCWuBvf9Ss623VQ5DA success
[2025-11-05T06:35:23.328749000Z DEBUG solana_runtime::message_processor::stable_log] Program TokenkegQfeZyiNwAJbNbGKPFXCWuBvf9Ss623VQ5DA invoke [2]
[2025-11-05T06:35:23.328791000Z DEBUG solana_runtime::message_processor::stable_log] Program log: Instruction: TransferChecked
[2025-11-05T06:35:23.328871000Z DEBUG solana_runtime::message_processor::stable_log] Program TokenkegQfeZyiNwAJbNbGKPFXCWuBvf9Ss623VQ5DA consumed 6174 of 168685 compute units
[2025-11-05T06:35:23.328880000Z DEBUG solana_runtime::message_processor::stable_log] Program TokenkegQfeZyiNwAJbNbGKPFXCWuBvf9Ss623VQ5DA success
[2025-11-05T06:35:23.328996000Z DEBUG solana_runtime::message_processor::stable_log] Program ASmKWt93JEMHxbdE6j7znD9y2FcdPboCzC3xtSTJvN7S invoke [2]
[2025-11-05T06:35:23.329036000Z DEBUG solana_runtime::message_processor::stable_log] Program ASmKWt93JEMHxbdE6j7znD9y2FcdPboCzC3xtSTJvN7S consumed 2069 of 156500 compute units
[2025-11-05T06:35:23.329045000Z DEBUG solana_runtime::message_processor::stable_log] Program ASmKWt93JEMHxbdE6j7znD9y2FcdPboCzC3xtSTJvN7S success
[2025-11-05T06:35:23.329103000Z DEBUG solana_runtime::message_processor::stable_log] Program ASmKWt93JEMHxbdE6j7znD9y2FcdPboCzC3xtSTJvN7S invoke [2]
[2025-11-05T06:35:23.329134000Z DEBUG solana_runtime::message_processor::stable_log] Program ASmKWt93JEMHxbdE6j7znD9y2FcdPboCzC3xtSTJvN7S consumed 2069 of 150802 compute units
[2025-11-05T06:35:23.329149000Z DEBUG solana_runtime::message_processor::stable_log] Program ASmKWt93JEMHxbdE6j7znD9y2FcdPboCzC3xtSTJvN7S success
[2025-11-05T06:35:23.329169000Z DEBUG solana_runtime::message_processor::stable_log] Program ASmKWt93JEMHxbdE6j7znD9y2FcdPboCzC3xtSTJvN7S consumed 51801 of 200000 compute units
[2025-11-05T06:35:23.329179000Z DEBUG solana_runtime::message_processor::stable_log] Program ASmKWt93JEMHxbdE6j7znD9y2FcdPboCzC3xtSTJvN7S success
[2025-11-05T06:35:23.350296000Z DEBUG solana_runtime::message_processor::stable_log] Program ComputeBudget111111111111111111111111111111 invoke [1]
[2025-11-05T06:35:23.350311000Z DEBUG solana_runtime::message_processor::stable_log] Program ComputeBudget111111111111111111111111111111 success
[2025-11-05T06:35:23.350321000Z DEBUG solana_runtime::message_processor::stable_log] Program 5B57SJ3g2YoNXUpsZqqjEQkRSxyKtVTQRXdgAirz6bio invoke [1]
[2025-11-05T06:35:23.350515000Z DEBUG solana_runtime::message_processor::stable_log] Program log: Instruction: CrankDistribution
[2025-11-05T06:35:23.351124000Z DEBUG solana_runtime::message_processor::stable_log] Program log: === DEBUG: Before claiming fees ===
[2025-11-05T06:35:23.351149000Z DEBUG solana_runtime::message_processor::stable_log] Program log: Pool collect_fee_mode: 1
[2025-11-05T06:35:23.351327000Z DEBUG solana_runtime::message_processor::stable_log] Program log: Pool token_a_mint: HQ7uRjQX13ecs79jSC62aBQ9BwZcPr81TPdceHRbWJkS
[2025-11-05T06:35:23.351569000Z DEBUG solana_runtime::message_processor::stable_log] Program log: Pool token_b_mint: Cpb7YpboyYAVZurNsrCQ5HdxaiGNjzZq4KmjEfzCc24B
[2025-11-05T06:35:23.351708000Z DEBUG solana_runtime::message_processor::stable_log] Program log: Quote mint: Cpb7YpboyYAVZurNsrCQ5HdxaiGNjzZq4KmjEfzCc24B
[2025-11-05T06:35:23.352007000Z DEBUG solana_runtime::message_processor::stable_log] Program log: Base mint: HQ7uRjQX13ecs79jSC62aBQ9BwZcPr81TPdceHRbWJkS
[2025-11-05T06:35:23.352031000Z DEBUG solana_runtime::message_processor::stable_log] Program log: Position unlocked_liquidity: 1844674407370955161600
[2025-11-05T06:35:23.352040000Z DEBUG solana_runtime::message_processor::stable_log] Program log: Position vested_liquidity: 0
[2025-11-05T06:35:23.352049000Z DEBUG solana_runtime::message_processor::stable_log] Program log: Position permanent_locked_liquidity: 0
[2025-11-05T06:35:23.352056000Z DEBUG solana_runtime::message_processor::stable_log] Program log: Position fee_a_pending: 0
[2025-11-05T06:35:23.352061000Z DEBUG solana_runtime::message_processor::stable_log] Program log: Position fee_b_pending: 0
[2025-11-05T06:35:23.352068000Z DEBUG solana_runtime::message_processor::stable_log] Program log: Position fee_a_checkpoint (first 8 bytes): 0
[2025-11-05T06:35:23.352074000Z DEBUG solana_runtime::message_processor::stable_log] Program log: Position fee_b_checkpoint (first 8 bytes): 0
[2025-11-05T06:35:23.352081000Z DEBUG solana_runtime::message_processor::stable_log] Program log: Pool fee_a_per_liquidity (first 8 bytes): 0
[2025-11-05T06:35:23.352087000Z DEBUG solana_runtime::message_processor::stable_log] Program log: Pool fee_b_per_liquidity (first 8 bytes): 0
[2025-11-05T06:35:23.352101000Z DEBUG solana_runtime::message_processor::stable_log] Program log: Pool liquidity: 3689348814741910323200
[2025-11-05T06:35:23.352110000Z DEBUG solana_runtime::message_processor::stable_log] Program log: Treasury quote balance before: 99999999999999999
[2025-11-05T06:35:23.352118000Z DEBUG solana_runtime::message_processor::stable_log] Program log: Treasury base balance before: 99999785255671124
[2025-11-05T06:35:23.352120000Z DEBUG solana_runtime::message_processor::stable_log] Program log: Claiming position fees from CP-AMM
[2025-11-05T06:35:23.352254000Z DEBUG solana_runtime::message_processor::stable_log] Program ASmKWt93JEMHxbdE6j7znD9y2FcdPboCzC3xtSTJvN7S invoke [2]
[2025-11-05T06:35:23.352390000Z DEBUG solana_runtime::message_processor::stable_log] Program log: Instruction: ClaimPositionFee
[2025-11-05T06:35:23.352730000Z DEBUG solana_runtime::message_processor::stable_log] Program TokenkegQfeZyiNwAJbNbGKPFXCWuBvf9Ss623VQ5DA invoke [3]
[2025-11-05T06:35:23.352783000Z DEBUG solana_runtime::message_processor::stable_log] Program log: Instruction: TransferChecked
[2025-11-05T06:35:23.352873000Z DEBUG solana_runtime::message_processor::stable_log] Program TokenkegQfeZyiNwAJbNbGKPFXCWuBvf9Ss623VQ5DA consumed 6174 of 278740 compute units
[2025-11-05T06:35:23.352885000Z DEBUG solana_runtime::message_processor::stable_log] Program TokenkegQfeZyiNwAJbNbGKPFXCWuBvf9Ss623VQ5DA success
[2025-11-05T06:35:23.352949000Z DEBUG solana_runtime::message_processor::stable_log] Program ASmKWt93JEMHxbdE6j7znD9y2FcdPboCzC3xtSTJvN7S invoke [3]
[2025-11-05T06:35:23.352997000Z DEBUG solana_runtime::message_processor::stable_log] Program ASmKWt93JEMHxbdE6j7znD9y2FcdPboCzC3xtSTJvN7S consumed 2069 of 269826 compute units
[2025-11-05T06:35:23.353009000Z DEBUG solana_runtime::message_processor::stable_log] Program ASmKWt93JEMHxbdE6j7znD9y2FcdPboCzC3xtSTJvN7S success
[2025-11-05T06:35:23.353031000Z DEBUG solana_runtime::message_processor::stable_log] Program ASmKWt93JEMHxbdE6j7znD9y2FcdPboCzC3xtSTJvN7S consumed 30035 of 297251 compute units
[2025-11-05T06:35:23.353043000Z DEBUG solana_runtime::message_processor::stable_log] Program ASmKWt93JEMHxbdE6j7znD9y2FcdPboCzC3xtSTJvN7S success
[2025-11-05T06:35:23.353093000Z DEBUG solana_runtime::message_processor::stable_log] Program log: === DEBUG: After claiming fees ===
[2025-11-05T06:35:23.353110000Z DEBUG solana_runtime::message_processor::stable_log] Program log: Treasury quote balance after: 100000000000049999
[2025-11-05T06:35:23.353119000Z DEBUG solana_runtime::message_processor::stable_log] Program log: Treasury base balance after: 99999785255671124
[2025-11-05T06:35:23.353128000Z DEBUG solana_runtime::message_processor::stable_log] Program log: Quote tokens claimed: 50000
[2025-11-05T06:35:23.353141000Z DEBUG solana_runtime::message_processor::stable_log] Program data: fzkUsNcjWljZm4Q+V9U3h+fR3KaTcB+G2DcOg+6CZ/+4JRi2hW0AdlDDAAAAAAAAK/AKaQAAAAA=
[2025-11-05T06:35:23.353360000Z DEBUG solana_runtime::message_processor::stable_log] Program TokenkegQfeZyiNwAJbNbGKPFXCWuBvf9Ss623VQ5DA invoke [2]
[2025-11-05T06:35:23.353401000Z DEBUG solana_runtime::message_processor::stable_log] Program log: Instruction: TransferChecked
[2025-11-05T06:35:23.353485000Z DEBUG solana_runtime::message_processor::stable_log] Program TokenkegQfeZyiNwAJbNbGKPFXCWuBvf9Ss623VQ5DA consumed 6174 of 252511 compute units
[2025-11-05T06:35:23.353494000Z DEBUG solana_runtime::message_processor::stable_log] Program TokenkegQfeZyiNwAJbNbGKPFXCWuBvf9Ss623VQ5DA success
[2025-11-05T06:35:23.353560000Z DEBUG solana_runtime::message_processor::stable_log] Program TokenkegQfeZyiNwAJbNbGKPFXCWuBvf9Ss623VQ5DA invoke [2]
[2025-11-05T06:35:23.353594000Z DEBUG solana_runtime::message_processor::stable_log] Program log: Instruction: TransferChecked
[2025-11-05T06:35:23.353669000Z DEBUG solana_runtime::message_processor::stable_log] Program TokenkegQfeZyiNwAJbNbGKPFXCWuBvf9Ss623VQ5DA consumed 6174 of 242950 compute units
[2025-11-05T06:35:23.353678000Z DEBUG solana_runtime::message_processor::stable_log] Program TokenkegQfeZyiNwAJbNbGKPFXCWuBvf9Ss623VQ5DA success
[2025-11-05T06:35:23.353698000Z DEBUG solana_runtime::message_processor::stable_log] Program data: KjXqZeHwy3nZm4Q+V9U3h+fR3KaTcB+G2DcOg+6CZ/+4JRi2hW0AdgAAAAACAAAAAgAAACBOAAAAAAAAAAAAAAAAAAAr8AppAAAAAA==
[2025-11-05T06:35:23.353737000Z DEBUG solana_runtime::message_processor::stable_log] Program 5B57SJ3g2YoNXUpsZqqjEQkRSxyKtVTQRXdgAirz6bio consumed 165539 of 399850 compute units
[2025-11-05T06:35:23.353749000Z DEBUG solana_runtime::message_processor::stable_log] Program 5B57SJ3g2YoNXUpsZqqjEQkRSxyKtVTQRXdgAirz6bio success
[2025-11-05T06:35:23.371948000Z DEBUG solana_runtime::message_processor::stable_log] Program ComputeBudget111111111111111111111111111111 invoke [1]
[2025-11-05T06:35:23.371965000Z DEBUG solana_runtime::message_processor::stable_log] Program ComputeBudget111111111111111111111111111111 success
[2025-11-05T06:35:23.371975000Z DEBUG solana_runtime::message_processor::stable_log] Program 5B57SJ3g2YoNXUpsZqqjEQkRSxyKtVTQRXdgAirz6bio invoke [1]
[2025-11-05T06:35:23.372119000Z DEBUG solana_runtime::message_processor::stable_log] Program log: Instruction: CrankDistribution
[2025-11-05T06:35:23.372483000Z DEBUG solana_runtime::message_processor::stable_log] Program 5B57SJ3g2YoNXUpsZqqjEQkRSxyKtVTQRXdgAirz6bio consumed 31195 of 399850 compute units
[2025-11-05T06:35:23.372495000Z DEBUG solana_runtime::message_processor::stable_log] Program 5B57SJ3g2YoNXUpsZqqjEQkRSxyKtVTQRXdgAirz6bio success
      ✔ Should prevent double-payment when re-running same page (145ms)
[2025-11-05T06:35:23.376694000Z INFO  solana_program_test] "cp_amm" SBF program from ./target/deploy/cp_amm.so, modified 24 minutes, 30 seconds, 724 ms, 10 µs and 203 ns ago
[2025-11-05T06:35:23.376876000Z INFO  solana_program_test] "fee_router" SBF program from ./target/deploy/fee_router.so, modified 33 seconds, 461 ms, 135 µs and 331 ns ago
[2025-11-05T06:35:23.377014000Z INFO  solana_program_test] "transfer_hook_counter" SBF program from tests/fixtures/transfer_hook_counter.so, modified 3 weeks, 22 hours, 58 minutes, 58 seconds, 202 ms, 613 µs and 196 ns ago
[2025-11-05T06:35:23.377285000Z INFO  solana_program_test] "alpha_vault" SBF program from tests/fixtures/alpha_vault.so, modified 3 weeks, 22 hours, 58 minutes, 58 seconds, 203 ms, 571 µs and 72 ns ago
[2025-11-05T06:35:23.377557000Z INFO  solana_program_test] "streamflow" SBF program from tests/fixtures/streamflow.so, modified 3 weeks, 6 hours, 59 minutes, 8 seconds, 88 ms, 472 µs and 387 ns ago
[2025-11-05T06:35:23.377906000Z INFO  solana_program_test] "cp_amm" SBF program from ./target/deploy/cp_amm.so, modified 24 minutes, 30 seconds, 725 ms, 221 µs and 203 ns ago
[2025-11-05T06:35:23.378067000Z INFO  solana_program_test] "fee_router" SBF program from ./target/deploy/fee_router.so, modified 33 seconds, 462 ms, 327 µs and 331 ns ago
[2025-11-05T06:35:23.400391000Z INFO  solana_program_test] Overriding account at ASmKWt93JEMHxbdE6j7znD9y2FcdPboCzC3xtSTJvN7S
[2025-11-05T06:35:23.400406000Z INFO  solana_program_test] Overriding account at 5B57SJ3g2YoNXUpsZqqjEQkRSxyKtVTQRXdgAirz6bio
[2025-11-05T06:35:23.411882000Z DEBUG solana_runtime::message_processor::stable_log] Program 11111111111111111111111111111111 invoke [1]
[2025-11-05T06:35:23.411895000Z DEBUG solana_runtime::message_processor::stable_log] Program 11111111111111111111111111111111 success
[2025-11-05T06:35:23.415951000Z DEBUG solana_runtime::message_processor::stable_log] Program 11111111111111111111111111111111 invoke [1]
[2025-11-05T06:35:23.415961000Z DEBUG solana_runtime::message_processor::stable_log] Program 11111111111111111111111111111111 success
[2025-11-05T06:35:23.420550000Z DEBUG solana_runtime::message_processor::stable_log] Program 11111111111111111111111111111111 invoke [1]
[2025-11-05T06:35:23.420565000Z DEBUG solana_runtime::message_processor::stable_log] Program 11111111111111111111111111111111 success
[2025-11-05T06:35:23.424761000Z DEBUG solana_runtime::message_processor::stable_log] Program 11111111111111111111111111111111 invoke [1]
[2025-11-05T06:35:23.424775000Z DEBUG solana_runtime::message_processor::stable_log] Program 11111111111111111111111111111111 success
[2025-11-05T06:35:23.433194000Z DEBUG solana_runtime::message_processor::stable_log] Program 11111111111111111111111111111111 invoke [1]
[2025-11-05T06:35:23.433211000Z DEBUG solana_runtime::message_processor::stable_log] Program 11111111111111111111111111111111 success
[2025-11-05T06:35:23.433217000Z DEBUG solana_runtime::message_processor::stable_log] Program TokenkegQfeZyiNwAJbNbGKPFXCWuBvf9Ss623VQ5DA invoke [1]
[2025-11-05T06:35:23.433266000Z DEBUG solana_runtime::message_processor::stable_log] Program log: Instruction: InitializeMint2
[2025-11-05T06:35:23.433307000Z DEBUG solana_runtime::message_processor::stable_log] Program TokenkegQfeZyiNwAJbNbGKPFXCWuBvf9Ss623VQ5DA consumed 2779 of 399850 compute units
[2025-11-05T06:35:23.433319000Z DEBUG solana_runtime::message_processor::stable_log] Program TokenkegQfeZyiNwAJbNbGKPFXCWuBvf9Ss623VQ5DA success
[2025-11-05T06:35:23.441088000Z DEBUG solana_runtime::message_processor::stable_log] Program 11111111111111111111111111111111 invoke [1]
[2025-11-05T06:35:23.441105000Z DEBUG solana_runtime::message_processor::stable_log] Program 11111111111111111111111111111111 success
[2025-11-05T06:35:23.441115000Z DEBUG solana_runtime::message_processor::stable_log] Program TokenkegQfeZyiNwAJbNbGKPFXCWuBvf9Ss623VQ5DA invoke [1]
[2025-11-05T06:35:23.441161000Z DEBUG solana_runtime::message_processor::stable_log] Program log: Instruction: InitializeMint2
[2025-11-05T06:35:23.441199000Z DEBUG solana_runtime::message_processor::stable_log] Program TokenkegQfeZyiNwAJbNbGKPFXCWuBvf9Ss623VQ5DA consumed 2779 of 399850 compute units
[2025-11-05T06:35:23.441210000Z DEBUG solana_runtime::message_processor::stable_log] Program TokenkegQfeZyiNwAJbNbGKPFXCWuBvf9Ss623VQ5DA success
[2025-11-05T06:35:23.447433000Z DEBUG solana_runtime::message_processor::stable_log] Program ATokenGPvbdGVxr1b2hvZbsiqW5xWH25efTNsLJA8knL invoke [1]
[2025-11-05T06:35:23.447510000Z DEBUG solana_runtime::message_processor::stable_log] Program log: Create
[2025-11-05T06:35:23.447564000Z DEBUG solana_runtime::message_processor::stable_log] Program TokenkegQfeZyiNwAJbNbGKPFXCWuBvf9Ss623VQ5DA invoke [2]
[2025-11-05T06:35:23.447629000Z DEBUG solana_runtime::message_processor::stable_log] Program log: Instruction: GetAccountDataSize
[2025-11-05T06:35:23.447654000Z DEBUG solana_runtime::message_processor::stable_log] Program TokenkegQfeZyiNwAJbNbGKPFXCWuBvf9Ss623VQ5DA consumed 1595 of 194555 compute units
[2025-11-05T06:35:23.447663000Z DEBUG solana_runtime::message_processor::stable_log] Program return: TokenkegQfeZyiNwAJbNbGKPFXCWuBvf9Ss623VQ5DA pQAAAAAAAAA=
[2025-11-05T06:35:23.447672000Z DEBUG solana_runtime::message_processor::stable_log] Program TokenkegQfeZyiNwAJbNbGKPFXCWuBvf9Ss623VQ5DA success
[2025-11-05T06:35:23.447738000Z DEBUG solana_runtime::message_processor::stable_log] Program 11111111111111111111111111111111 invoke [2]
[2025-11-05T06:35:23.447750000Z DEBUG solana_runtime::message_processor::stable_log] Program 11111111111111111111111111111111 success
[2025-11-05T06:35:23.447759000Z DEBUG solana_runtime::message_processor::stable_log] Program log: Initialize the associated token account
[2025-11-05T06:35:23.447779000Z DEBUG solana_runtime::message_processor::stable_log] Program TokenkegQfeZyiNwAJbNbGKPFXCWuBvf9Ss623VQ5DA invoke [2]
[2025-11-05T06:35:23.447805000Z DEBUG solana_runtime::message_processor::stable_log] Program log: Instruction: InitializeImmutableOwner
[2025-11-05T06:35:23.447818000Z DEBUG solana_runtime::message_processor::stable_log] Program log: Please upgrade to SPL Token 2022 for immutable owner support
[2025-11-05T06:35:23.447821000Z DEBUG solana_runtime::message_processor::stable_log] Program TokenkegQfeZyiNwAJbNbGKPFXCWuBvf9Ss623VQ5DA consumed 1405 of 187942 compute units
[2025-11-05T06:35:23.447829000Z DEBUG solana_runtime::message_processor::stable_log] Program TokenkegQfeZyiNwAJbNbGKPFXCWuBvf9Ss623VQ5DA success
[2025-11-05T06:35:23.447867000Z DEBUG solana_runtime::message_processor::stable_log] Program TokenkegQfeZyiNwAJbNbGKPFXCWuBvf9Ss623VQ5DA invoke [2]
[2025-11-05T06:35:23.447915000Z DEBUG solana_runtime::message_processor::stable_log] Program log: Instruction: InitializeAccount3
[2025-11-05T06:35:23.447980000Z DEBUG solana_runtime::message_processor::stable_log] Program TokenkegQfeZyiNwAJbNbGKPFXCWuBvf9Ss623VQ5DA consumed 4214 of 184058 compute units
[2025-11-05T06:35:23.447990000Z DEBUG solana_runtime::message_processor::stable_log] Program TokenkegQfeZyiNwAJbNbGKPFXCWuBvf9Ss623VQ5DA success
[2025-11-05T06:35:23.448044000Z DEBUG solana_runtime::message_processor::stable_log] Program ATokenGPvbdGVxr1b2hvZbsiqW5xWH25efTNsLJA8knL consumed 20460 of 200000 compute units
[2025-11-05T06:35:23.448060000Z DEBUG solana_runtime::message_processor::stable_log] Program ATokenGPvbdGVxr1b2hvZbsiqW5xWH25efTNsLJA8knL success
[2025-11-05T06:35:23.451927000Z DEBUG solana_runtime::message_processor::stable_log] Program TokenkegQfeZyiNwAJbNbGKPFXCWuBvf9Ss623VQ5DA invoke [1]
[2025-11-05T06:35:23.451986000Z DEBUG solana_runtime::message_processor::stable_log] Program log: Instruction: MintTo
[2025-11-05T06:35:23.452050000Z DEBUG solana_runtime::message_processor::stable_log] Program TokenkegQfeZyiNwAJbNbGKPFXCWuBvf9Ss623VQ5DA consumed 4491 of 200000 compute units
[2025-11-05T06:35:23.452061000Z DEBUG solana_runtime::message_processor::stable_log] Program TokenkegQfeZyiNwAJbNbGKPFXCWuBvf9Ss623VQ5DA success
[2025-11-05T06:35:23.457252000Z DEBUG solana_runtime::message_processor::stable_log] Program ATokenGPvbdGVxr1b2hvZbsiqW5xWH25efTNsLJA8knL invoke [1]
[2025-11-05T06:35:23.457320000Z DEBUG solana_runtime::message_processor::stable_log] Program log: Create
[2025-11-05T06:35:23.457374000Z DEBUG solana_runtime::message_processor::stable_log] Program TokenkegQfeZyiNwAJbNbGKPFXCWuBvf9Ss623VQ5DA invoke [2]
[2025-11-05T06:35:23.457404000Z DEBUG solana_runtime::message_processor::stable_log] Program log: Instruction: GetAccountDataSize
[2025-11-05T06:35:23.457425000Z DEBUG solana_runtime::message_processor::stable_log] Program TokenkegQfeZyiNwAJbNbGKPFXCWuBvf9Ss623VQ5DA consumed 1595 of 194555 compute units
[2025-11-05T06:35:23.457433000Z DEBUG solana_runtime::message_processor::stable_log] Program return: TokenkegQfeZyiNwAJbNbGKPFXCWuBvf9Ss623VQ5DA pQAAAAAAAAA=
[2025-11-05T06:35:23.457442000Z DEBUG solana_runtime::message_processor::stable_log] Program TokenkegQfeZyiNwAJbNbGKPFXCWuBvf9Ss623VQ5DA success
[2025-11-05T06:35:23.457595000Z DEBUG solana_runtime::message_processor::stable_log] Program 11111111111111111111111111111111 invoke [2]
[2025-11-05T06:35:23.457609000Z DEBUG solana_runtime::message_processor::stable_log] Program 11111111111111111111111111111111 success
[2025-11-05T06:35:23.457615000Z DEBUG solana_runtime::message_processor::stable_log] Program log: Initialize the associated token account
[2025-11-05T06:35:23.457635000Z DEBUG solana_runtime::message_processor::stable_log] Program TokenkegQfeZyiNwAJbNbGKPFXCWuBvf9Ss623VQ5DA invoke [2]
[2025-11-05T06:35:23.457656000Z DEBUG solana_runtime::message_processor::stable_log] Program log: Instruction: InitializeImmutableOwner
[2025-11-05T06:35:23.457668000Z DEBUG solana_runtime::message_processor::stable_log] Program log: Please upgrade to SPL Token 2022 for immutable owner support
[2025-11-05T06:35:23.457671000Z DEBUG solana_runtime::message_processor::stable_log] Program TokenkegQfeZyiNwAJbNbGKPFXCWuBvf9Ss623VQ5DA consumed 1405 of 187942 compute units
[2025-11-05T06:35:23.457679000Z DEBUG solana_runtime::message_processor::stable_log] Program TokenkegQfeZyiNwAJbNbGKPFXCWuBvf9Ss623VQ5DA success
[2025-11-05T06:35:23.457717000Z DEBUG solana_runtime::message_processor::stable_log] Program TokenkegQfeZyiNwAJbNbGKPFXCWuBvf9Ss623VQ5DA invoke [2]
[2025-11-05T06:35:23.457744000Z DEBUG solana_runtime::message_processor::stable_log] Program log: Instruction: InitializeAccount3
[2025-11-05T06:35:23.457804000Z DEBUG solana_runtime::message_processor::stable_log] Program TokenkegQfeZyiNwAJbNbGKPFXCWuBvf9Ss623VQ5DA consumed 4214 of 184058 compute units
[2025-11-05T06:35:23.457813000Z DEBUG solana_runtime::message_processor::stable_log] Program TokenkegQfeZyiNwAJbNbGKPFXCWuBvf9Ss623VQ5DA success
[2025-11-05T06:35:23.457827000Z DEBUG solana_runtime::message_processor::stable_log] Program ATokenGPvbdGVxr1b2hvZbsiqW5xWH25efTNsLJA8knL consumed 20460 of 200000 compute units
[2025-11-05T06:35:23.457837000Z DEBUG solana_runtime::message_processor::stable_log] Program ATokenGPvbdGVxr1b2hvZbsiqW5xWH25efTNsLJA8knL success
[2025-11-05T06:35:23.461543000Z DEBUG solana_runtime::message_processor::stable_log] Program TokenkegQfeZyiNwAJbNbGKPFXCWuBvf9Ss623VQ5DA invoke [1]
[2025-11-05T06:35:23.461600000Z DEBUG solana_runtime::message_processor::stable_log] Program log: Instruction: MintTo
[2025-11-05T06:35:23.461671000Z DEBUG solana_runtime::message_processor::stable_log] Program TokenkegQfeZyiNwAJbNbGKPFXCWuBvf9Ss623VQ5DA consumed 4491 of 200000 compute units
[2025-11-05T06:35:23.461682000Z DEBUG solana_runtime::message_processor::stable_log] Program TokenkegQfeZyiNwAJbNbGKPFXCWuBvf9Ss623VQ5DA success
[2025-11-05T06:35:23.466934000Z DEBUG solana_runtime::message_processor::stable_log] Program ATokenGPvbdGVxr1b2hvZbsiqW5xWH25efTNsLJA8knL invoke [1]
[2025-11-05T06:35:23.467014000Z DEBUG solana_runtime::message_processor::stable_log] Program log: Create
[2025-11-05T06:35:23.467073000Z DEBUG solana_runtime::message_processor::stable_log] Program TokenkegQfeZyiNwAJbNbGKPFXCWuBvf9Ss623VQ5DA invoke [2]
[2025-11-05T06:35:23.467101000Z DEBUG solana_runtime::message_processor::stable_log] Program log: Instruction: GetAccountDataSize
[2025-11-05T06:35:23.467119000Z DEBUG solana_runtime::message_processor::stable_log] Program TokenkegQfeZyiNwAJbNbGKPFXCWuBvf9Ss623VQ5DA consumed 1595 of 194555 compute units
[2025-11-05T06:35:23.467128000Z DEBUG solana_runtime::message_processor::stable_log] Program return: TokenkegQfeZyiNwAJbNbGKPFXCWuBvf9Ss623VQ5DA pQAAAAAAAAA=
[2025-11-05T06:35:23.467136000Z DEBUG solana_runtime::message_processor::stable_log] Program TokenkegQfeZyiNwAJbNbGKPFXCWuBvf9Ss623VQ5DA success
[2025-11-05T06:35:23.467197000Z DEBUG solana_runtime::message_processor::stable_log] Program 11111111111111111111111111111111 invoke [2]
[2025-11-05T06:35:23.467206000Z DEBUG solana_runtime::message_processor::stable_log] Program 11111111111111111111111111111111 success
[2025-11-05T06:35:23.467212000Z DEBUG solana_runtime::message_processor::stable_log] Program log: Initialize the associated token account
[2025-11-05T06:35:23.467232000Z DEBUG solana_runtime::message_processor::stable_log] Program TokenkegQfeZyiNwAJbNbGKPFXCWuBvf9Ss623VQ5DA invoke [2]
[2025-11-05T06:35:23.467254000Z DEBUG solana_runtime::message_processor::stable_log] Program log: Instruction: InitializeImmutableOwner
[2025-11-05T06:35:23.467266000Z DEBUG solana_runtime::message_processor::stable_log] Program log: Please upgrade to SPL Token 2022 for immutable owner support
[2025-11-05T06:35:23.467270000Z DEBUG solana_runtime::message_processor::stable_log] Program TokenkegQfeZyiNwAJbNbGKPFXCWuBvf9Ss623VQ5DA consumed 1405 of 187942 compute units
[2025-11-05T06:35:23.467287000Z DEBUG solana_runtime::message_processor::stable_log] Program TokenkegQfeZyiNwAJbNbGKPFXCWuBvf9Ss623VQ5DA success
[2025-11-05T06:35:23.467327000Z DEBUG solana_runtime::message_processor::stable_log] Program TokenkegQfeZyiNwAJbNbGKPFXCWuBvf9Ss623VQ5DA invoke [2]
[2025-11-05T06:35:23.467355000Z DEBUG solana_runtime::message_processor::stable_log] Program log: Instruction: InitializeAccount3
[2025-11-05T06:35:23.467414000Z DEBUG solana_runtime::message_processor::stable_log] Program TokenkegQfeZyiNwAJbNbGKPFXCWuBvf9Ss623VQ5DA consumed 4214 of 184058 compute units
[2025-11-05T06:35:23.467424000Z DEBUG solana_runtime::message_processor::stable_log] Program TokenkegQfeZyiNwAJbNbGKPFXCWuBvf9Ss623VQ5DA success
[2025-11-05T06:35:23.467438000Z DEBUG solana_runtime::message_processor::stable_log] Program ATokenGPvbdGVxr1b2hvZbsiqW5xWH25efTNsLJA8knL consumed 20460 of 200000 compute units
[2025-11-05T06:35:23.467447000Z DEBUG solana_runtime::message_processor::stable_log] Program ATokenGPvbdGVxr1b2hvZbsiqW5xWH25efTNsLJA8knL success
[2025-11-05T06:35:23.471396000Z DEBUG solana_runtime::message_processor::stable_log] Program TokenkegQfeZyiNwAJbNbGKPFXCWuBvf9Ss623VQ5DA invoke [1]
[2025-11-05T06:35:23.471496000Z DEBUG solana_runtime::message_processor::stable_log] Program log: Instruction: MintTo
[2025-11-05T06:35:23.471573000Z DEBUG solana_runtime::message_processor::stable_log] Program TokenkegQfeZyiNwAJbNbGKPFXCWuBvf9Ss623VQ5DA consumed 4491 of 200000 compute units
[2025-11-05T06:35:23.471583000Z DEBUG solana_runtime::message_processor::stable_log] Program TokenkegQfeZyiNwAJbNbGKPFXCWuBvf9Ss623VQ5DA success
[2025-11-05T06:35:23.477079000Z DEBUG solana_runtime::message_processor::stable_log] Program ATokenGPvbdGVxr1b2hvZbsiqW5xWH25efTNsLJA8knL invoke [1]
[2025-11-05T06:35:23.477156000Z DEBUG solana_runtime::message_processor::stable_log] Program log: Create
[2025-11-05T06:35:23.477219000Z DEBUG solana_runtime::message_processor::stable_log] Program TokenkegQfeZyiNwAJbNbGKPFXCWuBvf9Ss623VQ5DA invoke [2]
[2025-11-05T06:35:23.477250000Z DEBUG solana_runtime::message_processor::stable_log] Program log: Instruction: GetAccountDataSize
[2025-11-05T06:35:23.477269000Z DEBUG solana_runtime::message_processor::stable_log] Program TokenkegQfeZyiNwAJbNbGKPFXCWuBvf9Ss623VQ5DA consumed 1595 of 193055 compute units
[2025-11-05T06:35:23.477279000Z DEBUG solana_runtime::message_processor::stable_log] Program return: TokenkegQfeZyiNwAJbNbGKPFXCWuBvf9Ss623VQ5DA pQAAAAAAAAA=
[2025-11-05T06:35:23.477288000Z DEBUG solana_runtime::message_processor::stable_log] Program TokenkegQfeZyiNwAJbNbGKPFXCWuBvf9Ss623VQ5DA success
[2025-11-05T06:35:23.477358000Z DEBUG solana_runtime::message_processor::stable_log] Program 11111111111111111111111111111111 invoke [2]
[2025-11-05T06:35:23.477367000Z DEBUG solana_runtime::message_processor::stable_log] Program 11111111111111111111111111111111 success
[2025-11-05T06:35:23.477373000Z DEBUG solana_runtime::message_processor::stable_log] Program log: Initialize the associated token account
[2025-11-05T06:35:23.477393000Z DEBUG solana_runtime::message_processor::stable_log] Program TokenkegQfeZyiNwAJbNbGKPFXCWuBvf9Ss623VQ5DA invoke [2]
[2025-11-05T06:35:23.477418000Z DEBUG solana_runtime::message_processor::stable_log] Program log: Instruction: InitializeImmutableOwner
[2025-11-05T06:35:23.477431000Z DEBUG solana_runtime::message_processor::stable_log] Program log: Please upgrade to SPL Token 2022 for immutable owner support
[2025-11-05T06:35:23.477435000Z DEBUG solana_runtime::message_processor::stable_log] Program TokenkegQfeZyiNwAJbNbGKPFXCWuBvf9Ss623VQ5DA consumed 1405 of 186442 compute units
[2025-11-05T06:35:23.477443000Z DEBUG solana_runtime::message_processor::stable_log] Program TokenkegQfeZyiNwAJbNbGKPFXCWuBvf9Ss623VQ5DA success
[2025-11-05T06:35:23.477481000Z DEBUG solana_runtime::message_processor::stable_log] Program TokenkegQfeZyiNwAJbNbGKPFXCWuBvf9Ss623VQ5DA invoke [2]
[2025-11-05T06:35:23.477508000Z DEBUG solana_runtime::message_processor::stable_log] Program log: Instruction: InitializeAccount3
[2025-11-05T06:35:23.477568000Z DEBUG solana_runtime::message_processor::stable_log] Program TokenkegQfeZyiNwAJbNbGKPFXCWuBvf9Ss623VQ5DA consumed 4214 of 182558 compute units
[2025-11-05T06:35:23.477577000Z DEBUG solana_runtime::message_processor::stable_log] Program TokenkegQfeZyiNwAJbNbGKPFXCWuBvf9Ss623VQ5DA success
[2025-11-05T06:35:23.477591000Z DEBUG solana_runtime::message_processor::stable_log] Program ATokenGPvbdGVxr1b2hvZbsiqW5xWH25efTNsLJA8knL consumed 21960 of 200000 compute units
[2025-11-05T06:35:23.477601000Z DEBUG solana_runtime::message_processor::stable_log] Program ATokenGPvbdGVxr1b2hvZbsiqW5xWH25efTNsLJA8knL success
[2025-11-05T06:35:23.481134000Z DEBUG solana_runtime::message_processor::stable_log] Program TokenkegQfeZyiNwAJbNbGKPFXCWuBvf9Ss623VQ5DA invoke [1]
[2025-11-05T06:35:23.481178000Z DEBUG solana_runtime::message_processor::stable_log] Program log: Instruction: MintTo
[2025-11-05T06:35:23.481242000Z DEBUG solana_runtime::message_processor::stable_log] Program TokenkegQfeZyiNwAJbNbGKPFXCWuBvf9Ss623VQ5DA consumed 4491 of 200000 compute units
[2025-11-05T06:35:23.481253000Z DEBUG solana_runtime::message_processor::stable_log] Program TokenkegQfeZyiNwAJbNbGKPFXCWuBvf9Ss623VQ5DA success
[2025-11-05T06:35:23.495698000Z DEBUG solana_runtime::message_processor::stable_log] Program ASmKWt93JEMHxbdE6j7znD9y2FcdPboCzC3xtSTJvN7S invoke [1]
[2025-11-05T06:35:23.495786000Z DEBUG solana_runtime::message_processor::stable_log] Program log: Instruction: CreateConfig
[2025-11-05T06:35:23.495892000Z DEBUG solana_runtime::message_processor::stable_log] Program 11111111111111111111111111111111 invoke [2]
[2025-11-05T06:35:23.495902000Z DEBUG solana_runtime::message_processor::stable_log] Program 11111111111111111111111111111111 success
[2025-11-05T06:35:23.496010000Z DEBUG solana_runtime::message_processor::stable_log] Program ASmKWt93JEMHxbdE6j7znD9y2FcdPboCzC3xtSTJvN7S invoke [2]
[2025-11-05T06:35:23.496053000Z DEBUG solana_runtime::message_processor::stable_log] Program ASmKWt93JEMHxbdE6j7znD9y2FcdPboCzC3xtSTJvN7S consumed 2069 of 186095 compute units
[2025-11-05T06:35:23.496063000Z DEBUG solana_runtime::message_processor::stable_log] Program ASmKWt93JEMHxbdE6j7znD9y2FcdPboCzC3xtSTJvN7S success
[2025-11-05T06:35:23.496080000Z DEBUG solana_runtime::message_processor::stable_log] Program ASmKWt93JEMHxbdE6j7znD9y2FcdPboCzC3xtSTJvN7S consumed 16279 of 200000 compute units
[2025-11-05T06:35:23.496091000Z DEBUG solana_runtime::message_processor::stable_log] Program ASmKWt93JEMHxbdE6j7znD9y2FcdPboCzC3xtSTJvN7S success
[2025-11-05T06:35:23.524299000Z DEBUG solana_runtime::message_processor::stable_log] Program ASmKWt93JEMHxbdE6j7znD9y2FcdPboCzC3xtSTJvN7S invoke [1]
[2025-11-05T06:35:23.524433000Z DEBUG solana_runtime::message_processor::stable_log] Program log: Instruction: InitializePool
[2025-11-05T06:35:23.524586000Z DEBUG solana_runtime::message_processor::stable_log] Program 11111111111111111111111111111111 invoke [2]
[2025-11-05T06:35:23.524595000Z DEBUG solana_runtime::message_processor::stable_log] Program 11111111111111111111111111111111 success
[2025-11-05T06:35:23.524631000Z DEBUG solana_runtime::message_processor::stable_log] Program TokenzQdBNbLqP5VEhdkAS6EPFLC1PHnBqCXEpPxuEb invoke [2]
[2025-11-05T06:35:23.524664000Z DEBUG solana_runtime::message_processor::stable_log] Program log: MetadataPointerInstruction::Initialize
[2025-11-05T06:35:23.524700000Z DEBUG solana_runtime::message_processor::stable_log] Program TokenzQdBNbLqP5VEhdkAS6EPFLC1PHnBqCXEpPxuEb consumed 2442 of 334963 compute units
[2025-11-05T06:35:23.524710000Z DEBUG solana_runtime::message_processor::stable_log] Program TokenzQdBNbLqP5VEhdkAS6EPFLC1PHnBqCXEpPxuEb success
[2025-11-05T06:35:23.524742000Z DEBUG solana_runtime::message_processor::stable_log] Program TokenzQdBNbLqP5VEhdkAS6EPFLC1PHnBqCXEpPxuEb invoke [2]
[2025-11-05T06:35:23.524765000Z DEBUG solana_runtime::message_processor::stable_log] Program log: Instruction: InitializeMintCloseAuthority
[2025-11-05T06:35:23.524799000Z DEBUG solana_runtime::message_processor::stable_log] Program TokenzQdBNbLqP5VEhdkAS6EPFLC1PHnBqCXEpPxuEb consumed 2570 of 330543 compute units
[2025-11-05T06:35:23.524807000Z DEBUG solana_runtime::message_processor::stable_log] Program TokenzQdBNbLqP5VEhdkAS6EPFLC1PHnBqCXEpPxuEb success
[2025-11-05T06:35:23.524839000Z DEBUG solana_runtime::message_processor::stable_log] Program TokenzQdBNbLqP5VEhdkAS6EPFLC1PHnBqCXEpPxuEb invoke [2]
[2025-11-05T06:35:23.524863000Z DEBUG solana_runtime::message_processor::stable_log] Program log: Instruction: InitializeMint2
[2025-11-05T06:35:23.524925000Z DEBUG solana_runtime::message_processor::stable_log] Program TokenzQdBNbLqP5VEhdkAS6EPFLC1PHnBqCXEpPxuEb consumed 4078 of 326031 compute units
[2025-11-05T06:35:23.524934000Z DEBUG solana_runtime::message_processor::stable_log] Program TokenzQdBNbLqP5VEhdkAS6EPFLC1PHnBqCXEpPxuEb success
[2025-11-05T06:35:23.525070000Z DEBUG solana_runtime::message_processor::stable_log] Program 11111111111111111111111111111111 invoke [2]
[2025-11-05T06:35:23.525074000Z DEBUG solana_runtime::message_processor::stable_log] Program 11111111111111111111111111111111 success
[2025-11-05T06:35:23.525126000Z DEBUG solana_runtime::message_processor::stable_log] Program TokenzQdBNbLqP5VEhdkAS6EPFLC1PHnBqCXEpPxuEb invoke [2]
[2025-11-05T06:35:23.525157000Z DEBUG solana_runtime::message_processor::stable_log] Program log: Instruction: InitializeAccount3
[2025-11-05T06:35:23.525247000Z DEBUG solana_runtime::message_processor::stable_log] Program TokenzQdBNbLqP5VEhdkAS6EPFLC1PHnBqCXEpPxuEb consumed 5137 of 310847 compute units
[2025-11-05T06:35:23.525277000Z DEBUG solana_runtime::message_processor::stable_log] Program TokenzQdBNbLqP5VEhdkAS6EPFLC1PHnBqCXEpPxuEb success
[2025-11-05T06:35:23.525403000Z DEBUG solana_runtime::message_processor::stable_log] Program 11111111111111111111111111111111 invoke [2]
[2025-11-05T06:35:23.525410000Z DEBUG solana_runtime::message_processor::stable_log] Program 11111111111111111111111111111111 success
[2025-11-05T06:35:23.525518000Z DEBUG solana_runtime::message_processor::stable_log] Program 11111111111111111111111111111111 invoke [2]
[2025-11-05T06:35:23.525523000Z DEBUG solana_runtime::message_processor::stable_log] Program 11111111111111111111111111111111 success
[2025-11-05T06:35:23.525597000Z DEBUG solana_runtime::message_processor::stable_log] Program 11111111111111111111111111111111 invoke [2]
[2025-11-05T06:35:23.525600000Z DEBUG solana_runtime::message_processor::stable_log] Program 11111111111111111111111111111111 success
[2025-11-05T06:35:23.525630000Z DEBUG solana_runtime::message_processor::stable_log] Program TokenkegQfeZyiNwAJbNbGKPFXCWuBvf9Ss623VQ5DA invoke [2]
[2025-11-05T06:35:23.525666000Z DEBUG solana_runtime::message_processor::stable_log] Program log: Instruction: InitializeAccount3
[2025-11-05T06:35:23.525730000Z DEBUG solana_runtime::message_processor::stable_log] Program TokenkegQfeZyiNwAJbNbGKPFXCWuBvf9Ss623VQ5DA consumed 4214 of 276744 compute units
[2025-11-05T06:35:23.525742000Z DEBUG solana_runtime::message_processor::stable_log] Program TokenkegQfeZyiNwAJbNbGKPFXCWuBvf9Ss623VQ5DA success
[2025-11-05T06:35:23.525850000Z DEBUG solana_runtime::message_processor::stable_log] Program 11111111111111111111111111111111 invoke [2]
[2025-11-05T06:35:23.525853000Z DEBUG solana_runtime::message_processor::stable_log] Program 11111111111111111111111111111111 success
[2025-11-05T06:35:23.525881000Z DEBUG solana_runtime::message_processor::stable_log] Program TokenkegQfeZyiNwAJbNbGKPFXCWuBvf9Ss623VQ5DA invoke [2]
[2025-11-05T06:35:23.525910000Z DEBUG solana_runtime::message_processor::stable_log] Program log: Instruction: InitializeAccount3
[2025-11-05T06:35:23.525965000Z DEBUG solana_runtime::message_processor::stable_log] Program TokenkegQfeZyiNwAJbNbGKPFXCWuBvf9Ss623VQ5DA consumed 4214 of 262105 compute units
[2025-11-05T06:35:23.525973000Z DEBUG solana_runtime::message_processor::stable_log] Program TokenkegQfeZyiNwAJbNbGKPFXCWuBvf9Ss623VQ5DA success
[2025-11-05T06:35:23.526206000Z DEBUG solana_runtime::message_processor::stable_log] Program TokenzQdBNbLqP5VEhdkAS6EPFLC1PHnBqCXEpPxuEb invoke [2]
[2025-11-05T06:35:23.526261000Z DEBUG solana_runtime::message_processor::stable_log] Program log: TokenMetadataInstruction: Initialize
[2025-11-05T06:35:23.526503000Z DEBUG solana_runtime::message_processor::stable_log] Program TokenzQdBNbLqP5VEhdkAS6EPFLC1PHnBqCXEpPxuEb consumed 9900 of 245603 compute units
[2025-11-05T06:35:23.526520000Z DEBUG solana_runtime::message_processor::stable_log] Program TokenzQdBNbLqP5VEhdkAS6EPFLC1PHnBqCXEpPxuEb success
[2025-11-05T06:35:23.526567000Z DEBUG solana_runtime::message_processor::stable_log] Program 11111111111111111111111111111111 invoke [2]
[2025-11-05T06:35:23.526572000Z DEBUG solana_runtime::message_processor::stable_log] Program 11111111111111111111111111111111 success
[2025-11-05T06:35:23.526615000Z DEBUG solana_runtime::message_processor::stable_log] Program TokenzQdBNbLqP5VEhdkAS6EPFLC1PHnBqCXEpPxuEb invoke [2]
[2025-11-05T06:35:23.526646000Z DEBUG solana_runtime::message_processor::stable_log] Program log: Instruction: MintTo
[2025-11-05T06:35:23.526727000Z DEBUG solana_runtime::message_processor::stable_log] Program TokenzQdBNbLqP5VEhdkAS6EPFLC1PHnBqCXEpPxuEb consumed 5540 of 230641 compute units
[2025-11-05T06:35:23.526737000Z DEBUG solana_runtime::message_processor::stable_log] Program TokenzQdBNbLqP5VEhdkAS6EPFLC1PHnBqCXEpPxuEb success
[2025-11-05T06:35:23.526791000Z DEBUG solana_runtime::message_processor::stable_log] Program ASmKWt93JEMHxbdE6j7znD9y2FcdPboCzC3xtSTJvN7S invoke [2]
[2025-11-05T06:35:23.526828000Z DEBUG solana_runtime::message_processor::stable_log] Program ASmKWt93JEMHxbdE6j7znD9y2FcdPboCzC3xtSTJvN7S consumed 2069 of 222036 compute units
[2025-11-05T06:35:23.526838000Z DEBUG solana_runtime::message_processor::stable_log] Program ASmKWt93JEMHxbdE6j7znD9y2FcdPboCzC3xtSTJvN7S success
[2025-11-05T06:35:23.526890000Z DEBUG solana_runtime::message_processor::stable_log] Program TokenkegQfeZyiNwAJbNbGKPFXCWuBvf9Ss623VQ5DA invoke [2]
[2025-11-05T06:35:23.526932000Z DEBUG solana_runtime::message_processor::stable_log] Program log: Instruction: TransferChecked
[2025-11-05T06:35:23.527012000Z DEBUG solana_runtime::message_processor::stable_log] Program TokenkegQfeZyiNwAJbNbGKPFXCWuBvf9Ss623VQ5DA consumed 6174 of 217423 compute units
[2025-11-05T06:35:23.527023000Z DEBUG solana_runtime::message_processor::stable_log] Program TokenkegQfeZyiNwAJbNbGKPFXCWuBvf9Ss623VQ5DA success
[2025-11-05T06:35:23.527066000Z DEBUG solana_runtime::message_processor::stable_log] Program TokenkegQfeZyiNwAJbNbGKPFXCWuBvf9Ss623VQ5DA invoke [2]
[2025-11-05T06:35:23.527098000Z DEBUG solana_runtime::message_processor::stable_log] Program log: Instruction: TransferChecked
[2025-11-05T06:35:23.527173000Z DEBUG solana_runtime::message_processor::stable_log] Program TokenkegQfeZyiNwAJbNbGKPFXCWuBvf9Ss623VQ5DA consumed 6174 of 208839 compute units
[2025-11-05T06:35:23.527181000Z DEBUG solana_runtime::message_processor::stable_log] Program TokenkegQfeZyiNwAJbNbGKPFXCWuBvf9Ss623VQ5DA success
[2025-11-05T06:35:23.527265000Z DEBUG solana_runtime::message_processor::stable_log] Program ASmKWt93JEMHxbdE6j7znD9y2FcdPboCzC3xtSTJvN7S invoke [2]
[2025-11-05T06:35:23.527301000Z DEBUG solana_runtime::message_processor::stable_log] Program ASmKWt93JEMHxbdE6j7znD9y2FcdPboCzC3xtSTJvN7S consumed 2069 of 197584 compute units
[2025-11-05T06:35:23.527309000Z DEBUG solana_runtime::message_processor::stable_log] Program ASmKWt93JEMHxbdE6j7znD9y2FcdPboCzC3xtSTJvN7S success
[2025-11-05T06:35:23.527335000Z DEBUG solana_runtime::message_processor::stable_log] Program ASmKWt93JEMHxbdE6j7znD9y2FcdPboCzC3xtSTJvN7S consumed 155279 of 350000 compute units
[2025-11-05T06:35:23.527346000Z DEBUG solana_runtime::message_processor::stable_log] Program ASmKWt93JEMHxbdE6j7znD9y2FcdPboCzC3xtSTJvN7S success
[2025-11-05T06:35:23.527355000Z DEBUG solana_runtime::message_processor::stable_log] Program ComputeBudget111111111111111111111111111111 invoke [1]
[2025-11-05T06:35:23.527362000Z DEBUG solana_runtime::message_processor::stable_log] Program ComputeBudget111111111111111111111111111111 success
[2025-11-05T06:35:23.551618000Z DEBUG solana_runtime::message_processor::stable_log] Program 5B57SJ3g2YoNXUpsZqqjEQkRSxyKtVTQRXdgAirz6bio invoke [1]
[2025-11-05T06:35:23.551752000Z DEBUG solana_runtime::message_processor::stable_log] Program log: Instruction: InitializeHonoraryPosition
[2025-11-05T06:35:23.551919000Z DEBUG solana_runtime::message_processor::stable_log] Program 11111111111111111111111111111111 invoke [2]
[2025-11-05T06:35:23.551934000Z DEBUG solana_runtime::message_processor::stable_log] Program 11111111111111111111111111111111 success
[2025-11-05T06:35:23.552039000Z DEBUG solana_runtime::message_processor::stable_log] Program 11111111111111111111111111111111 invoke [2]
[2025-11-05T06:35:23.552046000Z DEBUG solana_runtime::message_processor::stable_log] Program 11111111111111111111111111111111 success
[2025-11-05T06:35:23.552077000Z DEBUG solana_runtime::message_processor::stable_log] Program TokenkegQfeZyiNwAJbNbGKPFXCWuBvf9Ss623VQ5DA invoke [2]
[2025-11-05T06:35:23.552114000Z DEBUG solana_runtime::message_processor::stable_log] Program log: Instruction: InitializeAccount3
[2025-11-05T06:35:23.552181000Z DEBUG solana_runtime::message_processor::stable_log] Program TokenkegQfeZyiNwAJbNbGKPFXCWuBvf9Ss623VQ5DA consumed 4214 of 175612 compute units
[2025-11-05T06:35:23.552193000Z DEBUG solana_runtime::message_processor::stable_log] Program TokenkegQfeZyiNwAJbNbGKPFXCWuBvf9Ss623VQ5DA success
[2025-11-05T06:35:23.552321000Z DEBUG solana_runtime::message_processor::stable_log] Program 11111111111111111111111111111111 invoke [2]
[2025-11-05T06:35:23.552327000Z DEBUG solana_runtime::message_processor::stable_log] Program 11111111111111111111111111111111 success
[2025-11-05T06:35:23.552357000Z DEBUG solana_runtime::message_processor::stable_log] Program TokenkegQfeZyiNwAJbNbGKPFXCWuBvf9Ss623VQ5DA invoke [2]
[2025-11-05T06:35:23.552390000Z DEBUG solana_runtime::message_processor::stable_log] Program log: Instruction: InitializeAccount3
[2025-11-05T06:35:23.552450000Z DEBUG solana_runtime::message_processor::stable_log] Program TokenkegQfeZyiNwAJbNbGKPFXCWuBvf9Ss623VQ5DA consumed 4214 of 157976 compute units
[2025-11-05T06:35:23.552462000Z DEBUG solana_runtime::message_processor::stable_log] Program TokenkegQfeZyiNwAJbNbGKPFXCWuBvf9Ss623VQ5DA success
[2025-11-05T06:35:23.552521000Z DEBUG solana_runtime::message_processor::stable_log] Program log: Creating honorary position through CP-AMM CPI
[2025-11-05T06:35:23.552604000Z DEBUG solana_runtime::message_processor::stable_log] Program ASmKWt93JEMHxbdE6j7znD9y2FcdPboCzC3xtSTJvN7S invoke [2]
[2025-11-05T06:35:23.552690000Z DEBUG solana_runtime::message_processor::stable_log] Program log: Instruction: CreatePosition
[2025-11-05T06:35:23.552766000Z DEBUG solana_runtime::message_processor::stable_log] Program 11111111111111111111111111111111 invoke [3]
[2025-11-05T06:35:23.552770000Z DEBUG solana_runtime::message_processor::stable_log] Program 11111111111111111111111111111111 success
[2025-11-05T06:35:23.552803000Z DEBUG solana_runtime::message_processor::stable_log] Program TokenzQdBNbLqP5VEhdkAS6EPFLC1PHnBqCXEpPxuEb invoke [3]
[2025-11-05T06:35:23.552836000Z DEBUG solana_runtime::message_processor::stable_log] Program log: MetadataPointerInstruction::Initialize
[2025-11-05T06:35:23.552874000Z DEBUG solana_runtime::message_processor::stable_log] Program TokenzQdBNbLqP5VEhdkAS6EPFLC1PHnBqCXEpPxuEb consumed 2442 of 132670 compute units
[2025-11-05T06:35:23.552883000Z DEBUG solana_runtime::message_processor::stable_log] Program TokenzQdBNbLqP5VEhdkAS6EPFLC1PHnBqCXEpPxuEb success
[2025-11-05T06:35:23.552915000Z DEBUG solana_runtime::message_processor::stable_log] Program TokenzQdBNbLqP5VEhdkAS6EPFLC1PHnBqCXEpPxuEb invoke [3]
[2025-11-05T06:35:23.552937000Z DEBUG solana_runtime::message_processor::stable_log] Program log: Instruction: InitializeMintCloseAuthority
[2025-11-05T06:35:23.552972000Z DEBUG solana_runtime::message_processor::stable_log] Program TokenzQdBNbLqP5VEhdkAS6EPFLC1PHnBqCXEpPxuEb consumed 2570 of 128250 compute units
[2025-11-05T06:35:23.552980000Z DEBUG solana_runtime::message_processor::stable_log] Program TokenzQdBNbLqP5VEhdkAS6EPFLC1PHnBqCXEpPxuEb success
[2025-11-05T06:35:23.553011000Z DEBUG solana_runtime::message_processor::stable_log] Program TokenzQdBNbLqP5VEhdkAS6EPFLC1PHnBqCXEpPxuEb invoke [3]
[2025-11-05T06:35:23.553036000Z DEBUG solana_runtime::message_processor::stable_log] Program log: Instruction: InitializeMint2
[2025-11-05T06:35:23.553101000Z DEBUG solana_runtime::message_processor::stable_log] Program TokenzQdBNbLqP5VEhdkAS6EPFLC1PHnBqCXEpPxuEb consumed 4078 of 123737 compute units
[2025-11-05T06:35:23.553113000Z DEBUG solana_runtime::message_processor::stable_log] Program TokenzQdBNbLqP5VEhdkAS6EPFLC1PHnBqCXEpPxuEb success
[2025-11-05T06:35:23.553297000Z DEBUG solana_runtime::message_processor::stable_log] Program 11111111111111111111111111111111 invoke [3]
[2025-11-05T06:35:23.553305000Z DEBUG solana_runtime::message_processor::stable_log] Program 11111111111111111111111111111111 success
[2025-11-05T06:35:23.553338000Z DEBUG solana_runtime::message_processor::stable_log] Program TokenzQdBNbLqP5VEhdkAS6EPFLC1PHnBqCXEpPxuEb invoke [3]
[2025-11-05T06:35:23.553364000Z DEBUG solana_runtime::message_processor::stable_log] Program log: Instruction: InitializeAccount3
[2025-11-05T06:35:23.553452000Z DEBUG solana_runtime::message_processor::stable_log] Program TokenzQdBNbLqP5VEhdkAS6EPFLC1PHnBqCXEpPxuEb consumed 5137 of 110053 compute units
[2025-11-05T06:35:23.553463000Z DEBUG solana_runtime::message_processor::stable_log] Program TokenzQdBNbLqP5VEhdkAS6EPFLC1PHnBqCXEpPxuEb success
[2025-11-05T06:35:23.553576000Z DEBUG solana_runtime::message_processor::stable_log] Program 11111111111111111111111111111111 invoke [3]
[2025-11-05T06:35:23.553580000Z DEBUG solana_runtime::message_processor::stable_log] Program 11111111111111111111111111111111 success
[2025-11-05T06:35:23.553688000Z DEBUG solana_runtime::message_processor::stable_log] Program TokenzQdBNbLqP5VEhdkAS6EPFLC1PHnBqCXEpPxuEb invoke [3]
[2025-11-05T06:35:23.553742000Z DEBUG solana_runtime::message_processor::stable_log] Program log: TokenMetadataInstruction: Initialize
[2025-11-05T06:35:23.553937000Z DEBUG solana_runtime::message_processor::stable_log] Program TokenzQdBNbLqP5VEhdkAS6EPFLC1PHnBqCXEpPxuEb consumed 9900 of 90323 compute units
[2025-11-05T06:35:23.553953000Z DEBUG solana_runtime::message_processor::stable_log] Program TokenzQdBNbLqP5VEhdkAS6EPFLC1PHnBqCXEpPxuEb success
[2025-11-05T06:35:23.554000000Z DEBUG solana_runtime::message_processor::stable_log] Program 11111111111111111111111111111111 invoke [3]
[2025-11-05T06:35:23.554005000Z DEBUG solana_runtime::message_processor::stable_log] Program 11111111111111111111111111111111 success
[2025-11-05T06:35:23.554047000Z DEBUG solana_runtime::message_processor::stable_log] Program TokenzQdBNbLqP5VEhdkAS6EPFLC1PHnBqCXEpPxuEb invoke [3]
[2025-11-05T06:35:23.554078000Z DEBUG solana_runtime::message_processor::stable_log] Program log: Instruction: MintTo
[2025-11-05T06:35:23.554156000Z DEBUG solana_runtime::message_processor::stable_log] Program TokenzQdBNbLqP5VEhdkAS6EPFLC1PHnBqCXEpPxuEb consumed 5540 of 75361 compute units
[2025-11-05T06:35:23.554165000Z DEBUG solana_runtime::message_processor::stable_log] Program TokenzQdBNbLqP5VEhdkAS6EPFLC1PHnBqCXEpPxuEb success
[2025-11-05T06:35:23.554219000Z DEBUG solana_runtime::message_processor::stable_log] Program ASmKWt93JEMHxbdE6j7znD9y2FcdPboCzC3xtSTJvN7S invoke [3]
[2025-11-05T06:35:23.554256000Z DEBUG solana_runtime::message_processor::stable_log] Program ASmKWt93JEMHxbdE6j7znD9y2FcdPboCzC3xtSTJvN7S consumed 2069 of 66755 compute units
[2025-11-05T06:35:23.554264000Z DEBUG solana_runtime::message_processor::stable_log] Program ASmKWt93JEMHxbdE6j7znD9y2FcdPboCzC3xtSTJvN7S success
[2025-11-05T06:35:23.554286000Z DEBUG solana_runtime::message_processor::stable_log] Program ASmKWt93JEMHxbdE6j7znD9y2FcdPboCzC3xtSTJvN7S consumed 77600 of 141714 compute units
[2025-11-05T06:35:23.554297000Z DEBUG solana_runtime::message_processor::stable_log] Program ASmKWt93JEMHxbdE6j7znD9y2FcdPboCzC3xtSTJvN7S success
[2025-11-05T06:35:23.554323000Z DEBUG solana_runtime::message_processor::stable_log] Program data: B9TwvmYpSymIiu4bSN+6Ut90QMWZur94nctxrOKAP9Yo596E9/KJhq3fykSYF/60OwZkinS2o1Pf342Uou3NjIZFuuSWQlKuyPhR6aGM6e8Tz0yonYBTkHIyS/X5gg0cAz4qcsoG73CXuRPU0wWlo6BSLfR0TStfho/TFswEPwkW1N36LBJl0ul22eXwk+NcEgKA7fMK4+H6tTpmB0FjoeHZz0MmKgyPK/AKaQAAAAA=
[2025-11-05T06:35:23.554343000Z DEBUG solana_runtime::message_processor::stable_log] Program 5B57SJ3g2YoNXUpsZqqjEQkRSxyKtVTQRXdgAirz6bio consumed 137980 of 200000 compute units
[2025-11-05T06:35:23.554356000Z DEBUG solana_runtime::message_processor::stable_log] Program 5B57SJ3g2YoNXUpsZqqjEQkRSxyKtVTQRXdgAirz6bio success
[2025-11-05T06:35:23.561326000Z DEBUG solana_runtime::message_processor::stable_log] Program 5B57SJ3g2YoNXUpsZqqjEQkRSxyKtVTQRXdgAirz6bio invoke [1]
[2025-11-05T06:35:23.561397000Z DEBUG solana_runtime::message_processor::stable_log] Program log: Instruction: SetupPolicy
[2025-11-05T06:35:23.561504000Z DEBUG solana_runtime::message_processor::stable_log] Program 11111111111111111111111111111111 invoke [2]
[2025-11-05T06:35:23.561515000Z DEBUG solana_runtime::message_processor::stable_log] Program 11111111111111111111111111111111 success
[2025-11-05T06:35:23.561601000Z DEBUG solana_runtime::message_processor::stable_log] Program 11111111111111111111111111111111 invoke [2]
[2025-11-05T06:35:23.561606000Z DEBUG solana_runtime::message_processor::stable_log] Program 11111111111111111111111111111111 success
[2025-11-05T06:35:23.561646000Z DEBUG solana_runtime::message_processor::stable_log] Program data: HFXHbHKxoyaIiu4bSN+6Ut90QMWZur94nctxrOKAP9Yo596E9/KJhsDuSbIvQC15heSXi11lkMHPnq2yvFazikLBrFaIJwvoiBNAVIkAAAAAACvwCmkAAAAA
[2025-11-05T06:35:23.561675000Z DEBUG solana_runtime::message_processor::stable_log] Program 5B57SJ3g2YoNXUpsZqqjEQkRSxyKtVTQRXdgAirz6bio consumed 18026 of 200000 compute units
[2025-11-05T06:35:23.561687000Z DEBUG solana_runtime::message_processor::stable_log] Program 5B57SJ3g2YoNXUpsZqqjEQkRSxyKtVTQRXdgAirz6bio success
[2025-11-05T06:35:23.580794000Z DEBUG solana_runtime::message_processor::stable_log] Program 5B57SJ3g2YoNXUpsZqqjEQkRSxyKtVTQRXdgAirz6bio invoke [1]
[2025-11-05T06:35:23.580935000Z DEBUG solana_runtime::message_processor::stable_log] Program log: Instruction: AddHonoraryLiquidity
[2025-11-05T06:35:23.581395000Z DEBUG solana_runtime::message_processor::stable_log] Program log: Adding liquidity to honorary position
[2025-11-05T06:35:23.581448000Z DEBUG solana_runtime::message_processor::stable_log] Program TokenkegQfeZyiNwAJbNbGKPFXCWuBvf9Ss623VQ5DA invoke [2]
[2025-11-05T06:35:23.581494000Z DEBUG solana_runtime::message_processor::stable_log] Program log: Instruction: TransferChecked
[2025-11-05T06:35:23.581579000Z DEBUG solana_runtime::message_processor::stable_log] Program TokenkegQfeZyiNwAJbNbGKPFXCWuBvf9Ss623VQ5DA consumed 6174 of 165243 compute units
[2025-11-05T06:35:23.581595000Z DEBUG solana_runtime::message_processor::stable_log] Program TokenkegQfeZyiNwAJbNbGKPFXCWuBvf9Ss623VQ5DA success
[2025-11-05T06:35:23.581646000Z DEBUG solana_runtime::message_processor::stable_log] Program TokenkegQfeZyiNwAJbNbGKPFXCWuBvf9Ss623VQ5DA invoke [2]
[2025-11-05T06:35:23.581680000Z DEBUG solana_runtime::message_processor::stable_log] Program log: Instruction: TransferChecked
[2025-11-05T06:35:23.581759000Z DEBUG solana_runtime::message_processor::stable_log] Program TokenkegQfeZyiNwAJbNbGKPFXCWuBvf9Ss623VQ5DA consumed 6174 of 156336 compute units
[2025-11-05T06:35:23.581768000Z DEBUG solana_runtime::message_processor::stable_log] Program TokenkegQfeZyiNwAJbNbGKPFXCWuBvf9Ss623VQ5DA success
[2025-11-05T06:35:23.581883000Z DEBUG solana_runtime::message_processor::stable_log] Program ASmKWt93JEMHxbdE6j7znD9y2FcdPboCzC3xtSTJvN7S invoke [2]
[2025-11-05T06:35:23.581985000Z DEBUG solana_runtime::message_processor::stable_log] Program log: Instruction: AddLiquidity
[2025-11-05T06:35:23.582305000Z DEBUG solana_runtime::message_processor::stable_log] Program TokenkegQfeZyiNwAJbNbGKPFXCWuBvf9Ss623VQ5DA invoke [3]
[2025-11-05T06:35:23.582345000Z DEBUG solana_runtime::message_processor::stable_log] Program log: Instruction: TransferChecked
[2025-11-05T06:35:23.582439000Z DEBUG solana_runtime::message_processor::stable_log] Program TokenkegQfeZyiNwAJbNbGKPFXCWuBvf9Ss623VQ5DA consumed 6174 of 117756 compute units
[2025-11-05T06:35:23.582450000Z DEBUG solana_runtime::message_processor::stable_log] Program TokenkegQfeZyiNwAJbNbGKPFXCWuBvf9Ss623VQ5DA success
[2025-11-05T06:35:23.582526000Z DEBUG solana_runtime::message_processor::stable_log] Program TokenkegQfeZyiNwAJbNbGKPFXCWuBvf9Ss623VQ5DA invoke [3]
[2025-11-05T06:35:23.582562000Z DEBUG solana_runtime::message_processor::stable_log] Program log: Instruction: TransferChecked
[2025-11-05T06:35:23.582640000Z DEBUG solana_runtime::message_processor::stable_log] Program TokenkegQfeZyiNwAJbNbGKPFXCWuBvf9Ss623VQ5DA consumed 6174 of 109172 compute units
[2025-11-05T06:35:23.582654000Z DEBUG solana_runtime::message_processor::stable_log] Program TokenkegQfeZyiNwAJbNbGKPFXCWuBvf9Ss623VQ5DA success
[2025-11-05T06:35:23.582775000Z DEBUG solana_runtime::message_processor::stable_log] Program ASmKWt93JEMHxbdE6j7znD9y2FcdPboCzC3xtSTJvN7S invoke [3]
[2025-11-05T06:35:23.582827000Z DEBUG solana_runtime::message_processor::stable_log] Program ASmKWt93JEMHxbdE6j7znD9y2FcdPboCzC3xtSTJvN7S consumed 2069 of 99744 compute units
[2025-11-05T06:35:23.582839000Z DEBUG solana_runtime::message_processor::stable_log] Program ASmKWt93JEMHxbdE6j7znD9y2FcdPboCzC3xtSTJvN7S success
[2025-11-05T06:35:23.582957000Z DEBUG solana_runtime::message_processor::stable_log] Program ASmKWt93JEMHxbdE6j7znD9y2FcdPboCzC3xtSTJvN7S invoke [3]
[2025-11-05T06:35:23.582990000Z DEBUG solana_runtime::message_processor::stable_log] Program ASmKWt93JEMHxbdE6j7znD9y2FcdPboCzC3xtSTJvN7S consumed 2069 of 91241 compute units
[2025-11-05T06:35:23.582998000Z DEBUG solana_runtime::message_processor::stable_log] Program ASmKWt93JEMHxbdE6j7znD9y2FcdPboCzC3xtSTJvN7S success
[2025-11-05T06:35:23.583022000Z DEBUG solana_runtime::message_processor::stable_log] Program ASmKWt93JEMHxbdE6j7znD9y2FcdPboCzC3xtSTJvN7S consumed 50736 of 139267 compute units
[2025-11-05T06:35:23.583032000Z DEBUG solana_runtime::message_processor::stable_log] Program ASmKWt93JEMHxbdE6j7znD9y2FcdPboCzC3xtSTJvN7S success
[2025-11-05T06:35:23.583067000Z DEBUG solana_runtime::message_processor::stable_log] Program log: Successfully added 1844674407370955161600 liquidity to honorary position
[2025-11-05T06:35:23.583081000Z DEBUG solana_runtime::message_processor::stable_log] Program 5B57SJ3g2YoNXUpsZqqjEQkRSxyKtVTQRXdgAirz6bio consumed 113147 of 200000 compute units
[2025-11-05T06:35:23.583094000Z DEBUG solana_runtime::message_processor::stable_log] Program 5B57SJ3g2YoNXUpsZqqjEQkRSxyKtVTQRXdgAirz6bio success
[2025-11-05T06:35:23.593518000Z DEBUG solana_runtime::message_processor::stable_log] Program 11111111111111111111111111111111 invoke [1]
[2025-11-05T06:35:23.593535000Z DEBUG solana_runtime::message_processor::stable_log] Program 11111111111111111111111111111111 success
  Stream 0: 100% locked, expected locked amount: 1500000, amount_per_period: 4166
[2025-11-05T06:35:23.598311000Z DEBUG solana_runtime::message_processor::stable_log] Program ATokenGPvbdGVxr1b2hvZbsiqW5xWH25efTNsLJA8knL invoke [1]
[2025-11-05T06:35:23.598392000Z DEBUG solana_runtime::message_processor::stable_log] Program log: Create
[2025-11-05T06:35:23.598456000Z DEBUG solana_runtime::message_processor::stable_log] Program TokenkegQfeZyiNwAJbNbGKPFXCWuBvf9Ss623VQ5DA invoke [2]
[2025-11-05T06:35:23.598491000Z DEBUG solana_runtime::message_processor::stable_log] Program log: Instruction: GetAccountDataSize
[2025-11-05T06:35:23.598510000Z DEBUG solana_runtime::message_processor::stable_log] Program TokenkegQfeZyiNwAJbNbGKPFXCWuBvf9Ss623VQ5DA consumed 1595 of 194555 compute units
[2025-11-05T06:35:23.598519000Z DEBUG solana_runtime::message_processor::stable_log] Program return: TokenkegQfeZyiNwAJbNbGKPFXCWuBvf9Ss623VQ5DA pQAAAAAAAAA=
[2025-11-05T06:35:23.598528000Z DEBUG solana_runtime::message_processor::stable_log] Program TokenkegQfeZyiNwAJbNbGKPFXCWuBvf9Ss623VQ5DA success
[2025-11-05T06:35:23.598588000Z DEBUG solana_runtime::message_processor::stable_log] Program 11111111111111111111111111111111 invoke [2]
[2025-11-05T06:35:23.598598000Z DEBUG solana_runtime::message_processor::stable_log] Program 11111111111111111111111111111111 success
[2025-11-05T06:35:23.598604000Z DEBUG solana_runtime::message_processor::stable_log] Program log: Initialize the associated token account
[2025-11-05T06:35:23.598623000Z DEBUG solana_runtime::message_processor::stable_log] Program TokenkegQfeZyiNwAJbNbGKPFXCWuBvf9Ss623VQ5DA invoke [2]
[2025-11-05T06:35:23.598651000Z DEBUG solana_runtime::message_processor::stable_log] Program log: Instruction: InitializeImmutableOwner
[2025-11-05T06:35:23.598664000Z DEBUG solana_runtime::message_processor::stable_log] Program log: Please upgrade to SPL Token 2022 for immutable owner support
[2025-11-05T06:35:23.598667000Z DEBUG solana_runtime::message_processor::stable_log] Program TokenkegQfeZyiNwAJbNbGKPFXCWuBvf9Ss623VQ5DA consumed 1405 of 187942 compute units
[2025-11-05T06:35:23.598676000Z DEBUG solana_runtime::message_processor::stable_log] Program TokenkegQfeZyiNwAJbNbGKPFXCWuBvf9Ss623VQ5DA success
[2025-11-05T06:35:23.598713000Z DEBUG solana_runtime::message_processor::stable_log] Program TokenkegQfeZyiNwAJbNbGKPFXCWuBvf9Ss623VQ5DA invoke [2]
[2025-11-05T06:35:23.598742000Z DEBUG solana_runtime::message_processor::stable_log] Program log: Instruction: InitializeAccount3
[2025-11-05T06:35:23.598801000Z DEBUG solana_runtime::message_processor::stable_log] Program TokenkegQfeZyiNwAJbNbGKPFXCWuBvf9Ss623VQ5DA consumed 4214 of 184058 compute units
[2025-11-05T06:35:23.598810000Z DEBUG solana_runtime::message_processor::stable_log] Program TokenkegQfeZyiNwAJbNbGKPFXCWuBvf9Ss623VQ5DA success
[2025-11-05T06:35:23.598827000Z DEBUG solana_runtime::message_processor::stable_log] Program ATokenGPvbdGVxr1b2hvZbsiqW5xWH25efTNsLJA8knL consumed 20460 of 200000 compute units
[2025-11-05T06:35:23.598853000Z DEBUG solana_runtime::message_processor::stable_log] Program ATokenGPvbdGVxr1b2hvZbsiqW5xWH25efTNsLJA8knL success
[2025-11-05T06:35:23.608075000Z DEBUG solana_runtime::message_processor::stable_log] Program 11111111111111111111111111111111 invoke [1]
[2025-11-05T06:35:23.608090000Z DEBUG solana_runtime::message_processor::stable_log] Program 11111111111111111111111111111111 success
  Stream 1: 100% locked, expected locked amount: 1500000, amount_per_period: 4166
[2025-11-05T06:35:23.612727000Z DEBUG solana_runtime::message_processor::stable_log] Program ATokenGPvbdGVxr1b2hvZbsiqW5xWH25efTNsLJA8knL invoke [1]
[2025-11-05T06:35:23.612813000Z DEBUG solana_runtime::message_processor::stable_log] Program log: Create
[2025-11-05T06:35:23.612869000Z DEBUG solana_runtime::message_processor::stable_log] Program TokenkegQfeZyiNwAJbNbGKPFXCWuBvf9Ss623VQ5DA invoke [2]
[2025-11-05T06:35:23.612913000Z DEBUG solana_runtime::message_processor::stable_log] Program log: Instruction: GetAccountDataSize
[2025-11-05T06:35:23.612933000Z DEBUG solana_runtime::message_processor::stable_log] Program TokenkegQfeZyiNwAJbNbGKPFXCWuBvf9Ss623VQ5DA consumed 1595 of 194555 compute units
[2025-11-05T06:35:23.612942000Z DEBUG solana_runtime::message_processor::stable_log] Program return: TokenkegQfeZyiNwAJbNbGKPFXCWuBvf9Ss623VQ5DA pQAAAAAAAAA=
[2025-11-05T06:35:23.612951000Z DEBUG solana_runtime::message_processor::stable_log] Program TokenkegQfeZyiNwAJbNbGKPFXCWuBvf9Ss623VQ5DA success
[2025-11-05T06:35:23.613011000Z DEBUG solana_runtime::message_processor::stable_log] Program 11111111111111111111111111111111 invoke [2]
[2025-11-05T06:35:23.613025000Z DEBUG solana_runtime::message_processor::stable_log] Program 11111111111111111111111111111111 success
[2025-11-05T06:35:23.613031000Z DEBUG solana_runtime::message_processor::stable_log] Program log: Initialize the associated token account
[2025-11-05T06:35:23.613052000Z DEBUG solana_runtime::message_processor::stable_log] Program TokenkegQfeZyiNwAJbNbGKPFXCWuBvf9Ss623VQ5DA invoke [2]
[2025-11-05T06:35:23.613076000Z DEBUG solana_runtime::message_processor::stable_log] Program log: Instruction: InitializeImmutableOwner
[2025-11-05T06:35:23.613088000Z DEBUG solana_runtime::message_processor::stable_log] Program log: Please upgrade to SPL Token 2022 for immutable owner support
[2025-11-05T06:35:23.613092000Z DEBUG solana_runtime::message_processor::stable_log] Program TokenkegQfeZyiNwAJbNbGKPFXCWuBvf9Ss623VQ5DA consumed 1405 of 187942 compute units
[2025-11-05T06:35:23.613100000Z DEBUG solana_runtime::message_processor::stable_log] Program TokenkegQfeZyiNwAJbNbGKPFXCWuBvf9Ss623VQ5DA success
[2025-11-05T06:35:23.613138000Z DEBUG solana_runtime::message_processor::stable_log] Program TokenkegQfeZyiNwAJbNbGKPFXCWuBvf9Ss623VQ5DA invoke [2]
[2025-11-05T06:35:23.613169000Z DEBUG solana_runtime::message_processor::stable_log] Program log: Instruction: InitializeAccount3
[2025-11-05T06:35:23.613228000Z DEBUG solana_runtime::message_processor::stable_log] Program TokenkegQfeZyiNwAJbNbGKPFXCWuBvf9Ss623VQ5DA consumed 4214 of 184058 compute units
[2025-11-05T06:35:23.613238000Z DEBUG solana_runtime::message_processor::stable_log] Program TokenkegQfeZyiNwAJbNbGKPFXCWuBvf9Ss623VQ5DA success
[2025-11-05T06:35:23.613253000Z DEBUG solana_runtime::message_processor::stable_log] Program ATokenGPvbdGVxr1b2hvZbsiqW5xWH25efTNsLJA8knL consumed 20460 of 200000 compute units
[2025-11-05T06:35:23.613263000Z DEBUG solana_runtime::message_processor::stable_log] Program ATokenGPvbdGVxr1b2hvZbsiqW5xWH25efTNsLJA8knL success
[2025-11-05T06:35:23.622278000Z DEBUG solana_runtime::message_processor::stable_log] Program 11111111111111111111111111111111 invoke [1]
[2025-11-05T06:35:23.622292000Z DEBUG solana_runtime::message_processor::stable_log] Program 11111111111111111111111111111111 success
  Stream 2: 100% locked, expected locked amount: 1500000, amount_per_period: 4166
[2025-11-05T06:35:23.627263000Z DEBUG solana_runtime::message_processor::stable_log] Program ATokenGPvbdGVxr1b2hvZbsiqW5xWH25efTNsLJA8knL invoke [1]
[2025-11-05T06:35:23.627357000Z DEBUG solana_runtime::message_processor::stable_log] Program log: Create
[2025-11-05T06:35:23.627421000Z DEBUG solana_runtime::message_processor::stable_log] Program TokenkegQfeZyiNwAJbNbGKPFXCWuBvf9Ss623VQ5DA invoke [2]
[2025-11-05T06:35:23.627459000Z DEBUG solana_runtime::message_processor::stable_log] Program log: Instruction: GetAccountDataSize
[2025-11-05T06:35:23.627479000Z DEBUG solana_runtime::message_processor::stable_log] Program TokenkegQfeZyiNwAJbNbGKPFXCWuBvf9Ss623VQ5DA consumed 1595 of 193055 compute units
[2025-11-05T06:35:23.627488000Z DEBUG solana_runtime::message_processor::stable_log] Program return: TokenkegQfeZyiNwAJbNbGKPFXCWuBvf9Ss623VQ5DA pQAAAAAAAAA=
[2025-11-05T06:35:23.627497000Z DEBUG solana_runtime::message_processor::stable_log] Program TokenkegQfeZyiNwAJbNbGKPFXCWuBvf9Ss623VQ5DA success
[2025-11-05T06:35:23.627558000Z DEBUG solana_runtime::message_processor::stable_log] Program 11111111111111111111111111111111 invoke [2]
[2025-11-05T06:35:23.627569000Z DEBUG solana_runtime::message_processor::stable_log] Program 11111111111111111111111111111111 success
[2025-11-05T06:35:23.627575000Z DEBUG solana_runtime::message_processor::stable_log] Program log: Initialize the associated token account
[2025-11-05T06:35:23.627595000Z DEBUG solana_runtime::message_processor::stable_log] Program TokenkegQfeZyiNwAJbNbGKPFXCWuBvf9Ss623VQ5DA invoke [2]
[2025-11-05T06:35:23.627622000Z DEBUG solana_runtime::message_processor::stable_log] Program log: Instruction: InitializeImmutableOwner
[2025-11-05T06:35:23.627634000Z DEBUG solana_runtime::message_processor::stable_log] Program log: Please upgrade to SPL Token 2022 for immutable owner support
[2025-11-05T06:35:23.627638000Z DEBUG solana_runtime::message_processor::stable_log] Program TokenkegQfeZyiNwAJbNbGKPFXCWuBvf9Ss623VQ5DA consumed 1405 of 186442 compute units
[2025-11-05T06:35:23.627646000Z DEBUG solana_runtime::message_processor::stable_log] Program TokenkegQfeZyiNwAJbNbGKPFXCWuBvf9Ss623VQ5DA success
[2025-11-05T06:35:23.627684000Z DEBUG solana_runtime::message_processor::stable_log] Program TokenkegQfeZyiNwAJbNbGKPFXCWuBvf9Ss623VQ5DA invoke [2]
[2025-11-05T06:35:23.627713000Z DEBUG solana_runtime::message_processor::stable_log] Program log: Instruction: InitializeAccount3
[2025-11-05T06:35:23.627776000Z DEBUG solana_runtime::message_processor::stable_log] Program TokenkegQfeZyiNwAJbNbGKPFXCWuBvf9Ss623VQ5DA consumed 4214 of 182558 compute units
[2025-11-05T06:35:23.627785000Z DEBUG solana_runtime::message_processor::stable_log] Program TokenkegQfeZyiNwAJbNbGKPFXCWuBvf9Ss623VQ5DA success
[2025-11-05T06:35:23.627799000Z DEBUG solana_runtime::message_processor::stable_log] Program ATokenGPvbdGVxr1b2hvZbsiqW5xWH25efTNsLJA8knL consumed 21960 of 200000 compute units
[2025-11-05T06:35:23.627810000Z DEBUG solana_runtime::message_processor::stable_log] Program ATokenGPvbdGVxr1b2hvZbsiqW5xWH25efTNsLJA8knL success
[2025-11-05T06:35:23.636737000Z DEBUG solana_runtime::message_processor::stable_log] Program 11111111111111111111111111111111 invoke [1]
[2025-11-05T06:35:23.636753000Z DEBUG solana_runtime::message_processor::stable_log] Program 11111111111111111111111111111111 success
  Stream 3: 100% locked, expected locked amount: 1500000, amount_per_period: 4166
[2025-11-05T06:35:23.641645000Z DEBUG solana_runtime::message_processor::stable_log] Program ATokenGPvbdGVxr1b2hvZbsiqW5xWH25efTNsLJA8knL invoke [1]
[2025-11-05T06:35:23.641725000Z DEBUG solana_runtime::message_processor::stable_log] Program log: Create
[2025-11-05T06:35:23.641784000Z DEBUG solana_runtime::message_processor::stable_log] Program TokenkegQfeZyiNwAJbNbGKPFXCWuBvf9Ss623VQ5DA invoke [2]
[2025-11-05T06:35:23.641822000Z DEBUG solana_runtime::message_processor::stable_log] Program log: Instruction: GetAccountDataSize
[2025-11-05T06:35:23.641841000Z DEBUG solana_runtime::message_processor::stable_log] Program TokenkegQfeZyiNwAJbNbGKPFXCWuBvf9Ss623VQ5DA consumed 1595 of 194555 compute units
[2025-11-05T06:35:23.641851000Z DEBUG solana_runtime::message_processor::stable_log] Program return: TokenkegQfeZyiNwAJbNbGKPFXCWuBvf9Ss623VQ5DA pQAAAAAAAAA=
[2025-11-05T06:35:23.641860000Z DEBUG solana_runtime::message_processor::stable_log] Program TokenkegQfeZyiNwAJbNbGKPFXCWuBvf9Ss623VQ5DA success
[2025-11-05T06:35:23.641921000Z DEBUG solana_runtime::message_processor::stable_log] Program 11111111111111111111111111111111 invoke [2]
[2025-11-05T06:35:23.641928000Z DEBUG solana_runtime::message_processor::stable_log] Program 11111111111111111111111111111111 success
[2025-11-05T06:35:23.641934000Z DEBUG solana_runtime::message_processor::stable_log] Program log: Initialize the associated token account
[2025-11-05T06:35:23.641954000Z DEBUG solana_runtime::message_processor::stable_log] Program TokenkegQfeZyiNwAJbNbGKPFXCWuBvf9Ss623VQ5DA invoke [2]
[2025-11-05T06:35:23.641978000Z DEBUG solana_runtime::message_processor::stable_log] Program log: Instruction: InitializeImmutableOwner
[2025-11-05T06:35:23.641990000Z DEBUG solana_runtime::message_processor::stable_log] Program log: Please upgrade to SPL Token 2022 for immutable owner support
[2025-11-05T06:35:23.641994000Z DEBUG solana_runtime::message_processor::stable_log] Program TokenkegQfeZyiNwAJbNbGKPFXCWuBvf9Ss623VQ5DA consumed 1405 of 187942 compute units
[2025-11-05T06:35:23.642003000Z DEBUG solana_runtime::message_processor::stable_log] Program TokenkegQfeZyiNwAJbNbGKPFXCWuBvf9Ss623VQ5DA success
[2025-11-05T06:35:23.642042000Z DEBUG solana_runtime::message_processor::stable_log] Program TokenkegQfeZyiNwAJbNbGKPFXCWuBvf9Ss623VQ5DA invoke [2]
[2025-11-05T06:35:23.642074000Z DEBUG solana_runtime::message_processor::stable_log] Program log: Instruction: InitializeAccount3
[2025-11-05T06:35:23.642134000Z DEBUG solana_runtime::message_processor::stable_log] Program TokenkegQfeZyiNwAJbNbGKPFXCWuBvf9Ss623VQ5DA consumed 4214 of 184058 compute units
[2025-11-05T06:35:23.642143000Z DEBUG solana_runtime::message_processor::stable_log] Program TokenkegQfeZyiNwAJbNbGKPFXCWuBvf9Ss623VQ5DA success
[2025-11-05T06:35:23.642157000Z DEBUG solana_runtime::message_processor::stable_log] Program ATokenGPvbdGVxr1b2hvZbsiqW5xWH25efTNsLJA8knL consumed 20460 of 200000 compute units
[2025-11-05T06:35:23.642167000Z DEBUG solana_runtime::message_processor::stable_log] Program ATokenGPvbdGVxr1b2hvZbsiqW5xWH25efTNsLJA8knL success
[2025-11-05T06:35:23.650962000Z DEBUG solana_runtime::message_processor::stable_log] Program 11111111111111111111111111111111 invoke [1]
[2025-11-05T06:35:23.650984000Z DEBUG solana_runtime::message_processor::stable_log] Program 11111111111111111111111111111111 success
  Stream 4: 100% locked, expected locked amount: 1500000, amount_per_period: 4166
[2025-11-05T06:35:23.656107000Z DEBUG solana_runtime::message_processor::stable_log] Program ATokenGPvbdGVxr1b2hvZbsiqW5xWH25efTNsLJA8knL invoke [1]
[2025-11-05T06:35:23.656192000Z DEBUG solana_runtime::message_processor::stable_log] Program log: Create
[2025-11-05T06:35:23.656274000Z DEBUG solana_runtime::message_processor::stable_log] Program TokenkegQfeZyiNwAJbNbGKPFXCWuBvf9Ss623VQ5DA invoke [2]
[2025-11-05T06:35:23.656322000Z DEBUG solana_runtime::message_processor::stable_log] Program log: Instruction: GetAccountDataSize
[2025-11-05T06:35:23.656342000Z DEBUG solana_runtime::message_processor::stable_log] Program TokenkegQfeZyiNwAJbNbGKPFXCWuBvf9Ss623VQ5DA consumed 1595 of 191555 compute units
[2025-11-05T06:35:23.656350000Z DEBUG solana_runtime::message_processor::stable_log] Program return: TokenkegQfeZyiNwAJbNbGKPFXCWuBvf9Ss623VQ5DA pQAAAAAAAAA=
[2025-11-05T06:35:23.656359000Z DEBUG solana_runtime::message_processor::stable_log] Program TokenkegQfeZyiNwAJbNbGKPFXCWuBvf9Ss623VQ5DA success
[2025-11-05T06:35:23.656419000Z DEBUG solana_runtime::message_processor::stable_log] Program 11111111111111111111111111111111 invoke [2]
[2025-11-05T06:35:23.656427000Z DEBUG solana_runtime::message_processor::stable_log] Program 11111111111111111111111111111111 success
[2025-11-05T06:35:23.656433000Z DEBUG solana_runtime::message_processor::stable_log] Program log: Initialize the associated token account
[2025-11-05T06:35:23.656452000Z DEBUG solana_runtime::message_processor::stable_log] Program TokenkegQfeZyiNwAJbNbGKPFXCWuBvf9Ss623VQ5DA invoke [2]
[2025-11-05T06:35:23.656477000Z DEBUG solana_runtime::message_processor::stable_log] Program log: Instruction: InitializeImmutableOwner
[2025-11-05T06:35:23.656492000Z DEBUG solana_runtime::message_processor::stable_log] Program log: Please upgrade to SPL Token 2022 for immutable owner support
[2025-11-05T06:35:23.656495000Z DEBUG solana_runtime::message_processor::stable_log] Program TokenkegQfeZyiNwAJbNbGKPFXCWuBvf9Ss623VQ5DA consumed 1405 of 184942 compute units
[2025-11-05T06:35:23.656504000Z DEBUG solana_runtime::message_processor::stable_log] Program TokenkegQfeZyiNwAJbNbGKPFXCWuBvf9Ss623VQ5DA success
[2025-11-05T06:35:23.656542000Z DEBUG solana_runtime::message_processor::stable_log] Program TokenkegQfeZyiNwAJbNbGKPFXCWuBvf9Ss623VQ5DA invoke [2]
[2025-11-05T06:35:23.656572000Z DEBUG solana_runtime::message_processor::stable_log] Program log: Instruction: InitializeAccount3
[2025-11-05T06:35:23.656632000Z DEBUG solana_runtime::message_processor::stable_log] Program TokenkegQfeZyiNwAJbNbGKPFXCWuBvf9Ss623VQ5DA consumed 4214 of 181058 compute units
[2025-11-05T06:35:23.656640000Z DEBUG solana_runtime::message_processor::stable_log] Program TokenkegQfeZyiNwAJbNbGKPFXCWuBvf9Ss623VQ5DA success
[2025-11-05T06:35:23.656653000Z DEBUG solana_runtime::message_processor::stable_log] Program ATokenGPvbdGVxr1b2hvZbsiqW5xWH25efTNsLJA8knL consumed 23460 of 200000 compute units
[2025-11-05T06:35:23.656664000Z DEBUG solana_runtime::message_processor::stable_log] Program ATokenGPvbdGVxr1b2hvZbsiqW5xWH25efTNsLJA8knL success
[2025-11-05T06:35:23.665361000Z DEBUG solana_runtime::message_processor::stable_log] Program 11111111111111111111111111111111 invoke [1]
[2025-11-05T06:35:23.665377000Z DEBUG solana_runtime::message_processor::stable_log] Program 11111111111111111111111111111111 success
  Stream 5: 100% locked, expected locked amount: 1500000, amount_per_period: 4166
[2025-11-05T06:35:23.670976000Z DEBUG solana_runtime::message_processor::stable_log] Program ATokenGPvbdGVxr1b2hvZbsiqW5xWH25efTNsLJA8knL invoke [1]
[2025-11-05T06:35:23.671062000Z DEBUG solana_runtime::message_processor::stable_log] Program log: Create
[2025-11-05T06:35:23.671128000Z DEBUG solana_runtime::message_processor::stable_log] Program TokenkegQfeZyiNwAJbNbGKPFXCWuBvf9Ss623VQ5DA invoke [2]
[2025-11-05T06:35:23.671166000Z DEBUG solana_runtime::message_processor::stable_log] Program log: Instruction: GetAccountDataSize
[2025-11-05T06:35:23.671187000Z DEBUG solana_runtime::message_processor::stable_log] Program TokenkegQfeZyiNwAJbNbGKPFXCWuBvf9Ss623VQ5DA consumed 1595 of 193055 compute units
[2025-11-05T06:35:23.671195000Z DEBUG solana_runtime::message_processor::stable_log] Program return: TokenkegQfeZyiNwAJbNbGKPFXCWuBvf9Ss623VQ5DA pQAAAAAAAAA=
[2025-11-05T06:35:23.671204000Z DEBUG solana_runtime::message_processor::stable_log] Program TokenkegQfeZyiNwAJbNbGKPFXCWuBvf9Ss623VQ5DA success
[2025-11-05T06:35:23.671265000Z DEBUG solana_runtime::message_processor::stable_log] Program 11111111111111111111111111111111 invoke [2]
[2025-11-05T06:35:23.671273000Z DEBUG solana_runtime::message_processor::stable_log] Program 11111111111111111111111111111111 success
[2025-11-05T06:35:23.671279000Z DEBUG solana_runtime::message_processor::stable_log] Program log: Initialize the associated token account
[2025-11-05T06:35:23.671299000Z DEBUG solana_runtime::message_processor::stable_log] Program TokenkegQfeZyiNwAJbNbGKPFXCWuBvf9Ss623VQ5DA invoke [2]
[2025-11-05T06:35:23.671323000Z DEBUG solana_runtime::message_processor::stable_log] Program log: Instruction: InitializeImmutableOwner
[2025-11-05T06:35:23.671335000Z DEBUG solana_runtime::message_processor::stable_log] Program log: Please upgrade to SPL Token 2022 for immutable owner support
[2025-11-05T06:35:23.671339000Z DEBUG solana_runtime::message_processor::stable_log] Program TokenkegQfeZyiNwAJbNbGKPFXCWuBvf9Ss623VQ5DA consumed 1405 of 186442 compute units
[2025-11-05T06:35:23.671347000Z DEBUG solana_runtime::message_processor::stable_log] Program TokenkegQfeZyiNwAJbNbGKPFXCWuBvf9Ss623VQ5DA success
[2025-11-05T06:35:23.671385000Z DEBUG solana_runtime::message_processor::stable_log] Program TokenkegQfeZyiNwAJbNbGKPFXCWuBvf9Ss623VQ5DA invoke [2]
[2025-11-05T06:35:23.671501000Z DEBUG solana_runtime::message_processor::stable_log] Program log: Instruction: InitializeAccount3
[2025-11-05T06:35:23.671566000Z DEBUG solana_runtime::message_processor::stable_log] Program TokenkegQfeZyiNwAJbNbGKPFXCWuBvf9Ss623VQ5DA consumed 4214 of 182558 compute units
[2025-11-05T06:35:23.671574000Z DEBUG solana_runtime::message_processor::stable_log] Program TokenkegQfeZyiNwAJbNbGKPFXCWuBvf9Ss623VQ5DA success
[2025-11-05T06:35:23.671588000Z DEBUG solana_runtime::message_processor::stable_log] Program ATokenGPvbdGVxr1b2hvZbsiqW5xWH25efTNsLJA8knL consumed 21960 of 200000 compute units
[2025-11-05T06:35:23.671598000Z DEBUG solana_runtime::message_processor::stable_log] Program ATokenGPvbdGVxr1b2hvZbsiqW5xWH25efTNsLJA8knL success
[2025-11-05T06:35:23.690766000Z DEBUG solana_runtime::message_processor::stable_log] Program ASmKWt93JEMHxbdE6j7znD9y2FcdPboCzC3xtSTJvN7S invoke [1]
[2025-11-05T06:35:23.690888000Z DEBUG solana_runtime::message_processor::stable_log] Program log: Instruction: Swap
[2025-11-05T06:35:23.691242000Z DEBUG solana_runtime::message_processor::stable_log] Program TokenkegQfeZyiNwAJbNbGKPFXCWuBvf9Ss623VQ5DA invoke [2]
[2025-11-05T06:35:23.691297000Z DEBUG solana_runtime::message_processor::stable_log] Program log: Instruction: TransferChecked
[2025-11-05T06:35:23.691390000Z DEBUG solana_runtime::message_processor::stable_log] Program TokenkegQfeZyiNwAJbNbGKPFXCWuBvf9Ss623VQ5DA consumed 6174 of 177323 compute units
[2025-11-05T06:35:23.691402000Z DEBUG solana_runtime::message_processor::stable_log] Program TokenkegQfeZyiNwAJbNbGKPFXCWuBvf9Ss623VQ5DA success
[2025-11-05T06:35:23.691459000Z DEBUG solana_runtime::message_processor::stable_log] Program TokenkegQfeZyiNwAJbNbGKPFXCWuBvf9Ss623VQ5DA invoke [2]
[2025-11-05T06:35:23.691515000Z DEBUG solana_runtime::message_processor::stable_log] Program log: Instruction: TransferChecked
[2025-11-05T06:35:23.691596000Z DEBUG solana_runtime::message_processor::stable_log] Program TokenkegQfeZyiNwAJbNbGKPFXCWuBvf9Ss623VQ5DA consumed 6174 of 168685 compute units
[2025-11-05T06:35:23.691607000Z DEBUG solana_runtime::message_processor::stable_log] Program TokenkegQfeZyiNwAJbNbGKPFXCWuBvf9Ss623VQ5DA success
[2025-11-05T06:35:23.691734000Z DEBUG solana_runtime::message_processor::stable_log] Program ASmKWt93JEMHxbdE6j7znD9y2FcdPboCzC3xtSTJvN7S invoke [2]
[2025-11-05T06:35:23.691786000Z DEBUG solana_runtime::message_processor::stable_log] Program ASmKWt93JEMHxbdE6j7znD9y2FcdPboCzC3xtSTJvN7S consumed 2069 of 156500 compute units
[2025-11-05T06:35:23.691805000Z DEBUG solana_runtime::message_processor::stable_log] Program ASmKWt93JEMHxbdE6j7znD9y2FcdPboCzC3xtSTJvN7S success
[2025-11-05T06:35:23.691928000Z DEBUG solana_runtime::message_processor::stable_log] Program ASmKWt93JEMHxbdE6j7znD9y2FcdPboCzC3xtSTJvN7S invoke [2]
[2025-11-05T06:35:23.691964000Z DEBUG solana_runtime::message_processor::stable_log] Program ASmKWt93JEMHxbdE6j7znD9y2FcdPboCzC3xtSTJvN7S consumed 2069 of 150802 compute units
[2025-11-05T06:35:23.691975000Z DEBUG solana_runtime::message_processor::stable_log] Program ASmKWt93JEMHxbdE6j7znD9y2FcdPboCzC3xtSTJvN7S success
[2025-11-05T06:35:23.691997000Z DEBUG solana_runtime::message_processor::stable_log] Program ASmKWt93JEMHxbdE6j7znD9y2FcdPboCzC3xtSTJvN7S consumed 51801 of 200000 compute units
[2025-11-05T06:35:23.692009000Z DEBUG solana_runtime::message_processor::stable_log] Program ASmKWt93JEMHxbdE6j7znD9y2FcdPboCzC3xtSTJvN7S success
[2025-11-05T06:35:23.713164000Z DEBUG solana_runtime::message_processor::stable_log] Program ComputeBudget111111111111111111111111111111 invoke [1]
[2025-11-05T06:35:23.713180000Z DEBUG solana_runtime::message_processor::stable_log] Program ComputeBudget111111111111111111111111111111 success
[2025-11-05T06:35:23.713191000Z DEBUG solana_runtime::message_processor::stable_log] Program 5B57SJ3g2YoNXUpsZqqjEQkRSxyKtVTQRXdgAirz6bio invoke [1]
[2025-11-05T06:35:23.713370000Z DEBUG solana_runtime::message_processor::stable_log] Program log: Instruction: CrankDistribution
[2025-11-05T06:35:23.713917000Z DEBUG solana_runtime::message_processor::stable_log] Program log: === DEBUG: Before claiming fees ===
[2025-11-05T06:35:23.713934000Z DEBUG solana_runtime::message_processor::stable_log] Program log: Pool collect_fee_mode: 1
[2025-11-05T06:35:23.714060000Z DEBUG solana_runtime::message_processor::stable_log] Program log: Pool token_a_mint: E1K6PfVvaet9uqanxK9CRGGarMNHfzT6DB7ZZMJWuCSe
[2025-11-05T06:35:23.714233000Z DEBUG solana_runtime::message_processor::stable_log] Program log: Pool token_b_mint: BDGFFujKcgi1bpnLiEjTx6X1SVzt51EMrarXaFzgYnaV
[2025-11-05T06:35:23.714363000Z DEBUG solana_runtime::message_processor::stable_log] Program log: Quote mint: BDGFFujKcgi1bpnLiEjTx6X1SVzt51EMrarXaFzgYnaV
[2025-11-05T06:35:23.714488000Z DEBUG solana_runtime::message_processor::stable_log] Program log: Base mint: E1K6PfVvaet9uqanxK9CRGGarMNHfzT6DB7ZZMJWuCSe
[2025-11-05T06:35:23.714505000Z DEBUG solana_runtime::message_processor::stable_log] Program log: Position unlocked_liquidity: 1844674407370955161600
[2025-11-05T06:35:23.714514000Z DEBUG solana_runtime::message_processor::stable_log] Program log: Position vested_liquidity: 0
[2025-11-05T06:35:23.714524000Z DEBUG solana_runtime::message_processor::stable_log] Program log: Position permanent_locked_liquidity: 0
[2025-11-05T06:35:23.714552000Z DEBUG solana_runtime::message_processor::stable_log] Program log: Position fee_a_pending: 0
[2025-11-05T06:35:23.714599000Z DEBUG solana_runtime::message_processor::stable_log] Program log: Position fee_b_pending: 0
[2025-11-05T06:35:23.714617000Z DEBUG solana_runtime::message_processor::stable_log] Program log: Position fee_a_checkpoint (first 8 bytes): 0
[2025-11-05T06:35:23.714644000Z DEBUG solana_runtime::message_processor::stable_log] Program log: Position fee_b_checkpoint (first 8 bytes): 0
[2025-11-05T06:35:23.714652000Z DEBUG solana_runtime::message_processor::stable_log] Program log: Pool fee_a_per_liquidity (first 8 bytes): 0
[2025-11-05T06:35:23.714658000Z DEBUG solana_runtime::message_processor::stable_log] Program log: Pool fee_b_per_liquidity (first 8 bytes): 0
[2025-11-05T06:35:23.714672000Z DEBUG solana_runtime::message_processor::stable_log] Program log: Pool liquidity: 3689348814741910323200
[2025-11-05T06:35:23.714681000Z DEBUG solana_runtime::message_processor::stable_log] Program log: Treasury quote balance before: 99999999999999999
[2025-11-05T06:35:23.714688000Z DEBUG solana_runtime::message_processor::stable_log] Program log: Treasury base balance before: 99999785255671124
[2025-11-05T06:35:23.714690000Z DEBUG solana_runtime::message_processor::stable_log] Program log: Claiming position fees from CP-AMM
[2025-11-05T06:35:23.714803000Z DEBUG solana_runtime::message_processor::stable_log] Program ASmKWt93JEMHxbdE6j7znD9y2FcdPboCzC3xtSTJvN7S invoke [2]
[2025-11-05T06:35:23.714907000Z DEBUG solana_runtime::message_processor::stable_log] Program log: Instruction: ClaimPositionFee
[2025-11-05T06:35:23.715172000Z DEBUG solana_runtime::message_processor::stable_log] Program TokenkegQfeZyiNwAJbNbGKPFXCWuBvf9Ss623VQ5DA invoke [3]
[2025-11-05T06:35:23.715215000Z DEBUG solana_runtime::message_processor::stable_log] Program log: Instruction: TransferChecked
[2025-11-05T06:35:23.715303000Z DEBUG solana_runtime::message_processor::stable_log] Program TokenkegQfeZyiNwAJbNbGKPFXCWuBvf9Ss623VQ5DA consumed 6174 of 271344 compute units
[2025-11-05T06:35:23.715313000Z DEBUG solana_runtime::message_processor::stable_log] Program TokenkegQfeZyiNwAJbNbGKPFXCWuBvf9Ss623VQ5DA success
[2025-11-05T06:35:23.715364000Z DEBUG solana_runtime::message_processor::stable_log] Program ASmKWt93JEMHxbdE6j7znD9y2FcdPboCzC3xtSTJvN7S invoke [3]
[2025-11-05T06:35:23.715455000Z DEBUG solana_runtime::message_processor::stable_log] Program ASmKWt93JEMHxbdE6j7znD9y2FcdPboCzC3xtSTJvN7S consumed 2069 of 262430 compute units
[2025-11-05T06:35:23.715464000Z DEBUG solana_runtime::message_processor::stable_log] Program ASmKWt93JEMHxbdE6j7znD9y2FcdPboCzC3xtSTJvN7S success
[2025-11-05T06:35:23.715494000Z DEBUG solana_runtime::message_processor::stable_log] Program ASmKWt93JEMHxbdE6j7znD9y2FcdPboCzC3xtSTJvN7S consumed 30035 of 289855 compute units
[2025-11-05T06:35:23.715506000Z DEBUG solana_runtime::message_processor::stable_log] Program ASmKWt93JEMHxbdE6j7znD9y2FcdPboCzC3xtSTJvN7S success
[2025-11-05T06:35:23.715550000Z DEBUG solana_runtime::message_processor::stable_log] Program log: === DEBUG: After claiming fees ===
[2025-11-05T06:35:23.715563000Z DEBUG solana_runtime::message_processor::stable_log] Program log: Treasury quote balance after: 100000000000049999
[2025-11-05T06:35:23.715572000Z DEBUG solana_runtime::message_processor::stable_log] Program log: Treasury base balance after: 99999785255671124
[2025-11-05T06:35:23.715580000Z DEBUG solana_runtime::message_processor::stable_log] Program log: Quote tokens claimed: 50000
[2025-11-05T06:35:23.715590000Z DEBUG solana_runtime::message_processor::stable_log] Program data: fzkUsNcjWliIiu4bSN+6Ut90QMWZur94nctxrOKAP9Yo596E9/KJhlDDAAAAAAAAK/AKaQAAAAA=
[2025-11-05T06:35:23.715791000Z DEBUG solana_runtime::message_processor::stable_log] Program TokenkegQfeZyiNwAJbNbGKPFXCWuBvf9Ss623VQ5DA invoke [2]
[2025-11-05T06:35:23.715871000Z DEBUG solana_runtime::message_processor::stable_log] Program log: Instruction: TransferChecked
[2025-11-05T06:35:23.715956000Z DEBUG solana_runtime::message_processor::stable_log] Program TokenkegQfeZyiNwAJbNbGKPFXCWuBvf9Ss623VQ5DA consumed 6174 of 245115 compute units
[2025-11-05T06:35:23.715968000Z DEBUG solana_runtime::message_processor::stable_log] Program TokenkegQfeZyiNwAJbNbGKPFXCWuBvf9Ss623VQ5DA success
[2025-11-05T06:35:23.716032000Z DEBUG solana_runtime::message_processor::stable_log] Program TokenkegQfeZyiNwAJbNbGKPFXCWuBvf9Ss623VQ5DA invoke [2]
[2025-11-05T06:35:23.716065000Z DEBUG solana_runtime::message_processor::stable_log] Program log: Instruction: TransferChecked
[2025-11-05T06:35:23.716191000Z DEBUG solana_runtime::message_processor::stable_log] Program TokenkegQfeZyiNwAJbNbGKPFXCWuBvf9Ss623VQ5DA consumed 6174 of 235554 compute units
[2025-11-05T06:35:23.716217000Z DEBUG solana_runtime::message_processor::stable_log] Program TokenkegQfeZyiNwAJbNbGKPFXCWuBvf9Ss623VQ5DA success
[2025-11-05T06:35:23.716251000Z DEBUG solana_runtime::message_processor::stable_log] Program data: KjXqZeHwy3mIiu4bSN+6Ut90QMWZur94nctxrOKAP9Yo596E9/KJhgAAAAACAAAAAgAAABhBAAAAAAAAAAAAAAAAAAAr8AppAAAAAA==
[2025-11-05T06:35:23.716328000Z DEBUG solana_runtime::message_processor::stable_log] Program 5B57SJ3g2YoNXUpsZqqjEQkRSxyKtVTQRXdgAirz6bio consumed 172935 of 399850 compute units
[2025-11-05T06:35:23.716378000Z DEBUG solana_runtime::message_processor::stable_log] Program 5B57SJ3g2YoNXUpsZqqjEQkRSxyKtVTQRXdgAirz6bio success
[2025-11-05T06:35:23.736016000Z DEBUG solana_runtime::message_processor::stable_log] Program ComputeBudget111111111111111111111111111111 invoke [1]
[2025-11-05T06:35:23.736037000Z DEBUG solana_runtime::message_processor::stable_log] Program ComputeBudget111111111111111111111111111111 success
[2025-11-05T06:35:23.736048000Z DEBUG solana_runtime::message_processor::stable_log] Program 5B57SJ3g2YoNXUpsZqqjEQkRSxyKtVTQRXdgAirz6bio invoke [1]
[2025-11-05T06:35:23.736198000Z DEBUG solana_runtime::message_processor::stable_log] Program log: Instruction: CrankDistribution
[2025-11-05T06:35:23.737007000Z DEBUG solana_runtime::message_processor::stable_log] Program TokenkegQfeZyiNwAJbNbGKPFXCWuBvf9Ss623VQ5DA invoke [2]
[2025-11-05T06:35:23.737091000Z DEBUG solana_runtime::message_processor::stable_log] Program log: Instruction: TransferChecked
[2025-11-05T06:35:23.737266000Z DEBUG solana_runtime::message_processor::stable_log] Program TokenkegQfeZyiNwAJbNbGKPFXCWuBvf9Ss623VQ5DA consumed 6174 of 352843 compute units
[2025-11-05T06:35:23.737289000Z DEBUG solana_runtime::message_processor::stable_log] Program TokenkegQfeZyiNwAJbNbGKPFXCWuBvf9Ss623VQ5DA success
[2025-11-05T06:35:23.737411000Z DEBUG solana_runtime::message_processor::stable_log] Program TokenkegQfeZyiNwAJbNbGKPFXCWuBvf9Ss623VQ5DA invoke [2]
[2025-11-05T06:35:23.737461000Z DEBUG solana_runtime::message_processor::stable_log] Program log: Instruction: TransferChecked
[2025-11-05T06:35:23.737550000Z DEBUG solana_runtime::message_processor::stable_log] Program TokenkegQfeZyiNwAJbNbGKPFXCWuBvf9Ss623VQ5DA consumed 6174 of 343282 compute units
[2025-11-05T06:35:23.737561000Z DEBUG solana_runtime::message_processor::stable_log] Program TokenkegQfeZyiNwAJbNbGKPFXCWuBvf9Ss623VQ5DA success
[2025-11-05T06:35:23.737580000Z DEBUG solana_runtime::message_processor::stable_log] Program data: KjXqZeHwy3mIiu4bSN+6Ut90QMWZur94nctxrOKAP9Yo596E9/KJhgIAAAACAAAAAgAAABhBAAAAAAAAAAAAAAAAAAAr8AppAAAAAA==
[2025-11-05T06:35:23.737623000Z DEBUG solana_runtime::message_processor::stable_log] Program 5B57SJ3g2YoNXUpsZqqjEQkRSxyKtVTQRXdgAirz6bio consumed 65207 of 399850 compute units
[2025-11-05T06:35:23.737638000Z DEBUG solana_runtime::message_processor::stable_log] Program 5B57SJ3g2YoNXUpsZqqjEQkRSxyKtVTQRXdgAirz6bio success
[2025-11-05T06:35:23.756660000Z DEBUG solana_runtime::message_processor::stable_log] Program ComputeBudget111111111111111111111111111111 invoke [1]
[2025-11-05T06:35:23.756679000Z DEBUG solana_runtime::message_processor::stable_log] Program ComputeBudget111111111111111111111111111111 success
[2025-11-05T06:35:23.756689000Z DEBUG solana_runtime::message_processor::stable_log] Program 5B57SJ3g2YoNXUpsZqqjEQkRSxyKtVTQRXdgAirz6bio invoke [1]
[2025-11-05T06:35:23.756833000Z DEBUG solana_runtime::message_processor::stable_log] Program log: Instruction: CrankDistribution
[2025-11-05T06:35:23.757554000Z DEBUG solana_runtime::message_processor::stable_log] Program TokenkegQfeZyiNwAJbNbGKPFXCWuBvf9Ss623VQ5DA invoke [2]
[2025-11-05T06:35:23.757602000Z DEBUG solana_runtime::message_processor::stable_log] Program log: Instruction: TransferChecked
[2025-11-05T06:35:23.757692000Z DEBUG solana_runtime::message_processor::stable_log] Program TokenkegQfeZyiNwAJbNbGKPFXCWuBvf9Ss623VQ5DA consumed 6174 of 352844 compute units
[2025-11-05T06:35:23.757703000Z DEBUG solana_runtime::message_processor::stable_log] Program TokenkegQfeZyiNwAJbNbGKPFXCWuBvf9Ss623VQ5DA success
[2025-11-05T06:35:23.757775000Z DEBUG solana_runtime::message_processor::stable_log] Program TokenkegQfeZyiNwAJbNbGKPFXCWuBvf9Ss623VQ5DA invoke [2]
[2025-11-05T06:35:23.757811000Z DEBUG solana_runtime::message_processor::stable_log] Program log: Instruction: TransferChecked
[2025-11-05T06:35:23.757892000Z DEBUG solana_runtime::message_processor::stable_log] Program TokenkegQfeZyiNwAJbNbGKPFXCWuBvf9Ss623VQ5DA consumed 6174 of 343283 compute units
[2025-11-05T06:35:23.757901000Z DEBUG solana_runtime::message_processor::stable_log] Program TokenkegQfeZyiNwAJbNbGKPFXCWuBvf9Ss623VQ5DA success
[2025-11-05T06:35:23.757957000Z DEBUG solana_runtime::message_processor::stable_log] Program TokenkegQfeZyiNwAJbNbGKPFXCWuBvf9Ss623VQ5DA invoke [2]
[2025-11-05T06:35:23.757990000Z DEBUG solana_runtime::message_processor::stable_log] Program log: Instruction: TransferChecked
[2025-11-05T06:35:23.758066000Z DEBUG solana_runtime::message_processor::stable_log] Program TokenkegQfeZyiNwAJbNbGKPFXCWuBvf9Ss623VQ5DA consumed 6174 of 334232 compute units
[2025-11-05T06:35:23.758075000Z DEBUG solana_runtime::message_processor::stable_log] Program TokenkegQfeZyiNwAJbNbGKPFXCWuBvf9Ss623VQ5DA success
[2025-11-05T06:35:23.758090000Z DEBUG solana_runtime::message_processor::stable_log] Program data: jhY1V/E9sS2Iiu4bSN+6Ut90QMWZur94nctxrOKAP9Yo596E9/KJhggAAAAAAAAASMMAAAAAAAAr8AppAAAAAA==
[2025-11-05T06:35:23.758096000Z DEBUG solana_runtime::message_processor::stable_log] Program data: KjXqZeHwy3mIiu4bSN+6Ut90QMWZur94nctxrOKAP9Yo596E9/KJhgQAAAACAAAAAgAAABhBAAAAAAAAAAAAAAAAAAAr8AppAAAAAA==
[2025-11-05T06:35:23.758135000Z DEBUG solana_runtime::message_processor::stable_log] Program 5B57SJ3g2YoNXUpsZqqjEQkRSxyKtVTQRXdgAirz6bio consumed 74527 of 399850 compute units
[2025-11-05T06:35:23.758147000Z DEBUG solana_runtime::message_processor::stable_log] Program 5B57SJ3g2YoNXUpsZqqjEQkRSxyKtVTQRXdgAirz6bio success
      ✔ Should allow resumption from middle page after interruption (178ms)
[2025-11-05T06:35:23.762842000Z INFO  solana_program_test] "cp_amm" SBF program from ./target/deploy/cp_amm.so, modified 24 minutes, 31 seconds, 110 ms, 158 µs and 203 ns ago
[2025-11-05T06:35:23.763020000Z INFO  solana_program_test] "fee_router" SBF program from ./target/deploy/fee_router.so, modified 33 seconds, 847 ms, 279 µs and 331 ns ago
[2025-11-05T06:35:23.763148000Z INFO  solana_program_test] "transfer_hook_counter" SBF program from tests/fixtures/transfer_hook_counter.so, modified 3 weeks, 22 hours, 58 minutes, 58 seconds, 588 ms, 744 µs and 196 ns ago
[2025-11-05T06:35:23.763430000Z INFO  solana_program_test] "alpha_vault" SBF program from tests/fixtures/alpha_vault.so, modified 3 weeks, 22 hours, 58 minutes, 58 seconds, 589 ms, 716 µs and 72 ns ago
[2025-11-05T06:35:23.764458000Z INFO  solana_program_test] "streamflow" SBF program from tests/fixtures/streamflow.so, modified 3 weeks, 6 hours, 59 minutes, 8 seconds, 475 ms, 368 µs and 387 ns ago
[2025-11-05T06:35:23.765540000Z INFO  solana_program_test] "cp_amm" SBF program from ./target/deploy/cp_amm.so, modified 24 minutes, 31 seconds, 112 ms, 855 µs and 203 ns ago
[2025-11-05T06:35:23.765823000Z INFO  solana_program_test] "fee_router" SBF program from ./target/deploy/fee_router.so, modified 33 seconds, 850 ms, 82 µs and 331 ns ago
[2025-11-05T06:35:23.787136000Z INFO  solana_program_test] Overriding account at ASmKWt93JEMHxbdE6j7znD9y2FcdPboCzC3xtSTJvN7S
[2025-11-05T06:35:23.787151000Z INFO  solana_program_test] Overriding account at 5B57SJ3g2YoNXUpsZqqjEQkRSxyKtVTQRXdgAirz6bio
[2025-11-05T06:35:23.797872000Z DEBUG solana_runtime::message_processor::stable_log] Program 11111111111111111111111111111111 invoke [1]
[2025-11-05T06:35:23.797885000Z DEBUG solana_runtime::message_processor::stable_log] Program 11111111111111111111111111111111 success
[2025-11-05T06:35:23.802025000Z DEBUG solana_runtime::message_processor::stable_log] Program 11111111111111111111111111111111 invoke [1]
[2025-11-05T06:35:23.802039000Z DEBUG solana_runtime::message_processor::stable_log] Program 11111111111111111111111111111111 success
[2025-11-05T06:35:23.806410000Z DEBUG solana_runtime::message_processor::stable_log] Program 11111111111111111111111111111111 invoke [1]
[2025-11-05T06:35:23.806421000Z DEBUG solana_runtime::message_processor::stable_log] Program 11111111111111111111111111111111 success
[2025-11-05T06:35:23.810919000Z DEBUG solana_runtime::message_processor::stable_log] Program 11111111111111111111111111111111 invoke [1]
[2025-11-05T06:35:23.810931000Z DEBUG solana_runtime::message_processor::stable_log] Program 11111111111111111111111111111111 success
[2025-11-05T06:35:23.819135000Z DEBUG solana_runtime::message_processor::stable_log] Program 11111111111111111111111111111111 invoke [1]
[2025-11-05T06:35:23.819156000Z DEBUG solana_runtime::message_processor::stable_log] Program 11111111111111111111111111111111 success
[2025-11-05T06:35:23.819160000Z DEBUG solana_runtime::message_processor::stable_log] Program TokenkegQfeZyiNwAJbNbGKPFXCWuBvf9Ss623VQ5DA invoke [1]
[2025-11-05T06:35:23.819202000Z DEBUG solana_runtime::message_processor::stable_log] Program log: Instruction: InitializeMint2
[2025-11-05T06:35:23.819254000Z DEBUG solana_runtime::message_processor::stable_log] Program TokenkegQfeZyiNwAJbNbGKPFXCWuBvf9Ss623VQ5DA consumed 2779 of 399850 compute units
[2025-11-05T06:35:23.819268000Z DEBUG solana_runtime::message_processor::stable_log] Program TokenkegQfeZyiNwAJbNbGKPFXCWuBvf9Ss623VQ5DA success
[2025-11-05T06:35:23.827117000Z DEBUG solana_runtime::message_processor::stable_log] Program 11111111111111111111111111111111 invoke [1]
[2025-11-05T06:35:23.827134000Z DEBUG solana_runtime::message_processor::stable_log] Program 11111111111111111111111111111111 success
[2025-11-05T06:35:23.827170000Z DEBUG solana_runtime::message_processor::stable_log] Program TokenkegQfeZyiNwAJbNbGKPFXCWuBvf9Ss623VQ5DA invoke [1]
[2025-11-05T06:35:23.827239000Z DEBUG solana_runtime::message_processor::stable_log] Program log: Instruction: InitializeMint2
[2025-11-05T06:35:23.827285000Z DEBUG solana_runtime::message_processor::stable_log] Program TokenkegQfeZyiNwAJbNbGKPFXCWuBvf9Ss623VQ5DA consumed 2779 of 399850 compute units
[2025-11-05T06:35:23.827298000Z DEBUG solana_runtime::message_processor::stable_log] Program TokenkegQfeZyiNwAJbNbGKPFXCWuBvf9Ss623VQ5DA success
[2025-11-05T06:35:23.833530000Z DEBUG solana_runtime::message_processor::stable_log] Program ATokenGPvbdGVxr1b2hvZbsiqW5xWH25efTNsLJA8knL invoke [1]
[2025-11-05T06:35:23.833624000Z DEBUG solana_runtime::message_processor::stable_log] Program log: Create
[2025-11-05T06:35:23.833687000Z DEBUG solana_runtime::message_processor::stable_log] Program TokenkegQfeZyiNwAJbNbGKPFXCWuBvf9Ss623VQ5DA invoke [2]
[2025-11-05T06:35:23.833720000Z DEBUG solana_runtime::message_processor::stable_log] Program log: Instruction: GetAccountDataSize
[2025-11-05T06:35:23.833740000Z DEBUG solana_runtime::message_processor::stable_log] Program TokenkegQfeZyiNwAJbNbGKPFXCWuBvf9Ss623VQ5DA consumed 1595 of 193055 compute units
[2025-11-05T06:35:23.833749000Z DEBUG solana_runtime::message_processor::stable_log] Program return: TokenkegQfeZyiNwAJbNbGKPFXCWuBvf9Ss623VQ5DA pQAAAAAAAAA=
[2025-11-05T06:35:23.833760000Z DEBUG solana_runtime::message_processor::stable_log] Program TokenkegQfeZyiNwAJbNbGKPFXCWuBvf9Ss623VQ5DA success
[2025-11-05T06:35:23.833822000Z DEBUG solana_runtime::message_processor::stable_log] Program 11111111111111111111111111111111 invoke [2]
[2025-11-05T06:35:23.833834000Z DEBUG solana_runtime::message_processor::stable_log] Program 11111111111111111111111111111111 success
[2025-11-05T06:35:23.833841000Z DEBUG solana_runtime::message_processor::stable_log] Program log: Initialize the associated token account
[2025-11-05T06:35:23.833861000Z DEBUG solana_runtime::message_processor::stable_log] Program TokenkegQfeZyiNwAJbNbGKPFXCWuBvf9Ss623VQ5DA invoke [2]
[2025-11-05T06:35:23.833883000Z DEBUG solana_runtime::message_processor::stable_log] Program log: Instruction: InitializeImmutableOwner
[2025-11-05T06:35:23.833895000Z DEBUG solana_runtime::message_processor::stable_log] Program log: Please upgrade to SPL Token 2022 for immutable owner support
[2025-11-05T06:35:23.833899000Z DEBUG solana_runtime::message_processor::stable_log] Program TokenkegQfeZyiNwAJbNbGKPFXCWuBvf9Ss623VQ5DA consumed 1405 of 186442 compute units
[2025-11-05T06:35:23.833907000Z DEBUG solana_runtime::message_processor::stable_log] Program TokenkegQfeZyiNwAJbNbGKPFXCWuBvf9Ss623VQ5DA success
[2025-11-05T06:35:23.833945000Z DEBUG solana_runtime::message_processor::stable_log] Program TokenkegQfeZyiNwAJbNbGKPFXCWuBvf9Ss623VQ5DA invoke [2]
[2025-11-05T06:35:23.833973000Z DEBUG solana_runtime::message_processor::stable_log] Program log: Instruction: InitializeAccount3
[2025-11-05T06:35:23.834053000Z DEBUG solana_runtime::message_processor::stable_log] Program TokenkegQfeZyiNwAJbNbGKPFXCWuBvf9Ss623VQ5DA consumed 4214 of 182558 compute units
[2025-11-05T06:35:23.834064000Z DEBUG solana_runtime::message_processor::stable_log] Program TokenkegQfeZyiNwAJbNbGKPFXCWuBvf9Ss623VQ5DA success
[2025-11-05T06:35:23.834079000Z DEBUG solana_runtime::message_processor::stable_log] Program ATokenGPvbdGVxr1b2hvZbsiqW5xWH25efTNsLJA8knL consumed 21960 of 200000 compute units
[2025-11-05T06:35:23.834090000Z DEBUG solana_runtime::message_processor::stable_log] Program ATokenGPvbdGVxr1b2hvZbsiqW5xWH25efTNsLJA8knL success
[2025-11-05T06:35:23.837894000Z DEBUG solana_runtime::message_processor::stable_log] Program TokenkegQfeZyiNwAJbNbGKPFXCWuBvf9Ss623VQ5DA invoke [1]
[2025-11-05T06:35:23.837957000Z DEBUG solana_runtime::message_processor::stable_log] Program log: Instruction: MintTo
[2025-11-05T06:35:23.838024000Z DEBUG solana_runtime::message_processor::stable_log] Program TokenkegQfeZyiNwAJbNbGKPFXCWuBvf9Ss623VQ5DA consumed 4491 of 200000 compute units
[2025-11-05T06:35:23.838035000Z DEBUG solana_runtime::message_processor::stable_log] Program TokenkegQfeZyiNwAJbNbGKPFXCWuBvf9Ss623VQ5DA success
[2025-11-05T06:35:23.843398000Z DEBUG solana_runtime::message_processor::stable_log] Program ATokenGPvbdGVxr1b2hvZbsiqW5xWH25efTNsLJA8knL invoke [1]
[2025-11-05T06:35:23.843470000Z DEBUG solana_runtime::message_processor::stable_log] Program log: Create
[2025-11-05T06:35:23.843527000Z DEBUG solana_runtime::message_processor::stable_log] Program TokenkegQfeZyiNwAJbNbGKPFXCWuBvf9Ss623VQ5DA invoke [2]
[2025-11-05T06:35:23.843558000Z DEBUG solana_runtime::message_processor::stable_log] Program log: Instruction: GetAccountDataSize
[2025-11-05T06:35:23.843576000Z DEBUG solana_runtime::message_processor::stable_log] Program TokenkegQfeZyiNwAJbNbGKPFXCWuBvf9Ss623VQ5DA consumed 1595 of 193055 compute units
[2025-11-05T06:35:23.843584000Z DEBUG solana_runtime::message_processor::stable_log] Program return: TokenkegQfeZyiNwAJbNbGKPFXCWuBvf9Ss623VQ5DA pQAAAAAAAAA=
[2025-11-05T06:35:23.843593000Z DEBUG solana_runtime::message_processor::stable_log] Program TokenkegQfeZyiNwAJbNbGKPFXCWuBvf9Ss623VQ5DA success
[2025-11-05T06:35:23.843650000Z DEBUG solana_runtime::message_processor::stable_log] Program 11111111111111111111111111111111 invoke [2]
[2025-11-05T06:35:23.843659000Z DEBUG solana_runtime::message_processor::stable_log] Program 11111111111111111111111111111111 success
[2025-11-05T06:35:23.843665000Z DEBUG solana_runtime::message_processor::stable_log] Program log: Initialize the associated token account
[2025-11-05T06:35:23.843683000Z DEBUG solana_runtime::message_processor::stable_log] Program TokenkegQfeZyiNwAJbNbGKPFXCWuBvf9Ss623VQ5DA invoke [2]
[2025-11-05T06:35:23.843705000Z DEBUG solana_runtime::message_processor::stable_log] Program log: Instruction: InitializeImmutableOwner
[2025-11-05T06:35:23.843719000Z DEBUG solana_runtime::message_processor::stable_log] Program log: Please upgrade to SPL Token 2022 for immutable owner support
[2025-11-05T06:35:23.843722000Z DEBUG solana_runtime::message_processor::stable_log] Program TokenkegQfeZyiNwAJbNbGKPFXCWuBvf9Ss623VQ5DA consumed 1405 of 186442 compute units
[2025-11-05T06:35:23.843729000Z DEBUG solana_runtime::message_processor::stable_log] Program TokenkegQfeZyiNwAJbNbGKPFXCWuBvf9Ss623VQ5DA success
[2025-11-05T06:35:23.843763000Z DEBUG solana_runtime::message_processor::stable_log] Program TokenkegQfeZyiNwAJbNbGKPFXCWuBvf9Ss623VQ5DA invoke [2]
[2025-11-05T06:35:23.843794000Z DEBUG solana_runtime::message_processor::stable_log] Program log: Instruction: InitializeAccount3
[2025-11-05T06:35:23.843952000Z DEBUG solana_runtime::message_processor::stable_log] Program TokenkegQfeZyiNwAJbNbGKPFXCWuBvf9Ss623VQ5DA consumed 4214 of 182558 compute units
[2025-11-05T06:35:23.843963000Z DEBUG solana_runtime::message_processor::stable_log] Program TokenkegQfeZyiNwAJbNbGKPFXCWuBvf9Ss623VQ5DA success
[2025-11-05T06:35:23.843977000Z DEBUG solana_runtime::message_processor::stable_log] Program ATokenGPvbdGVxr1b2hvZbsiqW5xWH25efTNsLJA8knL consumed 21960 of 200000 compute units
[2025-11-05T06:35:23.843987000Z DEBUG solana_runtime::message_processor::stable_log] Program ATokenGPvbdGVxr1b2hvZbsiqW5xWH25efTNsLJA8knL success
[2025-11-05T06:35:23.847351000Z DEBUG solana_runtime::message_processor::stable_log] Program TokenkegQfeZyiNwAJbNbGKPFXCWuBvf9Ss623VQ5DA invoke [1]
[2025-11-05T06:35:23.847401000Z DEBUG solana_runtime::message_processor::stable_log] Program log: Instruction: MintTo
[2025-11-05T06:35:23.847460000Z DEBUG solana_runtime::message_processor::stable_log] Program TokenkegQfeZyiNwAJbNbGKPFXCWuBvf9Ss623VQ5DA consumed 4491 of 200000 compute units
[2025-11-05T06:35:23.847472000Z DEBUG solana_runtime::message_processor::stable_log] Program TokenkegQfeZyiNwAJbNbGKPFXCWuBvf9Ss623VQ5DA success
[2025-11-05T06:35:23.853071000Z DEBUG solana_runtime::message_processor::stable_log] Program ATokenGPvbdGVxr1b2hvZbsiqW5xWH25efTNsLJA8knL invoke [1]
[2025-11-05T06:35:23.853136000Z DEBUG solana_runtime::message_processor::stable_log] Program log: Create
[2025-11-05T06:35:23.853221000Z DEBUG solana_runtime::message_processor::stable_log] Program TokenkegQfeZyiNwAJbNbGKPFXCWuBvf9Ss623VQ5DA invoke [2]
[2025-11-05T06:35:23.853260000Z DEBUG solana_runtime::message_processor::stable_log] Program log: Instruction: GetAccountDataSize
[2025-11-05T06:35:23.853278000Z DEBUG solana_runtime::message_processor::stable_log] Program TokenkegQfeZyiNwAJbNbGKPFXCWuBvf9Ss623VQ5DA consumed 1595 of 187055 compute units
[2025-11-05T06:35:23.853286000Z DEBUG solana_runtime::message_processor::stable_log] Program return: TokenkegQfeZyiNwAJbNbGKPFXCWuBvf9Ss623VQ5DA pQAAAAAAAAA=
[2025-11-05T06:35:23.853294000Z DEBUG solana_runtime::message_processor::stable_log] Program TokenkegQfeZyiNwAJbNbGKPFXCWuBvf9Ss623VQ5DA success
[2025-11-05T06:35:23.853348000Z DEBUG solana_runtime::message_processor::stable_log] Program 11111111111111111111111111111111 invoke [2]
[2025-11-05T06:35:23.853356000Z DEBUG solana_runtime::message_processor::stable_log] Program 11111111111111111111111111111111 success
[2025-11-05T06:35:23.853362000Z DEBUG solana_runtime::message_processor::stable_log] Program log: Initialize the associated token account
[2025-11-05T06:35:23.853378000Z DEBUG solana_runtime::message_processor::stable_log] Program TokenkegQfeZyiNwAJbNbGKPFXCWuBvf9Ss623VQ5DA invoke [2]
[2025-11-05T06:35:23.853399000Z DEBUG solana_runtime::message_processor::stable_log] Program log: Instruction: InitializeImmutableOwner
[2025-11-05T06:35:23.853410000Z DEBUG solana_runtime::message_processor::stable_log] Program log: Please upgrade to SPL Token 2022 for immutable owner support
[2025-11-05T06:35:23.853413000Z DEBUG solana_runtime::message_processor::stable_log] Program TokenkegQfeZyiNwAJbNbGKPFXCWuBvf9Ss623VQ5DA consumed 1405 of 180442 compute units
[2025-11-05T06:35:23.853420000Z DEBUG solana_runtime::message_processor::stable_log] Program TokenkegQfeZyiNwAJbNbGKPFXCWuBvf9Ss623VQ5DA success
[2025-11-05T06:35:23.853453000Z DEBUG solana_runtime::message_processor::stable_log] Program TokenkegQfeZyiNwAJbNbGKPFXCWuBvf9Ss623VQ5DA invoke [2]
[2025-11-05T06:35:23.853476000Z DEBUG solana_runtime::message_processor::stable_log] Program log: Instruction: InitializeAccount3
[2025-11-05T06:35:23.853529000Z DEBUG solana_runtime::message_processor::stable_log] Program TokenkegQfeZyiNwAJbNbGKPFXCWuBvf9Ss623VQ5DA consumed 4214 of 176558 compute units
[2025-11-05T06:35:23.853536000Z DEBUG solana_runtime::message_processor::stable_log] Program TokenkegQfeZyiNwAJbNbGKPFXCWuBvf9Ss623VQ5DA success
[2025-11-05T06:35:23.853548000Z DEBUG solana_runtime::message_processor::stable_log] Program ATokenGPvbdGVxr1b2hvZbsiqW5xWH25efTNsLJA8knL consumed 27960 of 200000 compute units
[2025-11-05T06:35:23.853557000Z DEBUG solana_runtime::message_processor::stable_log] Program ATokenGPvbdGVxr1b2hvZbsiqW5xWH25efTNsLJA8knL success
[2025-11-05T06:35:23.856827000Z DEBUG solana_runtime::message_processor::stable_log] Program TokenkegQfeZyiNwAJbNbGKPFXCWuBvf9Ss623VQ5DA invoke [1]
[2025-11-05T06:35:23.856869000Z DEBUG solana_runtime::message_processor::stable_log] Program log: Instruction: MintTo
[2025-11-05T06:35:23.856929000Z DEBUG solana_runtime::message_processor::stable_log] Program TokenkegQfeZyiNwAJbNbGKPFXCWuBvf9Ss623VQ5DA consumed 4491 of 200000 compute units
[2025-11-05T06:35:23.856937000Z DEBUG solana_runtime::message_processor::stable_log] Program TokenkegQfeZyiNwAJbNbGKPFXCWuBvf9Ss623VQ5DA success
[2025-11-05T06:35:23.861698000Z DEBUG solana_runtime::message_processor::stable_log] Program ATokenGPvbdGVxr1b2hvZbsiqW5xWH25efTNsLJA8knL invoke [1]
[2025-11-05T06:35:23.861821000Z DEBUG solana_runtime::message_processor::stable_log] Program log: Create
[2025-11-05T06:35:23.861878000Z DEBUG solana_runtime::message_processor::stable_log] Program TokenkegQfeZyiNwAJbNbGKPFXCWuBvf9Ss623VQ5DA invoke [2]
[2025-11-05T06:35:23.861909000Z DEBUG solana_runtime::message_processor::stable_log] Program log: Instruction: GetAccountDataSize
[2025-11-05T06:35:23.861926000Z DEBUG solana_runtime::message_processor::stable_log] Program TokenkegQfeZyiNwAJbNbGKPFXCWuBvf9Ss623VQ5DA consumed 1595 of 193055 compute units
[2025-11-05T06:35:23.861934000Z DEBUG solana_runtime::message_processor::stable_log] Program return: TokenkegQfeZyiNwAJbNbGKPFXCWuBvf9Ss623VQ5DA pQAAAAAAAAA=
[2025-11-05T06:35:23.861943000Z DEBUG solana_runtime::message_processor::stable_log] Program TokenkegQfeZyiNwAJbNbGKPFXCWuBvf9Ss623VQ5DA success
[2025-11-05T06:35:23.861997000Z DEBUG solana_runtime::message_processor::stable_log] Program 11111111111111111111111111111111 invoke [2]
[2025-11-05T06:35:23.862010000Z DEBUG solana_runtime::message_processor::stable_log] Program 11111111111111111111111111111111 success
[2025-11-05T06:35:23.862015000Z DEBUG solana_runtime::message_processor::stable_log] Program log: Initialize the associated token account
[2025-11-05T06:35:23.862034000Z DEBUG solana_runtime::message_processor::stable_log] Program TokenkegQfeZyiNwAJbNbGKPFXCWuBvf9Ss623VQ5DA invoke [2]
[2025-11-05T06:35:23.862054000Z DEBUG solana_runtime::message_processor::stable_log] Program log: Instruction: InitializeImmutableOwner
[2025-11-05T06:35:23.862065000Z DEBUG solana_runtime::message_processor::stable_log] Program log: Please upgrade to SPL Token 2022 for immutable owner support
[2025-11-05T06:35:23.862068000Z DEBUG solana_runtime::message_processor::stable_log] Program TokenkegQfeZyiNwAJbNbGKPFXCWuBvf9Ss623VQ5DA consumed 1405 of 186442 compute units
[2025-11-05T06:35:23.862084000Z DEBUG solana_runtime::message_processor::stable_log] Program TokenkegQfeZyiNwAJbNbGKPFXCWuBvf9Ss623VQ5DA success
[2025-11-05T06:35:23.862117000Z DEBUG solana_runtime::message_processor::stable_log] Program TokenkegQfeZyiNwAJbNbGKPFXCWuBvf9Ss623VQ5DA invoke [2]
[2025-11-05T06:35:23.862151000Z DEBUG solana_runtime::message_processor::stable_log] Program log: Instruction: InitializeAccount3
[2025-11-05T06:35:23.862205000Z DEBUG solana_runtime::message_processor::stable_log] Program TokenkegQfeZyiNwAJbNbGKPFXCWuBvf9Ss623VQ5DA consumed 4214 of 182558 compute units
[2025-11-05T06:35:23.862214000Z DEBUG solana_runtime::message_processor::stable_log] Program TokenkegQfeZyiNwAJbNbGKPFXCWuBvf9Ss623VQ5DA success
[2025-11-05T06:35:23.862226000Z DEBUG solana_runtime::message_processor::stable_log] Program ATokenGPvbdGVxr1b2hvZbsiqW5xWH25efTNsLJA8knL consumed 21960 of 200000 compute units
[2025-11-05T06:35:23.862235000Z DEBUG solana_runtime::message_processor::stable_log] Program ATokenGPvbdGVxr1b2hvZbsiqW5xWH25efTNsLJA8knL success
[2025-11-05T06:35:23.865747000Z DEBUG solana_runtime::message_processor::stable_log] Program TokenkegQfeZyiNwAJbNbGKPFXCWuBvf9Ss623VQ5DA invoke [1]
[2025-11-05T06:35:23.865804000Z DEBUG solana_runtime::message_processor::stable_log] Program log: Instruction: MintTo
[2025-11-05T06:35:23.865869000Z DEBUG solana_runtime::message_processor::stable_log] Program TokenkegQfeZyiNwAJbNbGKPFXCWuBvf9Ss623VQ5DA consumed 4491 of 200000 compute units
[2025-11-05T06:35:23.865879000Z DEBUG solana_runtime::message_processor::stable_log] Program TokenkegQfeZyiNwAJbNbGKPFXCWuBvf9Ss623VQ5DA success
[2025-11-05T06:35:23.878054000Z DEBUG solana_runtime::message_processor::stable_log] Program ASmKWt93JEMHxbdE6j7znD9y2FcdPboCzC3xtSTJvN7S invoke [1]
[2025-11-05T06:35:23.878121000Z DEBUG solana_runtime::message_processor::stable_log] Program log: Instruction: CreateConfig
[2025-11-05T06:35:23.878210000Z DEBUG solana_runtime::message_processor::stable_log] Program 11111111111111111111111111111111 invoke [2]
[2025-11-05T06:35:23.878218000Z DEBUG solana_runtime::message_processor::stable_log] Program 11111111111111111111111111111111 success
[2025-11-05T06:35:23.878360000Z DEBUG solana_runtime::message_processor::stable_log] Program ASmKWt93JEMHxbdE6j7znD9y2FcdPboCzC3xtSTJvN7S invoke [2]
[2025-11-05T06:35:23.878403000Z DEBUG solana_runtime::message_processor::stable_log] Program ASmKWt93JEMHxbdE6j7znD9y2FcdPboCzC3xtSTJvN7S consumed 2069 of 186095 compute units
[2025-11-05T06:35:23.878413000Z DEBUG solana_runtime::message_processor::stable_log] Program ASmKWt93JEMHxbdE6j7znD9y2FcdPboCzC3xtSTJvN7S success
[2025-11-05T06:35:23.878427000Z DEBUG solana_runtime::message_processor::stable_log] Program ASmKWt93JEMHxbdE6j7znD9y2FcdPboCzC3xtSTJvN7S consumed 16279 of 200000 compute units
[2025-11-05T06:35:23.878436000Z DEBUG solana_runtime::message_processor::stable_log] Program ASmKWt93JEMHxbdE6j7znD9y2FcdPboCzC3xtSTJvN7S success
[2025-11-05T06:35:23.903766000Z DEBUG solana_runtime::message_processor::stable_log] Program ASmKWt93JEMHxbdE6j7znD9y2FcdPboCzC3xtSTJvN7S invoke [1]
[2025-11-05T06:35:23.903884000Z DEBUG solana_runtime::message_processor::stable_log] Program log: Instruction: InitializePool
[2025-11-05T06:35:23.904021000Z DEBUG solana_runtime::message_processor::stable_log] Program 11111111111111111111111111111111 invoke [2]
[2025-11-05T06:35:23.904029000Z DEBUG solana_runtime::message_processor::stable_log] Program 11111111111111111111111111111111 success
[2025-11-05T06:35:23.904064000Z DEBUG solana_runtime::message_processor::stable_log] Program TokenzQdBNbLqP5VEhdkAS6EPFLC1PHnBqCXEpPxuEb invoke [2]
[2025-11-05T06:35:23.904094000Z DEBUG solana_runtime::message_processor::stable_log] Program log: MetadataPointerInstruction::Initialize
[2025-11-05T06:35:23.904128000Z DEBUG solana_runtime::message_processor::stable_log] Program TokenzQdBNbLqP5VEhdkAS6EPFLC1PHnBqCXEpPxuEb consumed 2442 of 334963 compute units
[2025-11-05T06:35:23.904137000Z DEBUG solana_runtime::message_processor::stable_log] Program TokenzQdBNbLqP5VEhdkAS6EPFLC1PHnBqCXEpPxuEb success
[2025-11-05T06:35:23.904166000Z DEBUG solana_runtime::message_processor::stable_log] Program TokenzQdBNbLqP5VEhdkAS6EPFLC1PHnBqCXEpPxuEb invoke [2]
[2025-11-05T06:35:23.904187000Z DEBUG solana_runtime::message_processor::stable_log] Program log: Instruction: InitializeMintCloseAuthority
[2025-11-05T06:35:23.904218000Z DEBUG solana_runtime::message_processor::stable_log] Program TokenzQdBNbLqP5VEhdkAS6EPFLC1PHnBqCXEpPxuEb consumed 2570 of 330543 compute units
[2025-11-05T06:35:23.904226000Z DEBUG solana_runtime::message_processor::stable_log] Program TokenzQdBNbLqP5VEhdkAS6EPFLC1PHnBqCXEpPxuEb success
[2025-11-05T06:35:23.904254000Z DEBUG solana_runtime::message_processor::stable_log] Program TokenzQdBNbLqP5VEhdkAS6EPFLC1PHnBqCXEpPxuEb invoke [2]
[2025-11-05T06:35:23.904275000Z DEBUG solana_runtime::message_processor::stable_log] Program log: Instruction: InitializeMint2
[2025-11-05T06:35:23.904349000Z DEBUG solana_runtime::message_processor::stable_log] Program TokenzQdBNbLqP5VEhdkAS6EPFLC1PHnBqCXEpPxuEb consumed 4078 of 326031 compute units
[2025-11-05T06:35:23.904372000Z DEBUG solana_runtime::message_processor::stable_log] Program TokenzQdBNbLqP5VEhdkAS6EPFLC1PHnBqCXEpPxuEb success
[2025-11-05T06:35:23.904521000Z DEBUG solana_runtime::message_processor::stable_log] Program 11111111111111111111111111111111 invoke [2]
[2025-11-05T06:35:23.904538000Z DEBUG solana_runtime::message_processor::stable_log] Program 11111111111111111111111111111111 success
[2025-11-05T06:35:23.904577000Z DEBUG solana_runtime::message_processor::stable_log] Program TokenzQdBNbLqP5VEhdkAS6EPFLC1PHnBqCXEpPxuEb invoke [2]
[2025-11-05T06:35:23.904603000Z DEBUG solana_runtime::message_processor::stable_log] Program log: Instruction: InitializeAccount3
[2025-11-05T06:35:23.904677000Z DEBUG solana_runtime::message_processor::stable_log] Program TokenzQdBNbLqP5VEhdkAS6EPFLC1PHnBqCXEpPxuEb consumed 5137 of 309347 compute units
[2025-11-05T06:35:23.904685000Z DEBUG solana_runtime::message_processor::stable_log] Program TokenzQdBNbLqP5VEhdkAS6EPFLC1PHnBqCXEpPxuEb success
[2025-11-05T06:35:23.904781000Z DEBUG solana_runtime::message_processor::stable_log] Program 11111111111111111111111111111111 invoke [2]
[2025-11-05T06:35:23.904786000Z DEBUG solana_runtime::message_processor::stable_log] Program 11111111111111111111111111111111 success
[2025-11-05T06:35:23.904850000Z DEBUG solana_runtime::message_processor::stable_log] Program 11111111111111111111111111111111 invoke [2]
[2025-11-05T06:35:23.904853000Z DEBUG solana_runtime::message_processor::stable_log] Program 11111111111111111111111111111111 success
[2025-11-05T06:35:23.904919000Z DEBUG solana_runtime::message_processor::stable_log] Program 11111111111111111111111111111111 invoke [2]
[2025-11-05T06:35:23.904922000Z DEBUG solana_runtime::message_processor::stable_log] Program 11111111111111111111111111111111 success
[2025-11-05T06:35:23.904948000Z DEBUG solana_runtime::message_processor::stable_log] Program TokenkegQfeZyiNwAJbNbGKPFXCWuBvf9Ss623VQ5DA invoke [2]
[2025-11-05T06:35:23.904977000Z DEBUG solana_runtime::message_processor::stable_log] Program log: Instruction: InitializeAccount3
[2025-11-05T06:35:23.905033000Z DEBUG solana_runtime::message_processor::stable_log] Program TokenkegQfeZyiNwAJbNbGKPFXCWuBvf9Ss623VQ5DA consumed 4214 of 284244 compute units
[2025-11-05T06:35:23.905041000Z DEBUG solana_runtime::message_processor::stable_log] Program TokenkegQfeZyiNwAJbNbGKPFXCWuBvf9Ss623VQ5DA success
[2025-11-05T06:35:23.905131000Z DEBUG solana_runtime::message_processor::stable_log] Program 11111111111111111111111111111111 invoke [2]
[2025-11-05T06:35:23.905134000Z DEBUG solana_runtime::message_processor::stable_log] Program 11111111111111111111111111111111 success
[2025-11-05T06:35:23.905159000Z DEBUG solana_runtime::message_processor::stable_log] Program TokenkegQfeZyiNwAJbNbGKPFXCWuBvf9Ss623VQ5DA invoke [2]
[2025-11-05T06:35:23.905183000Z DEBUG solana_runtime::message_processor::stable_log] Program log: Instruction: InitializeAccount3
[2025-11-05T06:35:23.905233000Z DEBUG solana_runtime::message_processor::stable_log] Program TokenkegQfeZyiNwAJbNbGKPFXCWuBvf9Ss623VQ5DA consumed 4214 of 271105 compute units
[2025-11-05T06:35:23.905240000Z DEBUG solana_runtime::message_processor::stable_log] Program TokenkegQfeZyiNwAJbNbGKPFXCWuBvf9Ss623VQ5DA success
[2025-11-05T06:35:23.905451000Z DEBUG solana_runtime::message_processor::stable_log] Program TokenzQdBNbLqP5VEhdkAS6EPFLC1PHnBqCXEpPxuEb invoke [2]
[2025-11-05T06:35:23.905499000Z DEBUG solana_runtime::message_processor::stable_log] Program log: TokenMetadataInstruction: Initialize
[2025-11-05T06:35:23.905671000Z DEBUG solana_runtime::message_processor::stable_log] Program TokenzQdBNbLqP5VEhdkAS6EPFLC1PHnBqCXEpPxuEb consumed 9900 of 254603 compute units
[2025-11-05T06:35:23.905687000Z DEBUG solana_runtime::message_processor::stable_log] Program TokenzQdBNbLqP5VEhdkAS6EPFLC1PHnBqCXEpPxuEb success
[2025-11-05T06:35:23.905745000Z DEBUG solana_runtime::message_processor::stable_log] Program 11111111111111111111111111111111 invoke [2]
[2025-11-05T06:35:23.905748000Z DEBUG solana_runtime::message_processor::stable_log] Program 11111111111111111111111111111111 success
[2025-11-05T06:35:23.905788000Z DEBUG solana_runtime::message_processor::stable_log] Program TokenzQdBNbLqP5VEhdkAS6EPFLC1PHnBqCXEpPxuEb invoke [2]
[2025-11-05T06:35:23.905815000Z DEBUG solana_runtime::message_processor::stable_log] Program log: Instruction: MintTo
[2025-11-05T06:35:23.905888000Z DEBUG solana_runtime::message_processor::stable_log] Program TokenzQdBNbLqP5VEhdkAS6EPFLC1PHnBqCXEpPxuEb consumed 5540 of 239641 compute units
[2025-11-05T06:35:23.905898000Z DEBUG solana_runtime::message_processor::stable_log] Program TokenzQdBNbLqP5VEhdkAS6EPFLC1PHnBqCXEpPxuEb success
[2025-11-05T06:35:23.905946000Z DEBUG solana_runtime::message_processor::stable_log] Program ASmKWt93JEMHxbdE6j7znD9y2FcdPboCzC3xtSTJvN7S invoke [2]
[2025-11-05T06:35:23.905981000Z DEBUG solana_runtime::message_processor::stable_log] Program ASmKWt93JEMHxbdE6j7znD9y2FcdPboCzC3xtSTJvN7S consumed 2069 of 231036 compute units
[2025-11-05T06:35:23.905988000Z DEBUG solana_runtime::message_processor::stable_log] Program ASmKWt93JEMHxbdE6j7znD9y2FcdPboCzC3xtSTJvN7S success
[2025-11-05T06:35:23.906031000Z DEBUG solana_runtime::message_processor::stable_log] Program TokenkegQfeZyiNwAJbNbGKPFXCWuBvf9Ss623VQ5DA invoke [2]
[2025-11-05T06:35:23.906065000Z DEBUG solana_runtime::message_processor::stable_log] Program log: Instruction: TransferChecked
[2025-11-05T06:35:23.906137000Z DEBUG solana_runtime::message_processor::stable_log] Program TokenkegQfeZyiNwAJbNbGKPFXCWuBvf9Ss623VQ5DA consumed 6174 of 226423 compute units
[2025-11-05T06:35:23.906146000Z DEBUG solana_runtime::message_processor::stable_log] Program TokenkegQfeZyiNwAJbNbGKPFXCWuBvf9Ss623VQ5DA success
[2025-11-05T06:35:23.906186000Z DEBUG solana_runtime::message_processor::stable_log] Program TokenkegQfeZyiNwAJbNbGKPFXCWuBvf9Ss623VQ5DA invoke [2]
[2025-11-05T06:35:23.906215000Z DEBUG solana_runtime::message_processor::stable_log] Program log: Instruction: TransferChecked
[2025-11-05T06:35:23.906280000Z DEBUG solana_runtime::message_processor::stable_log] Program TokenkegQfeZyiNwAJbNbGKPFXCWuBvf9Ss623VQ5DA consumed 6174 of 217839 compute units
[2025-11-05T06:35:23.906288000Z DEBUG solana_runtime::message_processor::stable_log] Program TokenkegQfeZyiNwAJbNbGKPFXCWuBvf9Ss623VQ5DA success
[2025-11-05T06:35:23.906361000Z DEBUG solana_runtime::message_processor::stable_log] Program ASmKWt93JEMHxbdE6j7znD9y2FcdPboCzC3xtSTJvN7S invoke [2]
[2025-11-05T06:35:23.906397000Z DEBUG solana_runtime::message_processor::stable_log] Program ASmKWt93JEMHxbdE6j7znD9y2FcdPboCzC3xtSTJvN7S consumed 2069 of 206584 compute units
[2025-11-05T06:35:23.906405000Z DEBUG solana_runtime::message_processor::stable_log] Program ASmKWt93JEMHxbdE6j7znD9y2FcdPboCzC3xtSTJvN7S success
[2025-11-05T06:35:23.906431000Z DEBUG solana_runtime::message_processor::stable_log] Program ASmKWt93JEMHxbdE6j7znD9y2FcdPboCzC3xtSTJvN7S consumed 146279 of 350000 compute units
[2025-11-05T06:35:23.906440000Z DEBUG solana_runtime::message_processor::stable_log] Program ASmKWt93JEMHxbdE6j7znD9y2FcdPboCzC3xtSTJvN7S success
[2025-11-05T06:35:23.906448000Z DEBUG solana_runtime::message_processor::stable_log] Program ComputeBudget111111111111111111111111111111 invoke [1]
[2025-11-05T06:35:23.906455000Z DEBUG solana_runtime::message_processor::stable_log] Program ComputeBudget111111111111111111111111111111 success
[2025-11-05T06:35:23.927153000Z DEBUG solana_runtime::message_processor::stable_log] Program 5B57SJ3g2YoNXUpsZqqjEQkRSxyKtVTQRXdgAirz6bio invoke [1]
[2025-11-05T06:35:23.927281000Z DEBUG solana_runtime::message_processor::stable_log] Program log: Instruction: InitializeHonoraryPosition
[2025-11-05T06:35:23.927450000Z DEBUG solana_runtime::message_processor::stable_log] Program 11111111111111111111111111111111 invoke [2]
[2025-11-05T06:35:23.927459000Z DEBUG solana_runtime::message_processor::stable_log] Program 11111111111111111111111111111111 success
[2025-11-05T06:35:23.927539000Z DEBUG solana_runtime::message_processor::stable_log] Program 11111111111111111111111111111111 invoke [2]
[2025-11-05T06:35:23.927542000Z DEBUG solana_runtime::message_processor::stable_log] Program 11111111111111111111111111111111 success
[2025-11-05T06:35:23.927571000Z DEBUG solana_runtime::message_processor::stable_log] Program TokenkegQfeZyiNwAJbNbGKPFXCWuBvf9Ss623VQ5DA invoke [2]
[2025-11-05T06:35:23.927610000Z DEBUG solana_runtime::message_processor::stable_log] Program log: Instruction: InitializeAccount3
[2025-11-05T06:35:23.927681000Z DEBUG solana_runtime::message_processor::stable_log] Program TokenkegQfeZyiNwAJbNbGKPFXCWuBvf9Ss623VQ5DA consumed 4214 of 174112 compute units
[2025-11-05T06:35:23.927693000Z DEBUG solana_runtime::message_processor::stable_log] Program TokenkegQfeZyiNwAJbNbGKPFXCWuBvf9Ss623VQ5DA success
[2025-11-05T06:35:23.927792000Z DEBUG solana_runtime::message_processor::stable_log] Program 11111111111111111111111111111111 invoke [2]
[2025-11-05T06:35:23.927796000Z DEBUG solana_runtime::message_processor::stable_log] Program 11111111111111111111111111111111 success
[2025-11-05T06:35:23.927823000Z DEBUG solana_runtime::message_processor::stable_log] Program TokenkegQfeZyiNwAJbNbGKPFXCWuBvf9Ss623VQ5DA invoke [2]
[2025-11-05T06:35:23.927848000Z DEBUG solana_runtime::message_processor::stable_log] Program log: Instruction: InitializeAccount3
[2025-11-05T06:35:23.927899000Z DEBUG solana_runtime::message_processor::stable_log] Program TokenkegQfeZyiNwAJbNbGKPFXCWuBvf9Ss623VQ5DA consumed 4214 of 159476 compute units
[2025-11-05T06:35:23.927906000Z DEBUG solana_runtime::message_processor::stable_log] Program TokenkegQfeZyiNwAJbNbGKPFXCWuBvf9Ss623VQ5DA success
[2025-11-05T06:35:23.927959000Z DEBUG solana_runtime::message_processor::stable_log] Program log: Creating honorary position through CP-AMM CPI
[2025-11-05T06:35:23.928035000Z DEBUG solana_runtime::message_processor::stable_log] Program ASmKWt93JEMHxbdE6j7znD9y2FcdPboCzC3xtSTJvN7S invoke [2]
[2025-11-05T06:35:23.928107000Z DEBUG solana_runtime::message_processor::stable_log] Program log: Instruction: CreatePosition
[2025-11-05T06:35:23.928217000Z DEBUG solana_runtime::message_processor::stable_log] Program 11111111111111111111111111111111 invoke [3]
[2025-11-05T06:35:23.928234000Z DEBUG solana_runtime::message_processor::stable_log] Program 11111111111111111111111111111111 success
[2025-11-05T06:35:23.928288000Z DEBUG solana_runtime::message_processor::stable_log] Program TokenzQdBNbLqP5VEhdkAS6EPFLC1PHnBqCXEpPxuEb invoke [3]
[2025-11-05T06:35:23.928322000Z DEBUG solana_runtime::message_processor::stable_log] Program log: MetadataPointerInstruction::Initialize
[2025-11-05T06:35:23.928358000Z DEBUG solana_runtime::message_processor::stable_log] Program TokenzQdBNbLqP5VEhdkAS6EPFLC1PHnBqCXEpPxuEb consumed 2442 of 134170 compute units
[2025-11-05T06:35:23.928365000Z DEBUG solana_runtime::message_processor::stable_log] Program TokenzQdBNbLqP5VEhdkAS6EPFLC1PHnBqCXEpPxuEb success
[2025-11-05T06:35:23.928393000Z DEBUG solana_runtime::message_processor::stable_log] Program TokenzQdBNbLqP5VEhdkAS6EPFLC1PHnBqCXEpPxuEb invoke [3]
[2025-11-05T06:35:23.928413000Z DEBUG solana_runtime::message_processor::stable_log] Program log: Instruction: InitializeMintCloseAuthority
[2025-11-05T06:35:23.928445000Z DEBUG solana_runtime::message_processor::stable_log] Program TokenzQdBNbLqP5VEhdkAS6EPFLC1PHnBqCXEpPxuEb consumed 2570 of 129750 compute units
[2025-11-05T06:35:23.928455000Z DEBUG solana_runtime::message_processor::stable_log] Program TokenzQdBNbLqP5VEhdkAS6EPFLC1PHnBqCXEpPxuEb success
[2025-11-05T06:35:23.928486000Z DEBUG solana_runtime::message_processor::stable_log] Program TokenzQdBNbLqP5VEhdkAS6EPFLC1PHnBqCXEpPxuEb invoke [3]
[2025-11-05T06:35:23.928508000Z DEBUG solana_runtime::message_processor::stable_log] Program log: Instruction: InitializeMint2
[2025-11-05T06:35:23.928567000Z DEBUG solana_runtime::message_processor::stable_log] Program TokenzQdBNbLqP5VEhdkAS6EPFLC1PHnBqCXEpPxuEb consumed 4078 of 125237 compute units
[2025-11-05T06:35:23.928575000Z DEBUG solana_runtime::message_processor::stable_log] Program TokenzQdBNbLqP5VEhdkAS6EPFLC1PHnBqCXEpPxuEb success
[2025-11-05T06:35:23.928694000Z DEBUG solana_runtime::message_processor::stable_log] Program 11111111111111111111111111111111 invoke [3]
[2025-11-05T06:35:23.928697000Z DEBUG solana_runtime::message_processor::stable_log] Program 11111111111111111111111111111111 success
[2025-11-05T06:35:23.928724000Z DEBUG solana_runtime::message_processor::stable_log] Program TokenzQdBNbLqP5VEhdkAS6EPFLC1PHnBqCXEpPxuEb invoke [3]
[2025-11-05T06:35:23.928747000Z DEBUG solana_runtime::message_processor::stable_log] Program log: Instruction: InitializeAccount3
[2025-11-05T06:35:23.928820000Z DEBUG solana_runtime::message_processor::stable_log] Program TokenzQdBNbLqP5VEhdkAS6EPFLC1PHnBqCXEpPxuEb consumed 5137 of 110053 compute units
[2025-11-05T06:35:23.928828000Z DEBUG solana_runtime::message_processor::stable_log] Program TokenzQdBNbLqP5VEhdkAS6EPFLC1PHnBqCXEpPxuEb success
[2025-11-05T06:35:23.928932000Z DEBUG solana_runtime::message_processor::stable_log] Program 11111111111111111111111111111111 invoke [3]
[2025-11-05T06:35:23.928940000Z DEBUG solana_runtime::message_processor::stable_log] Program 11111111111111111111111111111111 success
[2025-11-05T06:35:23.929044000Z DEBUG solana_runtime::message_processor::stable_log] Program TokenzQdBNbLqP5VEhdkAS6EPFLC1PHnBqCXEpPxuEb invoke [3]
[2025-11-05T06:35:23.929092000Z DEBUG solana_runtime::message_processor::stable_log] Program log: TokenMetadataInstruction: Initialize
[2025-11-05T06:35:23.929216000Z DEBUG solana_runtime::message_processor::stable_log] Program TokenzQdBNbLqP5VEhdkAS6EPFLC1PHnBqCXEpPxuEb consumed 9900 of 88823 compute units
[2025-11-05T06:35:23.929224000Z DEBUG solana_runtime::message_processor::stable_log] Program TokenzQdBNbLqP5VEhdkAS6EPFLC1PHnBqCXEpPxuEb success
[2025-11-05T06:35:23.929263000Z DEBUG solana_runtime::message_processor::stable_log] Program 11111111111111111111111111111111 invoke [3]
[2025-11-05T06:35:23.929265000Z DEBUG solana_runtime::message_processor::stable_log] Program 11111111111111111111111111111111 success
[2025-11-05T06:35:23.929303000Z DEBUG solana_runtime::message_processor::stable_log] Program TokenzQdBNbLqP5VEhdkAS6EPFLC1PHnBqCXEpPxuEb invoke [3]
[2025-11-05T06:35:23.929330000Z DEBUG solana_runtime::message_processor::stable_log] Program log: Instruction: MintTo
[2025-11-05T06:35:23.929400000Z DEBUG solana_runtime::message_processor::stable_log] Program TokenzQdBNbLqP5VEhdkAS6EPFLC1PHnBqCXEpPxuEb consumed 5540 of 73861 compute units
[2025-11-05T06:35:23.929408000Z DEBUG solana_runtime::message_processor::stable_log] Program TokenzQdBNbLqP5VEhdkAS6EPFLC1PHnBqCXEpPxuEb success
[2025-11-05T06:35:23.929458000Z DEBUG solana_runtime::message_processor::stable_log] Program ASmKWt93JEMHxbdE6j7znD9y2FcdPboCzC3xtSTJvN7S invoke [3]
[2025-11-05T06:35:23.929530000Z DEBUG solana_runtime::message_processor::stable_log] Program ASmKWt93JEMHxbdE6j7znD9y2FcdPboCzC3xtSTJvN7S consumed 2069 of 65255 compute units
[2025-11-05T06:35:23.929560000Z DEBUG solana_runtime::message_processor::stable_log] Program ASmKWt93JEMHxbdE6j7znD9y2FcdPboCzC3xtSTJvN7S success
[2025-11-05T06:35:23.929596000Z DEBUG solana_runtime::message_processor::stable_log] Program ASmKWt93JEMHxbdE6j7znD9y2FcdPboCzC3xtSTJvN7S consumed 80600 of 143214 compute units
[2025-11-05T06:35:23.929609000Z DEBUG solana_runtime::message_processor::stable_log] Program ASmKWt93JEMHxbdE6j7znD9y2FcdPboCzC3xtSTJvN7S success
[2025-11-05T06:35:23.929635000Z DEBUG solana_runtime::message_processor::stable_log] Program data: B9TwvmYpSyl0W6UEfJbGe2RhiwxsTVuBFSAmDKvqj9oXQkrHUX6qx32AdaZpRaXIr0Jj0ID/l62KLf2qQVgVM0ETKeyk+K1OCVEFvoy0wlmPTNpFlA86HIOKHHQrRmmlf8F2F3RmYbB5Ca9/5tvO2eumwAc1pFABtGx2RRqvQXvr9fJIXFduQVt01G/Q7r4eTIn3qVsfPAgNE7BwmRcn4LqAbd9Ok3kEK/AKaQAAAAA=
[2025-11-05T06:35:23.929654000Z DEBUG solana_runtime::message_processor::stable_log] Program 5B57SJ3g2YoNXUpsZqqjEQkRSxyKtVTQRXdgAirz6bio consumed 139480 of 200000 compute units
[2025-11-05T06:35:23.929664000Z DEBUG solana_runtime::message_processor::stable_log] Program 5B57SJ3g2YoNXUpsZqqjEQkRSxyKtVTQRXdgAirz6bio success
[2025-11-05T06:35:23.935947000Z DEBUG solana_runtime::message_processor::stable_log] Program 5B57SJ3g2YoNXUpsZqqjEQkRSxyKtVTQRXdgAirz6bio invoke [1]
[2025-11-05T06:35:23.936019000Z DEBUG solana_runtime::message_processor::stable_log] Program log: Instruction: SetupPolicy
[2025-11-05T06:35:23.936114000Z DEBUG solana_runtime::message_processor::stable_log] Program 11111111111111111111111111111111 invoke [2]
[2025-11-05T06:35:23.936122000Z DEBUG solana_runtime::message_processor::stable_log] Program 11111111111111111111111111111111 success
[2025-11-05T06:35:23.936200000Z DEBUG solana_runtime::message_processor::stable_log] Program 11111111111111111111111111111111 invoke [2]
[2025-11-05T06:35:23.936206000Z DEBUG solana_runtime::message_processor::stable_log] Program 11111111111111111111111111111111 success
[2025-11-05T06:35:23.936243000Z DEBUG solana_runtime::message_processor::stable_log] Program data: HFXHbHKxoyZ0W6UEfJbGe2RhiwxsTVuBFSAmDKvqj9oXQkrHUX6qx8gJqIsg3BhoBJgh0vyFpFhb7SdBkcECWntno5iK1jTsiBNAVIkAAAAAACvwCmkAAAAA
[2025-11-05T06:35:23.936274000Z DEBUG solana_runtime::message_processor::stable_log] Program 5B57SJ3g2YoNXUpsZqqjEQkRSxyKtVTQRXdgAirz6bio consumed 19526 of 200000 compute units
[2025-11-05T06:35:23.936287000Z DEBUG solana_runtime::message_processor::stable_log] Program 5B57SJ3g2YoNXUpsZqqjEQkRSxyKtVTQRXdgAirz6bio success
[2025-11-05T06:35:23.955329000Z DEBUG solana_runtime::message_processor::stable_log] Program 5B57SJ3g2YoNXUpsZqqjEQkRSxyKtVTQRXdgAirz6bio invoke [1]
[2025-11-05T06:35:23.955447000Z DEBUG solana_runtime::message_processor::stable_log] Program log: Instruction: AddHonoraryLiquidity
[2025-11-05T06:35:23.955758000Z DEBUG solana_runtime::message_processor::stable_log] Program log: Adding liquidity to honorary position
[2025-11-05T06:35:23.955806000Z DEBUG solana_runtime::message_processor::stable_log] Program TokenkegQfeZyiNwAJbNbGKPFXCWuBvf9Ss623VQ5DA invoke [2]
[2025-11-05T06:35:23.955851000Z DEBUG solana_runtime::message_processor::stable_log] Program log: Instruction: TransferChecked
[2025-11-05T06:35:23.955944000Z DEBUG solana_runtime::message_processor::stable_log] Program TokenkegQfeZyiNwAJbNbGKPFXCWuBvf9Ss623VQ5DA consumed 6174 of 171243 compute units
[2025-11-05T06:35:23.955956000Z DEBUG solana_runtime::message_processor::stable_log] Program TokenkegQfeZyiNwAJbNbGKPFXCWuBvf9Ss623VQ5DA success
[2025-11-05T06:35:23.956005000Z DEBUG solana_runtime::message_processor::stable_log] Program TokenkegQfeZyiNwAJbNbGKPFXCWuBvf9Ss623VQ5DA invoke [2]
[2025-11-05T06:35:23.956039000Z DEBUG solana_runtime::message_processor::stable_log] Program log: Instruction: TransferChecked
[2025-11-05T06:35:23.956117000Z DEBUG solana_runtime::message_processor::stable_log] Program TokenkegQfeZyiNwAJbNbGKPFXCWuBvf9Ss623VQ5DA consumed 6174 of 162336 compute units
[2025-11-05T06:35:23.956126000Z DEBUG solana_runtime::message_processor::stable_log] Program TokenkegQfeZyiNwAJbNbGKPFXCWuBvf9Ss623VQ5DA success
[2025-11-05T06:35:23.956229000Z DEBUG solana_runtime::message_processor::stable_log] Program ASmKWt93JEMHxbdE6j7znD9y2FcdPboCzC3xtSTJvN7S invoke [2]
[2025-11-05T06:35:23.956331000Z DEBUG solana_runtime::message_processor::stable_log] Program log: Instruction: AddLiquidity
[2025-11-05T06:35:23.956617000Z DEBUG solana_runtime::message_processor::stable_log] Program TokenkegQfeZyiNwAJbNbGKPFXCWuBvf9Ss623VQ5DA invoke [3]
[2025-11-05T06:35:23.956658000Z DEBUG solana_runtime::message_processor::stable_log] Program log: Instruction: TransferChecked
[2025-11-05T06:35:23.956729000Z DEBUG solana_runtime::message_processor::stable_log] Program TokenkegQfeZyiNwAJbNbGKPFXCWuBvf9Ss623VQ5DA consumed 6174 of 123756 compute units
[2025-11-05T06:35:23.956738000Z DEBUG solana_runtime::message_processor::stable_log] Program TokenkegQfeZyiNwAJbNbGKPFXCWuBvf9Ss623VQ5DA success
[2025-11-05T06:35:23.956778000Z DEBUG solana_runtime::message_processor::stable_log] Program TokenkegQfeZyiNwAJbNbGKPFXCWuBvf9Ss623VQ5DA invoke [3]
[2025-11-05T06:35:23.956807000Z DEBUG solana_runtime::message_processor::stable_log] Program log: Instruction: TransferChecked
[2025-11-05T06:35:23.956878000Z DEBUG solana_runtime::message_processor::stable_log] Program TokenkegQfeZyiNwAJbNbGKPFXCWuBvf9Ss623VQ5DA consumed 6174 of 115172 compute units
[2025-11-05T06:35:23.956901000Z DEBUG solana_runtime::message_processor::stable_log] Program TokenkegQfeZyiNwAJbNbGKPFXCWuBvf9Ss623VQ5DA success
[2025-11-05T06:35:23.956956000Z DEBUG solana_runtime::message_processor::stable_log] Program ASmKWt93JEMHxbdE6j7znD9y2FcdPboCzC3xtSTJvN7S invoke [3]
[2025-11-05T06:35:23.956991000Z DEBUG solana_runtime::message_processor::stable_log] Program ASmKWt93JEMHxbdE6j7znD9y2FcdPboCzC3xtSTJvN7S consumed 2069 of 105744 compute units
[2025-11-05T06:35:23.957003000Z DEBUG solana_runtime::message_processor::stable_log] Program ASmKWt93JEMHxbdE6j7znD9y2FcdPboCzC3xtSTJvN7S success
[2025-11-05T06:35:23.957123000Z DEBUG solana_runtime::message_processor::stable_log] Program ASmKWt93JEMHxbdE6j7znD9y2FcdPboCzC3xtSTJvN7S invoke [3]
[2025-11-05T06:35:23.957164000Z DEBUG solana_runtime::message_processor::stable_log] Program ASmKWt93JEMHxbdE6j7znD9y2FcdPboCzC3xtSTJvN7S consumed 2069 of 97241 compute units
[2025-11-05T06:35:23.957177000Z DEBUG solana_runtime::message_processor::stable_log] Program ASmKWt93JEMHxbdE6j7znD9y2FcdPboCzC3xtSTJvN7S success
[2025-11-05T06:35:23.957253000Z DEBUG solana_runtime::message_processor::stable_log] Program ASmKWt93JEMHxbdE6j7znD9y2FcdPboCzC3xtSTJvN7S consumed 50736 of 145267 compute units
[2025-11-05T06:35:23.957265000Z DEBUG solana_runtime::message_processor::stable_log] Program ASmKWt93JEMHxbdE6j7znD9y2FcdPboCzC3xtSTJvN7S success
[2025-11-05T06:35:23.957296000Z DEBUG solana_runtime::message_processor::stable_log] Program log: Successfully added 1844674407370955161600 liquidity to honorary position
[2025-11-05T06:35:23.957309000Z DEBUG solana_runtime::message_processor::stable_log] Program 5B57SJ3g2YoNXUpsZqqjEQkRSxyKtVTQRXdgAirz6bio consumed 107147 of 200000 compute units
[2025-11-05T06:35:23.957319000Z DEBUG solana_runtime::message_processor::stable_log] Program 5B57SJ3g2YoNXUpsZqqjEQkRSxyKtVTQRXdgAirz6bio success
[2025-11-05T06:35:23.965683000Z DEBUG solana_runtime::message_processor::stable_log] Program 11111111111111111111111111111111 invoke [1]
[2025-11-05T06:35:23.965697000Z DEBUG solana_runtime::message_processor::stable_log] Program 11111111111111111111111111111111 success
  Stream 0: 100% locked, expected locked amount: 1500000, amount_per_period: 4166
[2025-11-05T06:35:23.970425000Z DEBUG solana_runtime::message_processor::stable_log] Program ATokenGPvbdGVxr1b2hvZbsiqW5xWH25efTNsLJA8knL invoke [1]
[2025-11-05T06:35:23.970566000Z DEBUG solana_runtime::message_processor::stable_log] Program log: Create
[2025-11-05T06:35:23.970644000Z DEBUG solana_runtime::message_processor::stable_log] Program TokenkegQfeZyiNwAJbNbGKPFXCWuBvf9Ss623VQ5DA invoke [2]
[2025-11-05T06:35:23.970693000Z DEBUG solana_runtime::message_processor::stable_log] Program log: Instruction: GetAccountDataSize
[2025-11-05T06:35:23.970805000Z DEBUG solana_runtime::message_processor::stable_log] Program TokenkegQfeZyiNwAJbNbGKPFXCWuBvf9Ss623VQ5DA consumed 1595 of 193055 compute units
[2025-11-05T06:35:23.970815000Z DEBUG solana_runtime::message_processor::stable_log] Program return: TokenkegQfeZyiNwAJbNbGKPFXCWuBvf9Ss623VQ5DA pQAAAAAAAAA=
[2025-11-05T06:35:23.970824000Z DEBUG solana_runtime::message_processor::stable_log] Program TokenkegQfeZyiNwAJbNbGKPFXCWuBvf9Ss623VQ5DA success
[2025-11-05T06:35:23.970879000Z DEBUG solana_runtime::message_processor::stable_log] Program 11111111111111111111111111111111 invoke [2]
[2025-11-05T06:35:23.970886000Z DEBUG solana_runtime::message_processor::stable_log] Program 11111111111111111111111111111111 success
[2025-11-05T06:35:23.970892000Z DEBUG solana_runtime::message_processor::stable_log] Program log: Initialize the associated token account
[2025-11-05T06:35:23.970912000Z DEBUG solana_runtime::message_processor::stable_log] Program TokenkegQfeZyiNwAJbNbGKPFXCWuBvf9Ss623VQ5DA invoke [2]
[2025-11-05T06:35:23.970935000Z DEBUG solana_runtime::message_processor::stable_log] Program log: Instruction: InitializeImmutableOwner
[2025-11-05T06:35:23.970946000Z DEBUG solana_runtime::message_processor::stable_log] Program log: Please upgrade to SPL Token 2022 for immutable owner support
[2025-11-05T06:35:23.970949000Z DEBUG solana_runtime::message_processor::stable_log] Program TokenkegQfeZyiNwAJbNbGKPFXCWuBvf9Ss623VQ5DA consumed 1405 of 186442 compute units
[2025-11-05T06:35:23.970961000Z DEBUG solana_runtime::message_processor::stable_log] Program TokenkegQfeZyiNwAJbNbGKPFXCWuBvf9Ss623VQ5DA success
[2025-11-05T06:35:23.970995000Z DEBUG solana_runtime::message_processor::stable_log] Program TokenkegQfeZyiNwAJbNbGKPFXCWuBvf9Ss623VQ5DA invoke [2]
[2025-11-05T06:35:23.971022000Z DEBUG solana_runtime::message_processor::stable_log] Program log: Instruction: InitializeAccount3
[2025-11-05T06:35:23.971077000Z DEBUG solana_runtime::message_processor::stable_log] Program TokenkegQfeZyiNwAJbNbGKPFXCWuBvf9Ss623VQ5DA consumed 4214 of 182558 compute units
[2025-11-05T06:35:23.971090000Z DEBUG solana_runtime::message_processor::stable_log] Program TokenkegQfeZyiNwAJbNbGKPFXCWuBvf9Ss623VQ5DA success
[2025-11-05T06:35:23.971102000Z DEBUG solana_runtime::message_processor::stable_log] Program ATokenGPvbdGVxr1b2hvZbsiqW5xWH25efTNsLJA8knL consumed 21960 of 200000 compute units
[2025-11-05T06:35:23.971115000Z DEBUG solana_runtime::message_processor::stable_log] Program ATokenGPvbdGVxr1b2hvZbsiqW5xWH25efTNsLJA8knL success
[2025-11-05T06:35:23.978968000Z DEBUG solana_runtime::message_processor::stable_log] Program 11111111111111111111111111111111 invoke [1]
[2025-11-05T06:35:23.978983000Z DEBUG solana_runtime::message_processor::stable_log] Program 11111111111111111111111111111111 success
  Stream 1: 100% locked, expected locked amount: 1500000, amount_per_period: 4166
[2025-11-05T06:35:23.984109000Z DEBUG solana_runtime::message_processor::stable_log] Program ATokenGPvbdGVxr1b2hvZbsiqW5xWH25efTNsLJA8knL invoke [1]
[2025-11-05T06:35:23.984191000Z DEBUG solana_runtime::message_processor::stable_log] Program log: Create
[2025-11-05T06:35:23.984265000Z DEBUG solana_runtime::message_processor::stable_log] Program TokenkegQfeZyiNwAJbNbGKPFXCWuBvf9Ss623VQ5DA invoke [2]
[2025-11-05T06:35:23.984312000Z DEBUG solana_runtime::message_processor::stable_log] Program log: Instruction: GetAccountDataSize
[2025-11-05T06:35:23.984369000Z DEBUG solana_runtime::message_processor::stable_log] Program TokenkegQfeZyiNwAJbNbGKPFXCWuBvf9Ss623VQ5DA consumed 1595 of 190055 compute units
[2025-11-05T06:35:23.984382000Z DEBUG solana_runtime::message_processor::stable_log] Program return: TokenkegQfeZyiNwAJbNbGKPFXCWuBvf9Ss623VQ5DA pQAAAAAAAAA=
[2025-11-05T06:35:23.984392000Z DEBUG solana_runtime::message_processor::stable_log] Program TokenkegQfeZyiNwAJbNbGKPFXCWuBvf9Ss623VQ5DA success
[2025-11-05T06:35:23.984465000Z DEBUG solana_runtime::message_processor::stable_log] Program 11111111111111111111111111111111 invoke [2]
[2025-11-05T06:35:23.984484000Z DEBUG solana_runtime::message_processor::stable_log] Program 11111111111111111111111111111111 success
[2025-11-05T06:35:23.984491000Z DEBUG solana_runtime::message_processor::stable_log] Program log: Initialize the associated token account
[2025-11-05T06:35:23.984513000Z DEBUG solana_runtime::message_processor::stable_log] Program TokenkegQfeZyiNwAJbNbGKPFXCWuBvf9Ss623VQ5DA invoke [2]
[2025-11-05T06:35:23.984537000Z DEBUG solana_runtime::message_processor::stable_log] Program log: Instruction: InitializeImmutableOwner
[2025-11-05T06:35:23.984551000Z DEBUG solana_runtime::message_processor::stable_log] Program log: Please upgrade to SPL Token 2022 for immutable owner support
[2025-11-05T06:35:23.984554000Z DEBUG solana_runtime::message_processor::stable_log] Program TokenkegQfeZyiNwAJbNbGKPFXCWuBvf9Ss623VQ5DA consumed 1405 of 183442 compute units
[2025-11-05T06:35:23.984562000Z DEBUG solana_runtime::message_processor::stable_log] Program TokenkegQfeZyiNwAJbNbGKPFXCWuBvf9Ss623VQ5DA success
[2025-11-05T06:35:23.984597000Z DEBUG solana_runtime::message_processor::stable_log] Program TokenkegQfeZyiNwAJbNbGKPFXCWuBvf9Ss623VQ5DA invoke [2]
[2025-11-05T06:35:23.984626000Z DEBUG solana_runtime::message_processor::stable_log] Program log: Instruction: InitializeAccount3
[2025-11-05T06:35:23.984706000Z DEBUG solana_runtime::message_processor::stable_log] Program TokenkegQfeZyiNwAJbNbGKPFXCWuBvf9Ss623VQ5DA consumed 4214 of 179558 compute units
[2025-11-05T06:35:23.984718000Z DEBUG solana_runtime::message_processor::stable_log] Program TokenkegQfeZyiNwAJbNbGKPFXCWuBvf9Ss623VQ5DA success
[2025-11-05T06:35:23.984731000Z DEBUG solana_runtime::message_processor::stable_log] Program ATokenGPvbdGVxr1b2hvZbsiqW5xWH25efTNsLJA8knL consumed 24960 of 200000 compute units
[2025-11-05T06:35:23.984741000Z DEBUG solana_runtime::message_processor::stable_log] Program ATokenGPvbdGVxr1b2hvZbsiqW5xWH25efTNsLJA8knL success
[2025-11-05T06:35:23.993512000Z DEBUG solana_runtime::message_processor::stable_log] Program 11111111111111111111111111111111 invoke [1]
[2025-11-05T06:35:23.993566000Z DEBUG solana_runtime::message_processor::stable_log] Program 11111111111111111111111111111111 success
  Stream 2: 100% locked, expected locked amount: 1500000, amount_per_period: 4166
[2025-11-05T06:35:23.998378000Z DEBUG solana_runtime::message_processor::stable_log] Program ATokenGPvbdGVxr1b2hvZbsiqW5xWH25efTNsLJA8knL invoke [1]
[2025-11-05T06:35:23.998459000Z DEBUG solana_runtime::message_processor::stable_log] Program log: Create
[2025-11-05T06:35:23.998510000Z DEBUG solana_runtime::message_processor::stable_log] Program TokenkegQfeZyiNwAJbNbGKPFXCWuBvf9Ss623VQ5DA invoke [2]
[2025-11-05T06:35:23.998550000Z DEBUG solana_runtime::message_processor::stable_log] Program log: Instruction: GetAccountDataSize
[2025-11-05T06:35:23.998568000Z DEBUG solana_runtime::message_processor::stable_log] Program TokenkegQfeZyiNwAJbNbGKPFXCWuBvf9Ss623VQ5DA consumed 1595 of 194555 compute units
[2025-11-05T06:35:23.998576000Z DEBUG solana_runtime::message_processor::stable_log] Program return: TokenkegQfeZyiNwAJbNbGKPFXCWuBvf9Ss623VQ5DA pQAAAAAAAAA=
[2025-11-05T06:35:23.998628000Z DEBUG solana_runtime::message_processor::stable_log] Program TokenkegQfeZyiNwAJbNbGKPFXCWuBvf9Ss623VQ5DA success
[2025-11-05T06:35:23.998687000Z DEBUG solana_runtime::message_processor::stable_log] Program 11111111111111111111111111111111 invoke [2]
[2025-11-05T06:35:23.998699000Z DEBUG solana_runtime::message_processor::stable_log] Program 11111111111111111111111111111111 success
[2025-11-05T06:35:23.998705000Z DEBUG solana_runtime::message_processor::stable_log] Program log: Initialize the associated token account
[2025-11-05T06:35:23.998724000Z DEBUG solana_runtime::message_processor::stable_log] Program TokenkegQfeZyiNwAJbNbGKPFXCWuBvf9Ss623VQ5DA invoke [2]
[2025-11-05T06:35:23.998755000Z DEBUG solana_runtime::message_processor::stable_log] Program log: Instruction: InitializeImmutableOwner
[2025-11-05T06:35:23.998766000Z DEBUG solana_runtime::message_processor::stable_log] Program log: Please upgrade to SPL Token 2022 for immutable owner support
[2025-11-05T06:35:23.998770000Z DEBUG solana_runtime::message_processor::stable_log] Program TokenkegQfeZyiNwAJbNbGKPFXCWuBvf9Ss623VQ5DA consumed 1405 of 187942 compute units
[2025-11-05T06:35:23.998778000Z DEBUG solana_runtime::message_processor::stable_log] Program TokenkegQfeZyiNwAJbNbGKPFXCWuBvf9Ss623VQ5DA success
[2025-11-05T06:35:23.998812000Z DEBUG solana_runtime::message_processor::stable_log] Program TokenkegQfeZyiNwAJbNbGKPFXCWuBvf9Ss623VQ5DA invoke [2]
[2025-11-05T06:35:23.998841000Z DEBUG solana_runtime::message_processor::stable_log] Program log: Instruction: InitializeAccount3
[2025-11-05T06:35:23.998896000Z DEBUG solana_runtime::message_processor::stable_log] Program TokenkegQfeZyiNwAJbNbGKPFXCWuBvf9Ss623VQ5DA consumed 4214 of 184058 compute units
[2025-11-05T06:35:23.998904000Z DEBUG solana_runtime::message_processor::stable_log] Program TokenkegQfeZyiNwAJbNbGKPFXCWuBvf9Ss623VQ5DA success
[2025-11-05T06:35:23.998917000Z DEBUG solana_runtime::message_processor::stable_log] Program ATokenGPvbdGVxr1b2hvZbsiqW5xWH25efTNsLJA8knL consumed 20460 of 200000 compute units
[2025-11-05T06:35:23.998955000Z DEBUG solana_runtime::message_processor::stable_log] Program ATokenGPvbdGVxr1b2hvZbsiqW5xWH25efTNsLJA8knL success
[2025-11-05T06:35:24.006981000Z DEBUG solana_runtime::message_processor::stable_log] Program 11111111111111111111111111111111 invoke [1]
[2025-11-05T06:35:24.006999000Z DEBUG solana_runtime::message_processor::stable_log] Program 11111111111111111111111111111111 success
  Stream 3: 100% locked, expected locked amount: 1500000, amount_per_period: 4166
[2025-11-05T06:35:24.011151000Z DEBUG solana_runtime::message_processor::stable_log] Program ATokenGPvbdGVxr1b2hvZbsiqW5xWH25efTNsLJA8knL invoke [1]
[2025-11-05T06:35:24.011223000Z DEBUG solana_runtime::message_processor::stable_log] Program log: Create
[2025-11-05T06:35:24.011273000Z DEBUG solana_runtime::message_processor::stable_log] Program TokenkegQfeZyiNwAJbNbGKPFXCWuBvf9Ss623VQ5DA invoke [2]
[2025-11-05T06:35:24.011302000Z DEBUG solana_runtime::message_processor::stable_log] Program log: Instruction: GetAccountDataSize
[2025-11-05T06:35:24.011319000Z DEBUG solana_runtime::message_processor::stable_log] Program TokenkegQfeZyiNwAJbNbGKPFXCWuBvf9Ss623VQ5DA consumed 1595 of 194555 compute units
[2025-11-05T06:35:24.011328000Z DEBUG solana_runtime::message_processor::stable_log] Program return: TokenkegQfeZyiNwAJbNbGKPFXCWuBvf9Ss623VQ5DA pQAAAAAAAAA=
[2025-11-05T06:35:24.011336000Z DEBUG solana_runtime::message_processor::stable_log] Program TokenkegQfeZyiNwAJbNbGKPFXCWuBvf9Ss623VQ5DA success
[2025-11-05T06:35:24.011391000Z DEBUG solana_runtime::message_processor::stable_log] Program 11111111111111111111111111111111 invoke [2]
[2025-11-05T06:35:24.011396000Z DEBUG solana_runtime::message_processor::stable_log] Program 11111111111111111111111111111111 success
[2025-11-05T06:35:24.011402000Z DEBUG solana_runtime::message_processor::stable_log] Program log: Initialize the associated token account
[2025-11-05T06:35:24.011420000Z DEBUG solana_runtime::message_processor::stable_log] Program TokenkegQfeZyiNwAJbNbGKPFXCWuBvf9Ss623VQ5DA invoke [2]
[2025-11-05T06:35:24.011440000Z DEBUG solana_runtime::message_processor::stable_log] Program log: Instruction: InitializeImmutableOwner
[2025-11-05T06:35:24.011452000Z DEBUG solana_runtime::message_processor::stable_log] Program log: Please upgrade to SPL Token 2022 for immutable owner support
[2025-11-05T06:35:24.011501000Z DEBUG solana_runtime::message_processor::stable_log] Program TokenkegQfeZyiNwAJbNbGKPFXCWuBvf9Ss623VQ5DA consumed 1405 of 187942 compute units
[2025-11-05T06:35:24.011524000Z DEBUG solana_runtime::message_processor::stable_log] Program TokenkegQfeZyiNwAJbNbGKPFXCWuBvf9Ss623VQ5DA success
[2025-11-05T06:35:24.011571000Z DEBUG solana_runtime::message_processor::stable_log] Program TokenkegQfeZyiNwAJbNbGKPFXCWuBvf9Ss623VQ5DA invoke [2]
[2025-11-05T06:35:24.011597000Z DEBUG solana_runtime::message_processor::stable_log] Program log: Instruction: InitializeAccount3
[2025-11-05T06:35:24.011651000Z DEBUG solana_runtime::message_processor::stable_log] Program TokenkegQfeZyiNwAJbNbGKPFXCWuBvf9Ss623VQ5DA consumed 4214 of 184058 compute units
[2025-11-05T06:35:24.011660000Z DEBUG solana_runtime::message_processor::stable_log] Program TokenkegQfeZyiNwAJbNbGKPFXCWuBvf9Ss623VQ5DA success
[2025-11-05T06:35:24.011673000Z DEBUG solana_runtime::message_processor::stable_log] Program ATokenGPvbdGVxr1b2hvZbsiqW5xWH25efTNsLJA8knL consumed 20460 of 200000 compute units
[2025-11-05T06:35:24.011682000Z DEBUG solana_runtime::message_processor::stable_log] Program ATokenGPvbdGVxr1b2hvZbsiqW5xWH25efTNsLJA8knL success
[2025-11-05T06:35:24.020036000Z DEBUG solana_runtime::message_processor::stable_log] Program 11111111111111111111111111111111 invoke [1]
[2025-11-05T06:35:24.020052000Z DEBUG solana_runtime::message_processor::stable_log] Program 11111111111111111111111111111111 success
  Stream 4: 100% locked, expected locked amount: 1500000, amount_per_period: 4166
[2025-11-05T06:35:24.024504000Z DEBUG solana_runtime::message_processor::stable_log] Program ATokenGPvbdGVxr1b2hvZbsiqW5xWH25efTNsLJA8knL invoke [1]
[2025-11-05T06:35:24.024573000Z DEBUG solana_runtime::message_processor::stable_log] Program log: Create
[2025-11-05T06:35:24.024645000Z DEBUG solana_runtime::message_processor::stable_log] Program TokenkegQfeZyiNwAJbNbGKPFXCWuBvf9Ss623VQ5DA invoke [2]
[2025-11-05T06:35:24.024681000Z DEBUG solana_runtime::message_processor::stable_log] Program log: Instruction: GetAccountDataSize
[2025-11-05T06:35:24.024698000Z DEBUG solana_runtime::message_processor::stable_log] Program TokenkegQfeZyiNwAJbNbGKPFXCWuBvf9Ss623VQ5DA consumed 1595 of 194555 compute units
[2025-11-05T06:35:24.024706000Z DEBUG solana_runtime::message_processor::stable_log] Program return: TokenkegQfeZyiNwAJbNbGKPFXCWuBvf9Ss623VQ5DA pQAAAAAAAAA=
[2025-11-05T06:35:24.024714000Z DEBUG solana_runtime::message_processor::stable_log] Program TokenkegQfeZyiNwAJbNbGKPFXCWuBvf9Ss623VQ5DA success
[2025-11-05T06:35:24.024768000Z DEBUG solana_runtime::message_processor::stable_log] Program 11111111111111111111111111111111 invoke [2]
[2025-11-05T06:35:24.024776000Z DEBUG solana_runtime::message_processor::stable_log] Program 11111111111111111111111111111111 success
[2025-11-05T06:35:24.024781000Z DEBUG solana_runtime::message_processor::stable_log] Program log: Initialize the associated token account
[2025-11-05T06:35:24.024798000Z DEBUG solana_runtime::message_processor::stable_log] Program TokenkegQfeZyiNwAJbNbGKPFXCWuBvf9Ss623VQ5DA invoke [2]
[2025-11-05T06:35:24.024819000Z DEBUG solana_runtime::message_processor::stable_log] Program log: Instruction: InitializeImmutableOwner
[2025-11-05T06:35:24.024829000Z DEBUG solana_runtime::message_processor::stable_log] Program log: Please upgrade to SPL Token 2022 for immutable owner support
[2025-11-05T06:35:24.024832000Z DEBUG solana_runtime::message_processor::stable_log] Program TokenkegQfeZyiNwAJbNbGKPFXCWuBvf9Ss623VQ5DA consumed 1405 of 187942 compute units
[2025-11-05T06:35:24.024841000Z DEBUG solana_runtime::message_processor::stable_log] Program TokenkegQfeZyiNwAJbNbGKPFXCWuBvf9Ss623VQ5DA success
[2025-11-05T06:35:24.024874000Z DEBUG solana_runtime::message_processor::stable_log] Program TokenkegQfeZyiNwAJbNbGKPFXCWuBvf9Ss623VQ5DA invoke [2]
[2025-11-05T06:35:24.024903000Z DEBUG solana_runtime::message_processor::stable_log] Program log: Instruction: InitializeAccount3
[2025-11-05T06:35:24.024955000Z DEBUG solana_runtime::message_processor::stable_log] Program TokenkegQfeZyiNwAJbNbGKPFXCWuBvf9Ss623VQ5DA consumed 4214 of 184058 compute units
[2025-11-05T06:35:24.024962000Z DEBUG solana_runtime::message_processor::stable_log] Program TokenkegQfeZyiNwAJbNbGKPFXCWuBvf9Ss623VQ5DA success
[2025-11-05T06:35:24.024975000Z DEBUG solana_runtime::message_processor::stable_log] Program ATokenGPvbdGVxr1b2hvZbsiqW5xWH25efTNsLJA8knL consumed 20460 of 200000 compute units
[2025-11-05T06:35:24.024983000Z DEBUG solana_runtime::message_processor::stable_log] Program ATokenGPvbdGVxr1b2hvZbsiqW5xWH25efTNsLJA8knL success
[2025-11-05T06:35:24.032920000Z DEBUG solana_runtime::message_processor::stable_log] Program 11111111111111111111111111111111 invoke [1]
[2025-11-05T06:35:24.032935000Z DEBUG solana_runtime::message_processor::stable_log] Program 11111111111111111111111111111111 success
  Stream 5: 100% locked, expected locked amount: 1500000, amount_per_period: 4166
[2025-11-05T06:35:24.038751000Z DEBUG solana_runtime::message_processor::stable_log] Program ATokenGPvbdGVxr1b2hvZbsiqW5xWH25efTNsLJA8knL invoke [1]
[2025-11-05T06:35:24.038831000Z DEBUG solana_runtime::message_processor::stable_log] Program log: Create
[2025-11-05T06:35:24.038896000Z DEBUG solana_runtime::message_processor::stable_log] Program TokenkegQfeZyiNwAJbNbGKPFXCWuBvf9Ss623VQ5DA invoke [2]
[2025-11-05T06:35:24.038927000Z DEBUG solana_runtime::message_processor::stable_log] Program log: Instruction: GetAccountDataSize
[2025-11-05T06:35:24.038943000Z DEBUG solana_runtime::message_processor::stable_log] Program TokenkegQfeZyiNwAJbNbGKPFXCWuBvf9Ss623VQ5DA consumed 1595 of 191555 compute units
[2025-11-05T06:35:24.038951000Z DEBUG solana_runtime::message_processor::stable_log] Program return: TokenkegQfeZyiNwAJbNbGKPFXCWuBvf9Ss623VQ5DA pQAAAAAAAAA=
[2025-11-05T06:35:24.038959000Z DEBUG solana_runtime::message_processor::stable_log] Program TokenkegQfeZyiNwAJbNbGKPFXCWuBvf9Ss623VQ5DA success
[2025-11-05T06:35:24.039014000Z DEBUG solana_runtime::message_processor::stable_log] Program 11111111111111111111111111111111 invoke [2]
[2025-11-05T06:35:24.039038000Z DEBUG solana_runtime::message_processor::stable_log] Program 11111111111111111111111111111111 success
[2025-11-05T06:35:24.039045000Z DEBUG solana_runtime::message_processor::stable_log] Program log: Initialize the associated token account
[2025-11-05T06:35:24.039071000Z DEBUG solana_runtime::message_processor::stable_log] Program TokenkegQfeZyiNwAJbNbGKPFXCWuBvf9Ss623VQ5DA invoke [2]
[2025-11-05T06:35:24.039094000Z DEBUG solana_runtime::message_processor::stable_log] Program log: Instruction: InitializeImmutableOwner
[2025-11-05T06:35:24.039108000Z DEBUG solana_runtime::message_processor::stable_log] Program log: Please upgrade to SPL Token 2022 for immutable owner support
[2025-11-05T06:35:24.039111000Z DEBUG solana_runtime::message_processor::stable_log] Program TokenkegQfeZyiNwAJbNbGKPFXCWuBvf9Ss623VQ5DA consumed 1405 of 184942 compute units
[2025-11-05T06:35:24.039120000Z DEBUG solana_runtime::message_processor::stable_log] Program TokenkegQfeZyiNwAJbNbGKPFXCWuBvf9Ss623VQ5DA success
[2025-11-05T06:35:24.039153000Z DEBUG solana_runtime::message_processor::stable_log] Program TokenkegQfeZyiNwAJbNbGKPFXCWuBvf9Ss623VQ5DA invoke [2]
[2025-11-05T06:35:24.039180000Z DEBUG solana_runtime::message_processor::stable_log] Program log: Instruction: InitializeAccount3
[2025-11-05T06:35:24.039234000Z DEBUG solana_runtime::message_processor::stable_log] Program TokenkegQfeZyiNwAJbNbGKPFXCWuBvf9Ss623VQ5DA consumed 4214 of 181058 compute units
[2025-11-05T06:35:24.039244000Z DEBUG solana_runtime::message_processor::stable_log] Program TokenkegQfeZyiNwAJbNbGKPFXCWuBvf9Ss623VQ5DA success
[2025-11-05T06:35:24.039257000Z DEBUG solana_runtime::message_processor::stable_log] Program ATokenGPvbdGVxr1b2hvZbsiqW5xWH25efTNsLJA8knL consumed 23460 of 200000 compute units
[2025-11-05T06:35:24.039265000Z DEBUG solana_runtime::message_processor::stable_log] Program ATokenGPvbdGVxr1b2hvZbsiqW5xWH25efTNsLJA8knL success
[2025-11-05T06:35:24.056557000Z DEBUG solana_runtime::message_processor::stable_log] Program ASmKWt93JEMHxbdE6j7znD9y2FcdPboCzC3xtSTJvN7S invoke [1]
[2025-11-05T06:35:24.056718000Z DEBUG solana_runtime::message_processor::stable_log] Program log: Instruction: Swap
[2025-11-05T06:35:24.057026000Z DEBUG solana_runtime::message_processor::stable_log] Program TokenkegQfeZyiNwAJbNbGKPFXCWuBvf9Ss623VQ5DA invoke [2]
[2025-11-05T06:35:24.057075000Z DEBUG solana_runtime::message_processor::stable_log] Program log: Instruction: TransferChecked
[2025-11-05T06:35:24.057155000Z DEBUG solana_runtime::message_processor::stable_log] Program TokenkegQfeZyiNwAJbNbGKPFXCWuBvf9Ss623VQ5DA consumed 6174 of 177323 compute units
[2025-11-05T06:35:24.057167000Z DEBUG solana_runtime::message_processor::stable_log] Program TokenkegQfeZyiNwAJbNbGKPFXCWuBvf9Ss623VQ5DA success
[2025-11-05T06:35:24.057218000Z DEBUG solana_runtime::message_processor::stable_log] Program TokenkegQfeZyiNwAJbNbGKPFXCWuBvf9Ss623VQ5DA invoke [2]
[2025-11-05T06:35:24.057251000Z DEBUG solana_runtime::message_processor::stable_log] Program log: Instruction: TransferChecked
[2025-11-05T06:35:24.057318000Z DEBUG solana_runtime::message_processor::stable_log] Program TokenkegQfeZyiNwAJbNbGKPFXCWuBvf9Ss623VQ5DA consumed 6174 of 168685 compute units
[2025-11-05T06:35:24.057327000Z DEBUG solana_runtime::message_processor::stable_log] Program TokenkegQfeZyiNwAJbNbGKPFXCWuBvf9Ss623VQ5DA success
[2025-11-05T06:35:24.057428000Z DEBUG solana_runtime::message_processor::stable_log] Program ASmKWt93JEMHxbdE6j7znD9y2FcdPboCzC3xtSTJvN7S invoke [2]
[2025-11-05T06:35:24.057474000Z DEBUG solana_runtime::message_processor::stable_log] Program ASmKWt93JEMHxbdE6j7znD9y2FcdPboCzC3xtSTJvN7S consumed 2069 of 156500 compute units
[2025-11-05T06:35:24.057536000Z DEBUG solana_runtime::message_processor::stable_log] Program ASmKWt93JEMHxbdE6j7znD9y2FcdPboCzC3xtSTJvN7S success
[2025-11-05T06:35:24.057589000Z DEBUG solana_runtime::message_processor::stable_log] Program ASmKWt93JEMHxbdE6j7znD9y2FcdPboCzC3xtSTJvN7S invoke [2]
[2025-11-05T06:35:24.057617000Z DEBUG solana_runtime::message_processor::stable_log] Program ASmKWt93JEMHxbdE6j7znD9y2FcdPboCzC3xtSTJvN7S consumed 2069 of 150802 compute units
[2025-11-05T06:35:24.057624000Z DEBUG solana_runtime::message_processor::stable_log] Program ASmKWt93JEMHxbdE6j7znD9y2FcdPboCzC3xtSTJvN7S success
[2025-11-05T06:35:24.057643000Z DEBUG solana_runtime::message_processor::stable_log] Program ASmKWt93JEMHxbdE6j7znD9y2FcdPboCzC3xtSTJvN7S consumed 51801 of 200000 compute units
[2025-11-05T06:35:24.057652000Z DEBUG solana_runtime::message_processor::stable_log] Program ASmKWt93JEMHxbdE6j7znD9y2FcdPboCzC3xtSTJvN7S success
[2025-11-05T06:35:24.076109000Z DEBUG solana_runtime::message_processor::stable_log] Program ComputeBudget111111111111111111111111111111 invoke [1]
[2025-11-05T06:35:24.076126000Z DEBUG solana_runtime::message_processor::stable_log] Program ComputeBudget111111111111111111111111111111 success
[2025-11-05T06:35:24.076136000Z DEBUG solana_runtime::message_processor::stable_log] Program 5B57SJ3g2YoNXUpsZqqjEQkRSxyKtVTQRXdgAirz6bio invoke [1]
[2025-11-05T06:35:24.076299000Z DEBUG solana_runtime::message_processor::stable_log] Program log: Instruction: CrankDistribution
[2025-11-05T06:35:24.076767000Z DEBUG solana_runtime::message_processor::stable_log] Program log: === DEBUG: Before claiming fees ===
[2025-11-05T06:35:24.076780000Z DEBUG solana_runtime::message_processor::stable_log] Program log: Pool collect_fee_mode: 1
[2025-11-05T06:35:24.076892000Z DEBUG solana_runtime::message_processor::stable_log] Program log: Pool token_a_mint: DECeZytMTCFUSSY9X6kV2ehkRRnJnDqmFC648REJAj69
[2025-11-05T06:35:24.077020000Z DEBUG solana_runtime::message_processor::stable_log] Program log: Pool token_b_mint: 99Uu3mYQsBH9EHa9BwFMHyUspMiKEpLGbd2DcxTxhFAG
[2025-11-05T06:35:24.077139000Z DEBUG solana_runtime::message_processor::stable_log] Program log: Quote mint: 99Uu3mYQsBH9EHa9BwFMHyUspMiKEpLGbd2DcxTxhFAG
[2025-11-05T06:35:24.077291000Z DEBUG solana_runtime::message_processor::stable_log] Program log: Base mint: DECeZytMTCFUSSY9X6kV2ehkRRnJnDqmFC648REJAj69
[2025-11-05T06:35:24.077313000Z DEBUG solana_runtime::message_processor::stable_log] Program log: Position unlocked_liquidity: 1844674407370955161600
[2025-11-05T06:35:24.077322000Z DEBUG solana_runtime::message_processor::stable_log] Program log: Position vested_liquidity: 0
[2025-11-05T06:35:24.077329000Z DEBUG solana_runtime::message_processor::stable_log] Program log: Position permanent_locked_liquidity: 0
[2025-11-05T06:35:24.077335000Z DEBUG solana_runtime::message_processor::stable_log] Program log: Position fee_a_pending: 0
[2025-11-05T06:35:24.077340000Z DEBUG solana_runtime::message_processor::stable_log] Program log: Position fee_b_pending: 0
[2025-11-05T06:35:24.077346000Z DEBUG solana_runtime::message_processor::stable_log] Program log: Position fee_a_checkpoint (first 8 bytes): 0
[2025-11-05T06:35:24.077351000Z DEBUG solana_runtime::message_processor::stable_log] Program log: Position fee_b_checkpoint (first 8 bytes): 0
[2025-11-05T06:35:24.077357000Z DEBUG solana_runtime::message_processor::stable_log] Program log: Pool fee_a_per_liquidity (first 8 bytes): 0
[2025-11-05T06:35:24.077363000Z DEBUG solana_runtime::message_processor::stable_log] Program log: Pool fee_b_per_liquidity (first 8 bytes): 0
[2025-11-05T06:35:24.077375000Z DEBUG solana_runtime::message_processor::stable_log] Program log: Pool liquidity: 3689348814741910323200
[2025-11-05T06:35:24.077382000Z DEBUG solana_runtime::message_processor::stable_log] Program log: Treasury quote balance before: 99999999999999999
[2025-11-05T06:35:24.077389000Z DEBUG solana_runtime::message_processor::stable_log] Program log: Treasury base balance before: 99999785255671124
[2025-11-05T06:35:24.077391000Z DEBUG solana_runtime::message_processor::stable_log] Program log: Claiming position fees from CP-AMM
[2025-11-05T06:35:24.077490000Z DEBUG solana_runtime::message_processor::stable_log] Program ASmKWt93JEMHxbdE6j7znD9y2FcdPboCzC3xtSTJvN7S invoke [2]
[2025-11-05T06:35:24.077576000Z DEBUG solana_runtime::message_processor::stable_log] Program log: Instruction: ClaimPositionFee
[2025-11-05T06:35:24.077802000Z DEBUG solana_runtime::message_processor::stable_log] Program TokenkegQfeZyiNwAJbNbGKPFXCWuBvf9Ss623VQ5DA invoke [3]
[2025-11-05T06:35:24.077845000Z DEBUG solana_runtime::message_processor::stable_log] Program log: Instruction: TransferChecked
[2025-11-05T06:35:24.077942000Z DEBUG solana_runtime::message_processor::stable_log] Program TokenkegQfeZyiNwAJbNbGKPFXCWuBvf9Ss623VQ5DA consumed 6174 of 277370 compute units
[2025-11-05T06:35:24.077956000Z DEBUG solana_runtime::message_processor::stable_log] Program TokenkegQfeZyiNwAJbNbGKPFXCWuBvf9Ss623VQ5DA success
[2025-11-05T06:35:24.078001000Z DEBUG solana_runtime::message_processor::stable_log] Program ASmKWt93JEMHxbdE6j7znD9y2FcdPboCzC3xtSTJvN7S invoke [3]
[2025-11-05T06:35:24.078034000Z DEBUG solana_runtime::message_processor::stable_log] Program ASmKWt93JEMHxbdE6j7znD9y2FcdPboCzC3xtSTJvN7S consumed 2069 of 268456 compute units
[2025-11-05T06:35:24.078042000Z DEBUG solana_runtime::message_processor::stable_log] Program ASmKWt93JEMHxbdE6j7znD9y2FcdPboCzC3xtSTJvN7S success
[2025-11-05T06:35:24.078060000Z DEBUG solana_runtime::message_processor::stable_log] Program ASmKWt93JEMHxbdE6j7znD9y2FcdPboCzC3xtSTJvN7S consumed 30035 of 295881 compute units
[2025-11-05T06:35:24.078070000Z DEBUG solana_runtime::message_processor::stable_log] Program ASmKWt93JEMHxbdE6j7znD9y2FcdPboCzC3xtSTJvN7S success
[2025-11-05T06:35:24.078126000Z DEBUG solana_runtime::message_processor::stable_log] Program log: === DEBUG: After claiming fees ===
[2025-11-05T06:35:24.078139000Z DEBUG solana_runtime::message_processor::stable_log] Program log: Treasury quote balance after: 100000000000049999
[2025-11-05T06:35:24.078146000Z DEBUG solana_runtime::message_processor::stable_log] Program log: Treasury base balance after: 99999785255671124
[2025-11-05T06:35:24.078153000Z DEBUG solana_runtime::message_processor::stable_log] Program log: Quote tokens claimed: 50000
[2025-11-05T06:35:24.078162000Z DEBUG solana_runtime::message_processor::stable_log] Program data: fzkUsNcjWlh0W6UEfJbGe2RhiwxsTVuBFSAmDKvqj9oXQkrHUX6qx1DDAAAAAAAAK/AKaQAAAAA=
[2025-11-05T06:35:24.078389000Z DEBUG solana_runtime::message_processor::stable_log] Program TokenkegQfeZyiNwAJbNbGKPFXCWuBvf9Ss623VQ5DA invoke [2]
[2025-11-05T06:35:24.078445000Z DEBUG solana_runtime::message_processor::stable_log] Program log: Instruction: TransferChecked
[2025-11-05T06:35:24.078518000Z DEBUG solana_runtime::message_processor::stable_log] Program TokenkegQfeZyiNwAJbNbGKPFXCWuBvf9Ss623VQ5DA consumed 6174 of 251141 compute units
[2025-11-05T06:35:24.078528000Z DEBUG solana_runtime::message_processor::stable_log] Program TokenkegQfeZyiNwAJbNbGKPFXCWuBvf9Ss623VQ5DA success
[2025-11-05T06:35:24.078586000Z DEBUG solana_runtime::message_processor::stable_log] Program TokenkegQfeZyiNwAJbNbGKPFXCWuBvf9Ss623VQ5DA invoke [2]
[2025-11-05T06:35:24.078620000Z DEBUG solana_runtime::message_processor::stable_log] Program log: Instruction: TransferChecked
[2025-11-05T06:35:24.078687000Z DEBUG solana_runtime::message_processor::stable_log] Program TokenkegQfeZyiNwAJbNbGKPFXCWuBvf9Ss623VQ5DA consumed 6174 of 241580 compute units
[2025-11-05T06:35:24.078695000Z DEBUG solana_runtime::message_processor::stable_log] Program TokenkegQfeZyiNwAJbNbGKPFXCWuBvf9Ss623VQ5DA success
[2025-11-05T06:35:24.078710000Z DEBUG solana_runtime::message_processor::stable_log] Program data: KjXqZeHwy3l0W6UEfJbGe2RhiwxsTVuBFSAmDKvqj9oXQkrHUX6qxwAAAAACAAAAAgAAABhBAAAAAAAAAAAAAAAAAAAr8AppAAAAAA==
[2025-11-05T06:35:24.078747000Z DEBUG solana_runtime::message_processor::stable_log] Program 5B57SJ3g2YoNXUpsZqqjEQkRSxyKtVTQRXdgAirz6bio consumed 166909 of 399850 compute units
[2025-11-05T06:35:24.078758000Z DEBUG solana_runtime::message_processor::stable_log] Program 5B57SJ3g2YoNXUpsZqqjEQkRSxyKtVTQRXdgAirz6bio success
[2025-11-05T06:35:24.097853000Z DEBUG solana_runtime::message_processor::stable_log] Program ComputeBudget111111111111111111111111111111 invoke [1]
[2025-11-05T06:35:24.097869000Z DEBUG solana_runtime::message_processor::stable_log] Program ComputeBudget111111111111111111111111111111 success
[2025-11-05T06:35:24.097877000Z DEBUG solana_runtime::message_processor::stable_log] Program 5B57SJ3g2YoNXUpsZqqjEQkRSxyKtVTQRXdgAirz6bio invoke [1]
[2025-11-05T06:35:24.098010000Z DEBUG solana_runtime::message_processor::stable_log] Program log: Instruction: CrankDistribution
[2025-11-05T06:35:24.098496000Z DEBUG solana_runtime::message_processor::stable_log] Program TokenkegQfeZyiNwAJbNbGKPFXCWuBvf9Ss623VQ5DA invoke [2]
[2025-11-05T06:35:24.098672000Z DEBUG solana_runtime::message_processor::stable_log] Program log: Instruction: TransferChecked
[2025-11-05T06:35:24.098758000Z DEBUG solana_runtime::message_processor::stable_log] Program TokenkegQfeZyiNwAJbNbGKPFXCWuBvf9Ss623VQ5DA consumed 6174 of 358843 compute units
[2025-11-05T06:35:24.098770000Z DEBUG solana_runtime::message_processor::stable_log] Program TokenkegQfeZyiNwAJbNbGKPFXCWuBvf9Ss623VQ5DA success
[2025-11-05T06:35:24.098835000Z DEBUG solana_runtime::message_processor::stable_log] Program TokenkegQfeZyiNwAJbNbGKPFXCWuBvf9Ss623VQ5DA invoke [2]
[2025-11-05T06:35:24.098869000Z DEBUG solana_runtime::message_processor::stable_log] Program log: Instruction: TransferChecked
[2025-11-05T06:35:24.098938000Z DEBUG solana_runtime::message_processor::stable_log] Program TokenkegQfeZyiNwAJbNbGKPFXCWuBvf9Ss623VQ5DA consumed 6174 of 349282 compute units
[2025-11-05T06:35:24.098947000Z DEBUG solana_runtime::message_processor::stable_log] Program TokenkegQfeZyiNwAJbNbGKPFXCWuBvf9Ss623VQ5DA success
[2025-11-05T06:35:24.098963000Z DEBUG solana_runtime::message_processor::stable_log] Program data: KjXqZeHwy3l0W6UEfJbGe2RhiwxsTVuBFSAmDKvqj9oXQkrHUX6qxwIAAAACAAAAAgAAABhBAAAAAAAAAAAAAAAAAAAr8AppAAAAAA==
[2025-11-05T06:35:24.098998000Z DEBUG solana_runtime::message_processor::stable_log] Program 5B57SJ3g2YoNXUpsZqqjEQkRSxyKtVTQRXdgAirz6bio consumed 59207 of 399850 compute units
[2025-11-05T06:35:24.099009000Z DEBUG solana_runtime::message_processor::stable_log] Program 5B57SJ3g2YoNXUpsZqqjEQkRSxyKtVTQRXdgAirz6bio success
[2025-11-05T06:35:24.117028000Z DEBUG solana_runtime::message_processor::stable_log] Program ComputeBudget111111111111111111111111111111 invoke [1]
[2025-11-05T06:35:24.117044000Z DEBUG solana_runtime::message_processor::stable_log] Program ComputeBudget111111111111111111111111111111 success
[2025-11-05T06:35:24.117053000Z DEBUG solana_runtime::message_processor::stable_log] Program 5B57SJ3g2YoNXUpsZqqjEQkRSxyKtVTQRXdgAirz6bio invoke [1]
[2025-11-05T06:35:24.117198000Z DEBUG solana_runtime::message_processor::stable_log] Program log: Instruction: CrankDistribution
[2025-11-05T06:35:24.117761000Z DEBUG solana_runtime::message_processor::stable_log] Program TokenkegQfeZyiNwAJbNbGKPFXCWuBvf9Ss623VQ5DA invoke [2]
[2025-11-05T06:35:24.117816000Z DEBUG solana_runtime::message_processor::stable_log] Program log: Instruction: TransferChecked
[2025-11-05T06:35:24.117978000Z DEBUG solana_runtime::message_processor::stable_log] Program TokenkegQfeZyiNwAJbNbGKPFXCWuBvf9Ss623VQ5DA consumed 6174 of 358844 compute units
[2025-11-05T06:35:24.117993000Z DEBUG solana_runtime::message_processor::stable_log] Program TokenkegQfeZyiNwAJbNbGKPFXCWuBvf9Ss623VQ5DA success
[2025-11-05T06:35:24.118059000Z DEBUG solana_runtime::message_processor::stable_log] Program TokenkegQfeZyiNwAJbNbGKPFXCWuBvf9Ss623VQ5DA invoke [2]
[2025-11-05T06:35:24.118093000Z DEBUG solana_runtime::message_processor::stable_log] Program log: Instruction: TransferChecked
[2025-11-05T06:35:24.118167000Z DEBUG solana_runtime::message_processor::stable_log] Program TokenkegQfeZyiNwAJbNbGKPFXCWuBvf9Ss623VQ5DA consumed 6174 of 349283 compute units
[2025-11-05T06:35:24.118177000Z DEBUG solana_runtime::message_processor::stable_log] Program TokenkegQfeZyiNwAJbNbGKPFXCWuBvf9Ss623VQ5DA success
[2025-11-05T06:35:24.118227000Z DEBUG solana_runtime::message_processor::stable_log] Program TokenkegQfeZyiNwAJbNbGKPFXCWuBvf9Ss623VQ5DA invoke [2]
[2025-11-05T06:35:24.118334000Z DEBUG solana_runtime::message_processor::stable_log] Program log: Instruction: TransferChecked
[2025-11-05T06:35:24.118532000Z DEBUG solana_runtime::message_processor::stable_log] Program TokenkegQfeZyiNwAJbNbGKPFXCWuBvf9Ss623VQ5DA consumed 6174 of 340232 compute units
[2025-11-05T06:35:24.118545000Z DEBUG solana_runtime::message_processor::stable_log] Program TokenkegQfeZyiNwAJbNbGKPFXCWuBvf9Ss623VQ5DA success
[2025-11-05T06:35:24.118560000Z DEBUG solana_runtime::message_processor::stable_log] Program data: jhY1V/E9sS10W6UEfJbGe2RhiwxsTVuBFSAmDKvqj9oXQkrHUX6qxwgAAAAAAAAASMMAAAAAAAAr8AppAAAAAA==
[2025-11-05T06:35:24.118566000Z DEBUG solana_runtime::message_processor::stable_log] Program data: KjXqZeHwy3l0W6UEfJbGe2RhiwxsTVuBFSAmDKvqj9oXQkrHUX6qxwQAAAACAAAAAgAAABhBAAAAAAAAAAAAAAAAAAAr8AppAAAAAA==
[2025-11-05T06:35:24.118601000Z DEBUG solana_runtime::message_processor::stable_log] Program 5B57SJ3g2YoNXUpsZqqjEQkRSxyKtVTQRXdgAirz6bio consumed 68527 of 399850 compute units
[2025-11-05T06:35:24.118615000Z DEBUG solana_runtime::message_processor::stable_log] Program 5B57SJ3g2YoNXUpsZqqjEQkRSxyKtVTQRXdgAirz6bio success
Page 0 distributed: 16664
Page 1 distributed (cumulative): 33328
Final distributed (cumulative): 49992
Total claimed: 50000
      ✔ Should track cumulative distribution across multiple pages (164ms)

  Frozen reward vault
[2025-11-05T06:35:24.122827000Z INFO  solana_program_test] "cp_amm" SBF program from ./target/deploy/cp_amm.so, modified 24 minutes, 31 seconds, 470 ms, 141 µs and 203 ns ago
[2025-11-05T06:35:24.122990000Z INFO  solana_program_test] "fee_router" SBF program from ./target/deploy/fee_router.so, modified 34 seconds, 207 ms, 249 µs and 331 ns ago
[2025-11-05T06:35:24.123131000Z INFO  solana_program_test] "transfer_hook_counter" SBF program from tests/fixtures/transfer_hook_counter.so, modified 3 weeks, 22 hours, 58 minutes, 58 seconds, 948 ms, 728 µs and 196 ns ago
[2025-11-05T06:35:24.123382000Z INFO  solana_program_test] "alpha_vault" SBF program from tests/fixtures/alpha_vault.so, modified 3 weeks, 22 hours, 58 minutes, 58 seconds, 949 ms, 668 µs and 72 ns ago
[2025-11-05T06:35:24.123662000Z INFO  solana_program_test] "streamflow" SBF program from tests/fixtures/streamflow.so, modified 3 weeks, 6 hours, 59 minutes, 8 seconds, 834 ms, 577 µs and 387 ns ago
[2025-11-05T06:35:24.123972000Z INFO  solana_program_test] "cp_amm" SBF program from ./target/deploy/cp_amm.so, modified 24 minutes, 31 seconds, 471 ms, 290 µs and 203 ns ago
[2025-11-05T06:35:24.124104000Z INFO  solana_program_test] "fee_router" SBF program from ./target/deploy/fee_router.so, modified 34 seconds, 208 ms, 363 µs and 331 ns ago
[2025-11-05T06:35:24.142508000Z INFO  solana_program_test] Overriding account at ASmKWt93JEMHxbdE6j7znD9y2FcdPboCzC3xtSTJvN7S
[2025-11-05T06:35:24.142560000Z INFO  solana_program_test] Overriding account at 5B57SJ3g2YoNXUpsZqqjEQkRSxyKtVTQRXdgAirz6bio
[2025-11-05T06:35:24.155714000Z DEBUG solana_runtime::message_processor::stable_log] Program 11111111111111111111111111111111 invoke [1]
[2025-11-05T06:35:24.155736000Z DEBUG solana_runtime::message_processor::stable_log] Program 11111111111111111111111111111111 success
[2025-11-05T06:35:24.159892000Z DEBUG solana_runtime::message_processor::stable_log] Program 11111111111111111111111111111111 invoke [1]
[2025-11-05T06:35:24.159900000Z DEBUG solana_runtime::message_processor::stable_log] Program 11111111111111111111111111111111 success
[2025-11-05T06:35:24.163884000Z DEBUG solana_runtime::message_processor::stable_log] Program 11111111111111111111111111111111 invoke [1]
[2025-11-05T06:35:24.163899000Z DEBUG solana_runtime::message_processor::stable_log] Program 11111111111111111111111111111111 success
[2025-11-05T06:35:24.167838000Z DEBUG solana_runtime::message_processor::stable_log] Program 11111111111111111111111111111111 invoke [1]
[2025-11-05T06:35:24.167853000Z DEBUG solana_runtime::message_processor::stable_log] Program 11111111111111111111111111111111 success
[2025-11-05T06:35:24.175396000Z DEBUG solana_runtime::message_processor::stable_log] Program 11111111111111111111111111111111 invoke [1]
[2025-11-05T06:35:24.175415000Z DEBUG solana_runtime::message_processor::stable_log] Program 11111111111111111111111111111111 success
[2025-11-05T06:35:24.175419000Z DEBUG solana_runtime::message_processor::stable_log] Program TokenkegQfeZyiNwAJbNbGKPFXCWuBvf9Ss623VQ5DA invoke [1]
[2025-11-05T06:35:24.175540000Z DEBUG solana_runtime::message_processor::stable_log] Program log: Instruction: InitializeMint2
[2025-11-05T06:35:24.175584000Z DEBUG solana_runtime::message_processor::stable_log] Program TokenkegQfeZyiNwAJbNbGKPFXCWuBvf9Ss623VQ5DA consumed 2779 of 399850 compute units
[2025-11-05T06:35:24.175595000Z DEBUG solana_runtime::message_processor::stable_log] Program TokenkegQfeZyiNwAJbNbGKPFXCWuBvf9Ss623VQ5DA success
[2025-11-05T06:35:24.183150000Z DEBUG solana_runtime::message_processor::stable_log] Program 11111111111111111111111111111111 invoke [1]
[2025-11-05T06:35:24.183223000Z DEBUG solana_runtime::message_processor::stable_log] Program 11111111111111111111111111111111 success
[2025-11-05T06:35:24.183235000Z DEBUG solana_runtime::message_processor::stable_log] Program TokenkegQfeZyiNwAJbNbGKPFXCWuBvf9Ss623VQ5DA invoke [1]
[2025-11-05T06:35:24.183289000Z DEBUG solana_runtime::message_processor::stable_log] Program log: Instruction: InitializeMint2
[2025-11-05T06:35:24.183329000Z DEBUG solana_runtime::message_processor::stable_log] Program TokenkegQfeZyiNwAJbNbGKPFXCWuBvf9Ss623VQ5DA consumed 2779 of 399850 compute units
[2025-11-05T06:35:24.183341000Z DEBUG solana_runtime::message_processor::stable_log] Program TokenkegQfeZyiNwAJbNbGKPFXCWuBvf9Ss623VQ5DA success
[2025-11-05T06:35:24.191177000Z DEBUG solana_runtime::message_processor::stable_log] Program 11111111111111111111111111111111 invoke [1]
[2025-11-05T06:35:24.191193000Z DEBUG solana_runtime::message_processor::stable_log] Program 11111111111111111111111111111111 success
[2025-11-05T06:35:24.191197000Z DEBUG solana_runtime::message_processor::stable_log] Program TokenkegQfeZyiNwAJbNbGKPFXCWuBvf9Ss623VQ5DA invoke [1]
[2025-11-05T06:35:24.191247000Z DEBUG solana_runtime::message_processor::stable_log] Program log: Instruction: InitializeMint2
[2025-11-05T06:35:24.191287000Z DEBUG solana_runtime::message_processor::stable_log] Program TokenkegQfeZyiNwAJbNbGKPFXCWuBvf9Ss623VQ5DA consumed 2827 of 399850 compute units
[2025-11-05T06:35:24.191297000Z DEBUG solana_runtime::message_processor::stable_log] Program TokenkegQfeZyiNwAJbNbGKPFXCWuBvf9Ss623VQ5DA success
[2025-11-05T06:35:24.197227000Z DEBUG solana_runtime::message_processor::stable_log] Program ATokenGPvbdGVxr1b2hvZbsiqW5xWH25efTNsLJA8knL invoke [1]
[2025-11-05T06:35:24.197289000Z DEBUG solana_runtime::message_processor::stable_log] Program log: Create
[2025-11-05T06:35:24.197338000Z DEBUG solana_runtime::message_processor::stable_log] Program TokenkegQfeZyiNwAJbNbGKPFXCWuBvf9Ss623VQ5DA invoke [2]
[2025-11-05T06:35:24.197369000Z DEBUG solana_runtime::message_processor::stable_log] Program log: Instruction: GetAccountDataSize
[2025-11-05T06:35:24.197386000Z DEBUG solana_runtime::message_processor::stable_log] Program TokenkegQfeZyiNwAJbNbGKPFXCWuBvf9Ss623VQ5DA consumed 1595 of 194555 compute units
[2025-11-05T06:35:24.197394000Z DEBUG solana_runtime::message_processor::stable_log] Program return: TokenkegQfeZyiNwAJbNbGKPFXCWuBvf9Ss623VQ5DA pQAAAAAAAAA=
[2025-11-05T06:35:24.197403000Z DEBUG solana_runtime::message_processor::stable_log] Program TokenkegQfeZyiNwAJbNbGKPFXCWuBvf9Ss623VQ5DA success
[2025-11-05T06:35:24.197455000Z DEBUG solana_runtime::message_processor::stable_log] Program 11111111111111111111111111111111 invoke [2]
[2025-11-05T06:35:24.197462000Z DEBUG solana_runtime::message_processor::stable_log] Program 11111111111111111111111111111111 success
[2025-11-05T06:35:24.197467000Z DEBUG solana_runtime::message_processor::stable_log] Program log: Initialize the associated token account
[2025-11-05T06:35:24.197485000Z DEBUG solana_runtime::message_processor::stable_log] Program TokenkegQfeZyiNwAJbNbGKPFXCWuBvf9Ss623VQ5DA invoke [2]
[2025-11-05T06:35:24.197507000Z DEBUG solana_runtime::message_processor::stable_log] Program log: Instruction: InitializeImmutableOwner
[2025-11-05T06:35:24.197519000Z DEBUG solana_runtime::message_processor::stable_log] Program log: Please upgrade to SPL Token 2022 for immutable owner support
[2025-11-05T06:35:24.197522000Z DEBUG solana_runtime::message_processor::stable_log] Program TokenkegQfeZyiNwAJbNbGKPFXCWuBvf9Ss623VQ5DA consumed 1405 of 187942 compute units
[2025-11-05T06:35:24.197529000Z DEBUG solana_runtime::message_processor::stable_log] Program TokenkegQfeZyiNwAJbNbGKPFXCWuBvf9Ss623VQ5DA success
[2025-11-05T06:35:24.197570000Z DEBUG solana_runtime::message_processor::stable_log] Program TokenkegQfeZyiNwAJbNbGKPFXCWuBvf9Ss623VQ5DA invoke [2]
[2025-11-05T06:35:24.197597000Z DEBUG solana_runtime::message_processor::stable_log] Program log: Instruction: InitializeAccount3
[2025-11-05T06:35:24.197650000Z DEBUG solana_runtime::message_processor::stable_log] Program TokenkegQfeZyiNwAJbNbGKPFXCWuBvf9Ss623VQ5DA consumed 4214 of 184058 compute units
[2025-11-05T06:35:24.197657000Z DEBUG solana_runtime::message_processor::stable_log] Program TokenkegQfeZyiNwAJbNbGKPFXCWuBvf9Ss623VQ5DA success
[2025-11-05T06:35:24.197670000Z DEBUG solana_runtime::message_processor::stable_log] Program ATokenGPvbdGVxr1b2hvZbsiqW5xWH25efTNsLJA8knL consumed 20460 of 200000 compute units
[2025-11-05T06:35:24.197678000Z DEBUG solana_runtime::message_processor::stable_log] Program ATokenGPvbdGVxr1b2hvZbsiqW5xWH25efTNsLJA8knL success
[2025-11-05T06:35:24.201103000Z DEBUG solana_runtime::message_processor::stable_log] Program TokenkegQfeZyiNwAJbNbGKPFXCWuBvf9Ss623VQ5DA invoke [1]
[2025-11-05T06:35:24.201172000Z DEBUG solana_runtime::message_processor::stable_log] Program log: Instruction: MintTo
[2025-11-05T06:35:24.201247000Z DEBUG solana_runtime::message_processor::stable_log] Program TokenkegQfeZyiNwAJbNbGKPFXCWuBvf9Ss623VQ5DA consumed 4491 of 200000 compute units
[2025-11-05T06:35:24.201260000Z DEBUG solana_runtime::message_processor::stable_log] Program TokenkegQfeZyiNwAJbNbGKPFXCWuBvf9Ss623VQ5DA success
[2025-11-05T06:35:24.206436000Z DEBUG solana_runtime::message_processor::stable_log] Program ATokenGPvbdGVxr1b2hvZbsiqW5xWH25efTNsLJA8knL invoke [1]
[2025-11-05T06:35:24.206511000Z DEBUG solana_runtime::message_processor::stable_log] Program log: Create
[2025-11-05T06:35:24.206567000Z DEBUG solana_runtime::message_processor::stable_log] Program TokenkegQfeZyiNwAJbNbGKPFXCWuBvf9Ss623VQ5DA invoke [2]
[2025-11-05T06:35:24.206599000Z DEBUG solana_runtime::message_processor::stable_log] Program log: Instruction: GetAccountDataSize
[2025-11-05T06:35:24.206616000Z DEBUG solana_runtime::message_processor::stable_log] Program TokenkegQfeZyiNwAJbNbGKPFXCWuBvf9Ss623VQ5DA consumed 1595 of 193055 compute units
[2025-11-05T06:35:24.206623000Z DEBUG solana_runtime::message_processor::stable_log] Program return: TokenkegQfeZyiNwAJbNbGKPFXCWuBvf9Ss623VQ5DA pQAAAAAAAAA=
[2025-11-05T06:35:24.206631000Z DEBUG solana_runtime::message_processor::stable_log] Program TokenkegQfeZyiNwAJbNbGKPFXCWuBvf9Ss623VQ5DA success
[2025-11-05T06:35:24.206684000Z DEBUG solana_runtime::message_processor::stable_log] Program 11111111111111111111111111111111 invoke [2]
[2025-11-05T06:35:24.206693000Z DEBUG solana_runtime::message_processor::stable_log] Program 11111111111111111111111111111111 success
[2025-11-05T06:35:24.206699000Z DEBUG solana_runtime::message_processor::stable_log] Program log: Initialize the associated token account
[2025-11-05T06:35:24.206715000Z DEBUG solana_runtime::message_processor::stable_log] Program TokenkegQfeZyiNwAJbNbGKPFXCWuBvf9Ss623VQ5DA invoke [2]
[2025-11-05T06:35:24.206736000Z DEBUG solana_runtime::message_processor::stable_log] Program log: Instruction: InitializeImmutableOwner
[2025-11-05T06:35:24.206747000Z DEBUG solana_runtime::message_processor::stable_log] Program log: Please upgrade to SPL Token 2022 for immutable owner support
[2025-11-05T06:35:24.206751000Z DEBUG solana_runtime::message_processor::stable_log] Program TokenkegQfeZyiNwAJbNbGKPFXCWuBvf9Ss623VQ5DA consumed 1405 of 186442 compute units
[2025-11-05T06:35:24.206758000Z DEBUG solana_runtime::message_processor::stable_log] Program TokenkegQfeZyiNwAJbNbGKPFXCWuBvf9Ss623VQ5DA success
[2025-11-05T06:35:24.206790000Z DEBUG solana_runtime::message_processor::stable_log] Program TokenkegQfeZyiNwAJbNbGKPFXCWuBvf9Ss623VQ5DA invoke [2]
[2025-11-05T06:35:24.206822000Z DEBUG solana_runtime::message_processor::stable_log] Program log: Instruction: InitializeAccount3
[2025-11-05T06:35:24.206874000Z DEBUG solana_runtime::message_processor::stable_log] Program TokenkegQfeZyiNwAJbNbGKPFXCWuBvf9Ss623VQ5DA consumed 4214 of 182558 compute units
[2025-11-05T06:35:24.206883000Z DEBUG solana_runtime::message_processor::stable_log] Program TokenkegQfeZyiNwAJbNbGKPFXCWuBvf9Ss623VQ5DA success
[2025-11-05T06:35:24.206895000Z DEBUG solana_runtime::message_processor::stable_log] Program ATokenGPvbdGVxr1b2hvZbsiqW5xWH25efTNsLJA8knL consumed 21960 of 200000 compute units
[2025-11-05T06:35:24.206904000Z DEBUG solana_runtime::message_processor::stable_log] Program ATokenGPvbdGVxr1b2hvZbsiqW5xWH25efTNsLJA8knL success
[2025-11-05T06:35:24.210249000Z DEBUG solana_runtime::message_processor::stable_log] Program TokenkegQfeZyiNwAJbNbGKPFXCWuBvf9Ss623VQ5DA invoke [1]
[2025-11-05T06:35:24.210307000Z DEBUG solana_runtime::message_processor::stable_log] Program log: Instruction: MintTo
[2025-11-05T06:35:24.210368000Z DEBUG solana_runtime::message_processor::stable_log] Program TokenkegQfeZyiNwAJbNbGKPFXCWuBvf9Ss623VQ5DA consumed 4491 of 200000 compute units
[2025-11-05T06:35:24.210378000Z DEBUG solana_runtime::message_processor::stable_log] Program TokenkegQfeZyiNwAJbNbGKPFXCWuBvf9Ss623VQ5DA success
[2025-11-05T06:35:24.215681000Z DEBUG solana_runtime::message_processor::stable_log] Program ATokenGPvbdGVxr1b2hvZbsiqW5xWH25efTNsLJA8knL invoke [1]
[2025-11-05T06:35:24.215774000Z DEBUG solana_runtime::message_processor::stable_log] Program log: Create
[2025-11-05T06:35:24.215855000Z DEBUG solana_runtime::message_processor::stable_log] Program TokenkegQfeZyiNwAJbNbGKPFXCWuBvf9Ss623VQ5DA invoke [2]
[2025-11-05T06:35:24.215905000Z DEBUG solana_runtime::message_processor::stable_log] Program log: Instruction: GetAccountDataSize
[2025-11-05T06:35:24.215929000Z DEBUG solana_runtime::message_processor::stable_log] Program TokenkegQfeZyiNwAJbNbGKPFXCWuBvf9Ss623VQ5DA consumed 1595 of 190055 compute units
[2025-11-05T06:35:24.215937000Z DEBUG solana_runtime::message_processor::stable_log] Program return: TokenkegQfeZyiNwAJbNbGKPFXCWuBvf9Ss623VQ5DA pQAAAAAAAAA=
[2025-11-05T06:35:24.215947000Z DEBUG solana_runtime::message_processor::stable_log] Program TokenkegQfeZyiNwAJbNbGKPFXCWuBvf9Ss623VQ5DA success
[2025-11-05T06:35:24.216002000Z DEBUG solana_runtime::message_processor::stable_log] Program 11111111111111111111111111111111 invoke [2]
[2025-11-05T06:35:24.216012000Z DEBUG solana_runtime::message_processor::stable_log] Program 11111111111111111111111111111111 success
[2025-11-05T06:35:24.216018000Z DEBUG solana_runtime::message_processor::stable_log] Program log: Initialize the associated token account
[2025-11-05T06:35:24.216035000Z DEBUG solana_runtime::message_processor::stable_log] Program TokenkegQfeZyiNwAJbNbGKPFXCWuBvf9Ss623VQ5DA invoke [2]
[2025-11-05T06:35:24.216058000Z DEBUG solana_runtime::message_processor::stable_log] Program log: Instruction: InitializeImmutableOwner
[2025-11-05T06:35:24.216069000Z DEBUG solana_runtime::message_processor::stable_log] Program log: Please upgrade to SPL Token 2022 for immutable owner support
[2025-11-05T06:35:24.216072000Z DEBUG solana_runtime::message_processor::stable_log] Program TokenkegQfeZyiNwAJbNbGKPFXCWuBvf9Ss623VQ5DA consumed 1405 of 183442 compute units
[2025-11-05T06:35:24.216080000Z DEBUG solana_runtime::message_processor::stable_log] Program TokenkegQfeZyiNwAJbNbGKPFXCWuBvf9Ss623VQ5DA success
[2025-11-05T06:35:24.216114000Z DEBUG solana_runtime::message_processor::stable_log] Program TokenkegQfeZyiNwAJbNbGKPFXCWuBvf9Ss623VQ5DA invoke [2]
[2025-11-05T06:35:24.216141000Z DEBUG solana_runtime::message_processor::stable_log] Program log: Instruction: InitializeAccount3
[2025-11-05T06:35:24.216199000Z DEBUG solana_runtime::message_processor::stable_log] Program TokenkegQfeZyiNwAJbNbGKPFXCWuBvf9Ss623VQ5DA consumed 4214 of 179558 compute units
[2025-11-05T06:35:24.216207000Z DEBUG solana_runtime::message_processor::stable_log] Program TokenkegQfeZyiNwAJbNbGKPFXCWuBvf9Ss623VQ5DA success
[2025-11-05T06:35:24.216220000Z DEBUG solana_runtime::message_processor::stable_log] Program ATokenGPvbdGVxr1b2hvZbsiqW5xWH25efTNsLJA8knL consumed 24960 of 200000 compute units
[2025-11-05T06:35:24.216229000Z DEBUG solana_runtime::message_processor::stable_log] Program ATokenGPvbdGVxr1b2hvZbsiqW5xWH25efTNsLJA8knL success
[2025-11-05T06:35:24.219558000Z DEBUG solana_runtime::message_processor::stable_log] Program TokenkegQfeZyiNwAJbNbGKPFXCWuBvf9Ss623VQ5DA invoke [1]
[2025-11-05T06:35:24.219601000Z DEBUG solana_runtime::message_processor::stable_log] Program log: Instruction: MintTo
[2025-11-05T06:35:24.219658000Z DEBUG solana_runtime::message_processor::stable_log] Program TokenkegQfeZyiNwAJbNbGKPFXCWuBvf9Ss623VQ5DA consumed 4491 of 200000 compute units
[2025-11-05T06:35:24.219667000Z DEBUG solana_runtime::message_processor::stable_log] Program TokenkegQfeZyiNwAJbNbGKPFXCWuBvf9Ss623VQ5DA success
[2025-11-05T06:35:24.225169000Z DEBUG solana_runtime::message_processor::stable_log] Program ATokenGPvbdGVxr1b2hvZbsiqW5xWH25efTNsLJA8knL invoke [1]
[2025-11-05T06:35:24.225243000Z DEBUG solana_runtime::message_processor::stable_log] Program log: Create
[2025-11-05T06:35:24.225296000Z DEBUG solana_runtime::message_processor::stable_log] Program TokenkegQfeZyiNwAJbNbGKPFXCWuBvf9Ss623VQ5DA invoke [2]
[2025-11-05T06:35:24.225334000Z DEBUG solana_runtime::message_processor::stable_log] Program log: Instruction: GetAccountDataSize
[2025-11-05T06:35:24.225352000Z DEBUG solana_runtime::message_processor::stable_log] Program TokenkegQfeZyiNwAJbNbGKPFXCWuBvf9Ss623VQ5DA consumed 1595 of 194555 compute units
[2025-11-05T06:35:24.225361000Z DEBUG solana_runtime::message_processor::stable_log] Program return: TokenkegQfeZyiNwAJbNbGKPFXCWuBvf9Ss623VQ5DA pQAAAAAAAAA=
[2025-11-05T06:35:24.225371000Z DEBUG solana_runtime::message_processor::stable_log] Program TokenkegQfeZyiNwAJbNbGKPFXCWuBvf9Ss623VQ5DA success
[2025-11-05T06:35:24.225479000Z DEBUG solana_runtime::message_processor::stable_log] Program 11111111111111111111111111111111 invoke [2]
[2025-11-05T06:35:24.225490000Z DEBUG solana_runtime::message_processor::stable_log] Program 11111111111111111111111111111111 success
[2025-11-05T06:35:24.225496000Z DEBUG solana_runtime::message_processor::stable_log] Program log: Initialize the associated token account
[2025-11-05T06:35:24.225517000Z DEBUG solana_runtime::message_processor::stable_log] Program TokenkegQfeZyiNwAJbNbGKPFXCWuBvf9Ss623VQ5DA invoke [2]
[2025-11-05T06:35:24.225542000Z DEBUG solana_runtime::message_processor::stable_log] Program log: Instruction: InitializeImmutableOwner
[2025-11-05T06:35:24.225557000Z DEBUG solana_runtime::message_processor::stable_log] Program log: Please upgrade to SPL Token 2022 for immutable owner support
[2025-11-05T06:35:24.225561000Z DEBUG solana_runtime::message_processor::stable_log] Program TokenkegQfeZyiNwAJbNbGKPFXCWuBvf9Ss623VQ5DA consumed 1405 of 187942 compute units
[2025-11-05T06:35:24.225570000Z DEBUG solana_runtime::message_processor::stable_log] Program TokenkegQfeZyiNwAJbNbGKPFXCWuBvf9Ss623VQ5DA success
[2025-11-05T06:35:24.225607000Z DEBUG solana_runtime::message_processor::stable_log] Program TokenkegQfeZyiNwAJbNbGKPFXCWuBvf9Ss623VQ5DA invoke [2]
[2025-11-05T06:35:24.225637000Z DEBUG solana_runtime::message_processor::stable_log] Program log: Instruction: InitializeAccount3
[2025-11-05T06:35:24.225698000Z DEBUG solana_runtime::message_processor::stable_log] Program TokenkegQfeZyiNwAJbNbGKPFXCWuBvf9Ss623VQ5DA consumed 4214 of 184058 compute units
[2025-11-05T06:35:24.225712000Z DEBUG solana_runtime::message_processor::stable_log] Program TokenkegQfeZyiNwAJbNbGKPFXCWuBvf9Ss623VQ5DA success
[2025-11-05T06:35:24.225725000Z DEBUG solana_runtime::message_processor::stable_log] Program ATokenGPvbdGVxr1b2hvZbsiqW5xWH25efTNsLJA8knL consumed 20460 of 200000 compute units
[2025-11-05T06:35:24.225735000Z DEBUG solana_runtime::message_processor::stable_log] Program ATokenGPvbdGVxr1b2hvZbsiqW5xWH25efTNsLJA8knL success
[2025-11-05T06:35:24.229582000Z DEBUG solana_runtime::message_processor::stable_log] Program TokenkegQfeZyiNwAJbNbGKPFXCWuBvf9Ss623VQ5DA invoke [1]
[2025-11-05T06:35:24.229636000Z DEBUG solana_runtime::message_processor::stable_log] Program log: Instruction: MintTo
[2025-11-05T06:35:24.229704000Z DEBUG solana_runtime::message_processor::stable_log] Program TokenkegQfeZyiNwAJbNbGKPFXCWuBvf9Ss623VQ5DA consumed 4491 of 200000 compute units
[2025-11-05T06:35:24.229713000Z DEBUG solana_runtime::message_processor::stable_log] Program TokenkegQfeZyiNwAJbNbGKPFXCWuBvf9Ss623VQ5DA success
[2025-11-05T06:35:24.235140000Z DEBUG solana_runtime::message_processor::stable_log] Program ATokenGPvbdGVxr1b2hvZbsiqW5xWH25efTNsLJA8knL invoke [1]
[2025-11-05T06:35:24.235276000Z DEBUG solana_runtime::message_processor::stable_log] Program log: Create
[2025-11-05T06:35:24.235355000Z DEBUG solana_runtime::message_processor::stable_log] Program TokenkegQfeZyiNwAJbNbGKPFXCWuBvf9Ss623VQ5DA invoke [2]
[2025-11-05T06:35:24.235431000Z DEBUG solana_runtime::message_processor::stable_log] Program log: Instruction: GetAccountDataSize
[2025-11-05T06:35:24.235475000Z DEBUG solana_runtime::message_processor::stable_log] Program TokenkegQfeZyiNwAJbNbGKPFXCWuBvf9Ss623VQ5DA consumed 1622 of 194555 compute units
[2025-11-05T06:35:24.235491000Z DEBUG solana_runtime::message_processor::stable_log] Program return: TokenkegQfeZyiNwAJbNbGKPFXCWuBvf9Ss623VQ5DA pQAAAAAAAAA=
[2025-11-05T06:35:24.235530000Z DEBUG solana_runtime::message_processor::stable_log] Program TokenkegQfeZyiNwAJbNbGKPFXCWuBvf9Ss623VQ5DA success
[2025-11-05T06:35:24.235636000Z DEBUG solana_runtime::message_processor::stable_log] Program 11111111111111111111111111111111 invoke [2]
[2025-11-05T06:35:24.235655000Z DEBUG solana_runtime::message_processor::stable_log] Program 11111111111111111111111111111111 success
[2025-11-05T06:35:24.235664000Z DEBUG solana_runtime::message_processor::stable_log] Program log: Initialize the associated token account
[2025-11-05T06:35:24.235718000Z DEBUG solana_runtime::message_processor::stable_log] Program TokenkegQfeZyiNwAJbNbGKPFXCWuBvf9Ss623VQ5DA invoke [2]
[2025-11-05T06:35:24.235758000Z DEBUG solana_runtime::message_processor::stable_log] Program log: Instruction: InitializeImmutableOwner
[2025-11-05T06:35:24.235773000Z DEBUG solana_runtime::message_processor::stable_log] Program log: Please upgrade to SPL Token 2022 for immutable owner support
[2025-11-05T06:35:24.235777000Z DEBUG solana_runtime::message_processor::stable_log] Program TokenkegQfeZyiNwAJbNbGKPFXCWuBvf9Ss623VQ5DA consumed 1405 of 187915 compute units
[2025-11-05T06:35:24.235788000Z DEBUG solana_runtime::message_processor::stable_log] Program TokenkegQfeZyiNwAJbNbGKPFXCWuBvf9Ss623VQ5DA success
[2025-11-05T06:35:24.235888000Z DEBUG solana_runtime::message_processor::stable_log] Program TokenkegQfeZyiNwAJbNbGKPFXCWuBvf9Ss623VQ5DA invoke [2]
[2025-11-05T06:35:24.235931000Z DEBUG solana_runtime::message_processor::stable_log] Program log: Instruction: InitializeAccount3
[2025-11-05T06:35:24.236003000Z DEBUG solana_runtime::message_processor::stable_log] Program TokenkegQfeZyiNwAJbNbGKPFXCWuBvf9Ss623VQ5DA consumed 4241 of 184031 compute units
[2025-11-05T06:35:24.236012000Z DEBUG solana_runtime::message_processor::stable_log] Program TokenkegQfeZyiNwAJbNbGKPFXCWuBvf9Ss623VQ5DA success
[2025-11-05T06:35:24.236043000Z DEBUG solana_runtime::message_processor::stable_log] Program ATokenGPvbdGVxr1b2hvZbsiqW5xWH25efTNsLJA8knL consumed 20514 of 200000 compute units
[2025-11-05T06:35:24.236065000Z DEBUG solana_runtime::message_processor::stable_log] Program ATokenGPvbdGVxr1b2hvZbsiqW5xWH25efTNsLJA8knL success
[2025-11-05T06:35:24.240045000Z DEBUG solana_runtime::message_processor::stable_log] Program TokenkegQfeZyiNwAJbNbGKPFXCWuBvf9Ss623VQ5DA invoke [1]
[2025-11-05T06:35:24.240104000Z DEBUG solana_runtime::message_processor::stable_log] Program log: Instruction: MintTo
[2025-11-05T06:35:24.240172000Z DEBUG solana_runtime::message_processor::stable_log] Program TokenkegQfeZyiNwAJbNbGKPFXCWuBvf9Ss623VQ5DA consumed 4537 of 200000 compute units
[2025-11-05T06:35:24.240183000Z DEBUG solana_runtime::message_processor::stable_log] Program TokenkegQfeZyiNwAJbNbGKPFXCWuBvf9Ss623VQ5DA success
[2025-11-05T06:35:24.245820000Z DEBUG solana_runtime::message_processor::stable_log] Program ATokenGPvbdGVxr1b2hvZbsiqW5xWH25efTNsLJA8knL invoke [1]
[2025-11-05T06:35:24.245899000Z DEBUG solana_runtime::message_processor::stable_log] Program log: Create
[2025-11-05T06:35:24.245961000Z DEBUG solana_runtime::message_processor::stable_log] Program TokenkegQfeZyiNwAJbNbGKPFXCWuBvf9Ss623VQ5DA invoke [2]
[2025-11-05T06:35:24.246003000Z DEBUG solana_runtime::message_processor::stable_log] Program log: Instruction: GetAccountDataSize
[2025-11-05T06:35:24.246024000Z DEBUG solana_runtime::message_processor::stable_log] Program TokenkegQfeZyiNwAJbNbGKPFXCWuBvf9Ss623VQ5DA consumed 1622 of 193055 compute units
[2025-11-05T06:35:24.246034000Z DEBUG solana_runtime::message_processor::stable_log] Program return: TokenkegQfeZyiNwAJbNbGKPFXCWuBvf9Ss623VQ5DA pQAAAAAAAAA=
[2025-11-05T06:35:24.246061000Z DEBUG solana_runtime::message_processor::stable_log] Program TokenkegQfeZyiNwAJbNbGKPFXCWuBvf9Ss623VQ5DA success
[2025-11-05T06:35:24.246170000Z DEBUG solana_runtime::message_processor::stable_log] Program 11111111111111111111111111111111 invoke [2]
[2025-11-05T06:35:24.246179000Z DEBUG solana_runtime::message_processor::stable_log] Program 11111111111111111111111111111111 success
[2025-11-05T06:35:24.246185000Z DEBUG solana_runtime::message_processor::stable_log] Program log: Initialize the associated token account
[2025-11-05T06:35:24.246205000Z DEBUG solana_runtime::message_processor::stable_log] Program TokenkegQfeZyiNwAJbNbGKPFXCWuBvf9Ss623VQ5DA invoke [2]
[2025-11-05T06:35:24.246229000Z DEBUG solana_runtime::message_processor::stable_log] Program log: Instruction: InitializeImmutableOwner
[2025-11-05T06:35:24.246241000Z DEBUG solana_runtime::message_processor::stable_log] Program log: Please upgrade to SPL Token 2022 for immutable owner support
[2025-11-05T06:35:24.246247000Z DEBUG solana_runtime::message_processor::stable_log] Program TokenkegQfeZyiNwAJbNbGKPFXCWuBvf9Ss623VQ5DA consumed 1405 of 186415 compute units
[2025-11-05T06:35:24.246256000Z DEBUG solana_runtime::message_processor::stable_log] Program TokenkegQfeZyiNwAJbNbGKPFXCWuBvf9Ss623VQ5DA success
[2025-11-05T06:35:24.246294000Z DEBUG solana_runtime::message_processor::stable_log] Program TokenkegQfeZyiNwAJbNbGKPFXCWuBvf9Ss623VQ5DA invoke [2]
[2025-11-05T06:35:24.246327000Z DEBUG solana_runtime::message_processor::stable_log] Program log: Instruction: InitializeAccount3
[2025-11-05T06:35:24.246387000Z DEBUG solana_runtime::message_processor::stable_log] Program TokenkegQfeZyiNwAJbNbGKPFXCWuBvf9Ss623VQ5DA consumed 4241 of 182531 compute units
[2025-11-05T06:35:24.246396000Z DEBUG solana_runtime::message_processor::stable_log] Program TokenkegQfeZyiNwAJbNbGKPFXCWuBvf9Ss623VQ5DA success
[2025-11-05T06:35:24.246409000Z DEBUG solana_runtime::message_processor::stable_log] Program ATokenGPvbdGVxr1b2hvZbsiqW5xWH25efTNsLJA8knL consumed 22014 of 200000 compute units
[2025-11-05T06:35:24.246419000Z DEBUG solana_runtime::message_processor::stable_log] Program ATokenGPvbdGVxr1b2hvZbsiqW5xWH25efTNsLJA8knL success
[2025-11-05T06:35:24.249983000Z DEBUG solana_runtime::message_processor::stable_log] Program TokenkegQfeZyiNwAJbNbGKPFXCWuBvf9Ss623VQ5DA invoke [1]
[2025-11-05T06:35:24.250055000Z DEBUG solana_runtime::message_processor::stable_log] Program log: Instruction: MintTo
[2025-11-05T06:35:24.250124000Z DEBUG solana_runtime::message_processor::stable_log] Program TokenkegQfeZyiNwAJbNbGKPFXCWuBvf9Ss623VQ5DA consumed 4537 of 200000 compute units
[2025-11-05T06:35:24.250136000Z DEBUG solana_runtime::message_processor::stable_log] Program TokenkegQfeZyiNwAJbNbGKPFXCWuBvf9Ss623VQ5DA success
[2025-11-05T06:35:24.263838000Z DEBUG solana_runtime::message_processor::stable_log] Program ASmKWt93JEMHxbdE6j7znD9y2FcdPboCzC3xtSTJvN7S invoke [1]
[2025-11-05T06:35:24.263905000Z DEBUG solana_runtime::message_processor::stable_log] Program log: Instruction: CreateConfig
[2025-11-05T06:35:24.264029000Z DEBUG solana_runtime::message_processor::stable_log] Program 11111111111111111111111111111111 invoke [2]
[2025-11-05T06:35:24.264062000Z DEBUG solana_runtime::message_processor::stable_log] Program 11111111111111111111111111111111 success
[2025-11-05T06:35:24.264217000Z DEBUG solana_runtime::message_processor::stable_log] Program ASmKWt93JEMHxbdE6j7znD9y2FcdPboCzC3xtSTJvN7S invoke [2]
[2025-11-05T06:35:24.264276000Z DEBUG solana_runtime::message_processor::stable_log] Program ASmKWt93JEMHxbdE6j7znD9y2FcdPboCzC3xtSTJvN7S consumed 2069 of 184598 compute units
[2025-11-05T06:35:24.264287000Z DEBUG solana_runtime::message_processor::stable_log] Program ASmKWt93JEMHxbdE6j7znD9y2FcdPboCzC3xtSTJvN7S success
[2025-11-05T06:35:24.264303000Z DEBUG solana_runtime::message_processor::stable_log] Program ASmKWt93JEMHxbdE6j7znD9y2FcdPboCzC3xtSTJvN7S consumed 17776 of 200000 compute units
[2025-11-05T06:35:24.264312000Z DEBUG solana_runtime::message_processor::stable_log] Program ASmKWt93JEMHxbdE6j7znD9y2FcdPboCzC3xtSTJvN7S success
[2025-11-05T06:35:24.296750000Z DEBUG solana_runtime::message_processor::stable_log] Program ASmKWt93JEMHxbdE6j7znD9y2FcdPboCzC3xtSTJvN7S invoke [1]
[2025-11-05T06:35:24.296965000Z DEBUG solana_runtime::message_processor::stable_log] Program log: Instruction: InitializePool
[2025-11-05T06:35:24.297198000Z DEBUG solana_runtime::message_processor::stable_log] Program 11111111111111111111111111111111 invoke [2]
[2025-11-05T06:35:24.297212000Z DEBUG solana_runtime::message_processor::stable_log] Program 11111111111111111111111111111111 success
[2025-11-05T06:35:24.297264000Z DEBUG solana_runtime::message_processor::stable_log] Program TokenzQdBNbLqP5VEhdkAS6EPFLC1PHnBqCXEpPxuEb invoke [2]
[2025-11-05T06:35:24.297314000Z DEBUG solana_runtime::message_processor::stable_log] Program log: MetadataPointerInstruction::Initialize
[2025-11-05T06:35:24.297373000Z DEBUG solana_runtime::message_processor::stable_log] Program TokenzQdBNbLqP5VEhdkAS6EPFLC1PHnBqCXEpPxuEb consumed 2442 of 334963 compute units
[2025-11-05T06:35:24.297387000Z DEBUG solana_runtime::message_processor::stable_log] Program TokenzQdBNbLqP5VEhdkAS6EPFLC1PHnBqCXEpPxuEb success
[2025-11-05T06:35:24.297434000Z DEBUG solana_runtime::message_processor::stable_log] Program TokenzQdBNbLqP5VEhdkAS6EPFLC1PHnBqCXEpPxuEb invoke [2]
[2025-11-05T06:35:24.297467000Z DEBUG solana_runtime::message_processor::stable_log] Program log: Instruction: InitializeMintCloseAuthority
[2025-11-05T06:35:24.297525000Z DEBUG solana_runtime::message_processor::stable_log] Program TokenzQdBNbLqP5VEhdkAS6EPFLC1PHnBqCXEpPxuEb consumed 2570 of 330543 compute units
[2025-11-05T06:35:24.297537000Z DEBUG solana_runtime::message_processor::stable_log] Program TokenzQdBNbLqP5VEhdkAS6EPFLC1PHnBqCXEpPxuEb success
[2025-11-05T06:35:24.297581000Z DEBUG solana_runtime::message_processor::stable_log] Program TokenzQdBNbLqP5VEhdkAS6EPFLC1PHnBqCXEpPxuEb invoke [2]
[2025-11-05T06:35:24.297618000Z DEBUG solana_runtime::message_processor::stable_log] Program log: Instruction: InitializeMint2
[2025-11-05T06:35:24.297716000Z DEBUG solana_runtime::message_processor::stable_log] Program TokenzQdBNbLqP5VEhdkAS6EPFLC1PHnBqCXEpPxuEb consumed 4078 of 326031 compute units
[2025-11-05T06:35:24.297726000Z DEBUG solana_runtime::message_processor::stable_log] Program TokenzQdBNbLqP5VEhdkAS6EPFLC1PHnBqCXEpPxuEb success
[2025-11-05T06:35:24.297914000Z DEBUG solana_runtime::message_processor::stable_log] Program 11111111111111111111111111111111 invoke [2]
[2025-11-05T06:35:24.297923000Z DEBUG solana_runtime::message_processor::stable_log] Program 11111111111111111111111111111111 success
[2025-11-05T06:35:24.297970000Z DEBUG solana_runtime::message_processor::stable_log] Program TokenzQdBNbLqP5VEhdkAS6EPFLC1PHnBqCXEpPxuEb invoke [2]
[2025-11-05T06:35:24.298008000Z DEBUG solana_runtime::message_processor::stable_log] Program log: Instruction: InitializeAccount3
[2025-11-05T06:35:24.298136000Z DEBUG solana_runtime::message_processor::stable_log] Program TokenzQdBNbLqP5VEhdkAS6EPFLC1PHnBqCXEpPxuEb consumed 5137 of 312347 compute units
[2025-11-05T06:35:24.298147000Z DEBUG solana_runtime::message_processor::stable_log] Program TokenzQdBNbLqP5VEhdkAS6EPFLC1PHnBqCXEpPxuEb success
[2025-11-05T06:35:24.298307000Z DEBUG solana_runtime::message_processor::stable_log] Program 11111111111111111111111111111111 invoke [2]
[2025-11-05T06:35:24.298315000Z DEBUG solana_runtime::message_processor::stable_log] Program 11111111111111111111111111111111 success
[2025-11-05T06:35:24.298436000Z DEBUG solana_runtime::message_processor::stable_log] Program 11111111111111111111111111111111 invoke [2]
[2025-11-05T06:35:24.298443000Z DEBUG solana_runtime::message_processor::stable_log] Program 11111111111111111111111111111111 success
[2025-11-05T06:35:24.298586000Z DEBUG solana_runtime::message_processor::stable_log] Program 11111111111111111111111111111111 invoke [2]
[2025-11-05T06:35:24.298592000Z DEBUG solana_runtime::message_processor::stable_log] Program 11111111111111111111111111111111 success
[2025-11-05T06:35:24.298640000Z DEBUG solana_runtime::message_processor::stable_log] Program TokenkegQfeZyiNwAJbNbGKPFXCWuBvf9Ss623VQ5DA invoke [2]
[2025-11-05T06:35:24.298685000Z DEBUG solana_runtime::message_processor::stable_log] Program log: Instruction: InitializeAccount3
[2025-11-05T06:35:24.298786000Z DEBUG solana_runtime::message_processor::stable_log] Program TokenkegQfeZyiNwAJbNbGKPFXCWuBvf9Ss623VQ5DA consumed 4214 of 281248 compute units
[2025-11-05T06:35:24.298797000Z DEBUG solana_runtime::message_processor::stable_log] Program TokenkegQfeZyiNwAJbNbGKPFXCWuBvf9Ss623VQ5DA success
[2025-11-05T06:35:24.299028000Z DEBUG solana_runtime::message_processor::stable_log] Program 11111111111111111111111111111111 invoke [2]
[2025-11-05T06:35:24.299041000Z DEBUG solana_runtime::message_processor::stable_log] Program 11111111111111111111111111111111 success
[2025-11-05T06:35:24.299090000Z DEBUG solana_runtime::message_processor::stable_log] Program TokenkegQfeZyiNwAJbNbGKPFXCWuBvf9Ss623VQ5DA invoke [2]
[2025-11-05T06:35:24.299137000Z DEBUG solana_runtime::message_processor::stable_log] Program log: Instruction: InitializeAccount3
[2025-11-05T06:35:24.299285000Z DEBUG solana_runtime::message_processor::stable_log] Program TokenkegQfeZyiNwAJbNbGKPFXCWuBvf9Ss623VQ5DA consumed 4214 of 263609 compute units
[2025-11-05T06:35:24.299297000Z DEBUG solana_runtime::message_processor::stable_log] Program TokenkegQfeZyiNwAJbNbGKPFXCWuBvf9Ss623VQ5DA success
[2025-11-05T06:35:24.299671000Z DEBUG solana_runtime::message_processor::stable_log] Program TokenzQdBNbLqP5VEhdkAS6EPFLC1PHnBqCXEpPxuEb invoke [2]
[2025-11-05T06:35:24.299762000Z DEBUG solana_runtime::message_processor::stable_log] Program log: TokenMetadataInstruction: Initialize
[2025-11-05T06:35:24.300012000Z DEBUG solana_runtime::message_processor::stable_log] Program TokenzQdBNbLqP5VEhdkAS6EPFLC1PHnBqCXEpPxuEb consumed 9900 of 247476 compute units
[2025-11-05T06:35:24.300027000Z DEBUG solana_runtime::message_processor::stable_log] Program TokenzQdBNbLqP5VEhdkAS6EPFLC1PHnBqCXEpPxuEb success
[2025-11-05T06:35:24.300091000Z DEBUG solana_runtime::message_processor::stable_log] Program 11111111111111111111111111111111 invoke [2]
[2025-11-05T06:35:24.300099000Z DEBUG solana_runtime::message_processor::stable_log] Program 11111111111111111111111111111111 success
[2025-11-05T06:35:24.300177000Z DEBUG solana_runtime::message_processor::stable_log] Program TokenzQdBNbLqP5VEhdkAS6EPFLC1PHnBqCXEpPxuEb invoke [2]
[2025-11-05T06:35:24.300419000Z DEBUG solana_runtime::message_processor::stable_log] Program log: Instruction: MintTo
[2025-11-05T06:35:24.300822000Z DEBUG solana_runtime::message_processor::stable_log] Program TokenzQdBNbLqP5VEhdkAS6EPFLC1PHnBqCXEpPxuEb consumed 5540 of 232514 compute units
[2025-11-05T06:35:24.300863000Z DEBUG solana_runtime::message_processor::stable_log] Program TokenzQdBNbLqP5VEhdkAS6EPFLC1PHnBqCXEpPxuEb success
[2025-11-05T06:35:24.300967000Z DEBUG solana_runtime::message_processor::stable_log] Program ASmKWt93JEMHxbdE6j7znD9y2FcdPboCzC3xtSTJvN7S invoke [2]
[2025-11-05T06:35:24.301030000Z DEBUG solana_runtime::message_processor::stable_log] Program ASmKWt93JEMHxbdE6j7znD9y2FcdPboCzC3xtSTJvN7S consumed 2069 of 223909 compute units
[2025-11-05T06:35:24.301040000Z DEBUG solana_runtime::message_processor::stable_log] Program ASmKWt93JEMHxbdE6j7znD9y2FcdPboCzC3xtSTJvN7S success
[2025-11-05T06:35:24.301101000Z DEBUG solana_runtime::message_processor::stable_log] Program TokenkegQfeZyiNwAJbNbGKPFXCWuBvf9Ss623VQ5DA invoke [2]
[2025-11-05T06:35:24.301148000Z DEBUG solana_runtime::message_processor::stable_log] Program log: Instruction: TransferChecked
[2025-11-05T06:35:24.301274000Z DEBUG solana_runtime::message_processor::stable_log] Program TokenkegQfeZyiNwAJbNbGKPFXCWuBvf9Ss623VQ5DA consumed 6174 of 219368 compute units
[2025-11-05T06:35:24.301295000Z DEBUG solana_runtime::message_processor::stable_log] Program TokenkegQfeZyiNwAJbNbGKPFXCWuBvf9Ss623VQ5DA success
[2025-11-05T06:35:24.301402000Z DEBUG solana_runtime::message_processor::stable_log] Program TokenkegQfeZyiNwAJbNbGKPFXCWuBvf9Ss623VQ5DA invoke [2]
[2025-11-05T06:35:24.301467000Z DEBUG solana_runtime::message_processor::stable_log] Program log: Instruction: TransferChecked
[2025-11-05T06:35:24.301611000Z DEBUG solana_runtime::message_processor::stable_log] Program TokenkegQfeZyiNwAJbNbGKPFXCWuBvf9Ss623VQ5DA consumed 6269 of 210784 compute units
[2025-11-05T06:35:24.301622000Z DEBUG solana_runtime::message_processor::stable_log] Program TokenkegQfeZyiNwAJbNbGKPFXCWuBvf9Ss623VQ5DA success
[2025-11-05T06:35:24.301791000Z DEBUG solana_runtime::message_processor::stable_log] Program ASmKWt93JEMHxbdE6j7znD9y2FcdPboCzC3xtSTJvN7S invoke [2]
[2025-11-05T06:35:24.301914000Z DEBUG solana_runtime::message_processor::stable_log] Program ASmKWt93JEMHxbdE6j7znD9y2FcdPboCzC3xtSTJvN7S consumed 2069 of 199434 compute units
[2025-11-05T06:35:24.301925000Z DEBUG solana_runtime::message_processor::stable_log] Program ASmKWt93JEMHxbdE6j7znD9y2FcdPboCzC3xtSTJvN7S success
[2025-11-05T06:35:24.301965000Z DEBUG solana_runtime::message_processor::stable_log] Program ASmKWt93JEMHxbdE6j7znD9y2FcdPboCzC3xtSTJvN7S consumed 153429 of 350000 compute units
[2025-11-05T06:35:24.301980000Z DEBUG solana_runtime::message_processor::stable_log] Program ASmKWt93JEMHxbdE6j7znD9y2FcdPboCzC3xtSTJvN7S success
[2025-11-05T06:35:24.301992000Z DEBUG solana_runtime::message_processor::stable_log] Program ComputeBudget111111111111111111111111111111 invoke [1]
[2025-11-05T06:35:24.302001000Z DEBUG solana_runtime::message_processor::stable_log] Program ComputeBudget111111111111111111111111111111 success
[2025-11-05T06:35:24.322920000Z DEBUG solana_runtime::message_processor::stable_log] Program ASmKWt93JEMHxbdE6j7znD9y2FcdPboCzC3xtSTJvN7S invoke [1]
[2025-11-05T06:35:24.323029000Z DEBUG solana_runtime::message_processor::stable_log] Program log: Instruction: CreatePosition
[2025-11-05T06:35:24.323108000Z DEBUG solana_runtime::message_processor::stable_log] Program 11111111111111111111111111111111 invoke [2]
[2025-11-05T06:35:24.323117000Z DEBUG solana_runtime::message_processor::stable_log] Program 11111111111111111111111111111111 success
[2025-11-05T06:35:24.323153000Z DEBUG solana_runtime::message_processor::stable_log] Program TokenzQdBNbLqP5VEhdkAS6EPFLC1PHnBqCXEpPxuEb invoke [2]
[2025-11-05T06:35:24.323243000Z DEBUG solana_runtime::message_processor::stable_log] Program log: MetadataPointerInstruction::Initialize
[2025-11-05T06:35:24.323283000Z DEBUG solana_runtime::message_processor::stable_log] Program TokenzQdBNbLqP5VEhdkAS6EPFLC1PHnBqCXEpPxuEb consumed 2442 of 191116 compute units
[2025-11-05T06:35:24.323293000Z DEBUG solana_runtime::message_processor::stable_log] Program TokenzQdBNbLqP5VEhdkAS6EPFLC1PHnBqCXEpPxuEb success
[2025-11-05T06:35:24.323325000Z DEBUG solana_runtime::message_processor::stable_log] Program TokenzQdBNbLqP5VEhdkAS6EPFLC1PHnBqCXEpPxuEb invoke [2]
[2025-11-05T06:35:24.323350000Z DEBUG solana_runtime::message_processor::stable_log] Program log: Instruction: InitializeMintCloseAuthority
[2025-11-05T06:35:24.323384000Z DEBUG solana_runtime::message_processor::stable_log] Program TokenzQdBNbLqP5VEhdkAS6EPFLC1PHnBqCXEpPxuEb consumed 2570 of 186696 compute units
[2025-11-05T06:35:24.323393000Z DEBUG solana_runtime::message_processor::stable_log] Program TokenzQdBNbLqP5VEhdkAS6EPFLC1PHnBqCXEpPxuEb success
[2025-11-05T06:35:24.323424000Z DEBUG solana_runtime::message_processor::stable_log] Program TokenzQdBNbLqP5VEhdkAS6EPFLC1PHnBqCXEpPxuEb invoke [2]
[2025-11-05T06:35:24.323449000Z DEBUG solana_runtime::message_processor::stable_log] Program log: Instruction: InitializeMint2
[2025-11-05T06:35:24.323556000Z DEBUG solana_runtime::message_processor::stable_log] Program TokenzQdBNbLqP5VEhdkAS6EPFLC1PHnBqCXEpPxuEb consumed 4078 of 182183 compute units
[2025-11-05T06:35:24.323569000Z DEBUG solana_runtime::message_processor::stable_log] Program TokenzQdBNbLqP5VEhdkAS6EPFLC1PHnBqCXEpPxuEb success
[2025-11-05T06:35:24.323698000Z DEBUG solana_runtime::message_processor::stable_log] Program 11111111111111111111111111111111 invoke [2]
[2025-11-05T06:35:24.323703000Z DEBUG solana_runtime::message_processor::stable_log] Program 11111111111111111111111111111111 success
[2025-11-05T06:35:24.323735000Z DEBUG solana_runtime::message_processor::stable_log] Program TokenzQdBNbLqP5VEhdkAS6EPFLC1PHnBqCXEpPxuEb invoke [2]
[2025-11-05T06:35:24.323762000Z DEBUG solana_runtime::message_processor::stable_log] Program log: Instruction: InitializeAccount3
[2025-11-05T06:35:24.323925000Z DEBUG solana_runtime::message_processor::stable_log] Program TokenzQdBNbLqP5VEhdkAS6EPFLC1PHnBqCXEpPxuEb consumed 5137 of 168499 compute units
[2025-11-05T06:35:24.323937000Z DEBUG solana_runtime::message_processor::stable_log] Program TokenzQdBNbLqP5VEhdkAS6EPFLC1PHnBqCXEpPxuEb success
[2025-11-05T06:35:24.324049000Z DEBUG solana_runtime::message_processor::stable_log] Program 11111111111111111111111111111111 invoke [2]
[2025-11-05T06:35:24.324052000Z DEBUG solana_runtime::message_processor::stable_log] Program 11111111111111111111111111111111 success
[2025-11-05T06:35:24.324160000Z DEBUG solana_runtime::message_processor::stable_log] Program TokenzQdBNbLqP5VEhdkAS6EPFLC1PHnBqCXEpPxuEb invoke [2]
[2025-11-05T06:35:24.324215000Z DEBUG solana_runtime::message_processor::stable_log] Program log: TokenMetadataInstruction: Initialize
[2025-11-05T06:35:24.324353000Z DEBUG solana_runtime::message_processor::stable_log] Program TokenzQdBNbLqP5VEhdkAS6EPFLC1PHnBqCXEpPxuEb consumed 9900 of 148769 compute units
[2025-11-05T06:35:24.324361000Z DEBUG solana_runtime::message_processor::stable_log] Program TokenzQdBNbLqP5VEhdkAS6EPFLC1PHnBqCXEpPxuEb success
[2025-11-05T06:35:24.324405000Z DEBUG solana_runtime::message_processor::stable_log] Program 11111111111111111111111111111111 invoke [2]
[2025-11-05T06:35:24.324409000Z DEBUG solana_runtime::message_processor::stable_log] Program 11111111111111111111111111111111 success
[2025-11-05T06:35:24.324452000Z DEBUG solana_runtime::message_processor::stable_log] Program TokenzQdBNbLqP5VEhdkAS6EPFLC1PHnBqCXEpPxuEb invoke [2]
[2025-11-05T06:35:24.324484000Z DEBUG solana_runtime::message_processor::stable_log] Program log: Instruction: MintTo
[2025-11-05T06:35:24.324563000Z DEBUG solana_runtime::message_processor::stable_log] Program TokenzQdBNbLqP5VEhdkAS6EPFLC1PHnBqCXEpPxuEb consumed 5540 of 133807 compute units
[2025-11-05T06:35:24.324575000Z DEBUG solana_runtime::message_processor::stable_log] Program TokenzQdBNbLqP5VEhdkAS6EPFLC1PHnBqCXEpPxuEb success
[2025-11-05T06:35:24.324630000Z DEBUG solana_runtime::message_processor::stable_log] Program ASmKWt93JEMHxbdE6j7znD9y2FcdPboCzC3xtSTJvN7S invoke [2]
[2025-11-05T06:35:24.324669000Z DEBUG solana_runtime::message_processor::stable_log] Program ASmKWt93JEMHxbdE6j7znD9y2FcdPboCzC3xtSTJvN7S consumed 2069 of 125201 compute units
[2025-11-05T06:35:24.324678000Z DEBUG solana_runtime::message_processor::stable_log] Program ASmKWt93JEMHxbdE6j7znD9y2FcdPboCzC3xtSTJvN7S success
[2025-11-05T06:35:24.324699000Z DEBUG solana_runtime::message_processor::stable_log] Program ASmKWt93JEMHxbdE6j7znD9y2FcdPboCzC3xtSTJvN7S consumed 77433 of 200000 compute units
[2025-11-05T06:35:24.324709000Z DEBUG solana_runtime::message_processor::stable_log] Program ASmKWt93JEMHxbdE6j7znD9y2FcdPboCzC3xtSTJvN7S success
[2025-11-05T06:35:24.356032000Z DEBUG solana_runtime::message_processor::stable_log] Program ASmKWt93JEMHxbdE6j7znD9y2FcdPboCzC3xtSTJvN7S invoke [1]
[2025-11-05T06:35:24.356180000Z DEBUG solana_runtime::message_processor::stable_log] Program log: Instruction: AddLiquidity
[2025-11-05T06:35:24.356489000Z DEBUG solana_runtime::message_processor::stable_log] Program TokenkegQfeZyiNwAJbNbGKPFXCWuBvf9Ss623VQ5DA invoke [2]
[2025-11-05T06:35:24.356536000Z DEBUG solana_runtime::message_processor::stable_log] Program log: Instruction: TransferChecked
[2025-11-05T06:35:24.356627000Z DEBUG solana_runtime::message_processor::stable_log] Program TokenkegQfeZyiNwAJbNbGKPFXCWuBvf9Ss623VQ5DA consumed 6174 of 178932 compute units
[2025-11-05T06:35:24.356642000Z DEBUG solana_runtime::message_processor::stable_log] Program TokenkegQfeZyiNwAJbNbGKPFXCWuBvf9Ss623VQ5DA success
[2025-11-05T06:35:24.356689000Z DEBUG solana_runtime::message_processor::stable_log] Program TokenkegQfeZyiNwAJbNbGKPFXCWuBvf9Ss623VQ5DA invoke [2]
[2025-11-05T06:35:24.356843000Z DEBUG solana_runtime::message_processor::stable_log] Program log: Instruction: TransferChecked
[2025-11-05T06:35:24.356923000Z DEBUG solana_runtime::message_processor::stable_log] Program TokenkegQfeZyiNwAJbNbGKPFXCWuBvf9Ss623VQ5DA consumed 6269 of 170348 compute units
[2025-11-05T06:35:24.356935000Z DEBUG solana_runtime::message_processor::stable_log] Program TokenkegQfeZyiNwAJbNbGKPFXCWuBvf9Ss623VQ5DA success
[2025-11-05T06:35:24.356992000Z DEBUG solana_runtime::message_processor::stable_log] Program ASmKWt93JEMHxbdE6j7znD9y2FcdPboCzC3xtSTJvN7S invoke [2]
[2025-11-05T06:35:24.357027000Z DEBUG solana_runtime::message_processor::stable_log] Program ASmKWt93JEMHxbdE6j7znD9y2FcdPboCzC3xtSTJvN7S consumed 2069 of 160825 compute units
[2025-11-05T06:35:24.357036000Z DEBUG solana_runtime::message_processor::stable_log] Program ASmKWt93JEMHxbdE6j7znD9y2FcdPboCzC3xtSTJvN7S success
[2025-11-05T06:35:24.357139000Z DEBUG solana_runtime::message_processor::stable_log] Program ASmKWt93JEMHxbdE6j7znD9y2FcdPboCzC3xtSTJvN7S invoke [2]
[2025-11-05T06:35:24.357170000Z DEBUG solana_runtime::message_processor::stable_log] Program ASmKWt93JEMHxbdE6j7znD9y2FcdPboCzC3xtSTJvN7S consumed 2069 of 152618 compute units
[2025-11-05T06:35:24.357179000Z DEBUG solana_runtime::message_processor::stable_log] Program ASmKWt93JEMHxbdE6j7znD9y2FcdPboCzC3xtSTJvN7S success
[2025-11-05T06:35:24.357203000Z DEBUG solana_runtime::message_processor::stable_log] Program ASmKWt93JEMHxbdE6j7znD9y2FcdPboCzC3xtSTJvN7S consumed 50092 of 200000 compute units
[2025-11-05T06:35:24.357214000Z DEBUG solana_runtime::message_processor::stable_log] Program ASmKWt93JEMHxbdE6j7znD9y2FcdPboCzC3xtSTJvN7S success
[2025-11-05T06:35:24.369957000Z DEBUG solana_runtime::message_processor::stable_log] Program ASmKWt93JEMHxbdE6j7znD9y2FcdPboCzC3xtSTJvN7S invoke [1]
[2025-11-05T06:35:24.370080000Z DEBUG solana_runtime::message_processor::stable_log] Program log: Instruction: InitializeReward
[2025-11-05T06:35:24.370254000Z DEBUG solana_runtime::message_processor::stable_log] Program 11111111111111111111111111111111 invoke [2]
[2025-11-05T06:35:24.370269000Z DEBUG solana_runtime::message_processor::stable_log] Program 11111111111111111111111111111111 success
[2025-11-05T06:35:24.370305000Z DEBUG solana_runtime::message_processor::stable_log] Program TokenkegQfeZyiNwAJbNbGKPFXCWuBvf9Ss623VQ5DA invoke [2]
[2025-11-05T06:35:24.370345000Z DEBUG solana_runtime::message_processor::stable_log] Program log: Instruction: InitializeAccount3
[2025-11-05T06:35:24.370412000Z DEBUG solana_runtime::message_processor::stable_log] Program TokenkegQfeZyiNwAJbNbGKPFXCWuBvf9Ss623VQ5DA consumed 4241 of 180374 compute units
[2025-11-05T06:35:24.370423000Z DEBUG solana_runtime::message_processor::stable_log] Program TokenkegQfeZyiNwAJbNbGKPFXCWuBvf9Ss623VQ5DA success
[2025-11-05T06:35:24.370541000Z DEBUG solana_runtime::message_processor::stable_log] Program ASmKWt93JEMHxbdE6j7znD9y2FcdPboCzC3xtSTJvN7S invoke [2]
[2025-11-05T06:35:24.370578000Z DEBUG solana_runtime::message_processor::stable_log] Program ASmKWt93JEMHxbdE6j7znD9y2FcdPboCzC3xtSTJvN7S consumed 2069 of 169331 compute units
[2025-11-05T06:35:24.370587000Z DEBUG solana_runtime::message_processor::stable_log] Program ASmKWt93JEMHxbdE6j7znD9y2FcdPboCzC3xtSTJvN7S success
[2025-11-05T06:35:24.370612000Z DEBUG solana_runtime::message_processor::stable_log] Program ASmKWt93JEMHxbdE6j7znD9y2FcdPboCzC3xtSTJvN7S consumed 33154 of 200000 compute units
[2025-11-05T06:35:24.370646000Z DEBUG solana_runtime::message_processor::stable_log] Program ASmKWt93JEMHxbdE6j7znD9y2FcdPboCzC3xtSTJvN7S success
[2025-11-05T06:35:24.394326000Z DEBUG solana_runtime::message_processor::stable_log] Program ASmKWt93JEMHxbdE6j7znD9y2FcdPboCzC3xtSTJvN7S invoke [1]
[2025-11-05T06:35:24.394418000Z DEBUG solana_runtime::message_processor::stable_log] Program log: Instruction: FundReward
[2025-11-05T06:35:24.394636000Z DEBUG solana_runtime::message_processor::stable_log] Program TokenkegQfeZyiNwAJbNbGKPFXCWuBvf9Ss623VQ5DA invoke [2]
[2025-11-05T06:35:24.394689000Z DEBUG solana_runtime::message_processor::stable_log] Program log: Instruction: TransferChecked
[2025-11-05T06:35:24.394815000Z DEBUG solana_runtime::message_processor::stable_log] Program TokenkegQfeZyiNwAJbNbGKPFXCWuBvf9Ss623VQ5DA consumed 6201 of 188400 compute units
[2025-11-05T06:35:24.394827000Z DEBUG solana_runtime::message_processor::stable_log] Program TokenkegQfeZyiNwAJbNbGKPFXCWuBvf9Ss623VQ5DA success
[2025-11-05T06:35:24.394888000Z DEBUG solana_runtime::message_processor::stable_log] Program ASmKWt93JEMHxbdE6j7znD9y2FcdPboCzC3xtSTJvN7S invoke [2]
[2025-11-05T06:35:24.394925000Z DEBUG solana_runtime::message_processor::stable_log] Program ASmKWt93JEMHxbdE6j7znD9y2FcdPboCzC3xtSTJvN7S consumed 2069 of 179003 compute units
[2025-11-05T06:35:24.394935000Z DEBUG solana_runtime::message_processor::stable_log] Program ASmKWt93JEMHxbdE6j7znD9y2FcdPboCzC3xtSTJvN7S success
[2025-11-05T06:35:24.394953000Z DEBUG solana_runtime::message_processor::stable_log] Program ASmKWt93JEMHxbdE6j7znD9y2FcdPboCzC3xtSTJvN7S consumed 23458 of 200000 compute units
[2025-11-05T06:35:24.394965000Z DEBUG solana_runtime::message_processor::stable_log] Program ASmKWt93JEMHxbdE6j7znD9y2FcdPboCzC3xtSTJvN7S success
[2025-11-05T06:35:24.400422000Z DEBUG solana_runtime::message_processor::stable_log] Program TokenkegQfeZyiNwAJbNbGKPFXCWuBvf9Ss623VQ5DA invoke [1]
[2025-11-05T06:35:24.400559000Z DEBUG solana_runtime::message_processor::stable_log] Program log: Instruction: FreezeAccount
[2025-11-05T06:35:24.400627000Z DEBUG solana_runtime::message_processor::stable_log] Program TokenkegQfeZyiNwAJbNbGKPFXCWuBvf9Ss623VQ5DA consumed 4264 of 200000 compute units
[2025-11-05T06:35:24.400637000Z DEBUG solana_runtime::message_processor::stable_log] Program TokenkegQfeZyiNwAJbNbGKPFXCWuBvf9Ss623VQ5DA success
[2025-11-05T06:35:24.423371000Z DEBUG solana_runtime::message_processor::stable_log] Program ATokenGPvbdGVxr1b2hvZbsiqW5xWH25efTNsLJA8knL invoke [1]
[2025-11-05T06:35:24.423456000Z DEBUG solana_runtime::message_processor::stable_log] Program log: Create
[2025-11-05T06:35:24.423528000Z DEBUG solana_runtime::message_processor::stable_log] Program TokenkegQfeZyiNwAJbNbGKPFXCWuBvf9Ss623VQ5DA invoke [2]
[2025-11-05T06:35:24.423608000Z DEBUG solana_runtime::message_processor::stable_log] Program log: Instruction: GetAccountDataSize
[2025-11-05T06:35:24.423633000Z DEBUG solana_runtime::message_processor::stable_log] Program TokenkegQfeZyiNwAJbNbGKPFXCWuBvf9Ss623VQ5DA consumed 1622 of 191633 compute units
[2025-11-05T06:35:24.423642000Z DEBUG solana_runtime::message_processor::stable_log] Program return: TokenkegQfeZyiNwAJbNbGKPFXCWuBvf9Ss623VQ5DA pQAAAAAAAAA=
[2025-11-05T06:35:24.423653000Z DEBUG solana_runtime::message_processor::stable_log] Program TokenkegQfeZyiNwAJbNbGKPFXCWuBvf9Ss623VQ5DA success
[2025-11-05T06:35:24.423713000Z DEBUG solana_runtime::message_processor::stable_log] Program 11111111111111111111111111111111 invoke [2]
[2025-11-05T06:35:24.423722000Z DEBUG solana_runtime::message_processor::stable_log] Program 11111111111111111111111111111111 success
[2025-11-05T06:35:24.423728000Z DEBUG solana_runtime::message_processor::stable_log] Program log: Initialize the associated token account
[2025-11-05T06:35:24.423748000Z DEBUG solana_runtime::message_processor::stable_log] Program TokenkegQfeZyiNwAJbNbGKPFXCWuBvf9Ss623VQ5DA invoke [2]
[2025-11-05T06:35:24.423773000Z DEBUG solana_runtime::message_processor::stable_log] Program log: Instruction: InitializeImmutableOwner
[2025-11-05T06:35:24.423786000Z DEBUG solana_runtime::message_processor::stable_log] Program log: Please upgrade to SPL Token 2022 for immutable owner support
[2025-11-05T06:35:24.423789000Z DEBUG solana_runtime::message_processor::stable_log] Program TokenkegQfeZyiNwAJbNbGKPFXCWuBvf9Ss623VQ5DA consumed 1405 of 184993 compute units
[2025-11-05T06:35:24.423798000Z DEBUG solana_runtime::message_processor::stable_log] Program TokenkegQfeZyiNwAJbNbGKPFXCWuBvf9Ss623VQ5DA success
[2025-11-05T06:35:24.423850000Z DEBUG solana_runtime::message_processor::stable_log] Program TokenkegQfeZyiNwAJbNbGKPFXCWuBvf9Ss623VQ5DA invoke [2]
[2025-11-05T06:35:24.423880000Z DEBUG solana_runtime::message_processor::stable_log] Program log: Instruction: InitializeAccount3
[2025-11-05T06:35:24.423941000Z DEBUG solana_runtime::message_processor::stable_log] Program TokenkegQfeZyiNwAJbNbGKPFXCWuBvf9Ss623VQ5DA consumed 4241 of 181111 compute units
[2025-11-05T06:35:24.423964000Z DEBUG solana_runtime::message_processor::stable_log] Program TokenkegQfeZyiNwAJbNbGKPFXCWuBvf9Ss623VQ5DA success
[2025-11-05T06:35:24.423983000Z DEBUG solana_runtime::message_processor::stable_log] Program ATokenGPvbdGVxr1b2hvZbsiqW5xWH25efTNsLJA8knL consumed 23413 of 200000 compute units
[2025-11-05T06:35:24.423997000Z DEBUG solana_runtime::message_processor::stable_log] Program ATokenGPvbdGVxr1b2hvZbsiqW5xWH25efTNsLJA8knL success
[2025-11-05T06:35:24.429699000Z DEBUG solana_runtime::message_processor::stable_log] Program ASmKWt93JEMHxbdE6j7znD9y2FcdPboCzC3xtSTJvN7S invoke [1]
[2025-11-05T06:35:24.429800000Z DEBUG solana_runtime::message_processor::stable_log] Program log: Instruction: ClaimReward
[2025-11-05T06:35:24.430072000Z DEBUG solana_runtime::message_processor::stable_log] Program log: AnchorError thrown in programs/cp-amm/src/instructions/ix_claim_reward.rs:93. Error Code: RewardVaultFrozenSkipRequired. Error Number: 6043. Error Message: Reward vault is frozen, must skip reward to proceed.
[2025-11-05T06:35:24.430084000Z DEBUG solana_runtime::message_processor::stable_log] Program ASmKWt93JEMHxbdE6j7znD9y2FcdPboCzC3xtSTJvN7S consumed 15038 of 200000 compute units
[2025-11-05T06:35:24.430096000Z DEBUG solana_runtime::message_processor::stable_log] Program ASmKWt93JEMHxbdE6j7znD9y2FcdPboCzC3xtSTJvN7S failed: custom program error: 0x179b
[2025-11-05T06:35:24.454271000Z DEBUG solana_runtime::message_processor::stable_log] Program ASmKWt93JEMHxbdE6j7znD9y2FcdPboCzC3xtSTJvN7S invoke [1]
[2025-11-05T06:35:24.454384000Z DEBUG solana_runtime::message_processor::stable_log] Program log: Instruction: ClaimReward
[2025-11-05T06:35:24.454616000Z DEBUG solana_runtime::message_processor::stable_log] Program ASmKWt93JEMHxbdE6j7znD9y2FcdPboCzC3xtSTJvN7S invoke [2]
[2025-11-05T06:35:24.454659000Z DEBUG solana_runtime::message_processor::stable_log] Program ASmKWt93JEMHxbdE6j7znD9y2FcdPboCzC3xtSTJvN7S consumed 2069 of 184362 compute units
[2025-11-05T06:35:24.454672000Z DEBUG solana_runtime::message_processor::stable_log] Program ASmKWt93JEMHxbdE6j7znD9y2FcdPboCzC3xtSTJvN7S success
[2025-11-05T06:35:24.454695000Z DEBUG solana_runtime::message_processor::stable_log] Program ASmKWt93JEMHxbdE6j7znD9y2FcdPboCzC3xtSTJvN7S consumed 18282 of 200000 compute units
[2025-11-05T06:35:24.454707000Z DEBUG solana_runtime::message_processor::stable_log] Program ASmKWt93JEMHxbdE6j7znD9y2FcdPboCzC3xtSTJvN7S success
    ✔ Full flow for frozen reward vault (189ms)

  Account Layout backward compatible
    ✔ Config account
    ✔ Pool account

  Lock position
    SPL Token
[2025-11-05T06:35:24.476140000Z INFO  solana_program_test] "cp_amm" SBF program from ./target/deploy/cp_amm.so, modified 24 minutes, 31 seconds, 823 ms, 456 µs and 203 ns ago
[2025-11-05T06:35:24.476308000Z INFO  solana_program_test] "fee_router" SBF program from ./target/deploy/fee_router.so, modified 34 seconds, 560 ms, 567 µs and 331 ns ago
[2025-11-05T06:35:24.476494000Z INFO  solana_program_test] "transfer_hook_counter" SBF program from tests/fixtures/transfer_hook_counter.so, modified 3 weeks, 22 hours, 58 minutes, 59 seconds, 302 ms, 93 µs and 196 ns ago
[2025-11-05T06:35:24.476732000Z INFO  solana_program_test] "alpha_vault" SBF program from tests/fixtures/alpha_vault.so, modified 3 weeks, 22 hours, 58 minutes, 59 seconds, 303 ms, 18 µs and 72 ns ago
[2025-11-05T06:35:24.477019000Z INFO  solana_program_test] "streamflow" SBF program from tests/fixtures/streamflow.so, modified 3 weeks, 6 hours, 59 minutes, 9 seconds, 187 ms, 934 µs and 387 ns ago
[2025-11-05T06:35:24.477293000Z INFO  solana_program_test] "cp_amm" SBF program from ./target/deploy/cp_amm.so, modified 24 minutes, 31 seconds, 824 ms, 611 µs and 203 ns ago
[2025-11-05T06:35:24.477446000Z INFO  solana_program_test] "fee_router" SBF program from ./target/deploy/fee_router.so, modified 34 seconds, 561 ms, 705 µs and 331 ns ago
[2025-11-05T06:35:24.496171000Z INFO  solana_program_test] Overriding account at ASmKWt93JEMHxbdE6j7znD9y2FcdPboCzC3xtSTJvN7S
[2025-11-05T06:35:24.496189000Z INFO  solana_program_test] Overriding account at 5B57SJ3g2YoNXUpsZqqjEQkRSxyKtVTQRXdgAirz6bio
[2025-11-05T06:35:24.507193000Z DEBUG solana_runtime::message_processor::stable_log] Program 11111111111111111111111111111111 invoke [1]
[2025-11-05T06:35:24.507206000Z DEBUG solana_runtime::message_processor::stable_log] Program 11111111111111111111111111111111 success
[2025-11-05T06:35:24.511599000Z DEBUG solana_runtime::message_processor::stable_log] Program 11111111111111111111111111111111 invoke [1]
[2025-11-05T06:35:24.511612000Z DEBUG solana_runtime::message_processor::stable_log] Program 11111111111111111111111111111111 success
[2025-11-05T06:35:24.515909000Z DEBUG solana_runtime::message_processor::stable_log] Program 11111111111111111111111111111111 invoke [1]
[2025-11-05T06:35:24.515925000Z DEBUG solana_runtime::message_processor::stable_log] Program 11111111111111111111111111111111 success
[2025-11-05T06:35:24.524580000Z DEBUG solana_runtime::message_processor::stable_log] Program 11111111111111111111111111111111 invoke [1]
[2025-11-05T06:35:24.524602000Z DEBUG solana_runtime::message_processor::stable_log] Program 11111111111111111111111111111111 success
[2025-11-05T06:35:24.524607000Z DEBUG solana_runtime::message_processor::stable_log] Program TokenkegQfeZyiNwAJbNbGKPFXCWuBvf9Ss623VQ5DA invoke [1]
[2025-11-05T06:35:24.524683000Z DEBUG solana_runtime::message_processor::stable_log] Program log: Instruction: InitializeMint2
[2025-11-05T06:35:24.524722000Z DEBUG solana_runtime::message_processor::stable_log] Program TokenkegQfeZyiNwAJbNbGKPFXCWuBvf9Ss623VQ5DA consumed 2779 of 399850 compute units
[2025-11-05T06:35:24.524735000Z DEBUG solana_runtime::message_processor::stable_log] Program TokenkegQfeZyiNwAJbNbGKPFXCWuBvf9Ss623VQ5DA success
[2025-11-05T06:35:24.532435000Z DEBUG solana_runtime::message_processor::stable_log] Program 11111111111111111111111111111111 invoke [1]
[2025-11-05T06:35:24.532451000Z DEBUG solana_runtime::message_processor::stable_log] Program 11111111111111111111111111111111 success
[2025-11-05T06:35:24.532456000Z DEBUG solana_runtime::message_processor::stable_log] Program TokenkegQfeZyiNwAJbNbGKPFXCWuBvf9Ss623VQ5DA invoke [1]
[2025-11-05T06:35:24.532509000Z DEBUG solana_runtime::message_processor::stable_log] Program log: Instruction: InitializeMint2
[2025-11-05T06:35:24.532548000Z DEBUG solana_runtime::message_processor::stable_log] Program TokenkegQfeZyiNwAJbNbGKPFXCWuBvf9Ss623VQ5DA consumed 2779 of 399850 compute units
[2025-11-05T06:35:24.532560000Z DEBUG solana_runtime::message_processor::stable_log] Program TokenkegQfeZyiNwAJbNbGKPFXCWuBvf9Ss623VQ5DA success
[2025-11-05T06:35:24.538484000Z DEBUG solana_runtime::message_processor::stable_log] Program ATokenGPvbdGVxr1b2hvZbsiqW5xWH25efTNsLJA8knL invoke [1]
[2025-11-05T06:35:24.538556000Z DEBUG solana_runtime::message_processor::stable_log] Program log: Create
[2025-11-05T06:35:24.538609000Z DEBUG solana_runtime::message_processor::stable_log] Program TokenkegQfeZyiNwAJbNbGKPFXCWuBvf9Ss623VQ5DA invoke [2]
[2025-11-05T06:35:24.538644000Z DEBUG solana_runtime::message_processor::stable_log] Program log: Instruction: GetAccountDataSize
[2025-11-05T06:35:24.538664000Z DEBUG solana_runtime::message_processor::stable_log] Program TokenkegQfeZyiNwAJbNbGKPFXCWuBvf9Ss623VQ5DA consumed 1595 of 194555 compute units
[2025-11-05T06:35:24.538672000Z DEBUG solana_runtime::message_processor::stable_log] Program return: TokenkegQfeZyiNwAJbNbGKPFXCWuBvf9Ss623VQ5DA pQAAAAAAAAA=
[2025-11-05T06:35:24.538681000Z DEBUG solana_runtime::message_processor::stable_log] Program TokenkegQfeZyiNwAJbNbGKPFXCWuBvf9Ss623VQ5DA success
[2025-11-05T06:35:24.538742000Z DEBUG solana_runtime::message_processor::stable_log] Program 11111111111111111111111111111111 invoke [2]
[2025-11-05T06:35:24.538749000Z DEBUG solana_runtime::message_processor::stable_log] Program 11111111111111111111111111111111 success
[2025-11-05T06:35:24.538756000Z DEBUG solana_runtime::message_processor::stable_log] Program log: Initialize the associated token account
[2025-11-05T06:35:24.538775000Z DEBUG solana_runtime::message_processor::stable_log] Program TokenkegQfeZyiNwAJbNbGKPFXCWuBvf9Ss623VQ5DA invoke [2]
[2025-11-05T06:35:24.538802000Z DEBUG solana_runtime::message_processor::stable_log] Program log: Instruction: InitializeImmutableOwner
[2025-11-05T06:35:24.538816000Z DEBUG solana_runtime::message_processor::stable_log] Program log: Please upgrade to SPL Token 2022 for immutable owner support
[2025-11-05T06:35:24.538819000Z DEBUG solana_runtime::message_processor::stable_log] Program TokenkegQfeZyiNwAJbNbGKPFXCWuBvf9Ss623VQ5DA consumed 1405 of 187942 compute units
[2025-11-05T06:35:24.538828000Z DEBUG solana_runtime::message_processor::stable_log] Program TokenkegQfeZyiNwAJbNbGKPFXCWuBvf9Ss623VQ5DA success
[2025-11-05T06:35:24.538865000Z DEBUG solana_runtime::message_processor::stable_log] Program TokenkegQfeZyiNwAJbNbGKPFXCWuBvf9Ss623VQ5DA invoke [2]
[2025-11-05T06:35:24.538896000Z DEBUG solana_runtime::message_processor::stable_log] Program log: Instruction: InitializeAccount3
[2025-11-05T06:35:24.538957000Z DEBUG solana_runtime::message_processor::stable_log] Program TokenkegQfeZyiNwAJbNbGKPFXCWuBvf9Ss623VQ5DA consumed 4214 of 184058 compute units
[2025-11-05T06:35:24.538966000Z DEBUG solana_runtime::message_processor::stable_log] Program TokenkegQfeZyiNwAJbNbGKPFXCWuBvf9Ss623VQ5DA success
[2025-11-05T06:35:24.538980000Z DEBUG solana_runtime::message_processor::stable_log] Program ATokenGPvbdGVxr1b2hvZbsiqW5xWH25efTNsLJA8knL consumed 20460 of 200000 compute units
[2025-11-05T06:35:24.538994000Z DEBUG solana_runtime::message_processor::stable_log] Program ATokenGPvbdGVxr1b2hvZbsiqW5xWH25efTNsLJA8knL success
[2025-11-05T06:35:24.542927000Z DEBUG solana_runtime::message_processor::stable_log] Program TokenkegQfeZyiNwAJbNbGKPFXCWuBvf9Ss623VQ5DA invoke [1]
[2025-11-05T06:35:24.543007000Z DEBUG solana_runtime::message_processor::stable_log] Program log: Instruction: MintTo
[2025-11-05T06:35:24.543074000Z DEBUG solana_runtime::message_processor::stable_log] Program TokenkegQfeZyiNwAJbNbGKPFXCWuBvf9Ss623VQ5DA consumed 4491 of 200000 compute units
[2025-11-05T06:35:24.543084000Z DEBUG solana_runtime::message_processor::stable_log] Program TokenkegQfeZyiNwAJbNbGKPFXCWuBvf9Ss623VQ5DA success
[2025-11-05T06:35:24.548402000Z DEBUG solana_runtime::message_processor::stable_log] Program ATokenGPvbdGVxr1b2hvZbsiqW5xWH25efTNsLJA8knL invoke [1]
[2025-11-05T06:35:24.548487000Z DEBUG solana_runtime::message_processor::stable_log] Program log: Create
[2025-11-05T06:35:24.548544000Z DEBUG solana_runtime::message_processor::stable_log] Program TokenkegQfeZyiNwAJbNbGKPFXCWuBvf9Ss623VQ5DA invoke [2]
[2025-11-05T06:35:24.548578000Z DEBUG solana_runtime::message_processor::stable_log] Program log: Instruction: GetAccountDataSize
[2025-11-05T06:35:24.548598000Z DEBUG solana_runtime::message_processor::stable_log] Program TokenkegQfeZyiNwAJbNbGKPFXCWuBvf9Ss623VQ5DA consumed 1595 of 194555 compute units
[2025-11-05T06:35:24.548607000Z DEBUG solana_runtime::message_processor::stable_log] Program return: TokenkegQfeZyiNwAJbNbGKPFXCWuBvf9Ss623VQ5DA pQAAAAAAAAA=
[2025-11-05T06:35:24.548617000Z DEBUG solana_runtime::message_processor::stable_log] Program TokenkegQfeZyiNwAJbNbGKPFXCWuBvf9Ss623VQ5DA success
[2025-11-05T06:35:24.548708000Z DEBUG solana_runtime::message_processor::stable_log] Program 11111111111111111111111111111111 invoke [2]
[2025-11-05T06:35:24.548734000Z DEBUG solana_runtime::message_processor::stable_log] Program 11111111111111111111111111111111 success
[2025-11-05T06:35:24.548750000Z DEBUG solana_runtime::message_processor::stable_log] Program log: Initialize the associated token account
[2025-11-05T06:35:24.548792000Z DEBUG solana_runtime::message_processor::stable_log] Program TokenkegQfeZyiNwAJbNbGKPFXCWuBvf9Ss623VQ5DA invoke [2]
[2025-11-05T06:35:24.548874000Z DEBUG solana_runtime::message_processor::stable_log] Program log: Instruction: InitializeImmutableOwner
[2025-11-05T06:35:24.548888000Z DEBUG solana_runtime::message_processor::stable_log] Program log: Please upgrade to SPL Token 2022 for immutable owner support
[2025-11-05T06:35:24.548893000Z DEBUG solana_runtime::message_processor::stable_log] Program TokenkegQfeZyiNwAJbNbGKPFXCWuBvf9Ss623VQ5DA consumed 1405 of 187942 compute units
[2025-11-05T06:35:24.548903000Z DEBUG solana_runtime::message_processor::stable_log] Program TokenkegQfeZyiNwAJbNbGKPFXCWuBvf9Ss623VQ5DA success
[2025-11-05T06:35:24.548949000Z DEBUG solana_runtime::message_processor::stable_log] Program TokenkegQfeZyiNwAJbNbGKPFXCWuBvf9Ss623VQ5DA invoke [2]
[2025-11-05T06:35:24.548992000Z DEBUG solana_runtime::message_processor::stable_log] Program log: Instruction: InitializeAccount3
[2025-11-05T06:35:24.549056000Z DEBUG solana_runtime::message_processor::stable_log] Program TokenkegQfeZyiNwAJbNbGKPFXCWuBvf9Ss623VQ5DA consumed 4214 of 184058 compute units
[2025-11-05T06:35:24.549097000Z DEBUG solana_runtime::message_processor::stable_log] Program TokenkegQfeZyiNwAJbNbGKPFXCWuBvf9Ss623VQ5DA success
[2025-11-05T06:35:24.549140000Z DEBUG solana_runtime::message_processor::stable_log] Program ATokenGPvbdGVxr1b2hvZbsiqW5xWH25efTNsLJA8knL consumed 20460 of 200000 compute units
[2025-11-05T06:35:24.549154000Z DEBUG solana_runtime::message_processor::stable_log] Program ATokenGPvbdGVxr1b2hvZbsiqW5xWH25efTNsLJA8knL success
[2025-11-05T06:35:24.552832000Z DEBUG solana_runtime::message_processor::stable_log] Program TokenkegQfeZyiNwAJbNbGKPFXCWuBvf9Ss623VQ5DA invoke [1]
[2025-11-05T06:35:24.552899000Z DEBUG solana_runtime::message_processor::stable_log] Program log: Instruction: MintTo
[2025-11-05T06:35:24.552964000Z DEBUG solana_runtime::message_processor::stable_log] Program TokenkegQfeZyiNwAJbNbGKPFXCWuBvf9Ss623VQ5DA consumed 4491 of 200000 compute units
[2025-11-05T06:35:24.552974000Z DEBUG solana_runtime::message_processor::stable_log] Program TokenkegQfeZyiNwAJbNbGKPFXCWuBvf9Ss623VQ5DA success
[2025-11-05T06:35:24.558440000Z DEBUG solana_runtime::message_processor::stable_log] Program ATokenGPvbdGVxr1b2hvZbsiqW5xWH25efTNsLJA8knL invoke [1]
[2025-11-05T06:35:24.558520000Z DEBUG solana_runtime::message_processor::stable_log] Program log: Create
[2025-11-05T06:35:24.558581000Z DEBUG solana_runtime::message_processor::stable_log] Program TokenkegQfeZyiNwAJbNbGKPFXCWuBvf9Ss623VQ5DA invoke [2]
[2025-11-05T06:35:24.558622000Z DEBUG solana_runtime::message_processor::stable_log] Program log: Instruction: GetAccountDataSize
[2025-11-05T06:35:24.558648000Z DEBUG solana_runtime::message_processor::stable_log] Program TokenkegQfeZyiNwAJbNbGKPFXCWuBvf9Ss623VQ5DA consumed 1595 of 193055 compute units
[2025-11-05T06:35:24.558656000Z DEBUG solana_runtime::message_processor::stable_log] Program return: TokenkegQfeZyiNwAJbNbGKPFXCWuBvf9Ss623VQ5DA pQAAAAAAAAA=
[2025-11-05T06:35:24.558666000Z DEBUG solana_runtime::message_processor::stable_log] Program TokenkegQfeZyiNwAJbNbGKPFXCWuBvf9Ss623VQ5DA success
[2025-11-05T06:35:24.558725000Z DEBUG solana_runtime::message_processor::stable_log] Program 11111111111111111111111111111111 invoke [2]
[2025-11-05T06:35:24.558733000Z DEBUG solana_runtime::message_processor::stable_log] Program 11111111111111111111111111111111 success
[2025-11-05T06:35:24.558739000Z DEBUG solana_runtime::message_processor::stable_log] Program log: Initialize the associated token account
[2025-11-05T06:35:24.558759000Z DEBUG solana_runtime::message_processor::stable_log] Program TokenkegQfeZyiNwAJbNbGKPFXCWuBvf9Ss623VQ5DA invoke [2]
[2025-11-05T06:35:24.558784000Z DEBUG solana_runtime::message_processor::stable_log] Program log: Instruction: InitializeImmutableOwner
[2025-11-05T06:35:24.558803000Z DEBUG solana_runtime::message_processor::stable_log] Program log: Please upgrade to SPL Token 2022 for immutable owner support
[2025-11-05T06:35:24.558807000Z DEBUG solana_runtime::message_processor::stable_log] Program TokenkegQfeZyiNwAJbNbGKPFXCWuBvf9Ss623VQ5DA consumed 1405 of 186442 compute units
[2025-11-05T06:35:24.558815000Z DEBUG solana_runtime::message_processor::stable_log] Program TokenkegQfeZyiNwAJbNbGKPFXCWuBvf9Ss623VQ5DA success
[2025-11-05T06:35:24.558852000Z DEBUG solana_runtime::message_processor::stable_log] Program TokenkegQfeZyiNwAJbNbGKPFXCWuBvf9Ss623VQ5DA invoke [2]
[2025-11-05T06:35:24.558882000Z DEBUG solana_runtime::message_processor::stable_log] Program log: Instruction: InitializeAccount3
[2025-11-05T06:35:24.558942000Z DEBUG solana_runtime::message_processor::stable_log] Program TokenkegQfeZyiNwAJbNbGKPFXCWuBvf9Ss623VQ5DA consumed 4214 of 182558 compute units
[2025-11-05T06:35:24.558950000Z DEBUG solana_runtime::message_processor::stable_log] Program TokenkegQfeZyiNwAJbNbGKPFXCWuBvf9Ss623VQ5DA success
[2025-11-05T06:35:24.558965000Z DEBUG solana_runtime::message_processor::stable_log] Program ATokenGPvbdGVxr1b2hvZbsiqW5xWH25efTNsLJA8knL consumed 21960 of 200000 compute units
[2025-11-05T06:35:24.558974000Z DEBUG solana_runtime::message_processor::stable_log] Program ATokenGPvbdGVxr1b2hvZbsiqW5xWH25efTNsLJA8knL success
[2025-11-05T06:35:24.562517000Z DEBUG solana_runtime::message_processor::stable_log] Program TokenkegQfeZyiNwAJbNbGKPFXCWuBvf9Ss623VQ5DA invoke [1]
[2025-11-05T06:35:24.562732000Z DEBUG solana_runtime::message_processor::stable_log] Program log: Instruction: MintTo
[2025-11-05T06:35:24.562797000Z DEBUG solana_runtime::message_processor::stable_log] Program TokenkegQfeZyiNwAJbNbGKPFXCWuBvf9Ss623VQ5DA consumed 4491 of 200000 compute units
[2025-11-05T06:35:24.562810000Z DEBUG solana_runtime::message_processor::stable_log] Program TokenkegQfeZyiNwAJbNbGKPFXCWuBvf9Ss623VQ5DA success
[2025-11-05T06:35:24.568672000Z DEBUG solana_runtime::message_processor::stable_log] Program ATokenGPvbdGVxr1b2hvZbsiqW5xWH25efTNsLJA8knL invoke [1]
[2025-11-05T06:35:24.568765000Z DEBUG solana_runtime::message_processor::stable_log] Program log: Create
[2025-11-05T06:35:24.568833000Z DEBUG solana_runtime::message_processor::stable_log] Program TokenkegQfeZyiNwAJbNbGKPFXCWuBvf9Ss623VQ5DA invoke [2]
[2025-11-05T06:35:24.568889000Z DEBUG solana_runtime::message_processor::stable_log] Program log: Instruction: GetAccountDataSize
[2025-11-05T06:35:24.568931000Z DEBUG solana_runtime::message_processor::stable_log] Program TokenkegQfeZyiNwAJbNbGKPFXCWuBvf9Ss623VQ5DA consumed 1595 of 193055 compute units
[2025-11-05T06:35:24.568941000Z DEBUG solana_runtime::message_processor::stable_log] Program return: TokenkegQfeZyiNwAJbNbGKPFXCWuBvf9Ss623VQ5DA pQAAAAAAAAA=
[2025-11-05T06:35:24.568955000Z DEBUG solana_runtime::message_processor::stable_log] Program TokenkegQfeZyiNwAJbNbGKPFXCWuBvf9Ss623VQ5DA success
[2025-11-05T06:35:24.569019000Z DEBUG solana_runtime::message_processor::stable_log] Program 11111111111111111111111111111111 invoke [2]
[2025-11-05T06:35:24.569029000Z DEBUG solana_runtime::message_processor::stable_log] Program 11111111111111111111111111111111 success
[2025-11-05T06:35:24.569036000Z DEBUG solana_runtime::message_processor::stable_log] Program log: Initialize the associated token account
[2025-11-05T06:35:24.569055000Z DEBUG solana_runtime::message_processor::stable_log] Program TokenkegQfeZyiNwAJbNbGKPFXCWuBvf9Ss623VQ5DA invoke [2]
[2025-11-05T06:35:24.569117000Z DEBUG solana_runtime::message_processor::stable_log] Program log: Instruction: InitializeImmutableOwner
[2025-11-05T06:35:24.569138000Z DEBUG solana_runtime::message_processor::stable_log] Program log: Please upgrade to SPL Token 2022 for immutable owner support
[2025-11-05T06:35:24.569144000Z DEBUG solana_runtime::message_processor::stable_log] Program TokenkegQfeZyiNwAJbNbGKPFXCWuBvf9Ss623VQ5DA consumed 1405 of 186442 compute units
[2025-11-05T06:35:24.569156000Z DEBUG solana_runtime::message_processor::stable_log] Program TokenkegQfeZyiNwAJbNbGKPFXCWuBvf9Ss623VQ5DA success
[2025-11-05T06:35:24.569202000Z DEBUG solana_runtime::message_processor::stable_log] Program TokenkegQfeZyiNwAJbNbGKPFXCWuBvf9Ss623VQ5DA invoke [2]
[2025-11-05T06:35:24.569253000Z DEBUG solana_runtime::message_processor::stable_log] Program log: Instruction: InitializeAccount3
[2025-11-05T06:35:24.569333000Z DEBUG solana_runtime::message_processor::stable_log] Program TokenkegQfeZyiNwAJbNbGKPFXCWuBvf9Ss623VQ5DA consumed 4214 of 182558 compute units
[2025-11-05T06:35:24.569343000Z DEBUG solana_runtime::message_processor::stable_log] Program TokenkegQfeZyiNwAJbNbGKPFXCWuBvf9Ss623VQ5DA success
[2025-11-05T06:35:24.569359000Z DEBUG solana_runtime::message_processor::stable_log] Program ATokenGPvbdGVxr1b2hvZbsiqW5xWH25efTNsLJA8knL consumed 21960 of 200000 compute units
[2025-11-05T06:35:24.569371000Z DEBUG solana_runtime::message_processor::stable_log] Program ATokenGPvbdGVxr1b2hvZbsiqW5xWH25efTNsLJA8knL success
[2025-11-05T06:35:24.573259000Z DEBUG solana_runtime::message_processor::stable_log] Program TokenkegQfeZyiNwAJbNbGKPFXCWuBvf9Ss623VQ5DA invoke [1]
[2025-11-05T06:35:24.573328000Z DEBUG solana_runtime::message_processor::stable_log] Program log: Instruction: MintTo
[2025-11-05T06:35:24.573393000Z DEBUG solana_runtime::message_processor::stable_log] Program TokenkegQfeZyiNwAJbNbGKPFXCWuBvf9Ss623VQ5DA consumed 4491 of 200000 compute units
[2025-11-05T06:35:24.573409000Z DEBUG solana_runtime::message_processor::stable_log] Program TokenkegQfeZyiNwAJbNbGKPFXCWuBvf9Ss623VQ5DA success
[2025-11-05T06:35:24.586337000Z DEBUG solana_runtime::message_processor::stable_log] Program ASmKWt93JEMHxbdE6j7znD9y2FcdPboCzC3xtSTJvN7S invoke [1]
[2025-11-05T06:35:24.586404000Z DEBUG solana_runtime::message_processor::stable_log] Program log: Instruction: CreateConfig
[2025-11-05T06:35:24.586505000Z DEBUG solana_runtime::message_processor::stable_log] Program 11111111111111111111111111111111 invoke [2]
[2025-11-05T06:35:24.586514000Z DEBUG solana_runtime::message_processor::stable_log] Program 11111111111111111111111111111111 success
[2025-11-05T06:35:24.586625000Z DEBUG solana_runtime::message_processor::stable_log] Program ASmKWt93JEMHxbdE6j7znD9y2FcdPboCzC3xtSTJvN7S invoke [2]
[2025-11-05T06:35:24.586664000Z DEBUG solana_runtime::message_processor::stable_log] Program ASmKWt93JEMHxbdE6j7znD9y2FcdPboCzC3xtSTJvN7S consumed 2069 of 186098 compute units
[2025-11-05T06:35:24.586677000Z DEBUG solana_runtime::message_processor::stable_log] Program ASmKWt93JEMHxbdE6j7znD9y2FcdPboCzC3xtSTJvN7S success
[2025-11-05T06:35:24.586693000Z DEBUG solana_runtime::message_processor::stable_log] Program ASmKWt93JEMHxbdE6j7znD9y2FcdPboCzC3xtSTJvN7S consumed 16276 of 200000 compute units
[2025-11-05T06:35:24.586703000Z DEBUG solana_runtime::message_processor::stable_log] Program ASmKWt93JEMHxbdE6j7znD9y2FcdPboCzC3xtSTJvN7S success
[2025-11-05T06:35:24.616799000Z DEBUG solana_runtime::message_processor::stable_log] Program ASmKWt93JEMHxbdE6j7znD9y2FcdPboCzC3xtSTJvN7S invoke [1]
[2025-11-05T06:35:24.617036000Z DEBUG solana_runtime::message_processor::stable_log] Program log: Instruction: InitializePool
[2025-11-05T06:35:24.617213000Z DEBUG solana_runtime::message_processor::stable_log] Program 11111111111111111111111111111111 invoke [2]
[2025-11-05T06:35:24.617227000Z DEBUG solana_runtime::message_processor::stable_log] Program 11111111111111111111111111111111 success
[2025-11-05T06:35:24.617266000Z DEBUG solana_runtime::message_processor::stable_log] Program TokenzQdBNbLqP5VEhdkAS6EPFLC1PHnBqCXEpPxuEb invoke [2]
[2025-11-05T06:35:24.617303000Z DEBUG solana_runtime::message_processor::stable_log] Program log: MetadataPointerInstruction::Initialize
[2025-11-05T06:35:24.617339000Z DEBUG solana_runtime::message_processor::stable_log] Program TokenzQdBNbLqP5VEhdkAS6EPFLC1PHnBqCXEpPxuEb consumed 2442 of 334963 compute units
[2025-11-05T06:35:24.617350000Z DEBUG solana_runtime::message_processor::stable_log] Program TokenzQdBNbLqP5VEhdkAS6EPFLC1PHnBqCXEpPxuEb success
[2025-11-05T06:35:24.617383000Z DEBUG solana_runtime::message_processor::stable_log] Program TokenzQdBNbLqP5VEhdkAS6EPFLC1PHnBqCXEpPxuEb invoke [2]
[2025-11-05T06:35:24.617409000Z DEBUG solana_runtime::message_processor::stable_log] Program log: Instruction: InitializeMintCloseAuthority
[2025-11-05T06:35:24.617447000Z DEBUG solana_runtime::message_processor::stable_log] Program TokenzQdBNbLqP5VEhdkAS6EPFLC1PHnBqCXEpPxuEb consumed 2570 of 330543 compute units
[2025-11-05T06:35:24.617468000Z DEBUG solana_runtime::message_processor::stable_log] Program TokenzQdBNbLqP5VEhdkAS6EPFLC1PHnBqCXEpPxuEb success
[2025-11-05T06:35:24.617502000Z DEBUG solana_runtime::message_processor::stable_log] Program TokenzQdBNbLqP5VEhdkAS6EPFLC1PHnBqCXEpPxuEb invoke [2]
[2025-11-05T06:35:24.617533000Z DEBUG solana_runtime::message_processor::stable_log] Program log: Instruction: InitializeMint2
[2025-11-05T06:35:24.617597000Z DEBUG solana_runtime::message_processor::stable_log] Program TokenzQdBNbLqP5VEhdkAS6EPFLC1PHnBqCXEpPxuEb consumed 4078 of 326031 compute units
[2025-11-05T06:35:24.617606000Z DEBUG solana_runtime::message_processor::stable_log] Program TokenzQdBNbLqP5VEhdkAS6EPFLC1PHnBqCXEpPxuEb success
[2025-11-05T06:35:24.617748000Z DEBUG solana_runtime::message_processor::stable_log] Program 11111111111111111111111111111111 invoke [2]
[2025-11-05T06:35:24.617753000Z DEBUG solana_runtime::message_processor::stable_log] Program 11111111111111111111111111111111 success
[2025-11-05T06:35:24.617783000Z DEBUG solana_runtime::message_processor::stable_log] Program TokenzQdBNbLqP5VEhdkAS6EPFLC1PHnBqCXEpPxuEb invoke [2]
[2025-11-05T06:35:24.617814000Z DEBUG solana_runtime::message_processor::stable_log] Program log: Instruction: InitializeAccount3
[2025-11-05T06:35:24.617955000Z DEBUG solana_runtime::message_processor::stable_log] Program TokenzQdBNbLqP5VEhdkAS6EPFLC1PHnBqCXEpPxuEb consumed 5137 of 310847 compute units
[2025-11-05T06:35:24.617964000Z DEBUG solana_runtime::message_processor::stable_log] Program TokenzQdBNbLqP5VEhdkAS6EPFLC1PHnBqCXEpPxuEb success
[2025-11-05T06:35:24.618105000Z DEBUG solana_runtime::message_processor::stable_log] Program 11111111111111111111111111111111 invoke [2]
[2025-11-05T06:35:24.618115000Z DEBUG solana_runtime::message_processor::stable_log] Program 11111111111111111111111111111111 success
[2025-11-05T06:35:24.618189000Z DEBUG solana_runtime::message_processor::stable_log] Program 11111111111111111111111111111111 invoke [2]
[2025-11-05T06:35:24.618196000Z DEBUG solana_runtime::message_processor::stable_log] Program 11111111111111111111111111111111 success
[2025-11-05T06:35:24.618322000Z DEBUG solana_runtime::message_processor::stable_log] Program 11111111111111111111111111111111 invoke [2]
[2025-11-05T06:35:24.618327000Z DEBUG solana_runtime::message_processor::stable_log] Program 11111111111111111111111111111111 success
[2025-11-05T06:35:24.618363000Z DEBUG solana_runtime::message_processor::stable_log] Program TokenkegQfeZyiNwAJbNbGKPFXCWuBvf9Ss623VQ5DA invoke [2]
[2025-11-05T06:35:24.618402000Z DEBUG solana_runtime::message_processor::stable_log] Program log: Instruction: InitializeAccount3
[2025-11-05T06:35:24.618465000Z DEBUG solana_runtime::message_processor::stable_log] Program TokenkegQfeZyiNwAJbNbGKPFXCWuBvf9Ss623VQ5DA consumed 4214 of 272244 compute units
[2025-11-05T06:35:24.618474000Z DEBUG solana_runtime::message_processor::stable_log] Program TokenkegQfeZyiNwAJbNbGKPFXCWuBvf9Ss623VQ5DA success
[2025-11-05T06:35:24.618598000Z DEBUG solana_runtime::message_processor::stable_log] Program 11111111111111111111111111111111 invoke [2]
[2025-11-05T06:35:24.618602000Z DEBUG solana_runtime::message_processor::stable_log] Program 11111111111111111111111111111111 success
[2025-11-05T06:35:24.618634000Z DEBUG solana_runtime::message_processor::stable_log] Program TokenkegQfeZyiNwAJbNbGKPFXCWuBvf9Ss623VQ5DA invoke [2]
[2025-11-05T06:35:24.618664000Z DEBUG solana_runtime::message_processor::stable_log] Program log: Instruction: InitializeAccount3
[2025-11-05T06:35:24.618724000Z DEBUG solana_runtime::message_processor::stable_log] Program TokenkegQfeZyiNwAJbNbGKPFXCWuBvf9Ss623VQ5DA consumed 4214 of 254605 compute units
[2025-11-05T06:35:24.618736000Z DEBUG solana_runtime::message_processor::stable_log] Program TokenkegQfeZyiNwAJbNbGKPFXCWuBvf9Ss623VQ5DA success
[2025-11-05T06:35:24.618973000Z DEBUG solana_runtime::message_processor::stable_log] Program TokenzQdBNbLqP5VEhdkAS6EPFLC1PHnBqCXEpPxuEb invoke [2]
[2025-11-05T06:35:24.619032000Z DEBUG solana_runtime::message_processor::stable_log] Program log: TokenMetadataInstruction: Initialize
[2025-11-05T06:35:24.619191000Z DEBUG solana_runtime::message_processor::stable_log] Program TokenzQdBNbLqP5VEhdkAS6EPFLC1PHnBqCXEpPxuEb consumed 9900 of 238103 compute units
[2025-11-05T06:35:24.619214000Z DEBUG solana_runtime::message_processor::stable_log] Program TokenzQdBNbLqP5VEhdkAS6EPFLC1PHnBqCXEpPxuEb success
[2025-11-05T06:35:24.619259000Z DEBUG solana_runtime::message_processor::stable_log] Program 11111111111111111111111111111111 invoke [2]
[2025-11-05T06:35:24.619262000Z DEBUG solana_runtime::message_processor::stable_log] Program 11111111111111111111111111111111 success
[2025-11-05T06:35:24.619305000Z DEBUG solana_runtime::message_processor::stable_log] Program TokenzQdBNbLqP5VEhdkAS6EPFLC1PHnBqCXEpPxuEb invoke [2]
[2025-11-05T06:35:24.619338000Z DEBUG solana_runtime::message_processor::stable_log] Program log: Instruction: MintTo
[2025-11-05T06:35:24.619417000Z DEBUG solana_runtime::message_processor::stable_log] Program TokenzQdBNbLqP5VEhdkAS6EPFLC1PHnBqCXEpPxuEb consumed 5540 of 223141 compute units
[2025-11-05T06:35:24.619431000Z DEBUG solana_runtime::message_processor::stable_log] Program TokenzQdBNbLqP5VEhdkAS6EPFLC1PHnBqCXEpPxuEb success
[2025-11-05T06:35:24.619485000Z DEBUG solana_runtime::message_processor::stable_log] Program ASmKWt93JEMHxbdE6j7znD9y2FcdPboCzC3xtSTJvN7S invoke [2]
[2025-11-05T06:35:24.619522000Z DEBUG solana_runtime::message_processor::stable_log] Program ASmKWt93JEMHxbdE6j7znD9y2FcdPboCzC3xtSTJvN7S consumed 2069 of 214536 compute units
[2025-11-05T06:35:24.619534000Z DEBUG solana_runtime::message_processor::stable_log] Program ASmKWt93JEMHxbdE6j7znD9y2FcdPboCzC3xtSTJvN7S success
[2025-11-05T06:35:24.619585000Z DEBUG solana_runtime::message_processor::stable_log] Program TokenkegQfeZyiNwAJbNbGKPFXCWuBvf9Ss623VQ5DA invoke [2]
[2025-11-05T06:35:24.619635000Z DEBUG solana_runtime::message_processor::stable_log] Program log: Instruction: TransferChecked
[2025-11-05T06:35:24.619715000Z DEBUG solana_runtime::message_processor::stable_log] Program TokenkegQfeZyiNwAJbNbGKPFXCWuBvf9Ss623VQ5DA consumed 6174 of 209923 compute units
[2025-11-05T06:35:24.619726000Z DEBUG solana_runtime::message_processor::stable_log] Program TokenkegQfeZyiNwAJbNbGKPFXCWuBvf9Ss623VQ5DA success
[2025-11-05T06:35:24.619772000Z DEBUG solana_runtime::message_processor::stable_log] Program TokenkegQfeZyiNwAJbNbGKPFXCWuBvf9Ss623VQ5DA invoke [2]
[2025-11-05T06:35:24.619811000Z DEBUG solana_runtime::message_processor::stable_log] Program log: Instruction: TransferChecked
[2025-11-05T06:35:24.619885000Z DEBUG solana_runtime::message_processor::stable_log] Program TokenkegQfeZyiNwAJbNbGKPFXCWuBvf9Ss623VQ5DA consumed 6174 of 201339 compute units
[2025-11-05T06:35:24.619896000Z DEBUG solana_runtime::message_processor::stable_log] Program TokenkegQfeZyiNwAJbNbGKPFXCWuBvf9Ss623VQ5DA success
[2025-11-05T06:35:24.619986000Z DEBUG solana_runtime::message_processor::stable_log] Program ASmKWt93JEMHxbdE6j7znD9y2FcdPboCzC3xtSTJvN7S invoke [2]
[2025-11-05T06:35:24.620032000Z DEBUG solana_runtime::message_processor::stable_log] Program ASmKWt93JEMHxbdE6j7znD9y2FcdPboCzC3xtSTJvN7S consumed 2069 of 190084 compute units
[2025-11-05T06:35:24.620040000Z DEBUG solana_runtime::message_processor::stable_log] Program ASmKWt93JEMHxbdE6j7znD9y2FcdPboCzC3xtSTJvN7S success
[2025-11-05T06:35:24.620068000Z DEBUG solana_runtime::message_processor::stable_log] Program ASmKWt93JEMHxbdE6j7znD9y2FcdPboCzC3xtSTJvN7S consumed 162779 of 350000 compute units
[2025-11-05T06:35:24.620083000Z DEBUG solana_runtime::message_processor::stable_log] Program ASmKWt93JEMHxbdE6j7znD9y2FcdPboCzC3xtSTJvN7S success
[2025-11-05T06:35:24.620092000Z DEBUG solana_runtime::message_processor::stable_log] Program ComputeBudget111111111111111111111111111111 invoke [1]
[2025-11-05T06:35:24.620100000Z DEBUG solana_runtime::message_processor::stable_log] Program ComputeBudget111111111111111111111111111111 success
[2025-11-05T06:35:24.649269000Z DEBUG solana_runtime::message_processor::stable_log] Program ASmKWt93JEMHxbdE6j7znD9y2FcdPboCzC3xtSTJvN7S invoke [1]
[2025-11-05T06:35:24.649373000Z DEBUG solana_runtime::message_processor::stable_log] Program log: Instruction: CreatePosition
[2025-11-05T06:35:24.649450000Z DEBUG solana_runtime::message_processor::stable_log] Program 11111111111111111111111111111111 invoke [2]
[2025-11-05T06:35:24.649460000Z DEBUG solana_runtime::message_processor::stable_log] Program 11111111111111111111111111111111 success
[2025-11-05T06:35:24.649496000Z DEBUG solana_runtime::message_processor::stable_log] Program TokenzQdBNbLqP5VEhdkAS6EPFLC1PHnBqCXEpPxuEb invoke [2]
[2025-11-05T06:35:24.649534000Z DEBUG solana_runtime::message_processor::stable_log] Program log: MetadataPointerInstruction::Initialize
[2025-11-05T06:35:24.649572000Z DEBUG solana_runtime::message_processor::stable_log] Program TokenzQdBNbLqP5VEhdkAS6EPFLC1PHnBqCXEpPxuEb consumed 2442 of 191116 compute units
[2025-11-05T06:35:24.649582000Z DEBUG solana_runtime::message_processor::stable_log] Program TokenzQdBNbLqP5VEhdkAS6EPFLC1PHnBqCXEpPxuEb success
[2025-11-05T06:35:24.649621000Z DEBUG solana_runtime::message_processor::stable_log] Program TokenzQdBNbLqP5VEhdkAS6EPFLC1PHnBqCXEpPxuEb invoke [2]
[2025-11-05T06:35:24.649765000Z DEBUG solana_runtime::message_processor::stable_log] Program log: Instruction: InitializeMintCloseAuthority
[2025-11-05T06:35:24.649839000Z DEBUG solana_runtime::message_processor::stable_log] Program TokenzQdBNbLqP5VEhdkAS6EPFLC1PHnBqCXEpPxuEb consumed 2570 of 186696 compute units
[2025-11-05T06:35:24.649860000Z DEBUG solana_runtime::message_processor::stable_log] Program TokenzQdBNbLqP5VEhdkAS6EPFLC1PHnBqCXEpPxuEb success
[2025-11-05T06:35:24.649925000Z DEBUG solana_runtime::message_processor::stable_log] Program TokenzQdBNbLqP5VEhdkAS6EPFLC1PHnBqCXEpPxuEb invoke [2]
[2025-11-05T06:35:24.650004000Z DEBUG solana_runtime::message_processor::stable_log] Program log: Instruction: InitializeMint2
[2025-11-05T06:35:24.650074000Z DEBUG solana_runtime::message_processor::stable_log] Program TokenzQdBNbLqP5VEhdkAS6EPFLC1PHnBqCXEpPxuEb consumed 4078 of 182183 compute units
[2025-11-05T06:35:24.650085000Z DEBUG solana_runtime::message_processor::stable_log] Program TokenzQdBNbLqP5VEhdkAS6EPFLC1PHnBqCXEpPxuEb success
[2025-11-05T06:35:24.650231000Z DEBUG solana_runtime::message_processor::stable_log] Program 11111111111111111111111111111111 invoke [2]
[2025-11-05T06:35:24.650237000Z DEBUG solana_runtime::message_processor::stable_log] Program 11111111111111111111111111111111 success
[2025-11-05T06:35:24.650269000Z DEBUG solana_runtime::message_processor::stable_log] Program TokenzQdBNbLqP5VEhdkAS6EPFLC1PHnBqCXEpPxuEb invoke [2]
[2025-11-05T06:35:24.650301000Z DEBUG solana_runtime::message_processor::stable_log] Program log: Instruction: InitializeAccount3
[2025-11-05T06:35:24.650384000Z DEBUG solana_runtime::message_processor::stable_log] Program TokenzQdBNbLqP5VEhdkAS6EPFLC1PHnBqCXEpPxuEb consumed 5137 of 166999 compute units
[2025-11-05T06:35:24.650392000Z DEBUG solana_runtime::message_processor::stable_log] Program TokenzQdBNbLqP5VEhdkAS6EPFLC1PHnBqCXEpPxuEb success
[2025-11-05T06:35:24.650534000Z DEBUG solana_runtime::message_processor::stable_log] Program 11111111111111111111111111111111 invoke [2]
[2025-11-05T06:35:24.650540000Z DEBUG solana_runtime::message_processor::stable_log] Program 11111111111111111111111111111111 success
[2025-11-05T06:35:24.650653000Z DEBUG solana_runtime::message_processor::stable_log] Program TokenzQdBNbLqP5VEhdkAS6EPFLC1PHnBqCXEpPxuEb invoke [2]
[2025-11-05T06:35:24.650714000Z DEBUG solana_runtime::message_processor::stable_log] Program log: TokenMetadataInstruction: Initialize
[2025-11-05T06:35:24.650850000Z DEBUG solana_runtime::message_processor::stable_log] Program TokenzQdBNbLqP5VEhdkAS6EPFLC1PHnBqCXEpPxuEb consumed 9900 of 148769 compute units
[2025-11-05T06:35:24.650860000Z DEBUG solana_runtime::message_processor::stable_log] Program TokenzQdBNbLqP5VEhdkAS6EPFLC1PHnBqCXEpPxuEb success
[2025-11-05T06:35:24.650934000Z DEBUG solana_runtime::message_processor::stable_log] Program 11111111111111111111111111111111 invoke [2]
[2025-11-05T06:35:24.650942000Z DEBUG solana_runtime::message_processor::stable_log] Program 11111111111111111111111111111111 success
[2025-11-05T06:35:24.650990000Z DEBUG solana_runtime::message_processor::stable_log] Program TokenzQdBNbLqP5VEhdkAS6EPFLC1PHnBqCXEpPxuEb invoke [2]
[2025-11-05T06:35:24.651033000Z DEBUG solana_runtime::message_processor::stable_log] Program log: Instruction: MintTo
[2025-11-05T06:35:24.651151000Z DEBUG solana_runtime::message_processor::stable_log] Program TokenzQdBNbLqP5VEhdkAS6EPFLC1PHnBqCXEpPxuEb consumed 5540 of 133807 compute units
[2025-11-05T06:35:24.651171000Z DEBUG solana_runtime::message_processor::stable_log] Program TokenzQdBNbLqP5VEhdkAS6EPFLC1PHnBqCXEpPxuEb success
[2025-11-05T06:35:24.651269000Z DEBUG solana_runtime::message_processor::stable_log] Program ASmKWt93JEMHxbdE6j7znD9y2FcdPboCzC3xtSTJvN7S invoke [2]
[2025-11-05T06:35:24.651365000Z DEBUG solana_runtime::message_processor::stable_log] Program ASmKWt93JEMHxbdE6j7znD9y2FcdPboCzC3xtSTJvN7S consumed 2069 of 125201 compute units
[2025-11-05T06:35:24.651378000Z DEBUG solana_runtime::message_processor::stable_log] Program ASmKWt93JEMHxbdE6j7znD9y2FcdPboCzC3xtSTJvN7S success
[2025-11-05T06:35:24.651401000Z DEBUG solana_runtime::message_processor::stable_log] Program ASmKWt93JEMHxbdE6j7znD9y2FcdPboCzC3xtSTJvN7S consumed 77433 of 200000 compute units
[2025-11-05T06:35:24.651412000Z DEBUG solana_runtime::message_processor::stable_log] Program ASmKWt93JEMHxbdE6j7znD9y2FcdPboCzC3xtSTJvN7S success
[2025-11-05T06:35:24.689871000Z DEBUG solana_runtime::message_processor::stable_log] Program ASmKWt93JEMHxbdE6j7znD9y2FcdPboCzC3xtSTJvN7S invoke [1]
[2025-11-05T06:35:24.689977000Z DEBUG solana_runtime::message_processor::stable_log] Program log: Instruction: AddLiquidity
[2025-11-05T06:35:24.690263000Z DEBUG solana_runtime::message_processor::stable_log] Program TokenkegQfeZyiNwAJbNbGKPFXCWuBvf9Ss623VQ5DA invoke [2]
[2025-11-05T06:35:24.690313000Z DEBUG solana_runtime::message_processor::stable_log] Program log: Instruction: TransferChecked
[2025-11-05T06:35:24.690490000Z DEBUG solana_runtime::message_processor::stable_log] Program TokenkegQfeZyiNwAJbNbGKPFXCWuBvf9Ss623VQ5DA consumed 6174 of 178459 compute units
[2025-11-05T06:35:24.690503000Z DEBUG solana_runtime::message_processor::stable_log] Program TokenkegQfeZyiNwAJbNbGKPFXCWuBvf9Ss623VQ5DA success
[2025-11-05T06:35:24.690545000Z DEBUG solana_runtime::message_processor::stable_log] Program TokenkegQfeZyiNwAJbNbGKPFXCWuBvf9Ss623VQ5DA invoke [2]
[2025-11-05T06:35:24.690578000Z DEBUG solana_runtime::message_processor::stable_log] Program log: Instruction: TransferChecked
[2025-11-05T06:35:24.690653000Z DEBUG solana_runtime::message_processor::stable_log] Program TokenkegQfeZyiNwAJbNbGKPFXCWuBvf9Ss623VQ5DA consumed 6174 of 169875 compute units
[2025-11-05T06:35:24.690672000Z DEBUG solana_runtime::message_processor::stable_log] Program TokenkegQfeZyiNwAJbNbGKPFXCWuBvf9Ss623VQ5DA success
[2025-11-05T06:35:24.690743000Z DEBUG solana_runtime::message_processor::stable_log] Program ASmKWt93JEMHxbdE6j7znD9y2FcdPboCzC3xtSTJvN7S invoke [2]
[2025-11-05T06:35:24.690779000Z DEBUG solana_runtime::message_processor::stable_log] Program ASmKWt93JEMHxbdE6j7znD9y2FcdPboCzC3xtSTJvN7S consumed 2069 of 160447 compute units
[2025-11-05T06:35:24.690787000Z DEBUG solana_runtime::message_processor::stable_log] Program ASmKWt93JEMHxbdE6j7znD9y2FcdPboCzC3xtSTJvN7S success
[2025-11-05T06:35:24.690891000Z DEBUG solana_runtime::message_processor::stable_log] Program ASmKWt93JEMHxbdE6j7znD9y2FcdPboCzC3xtSTJvN7S invoke [2]
[2025-11-05T06:35:24.690923000Z DEBUG solana_runtime::message_processor::stable_log] Program ASmKWt93JEMHxbdE6j7znD9y2FcdPboCzC3xtSTJvN7S consumed 2069 of 151677 compute units
[2025-11-05T06:35:24.690930000Z DEBUG solana_runtime::message_processor::stable_log] Program ASmKWt93JEMHxbdE6j7znD9y2FcdPboCzC3xtSTJvN7S success
[2025-11-05T06:35:24.690951000Z DEBUG solana_runtime::message_processor::stable_log] Program ASmKWt93JEMHxbdE6j7znD9y2FcdPboCzC3xtSTJvN7S consumed 51033 of 200000 compute units
[2025-11-05T06:35:24.690960000Z DEBUG solana_runtime::message_processor::stable_log] Program ASmKWt93JEMHxbdE6j7znD9y2FcdPboCzC3xtSTJvN7S success
      Lock position
[2025-11-05T06:35:24.722351000Z DEBUG solana_runtime::message_processor::stable_log] Program ASmKWt93JEMHxbdE6j7znD9y2FcdPboCzC3xtSTJvN7S invoke [1]
[2025-11-05T06:35:24.722439000Z DEBUG solana_runtime::message_processor::stable_log] Program log: Instruction: LockPosition
[2025-11-05T06:35:24.722530000Z DEBUG solana_runtime::message_processor::stable_log] Program 11111111111111111111111111111111 invoke [2]
[2025-11-05T06:35:24.722537000Z DEBUG solana_runtime::message_processor::stable_log] Program 11111111111111111111111111111111 success
[2025-11-05T06:35:24.722642000Z DEBUG solana_runtime::message_processor::stable_log] Program ASmKWt93JEMHxbdE6j7znD9y2FcdPboCzC3xtSTJvN7S invoke [2]
[2025-11-05T06:35:24.722679000Z DEBUG solana_runtime::message_processor::stable_log] Program ASmKWt93JEMHxbdE6j7znD9y2FcdPboCzC3xtSTJvN7S consumed 2069 of 185297 compute units
[2025-11-05T06:35:24.722688000Z DEBUG solana_runtime::message_processor::stable_log] Program ASmKWt93JEMHxbdE6j7znD9y2FcdPboCzC3xtSTJvN7S success
[2025-11-05T06:35:24.722705000Z DEBUG solana_runtime::message_processor::stable_log] Program ASmKWt93JEMHxbdE6j7znD9y2FcdPboCzC3xtSTJvN7S consumed 17277 of 200000 compute units
[2025-11-05T06:35:24.722714000Z DEBUG solana_runtime::message_processor::stable_log] Program ASmKWt93JEMHxbdE6j7znD9y2FcdPboCzC3xtSTJvN7S success
        ✔ Partial lock position (45ms)
[2025-11-05T06:35:24.760010000Z DEBUG solana_runtime::message_processor::stable_log] Program ASmKWt93JEMHxbdE6j7znD9y2FcdPboCzC3xtSTJvN7S invoke [1]
[2025-11-05T06:35:24.760118000Z DEBUG solana_runtime::message_processor::stable_log] Program log: Instruction: Swap
[2025-11-05T06:35:24.760417000Z DEBUG solana_runtime::message_processor::stable_log] Program TokenkegQfeZyiNwAJbNbGKPFXCWuBvf9Ss623VQ5DA invoke [2]
[2025-11-05T06:35:24.760468000Z DEBUG solana_runtime::message_processor::stable_log] Program log: Instruction: TransferChecked
[2025-11-05T06:35:24.760591000Z DEBUG solana_runtime::message_processor::stable_log] Program TokenkegQfeZyiNwAJbNbGKPFXCWuBvf9Ss623VQ5DA consumed 6174 of 178983 compute units
[2025-11-05T06:35:24.760603000Z DEBUG solana_runtime::message_processor::stable_log] Program TokenkegQfeZyiNwAJbNbGKPFXCWuBvf9Ss623VQ5DA success
[2025-11-05T06:35:24.760654000Z DEBUG solana_runtime::message_processor::stable_log] Program TokenkegQfeZyiNwAJbNbGKPFXCWuBvf9Ss623VQ5DA invoke [2]
[2025-11-05T06:35:24.760687000Z DEBUG solana_runtime::message_processor::stable_log] Program log: Instruction: TransferChecked
[2025-11-05T06:35:24.760763000Z DEBUG solana_runtime::message_processor::stable_log] Program TokenkegQfeZyiNwAJbNbGKPFXCWuBvf9Ss623VQ5DA consumed 6269 of 170345 compute units
[2025-11-05T06:35:24.760775000Z DEBUG solana_runtime::message_processor::stable_log] Program TokenkegQfeZyiNwAJbNbGKPFXCWuBvf9Ss623VQ5DA success
[2025-11-05T06:35:24.760884000Z DEBUG solana_runtime::message_processor::stable_log] Program ASmKWt93JEMHxbdE6j7znD9y2FcdPboCzC3xtSTJvN7S invoke [2]
[2025-11-05T06:35:24.760921000Z DEBUG solana_runtime::message_processor::stable_log] Program ASmKWt93JEMHxbdE6j7znD9y2FcdPboCzC3xtSTJvN7S consumed 2069 of 157783 compute units
[2025-11-05T06:35:24.760930000Z DEBUG solana_runtime::message_processor::stable_log] Program ASmKWt93JEMHxbdE6j7znD9y2FcdPboCzC3xtSTJvN7S success
[2025-11-05T06:35:24.760998000Z DEBUG solana_runtime::message_processor::stable_log] Program ASmKWt93JEMHxbdE6j7znD9y2FcdPboCzC3xtSTJvN7S invoke [2]
[2025-11-05T06:35:24.761029000Z DEBUG solana_runtime::message_processor::stable_log] Program ASmKWt93JEMHxbdE6j7znD9y2FcdPboCzC3xtSTJvN7S consumed 2069 of 152085 compute units
[2025-11-05T06:35:24.761037000Z DEBUG solana_runtime::message_processor::stable_log] Program ASmKWt93JEMHxbdE6j7znD9y2FcdPboCzC3xtSTJvN7S success
[2025-11-05T06:35:24.761057000Z DEBUG solana_runtime::message_processor::stable_log] Program ASmKWt93JEMHxbdE6j7znD9y2FcdPboCzC3xtSTJvN7S consumed 50518 of 200000 compute units
[2025-11-05T06:35:24.761066000Z DEBUG solana_runtime::message_processor::stable_log] Program ASmKWt93JEMHxbdE6j7znD9y2FcdPboCzC3xtSTJvN7S success
[2025-11-05T06:35:24.790394000Z DEBUG solana_runtime::message_processor::stable_log] Program ASmKWt93JEMHxbdE6j7znD9y2FcdPboCzC3xtSTJvN7S invoke [1]
[2025-11-05T06:35:24.790526000Z DEBUG solana_runtime::message_processor::stable_log] Program log: Instruction: ClaimPositionFee
[2025-11-05T06:35:24.790765000Z DEBUG solana_runtime::message_processor::stable_log] Program ASmKWt93JEMHxbdE6j7znD9y2FcdPboCzC3xtSTJvN7S invoke [2]
[2025-11-05T06:35:24.790818000Z DEBUG solana_runtime::message_processor::stable_log] Program ASmKWt93JEMHxbdE6j7znD9y2FcdPboCzC3xtSTJvN7S consumed 2069 of 181287 compute units
[2025-11-05T06:35:24.790828000Z DEBUG solana_runtime::message_processor::stable_log] Program ASmKWt93JEMHxbdE6j7znD9y2FcdPboCzC3xtSTJvN7S success
[2025-11-05T06:35:24.790853000Z DEBUG solana_runtime::message_processor::stable_log] Program ASmKWt93JEMHxbdE6j7znD9y2FcdPboCzC3xtSTJvN7S consumed 21323 of 200000 compute units
[2025-11-05T06:35:24.790863000Z DEBUG solana_runtime::message_processor::stable_log] Program ASmKWt93JEMHxbdE6j7znD9y2FcdPboCzC3xtSTJvN7S success
        ✔ Able to claim fee (54ms)
[2025-11-05T06:35:24.823017000Z DEBUG solana_runtime::message_processor::stable_log] Program ASmKWt93JEMHxbdE6j7znD9y2FcdPboCzC3xtSTJvN7S invoke [1]
[2025-11-05T06:35:24.823095000Z DEBUG solana_runtime::message_processor::stable_log] Program log: Instruction: RefreshVesting
[2025-11-05T06:35:24.823165000Z DEBUG solana_runtime::message_processor::stable_log] Program ASmKWt93JEMHxbdE6j7znD9y2FcdPboCzC3xtSTJvN7S consumed 4526 of 200000 compute units
[2025-11-05T06:35:24.823175000Z DEBUG solana_runtime::message_processor::stable_log] Program ASmKWt93JEMHxbdE6j7znD9y2FcdPboCzC3xtSTJvN7S success
        ✔ Cliff point (46ms)
[2025-11-05T06:35:24.861500000Z DEBUG solana_runtime::message_processor::stable_log] Program ASmKWt93JEMHxbdE6j7znD9y2FcdPboCzC3xtSTJvN7S invoke [1]
[2025-11-05T06:35:24.861573000Z DEBUG solana_runtime::message_processor::stable_log] Program log: Instruction: RefreshVesting
[2025-11-05T06:35:24.861671000Z DEBUG solana_runtime::message_processor::stable_log] Program ASmKWt93JEMHxbdE6j7znD9y2FcdPboCzC3xtSTJvN7S consumed 4526 of 200000 compute units
[2025-11-05T06:35:24.861683000Z DEBUG solana_runtime::message_processor::stable_log] Program ASmKWt93JEMHxbdE6j7znD9y2FcdPboCzC3xtSTJvN7S success
[2025-11-05T06:35:24.885820000Z DEBUG solana_runtime::message_processor::stable_log] Program ASmKWt93JEMHxbdE6j7znD9y2FcdPboCzC3xtSTJvN7S invoke [1]
[2025-11-05T06:35:24.885889000Z DEBUG solana_runtime::message_processor::stable_log] Program log: Instruction: RefreshVesting
[2025-11-05T06:35:24.885961000Z DEBUG solana_runtime::message_processor::stable_log] Program ASmKWt93JEMHxbdE6j7znD9y2FcdPboCzC3xtSTJvN7S consumed 4526 of 200000 compute units
[2025-11-05T06:35:24.886003000Z DEBUG solana_runtime::message_processor::stable_log] Program ASmKWt93JEMHxbdE6j7znD9y2FcdPboCzC3xtSTJvN7S success
[2025-11-05T06:35:24.914094000Z DEBUG solana_runtime::message_processor::stable_log] Program ASmKWt93JEMHxbdE6j7znD9y2FcdPboCzC3xtSTJvN7S invoke [1]
[2025-11-05T06:35:24.914210000Z DEBUG solana_runtime::message_processor::stable_log] Program log: Instruction: RefreshVesting
[2025-11-05T06:35:24.914377000Z DEBUG solana_runtime::message_processor::stable_log] Program ASmKWt93JEMHxbdE6j7znD9y2FcdPboCzC3xtSTJvN7S consumed 4526 of 200000 compute units
[2025-11-05T06:35:24.914395000Z DEBUG solana_runtime::message_processor::stable_log] Program ASmKWt93JEMHxbdE6j7znD9y2FcdPboCzC3xtSTJvN7S success
[2025-11-05T06:35:24.944882000Z DEBUG solana_runtime::message_processor::stable_log] Program ASmKWt93JEMHxbdE6j7znD9y2FcdPboCzC3xtSTJvN7S invoke [1]
[2025-11-05T06:35:24.944952000Z DEBUG solana_runtime::message_processor::stable_log] Program log: Instruction: RefreshVesting
[2025-11-05T06:35:24.945021000Z DEBUG solana_runtime::message_processor::stable_log] Program ASmKWt93JEMHxbdE6j7znD9y2FcdPboCzC3xtSTJvN7S consumed 4526 of 200000 compute units
[2025-11-05T06:35:24.945035000Z DEBUG solana_runtime::message_processor::stable_log] Program ASmKWt93JEMHxbdE6j7znD9y2FcdPboCzC3xtSTJvN7S success
[2025-11-05T06:35:24.969535000Z DEBUG solana_runtime::message_processor::stable_log] Program ASmKWt93JEMHxbdE6j7znD9y2FcdPboCzC3xtSTJvN7S invoke [1]
[2025-11-05T06:35:24.969656000Z DEBUG solana_runtime::message_processor::stable_log] Program log: Instruction: RefreshVesting
[2025-11-05T06:35:24.969733000Z DEBUG solana_runtime::message_processor::stable_log] Program ASmKWt93JEMHxbdE6j7znD9y2FcdPboCzC3xtSTJvN7S consumed 4526 of 200000 compute units
[2025-11-05T06:35:24.969744000Z DEBUG solana_runtime::message_processor::stable_log] Program ASmKWt93JEMHxbdE6j7znD9y2FcdPboCzC3xtSTJvN7S success
[2025-11-05T06:35:24.995581000Z DEBUG solana_runtime::message_processor::stable_log] Program ASmKWt93JEMHxbdE6j7znD9y2FcdPboCzC3xtSTJvN7S invoke [1]
[2025-11-05T06:35:24.995648000Z DEBUG solana_runtime::message_processor::stable_log] Program log: Instruction: RefreshVesting
[2025-11-05T06:35:24.995730000Z DEBUG solana_runtime::message_processor::stable_log] Program ASmKWt93JEMHxbdE6j7znD9y2FcdPboCzC3xtSTJvN7S consumed 4526 of 200000 compute units
[2025-11-05T06:35:24.995744000Z DEBUG solana_runtime::message_processor::stable_log] Program ASmKWt93JEMHxbdE6j7znD9y2FcdPboCzC3xtSTJvN7S success
[2025-11-05T06:35:25.021402000Z DEBUG solana_runtime::message_processor::stable_log] Program ASmKWt93JEMHxbdE6j7znD9y2FcdPboCzC3xtSTJvN7S invoke [1]
[2025-11-05T06:35:25.021471000Z DEBUG solana_runtime::message_processor::stable_log] Program log: Instruction: RefreshVesting
[2025-11-05T06:35:25.021548000Z DEBUG solana_runtime::message_processor::stable_log] Program ASmKWt93JEMHxbdE6j7znD9y2FcdPboCzC3xtSTJvN7S consumed 4526 of 200000 compute units
[2025-11-05T06:35:25.021560000Z DEBUG solana_runtime::message_processor::stable_log] Program ASmKWt93JEMHxbdE6j7znD9y2FcdPboCzC3xtSTJvN7S success
[2025-11-05T06:35:25.046735000Z DEBUG solana_runtime::message_processor::stable_log] Program ASmKWt93JEMHxbdE6j7znD9y2FcdPboCzC3xtSTJvN7S invoke [1]
[2025-11-05T06:35:25.046812000Z DEBUG solana_runtime::message_processor::stable_log] Program log: Instruction: RefreshVesting
[2025-11-05T06:35:25.046889000Z DEBUG solana_runtime::message_processor::stable_log] Program ASmKWt93JEMHxbdE6j7znD9y2FcdPboCzC3xtSTJvN7S consumed 4526 of 200000 compute units
[2025-11-05T06:35:25.046901000Z DEBUG solana_runtime::message_processor::stable_log] Program ASmKWt93JEMHxbdE6j7znD9y2FcdPboCzC3xtSTJvN7S success
[2025-11-05T06:35:25.072055000Z DEBUG solana_runtime::message_processor::stable_log] Program ASmKWt93JEMHxbdE6j7znD9y2FcdPboCzC3xtSTJvN7S invoke [1]
[2025-11-05T06:35:25.072125000Z DEBUG solana_runtime::message_processor::stable_log] Program log: Instruction: RefreshVesting
[2025-11-05T06:35:25.072200000Z DEBUG solana_runtime::message_processor::stable_log] Program ASmKWt93JEMHxbdE6j7znD9y2FcdPboCzC3xtSTJvN7S consumed 4526 of 200000 compute units
[2025-11-05T06:35:25.072213000Z DEBUG solana_runtime::message_processor::stable_log] Program ASmKWt93JEMHxbdE6j7znD9y2FcdPboCzC3xtSTJvN7S success
[2025-11-05T06:35:25.097689000Z DEBUG solana_runtime::message_processor::stable_log] Program ASmKWt93JEMHxbdE6j7znD9y2FcdPboCzC3xtSTJvN7S invoke [1]
[2025-11-05T06:35:25.097758000Z DEBUG solana_runtime::message_processor::stable_log] Program log: Instruction: RefreshVesting
[2025-11-05T06:35:25.097840000Z DEBUG solana_runtime::message_processor::stable_log] Program ASmKWt93JEMHxbdE6j7znD9y2FcdPboCzC3xtSTJvN7S consumed 4735 of 200000 compute units
[2025-11-05T06:35:25.097854000Z DEBUG solana_runtime::message_processor::stable_log] Program ASmKWt93JEMHxbdE6j7znD9y2FcdPboCzC3xtSTJvN7S success
        ✔ Withdraw period (271ms)
[2025-11-05T06:35:25.123631000Z DEBUG solana_runtime::message_processor::stable_log] Program ASmKWt93JEMHxbdE6j7znD9y2FcdPboCzC3xtSTJvN7S invoke [1]
[2025-11-05T06:35:25.123726000Z DEBUG solana_runtime::message_processor::stable_log] Program log: Instruction: PermanentLockPosition
[2025-11-05T06:35:25.123865000Z DEBUG solana_runtime::message_processor::stable_log] Program ASmKWt93JEMHxbdE6j7znD9y2FcdPboCzC3xtSTJvN7S invoke [2]
[2025-11-05T06:35:25.123912000Z DEBUG solana_runtime::message_processor::stable_log] Program ASmKWt93JEMHxbdE6j7znD9y2FcdPboCzC3xtSTJvN7S consumed 2069 of 191056 compute units
[2025-11-05T06:35:25.123927000Z DEBUG solana_runtime::message_processor::stable_log] Program ASmKWt93JEMHxbdE6j7znD9y2FcdPboCzC3xtSTJvN7S success
[2025-11-05T06:35:25.123945000Z DEBUG solana_runtime::message_processor::stable_log] Program ASmKWt93JEMHxbdE6j7znD9y2FcdPboCzC3xtSTJvN7S consumed 11461 of 200000 compute units
[2025-11-05T06:35:25.123954000Z DEBUG solana_runtime::message_processor::stable_log] Program ASmKWt93JEMHxbdE6j7znD9y2FcdPboCzC3xtSTJvN7S success
        ✔ Permanent lock position
    Token 2022
[2025-11-05T06:35:25.136100000Z INFO  solana_program_test] "cp_amm" SBF program from ./target/deploy/cp_amm.so, modified 24 minutes, 32 seconds, 483 ms, 416 µs and 203 ns ago
[2025-11-05T06:35:25.136354000Z INFO  solana_program_test] "fee_router" SBF program from ./target/deploy/fee_router.so, modified 35 seconds, 220 ms, 569 µs and 331 ns ago
[2025-11-05T06:35:25.136486000Z INFO  solana_program_test] "transfer_hook_counter" SBF program from tests/fixtures/transfer_hook_counter.so, modified 3 weeks, 22 hours, 58 minutes, 59 seconds, 962 ms, 86 µs and 196 ns ago
[2025-11-05T06:35:25.136682000Z INFO  solana_program_test] "alpha_vault" SBF program from tests/fixtures/alpha_vault.so, modified 3 weeks, 22 hours, 58 minutes, 59 seconds, 962 ms, 968 µs and 72 ns ago
[2025-11-05T06:35:25.136953000Z INFO  solana_program_test] "streamflow" SBF program from tests/fixtures/streamflow.so, modified 3 weeks, 6 hours, 59 minutes, 9 seconds, 847 ms, 869 µs and 387 ns ago
[2025-11-05T06:35:25.137229000Z INFO  solana_program_test] "cp_amm" SBF program from ./target/deploy/cp_amm.so, modified 24 minutes, 32 seconds, 484 ms, 548 µs and 203 ns ago
[2025-11-05T06:35:25.137448000Z INFO  solana_program_test] "fee_router" SBF program from ./target/deploy/fee_router.so, modified 35 seconds, 221 ms, 708 µs and 331 ns ago
[2025-11-05T06:35:25.155570000Z INFO  solana_program_test] Overriding account at ASmKWt93JEMHxbdE6j7znD9y2FcdPboCzC3xtSTJvN7S
[2025-11-05T06:35:25.155585000Z INFO  solana_program_test] Overriding account at 5B57SJ3g2YoNXUpsZqqjEQkRSxyKtVTQRXdgAirz6bio
[2025-11-05T06:35:25.167321000Z DEBUG solana_runtime::message_processor::stable_log] Program 11111111111111111111111111111111 invoke [1]
[2025-11-05T06:35:25.167339000Z DEBUG solana_runtime::message_processor::stable_log] Program 11111111111111111111111111111111 success
[2025-11-05T06:35:25.170936000Z DEBUG solana_runtime::message_processor::stable_log] Program 11111111111111111111111111111111 invoke [1]
[2025-11-05T06:35:25.170948000Z DEBUG solana_runtime::message_processor::stable_log] Program 11111111111111111111111111111111 success
[2025-11-05T06:35:25.174521000Z DEBUG solana_runtime::message_processor::stable_log] Program 11111111111111111111111111111111 invoke [1]
[2025-11-05T06:35:25.174533000Z DEBUG solana_runtime::message_processor::stable_log] Program 11111111111111111111111111111111 success
[2025-11-05T06:35:25.182616000Z DEBUG solana_runtime::message_processor::stable_log] Program 11111111111111111111111111111111 invoke [1]
[2025-11-05T06:35:25.182638000Z DEBUG solana_runtime::message_processor::stable_log] Program 11111111111111111111111111111111 success
[2025-11-05T06:35:25.182643000Z DEBUG solana_runtime::message_processor::stable_log] Program TokenzQdBNbLqP5VEhdkAS6EPFLC1PHnBqCXEpPxuEb invoke [1]
[2025-11-05T06:35:25.182728000Z DEBUG solana_runtime::message_processor::stable_log] Program TokenzQdBNbLqP5VEhdkAS6EPFLC1PHnBqCXEpPxuEb consumed 3479 of 599850 compute units
[2025-11-05T06:35:25.182738000Z DEBUG solana_runtime::message_processor::stable_log] Program TokenzQdBNbLqP5VEhdkAS6EPFLC1PHnBqCXEpPxuEb success
[2025-11-05T06:35:25.182745000Z DEBUG solana_runtime::message_processor::stable_log] Program TokenzQdBNbLqP5VEhdkAS6EPFLC1PHnBqCXEpPxuEb invoke [1]
[2025-11-05T06:35:25.182770000Z DEBUG solana_runtime::message_processor::stable_log] Program log: Instruction: InitializeMint2
[2025-11-05T06:35:25.182824000Z DEBUG solana_runtime::message_processor::stable_log] Program TokenzQdBNbLqP5VEhdkAS6EPFLC1PHnBqCXEpPxuEb consumed 3868 of 596371 compute units
[2025-11-05T06:35:25.182831000Z DEBUG solana_runtime::message_processor::stable_log] Program TokenzQdBNbLqP5VEhdkAS6EPFLC1PHnBqCXEpPxuEb success
[2025-11-05T06:35:25.190516000Z DEBUG solana_runtime::message_processor::stable_log] Program 11111111111111111111111111111111 invoke [1]
[2025-11-05T06:35:25.190533000Z DEBUG solana_runtime::message_processor::stable_log] Program 11111111111111111111111111111111 success
[2025-11-05T06:35:25.190539000Z DEBUG solana_runtime::message_processor::stable_log] Program TokenzQdBNbLqP5VEhdkAS6EPFLC1PHnBqCXEpPxuEb invoke [1]
[2025-11-05T06:35:25.190637000Z DEBUG solana_runtime::message_processor::stable_log] Program TokenzQdBNbLqP5VEhdkAS6EPFLC1PHnBqCXEpPxuEb consumed 3479 of 599850 compute units
[2025-11-05T06:35:25.190650000Z DEBUG solana_runtime::message_processor::stable_log] Program TokenzQdBNbLqP5VEhdkAS6EPFLC1PHnBqCXEpPxuEb success
[2025-11-05T06:35:25.190657000Z DEBUG solana_runtime::message_processor::stable_log] Program TokenzQdBNbLqP5VEhdkAS6EPFLC1PHnBqCXEpPxuEb invoke [1]
[2025-11-05T06:35:25.190683000Z DEBUG solana_runtime::message_processor::stable_log] Program log: Instruction: InitializeMint2
[2025-11-05T06:35:25.190740000Z DEBUG solana_runtime::message_processor::stable_log] Program TokenzQdBNbLqP5VEhdkAS6EPFLC1PHnBqCXEpPxuEb consumed 3868 of 596371 compute units
[2025-11-05T06:35:25.190747000Z DEBUG solana_runtime::message_processor::stable_log] Program TokenzQdBNbLqP5VEhdkAS6EPFLC1PHnBqCXEpPxuEb success
[2025-11-05T06:35:25.196076000Z DEBUG solana_runtime::message_processor::stable_log] Program ATokenGPvbdGVxr1b2hvZbsiqW5xWH25efTNsLJA8knL invoke [1]
[2025-11-05T06:35:25.196143000Z DEBUG solana_runtime::message_processor::stable_log] Program log: Create
[2025-11-05T06:35:25.196196000Z DEBUG solana_runtime::message_processor::stable_log] Program TokenzQdBNbLqP5VEhdkAS6EPFLC1PHnBqCXEpPxuEb invoke [2]
[2025-11-05T06:35:25.196232000Z DEBUG solana_runtime::message_processor::stable_log] Program log: Instruction: GetAccountDataSize
[2025-11-05T06:35:25.196276000Z DEBUG solana_runtime::message_processor::stable_log] Program TokenzQdBNbLqP5VEhdkAS6EPFLC1PHnBqCXEpPxuEb consumed 2917 of 193142 compute units
[2025-11-05T06:35:25.196283000Z DEBUG solana_runtime::message_processor::stable_log] Program return: TokenzQdBNbLqP5VEhdkAS6EPFLC1PHnBqCXEpPxuEb tgAAAAAAAAA=
[2025-11-05T06:35:25.196292000Z DEBUG solana_runtime::message_processor::stable_log] Program TokenzQdBNbLqP5VEhdkAS6EPFLC1PHnBqCXEpPxuEb success
[2025-11-05T06:35:25.196345000Z DEBUG solana_runtime::message_processor::stable_log] Program 11111111111111111111111111111111 invoke [2]
[2025-11-05T06:35:25.196355000Z DEBUG solana_runtime::message_processor::stable_log] Program 11111111111111111111111111111111 success
[2025-11-05T06:35:25.196361000Z DEBUG solana_runtime::message_processor::stable_log] Program log: Initialize the associated token account
[2025-11-05T06:35:25.196377000Z DEBUG solana_runtime::message_processor::stable_log] Program TokenzQdBNbLqP5VEhdkAS6EPFLC1PHnBqCXEpPxuEb invoke [2]
[2025-11-05T06:35:25.196406000Z DEBUG solana_runtime::message_processor::stable_log] Program log: Instruction: InitializeImmutableOwner
[2025-11-05T06:35:25.196439000Z DEBUG solana_runtime::message_processor::stable_log] Program TokenzQdBNbLqP5VEhdkAS6EPFLC1PHnBqCXEpPxuEb consumed 1924 of 185295 compute units
[2025-11-05T06:35:25.196450000Z DEBUG solana_runtime::message_processor::stable_log] Program TokenzQdBNbLqP5VEhdkAS6EPFLC1PHnBqCXEpPxuEb success
[2025-11-05T06:35:25.196485000Z DEBUG solana_runtime::message_processor::stable_log] Program TokenzQdBNbLqP5VEhdkAS6EPFLC1PHnBqCXEpPxuEb invoke [2]
[2025-11-05T06:35:25.196512000Z DEBUG solana_runtime::message_processor::stable_log] Program log: Instruction: InitializeAccount3
[2025-11-05T06:35:25.196598000Z DEBUG solana_runtime::message_processor::stable_log] Program TokenzQdBNbLqP5VEhdkAS6EPFLC1PHnBqCXEpPxuEb consumed 5446 of 180981 compute units
[2025-11-05T06:35:25.196606000Z DEBUG solana_runtime::message_processor::stable_log] Program TokenzQdBNbLqP5VEhdkAS6EPFLC1PHnBqCXEpPxuEb success
[2025-11-05T06:35:25.196620000Z DEBUG solana_runtime::message_processor::stable_log] Program ATokenGPvbdGVxr1b2hvZbsiqW5xWH25efTNsLJA8knL consumed 24769 of 200000 compute units
[2025-11-05T06:35:25.196631000Z DEBUG solana_runtime::message_processor::stable_log] Program ATokenGPvbdGVxr1b2hvZbsiqW5xWH25efTNsLJA8knL success
[2025-11-05T06:35:25.199981000Z DEBUG solana_runtime::message_processor::stable_log] Program TokenzQdBNbLqP5VEhdkAS6EPFLC1PHnBqCXEpPxuEb invoke [1]
[2025-11-05T06:35:25.200036000Z DEBUG solana_runtime::message_processor::stable_log] Program log: Instruction: MintTo
[2025-11-05T06:35:25.200113000Z DEBUG solana_runtime::message_processor::stable_log] Program TokenzQdBNbLqP5VEhdkAS6EPFLC1PHnBqCXEpPxuEb consumed 5403 of 200000 compute units
[2025-11-05T06:35:25.200124000Z DEBUG solana_runtime::message_processor::stable_log] Program TokenzQdBNbLqP5VEhdkAS6EPFLC1PHnBqCXEpPxuEb success
[2025-11-05T06:35:25.204843000Z DEBUG solana_runtime::message_processor::stable_log] Program ATokenGPvbdGVxr1b2hvZbsiqW5xWH25efTNsLJA8knL invoke [1]
[2025-11-05T06:35:25.204919000Z DEBUG solana_runtime::message_processor::stable_log] Program log: Create
[2025-11-05T06:35:25.204967000Z DEBUG solana_runtime::message_processor::stable_log] Program TokenzQdBNbLqP5VEhdkAS6EPFLC1PHnBqCXEpPxuEb invoke [2]
[2025-11-05T06:35:25.205005000Z DEBUG solana_runtime::message_processor::stable_log] Program log: Instruction: GetAccountDataSize
[2025-11-05T06:35:25.205047000Z DEBUG solana_runtime::message_processor::stable_log] Program TokenzQdBNbLqP5VEhdkAS6EPFLC1PHnBqCXEpPxuEb consumed 2917 of 194642 compute units
[2025-11-05T06:35:25.205055000Z DEBUG solana_runtime::message_processor::stable_log] Program return: TokenzQdBNbLqP5VEhdkAS6EPFLC1PHnBqCXEpPxuEb tgAAAAAAAAA=
[2025-11-05T06:35:25.205063000Z DEBUG solana_runtime::message_processor::stable_log] Program TokenzQdBNbLqP5VEhdkAS6EPFLC1PHnBqCXEpPxuEb success
[2025-11-05T06:35:25.205119000Z DEBUG solana_runtime::message_processor::stable_log] Program 11111111111111111111111111111111 invoke [2]
[2025-11-05T06:35:25.205126000Z DEBUG solana_runtime::message_processor::stable_log] Program 11111111111111111111111111111111 success
[2025-11-05T06:35:25.205132000Z DEBUG solana_runtime::message_processor::stable_log] Program log: Initialize the associated token account
[2025-11-05T06:35:25.205148000Z DEBUG solana_runtime::message_processor::stable_log] Program TokenzQdBNbLqP5VEhdkAS6EPFLC1PHnBqCXEpPxuEb invoke [2]
[2025-11-05T06:35:25.205170000Z DEBUG solana_runtime::message_processor::stable_log] Program log: Instruction: InitializeImmutableOwner
[2025-11-05T06:35:25.205193000Z DEBUG solana_runtime::message_processor::stable_log] Program TokenzQdBNbLqP5VEhdkAS6EPFLC1PHnBqCXEpPxuEb consumed 1924 of 186795 compute units
[2025-11-05T06:35:25.205200000Z DEBUG solana_runtime::message_processor::stable_log] Program TokenzQdBNbLqP5VEhdkAS6EPFLC1PHnBqCXEpPxuEb success
[2025-11-05T06:35:25.205232000Z DEBUG solana_runtime::message_processor::stable_log] Program TokenzQdBNbLqP5VEhdkAS6EPFLC1PHnBqCXEpPxuEb invoke [2]
[2025-11-05T06:35:25.205259000Z DEBUG solana_runtime::message_processor::stable_log] Program log: Instruction: InitializeAccount3
[2025-11-05T06:35:25.205343000Z DEBUG solana_runtime::message_processor::stable_log] Program TokenzQdBNbLqP5VEhdkAS6EPFLC1PHnBqCXEpPxuEb consumed 5446 of 182481 compute units
[2025-11-05T06:35:25.205351000Z DEBUG solana_runtime::message_processor::stable_log] Program TokenzQdBNbLqP5VEhdkAS6EPFLC1PHnBqCXEpPxuEb success
[2025-11-05T06:35:25.205362000Z DEBUG solana_runtime::message_processor::stable_log] Program ATokenGPvbdGVxr1b2hvZbsiqW5xWH25efTNsLJA8knL consumed 23269 of 200000 compute units
[2025-11-05T06:35:25.205372000Z DEBUG solana_runtime::message_processor::stable_log] Program ATokenGPvbdGVxr1b2hvZbsiqW5xWH25efTNsLJA8knL success
[2025-11-05T06:35:25.208572000Z DEBUG solana_runtime::message_processor::stable_log] Program TokenzQdBNbLqP5VEhdkAS6EPFLC1PHnBqCXEpPxuEb invoke [1]
[2025-11-05T06:35:25.208633000Z DEBUG solana_runtime::message_processor::stable_log] Program log: Instruction: MintTo
[2025-11-05T06:35:25.208721000Z DEBUG solana_runtime::message_processor::stable_log] Program TokenzQdBNbLqP5VEhdkAS6EPFLC1PHnBqCXEpPxuEb consumed 5403 of 200000 compute units
[2025-11-05T06:35:25.208733000Z DEBUG solana_runtime::message_processor::stable_log] Program TokenzQdBNbLqP5VEhdkAS6EPFLC1PHnBqCXEpPxuEb success
[2025-11-05T06:35:25.214079000Z DEBUG solana_runtime::message_processor::stable_log] Program ATokenGPvbdGVxr1b2hvZbsiqW5xWH25efTNsLJA8knL invoke [1]
[2025-11-05T06:35:25.214160000Z DEBUG solana_runtime::message_processor::stable_log] Program log: Create
[2025-11-05T06:35:25.214241000Z DEBUG solana_runtime::message_processor::stable_log] Program TokenzQdBNbLqP5VEhdkAS6EPFLC1PHnBqCXEpPxuEb invoke [2]
[2025-11-05T06:35:25.214315000Z DEBUG solana_runtime::message_processor::stable_log] Program log: Instruction: GetAccountDataSize
[2025-11-05T06:35:25.214360000Z DEBUG solana_runtime::message_processor::stable_log] Program TokenzQdBNbLqP5VEhdkAS6EPFLC1PHnBqCXEpPxuEb consumed 2917 of 188642 compute units
[2025-11-05T06:35:25.214370000Z DEBUG solana_runtime::message_processor::stable_log] Program return: TokenzQdBNbLqP5VEhdkAS6EPFLC1PHnBqCXEpPxuEb tgAAAAAAAAA=
[2025-11-05T06:35:25.214379000Z DEBUG solana_runtime::message_processor::stable_log] Program TokenzQdBNbLqP5VEhdkAS6EPFLC1PHnBqCXEpPxuEb success
[2025-11-05T06:35:25.214434000Z DEBUG solana_runtime::message_processor::stable_log] Program 11111111111111111111111111111111 invoke [2]
[2025-11-05T06:35:25.214443000Z DEBUG solana_runtime::message_processor::stable_log] Program 11111111111111111111111111111111 success
[2025-11-05T06:35:25.214449000Z DEBUG solana_runtime::message_processor::stable_log] Program log: Initialize the associated token account
[2025-11-05T06:35:25.214466000Z DEBUG solana_runtime::message_processor::stable_log] Program TokenzQdBNbLqP5VEhdkAS6EPFLC1PHnBqCXEpPxuEb invoke [2]
[2025-11-05T06:35:25.214491000Z DEBUG solana_runtime::message_processor::stable_log] Program log: Instruction: InitializeImmutableOwner
[2025-11-05T06:35:25.214514000Z DEBUG solana_runtime::message_processor::stable_log] Program TokenzQdBNbLqP5VEhdkAS6EPFLC1PHnBqCXEpPxuEb consumed 1924 of 180795 compute units
[2025-11-05T06:35:25.214524000Z DEBUG solana_runtime::message_processor::stable_log] Program TokenzQdBNbLqP5VEhdkAS6EPFLC1PHnBqCXEpPxuEb success
[2025-11-05T06:35:25.214557000Z DEBUG solana_runtime::message_processor::stable_log] Program TokenzQdBNbLqP5VEhdkAS6EPFLC1PHnBqCXEpPxuEb invoke [2]
[2025-11-05T06:35:25.214661000Z DEBUG solana_runtime::message_processor::stable_log] Program log: Instruction: InitializeAccount3
[2025-11-05T06:35:25.214745000Z DEBUG solana_runtime::message_processor::stable_log] Program TokenzQdBNbLqP5VEhdkAS6EPFLC1PHnBqCXEpPxuEb consumed 5446 of 176481 compute units
[2025-11-05T06:35:25.214754000Z DEBUG solana_runtime::message_processor::stable_log] Program TokenzQdBNbLqP5VEhdkAS6EPFLC1PHnBqCXEpPxuEb success
[2025-11-05T06:35:25.214767000Z DEBUG solana_runtime::message_processor::stable_log] Program ATokenGPvbdGVxr1b2hvZbsiqW5xWH25efTNsLJA8knL consumed 29269 of 200000 compute units
[2025-11-05T06:35:25.214776000Z DEBUG solana_runtime::message_processor::stable_log] Program ATokenGPvbdGVxr1b2hvZbsiqW5xWH25efTNsLJA8knL success
[2025-11-05T06:35:25.218268000Z DEBUG solana_runtime::message_processor::stable_log] Program TokenzQdBNbLqP5VEhdkAS6EPFLC1PHnBqCXEpPxuEb invoke [1]
[2025-11-05T06:35:25.218400000Z DEBUG solana_runtime::message_processor::stable_log] Program log: Instruction: MintTo
[2025-11-05T06:35:25.218483000Z DEBUG solana_runtime::message_processor::stable_log] Program TokenzQdBNbLqP5VEhdkAS6EPFLC1PHnBqCXEpPxuEb consumed 5403 of 200000 compute units
[2025-11-05T06:35:25.218493000Z DEBUG solana_runtime::message_processor::stable_log] Program TokenzQdBNbLqP5VEhdkAS6EPFLC1PHnBqCXEpPxuEb success
[2025-11-05T06:35:25.225177000Z DEBUG solana_runtime::message_processor::stable_log] Program ATokenGPvbdGVxr1b2hvZbsiqW5xWH25efTNsLJA8knL invoke [1]
[2025-11-05T06:35:25.225263000Z DEBUG solana_runtime::message_processor::stable_log] Program log: Create
[2025-11-05T06:35:25.225369000Z DEBUG solana_runtime::message_processor::stable_log] Program TokenzQdBNbLqP5VEhdkAS6EPFLC1PHnBqCXEpPxuEb invoke [2]
[2025-11-05T06:35:25.225424000Z DEBUG solana_runtime::message_processor::stable_log] Program log: Instruction: GetAccountDataSize
[2025-11-05T06:35:25.225705000Z DEBUG solana_runtime::message_processor::stable_log] Program TokenzQdBNbLqP5VEhdkAS6EPFLC1PHnBqCXEpPxuEb consumed 2917 of 182642 compute units
[2025-11-05T06:35:25.225719000Z DEBUG solana_runtime::message_processor::stable_log] Program return: TokenzQdBNbLqP5VEhdkAS6EPFLC1PHnBqCXEpPxuEb tgAAAAAAAAA=
[2025-11-05T06:35:25.225731000Z DEBUG solana_runtime::message_processor::stable_log] Program TokenzQdBNbLqP5VEhdkAS6EPFLC1PHnBqCXEpPxuEb success
[2025-11-05T06:35:25.225799000Z DEBUG solana_runtime::message_processor::stable_log] Program 11111111111111111111111111111111 invoke [2]
[2025-11-05T06:35:25.225808000Z DEBUG solana_runtime::message_processor::stable_log] Program 11111111111111111111111111111111 success
[2025-11-05T06:35:25.225816000Z DEBUG solana_runtime::message_processor::stable_log] Program log: Initialize the associated token account
[2025-11-05T06:35:25.225836000Z DEBUG solana_runtime::message_processor::stable_log] Program TokenzQdBNbLqP5VEhdkAS6EPFLC1PHnBqCXEpPxuEb invoke [2]
[2025-11-05T06:35:25.225865000Z DEBUG solana_runtime::message_processor::stable_log] Program log: Instruction: InitializeImmutableOwner
[2025-11-05T06:35:25.225894000Z DEBUG solana_runtime::message_processor::stable_log] Program TokenzQdBNbLqP5VEhdkAS6EPFLC1PHnBqCXEpPxuEb consumed 1924 of 174795 compute units
[2025-11-05T06:35:25.225903000Z DEBUG solana_runtime::message_processor::stable_log] Program TokenzQdBNbLqP5VEhdkAS6EPFLC1PHnBqCXEpPxuEb success
[2025-11-05T06:35:25.225985000Z DEBUG solana_runtime::message_processor::stable_log] Program TokenzQdBNbLqP5VEhdkAS6EPFLC1PHnBqCXEpPxuEb invoke [2]
[2025-11-05T06:35:25.226028000Z DEBUG solana_runtime::message_processor::stable_log] Program log: Instruction: InitializeAccount3
[2025-11-05T06:35:25.226204000Z DEBUG solana_runtime::message_processor::stable_log] Program TokenzQdBNbLqP5VEhdkAS6EPFLC1PHnBqCXEpPxuEb consumed 5446 of 170481 compute units
[2025-11-05T06:35:25.226216000Z DEBUG solana_runtime::message_processor::stable_log] Program TokenzQdBNbLqP5VEhdkAS6EPFLC1PHnBqCXEpPxuEb success
[2025-11-05T06:35:25.226232000Z DEBUG solana_runtime::message_processor::stable_log] Program ATokenGPvbdGVxr1b2hvZbsiqW5xWH25efTNsLJA8knL consumed 35269 of 200000 compute units
[2025-11-05T06:35:25.226243000Z DEBUG solana_runtime::message_processor::stable_log] Program ATokenGPvbdGVxr1b2hvZbsiqW5xWH25efTNsLJA8knL success
[2025-11-05T06:35:25.244020000Z DEBUG solana_runtime::message_processor::stable_log] Program TokenzQdBNbLqP5VEhdkAS6EPFLC1PHnBqCXEpPxuEb invoke [1]
[2025-11-05T06:35:25.244087000Z DEBUG solana_runtime::message_processor::stable_log] Program log: Instruction: MintTo
[2025-11-05T06:35:25.244256000Z DEBUG solana_runtime::message_processor::stable_log] Program TokenzQdBNbLqP5VEhdkAS6EPFLC1PHnBqCXEpPxuEb consumed 5403 of 200000 compute units
[2025-11-05T06:35:25.244295000Z DEBUG solana_runtime::message_processor::stable_log] Program TokenzQdBNbLqP5VEhdkAS6EPFLC1PHnBqCXEpPxuEb success
[2025-11-05T06:35:25.265038000Z DEBUG solana_runtime::message_processor::stable_log] Program ASmKWt93JEMHxbdE6j7znD9y2FcdPboCzC3xtSTJvN7S invoke [1]
[2025-11-05T06:35:25.265109000Z DEBUG solana_runtime::message_processor::stable_log] Program log: Instruction: CreateConfig
[2025-11-05T06:35:25.265253000Z DEBUG solana_runtime::message_processor::stable_log] Program 11111111111111111111111111111111 invoke [2]
[2025-11-05T06:35:25.265278000Z DEBUG solana_runtime::message_processor::stable_log] Program 11111111111111111111111111111111 success
[2025-11-05T06:35:25.265400000Z DEBUG solana_runtime::message_processor::stable_log] Program ASmKWt93JEMHxbdE6j7znD9y2FcdPboCzC3xtSTJvN7S invoke [2]
[2025-11-05T06:35:25.265439000Z DEBUG solana_runtime::message_processor::stable_log] Program ASmKWt93JEMHxbdE6j7znD9y2FcdPboCzC3xtSTJvN7S consumed 2069 of 186098 compute units
[2025-11-05T06:35:25.265451000Z DEBUG solana_runtime::message_processor::stable_log] Program ASmKWt93JEMHxbdE6j7znD9y2FcdPboCzC3xtSTJvN7S success
[2025-11-05T06:35:25.265467000Z DEBUG solana_runtime::message_processor::stable_log] Program ASmKWt93JEMHxbdE6j7znD9y2FcdPboCzC3xtSTJvN7S consumed 16276 of 200000 compute units
[2025-11-05T06:35:25.265477000Z DEBUG solana_runtime::message_processor::stable_log] Program ASmKWt93JEMHxbdE6j7znD9y2FcdPboCzC3xtSTJvN7S success
[2025-11-05T06:35:25.304144000Z DEBUG solana_runtime::message_processor::stable_log] Program ASmKWt93JEMHxbdE6j7znD9y2FcdPboCzC3xtSTJvN7S invoke [1]
[2025-11-05T06:35:25.304323000Z DEBUG solana_runtime::message_processor::stable_log] Program log: Instruction: InitializePool
[2025-11-05T06:35:25.304518000Z DEBUG solana_runtime::message_processor::stable_log] Program 11111111111111111111111111111111 invoke [2]
[2025-11-05T06:35:25.304528000Z DEBUG solana_runtime::message_processor::stable_log] Program 11111111111111111111111111111111 success
[2025-11-05T06:35:25.304564000Z DEBUG solana_runtime::message_processor::stable_log] Program TokenzQdBNbLqP5VEhdkAS6EPFLC1PHnBqCXEpPxuEb invoke [2]
[2025-11-05T06:35:25.304600000Z DEBUG solana_runtime::message_processor::stable_log] Program log: MetadataPointerInstruction::Initialize
[2025-11-05T06:35:25.304640000Z DEBUG solana_runtime::message_processor::stable_log] Program TokenzQdBNbLqP5VEhdkAS6EPFLC1PHnBqCXEpPxuEb consumed 2442 of 334481 compute units
[2025-11-05T06:35:25.304657000Z DEBUG solana_runtime::message_processor::stable_log] Program TokenzQdBNbLqP5VEhdkAS6EPFLC1PHnBqCXEpPxuEb success
[2025-11-05T06:35:25.304695000Z DEBUG solana_runtime::message_processor::stable_log] Program TokenzQdBNbLqP5VEhdkAS6EPFLC1PHnBqCXEpPxuEb invoke [2]
[2025-11-05T06:35:25.304719000Z DEBUG solana_runtime::message_processor::stable_log] Program log: Instruction: InitializeMintCloseAuthority
[2025-11-05T06:35:25.304754000Z DEBUG solana_runtime::message_processor::stable_log] Program TokenzQdBNbLqP5VEhdkAS6EPFLC1PHnBqCXEpPxuEb consumed 2570 of 330061 compute units
[2025-11-05T06:35:25.304762000Z DEBUG solana_runtime::message_processor::stable_log] Program TokenzQdBNbLqP5VEhdkAS6EPFLC1PHnBqCXEpPxuEb success
[2025-11-05T06:35:25.304794000Z DEBUG solana_runtime::message_processor::stable_log] Program TokenzQdBNbLqP5VEhdkAS6EPFLC1PHnBqCXEpPxuEb invoke [2]
[2025-11-05T06:35:25.304827000Z DEBUG solana_runtime::message_processor::stable_log] Program log: Instruction: InitializeMint2
[2025-11-05T06:35:25.304892000Z DEBUG solana_runtime::message_processor::stable_log] Program TokenzQdBNbLqP5VEhdkAS6EPFLC1PHnBqCXEpPxuEb consumed 4078 of 325549 compute units
[2025-11-05T06:35:25.304904000Z DEBUG solana_runtime::message_processor::stable_log] Program TokenzQdBNbLqP5VEhdkAS6EPFLC1PHnBqCXEpPxuEb success
[2025-11-05T06:35:25.305049000Z DEBUG solana_runtime::message_processor::stable_log] Program 11111111111111111111111111111111 invoke [2]
[2025-11-05T06:35:25.305058000Z DEBUG solana_runtime::message_processor::stable_log] Program 11111111111111111111111111111111 success
[2025-11-05T06:35:25.305089000Z DEBUG solana_runtime::message_processor::stable_log] Program TokenzQdBNbLqP5VEhdkAS6EPFLC1PHnBqCXEpPxuEb invoke [2]
[2025-11-05T06:35:25.305120000Z DEBUG solana_runtime::message_processor::stable_log] Program log: Instruction: InitializeAccount3
[2025-11-05T06:35:25.305203000Z DEBUG solana_runtime::message_processor::stable_log] Program TokenzQdBNbLqP5VEhdkAS6EPFLC1PHnBqCXEpPxuEb consumed 5137 of 311865 compute units
[2025-11-05T06:35:25.305212000Z DEBUG solana_runtime::message_processor::stable_log] Program TokenzQdBNbLqP5VEhdkAS6EPFLC1PHnBqCXEpPxuEb success
[2025-11-05T06:35:25.305322000Z DEBUG solana_runtime::message_processor::stable_log] Program 11111111111111111111111111111111 invoke [2]
[2025-11-05T06:35:25.305328000Z DEBUG solana_runtime::message_processor::stable_log] Program 11111111111111111111111111111111 success
[2025-11-05T06:35:25.305407000Z DEBUG solana_runtime::message_processor::stable_log] Program 11111111111111111111111111111111 invoke [2]
[2025-11-05T06:35:25.305411000Z DEBUG solana_runtime::message_processor::stable_log] Program 11111111111111111111111111111111 success
[2025-11-05T06:35:25.305574000Z DEBUG solana_runtime::message_processor::stable_log] Program 11111111111111111111111111111111 invoke [2]
[2025-11-05T06:35:25.305585000Z DEBUG solana_runtime::message_processor::stable_log] Program 11111111111111111111111111111111 success
[2025-11-05T06:35:25.305622000Z DEBUG solana_runtime::message_processor::stable_log] Program TokenzQdBNbLqP5VEhdkAS6EPFLC1PHnBqCXEpPxuEb invoke [2]
[2025-11-05T06:35:25.305659000Z DEBUG solana_runtime::message_processor::stable_log] Program log: Instruction: InitializeAccount3
[2025-11-05T06:35:25.305757000Z DEBUG solana_runtime::message_processor::stable_log] Program TokenzQdBNbLqP5VEhdkAS6EPFLC1PHnBqCXEpPxuEb consumed 5379 of 280995 compute units
[2025-11-05T06:35:25.305768000Z DEBUG solana_runtime::message_processor::stable_log] Program TokenzQdBNbLqP5VEhdkAS6EPFLC1PHnBqCXEpPxuEb success
[2025-11-05T06:35:25.305914000Z DEBUG solana_runtime::message_processor::stable_log] Program 11111111111111111111111111111111 invoke [2]
[2025-11-05T06:35:25.305919000Z DEBUG solana_runtime::message_processor::stable_log] Program 11111111111111111111111111111111 success
[2025-11-05T06:35:25.305951000Z DEBUG solana_runtime::message_processor::stable_log] Program TokenzQdBNbLqP5VEhdkAS6EPFLC1PHnBqCXEpPxuEb invoke [2]
[2025-11-05T06:35:25.305979000Z DEBUG solana_runtime::message_processor::stable_log] Program log: Instruction: InitializeAccount3
[2025-11-05T06:35:25.306066000Z DEBUG solana_runtime::message_processor::stable_log] Program TokenzQdBNbLqP5VEhdkAS6EPFLC1PHnBqCXEpPxuEb consumed 5379 of 263910 compute units
[2025-11-05T06:35:25.306098000Z DEBUG solana_runtime::message_processor::stable_log] Program TokenzQdBNbLqP5VEhdkAS6EPFLC1PHnBqCXEpPxuEb success
[2025-11-05T06:35:25.306371000Z DEBUG solana_runtime::message_processor::stable_log] Program TokenzQdBNbLqP5VEhdkAS6EPFLC1PHnBqCXEpPxuEb invoke [2]
[2025-11-05T06:35:25.306431000Z DEBUG solana_runtime::message_processor::stable_log] Program log: TokenMetadataInstruction: Initialize
[2025-11-05T06:35:25.306584000Z DEBUG solana_runtime::message_processor::stable_log] Program TokenzQdBNbLqP5VEhdkAS6EPFLC1PHnBqCXEpPxuEb consumed 9900 of 244287 compute units
[2025-11-05T06:35:25.306595000Z DEBUG solana_runtime::message_processor::stable_log] Program TokenzQdBNbLqP5VEhdkAS6EPFLC1PHnBqCXEpPxuEb success
[2025-11-05T06:35:25.306641000Z DEBUG solana_runtime::message_processor::stable_log] Program 11111111111111111111111111111111 invoke [2]
[2025-11-05T06:35:25.306644000Z DEBUG solana_runtime::message_processor::stable_log] Program 11111111111111111111111111111111 success
[2025-11-05T06:35:25.306722000Z DEBUG solana_runtime::message_processor::stable_log] Program TokenzQdBNbLqP5VEhdkAS6EPFLC1PHnBqCXEpPxuEb invoke [2]
[2025-11-05T06:35:25.306769000Z DEBUG solana_runtime::message_processor::stable_log] Program log: Instruction: MintTo
[2025-11-05T06:35:25.306924000Z DEBUG solana_runtime::message_processor::stable_log] Program TokenzQdBNbLqP5VEhdkAS6EPFLC1PHnBqCXEpPxuEb consumed 5540 of 229325 compute units
[2025-11-05T06:35:25.306951000Z DEBUG solana_runtime::message_processor::stable_log] Program TokenzQdBNbLqP5VEhdkAS6EPFLC1PHnBqCXEpPxuEb success
[2025-11-05T06:35:25.307035000Z DEBUG solana_runtime::message_processor::stable_log] Program ASmKWt93JEMHxbdE6j7znD9y2FcdPboCzC3xtSTJvN7S invoke [2]
[2025-11-05T06:35:25.307093000Z DEBUG solana_runtime::message_processor::stable_log] Program ASmKWt93JEMHxbdE6j7znD9y2FcdPboCzC3xtSTJvN7S consumed 2069 of 220720 compute units
[2025-11-05T06:35:25.307105000Z DEBUG solana_runtime::message_processor::stable_log] Program ASmKWt93JEMHxbdE6j7znD9y2FcdPboCzC3xtSTJvN7S success
[2025-11-05T06:35:25.307229000Z DEBUG solana_runtime::message_processor::stable_log] Program TokenzQdBNbLqP5VEhdkAS6EPFLC1PHnBqCXEpPxuEb invoke [2]
[2025-11-05T06:35:25.307267000Z DEBUG solana_runtime::message_processor::stable_log] Program log: Instruction: TransferChecked
[2025-11-05T06:35:25.307432000Z DEBUG solana_runtime::message_processor::stable_log] Program TokenzQdBNbLqP5VEhdkAS6EPFLC1PHnBqCXEpPxuEb consumed 9156 of 212042 compute units
[2025-11-05T06:35:25.307443000Z DEBUG solana_runtime::message_processor::stable_log] Program TokenzQdBNbLqP5VEhdkAS6EPFLC1PHnBqCXEpPxuEb success
[2025-11-05T06:35:25.307490000Z DEBUG solana_runtime::message_processor::stable_log] Program TokenzQdBNbLqP5VEhdkAS6EPFLC1PHnBqCXEpPxuEb invoke [2]
[2025-11-05T06:35:25.307523000Z DEBUG solana_runtime::message_processor::stable_log] Program log: Instruction: TransferChecked
[2025-11-05T06:35:25.307678000Z DEBUG solana_runtime::message_processor::stable_log] Program TokenzQdBNbLqP5VEhdkAS6EPFLC1PHnBqCXEpPxuEb consumed 9167 of 200481 compute units
[2025-11-05T06:35:25.307689000Z DEBUG solana_runtime::message_processor::stable_log] Program TokenzQdBNbLqP5VEhdkAS6EPFLC1PHnBqCXEpPxuEb success
[2025-11-05T06:35:25.307774000Z DEBUG solana_runtime::message_processor::stable_log] Program ASmKWt93JEMHxbdE6j7znD9y2FcdPboCzC3xtSTJvN7S invoke [2]
[2025-11-05T06:35:25.307815000Z DEBUG solana_runtime::message_processor::stable_log] Program ASmKWt93JEMHxbdE6j7znD9y2FcdPboCzC3xtSTJvN7S consumed 2069 of 186233 compute units
[2025-11-05T06:35:25.307823000Z DEBUG solana_runtime::message_processor::stable_log] Program ASmKWt93JEMHxbdE6j7znD9y2FcdPboCzC3xtSTJvN7S success
[2025-11-05T06:35:25.307850000Z DEBUG solana_runtime::message_processor::stable_log] Program ASmKWt93JEMHxbdE6j7znD9y2FcdPboCzC3xtSTJvN7S consumed 166623 of 350000 compute units
[2025-11-05T06:35:25.307862000Z DEBUG solana_runtime::message_processor::stable_log] Program ASmKWt93JEMHxbdE6j7znD9y2FcdPboCzC3xtSTJvN7S success
[2025-11-05T06:35:25.307870000Z DEBUG solana_runtime::message_processor::stable_log] Program ComputeBudget111111111111111111111111111111 invoke [1]
[2025-11-05T06:35:25.307878000Z DEBUG solana_runtime::message_processor::stable_log] Program ComputeBudget111111111111111111111111111111 success
[2025-11-05T06:35:25.339781000Z DEBUG solana_runtime::message_processor::stable_log] Program ASmKWt93JEMHxbdE6j7znD9y2FcdPboCzC3xtSTJvN7S invoke [1]
[2025-11-05T06:35:25.339885000Z DEBUG solana_runtime::message_processor::stable_log] Program log: Instruction: CreatePosition
[2025-11-05T06:35:25.339964000Z DEBUG solana_runtime::message_processor::stable_log] Program 11111111111111111111111111111111 invoke [2]
[2025-11-05T06:35:25.339973000Z DEBUG solana_runtime::message_processor::stable_log] Program 11111111111111111111111111111111 success
[2025-11-05T06:35:25.340009000Z DEBUG solana_runtime::message_processor::stable_log] Program TokenzQdBNbLqP5VEhdkAS6EPFLC1PHnBqCXEpPxuEb invoke [2]
[2025-11-05T06:35:25.340051000Z DEBUG solana_runtime::message_processor::stable_log] Program log: MetadataPointerInstruction::Initialize
[2025-11-05T06:35:25.340090000Z DEBUG solana_runtime::message_processor::stable_log] Program TokenzQdBNbLqP5VEhdkAS6EPFLC1PHnBqCXEpPxuEb consumed 2442 of 191116 compute units
[2025-11-05T06:35:25.340100000Z DEBUG solana_runtime::message_processor::stable_log] Program TokenzQdBNbLqP5VEhdkAS6EPFLC1PHnBqCXEpPxuEb success
[2025-11-05T06:35:25.340133000Z DEBUG solana_runtime::message_processor::stable_log] Program TokenzQdBNbLqP5VEhdkAS6EPFLC1PHnBqCXEpPxuEb invoke [2]
[2025-11-05T06:35:25.340157000Z DEBUG solana_runtime::message_processor::stable_log] Program log: Instruction: InitializeMintCloseAuthority
[2025-11-05T06:35:25.340312000Z DEBUG solana_runtime::message_processor::stable_log] Program TokenzQdBNbLqP5VEhdkAS6EPFLC1PHnBqCXEpPxuEb consumed 2570 of 186696 compute units
[2025-11-05T06:35:25.340324000Z DEBUG solana_runtime::message_processor::stable_log] Program TokenzQdBNbLqP5VEhdkAS6EPFLC1PHnBqCXEpPxuEb success
[2025-11-05T06:35:25.340359000Z DEBUG solana_runtime::message_processor::stable_log] Program TokenzQdBNbLqP5VEhdkAS6EPFLC1PHnBqCXEpPxuEb invoke [2]
[2025-11-05T06:35:25.340391000Z DEBUG solana_runtime::message_processor::stable_log] Program log: Instruction: InitializeMint2
[2025-11-05T06:35:25.340456000Z DEBUG solana_runtime::message_processor::stable_log] Program TokenzQdBNbLqP5VEhdkAS6EPFLC1PHnBqCXEpPxuEb consumed 4078 of 182183 compute units
[2025-11-05T06:35:25.340464000Z DEBUG solana_runtime::message_processor::stable_log] Program TokenzQdBNbLqP5VEhdkAS6EPFLC1PHnBqCXEpPxuEb success
[2025-11-05T06:35:25.340595000Z DEBUG solana_runtime::message_processor::stable_log] Program 11111111111111111111111111111111 invoke [2]
[2025-11-05T06:35:25.340601000Z DEBUG solana_runtime::message_processor::stable_log] Program 11111111111111111111111111111111 success
[2025-11-05T06:35:25.340633000Z DEBUG solana_runtime::message_processor::stable_log] Program TokenzQdBNbLqP5VEhdkAS6EPFLC1PHnBqCXEpPxuEb invoke [2]
[2025-11-05T06:35:25.340661000Z DEBUG solana_runtime::message_processor::stable_log] Program log: Instruction: InitializeAccount3
[2025-11-05T06:35:25.340744000Z DEBUG solana_runtime::message_processor::stable_log] Program TokenzQdBNbLqP5VEhdkAS6EPFLC1PHnBqCXEpPxuEb consumed 5137 of 168499 compute units
[2025-11-05T06:35:25.340752000Z DEBUG solana_runtime::message_processor::stable_log] Program TokenzQdBNbLqP5VEhdkAS6EPFLC1PHnBqCXEpPxuEb success
[2025-11-05T06:35:25.340899000Z DEBUG solana_runtime::message_processor::stable_log] Program 11111111111111111111111111111111 invoke [2]
[2025-11-05T06:35:25.340903000Z DEBUG solana_runtime::message_processor::stable_log] Program 11111111111111111111111111111111 success
[2025-11-05T06:35:25.341025000Z DEBUG solana_runtime::message_processor::stable_log] Program TokenzQdBNbLqP5VEhdkAS6EPFLC1PHnBqCXEpPxuEb invoke [2]
[2025-11-05T06:35:25.341082000Z DEBUG solana_runtime::message_processor::stable_log] Program log: TokenMetadataInstruction: Initialize
[2025-11-05T06:35:25.341218000Z DEBUG solana_runtime::message_processor::stable_log] Program TokenzQdBNbLqP5VEhdkAS6EPFLC1PHnBqCXEpPxuEb consumed 9900 of 141269 compute units
[2025-11-05T06:35:25.341228000Z DEBUG solana_runtime::message_processor::stable_log] Program TokenzQdBNbLqP5VEhdkAS6EPFLC1PHnBqCXEpPxuEb success
[2025-11-05T06:35:25.341272000Z DEBUG solana_runtime::message_processor::stable_log] Program 11111111111111111111111111111111 invoke [2]
[2025-11-05T06:35:25.341275000Z DEBUG solana_runtime::message_processor::stable_log] Program 11111111111111111111111111111111 success
[2025-11-05T06:35:25.341318000Z DEBUG solana_runtime::message_processor::stable_log] Program TokenzQdBNbLqP5VEhdkAS6EPFLC1PHnBqCXEpPxuEb invoke [2]
[2025-11-05T06:35:25.341350000Z DEBUG solana_runtime::message_processor::stable_log] Program log: Instruction: MintTo
[2025-11-05T06:35:25.341429000Z DEBUG solana_runtime::message_processor::stable_log] Program TokenzQdBNbLqP5VEhdkAS6EPFLC1PHnBqCXEpPxuEb consumed 5540 of 126307 compute units
[2025-11-05T06:35:25.341438000Z DEBUG solana_runtime::message_processor::stable_log] Program TokenzQdBNbLqP5VEhdkAS6EPFLC1PHnBqCXEpPxuEb success
[2025-11-05T06:35:25.341508000Z DEBUG solana_runtime::message_processor::stable_log] Program ASmKWt93JEMHxbdE6j7znD9y2FcdPboCzC3xtSTJvN7S invoke [2]
[2025-11-05T06:35:25.341618000Z DEBUG solana_runtime::message_processor::stable_log] Program ASmKWt93JEMHxbdE6j7znD9y2FcdPboCzC3xtSTJvN7S consumed 2069 of 117701 compute units
[2025-11-05T06:35:25.341632000Z DEBUG solana_runtime::message_processor::stable_log] Program ASmKWt93JEMHxbdE6j7znD9y2FcdPboCzC3xtSTJvN7S success
[2025-11-05T06:35:25.341654000Z DEBUG solana_runtime::message_processor::stable_log] Program ASmKWt93JEMHxbdE6j7znD9y2FcdPboCzC3xtSTJvN7S consumed 84933 of 200000 compute units
[2025-11-05T06:35:25.341665000Z DEBUG solana_runtime::message_processor::stable_log] Program ASmKWt93JEMHxbdE6j7znD9y2FcdPboCzC3xtSTJvN7S success
[2025-11-05T06:35:25.383848000Z DEBUG solana_runtime::message_processor::stable_log] Program ASmKWt93JEMHxbdE6j7znD9y2FcdPboCzC3xtSTJvN7S invoke [1]
[2025-11-05T06:35:25.383970000Z DEBUG solana_runtime::message_processor::stable_log] Program log: Instruction: AddLiquidity
[2025-11-05T06:35:25.384813000Z DEBUG solana_runtime::message_processor::stable_log] Program TokenzQdBNbLqP5VEhdkAS6EPFLC1PHnBqCXEpPxuEb invoke [2]
[2025-11-05T06:35:25.384860000Z DEBUG solana_runtime::message_processor::stable_log] Program log: Instruction: TransferChecked
[2025-11-05T06:35:25.385017000Z DEBUG solana_runtime::message_processor::stable_log] Program TokenzQdBNbLqP5VEhdkAS6EPFLC1PHnBqCXEpPxuEb consumed 9156 of 173724 compute units
[2025-11-05T06:35:25.385030000Z DEBUG solana_runtime::message_processor::stable_log] Program TokenzQdBNbLqP5VEhdkAS6EPFLC1PHnBqCXEpPxuEb success
[2025-11-05T06:35:25.385078000Z DEBUG solana_runtime::message_processor::stable_log] Program TokenzQdBNbLqP5VEhdkAS6EPFLC1PHnBqCXEpPxuEb invoke [2]
[2025-11-05T06:35:25.385119000Z DEBUG solana_runtime::message_processor::stable_log] Program log: Instruction: TransferChecked
[2025-11-05T06:35:25.385252000Z DEBUG solana_runtime::message_processor::stable_log] Program TokenzQdBNbLqP5VEhdkAS6EPFLC1PHnBqCXEpPxuEb consumed 9167 of 162163 compute units
[2025-11-05T06:35:25.385263000Z DEBUG solana_runtime::message_processor::stable_log] Program TokenzQdBNbLqP5VEhdkAS6EPFLC1PHnBqCXEpPxuEb success
[2025-11-05T06:35:25.385378000Z DEBUG solana_runtime::message_processor::stable_log] Program ASmKWt93JEMHxbdE6j7znD9y2FcdPboCzC3xtSTJvN7S invoke [2]
[2025-11-05T06:35:25.385421000Z DEBUG solana_runtime::message_processor::stable_log] Program ASmKWt93JEMHxbdE6j7znD9y2FcdPboCzC3xtSTJvN7S consumed 2069 of 149742 compute units
[2025-11-05T06:35:25.385433000Z DEBUG solana_runtime::message_processor::stable_log] Program ASmKWt93JEMHxbdE6j7znD9y2FcdPboCzC3xtSTJvN7S success
[2025-11-05T06:35:25.385552000Z DEBUG solana_runtime::message_processor::stable_log] Program ASmKWt93JEMHxbdE6j7znD9y2FcdPboCzC3xtSTJvN7S invoke [2]
[2025-11-05T06:35:25.385585000Z DEBUG solana_runtime::message_processor::stable_log] Program ASmKWt93JEMHxbdE6j7znD9y2FcdPboCzC3xtSTJvN7S consumed 2069 of 140972 compute units
[2025-11-05T06:35:25.385593000Z DEBUG solana_runtime::message_processor::stable_log] Program ASmKWt93JEMHxbdE6j7znD9y2FcdPboCzC3xtSTJvN7S success
[2025-11-05T06:35:25.385672000Z DEBUG solana_runtime::message_processor::stable_log] Program ASmKWt93JEMHxbdE6j7znD9y2FcdPboCzC3xtSTJvN7S consumed 61738 of 200000 compute units
[2025-11-05T06:35:25.385974000Z DEBUG solana_runtime::message_processor::stable_log] Program ASmKWt93JEMHxbdE6j7znD9y2FcdPboCzC3xtSTJvN7S success
      Lock position
[2025-11-05T06:35:25.433137000Z DEBUG solana_runtime::message_processor::stable_log] Program ASmKWt93JEMHxbdE6j7znD9y2FcdPboCzC3xtSTJvN7S invoke [1]
[2025-11-05T06:35:25.433252000Z DEBUG solana_runtime::message_processor::stable_log] Program log: Instruction: LockPosition
[2025-11-05T06:35:25.433370000Z DEBUG solana_runtime::message_processor::stable_log] Program 11111111111111111111111111111111 invoke [2]
[2025-11-05T06:35:25.433379000Z DEBUG solana_runtime::message_processor::stable_log] Program 11111111111111111111111111111111 success
[2025-11-05T06:35:25.433507000Z DEBUG solana_runtime::message_processor::stable_log] Program ASmKWt93JEMHxbdE6j7znD9y2FcdPboCzC3xtSTJvN7S invoke [2]
[2025-11-05T06:35:25.433553000Z DEBUG solana_runtime::message_processor::stable_log] Program ASmKWt93JEMHxbdE6j7znD9y2FcdPboCzC3xtSTJvN7S consumed 2069 of 185297 compute units
[2025-11-05T06:35:25.433569000Z DEBUG solana_runtime::message_processor::stable_log] Program ASmKWt93JEMHxbdE6j7znD9y2FcdPboCzC3xtSTJvN7S success
[2025-11-05T06:35:25.433589000Z DEBUG solana_runtime::message_processor::stable_log] Program ASmKWt93JEMHxbdE6j7znD9y2FcdPboCzC3xtSTJvN7S consumed 17277 of 200000 compute units
[2025-11-05T06:35:25.433600000Z DEBUG solana_runtime::message_processor::stable_log] Program ASmKWt93JEMHxbdE6j7znD9y2FcdPboCzC3xtSTJvN7S success
        ✔ Partial lock position (63ms)
[2025-11-05T06:35:25.478527000Z DEBUG solana_runtime::message_processor::stable_log] Program ASmKWt93JEMHxbdE6j7znD9y2FcdPboCzC3xtSTJvN7S invoke [1]
[2025-11-05T06:35:25.478649000Z DEBUG solana_runtime::message_processor::stable_log] Program log: Instruction: Swap
[2025-11-05T06:35:25.479077000Z DEBUG solana_runtime::message_processor::stable_log] Program TokenzQdBNbLqP5VEhdkAS6EPFLC1PHnBqCXEpPxuEb invoke [2]
[2025-11-05T06:35:25.479124000Z DEBUG solana_runtime::message_processor::stable_log] Program log: Instruction: TransferChecked
[2025-11-05T06:35:25.479280000Z DEBUG solana_runtime::message_processor::stable_log] Program TokenzQdBNbLqP5VEhdkAS6EPFLC1PHnBqCXEpPxuEb consumed 9156 of 175729 compute units
[2025-11-05T06:35:25.479296000Z DEBUG solana_runtime::message_processor::stable_log] Program TokenzQdBNbLqP5VEhdkAS6EPFLC1PHnBqCXEpPxuEb success
[2025-11-05T06:35:25.479355000Z DEBUG solana_runtime::message_processor::stable_log] Program TokenzQdBNbLqP5VEhdkAS6EPFLC1PHnBqCXEpPxuEb invoke [2]
[2025-11-05T06:35:25.479389000Z DEBUG solana_runtime::message_processor::stable_log] Program log: Instruction: TransferChecked
[2025-11-05T06:35:25.479515000Z DEBUG solana_runtime::message_processor::stable_log] Program TokenzQdBNbLqP5VEhdkAS6EPFLC1PHnBqCXEpPxuEb consumed 8762 of 164114 compute units
[2025-11-05T06:35:25.479525000Z DEBUG solana_runtime::message_processor::stable_log] Program TokenzQdBNbLqP5VEhdkAS6EPFLC1PHnBqCXEpPxuEb success
[2025-11-05T06:35:25.479707000Z DEBUG solana_runtime::message_processor::stable_log] Program ASmKWt93JEMHxbdE6j7znD9y2FcdPboCzC3xtSTJvN7S invoke [2]
[2025-11-05T06:35:25.479749000Z DEBUG solana_runtime::message_processor::stable_log] Program ASmKWt93JEMHxbdE6j7znD9y2FcdPboCzC3xtSTJvN7S consumed 2069 of 149052 compute units
[2025-11-05T06:35:25.479765000Z DEBUG solana_runtime::message_processor::stable_log] Program ASmKWt93JEMHxbdE6j7znD9y2FcdPboCzC3xtSTJvN7S success
[2025-11-05T06:35:25.479825000Z DEBUG solana_runtime::message_processor::stable_log] Program ASmKWt93JEMHxbdE6j7znD9y2FcdPboCzC3xtSTJvN7S invoke [2]
[2025-11-05T06:35:25.479858000Z DEBUG solana_runtime::message_processor::stable_log] Program ASmKWt93JEMHxbdE6j7znD9y2FcdPboCzC3xtSTJvN7S consumed 2069 of 143354 compute units
[2025-11-05T06:35:25.479870000Z DEBUG solana_runtime::message_processor::stable_log] Program ASmKWt93JEMHxbdE6j7znD9y2FcdPboCzC3xtSTJvN7S success
[2025-11-05T06:35:25.479891000Z DEBUG solana_runtime::message_processor::stable_log] Program ASmKWt93JEMHxbdE6j7znD9y2FcdPboCzC3xtSTJvN7S consumed 59249 of 200000 compute units
[2025-11-05T06:35:25.479901000Z DEBUG solana_runtime::message_processor::stable_log] Program ASmKWt93JEMHxbdE6j7znD9y2FcdPboCzC3xtSTJvN7S success
[2025-11-05T06:35:25.505995000Z DEBUG solana_runtime::message_processor::stable_log] Program ASmKWt93JEMHxbdE6j7znD9y2FcdPboCzC3xtSTJvN7S invoke [1]
[2025-11-05T06:35:25.506118000Z DEBUG solana_runtime::message_processor::stable_log] Program log: Instruction: ClaimPositionFee
[2025-11-05T06:35:25.506385000Z DEBUG solana_runtime::message_processor::stable_log] Program ASmKWt93JEMHxbdE6j7znD9y2FcdPboCzC3xtSTJvN7S invoke [2]
[2025-11-05T06:35:25.506425000Z DEBUG solana_runtime::message_processor::stable_log] Program ASmKWt93JEMHxbdE6j7znD9y2FcdPboCzC3xtSTJvN7S consumed 2069 of 180617 compute units
[2025-11-05T06:35:25.506437000Z DEBUG solana_runtime::message_processor::stable_log] Program ASmKWt93JEMHxbdE6j7znD9y2FcdPboCzC3xtSTJvN7S success
[2025-11-05T06:35:25.506583000Z DEBUG solana_runtime::message_processor::stable_log] Program ASmKWt93JEMHxbdE6j7znD9y2FcdPboCzC3xtSTJvN7S consumed 21993 of 200000 compute units
[2025-11-05T06:35:25.506593000Z DEBUG solana_runtime::message_processor::stable_log] Program ASmKWt93JEMHxbdE6j7znD9y2FcdPboCzC3xtSTJvN7S success
        ✔ Able to claim fee (57ms)
[2025-11-05T06:35:25.533813000Z DEBUG solana_runtime::message_processor::stable_log] Program ASmKWt93JEMHxbdE6j7znD9y2FcdPboCzC3xtSTJvN7S invoke [1]
[2025-11-05T06:35:25.533890000Z DEBUG solana_runtime::message_processor::stable_log] Program log: Instruction: RefreshVesting
[2025-11-05T06:35:25.533967000Z DEBUG solana_runtime::message_processor::stable_log] Program ASmKWt93JEMHxbdE6j7znD9y2FcdPboCzC3xtSTJvN7S consumed 4526 of 200000 compute units
[2025-11-05T06:35:25.533980000Z DEBUG solana_runtime::message_processor::stable_log] Program ASmKWt93JEMHxbdE6j7znD9y2FcdPboCzC3xtSTJvN7S success
        ✔ Cliff point
[2025-11-05T06:35:25.568309000Z DEBUG solana_runtime::message_processor::stable_log] Program ASmKWt93JEMHxbdE6j7znD9y2FcdPboCzC3xtSTJvN7S invoke [1]
[2025-11-05T06:35:25.568394000Z DEBUG solana_runtime::message_processor::stable_log] Program log: Instruction: RefreshVesting
[2025-11-05T06:35:25.568478000Z DEBUG solana_runtime::message_processor::stable_log] Program ASmKWt93JEMHxbdE6j7znD9y2FcdPboCzC3xtSTJvN7S consumed 4526 of 200000 compute units
[2025-11-05T06:35:25.568492000Z DEBUG solana_runtime::message_processor::stable_log] Program ASmKWt93JEMHxbdE6j7znD9y2FcdPboCzC3xtSTJvN7S success
[2025-11-05T06:35:25.595532000Z DEBUG solana_runtime::message_processor::stable_log] Program ASmKWt93JEMHxbdE6j7znD9y2FcdPboCzC3xtSTJvN7S invoke [1]
[2025-11-05T06:35:25.595608000Z DEBUG solana_runtime::message_processor::stable_log] Program log: Instruction: RefreshVesting
[2025-11-05T06:35:25.595687000Z DEBUG solana_runtime::message_processor::stable_log] Program ASmKWt93JEMHxbdE6j7znD9y2FcdPboCzC3xtSTJvN7S consumed 4526 of 200000 compute units
[2025-11-05T06:35:25.595699000Z DEBUG solana_runtime::message_processor::stable_log] Program ASmKWt93JEMHxbdE6j7znD9y2FcdPboCzC3xtSTJvN7S success
[2025-11-05T06:35:25.637422000Z DEBUG solana_runtime::message_processor::stable_log] Program ASmKWt93JEMHxbdE6j7znD9y2FcdPboCzC3xtSTJvN7S invoke [1]
[2025-11-05T06:35:25.637504000Z DEBUG solana_runtime::message_processor::stable_log] Program log: Instruction: RefreshVesting
[2025-11-05T06:35:25.637584000Z DEBUG solana_runtime::message_processor::stable_log] Program ASmKWt93JEMHxbdE6j7znD9y2FcdPboCzC3xtSTJvN7S consumed 4526 of 200000 compute units
[2025-11-05T06:35:25.637596000Z DEBUG solana_runtime::message_processor::stable_log] Program ASmKWt93JEMHxbdE6j7znD9y2FcdPboCzC3xtSTJvN7S success
[2025-11-05T06:35:25.675176000Z DEBUG solana_runtime::message_processor::stable_log] Program ASmKWt93JEMHxbdE6j7znD9y2FcdPboCzC3xtSTJvN7S invoke [1]
[2025-11-05T06:35:25.675248000Z DEBUG solana_runtime::message_processor::stable_log] Program log: Instruction: RefreshVesting
[2025-11-05T06:35:25.675326000Z DEBUG solana_runtime::message_processor::stable_log] Program ASmKWt93JEMHxbdE6j7znD9y2FcdPboCzC3xtSTJvN7S consumed 4526 of 200000 compute units
[2025-11-05T06:35:25.675340000Z DEBUG solana_runtime::message_processor::stable_log] Program ASmKWt93JEMHxbdE6j7znD9y2FcdPboCzC3xtSTJvN7S success
[2025-11-05T06:35:25.709244000Z DEBUG solana_runtime::message_processor::stable_log] Program ASmKWt93JEMHxbdE6j7znD9y2FcdPboCzC3xtSTJvN7S invoke [1]
[2025-11-05T06:35:25.709327000Z DEBUG solana_runtime::message_processor::stable_log] Program log: Instruction: RefreshVesting
[2025-11-05T06:35:25.709412000Z DEBUG solana_runtime::message_processor::stable_log] Program ASmKWt93JEMHxbdE6j7znD9y2FcdPboCzC3xtSTJvN7S consumed 4526 of 200000 compute units
[2025-11-05T06:35:25.709428000Z DEBUG solana_runtime::message_processor::stable_log] Program ASmKWt93JEMHxbdE6j7znD9y2FcdPboCzC3xtSTJvN7S success
[2025-11-05T06:35:25.738227000Z DEBUG solana_runtime::message_processor::stable_log] Program ASmKWt93JEMHxbdE6j7znD9y2FcdPboCzC3xtSTJvN7S invoke [1]
[2025-11-05T06:35:25.738299000Z DEBUG solana_runtime::message_processor::stable_log] Program log: Instruction: RefreshVesting
[2025-11-05T06:35:25.738372000Z DEBUG solana_runtime::message_processor::stable_log] Program ASmKWt93JEMHxbdE6j7znD9y2FcdPboCzC3xtSTJvN7S consumed 4526 of 200000 compute units
[2025-11-05T06:35:25.738385000Z DEBUG solana_runtime::message_processor::stable_log] Program ASmKWt93JEMHxbdE6j7znD9y2FcdPboCzC3xtSTJvN7S success
[2025-11-05T06:35:25.763891000Z DEBUG solana_runtime::message_processor::stable_log] Program ASmKWt93JEMHxbdE6j7znD9y2FcdPboCzC3xtSTJvN7S invoke [1]
[2025-11-05T06:35:25.763968000Z DEBUG solana_runtime::message_processor::stable_log] Program log: Instruction: RefreshVesting
[2025-11-05T06:35:25.764041000Z DEBUG solana_runtime::message_processor::stable_log] Program ASmKWt93JEMHxbdE6j7znD9y2FcdPboCzC3xtSTJvN7S consumed 4526 of 200000 compute units
[2025-11-05T06:35:25.764052000Z DEBUG solana_runtime::message_processor::stable_log] Program ASmKWt93JEMHxbdE6j7znD9y2FcdPboCzC3xtSTJvN7S success
[2025-11-05T06:35:25.788923000Z DEBUG solana_runtime::message_processor::stable_log] Program ASmKWt93JEMHxbdE6j7znD9y2FcdPboCzC3xtSTJvN7S invoke [1]
[2025-11-05T06:35:25.788999000Z DEBUG solana_runtime::message_processor::stable_log] Program log: Instruction: RefreshVesting
[2025-11-05T06:35:25.789075000Z DEBUG solana_runtime::message_processor::stable_log] Program ASmKWt93JEMHxbdE6j7znD9y2FcdPboCzC3xtSTJvN7S consumed 4526 of 200000 compute units
[2025-11-05T06:35:25.789088000Z DEBUG solana_runtime::message_processor::stable_log] Program ASmKWt93JEMHxbdE6j7znD9y2FcdPboCzC3xtSTJvN7S success
[2025-11-05T06:35:25.811884000Z DEBUG solana_runtime::message_processor::stable_log] Program ASmKWt93JEMHxbdE6j7znD9y2FcdPboCzC3xtSTJvN7S invoke [1]
[2025-11-05T06:35:25.811966000Z DEBUG solana_runtime::message_processor::stable_log] Program log: Instruction: RefreshVesting
[2025-11-05T06:35:25.812044000Z DEBUG solana_runtime::message_processor::stable_log] Program ASmKWt93JEMHxbdE6j7znD9y2FcdPboCzC3xtSTJvN7S consumed 4526 of 200000 compute units
[2025-11-05T06:35:25.812056000Z DEBUG solana_runtime::message_processor::stable_log] Program ASmKWt93JEMHxbdE6j7znD9y2FcdPboCzC3xtSTJvN7S success
[2025-11-05T06:35:25.836190000Z DEBUG solana_runtime::message_processor::stable_log] Program ASmKWt93JEMHxbdE6j7znD9y2FcdPboCzC3xtSTJvN7S invoke [1]
[2025-11-05T06:35:25.836272000Z DEBUG solana_runtime::message_processor::stable_log] Program log: Instruction: RefreshVesting
[2025-11-05T06:35:25.836361000Z DEBUG solana_runtime::message_processor::stable_log] Program ASmKWt93JEMHxbdE6j7znD9y2FcdPboCzC3xtSTJvN7S consumed 4735 of 200000 compute units
[2025-11-05T06:35:25.836373000Z DEBUG solana_runtime::message_processor::stable_log] Program ASmKWt93JEMHxbdE6j7znD9y2FcdPboCzC3xtSTJvN7S success
        ✔ Withdraw period (302ms)
[2025-11-05T06:35:25.861781000Z DEBUG solana_runtime::message_processor::stable_log] Program ASmKWt93JEMHxbdE6j7znD9y2FcdPboCzC3xtSTJvN7S invoke [1]
[2025-11-05T06:35:25.861880000Z DEBUG solana_runtime::message_processor::stable_log] Program log: Instruction: PermanentLockPosition
[2025-11-05T06:35:25.862003000Z DEBUG solana_runtime::message_processor::stable_log] Program ASmKWt93JEMHxbdE6j7znD9y2FcdPboCzC3xtSTJvN7S invoke [2]
[2025-11-05T06:35:25.862052000Z DEBUG solana_runtime::message_processor::stable_log] Program ASmKWt93JEMHxbdE6j7znD9y2FcdPboCzC3xtSTJvN7S consumed 2069 of 191056 compute units
[2025-11-05T06:35:25.862062000Z DEBUG solana_runtime::message_processor::stable_log] Program ASmKWt93JEMHxbdE6j7znD9y2FcdPboCzC3xtSTJvN7S success
[2025-11-05T06:35:25.862080000Z DEBUG solana_runtime::message_processor::stable_log] Program ASmKWt93JEMHxbdE6j7znD9y2FcdPboCzC3xtSTJvN7S consumed 11461 of 200000 compute units
[2025-11-05T06:35:25.862090000Z DEBUG solana_runtime::message_processor::stable_log] Program ASmKWt93JEMHxbdE6j7znD9y2FcdPboCzC3xtSTJvN7S success
        ✔ Permanent lock position

  Permissionless transfer hook
[2025-11-05T06:35:25.873092000Z INFO  solana_program_test] "cp_amm" SBF program from ./target/deploy/cp_amm.so, modified 24 minutes, 33 seconds, 220 ms, 404 µs and 203 ns ago
[2025-11-05T06:35:25.873258000Z INFO  solana_program_test] "fee_router" SBF program from ./target/deploy/fee_router.so, modified 35 seconds, 957 ms, 518 µs and 331 ns ago
[2025-11-05T06:35:25.873385000Z INFO  solana_program_test] "transfer_hook_counter" SBF program from tests/fixtures/transfer_hook_counter.so, modified 3 weeks, 22 hours, 59 minutes, 698 ms, 985 µs and 196 ns ago
[2025-11-05T06:35:25.873589000Z INFO  solana_program_test] "alpha_vault" SBF program from tests/fixtures/alpha_vault.so, modified 3 weeks, 22 hours, 59 minutes, 699 ms, 876 µs and 72 ns ago
[2025-11-05T06:35:25.873950000Z INFO  solana_program_test] "streamflow" SBF program from tests/fixtures/streamflow.so, modified 3 weeks, 6 hours, 59 minutes, 10 seconds, 584 ms, 865 µs and 387 ns ago
[2025-11-05T06:35:25.874245000Z INFO  solana_program_test] "cp_amm" SBF program from ./target/deploy/cp_amm.so, modified 24 minutes, 33 seconds, 221 ms, 564 µs and 203 ns ago
[2025-11-05T06:35:25.874372000Z INFO  solana_program_test] "fee_router" SBF program from ./target/deploy/fee_router.so, modified 35 seconds, 958 ms, 632 µs and 331 ns ago
[2025-11-05T06:35:25.892705000Z INFO  solana_program_test] Overriding account at ASmKWt93JEMHxbdE6j7znD9y2FcdPboCzC3xtSTJvN7S
[2025-11-05T06:35:25.892721000Z INFO  solana_program_test] Overriding account at 5B57SJ3g2YoNXUpsZqqjEQkRSxyKtVTQRXdgAirz6bio
[2025-11-05T06:35:25.904339000Z DEBUG solana_runtime::message_processor::stable_log] Program 11111111111111111111111111111111 invoke [1]
[2025-11-05T06:35:25.904351000Z DEBUG solana_runtime::message_processor::stable_log] Program 11111111111111111111111111111111 success
[2025-11-05T06:35:25.907893000Z DEBUG solana_runtime::message_processor::stable_log] Program 11111111111111111111111111111111 invoke [1]
[2025-11-05T06:35:25.907907000Z DEBUG solana_runtime::message_processor::stable_log] Program 11111111111111111111111111111111 success
[2025-11-05T06:35:25.915669000Z DEBUG solana_runtime::message_processor::stable_log] Program 11111111111111111111111111111111 invoke [1]
[2025-11-05T06:35:25.915683000Z DEBUG solana_runtime::message_processor::stable_log] Program 11111111111111111111111111111111 success
[2025-11-05T06:35:25.915687000Z DEBUG solana_runtime::message_processor::stable_log] Program TokenzQdBNbLqP5VEhdkAS6EPFLC1PHnBqCXEpPxuEb invoke [1]
[2025-11-05T06:35:25.915732000Z DEBUG solana_runtime::message_processor::stable_log] Program log: TransferHookInstruction::Initialize
[2025-11-05T06:35:25.915767000Z DEBUG solana_runtime::message_processor::stable_log] Program TokenzQdBNbLqP5VEhdkAS6EPFLC1PHnBqCXEpPxuEb consumed 2488 of 599850 compute units
[2025-11-05T06:35:25.915776000Z DEBUG solana_runtime::message_processor::stable_log] Program TokenzQdBNbLqP5VEhdkAS6EPFLC1PHnBqCXEpPxuEb success
[2025-11-05T06:35:25.915784000Z DEBUG solana_runtime::message_processor::stable_log] Program TokenzQdBNbLqP5VEhdkAS6EPFLC1PHnBqCXEpPxuEb invoke [1]
[2025-11-05T06:35:25.915809000Z DEBUG solana_runtime::message_processor::stable_log] Program log: Instruction: InitializeMint2
[2025-11-05T06:35:25.915863000Z DEBUG solana_runtime::message_processor::stable_log] Program TokenzQdBNbLqP5VEhdkAS6EPFLC1PHnBqCXEpPxuEb consumed 3868 of 597362 compute units
[2025-11-05T06:35:25.915870000Z DEBUG solana_runtime::message_processor::stable_log] Program TokenzQdBNbLqP5VEhdkAS6EPFLC1PHnBqCXEpPxuEb success
[2025-11-05T06:35:25.924379000Z DEBUG solana_runtime::message_processor::stable_log] Program 11111111111111111111111111111111 invoke [1]
[2025-11-05T06:35:25.924398000Z DEBUG solana_runtime::message_processor::stable_log] Program 11111111111111111111111111111111 success
[2025-11-05T06:35:25.924402000Z DEBUG solana_runtime::message_processor::stable_log] Program TokenkegQfeZyiNwAJbNbGKPFXCWuBvf9Ss623VQ5DA invoke [1]
[2025-11-05T06:35:25.924445000Z DEBUG solana_runtime::message_processor::stable_log] Program log: Instruction: InitializeMint2
[2025-11-05T06:35:25.924479000Z DEBUG solana_runtime::message_processor::stable_log] Program TokenkegQfeZyiNwAJbNbGKPFXCWuBvf9Ss623VQ5DA consumed 2779 of 399850 compute units
[2025-11-05T06:35:25.924489000Z DEBUG solana_runtime::message_processor::stable_log] Program TokenkegQfeZyiNwAJbNbGKPFXCWuBvf9Ss623VQ5DA success
[2025-11-05T06:35:25.929419000Z DEBUG solana_runtime::message_processor::stable_log] Program ATokenGPvbdGVxr1b2hvZbsiqW5xWH25efTNsLJA8knL invoke [1]
[2025-11-05T06:35:25.929482000Z DEBUG solana_runtime::message_processor::stable_log] Program log: Create
[2025-11-05T06:35:25.929529000Z DEBUG solana_runtime::message_processor::stable_log] Program TokenzQdBNbLqP5VEhdkAS6EPFLC1PHnBqCXEpPxuEb invoke [2]
[2025-11-05T06:35:25.929576000Z DEBUG solana_runtime::message_processor::stable_log] Program log: Instruction: GetAccountDataSize
[2025-11-05T06:35:25.929620000Z DEBUG solana_runtime::message_processor::stable_log] Program TokenzQdBNbLqP5VEhdkAS6EPFLC1PHnBqCXEpPxuEb consumed 2921 of 194643 compute units
[2025-11-05T06:35:25.929629000Z DEBUG solana_runtime::message_processor::stable_log] Program return: TokenzQdBNbLqP5VEhdkAS6EPFLC1PHnBqCXEpPxuEb rwAAAAAAAAA=
[2025-11-05T06:35:25.929637000Z DEBUG solana_runtime::message_processor::stable_log] Program TokenzQdBNbLqP5VEhdkAS6EPFLC1PHnBqCXEpPxuEb success
[2025-11-05T06:35:25.929691000Z DEBUG solana_runtime::message_processor::stable_log] Program 11111111111111111111111111111111 invoke [2]
[2025-11-05T06:35:25.929698000Z DEBUG solana_runtime::message_processor::stable_log] Program 11111111111111111111111111111111 success
[2025-11-05T06:35:25.929703000Z DEBUG solana_runtime::message_processor::stable_log] Program log: Initialize the associated token account
[2025-11-05T06:35:25.929720000Z DEBUG solana_runtime::message_processor::stable_log] Program TokenzQdBNbLqP5VEhdkAS6EPFLC1PHnBqCXEpPxuEb invoke [2]
[2025-11-05T06:35:25.929740000Z DEBUG solana_runtime::message_processor::stable_log] Program log: Instruction: InitializeImmutableOwner
[2025-11-05T06:35:25.929763000Z DEBUG solana_runtime::message_processor::stable_log] Program TokenzQdBNbLqP5VEhdkAS6EPFLC1PHnBqCXEpPxuEb consumed 1924 of 186792 compute units
[2025-11-05T06:35:25.929770000Z DEBUG solana_runtime::message_processor::stable_log] Program TokenzQdBNbLqP5VEhdkAS6EPFLC1PHnBqCXEpPxuEb success
[2025-11-05T06:35:25.929802000Z DEBUG solana_runtime::message_processor::stable_log] Program TokenzQdBNbLqP5VEhdkAS6EPFLC1PHnBqCXEpPxuEb invoke [2]
[2025-11-05T06:35:25.929826000Z DEBUG solana_runtime::message_processor::stable_log] Program log: Instruction: InitializeAccount3
[2025-11-05T06:35:25.929925000Z DEBUG solana_runtime::message_processor::stable_log] Program TokenzQdBNbLqP5VEhdkAS6EPFLC1PHnBqCXEpPxuEb consumed 5451 of 182479 compute units
[2025-11-05T06:35:25.929934000Z DEBUG solana_runtime::message_processor::stable_log] Program TokenzQdBNbLqP5VEhdkAS6EPFLC1PHnBqCXEpPxuEb success
[2025-11-05T06:35:25.929946000Z DEBUG solana_runtime::message_processor::stable_log] Program ATokenGPvbdGVxr1b2hvZbsiqW5xWH25efTNsLJA8knL consumed 23276 of 200000 compute units
[2025-11-05T06:35:25.929955000Z DEBUG solana_runtime::message_processor::stable_log] Program ATokenGPvbdGVxr1b2hvZbsiqW5xWH25efTNsLJA8knL success
[2025-11-05T06:35:25.933447000Z DEBUG solana_runtime::message_processor::stable_log] Program TokenzQdBNbLqP5VEhdkAS6EPFLC1PHnBqCXEpPxuEb invoke [1]
[2025-11-05T06:35:25.933526000Z DEBUG solana_runtime::message_processor::stable_log] Program log: Instruction: MintTo
[2025-11-05T06:35:25.933605000Z DEBUG solana_runtime::message_processor::stable_log] Program TokenzQdBNbLqP5VEhdkAS6EPFLC1PHnBqCXEpPxuEb consumed 5403 of 200000 compute units
[2025-11-05T06:35:25.933617000Z DEBUG solana_runtime::message_processor::stable_log] Program TokenzQdBNbLqP5VEhdkAS6EPFLC1PHnBqCXEpPxuEb success
[2025-11-05T06:35:25.938607000Z DEBUG solana_runtime::message_processor::stable_log] Program ATokenGPvbdGVxr1b2hvZbsiqW5xWH25efTNsLJA8knL invoke [1]
[2025-11-05T06:35:25.938679000Z DEBUG solana_runtime::message_processor::stable_log] Program log: Create
[2025-11-05T06:35:25.938741000Z DEBUG solana_runtime::message_processor::stable_log] Program TokenkegQfeZyiNwAJbNbGKPFXCWuBvf9Ss623VQ5DA invoke [2]
[2025-11-05T06:35:25.938779000Z DEBUG solana_runtime::message_processor::stable_log] Program log: Instruction: GetAccountDataSize
[2025-11-05T06:35:25.938796000Z DEBUG solana_runtime::message_processor::stable_log] Program TokenkegQfeZyiNwAJbNbGKPFXCWuBvf9Ss623VQ5DA consumed 1595 of 191555 compute units
[2025-11-05T06:35:25.938804000Z DEBUG solana_runtime::message_processor::stable_log] Program return: TokenkegQfeZyiNwAJbNbGKPFXCWuBvf9Ss623VQ5DA pQAAAAAAAAA=
[2025-11-05T06:35:25.938812000Z DEBUG solana_runtime::message_processor::stable_log] Program TokenkegQfeZyiNwAJbNbGKPFXCWuBvf9Ss623VQ5DA success
[2025-11-05T06:35:25.938866000Z DEBUG solana_runtime::message_processor::stable_log] Program 11111111111111111111111111111111 invoke [2]
[2025-11-05T06:35:25.938873000Z DEBUG solana_runtime::message_processor::stable_log] Program 11111111111111111111111111111111 success
[2025-11-05T06:35:25.938879000Z DEBUG solana_runtime::message_processor::stable_log] Program log: Initialize the associated token account
[2025-11-05T06:35:25.938896000Z DEBUG solana_runtime::message_processor::stable_log] Program TokenkegQfeZyiNwAJbNbGKPFXCWuBvf9Ss623VQ5DA invoke [2]
[2025-11-05T06:35:25.938916000Z DEBUG solana_runtime::message_processor::stable_log] Program log: Instruction: InitializeImmutableOwner
[2025-11-05T06:35:25.938927000Z DEBUG solana_runtime::message_processor::stable_log] Program log: Please upgrade to SPL Token 2022 for immutable owner support
[2025-11-05T06:35:25.938930000Z DEBUG solana_runtime::message_processor::stable_log] Program TokenkegQfeZyiNwAJbNbGKPFXCWuBvf9Ss623VQ5DA consumed 1405 of 184942 compute units
[2025-11-05T06:35:25.938938000Z DEBUG solana_runtime::message_processor::stable_log] Program TokenkegQfeZyiNwAJbNbGKPFXCWuBvf9Ss623VQ5DA success
[2025-11-05T06:35:25.938970000Z DEBUG solana_runtime::message_processor::stable_log] Program TokenkegQfeZyiNwAJbNbGKPFXCWuBvf9Ss623VQ5DA invoke [2]
[2025-11-05T06:35:25.938994000Z DEBUG solana_runtime::message_processor::stable_log] Program log: Instruction: InitializeAccount3
[2025-11-05T06:35:25.939048000Z DEBUG solana_runtime::message_processor::stable_log] Program TokenkegQfeZyiNwAJbNbGKPFXCWuBvf9Ss623VQ5DA consumed 4214 of 181058 compute units
[2025-11-05T06:35:25.939057000Z DEBUG solana_runtime::message_processor::stable_log] Program TokenkegQfeZyiNwAJbNbGKPFXCWuBvf9Ss623VQ5DA success
[2025-11-05T06:35:25.939069000Z DEBUG solana_runtime::message_processor::stable_log] Program ATokenGPvbdGVxr1b2hvZbsiqW5xWH25efTNsLJA8knL consumed 23460 of 200000 compute units
[2025-11-05T06:35:25.939078000Z DEBUG solana_runtime::message_processor::stable_log] Program ATokenGPvbdGVxr1b2hvZbsiqW5xWH25efTNsLJA8knL success
[2025-11-05T06:35:25.942618000Z DEBUG solana_runtime::message_processor::stable_log] Program TokenkegQfeZyiNwAJbNbGKPFXCWuBvf9Ss623VQ5DA invoke [1]
[2025-11-05T06:35:25.942673000Z DEBUG solana_runtime::message_processor::stable_log] Program log: Instruction: MintTo
[2025-11-05T06:35:25.942731000Z DEBUG solana_runtime::message_processor::stable_log] Program TokenkegQfeZyiNwAJbNbGKPFXCWuBvf9Ss623VQ5DA consumed 4491 of 200000 compute units
[2025-11-05T06:35:25.942741000Z DEBUG solana_runtime::message_processor::stable_log] Program TokenkegQfeZyiNwAJbNbGKPFXCWuBvf9Ss623VQ5DA success
[2025-11-05T06:35:25.948715000Z DEBUG solana_runtime::message_processor::stable_log] Program EBZDYx7599krFc4m2govwBdZcicr4GgepqC78m71nsHS invoke [1]
[2025-11-05T06:35:25.948867000Z DEBUG solana_runtime::message_processor::stable_log] Program log: Instruction: InitializeExtraAccountMetaList
[2025-11-05T06:35:25.948987000Z DEBUG solana_runtime::message_processor::stable_log] Program 11111111111111111111111111111111 invoke [2]
[2025-11-05T06:35:25.948995000Z DEBUG solana_runtime::message_processor::stable_log] Program 11111111111111111111111111111111 success
[2025-11-05T06:35:25.949096000Z DEBUG solana_runtime::message_processor::stable_log] Program 11111111111111111111111111111111 invoke [2]
[2025-11-05T06:35:25.949099000Z DEBUG solana_runtime::message_processor::stable_log] Program 11111111111111111111111111111111 success
[2025-11-05T06:35:25.949131000Z DEBUG solana_runtime::message_processor::stable_log] Program EBZDYx7599krFc4m2govwBdZcicr4GgepqC78m71nsHS consumed 19531 of 200000 compute units
[2025-11-05T06:35:25.949146000Z DEBUG solana_runtime::message_processor::stable_log] Program EBZDYx7599krFc4m2govwBdZcicr4GgepqC78m71nsHS success
[2025-11-05T06:35:25.962116000Z DEBUG solana_runtime::message_processor::stable_log] Program ASmKWt93JEMHxbdE6j7znD9y2FcdPboCzC3xtSTJvN7S invoke [1]
[2025-11-05T06:35:25.962175000Z DEBUG solana_runtime::message_processor::stable_log] Program log: Instruction: CreateConfig
[2025-11-05T06:35:25.962264000Z DEBUG solana_runtime::message_processor::stable_log] Program 11111111111111111111111111111111 invoke [2]
[2025-11-05T06:35:25.962274000Z DEBUG solana_runtime::message_processor::stable_log] Program 11111111111111111111111111111111 success
[2025-11-05T06:35:25.962370000Z DEBUG solana_runtime::message_processor::stable_log] Program ASmKWt93JEMHxbdE6j7znD9y2FcdPboCzC3xtSTJvN7S invoke [2]
[2025-11-05T06:35:25.962408000Z DEBUG solana_runtime::message_processor::stable_log] Program ASmKWt93JEMHxbdE6j7znD9y2FcdPboCzC3xtSTJvN7S consumed 2069 of 186098 compute units
[2025-11-05T06:35:25.962417000Z DEBUG solana_runtime::message_processor::stable_log] Program ASmKWt93JEMHxbdE6j7znD9y2FcdPboCzC3xtSTJvN7S success
[2025-11-05T06:35:25.962432000Z DEBUG solana_runtime::message_processor::stable_log] Program ASmKWt93JEMHxbdE6j7znD9y2FcdPboCzC3xtSTJvN7S consumed 16276 of 200000 compute units
[2025-11-05T06:35:25.962441000Z DEBUG solana_runtime::message_processor::stable_log] Program ASmKWt93JEMHxbdE6j7znD9y2FcdPboCzC3xtSTJvN7S success
[2025-11-05T06:35:25.987937000Z DEBUG solana_runtime::message_processor::stable_log] Program ASmKWt93JEMHxbdE6j7znD9y2FcdPboCzC3xtSTJvN7S invoke [1]
[2025-11-05T06:35:25.988073000Z DEBUG solana_runtime::message_processor::stable_log] Program log: Instruction: InitializePool
[2025-11-05T06:35:25.988222000Z DEBUG solana_runtime::message_processor::stable_log] Program 11111111111111111111111111111111 invoke [2]
[2025-11-05T06:35:25.988235000Z DEBUG solana_runtime::message_processor::stable_log] Program 11111111111111111111111111111111 success
[2025-11-05T06:35:25.988268000Z DEBUG solana_runtime::message_processor::stable_log] Program TokenzQdBNbLqP5VEhdkAS6EPFLC1PHnBqCXEpPxuEb invoke [2]
[2025-11-05T06:35:25.988300000Z DEBUG solana_runtime::message_processor::stable_log] Program log: MetadataPointerInstruction::Initialize
[2025-11-05T06:35:25.988336000Z DEBUG solana_runtime::message_processor::stable_log] Program TokenzQdBNbLqP5VEhdkAS6EPFLC1PHnBqCXEpPxuEb consumed 2442 of 334642 compute units
[2025-11-05T06:35:25.988348000Z DEBUG solana_runtime::message_processor::stable_log] Program TokenzQdBNbLqP5VEhdkAS6EPFLC1PHnBqCXEpPxuEb success
[2025-11-05T06:35:25.988381000Z DEBUG solana_runtime::message_processor::stable_log] Program TokenzQdBNbLqP5VEhdkAS6EPFLC1PHnBqCXEpPxuEb invoke [2]
[2025-11-05T06:35:25.988403000Z DEBUG solana_runtime::message_processor::stable_log] Program log: Instruction: InitializeMintCloseAuthority
[2025-11-05T06:35:25.988435000Z DEBUG solana_runtime::message_processor::stable_log] Program TokenzQdBNbLqP5VEhdkAS6EPFLC1PHnBqCXEpPxuEb consumed 2570 of 330222 compute units
[2025-11-05T06:35:25.988443000Z DEBUG solana_runtime::message_processor::stable_log] Program TokenzQdBNbLqP5VEhdkAS6EPFLC1PHnBqCXEpPxuEb success
[2025-11-05T06:35:25.988472000Z DEBUG solana_runtime::message_processor::stable_log] Program TokenzQdBNbLqP5VEhdkAS6EPFLC1PHnBqCXEpPxuEb invoke [2]
[2025-11-05T06:35:25.988496000Z DEBUG solana_runtime::message_processor::stable_log] Program log: Instruction: InitializeMint2
[2025-11-05T06:35:25.988570000Z DEBUG solana_runtime::message_processor::stable_log] Program TokenzQdBNbLqP5VEhdkAS6EPFLC1PHnBqCXEpPxuEb consumed 4078 of 325710 compute units
[2025-11-05T06:35:25.988586000Z DEBUG solana_runtime::message_processor::stable_log] Program TokenzQdBNbLqP5VEhdkAS6EPFLC1PHnBqCXEpPxuEb success
[2025-11-05T06:35:25.988701000Z DEBUG solana_runtime::message_processor::stable_log] Program 11111111111111111111111111111111 invoke [2]
[2025-11-05T06:35:25.988706000Z DEBUG solana_runtime::message_processor::stable_log] Program 11111111111111111111111111111111 success
[2025-11-05T06:35:25.988734000Z DEBUG solana_runtime::message_processor::stable_log] Program TokenzQdBNbLqP5VEhdkAS6EPFLC1PHnBqCXEpPxuEb invoke [2]
[2025-11-05T06:35:25.988763000Z DEBUG solana_runtime::message_processor::stable_log] Program log: Instruction: InitializeAccount3
[2025-11-05T06:35:25.988839000Z DEBUG solana_runtime::message_processor::stable_log] Program TokenzQdBNbLqP5VEhdkAS6EPFLC1PHnBqCXEpPxuEb consumed 5137 of 312026 compute units
[2025-11-05T06:35:25.988848000Z DEBUG solana_runtime::message_processor::stable_log] Program TokenzQdBNbLqP5VEhdkAS6EPFLC1PHnBqCXEpPxuEb success
[2025-11-05T06:35:25.988992000Z DEBUG solana_runtime::message_processor::stable_log] Program 11111111111111111111111111111111 invoke [2]
[2025-11-05T06:35:25.989000000Z DEBUG solana_runtime::message_processor::stable_log] Program 11111111111111111111111111111111 success
[2025-11-05T06:35:25.989071000Z DEBUG solana_runtime::message_processor::stable_log] Program 11111111111111111111111111111111 invoke [2]
[2025-11-05T06:35:25.989074000Z DEBUG solana_runtime::message_processor::stable_log] Program 11111111111111111111111111111111 success
[2025-11-05T06:35:25.989165000Z DEBUG solana_runtime::message_processor::stable_log] Program 11111111111111111111111111111111 invoke [2]
[2025-11-05T06:35:25.989169000Z DEBUG solana_runtime::message_processor::stable_log] Program 11111111111111111111111111111111 success
[2025-11-05T06:35:25.989195000Z DEBUG solana_runtime::message_processor::stable_log] Program TokenzQdBNbLqP5VEhdkAS6EPFLC1PHnBqCXEpPxuEb invoke [2]
[2025-11-05T06:35:25.989218000Z DEBUG solana_runtime::message_processor::stable_log] Program log: Instruction: InitializeAccount3
[2025-11-05T06:35:25.989296000Z DEBUG solana_runtime::message_processor::stable_log] Program TokenzQdBNbLqP5VEhdkAS6EPFLC1PHnBqCXEpPxuEb consumed 5384 of 281161 compute units
[2025-11-05T06:35:25.989303000Z DEBUG solana_runtime::message_processor::stable_log] Program TokenzQdBNbLqP5VEhdkAS6EPFLC1PHnBqCXEpPxuEb success
[2025-11-05T06:35:25.989399000Z DEBUG solana_runtime::message_processor::stable_log] Program 11111111111111111111111111111111 invoke [2]
[2025-11-05T06:35:25.989405000Z DEBUG solana_runtime::message_processor::stable_log] Program 11111111111111111111111111111111 success
[2025-11-05T06:35:25.989432000Z DEBUG solana_runtime::message_processor::stable_log] Program TokenkegQfeZyiNwAJbNbGKPFXCWuBvf9Ss623VQ5DA invoke [2]
[2025-11-05T06:35:25.989460000Z DEBUG solana_runtime::message_processor::stable_log] Program log: Instruction: InitializeAccount3
[2025-11-05T06:35:25.989516000Z DEBUG solana_runtime::message_processor::stable_log] Program TokenkegQfeZyiNwAJbNbGKPFXCWuBvf9Ss623VQ5DA consumed 4214 of 265338 compute units
[2025-11-05T06:35:25.989523000Z DEBUG solana_runtime::message_processor::stable_log] Program TokenkegQfeZyiNwAJbNbGKPFXCWuBvf9Ss623VQ5DA success
[2025-11-05T06:35:25.989628000Z DEBUG solana_runtime::message_processor::stable_log] Program log: AnchorError occurred. Error Code: InvalidTokenBadge. Error Number: 6020. Error Message: Invalid token badge.
[2025-11-05T06:35:25.989643000Z DEBUG solana_runtime::message_processor::stable_log] Program ASmKWt93JEMHxbdE6j7znD9y2FcdPboCzC3xtSTJvN7S consumed 95550 of 350000 compute units
[2025-11-05T06:35:25.989653000Z DEBUG solana_runtime::message_processor::stable_log] Program ASmKWt93JEMHxbdE6j7znD9y2FcdPboCzC3xtSTJvN7S failed: custom program error: 0x1784
[2025-11-05T06:35:25.993382000Z DEBUG solana_runtime::message_processor::stable_log] Program TokenzQdBNbLqP5VEhdkAS6EPFLC1PHnBqCXEpPxuEb invoke [1]
[2025-11-05T06:35:25.993435000Z DEBUG solana_runtime::message_processor::stable_log] Program log: TransferHookInstruction::Update
[2025-11-05T06:35:25.993475000Z DEBUG solana_runtime::message_processor::stable_log] Program TokenzQdBNbLqP5VEhdkAS6EPFLC1PHnBqCXEpPxuEb consumed 2710 of 400000 compute units
[2025-11-05T06:35:25.993485000Z DEBUG solana_runtime::message_processor::stable_log] Program TokenzQdBNbLqP5VEhdkAS6EPFLC1PHnBqCXEpPxuEb success
[2025-11-05T06:35:25.993492000Z DEBUG solana_runtime::message_processor::stable_log] Program TokenzQdBNbLqP5VEhdkAS6EPFLC1PHnBqCXEpPxuEb invoke [1]
[2025-11-05T06:35:25.993549000Z DEBUG solana_runtime::message_processor::stable_log] Program log: Instruction: SetAuthority
[2025-11-05T06:35:25.993605000Z DEBUG solana_runtime::message_processor::stable_log] Program TokenzQdBNbLqP5VEhdkAS6EPFLC1PHnBqCXEpPxuEb consumed 3742 of 397290 compute units
[2025-11-05T06:35:25.993613000Z DEBUG solana_runtime::message_processor::stable_log] Program TokenzQdBNbLqP5VEhdkAS6EPFLC1PHnBqCXEpPxuEb success
[2025-11-05T06:35:26.012462000Z DEBUG solana_runtime::message_processor::stable_log] Program ASmKWt93JEMHxbdE6j7znD9y2FcdPboCzC3xtSTJvN7S invoke [1]
[2025-11-05T06:35:26.012583000Z DEBUG solana_runtime::message_processor::stable_log] Program log: Instruction: InitializePool
[2025-11-05T06:35:26.012728000Z DEBUG solana_runtime::message_processor::stable_log] Program 11111111111111111111111111111111 invoke [2]
[2025-11-05T06:35:26.012740000Z DEBUG solana_runtime::message_processor::stable_log] Program 11111111111111111111111111111111 success
[2025-11-05T06:35:26.012774000Z DEBUG solana_runtime::message_processor::stable_log] Program TokenzQdBNbLqP5VEhdkAS6EPFLC1PHnBqCXEpPxuEb invoke [2]
[2025-11-05T06:35:26.012805000Z DEBUG solana_runtime::message_processor::stable_log] Program log: MetadataPointerInstruction::Initialize
[2025-11-05T06:35:26.012839000Z DEBUG solana_runtime::message_processor::stable_log] Program TokenzQdBNbLqP5VEhdkAS6EPFLC1PHnBqCXEpPxuEb consumed 2442 of 334642 compute units
[2025-11-05T06:35:26.012850000Z DEBUG solana_runtime::message_processor::stable_log] Program TokenzQdBNbLqP5VEhdkAS6EPFLC1PHnBqCXEpPxuEb success
[2025-11-05T06:35:26.012881000Z DEBUG solana_runtime::message_processor::stable_log] Program TokenzQdBNbLqP5VEhdkAS6EPFLC1PHnBqCXEpPxuEb invoke [2]
[2025-11-05T06:35:26.012903000Z DEBUG solana_runtime::message_processor::stable_log] Program log: Instruction: InitializeMintCloseAuthority
[2025-11-05T06:35:26.012937000Z DEBUG solana_runtime::message_processor::stable_log] Program TokenzQdBNbLqP5VEhdkAS6EPFLC1PHnBqCXEpPxuEb consumed 2570 of 330222 compute units
[2025-11-05T06:35:26.012947000Z DEBUG solana_runtime::message_processor::stable_log] Program TokenzQdBNbLqP5VEhdkAS6EPFLC1PHnBqCXEpPxuEb success
[2025-11-05T06:35:26.012982000Z DEBUG solana_runtime::message_processor::stable_log] Program TokenzQdBNbLqP5VEhdkAS6EPFLC1PHnBqCXEpPxuEb invoke [2]
[2025-11-05T06:35:26.013004000Z DEBUG solana_runtime::message_processor::stable_log] Program log: Instruction: InitializeMint2
[2025-11-05T06:35:26.013065000Z DEBUG solana_runtime::message_processor::stable_log] Program TokenzQdBNbLqP5VEhdkAS6EPFLC1PHnBqCXEpPxuEb consumed 4078 of 325710 compute units
[2025-11-05T06:35:26.013079000Z DEBUG solana_runtime::message_processor::stable_log] Program TokenzQdBNbLqP5VEhdkAS6EPFLC1PHnBqCXEpPxuEb success
[2025-11-05T06:35:26.013194000Z DEBUG solana_runtime::message_processor::stable_log] Program 11111111111111111111111111111111 invoke [2]
[2025-11-05T06:35:26.013200000Z DEBUG solana_runtime::message_processor::stable_log] Program 11111111111111111111111111111111 success
[2025-11-05T06:35:26.013228000Z DEBUG solana_runtime::message_processor::stable_log] Program TokenzQdBNbLqP5VEhdkAS6EPFLC1PHnBqCXEpPxuEb invoke [2]
[2025-11-05T06:35:26.013253000Z DEBUG solana_runtime::message_processor::stable_log] Program log: Instruction: InitializeAccount3
[2025-11-05T06:35:26.013401000Z DEBUG solana_runtime::message_processor::stable_log] Program TokenzQdBNbLqP5VEhdkAS6EPFLC1PHnBqCXEpPxuEb consumed 5137 of 312026 compute units
[2025-11-05T06:35:26.013414000Z DEBUG solana_runtime::message_processor::stable_log] Program TokenzQdBNbLqP5VEhdkAS6EPFLC1PHnBqCXEpPxuEb success
[2025-11-05T06:35:26.013530000Z DEBUG solana_runtime::message_processor::stable_log] Program 11111111111111111111111111111111 invoke [2]
[2025-11-05T06:35:26.013534000Z DEBUG solana_runtime::message_processor::stable_log] Program 11111111111111111111111111111111 success
[2025-11-05T06:35:26.013638000Z DEBUG solana_runtime::message_processor::stable_log] Program 11111111111111111111111111111111 invoke [2]
[2025-11-05T06:35:26.013644000Z DEBUG solana_runtime::message_processor::stable_log] Program 11111111111111111111111111111111 success
[2025-11-05T06:35:26.013737000Z DEBUG solana_runtime::message_processor::stable_log] Program 11111111111111111111111111111111 invoke [2]
[2025-11-05T06:35:26.013743000Z DEBUG solana_runtime::message_processor::stable_log] Program 11111111111111111111111111111111 success
[2025-11-05T06:35:26.013769000Z DEBUG solana_runtime::message_processor::stable_log] Program TokenzQdBNbLqP5VEhdkAS6EPFLC1PHnBqCXEpPxuEb invoke [2]
[2025-11-05T06:35:26.013792000Z DEBUG solana_runtime::message_processor::stable_log] Program log: Instruction: InitializeAccount3
[2025-11-05T06:35:26.013872000Z DEBUG solana_runtime::message_processor::stable_log] Program TokenzQdBNbLqP5VEhdkAS6EPFLC1PHnBqCXEpPxuEb consumed 5384 of 273661 compute units
[2025-11-05T06:35:26.013881000Z DEBUG solana_runtime::message_processor::stable_log] Program TokenzQdBNbLqP5VEhdkAS6EPFLC1PHnBqCXEpPxuEb success
[2025-11-05T06:35:26.013977000Z DEBUG solana_runtime::message_processor::stable_log] Program 11111111111111111111111111111111 invoke [2]
[2025-11-05T06:35:26.013982000Z DEBUG solana_runtime::message_processor::stable_log] Program 11111111111111111111111111111111 success
[2025-11-05T06:35:26.014008000Z DEBUG solana_runtime::message_processor::stable_log] Program TokenkegQfeZyiNwAJbNbGKPFXCWuBvf9Ss623VQ5DA invoke [2]
[2025-11-05T06:35:26.014036000Z DEBUG solana_runtime::message_processor::stable_log] Program log: Instruction: InitializeAccount3
[2025-11-05T06:35:26.014092000Z DEBUG solana_runtime::message_processor::stable_log] Program TokenkegQfeZyiNwAJbNbGKPFXCWuBvf9Ss623VQ5DA consumed 4214 of 257838 compute units
[2025-11-05T06:35:26.014102000Z DEBUG solana_runtime::message_processor::stable_log] Program TokenkegQfeZyiNwAJbNbGKPFXCWuBvf9Ss623VQ5DA success
[2025-11-05T06:35:26.014321000Z DEBUG solana_runtime::message_processor::stable_log] Program TokenzQdBNbLqP5VEhdkAS6EPFLC1PHnBqCXEpPxuEb invoke [2]
[2025-11-05T06:35:26.014375000Z DEBUG solana_runtime::message_processor::stable_log] Program log: TokenMetadataInstruction: Initialize
[2025-11-05T06:35:26.014501000Z DEBUG solana_runtime::message_processor::stable_log] Program TokenzQdBNbLqP5VEhdkAS6EPFLC1PHnBqCXEpPxuEb consumed 9900 of 240571 compute units
[2025-11-05T06:35:26.014511000Z DEBUG solana_runtime::message_processor::stable_log] Program TokenzQdBNbLqP5VEhdkAS6EPFLC1PHnBqCXEpPxuEb success
[2025-11-05T06:35:26.014551000Z DEBUG solana_runtime::message_processor::stable_log] Program 11111111111111111111111111111111 invoke [2]
[2025-11-05T06:35:26.014556000Z DEBUG solana_runtime::message_processor::stable_log] Program 11111111111111111111111111111111 success
[2025-11-05T06:35:26.014603000Z DEBUG solana_runtime::message_processor::stable_log] Program TokenzQdBNbLqP5VEhdkAS6EPFLC1PHnBqCXEpPxuEb invoke [2]
[2025-11-05T06:35:26.014644000Z DEBUG solana_runtime::message_processor::stable_log] Program log: Instruction: MintTo
[2025-11-05T06:35:26.014733000Z DEBUG solana_runtime::message_processor::stable_log] Program TokenzQdBNbLqP5VEhdkAS6EPFLC1PHnBqCXEpPxuEb consumed 5540 of 225609 compute units
[2025-11-05T06:35:26.014743000Z DEBUG solana_runtime::message_processor::stable_log] Program TokenzQdBNbLqP5VEhdkAS6EPFLC1PHnBqCXEpPxuEb success
[2025-11-05T06:35:26.014798000Z DEBUG solana_runtime::message_processor::stable_log] Program ASmKWt93JEMHxbdE6j7znD9y2FcdPboCzC3xtSTJvN7S invoke [2]
[2025-11-05T06:35:26.014832000Z DEBUG solana_runtime::message_processor::stable_log] Program ASmKWt93JEMHxbdE6j7znD9y2FcdPboCzC3xtSTJvN7S consumed 2069 of 217004 compute units
[2025-11-05T06:35:26.014840000Z DEBUG solana_runtime::message_processor::stable_log] Program ASmKWt93JEMHxbdE6j7znD9y2FcdPboCzC3xtSTJvN7S success
[2025-11-05T06:35:26.014899000Z DEBUG solana_runtime::message_processor::stable_log] Program TokenzQdBNbLqP5VEhdkAS6EPFLC1PHnBqCXEpPxuEb invoke [2]
[2025-11-05T06:35:26.014933000Z DEBUG solana_runtime::message_processor::stable_log] Program log: Instruction: TransferChecked
[2025-11-05T06:35:26.015043000Z DEBUG solana_runtime::message_processor::stable_log] Program TokenzQdBNbLqP5VEhdkAS6EPFLC1PHnBqCXEpPxuEb consumed 8529 of 211634 compute units
[2025-11-05T06:35:26.015052000Z DEBUG solana_runtime::message_processor::stable_log] Program TokenzQdBNbLqP5VEhdkAS6EPFLC1PHnBqCXEpPxuEb success
[2025-11-05T06:35:26.015091000Z DEBUG solana_runtime::message_processor::stable_log] Program TokenkegQfeZyiNwAJbNbGKPFXCWuBvf9Ss623VQ5DA invoke [2]
[2025-11-05T06:35:26.015126000Z DEBUG solana_runtime::message_processor::stable_log] Program log: Instruction: TransferChecked
[2025-11-05T06:35:26.015210000Z DEBUG solana_runtime::message_processor::stable_log] Program TokenkegQfeZyiNwAJbNbGKPFXCWuBvf9Ss623VQ5DA consumed 6269 of 200695 compute units
[2025-11-05T06:35:26.015217000Z DEBUG solana_runtime::message_processor::stable_log] Program TokenkegQfeZyiNwAJbNbGKPFXCWuBvf9Ss623VQ5DA success
[2025-11-05T06:35:26.015293000Z DEBUG solana_runtime::message_processor::stable_log] Program ASmKWt93JEMHxbdE6j7znD9y2FcdPboCzC3xtSTJvN7S invoke [2]
[2025-11-05T06:35:26.015324000Z DEBUG solana_runtime::message_processor::stable_log] Program ASmKWt93JEMHxbdE6j7znD9y2FcdPboCzC3xtSTJvN7S consumed 2069 of 189345 compute units
[2025-11-05T06:35:26.015331000Z DEBUG solana_runtime::message_processor::stable_log] Program ASmKWt93JEMHxbdE6j7znD9y2FcdPboCzC3xtSTJvN7S success
[2025-11-05T06:35:26.015357000Z DEBUG solana_runtime::message_processor::stable_log] Program ASmKWt93JEMHxbdE6j7znD9y2FcdPboCzC3xtSTJvN7S consumed 163518 of 350000 compute units
[2025-11-05T06:35:26.015366000Z DEBUG solana_runtime::message_processor::stable_log] Program ASmKWt93JEMHxbdE6j7znD9y2FcdPboCzC3xtSTJvN7S success
[2025-11-05T06:35:26.015377000Z DEBUG solana_runtime::message_processor::stable_log] Program ComputeBudget111111111111111111111111111111 invoke [1]
[2025-11-05T06:35:26.015383000Z DEBUG solana_runtime::message_processor::stable_log] Program ComputeBudget111111111111111111111111111111 success
[2025-11-05T06:35:26.029051000Z DEBUG solana_runtime::message_processor::stable_log] Program ASmKWt93JEMHxbdE6j7znD9y2FcdPboCzC3xtSTJvN7S invoke [1]
[2025-11-05T06:35:26.029119000Z DEBUG solana_runtime::message_processor::stable_log] Program log: Instruction: SetPoolStatus
[2025-11-05T06:35:26.029192000Z DEBUG solana_runtime::message_processor::stable_log] Program ASmKWt93JEMHxbdE6j7znD9y2FcdPboCzC3xtSTJvN7S invoke [2]
[2025-11-05T06:35:26.029229000Z DEBUG solana_runtime::message_processor::stable_log] Program ASmKWt93JEMHxbdE6j7znD9y2FcdPboCzC3xtSTJvN7S consumed 2069 of 195012 compute units
[2025-11-05T06:35:26.029239000Z DEBUG solana_runtime::message_processor::stable_log] Program ASmKWt93JEMHxbdE6j7znD9y2FcdPboCzC3xtSTJvN7S success
[2025-11-05T06:35:26.029255000Z DEBUG solana_runtime::message_processor::stable_log] Program ASmKWt93JEMHxbdE6j7znD9y2FcdPboCzC3xtSTJvN7S consumed 7340 of 200000 compute units
[2025-11-05T06:35:26.029264000Z DEBUG solana_runtime::message_processor::stable_log] Program ASmKWt93JEMHxbdE6j7znD9y2FcdPboCzC3xtSTJvN7S success
    ✔ Initialize pool with permission less transfer hook (65ms)

  Rate limiter
[2025-11-05T06:35:26.036001000Z INFO  solana_program_test] "cp_amm" SBF program from ./target/deploy/cp_amm.so, modified 24 minutes, 33 seconds, 383 ms, 317 µs and 203 ns ago
[2025-11-05T06:35:26.036181000Z INFO  solana_program_test] "fee_router" SBF program from ./target/deploy/fee_router.so, modified 36 seconds, 120 ms, 440 µs and 331 ns ago
[2025-11-05T06:35:26.036303000Z INFO  solana_program_test] "transfer_hook_counter" SBF program from tests/fixtures/transfer_hook_counter.so, modified 3 weeks, 22 hours, 59 minutes, 861 ms, 902 µs and 196 ns ago
[2025-11-05T06:35:26.036637000Z INFO  solana_program_test] "alpha_vault" SBF program from tests/fixtures/alpha_vault.so, modified 3 weeks, 22 hours, 59 minutes, 862 ms, 920 µs and 72 ns ago
[2025-11-05T06:35:26.036980000Z INFO  solana_program_test] "streamflow" SBF program from tests/fixtures/streamflow.so, modified 3 weeks, 6 hours, 59 minutes, 10 seconds, 747 ms, 894 µs and 387 ns ago
[2025-11-05T06:35:26.037241000Z INFO  solana_program_test] "cp_amm" SBF program from ./target/deploy/cp_amm.so, modified 24 minutes, 33 seconds, 384 ms, 560 µs and 203 ns ago
[2025-11-05T06:35:26.037379000Z INFO  solana_program_test] "fee_router" SBF program from ./target/deploy/fee_router.so, modified 36 seconds, 121 ms, 638 µs and 331 ns ago
[2025-11-05T06:35:26.055030000Z INFO  solana_program_test] Overriding account at ASmKWt93JEMHxbdE6j7znD9y2FcdPboCzC3xtSTJvN7S
[2025-11-05T06:35:26.055045000Z INFO  solana_program_test] Overriding account at 5B57SJ3g2YoNXUpsZqqjEQkRSxyKtVTQRXdgAirz6bio
[2025-11-05T06:35:26.066227000Z DEBUG solana_runtime::message_processor::stable_log] Program 11111111111111111111111111111111 invoke [1]
[2025-11-05T06:35:26.066244000Z DEBUG solana_runtime::message_processor::stable_log] Program 11111111111111111111111111111111 success
[2025-11-05T06:35:26.070182000Z DEBUG solana_runtime::message_processor::stable_log] Program 11111111111111111111111111111111 invoke [1]
[2025-11-05T06:35:26.070191000Z DEBUG solana_runtime::message_processor::stable_log] Program 11111111111111111111111111111111 success
[2025-11-05T06:35:26.073873000Z DEBUG solana_runtime::message_processor::stable_log] Program 11111111111111111111111111111111 invoke [1]
[2025-11-05T06:35:26.073884000Z DEBUG solana_runtime::message_processor::stable_log] Program 11111111111111111111111111111111 success
[2025-11-05T06:35:26.077348000Z DEBUG solana_runtime::message_processor::stable_log] Program 11111111111111111111111111111111 invoke [1]
[2025-11-05T06:35:26.077355000Z DEBUG solana_runtime::message_processor::stable_log] Program 11111111111111111111111111111111 success
[2025-11-05T06:35:26.085160000Z DEBUG solana_runtime::message_processor::stable_log] Program 11111111111111111111111111111111 invoke [1]
[2025-11-05T06:35:26.085192000Z DEBUG solana_runtime::message_processor::stable_log] Program 11111111111111111111111111111111 success
[2025-11-05T06:35:26.085200000Z DEBUG solana_runtime::message_processor::stable_log] Program TokenkegQfeZyiNwAJbNbGKPFXCWuBvf9Ss623VQ5DA invoke [1]
[2025-11-05T06:35:26.085253000Z DEBUG solana_runtime::message_processor::stable_log] Program log: Instruction: InitializeMint2
[2025-11-05T06:35:26.085292000Z DEBUG solana_runtime::message_processor::stable_log] Program TokenkegQfeZyiNwAJbNbGKPFXCWuBvf9Ss623VQ5DA consumed 2779 of 399850 compute units
[2025-11-05T06:35:26.085302000Z DEBUG solana_runtime::message_processor::stable_log] Program TokenkegQfeZyiNwAJbNbGKPFXCWuBvf9Ss623VQ5DA success
[2025-11-05T06:35:26.091902000Z DEBUG solana_runtime::message_processor::stable_log] Program 11111111111111111111111111111111 invoke [1]
[2025-11-05T06:35:26.091917000Z DEBUG solana_runtime::message_processor::stable_log] Program 11111111111111111111111111111111 success
[2025-11-05T06:35:26.091922000Z DEBUG solana_runtime::message_processor::stable_log] Program TokenkegQfeZyiNwAJbNbGKPFXCWuBvf9Ss623VQ5DA invoke [1]
[2025-11-05T06:35:26.091969000Z DEBUG solana_runtime::message_processor::stable_log] Program log: Instruction: InitializeMint2
[2025-11-05T06:35:26.092003000Z DEBUG solana_runtime::message_processor::stable_log] Program TokenkegQfeZyiNwAJbNbGKPFXCWuBvf9Ss623VQ5DA consumed 2779 of 399850 compute units
[2025-11-05T06:35:26.092012000Z DEBUG solana_runtime::message_processor::stable_log] Program TokenkegQfeZyiNwAJbNbGKPFXCWuBvf9Ss623VQ5DA success
[2025-11-05T06:35:26.096994000Z DEBUG solana_runtime::message_processor::stable_log] Program ATokenGPvbdGVxr1b2hvZbsiqW5xWH25efTNsLJA8knL invoke [1]
[2025-11-05T06:35:26.097063000Z DEBUG solana_runtime::message_processor::stable_log] Program log: Create
[2025-11-05T06:35:26.097112000Z DEBUG solana_runtime::message_processor::stable_log] Program TokenkegQfeZyiNwAJbNbGKPFXCWuBvf9Ss623VQ5DA invoke [2]
[2025-11-05T06:35:26.097149000Z DEBUG solana_runtime::message_processor::stable_log] Program log: Instruction: GetAccountDataSize
[2025-11-05T06:35:26.097166000Z DEBUG solana_runtime::message_processor::stable_log] Program TokenkegQfeZyiNwAJbNbGKPFXCWuBvf9Ss623VQ5DA consumed 1595 of 194555 compute units
[2025-11-05T06:35:26.097173000Z DEBUG solana_runtime::message_processor::stable_log] Program return: TokenkegQfeZyiNwAJbNbGKPFXCWuBvf9Ss623VQ5DA pQAAAAAAAAA=
[2025-11-05T06:35:26.097181000Z DEBUG solana_runtime::message_processor::stable_log] Program TokenkegQfeZyiNwAJbNbGKPFXCWuBvf9Ss623VQ5DA success
[2025-11-05T06:35:26.097239000Z DEBUG solana_runtime::message_processor::stable_log] Program 11111111111111111111111111111111 invoke [2]
[2025-11-05T06:35:26.097245000Z DEBUG solana_runtime::message_processor::stable_log] Program 11111111111111111111111111111111 success
[2025-11-05T06:35:26.097250000Z DEBUG solana_runtime::message_processor::stable_log] Program log: Initialize the associated token account
[2025-11-05T06:35:26.097268000Z DEBUG solana_runtime::message_processor::stable_log] Program TokenkegQfeZyiNwAJbNbGKPFXCWuBvf9Ss623VQ5DA invoke [2]
[2025-11-05T06:35:26.097290000Z DEBUG solana_runtime::message_processor::stable_log] Program log: Instruction: InitializeImmutableOwner
[2025-11-05T06:35:26.097302000Z DEBUG solana_runtime::message_processor::stable_log] Program log: Please upgrade to SPL Token 2022 for immutable owner support
[2025-11-05T06:35:26.097305000Z DEBUG solana_runtime::message_processor::stable_log] Program TokenkegQfeZyiNwAJbNbGKPFXCWuBvf9Ss623VQ5DA consumed 1405 of 187942 compute units
[2025-11-05T06:35:26.097313000Z DEBUG solana_runtime::message_processor::stable_log] Program TokenkegQfeZyiNwAJbNbGKPFXCWuBvf9Ss623VQ5DA success
[2025-11-05T06:35:26.097345000Z DEBUG solana_runtime::message_processor::stable_log] Program TokenkegQfeZyiNwAJbNbGKPFXCWuBvf9Ss623VQ5DA invoke [2]
[2025-11-05T06:35:26.097373000Z DEBUG solana_runtime::message_processor::stable_log] Program log: Instruction: InitializeAccount3
[2025-11-05T06:35:26.097426000Z DEBUG solana_runtime::message_processor::stable_log] Program TokenkegQfeZyiNwAJbNbGKPFXCWuBvf9Ss623VQ5DA consumed 4214 of 184058 compute units
[2025-11-05T06:35:26.097433000Z DEBUG solana_runtime::message_processor::stable_log] Program TokenkegQfeZyiNwAJbNbGKPFXCWuBvf9Ss623VQ5DA success
[2025-11-05T06:35:26.097446000Z DEBUG solana_runtime::message_processor::stable_log] Program ATokenGPvbdGVxr1b2hvZbsiqW5xWH25efTNsLJA8knL consumed 20460 of 200000 compute units
[2025-11-05T06:35:26.097455000Z DEBUG solana_runtime::message_processor::stable_log] Program ATokenGPvbdGVxr1b2hvZbsiqW5xWH25efTNsLJA8knL success
[2025-11-05T06:35:26.100912000Z DEBUG solana_runtime::message_processor::stable_log] Program TokenkegQfeZyiNwAJbNbGKPFXCWuBvf9Ss623VQ5DA invoke [1]
[2025-11-05T06:35:26.100973000Z DEBUG solana_runtime::message_processor::stable_log] Program log: Instruction: MintTo
[2025-11-05T06:35:26.101031000Z DEBUG solana_runtime::message_processor::stable_log] Program TokenkegQfeZyiNwAJbNbGKPFXCWuBvf9Ss623VQ5DA consumed 4491 of 200000 compute units
[2025-11-05T06:35:26.101045000Z DEBUG solana_runtime::message_processor::stable_log] Program TokenkegQfeZyiNwAJbNbGKPFXCWuBvf9Ss623VQ5DA success
[2025-11-05T06:35:26.105496000Z DEBUG solana_runtime::message_processor::stable_log] Program ATokenGPvbdGVxr1b2hvZbsiqW5xWH25efTNsLJA8knL invoke [1]
[2025-11-05T06:35:26.105570000Z DEBUG solana_runtime::message_processor::stable_log] Program log: Create
[2025-11-05T06:35:26.105627000Z DEBUG solana_runtime::message_processor::stable_log] Program TokenkegQfeZyiNwAJbNbGKPFXCWuBvf9Ss623VQ5DA invoke [2]
[2025-11-05T06:35:26.105665000Z DEBUG solana_runtime::message_processor::stable_log] Program log: Instruction: GetAccountDataSize
[2025-11-05T06:35:26.105682000Z DEBUG solana_runtime::message_processor::stable_log] Program TokenkegQfeZyiNwAJbNbGKPFXCWuBvf9Ss623VQ5DA consumed 1595 of 194555 compute units
[2025-11-05T06:35:26.105691000Z DEBUG solana_runtime::message_processor::stable_log] Program return: TokenkegQfeZyiNwAJbNbGKPFXCWuBvf9Ss623VQ5DA pQAAAAAAAAA=
[2025-11-05T06:35:26.105700000Z DEBUG solana_runtime::message_processor::stable_log] Program TokenkegQfeZyiNwAJbNbGKPFXCWuBvf9Ss623VQ5DA success
[2025-11-05T06:35:26.105754000Z DEBUG solana_runtime::message_processor::stable_log] Program 11111111111111111111111111111111 invoke [2]
[2025-11-05T06:35:26.105762000Z DEBUG solana_runtime::message_processor::stable_log] Program 11111111111111111111111111111111 success
[2025-11-05T06:35:26.105768000Z DEBUG solana_runtime::message_processor::stable_log] Program log: Initialize the associated token account
[2025-11-05T06:35:26.105785000Z DEBUG solana_runtime::message_processor::stable_log] Program TokenkegQfeZyiNwAJbNbGKPFXCWuBvf9Ss623VQ5DA invoke [2]
[2025-11-05T06:35:26.105806000Z DEBUG solana_runtime::message_processor::stable_log] Program log: Instruction: InitializeImmutableOwner
[2025-11-05T06:35:26.105818000Z DEBUG solana_runtime::message_processor::stable_log] Program log: Please upgrade to SPL Token 2022 for immutable owner support
[2025-11-05T06:35:26.105821000Z DEBUG solana_runtime::message_processor::stable_log] Program TokenkegQfeZyiNwAJbNbGKPFXCWuBvf9Ss623VQ5DA consumed 1405 of 187942 compute units
[2025-11-05T06:35:26.105828000Z DEBUG solana_runtime::message_processor::stable_log] Program TokenkegQfeZyiNwAJbNbGKPFXCWuBvf9Ss623VQ5DA success
[2025-11-05T06:35:26.105861000Z DEBUG solana_runtime::message_processor::stable_log] Program TokenkegQfeZyiNwAJbNbGKPFXCWuBvf9Ss623VQ5DA invoke [2]
[2025-11-05T06:35:26.105891000Z DEBUG solana_runtime::message_processor::stable_log] Program log: Instruction: InitializeAccount3
[2025-11-05T06:35:26.105943000Z DEBUG solana_runtime::message_processor::stable_log] Program TokenkegQfeZyiNwAJbNbGKPFXCWuBvf9Ss623VQ5DA consumed 4214 of 184058 compute units
[2025-11-05T06:35:26.105951000Z DEBUG solana_runtime::message_processor::stable_log] Program TokenkegQfeZyiNwAJbNbGKPFXCWuBvf9Ss623VQ5DA success
[2025-11-05T06:35:26.105964000Z DEBUG solana_runtime::message_processor::stable_log] Program ATokenGPvbdGVxr1b2hvZbsiqW5xWH25efTNsLJA8knL consumed 20460 of 200000 compute units
[2025-11-05T06:35:26.105973000Z DEBUG solana_runtime::message_processor::stable_log] Program ATokenGPvbdGVxr1b2hvZbsiqW5xWH25efTNsLJA8knL success
[2025-11-05T06:35:26.109409000Z DEBUG solana_runtime::message_processor::stable_log] Program TokenkegQfeZyiNwAJbNbGKPFXCWuBvf9Ss623VQ5DA invoke [1]
[2025-11-05T06:35:26.109463000Z DEBUG solana_runtime::message_processor::stable_log] Program log: Instruction: MintTo
[2025-11-05T06:35:26.109524000Z DEBUG solana_runtime::message_processor::stable_log] Program TokenkegQfeZyiNwAJbNbGKPFXCWuBvf9Ss623VQ5DA consumed 4491 of 200000 compute units
[2025-11-05T06:35:26.109533000Z DEBUG solana_runtime::message_processor::stable_log] Program TokenkegQfeZyiNwAJbNbGKPFXCWuBvf9Ss623VQ5DA success
[2025-11-05T06:35:26.114193000Z DEBUG solana_runtime::message_processor::stable_log] Program ATokenGPvbdGVxr1b2hvZbsiqW5xWH25efTNsLJA8knL invoke [1]
[2025-11-05T06:35:26.114259000Z DEBUG solana_runtime::message_processor::stable_log] Program log: Create
[2025-11-05T06:35:26.114311000Z DEBUG solana_runtime::message_processor::stable_log] Program TokenkegQfeZyiNwAJbNbGKPFXCWuBvf9Ss623VQ5DA invoke [2]
[2025-11-05T06:35:26.114376000Z DEBUG solana_runtime::message_processor::stable_log] Program log: Instruction: GetAccountDataSize
[2025-11-05T06:35:26.114396000Z DEBUG solana_runtime::message_processor::stable_log] Program TokenkegQfeZyiNwAJbNbGKPFXCWuBvf9Ss623VQ5DA consumed 1595 of 194555 compute units
[2025-11-05T06:35:26.114403000Z DEBUG solana_runtime::message_processor::stable_log] Program return: TokenkegQfeZyiNwAJbNbGKPFXCWuBvf9Ss623VQ5DA pQAAAAAAAAA=
[2025-11-05T06:35:26.114411000Z DEBUG solana_runtime::message_processor::stable_log] Program TokenkegQfeZyiNwAJbNbGKPFXCWuBvf9Ss623VQ5DA success
[2025-11-05T06:35:26.114465000Z DEBUG solana_runtime::message_processor::stable_log] Program 11111111111111111111111111111111 invoke [2]
[2025-11-05T06:35:26.114471000Z DEBUG solana_runtime::message_processor::stable_log] Program 11111111111111111111111111111111 success
[2025-11-05T06:35:26.114476000Z DEBUG solana_runtime::message_processor::stable_log] Program log: Initialize the associated token account
[2025-11-05T06:35:26.114494000Z DEBUG solana_runtime::message_processor::stable_log] Program TokenkegQfeZyiNwAJbNbGKPFXCWuBvf9Ss623VQ5DA invoke [2]
[2025-11-05T06:35:26.114517000Z DEBUG solana_runtime::message_processor::stable_log] Program log: Instruction: InitializeImmutableOwner
[2025-11-05T06:35:26.114528000Z DEBUG solana_runtime::message_processor::stable_log] Program log: Please upgrade to SPL Token 2022 for immutable owner support
[2025-11-05T06:35:26.114531000Z DEBUG solana_runtime::message_processor::stable_log] Program TokenkegQfeZyiNwAJbNbGKPFXCWuBvf9Ss623VQ5DA consumed 1405 of 187942 compute units
[2025-11-05T06:35:26.114538000Z DEBUG solana_runtime::message_processor::stable_log] Program TokenkegQfeZyiNwAJbNbGKPFXCWuBvf9Ss623VQ5DA success
[2025-11-05T06:35:26.114571000Z DEBUG solana_runtime::message_processor::stable_log] Program TokenkegQfeZyiNwAJbNbGKPFXCWuBvf9Ss623VQ5DA invoke [2]
[2025-11-05T06:35:26.114597000Z DEBUG solana_runtime::message_processor::stable_log] Program log: Instruction: InitializeAccount3
[2025-11-05T06:35:26.114675000Z DEBUG solana_runtime::message_processor::stable_log] Program TokenkegQfeZyiNwAJbNbGKPFXCWuBvf9Ss623VQ5DA consumed 4214 of 184058 compute units
[2025-11-05T06:35:26.114683000Z DEBUG solana_runtime::message_processor::stable_log] Program TokenkegQfeZyiNwAJbNbGKPFXCWuBvf9Ss623VQ5DA success
[2025-11-05T06:35:26.114696000Z DEBUG solana_runtime::message_processor::stable_log] Program ATokenGPvbdGVxr1b2hvZbsiqW5xWH25efTNsLJA8knL consumed 20460 of 200000 compute units
[2025-11-05T06:35:26.114704000Z DEBUG solana_runtime::message_processor::stable_log] Program ATokenGPvbdGVxr1b2hvZbsiqW5xWH25efTNsLJA8knL success
[2025-11-05T06:35:26.118023000Z DEBUG solana_runtime::message_processor::stable_log] Program TokenkegQfeZyiNwAJbNbGKPFXCWuBvf9Ss623VQ5DA invoke [1]
[2025-11-05T06:35:26.118110000Z DEBUG solana_runtime::message_processor::stable_log] Program log: Instruction: MintTo
[2025-11-05T06:35:26.118217000Z DEBUG solana_runtime::message_processor::stable_log] Program TokenkegQfeZyiNwAJbNbGKPFXCWuBvf9Ss623VQ5DA consumed 4491 of 200000 compute units
[2025-11-05T06:35:26.118231000Z DEBUG solana_runtime::message_processor::stable_log] Program TokenkegQfeZyiNwAJbNbGKPFXCWuBvf9Ss623VQ5DA success
[2025-11-05T06:35:26.123246000Z DEBUG solana_runtime::message_processor::stable_log] Program ATokenGPvbdGVxr1b2hvZbsiqW5xWH25efTNsLJA8knL invoke [1]
[2025-11-05T06:35:26.123342000Z DEBUG solana_runtime::message_processor::stable_log] Program log: Create
[2025-11-05T06:35:26.123393000Z DEBUG solana_runtime::message_processor::stable_log] Program TokenkegQfeZyiNwAJbNbGKPFXCWuBvf9Ss623VQ5DA invoke [2]
[2025-11-05T06:35:26.123428000Z DEBUG solana_runtime::message_processor::stable_log] Program log: Instruction: GetAccountDataSize
[2025-11-05T06:35:26.123447000Z DEBUG solana_runtime::message_processor::stable_log] Program TokenkegQfeZyiNwAJbNbGKPFXCWuBvf9Ss623VQ5DA consumed 1595 of 194555 compute units
[2025-11-05T06:35:26.123455000Z DEBUG solana_runtime::message_processor::stable_log] Program return: TokenkegQfeZyiNwAJbNbGKPFXCWuBvf9Ss623VQ5DA pQAAAAAAAAA=
[2025-11-05T06:35:26.123463000Z DEBUG solana_runtime::message_processor::stable_log] Program TokenkegQfeZyiNwAJbNbGKPFXCWuBvf9Ss623VQ5DA success
[2025-11-05T06:35:26.123518000Z DEBUG solana_runtime::message_processor::stable_log] Program 11111111111111111111111111111111 invoke [2]
[2025-11-05T06:35:26.123526000Z DEBUG solana_runtime::message_processor::stable_log] Program 11111111111111111111111111111111 success
[2025-11-05T06:35:26.123531000Z DEBUG solana_runtime::message_processor::stable_log] Program log: Initialize the associated token account
[2025-11-05T06:35:26.123552000Z DEBUG solana_runtime::message_processor::stable_log] Program TokenkegQfeZyiNwAJbNbGKPFXCWuBvf9Ss623VQ5DA invoke [2]
[2025-11-05T06:35:26.123575000Z DEBUG solana_runtime::message_processor::stable_log] Program log: Instruction: InitializeImmutableOwner
[2025-11-05T06:35:26.123586000Z DEBUG solana_runtime::message_processor::stable_log] Program log: Please upgrade to SPL Token 2022 for immutable owner support
[2025-11-05T06:35:26.123589000Z DEBUG solana_runtime::message_processor::stable_log] Program TokenkegQfeZyiNwAJbNbGKPFXCWuBvf9Ss623VQ5DA consumed 1405 of 187942 compute units
[2025-11-05T06:35:26.123597000Z DEBUG solana_runtime::message_processor::stable_log] Program TokenkegQfeZyiNwAJbNbGKPFXCWuBvf9Ss623VQ5DA success
[2025-11-05T06:35:26.123630000Z DEBUG solana_runtime::message_processor::stable_log] Program TokenkegQfeZyiNwAJbNbGKPFXCWuBvf9Ss623VQ5DA invoke [2]
[2025-11-05T06:35:26.123657000Z DEBUG solana_runtime::message_processor::stable_log] Program log: Instruction: InitializeAccount3
[2025-11-05T06:35:26.123710000Z DEBUG solana_runtime::message_processor::stable_log] Program TokenkegQfeZyiNwAJbNbGKPFXCWuBvf9Ss623VQ5DA consumed 4214 of 184058 compute units
[2025-11-05T06:35:26.123718000Z DEBUG solana_runtime::message_processor::stable_log] Program TokenkegQfeZyiNwAJbNbGKPFXCWuBvf9Ss623VQ5DA success
[2025-11-05T06:35:26.123730000Z DEBUG solana_runtime::message_processor::stable_log] Program ATokenGPvbdGVxr1b2hvZbsiqW5xWH25efTNsLJA8knL consumed 20460 of 200000 compute units
[2025-11-05T06:35:26.123740000Z DEBUG solana_runtime::message_processor::stable_log] Program ATokenGPvbdGVxr1b2hvZbsiqW5xWH25efTNsLJA8knL success
[2025-11-05T06:35:26.127028000Z DEBUG solana_runtime::message_processor::stable_log] Program TokenkegQfeZyiNwAJbNbGKPFXCWuBvf9Ss623VQ5DA invoke [1]
[2025-11-05T06:35:26.127082000Z DEBUG solana_runtime::message_processor::stable_log] Program log: Instruction: MintTo
[2025-11-05T06:35:26.127139000Z DEBUG solana_runtime::message_processor::stable_log] Program TokenkegQfeZyiNwAJbNbGKPFXCWuBvf9Ss623VQ5DA consumed 4491 of 200000 compute units
[2025-11-05T06:35:26.127148000Z DEBUG solana_runtime::message_processor::stable_log] Program TokenkegQfeZyiNwAJbNbGKPFXCWuBvf9Ss623VQ5DA success
[2025-11-05T06:35:26.139865000Z DEBUG solana_runtime::message_processor::stable_log] Program ASmKWt93JEMHxbdE6j7znD9y2FcdPboCzC3xtSTJvN7S invoke [1]
[2025-11-05T06:35:26.139924000Z DEBUG solana_runtime::message_processor::stable_log] Program log: Instruction: CreateConfig
[2025-11-05T06:35:26.140011000Z DEBUG solana_runtime::message_processor::stable_log] Program 11111111111111111111111111111111 invoke [2]
[2025-11-05T06:35:26.140020000Z DEBUG solana_runtime::message_processor::stable_log] Program 11111111111111111111111111111111 success
[2025-11-05T06:35:26.140163000Z DEBUG solana_runtime::message_processor::stable_log] Program ASmKWt93JEMHxbdE6j7znD9y2FcdPboCzC3xtSTJvN7S invoke [2]
[2025-11-05T06:35:26.140199000Z DEBUG solana_runtime::message_processor::stable_log] Program ASmKWt93JEMHxbdE6j7znD9y2FcdPboCzC3xtSTJvN7S consumed 2069 of 182975 compute units
[2025-11-05T06:35:26.140210000Z DEBUG solana_runtime::message_processor::stable_log] Program ASmKWt93JEMHxbdE6j7znD9y2FcdPboCzC3xtSTJvN7S success
[2025-11-05T06:35:26.140228000Z DEBUG solana_runtime::message_processor::stable_log] Program ASmKWt93JEMHxbdE6j7znD9y2FcdPboCzC3xtSTJvN7S consumed 19399 of 200000 compute units
[2025-11-05T06:35:26.140241000Z DEBUG solana_runtime::message_processor::stable_log] Program ASmKWt93JEMHxbdE6j7znD9y2FcdPboCzC3xtSTJvN7S success
[2025-11-05T06:35:26.165709000Z DEBUG solana_runtime::message_processor::stable_log] Program ASmKWt93JEMHxbdE6j7znD9y2FcdPboCzC3xtSTJvN7S invoke [1]
[2025-11-05T06:35:26.165836000Z DEBUG solana_runtime::message_processor::stable_log] Program log: Instruction: InitializePool
[2025-11-05T06:35:26.165966000Z DEBUG solana_runtime::message_processor::stable_log] Program 11111111111111111111111111111111 invoke [2]
[2025-11-05T06:35:26.165975000Z DEBUG solana_runtime::message_processor::stable_log] Program 11111111111111111111111111111111 success
[2025-11-05T06:35:26.166007000Z DEBUG solana_runtime::message_processor::stable_log] Program TokenzQdBNbLqP5VEhdkAS6EPFLC1PHnBqCXEpPxuEb invoke [2]
[2025-11-05T06:35:26.166034000Z DEBUG solana_runtime::message_processor::stable_log] Program log: MetadataPointerInstruction::Initialize
[2025-11-05T06:35:26.166065000Z DEBUG solana_runtime::message_processor::stable_log] Program TokenzQdBNbLqP5VEhdkAS6EPFLC1PHnBqCXEpPxuEb consumed 2442 of 334963 compute units
[2025-11-05T06:35:26.166074000Z DEBUG solana_runtime::message_processor::stable_log] Program TokenzQdBNbLqP5VEhdkAS6EPFLC1PHnBqCXEpPxuEb success
[2025-11-05T06:35:26.166103000Z DEBUG solana_runtime::message_processor::stable_log] Program TokenzQdBNbLqP5VEhdkAS6EPFLC1PHnBqCXEpPxuEb invoke [2]
[2025-11-05T06:35:26.166124000Z DEBUG solana_runtime::message_processor::stable_log] Program log: Instruction: InitializeMintCloseAuthority
[2025-11-05T06:35:26.166155000Z DEBUG solana_runtime::message_processor::stable_log] Program TokenzQdBNbLqP5VEhdkAS6EPFLC1PHnBqCXEpPxuEb consumed 2570 of 330543 compute units
[2025-11-05T06:35:26.166163000Z DEBUG solana_runtime::message_processor::stable_log] Program TokenzQdBNbLqP5VEhdkAS6EPFLC1PHnBqCXEpPxuEb success
[2025-11-05T06:35:26.166190000Z DEBUG solana_runtime::message_processor::stable_log] Program TokenzQdBNbLqP5VEhdkAS6EPFLC1PHnBqCXEpPxuEb invoke [2]
[2025-11-05T06:35:26.166213000Z DEBUG solana_runtime::message_processor::stable_log] Program log: Instruction: InitializeMint2
[2025-11-05T06:35:26.166268000Z DEBUG solana_runtime::message_processor::stable_log] Program TokenzQdBNbLqP5VEhdkAS6EPFLC1PHnBqCXEpPxuEb consumed 4078 of 326031 compute units
[2025-11-05T06:35:26.166275000Z DEBUG solana_runtime::message_processor::stable_log] Program TokenzQdBNbLqP5VEhdkAS6EPFLC1PHnBqCXEpPxuEb success
[2025-11-05T06:35:26.166389000Z DEBUG solana_runtime::message_processor::stable_log] Program 11111111111111111111111111111111 invoke [2]
[2025-11-05T06:35:26.166393000Z DEBUG solana_runtime::message_processor::stable_log] Program 11111111111111111111111111111111 success
[2025-11-05T06:35:26.166420000Z DEBUG solana_runtime::message_processor::stable_log] Program TokenzQdBNbLqP5VEhdkAS6EPFLC1PHnBqCXEpPxuEb invoke [2]
[2025-11-05T06:35:26.166447000Z DEBUG solana_runtime::message_processor::stable_log] Program log: Instruction: InitializeAccount3
[2025-11-05T06:35:26.166524000Z DEBUG solana_runtime::message_processor::stable_log] Program TokenzQdBNbLqP5VEhdkAS6EPFLC1PHnBqCXEpPxuEb consumed 5137 of 312347 compute units
[2025-11-05T06:35:26.166532000Z DEBUG solana_runtime::message_processor::stable_log] Program TokenzQdBNbLqP5VEhdkAS6EPFLC1PHnBqCXEpPxuEb success
[2025-11-05T06:35:26.166648000Z DEBUG solana_runtime::message_processor::stable_log] Program 11111111111111111111111111111111 invoke [2]
[2025-11-05T06:35:26.166660000Z DEBUG solana_runtime::message_processor::stable_log] Program 11111111111111111111111111111111 success
[2025-11-05T06:35:26.166827000Z DEBUG solana_runtime::message_processor::stable_log] Program 11111111111111111111111111111111 invoke [2]
[2025-11-05T06:35:26.166830000Z DEBUG solana_runtime::message_processor::stable_log] Program 11111111111111111111111111111111 success
[2025-11-05T06:35:26.166908000Z DEBUG solana_runtime::message_processor::stable_log] Program 11111111111111111111111111111111 invoke [2]
[2025-11-05T06:35:26.166913000Z DEBUG solana_runtime::message_processor::stable_log] Program 11111111111111111111111111111111 success
[2025-11-05T06:35:26.166940000Z DEBUG solana_runtime::message_processor::stable_log] Program TokenkegQfeZyiNwAJbNbGKPFXCWuBvf9Ss623VQ5DA invoke [2]
[2025-11-05T06:35:26.166979000Z DEBUG solana_runtime::message_processor::stable_log] Program log: Instruction: InitializeAccount3
[2025-11-05T06:35:26.167034000Z DEBUG solana_runtime::message_processor::stable_log] Program TokenkegQfeZyiNwAJbNbGKPFXCWuBvf9Ss623VQ5DA consumed 4214 of 278244 compute units
[2025-11-05T06:35:26.167042000Z DEBUG solana_runtime::message_processor::stable_log] Program TokenkegQfeZyiNwAJbNbGKPFXCWuBvf9Ss623VQ5DA success
[2025-11-05T06:35:26.167160000Z DEBUG solana_runtime::message_processor::stable_log] Program 11111111111111111111111111111111 invoke [2]
[2025-11-05T06:35:26.167163000Z DEBUG solana_runtime::message_processor::stable_log] Program 11111111111111111111111111111111 success
[2025-11-05T06:35:26.167188000Z DEBUG solana_runtime::message_processor::stable_log] Program TokenkegQfeZyiNwAJbNbGKPFXCWuBvf9Ss623VQ5DA invoke [2]
[2025-11-05T06:35:26.167212000Z DEBUG solana_runtime::message_processor::stable_log] Program log: Instruction: InitializeAccount3
[2025-11-05T06:35:26.167262000Z DEBUG solana_runtime::message_processor::stable_log] Program TokenkegQfeZyiNwAJbNbGKPFXCWuBvf9Ss623VQ5DA consumed 4214 of 259105 compute units
[2025-11-05T06:35:26.167269000Z DEBUG solana_runtime::message_processor::stable_log] Program TokenkegQfeZyiNwAJbNbGKPFXCWuBvf9Ss623VQ5DA success
[2025-11-05T06:35:26.167479000Z DEBUG solana_runtime::message_processor::stable_log] Program TokenzQdBNbLqP5VEhdkAS6EPFLC1PHnBqCXEpPxuEb invoke [2]
[2025-11-05T06:35:26.167532000Z DEBUG solana_runtime::message_processor::stable_log] Program log: TokenMetadataInstruction: Initialize
[2025-11-05T06:35:26.167648000Z DEBUG solana_runtime::message_processor::stable_log] Program TokenzQdBNbLqP5VEhdkAS6EPFLC1PHnBqCXEpPxuEb consumed 9900 of 242603 compute units
[2025-11-05T06:35:26.167657000Z DEBUG solana_runtime::message_processor::stable_log] Program TokenzQdBNbLqP5VEhdkAS6EPFLC1PHnBqCXEpPxuEb success
[2025-11-05T06:35:26.167696000Z DEBUG solana_runtime::message_processor::stable_log] Program 11111111111111111111111111111111 invoke [2]
[2025-11-05T06:35:26.167699000Z DEBUG solana_runtime::message_processor::stable_log] Program 11111111111111111111111111111111 success
[2025-11-05T06:35:26.167737000Z DEBUG solana_runtime::message_processor::stable_log] Program TokenzQdBNbLqP5VEhdkAS6EPFLC1PHnBqCXEpPxuEb invoke [2]
[2025-11-05T06:35:26.167764000Z DEBUG solana_runtime::message_processor::stable_log] Program log: Instruction: MintTo
[2025-11-05T06:35:26.167836000Z DEBUG solana_runtime::message_processor::stable_log] Program TokenzQdBNbLqP5VEhdkAS6EPFLC1PHnBqCXEpPxuEb consumed 5540 of 227641 compute units
[2025-11-05T06:35:26.167843000Z DEBUG solana_runtime::message_processor::stable_log] Program TokenzQdBNbLqP5VEhdkAS6EPFLC1PHnBqCXEpPxuEb success
[2025-11-05T06:35:26.167894000Z DEBUG solana_runtime::message_processor::stable_log] Program ASmKWt93JEMHxbdE6j7znD9y2FcdPboCzC3xtSTJvN7S invoke [2]
[2025-11-05T06:35:26.167957000Z DEBUG solana_runtime::message_processor::stable_log] Program ASmKWt93JEMHxbdE6j7znD9y2FcdPboCzC3xtSTJvN7S consumed 2069 of 219036 compute units
[2025-11-05T06:35:26.167975000Z DEBUG solana_runtime::message_processor::stable_log] Program ASmKWt93JEMHxbdE6j7znD9y2FcdPboCzC3xtSTJvN7S success
[2025-11-05T06:35:26.168096000Z DEBUG solana_runtime::message_processor::stable_log] Program TokenkegQfeZyiNwAJbNbGKPFXCWuBvf9Ss623VQ5DA invoke [2]
[2025-11-05T06:35:26.168187000Z DEBUG solana_runtime::message_processor::stable_log] Program log: Instruction: TransferChecked
[2025-11-05T06:35:26.168359000Z DEBUG solana_runtime::message_processor::stable_log] Program TokenkegQfeZyiNwAJbNbGKPFXCWuBvf9Ss623VQ5DA consumed 6174 of 214423 compute units
[2025-11-05T06:35:26.168378000Z DEBUG solana_runtime::message_processor::stable_log] Program TokenkegQfeZyiNwAJbNbGKPFXCWuBvf9Ss623VQ5DA success
[2025-11-05T06:35:26.168455000Z DEBUG solana_runtime::message_processor::stable_log] Program TokenkegQfeZyiNwAJbNbGKPFXCWuBvf9Ss623VQ5DA invoke [2]
[2025-11-05T06:35:26.168508000Z DEBUG solana_runtime::message_processor::stable_log] Program log: Instruction: TransferChecked
[2025-11-05T06:35:26.168594000Z DEBUG solana_runtime::message_processor::stable_log] Program TokenkegQfeZyiNwAJbNbGKPFXCWuBvf9Ss623VQ5DA consumed 6174 of 205839 compute units
[2025-11-05T06:35:26.168609000Z DEBUG solana_runtime::message_processor::stable_log] Program TokenkegQfeZyiNwAJbNbGKPFXCWuBvf9Ss623VQ5DA success
[2025-11-05T06:35:26.168715000Z DEBUG solana_runtime::message_processor::stable_log] Program ASmKWt93JEMHxbdE6j7znD9y2FcdPboCzC3xtSTJvN7S invoke [2]
[2025-11-05T06:35:26.168763000Z DEBUG solana_runtime::message_processor::stable_log] Program ASmKWt93JEMHxbdE6j7znD9y2FcdPboCzC3xtSTJvN7S consumed 2069 of 194584 compute units
[2025-11-05T06:35:26.168773000Z DEBUG solana_runtime::message_processor::stable_log] Program ASmKWt93JEMHxbdE6j7znD9y2FcdPboCzC3xtSTJvN7S success
[2025-11-05T06:35:26.168799000Z DEBUG solana_runtime::message_processor::stable_log] Program ASmKWt93JEMHxbdE6j7znD9y2FcdPboCzC3xtSTJvN7S consumed 158279 of 350000 compute units
[2025-11-05T06:35:26.168811000Z DEBUG solana_runtime::message_processor::stable_log] Program ASmKWt93JEMHxbdE6j7znD9y2FcdPboCzC3xtSTJvN7S success
[2025-11-05T06:35:26.168821000Z DEBUG solana_runtime::message_processor::stable_log] Program ComputeBudget111111111111111111111111111111 invoke [1]
[2025-11-05T06:35:26.168829000Z DEBUG solana_runtime::message_processor::stable_log] Program ComputeBudget111111111111111111111111111111 success
[2025-11-05T06:35:26.195525000Z DEBUG solana_runtime::message_processor::stable_log] Program ASmKWt93JEMHxbdE6j7znD9y2FcdPboCzC3xtSTJvN7S invoke [1]
[2025-11-05T06:35:26.195639000Z DEBUG solana_runtime::message_processor::stable_log] Program log: Instruction: Swap
[2025-11-05T06:35:26.195982000Z DEBUG solana_runtime::message_processor::stable_log] Program TokenkegQfeZyiNwAJbNbGKPFXCWuBvf9Ss623VQ5DA invoke [2]
[2025-11-05T06:35:26.196155000Z DEBUG solana_runtime::message_processor::stable_log] Program log: Instruction: TransferChecked
[2025-11-05T06:35:26.196235000Z DEBUG solana_runtime::message_processor::stable_log] Program TokenkegQfeZyiNwAJbNbGKPFXCWuBvf9Ss623VQ5DA consumed 6174 of 175131 compute units
[2025-11-05T06:35:26.196251000Z DEBUG solana_runtime::message_processor::stable_log] Program TokenkegQfeZyiNwAJbNbGKPFXCWuBvf9Ss623VQ5DA success
[2025-11-05T06:35:26.196303000Z DEBUG solana_runtime::message_processor::stable_log] Program TokenkegQfeZyiNwAJbNbGKPFXCWuBvf9Ss623VQ5DA invoke [2]
[2025-11-05T06:35:26.196334000Z DEBUG solana_runtime::message_processor::stable_log] Program log: Instruction: TransferChecked
[2025-11-05T06:35:26.196404000Z DEBUG solana_runtime::message_processor::stable_log] Program TokenkegQfeZyiNwAJbNbGKPFXCWuBvf9Ss623VQ5DA consumed 6174 of 166493 compute units
[2025-11-05T06:35:26.196412000Z DEBUG solana_runtime::message_processor::stable_log] Program TokenkegQfeZyiNwAJbNbGKPFXCWuBvf9Ss623VQ5DA success
[2025-11-05T06:35:26.196512000Z DEBUG solana_runtime::message_processor::stable_log] Program ASmKWt93JEMHxbdE6j7znD9y2FcdPboCzC3xtSTJvN7S invoke [2]
[2025-11-05T06:35:26.196546000Z DEBUG solana_runtime::message_processor::stable_log] Program ASmKWt93JEMHxbdE6j7znD9y2FcdPboCzC3xtSTJvN7S consumed 2069 of 154316 compute units
[2025-11-05T06:35:26.196554000Z DEBUG solana_runtime::message_processor::stable_log] Program ASmKWt93JEMHxbdE6j7znD9y2FcdPboCzC3xtSTJvN7S success
[2025-11-05T06:35:26.196606000Z DEBUG solana_runtime::message_processor::stable_log] Program ASmKWt93JEMHxbdE6j7znD9y2FcdPboCzC3xtSTJvN7S invoke [2]
[2025-11-05T06:35:26.196633000Z DEBUG solana_runtime::message_processor::stable_log] Program ASmKWt93JEMHxbdE6j7znD9y2FcdPboCzC3xtSTJvN7S consumed 2069 of 148618 compute units
[2025-11-05T06:35:26.196641000Z DEBUG solana_runtime::message_processor::stable_log] Program ASmKWt93JEMHxbdE6j7znD9y2FcdPboCzC3xtSTJvN7S success
[2025-11-05T06:35:26.196659000Z DEBUG solana_runtime::message_processor::stable_log] Program ASmKWt93JEMHxbdE6j7znD9y2FcdPboCzC3xtSTJvN7S consumed 53985 of 200000 compute units
[2025-11-05T06:35:26.196668000Z DEBUG solana_runtime::message_processor::stable_log] Program ASmKWt93JEMHxbdE6j7znD9y2FcdPboCzC3xtSTJvN7S success
[2025-11-05T06:35:26.219861000Z DEBUG solana_runtime::message_processor::stable_log] Program ASmKWt93JEMHxbdE6j7znD9y2FcdPboCzC3xtSTJvN7S invoke [1]
[2025-11-05T06:35:26.219971000Z DEBUG solana_runtime::message_processor::stable_log] Program log: Instruction: Swap
[2025-11-05T06:35:26.220355000Z DEBUG solana_runtime::message_processor::stable_log] Program TokenkegQfeZyiNwAJbNbGKPFXCWuBvf9Ss623VQ5DA invoke [2]
[2025-11-05T06:35:26.220402000Z DEBUG solana_runtime::message_processor::stable_log] Program log: Instruction: TransferChecked
[2025-11-05T06:35:26.220480000Z DEBUG solana_runtime::message_processor::stable_log] Program TokenkegQfeZyiNwAJbNbGKPFXCWuBvf9Ss623VQ5DA consumed 6174 of 172889 compute units
[2025-11-05T06:35:26.220490000Z DEBUG solana_runtime::message_processor::stable_log] Program TokenkegQfeZyiNwAJbNbGKPFXCWuBvf9Ss623VQ5DA success
[2025-11-05T06:35:26.220541000Z DEBUG solana_runtime::message_processor::stable_log] Program TokenkegQfeZyiNwAJbNbGKPFXCWuBvf9Ss623VQ5DA invoke [2]
[2025-11-05T06:35:26.220574000Z DEBUG solana_runtime::message_processor::stable_log] Program log: Instruction: TransferChecked
[2025-11-05T06:35:26.220742000Z DEBUG solana_runtime::message_processor::stable_log] Program TokenkegQfeZyiNwAJbNbGKPFXCWuBvf9Ss623VQ5DA consumed 6269 of 164251 compute units
[2025-11-05T06:35:26.220753000Z DEBUG solana_runtime::message_processor::stable_log] Program TokenkegQfeZyiNwAJbNbGKPFXCWuBvf9Ss623VQ5DA success
[2025-11-05T06:35:26.220854000Z DEBUG solana_runtime::message_processor::stable_log] Program ASmKWt93JEMHxbdE6j7znD9y2FcdPboCzC3xtSTJvN7S invoke [2]
[2025-11-05T06:35:26.220889000Z DEBUG solana_runtime::message_processor::stable_log] Program ASmKWt93JEMHxbdE6j7znD9y2FcdPboCzC3xtSTJvN7S consumed 2069 of 151972 compute units
[2025-11-05T06:35:26.220900000Z DEBUG solana_runtime::message_processor::stable_log] Program ASmKWt93JEMHxbdE6j7znD9y2FcdPboCzC3xtSTJvN7S success
[2025-11-05T06:35:26.220954000Z DEBUG solana_runtime::message_processor::stable_log] Program ASmKWt93JEMHxbdE6j7znD9y2FcdPboCzC3xtSTJvN7S invoke [2]
[2025-11-05T06:35:26.220983000Z DEBUG solana_runtime::message_processor::stable_log] Program ASmKWt93JEMHxbdE6j7znD9y2FcdPboCzC3xtSTJvN7S consumed 2069 of 146274 compute units
[2025-11-05T06:35:26.220990000Z DEBUG solana_runtime::message_processor::stable_log] Program ASmKWt93JEMHxbdE6j7znD9y2FcdPboCzC3xtSTJvN7S success
[2025-11-05T06:35:26.221009000Z DEBUG solana_runtime::message_processor::stable_log] Program ASmKWt93JEMHxbdE6j7znD9y2FcdPboCzC3xtSTJvN7S consumed 56329 of 200000 compute units
[2025-11-05T06:35:26.221019000Z DEBUG solana_runtime::message_processor::stable_log] Program ASmKWt93JEMHxbdE6j7znD9y2FcdPboCzC3xtSTJvN7S success
[2025-11-05T06:35:26.251270000Z DEBUG solana_runtime::message_processor::stable_log] Program ASmKWt93JEMHxbdE6j7znD9y2FcdPboCzC3xtSTJvN7S invoke [1]
[2025-11-05T06:35:26.251382000Z DEBUG solana_runtime::message_processor::stable_log] Program log: Instruction: Swap
[2025-11-05T06:35:26.251719000Z DEBUG solana_runtime::message_processor::stable_log] Program TokenkegQfeZyiNwAJbNbGKPFXCWuBvf9Ss623VQ5DA invoke [2]
[2025-11-05T06:35:26.251760000Z DEBUG solana_runtime::message_processor::stable_log] Program log: Instruction: TransferChecked
[2025-11-05T06:35:26.251875000Z DEBUG solana_runtime::message_processor::stable_log] Program TokenkegQfeZyiNwAJbNbGKPFXCWuBvf9Ss623VQ5DA consumed 6174 of 177621 compute units
[2025-11-05T06:35:26.251889000Z DEBUG solana_runtime::message_processor::stable_log] Program TokenkegQfeZyiNwAJbNbGKPFXCWuBvf9Ss623VQ5DA success
[2025-11-05T06:35:26.251971000Z DEBUG solana_runtime::message_processor::stable_log] Program TokenkegQfeZyiNwAJbNbGKPFXCWuBvf9Ss623VQ5DA invoke [2]
[2025-11-05T06:35:26.252014000Z DEBUG solana_runtime::message_processor::stable_log] Program log: Instruction: TransferChecked
[2025-11-05T06:35:26.252092000Z DEBUG solana_runtime::message_processor::stable_log] Program TokenkegQfeZyiNwAJbNbGKPFXCWuBvf9Ss623VQ5DA consumed 6269 of 168983 compute units
[2025-11-05T06:35:26.252103000Z DEBUG solana_runtime::message_processor::stable_log] Program TokenkegQfeZyiNwAJbNbGKPFXCWuBvf9Ss623VQ5DA success
[2025-11-05T06:35:26.252208000Z DEBUG solana_runtime::message_processor::stable_log] Program ASmKWt93JEMHxbdE6j7znD9y2FcdPboCzC3xtSTJvN7S invoke [2]
[2025-11-05T06:35:26.252302000Z DEBUG solana_runtime::message_processor::stable_log] Program ASmKWt93JEMHxbdE6j7znD9y2FcdPboCzC3xtSTJvN7S consumed 2069 of 156698 compute units
[2025-11-05T06:35:26.252318000Z DEBUG solana_runtime::message_processor::stable_log] Program ASmKWt93JEMHxbdE6j7znD9y2FcdPboCzC3xtSTJvN7S success
[2025-11-05T06:35:26.252390000Z DEBUG solana_runtime::message_processor::stable_log] Program ASmKWt93JEMHxbdE6j7znD9y2FcdPboCzC3xtSTJvN7S invoke [2]
[2025-11-05T06:35:26.252417000Z DEBUG solana_runtime::message_processor::stable_log] Program ASmKWt93JEMHxbdE6j7znD9y2FcdPboCzC3xtSTJvN7S consumed 2069 of 151000 compute units
[2025-11-05T06:35:26.252428000Z DEBUG solana_runtime::message_processor::stable_log] Program ASmKWt93JEMHxbdE6j7znD9y2FcdPboCzC3xtSTJvN7S success
[2025-11-05T06:35:26.252447000Z DEBUG solana_runtime::message_processor::stable_log] Program ASmKWt93JEMHxbdE6j7znD9y2FcdPboCzC3xtSTJvN7S consumed 51603 of 200000 compute units
[2025-11-05T06:35:26.252457000Z DEBUG solana_runtime::message_processor::stable_log] Program ASmKWt93JEMHxbdE6j7znD9y2FcdPboCzC3xtSTJvN7S success
    ✔ Rate limiter (130ms)
[2025-11-05T06:35:26.277566000Z DEBUG solana_runtime::message_processor::stable_log] Program ASmKWt93JEMHxbdE6j7znD9y2FcdPboCzC3xtSTJvN7S invoke [1]
[2025-11-05T06:35:26.277705000Z DEBUG solana_runtime::message_processor::stable_log] Program log: Instruction: InitializeCustomizablePool
[2025-11-05T06:35:26.277859000Z DEBUG solana_runtime::message_processor::stable_log] Program 11111111111111111111111111111111 invoke [2]
[2025-11-05T06:35:26.277872000Z DEBUG solana_runtime::message_processor::stable_log] Program 11111111111111111111111111111111 success
[2025-11-05T06:35:26.277906000Z DEBUG solana_runtime::message_processor::stable_log] Program TokenzQdBNbLqP5VEhdkAS6EPFLC1PHnBqCXEpPxuEb invoke [2]
[2025-11-05T06:35:26.277941000Z DEBUG solana_runtime::message_processor::stable_log] Program log: MetadataPointerInstruction::Initialize
[2025-11-05T06:35:26.277982000Z DEBUG solana_runtime::message_processor::stable_log] Program TokenzQdBNbLqP5VEhdkAS6EPFLC1PHnBqCXEpPxuEb consumed 2442 of 334817 compute units
[2025-11-05T06:35:26.277992000Z DEBUG solana_runtime::message_processor::stable_log] Program TokenzQdBNbLqP5VEhdkAS6EPFLC1PHnBqCXEpPxuEb success
[2025-11-05T06:35:26.278020000Z DEBUG solana_runtime::message_processor::stable_log] Program TokenzQdBNbLqP5VEhdkAS6EPFLC1PHnBqCXEpPxuEb invoke [2]
[2025-11-05T06:35:26.278044000Z DEBUG solana_runtime::message_processor::stable_log] Program log: Instruction: InitializeMintCloseAuthority
[2025-11-05T06:35:26.278076000Z DEBUG solana_runtime::message_processor::stable_log] Program TokenzQdBNbLqP5VEhdkAS6EPFLC1PHnBqCXEpPxuEb consumed 2570 of 330397 compute units
[2025-11-05T06:35:26.278083000Z DEBUG solana_runtime::message_processor::stable_log] Program TokenzQdBNbLqP5VEhdkAS6EPFLC1PHnBqCXEpPxuEb success
[2025-11-05T06:35:26.278112000Z DEBUG solana_runtime::message_processor::stable_log] Program TokenzQdBNbLqP5VEhdkAS6EPFLC1PHnBqCXEpPxuEb invoke [2]
[2025-11-05T06:35:26.278134000Z DEBUG solana_runtime::message_processor::stable_log] Program log: Instruction: InitializeMint2
[2025-11-05T06:35:26.278194000Z DEBUG solana_runtime::message_processor::stable_log] Program TokenzQdBNbLqP5VEhdkAS6EPFLC1PHnBqCXEpPxuEb consumed 4078 of 325885 compute units
[2025-11-05T06:35:26.278205000Z DEBUG solana_runtime::message_processor::stable_log] Program TokenzQdBNbLqP5VEhdkAS6EPFLC1PHnBqCXEpPxuEb success
[2025-11-05T06:35:26.278324000Z DEBUG solana_runtime::message_processor::stable_log] Program 11111111111111111111111111111111 invoke [2]
[2025-11-05T06:35:26.278334000Z DEBUG solana_runtime::message_processor::stable_log] Program 11111111111111111111111111111111 success
[2025-11-05T06:35:26.278398000Z DEBUG solana_runtime::message_processor::stable_log] Program TokenzQdBNbLqP5VEhdkAS6EPFLC1PHnBqCXEpPxuEb invoke [2]
[2025-11-05T06:35:26.278431000Z DEBUG solana_runtime::message_processor::stable_log] Program log: Instruction: InitializeAccount3
[2025-11-05T06:35:26.278508000Z DEBUG solana_runtime::message_processor::stable_log] Program TokenzQdBNbLqP5VEhdkAS6EPFLC1PHnBqCXEpPxuEb consumed 5137 of 312201 compute units
[2025-11-05T06:35:26.278519000Z DEBUG solana_runtime::message_processor::stable_log] Program TokenzQdBNbLqP5VEhdkAS6EPFLC1PHnBqCXEpPxuEb success
[2025-11-05T06:35:26.278615000Z DEBUG solana_runtime::message_processor::stable_log] Program 11111111111111111111111111111111 invoke [2]
[2025-11-05T06:35:26.278619000Z DEBUG solana_runtime::message_processor::stable_log] Program 11111111111111111111111111111111 success
[2025-11-05T06:35:26.278685000Z DEBUG solana_runtime::message_processor::stable_log] Program 11111111111111111111111111111111 invoke [2]
[2025-11-05T06:35:26.278691000Z DEBUG solana_runtime::message_processor::stable_log] Program 11111111111111111111111111111111 success
[2025-11-05T06:35:26.278793000Z DEBUG solana_runtime::message_processor::stable_log] Program 11111111111111111111111111111111 invoke [2]
[2025-11-05T06:35:26.278808000Z DEBUG solana_runtime::message_processor::stable_log] Program 11111111111111111111111111111111 success
[2025-11-05T06:35:26.278967000Z DEBUG solana_runtime::message_processor::stable_log] Program TokenkegQfeZyiNwAJbNbGKPFXCWuBvf9Ss623VQ5DA invoke [2]
[2025-11-05T06:35:26.279006000Z DEBUG solana_runtime::message_processor::stable_log] Program log: Instruction: InitializeAccount3
[2025-11-05T06:35:26.279065000Z DEBUG solana_runtime::message_processor::stable_log] Program TokenkegQfeZyiNwAJbNbGKPFXCWuBvf9Ss623VQ5DA consumed 4214 of 284130 compute units
[2025-11-05T06:35:26.279074000Z DEBUG solana_runtime::message_processor::stable_log] Program TokenkegQfeZyiNwAJbNbGKPFXCWuBvf9Ss623VQ5DA success
[2025-11-05T06:35:26.279196000Z DEBUG solana_runtime::message_processor::stable_log] Program 11111111111111111111111111111111 invoke [2]
[2025-11-05T06:35:26.279200000Z DEBUG solana_runtime::message_processor::stable_log] Program 11111111111111111111111111111111 success
[2025-11-05T06:35:26.279228000Z DEBUG solana_runtime::message_processor::stable_log] Program TokenkegQfeZyiNwAJbNbGKPFXCWuBvf9Ss623VQ5DA invoke [2]
[2025-11-05T06:35:26.279256000Z DEBUG solana_runtime::message_processor::stable_log] Program log: Instruction: InitializeAccount3
[2025-11-05T06:35:26.279308000Z DEBUG solana_runtime::message_processor::stable_log] Program TokenkegQfeZyiNwAJbNbGKPFXCWuBvf9Ss623VQ5DA consumed 4214 of 264991 compute units
[2025-11-05T06:35:26.279315000Z DEBUG solana_runtime::message_processor::stable_log] Program TokenkegQfeZyiNwAJbNbGKPFXCWuBvf9Ss623VQ5DA success
[2025-11-05T06:35:26.279577000Z DEBUG solana_runtime::message_processor::stable_log] Program TokenzQdBNbLqP5VEhdkAS6EPFLC1PHnBqCXEpPxuEb invoke [2]
[2025-11-05T06:35:26.279631000Z DEBUG solana_runtime::message_processor::stable_log] Program log: TokenMetadataInstruction: Initialize
[2025-11-05T06:35:26.279793000Z DEBUG solana_runtime::message_processor::stable_log] Program TokenzQdBNbLqP5VEhdkAS6EPFLC1PHnBqCXEpPxuEb consumed 9900 of 245152 compute units
[2025-11-05T06:35:26.279804000Z DEBUG solana_runtime::message_processor::stable_log] Program TokenzQdBNbLqP5VEhdkAS6EPFLC1PHnBqCXEpPxuEb success
[2025-11-05T06:35:26.279845000Z DEBUG solana_runtime::message_processor::stable_log] Program 11111111111111111111111111111111 invoke [2]
[2025-11-05T06:35:26.279849000Z DEBUG solana_runtime::message_processor::stable_log] Program 11111111111111111111111111111111 success
[2025-11-05T06:35:26.279887000Z DEBUG solana_runtime::message_processor::stable_log] Program TokenzQdBNbLqP5VEhdkAS6EPFLC1PHnBqCXEpPxuEb invoke [2]
[2025-11-05T06:35:26.279917000Z DEBUG solana_runtime::message_processor::stable_log] Program log: Instruction: MintTo
[2025-11-05T06:35:26.279986000Z DEBUG solana_runtime::message_processor::stable_log] Program TokenzQdBNbLqP5VEhdkAS6EPFLC1PHnBqCXEpPxuEb consumed 5540 of 230190 compute units
[2025-11-05T06:35:26.279998000Z DEBUG solana_runtime::message_processor::stable_log] Program TokenzQdBNbLqP5VEhdkAS6EPFLC1PHnBqCXEpPxuEb success
[2025-11-05T06:35:26.280047000Z DEBUG solana_runtime::message_processor::stable_log] Program ASmKWt93JEMHxbdE6j7znD9y2FcdPboCzC3xtSTJvN7S invoke [2]
[2025-11-05T06:35:26.280125000Z DEBUG solana_runtime::message_processor::stable_log] Program ASmKWt93JEMHxbdE6j7znD9y2FcdPboCzC3xtSTJvN7S consumed 2069 of 221585 compute units
[2025-11-05T06:35:26.280143000Z DEBUG solana_runtime::message_processor::stable_log] Program ASmKWt93JEMHxbdE6j7znD9y2FcdPboCzC3xtSTJvN7S success
[2025-11-05T06:35:26.280187000Z DEBUG solana_runtime::message_processor::stable_log] Program TokenkegQfeZyiNwAJbNbGKPFXCWuBvf9Ss623VQ5DA invoke [2]
[2025-11-05T06:35:26.280221000Z DEBUG solana_runtime::message_processor::stable_log] Program log: Instruction: TransferChecked
[2025-11-05T06:35:26.280295000Z DEBUG solana_runtime::message_processor::stable_log] Program TokenkegQfeZyiNwAJbNbGKPFXCWuBvf9Ss623VQ5DA consumed 6174 of 216972 compute units
[2025-11-05T06:35:26.280304000Z DEBUG solana_runtime::message_processor::stable_log] Program TokenkegQfeZyiNwAJbNbGKPFXCWuBvf9Ss623VQ5DA success
[2025-11-05T06:35:26.280346000Z DEBUG solana_runtime::message_processor::stable_log] Program TokenkegQfeZyiNwAJbNbGKPFXCWuBvf9Ss623VQ5DA invoke [2]
[2025-11-05T06:35:26.280379000Z DEBUG solana_runtime::message_processor::stable_log] Program log: Instruction: TransferChecked
[2025-11-05T06:35:26.280446000Z DEBUG solana_runtime::message_processor::stable_log] Program TokenkegQfeZyiNwAJbNbGKPFXCWuBvf9Ss623VQ5DA consumed 6174 of 208387 compute units
[2025-11-05T06:35:26.280454000Z DEBUG solana_runtime::message_processor::stable_log] Program TokenkegQfeZyiNwAJbNbGKPFXCWuBvf9Ss623VQ5DA success
[2025-11-05T06:35:26.280528000Z DEBUG solana_runtime::message_processor::stable_log] Program ASmKWt93JEMHxbdE6j7znD9y2FcdPboCzC3xtSTJvN7S invoke [2]
[2025-11-05T06:35:26.280563000Z DEBUG solana_runtime::message_processor::stable_log] Program ASmKWt93JEMHxbdE6j7znD9y2FcdPboCzC3xtSTJvN7S consumed 2069 of 197121 compute units
[2025-11-05T06:35:26.280572000Z DEBUG solana_runtime::message_processor::stable_log] Program ASmKWt93JEMHxbdE6j7znD9y2FcdPboCzC3xtSTJvN7S success
[2025-11-05T06:35:26.280594000Z DEBUG solana_runtime::message_processor::stable_log] Program ASmKWt93JEMHxbdE6j7znD9y2FcdPboCzC3xtSTJvN7S consumed 155717 of 350000 compute units
[2025-11-05T06:35:26.280605000Z DEBUG solana_runtime::message_processor::stable_log] Program ASmKWt93JEMHxbdE6j7znD9y2FcdPboCzC3xtSTJvN7S success
[2025-11-05T06:35:26.280613000Z DEBUG solana_runtime::message_processor::stable_log] Program ComputeBudget111111111111111111111111111111 invoke [1]
[2025-11-05T06:35:26.280620000Z DEBUG solana_runtime::message_processor::stable_log] Program ComputeBudget111111111111111111111111111111 success
[2025-11-05T06:35:26.305758000Z DEBUG solana_runtime::message_processor::stable_log] Program ASmKWt93JEMHxbdE6j7znD9y2FcdPboCzC3xtSTJvN7S invoke [1]
[2025-11-05T06:35:26.305862000Z DEBUG solana_runtime::message_processor::stable_log] Program log: Instruction: Swap
[2025-11-05T06:35:26.306198000Z DEBUG solana_runtime::message_processor::stable_log] Program TokenkegQfeZyiNwAJbNbGKPFXCWuBvf9Ss623VQ5DA invoke [2]
[2025-11-05T06:35:26.306238000Z DEBUG solana_runtime::message_processor::stable_log] Program log: Instruction: TransferChecked
[2025-11-05T06:35:26.306508000Z DEBUG solana_runtime::message_processor::stable_log] Program TokenkegQfeZyiNwAJbNbGKPFXCWuBvf9Ss623VQ5DA consumed 6174 of 375132 compute units
[2025-11-05T06:35:26.306521000Z DEBUG solana_runtime::message_processor::stable_log] Program TokenkegQfeZyiNwAJbNbGKPFXCWuBvf9Ss623VQ5DA success
[2025-11-05T06:35:26.306574000Z DEBUG solana_runtime::message_processor::stable_log] Program TokenkegQfeZyiNwAJbNbGKPFXCWuBvf9Ss623VQ5DA invoke [2]
[2025-11-05T06:35:26.306605000Z DEBUG solana_runtime::message_processor::stable_log] Program log: Instruction: TransferChecked
[2025-11-05T06:35:26.306679000Z DEBUG solana_runtime::message_processor::stable_log] Program TokenkegQfeZyiNwAJbNbGKPFXCWuBvf9Ss623VQ5DA consumed 6174 of 366494 compute units
[2025-11-05T06:35:26.306688000Z DEBUG solana_runtime::message_processor::stable_log] Program TokenkegQfeZyiNwAJbNbGKPFXCWuBvf9Ss623VQ5DA success
[2025-11-05T06:35:26.306788000Z DEBUG solana_runtime::message_processor::stable_log] Program ASmKWt93JEMHxbdE6j7znD9y2FcdPboCzC3xtSTJvN7S invoke [2]
[2025-11-05T06:35:26.306822000Z DEBUG solana_runtime::message_processor::stable_log] Program ASmKWt93JEMHxbdE6j7znD9y2FcdPboCzC3xtSTJvN7S consumed 2069 of 354317 compute units
[2025-11-05T06:35:26.306830000Z DEBUG solana_runtime::message_processor::stable_log] Program ASmKWt93JEMHxbdE6j7znD9y2FcdPboCzC3xtSTJvN7S success
[2025-11-05T06:35:26.306882000Z DEBUG solana_runtime::message_processor::stable_log] Program ASmKWt93JEMHxbdE6j7znD9y2FcdPboCzC3xtSTJvN7S invoke [2]
[2025-11-05T06:35:26.306910000Z DEBUG solana_runtime::message_processor::stable_log] Program ASmKWt93JEMHxbdE6j7znD9y2FcdPboCzC3xtSTJvN7S consumed 2069 of 348619 compute units
[2025-11-05T06:35:26.306917000Z DEBUG solana_runtime::message_processor::stable_log] Program ASmKWt93JEMHxbdE6j7znD9y2FcdPboCzC3xtSTJvN7S success
[2025-11-05T06:35:26.306936000Z DEBUG solana_runtime::message_processor::stable_log] Program ASmKWt93JEMHxbdE6j7znD9y2FcdPboCzC3xtSTJvN7S consumed 53984 of 400000 compute units
[2025-11-05T06:35:26.306946000Z DEBUG solana_runtime::message_processor::stable_log] Program ASmKWt93JEMHxbdE6j7znD9y2FcdPboCzC3xtSTJvN7S success
[2025-11-05T06:35:26.306955000Z DEBUG solana_runtime::message_processor::stable_log] Program ASmKWt93JEMHxbdE6j7znD9y2FcdPboCzC3xtSTJvN7S invoke [1]
[2025-11-05T06:35:26.307024000Z DEBUG solana_runtime::message_processor::stable_log] Program log: Instruction: Swap
[2025-11-05T06:35:26.307272000Z DEBUG solana_runtime::message_processor::stable_log] Program log: AnchorError thrown in programs/cp-amm/src/instructions/swap/ix_swap.rs:339. Error Code: FailToValidateSingleSwapInstruction. Error Number: 6049. Error Message: Fail to validate single swap instruction in rate limiter.
[2025-11-05T06:35:26.307285000Z DEBUG solana_runtime::message_processor::stable_log] Program ASmKWt93JEMHxbdE6j7znD9y2FcdPboCzC3xtSTJvN7S consumed 21029 of 346016 compute units
[2025-11-05T06:35:26.307293000Z DEBUG solana_runtime::message_processor::stable_log] Program ASmKWt93JEMHxbdE6j7znD9y2FcdPboCzC3xtSTJvN7S failed: custom program error: 0x17a1
    ✔ Try to send multiple instructions (50ms)

  Remove liquidity
    SPL Token
[2025-11-05T06:35:26.309690000Z INFO  solana_program_test] "cp_amm" SBF program from ./target/deploy/cp_amm.so, modified 24 minutes, 33 seconds, 657 ms, 6 µs and 203 ns ago
[2025-11-05T06:35:26.309841000Z INFO  solana_program_test] "fee_router" SBF program from ./target/deploy/fee_router.so, modified 36 seconds, 394 ms, 100 µs and 331 ns ago
[2025-11-05T06:35:26.309965000Z INFO  solana_program_test] "transfer_hook_counter" SBF program from tests/fixtures/transfer_hook_counter.so, modified 3 weeks, 22 hours, 59 minutes, 1 second, 135 ms, 564 µs and 196 ns ago
[2025-11-05T06:35:26.310157000Z INFO  solana_program_test] "alpha_vault" SBF program from tests/fixtures/alpha_vault.so, modified 3 weeks, 22 hours, 59 minutes, 1 second, 136 ms, 444 µs and 72 ns ago
[2025-11-05T06:35:26.310541000Z INFO  solana_program_test] "streamflow" SBF program from tests/fixtures/streamflow.so, modified 3 weeks, 6 hours, 59 minutes, 11 seconds, 21 ms, 456 µs and 387 ns ago
[2025-11-05T06:35:26.310836000Z INFO  solana_program_test] "cp_amm" SBF program from ./target/deploy/cp_amm.so, modified 24 minutes, 33 seconds, 658 ms, 155 µs and 203 ns ago
[2025-11-05T06:35:26.310960000Z INFO  solana_program_test] "fee_router" SBF program from ./target/deploy/fee_router.so, modified 36 seconds, 395 ms, 220 µs and 331 ns ago
[2025-11-05T06:35:26.329438000Z INFO  solana_program_test] Overriding account at ASmKWt93JEMHxbdE6j7znD9y2FcdPboCzC3xtSTJvN7S
[2025-11-05T06:35:26.329454000Z INFO  solana_program_test] Overriding account at 5B57SJ3g2YoNXUpsZqqjEQkRSxyKtVTQRXdgAirz6bio
[2025-11-05T06:35:26.340836000Z DEBUG solana_runtime::message_processor::stable_log] Program 11111111111111111111111111111111 invoke [1]
[2025-11-05T06:35:26.340849000Z DEBUG solana_runtime::message_processor::stable_log] Program 11111111111111111111111111111111 success
[2025-11-05T06:35:26.345014000Z DEBUG solana_runtime::message_processor::stable_log] Program 11111111111111111111111111111111 invoke [1]
[2025-11-05T06:35:26.345027000Z DEBUG solana_runtime::message_processor::stable_log] Program 11111111111111111111111111111111 success
[2025-11-05T06:35:26.348981000Z DEBUG solana_runtime::message_processor::stable_log] Program 11111111111111111111111111111111 invoke [1]
[2025-11-05T06:35:26.348991000Z DEBUG solana_runtime::message_processor::stable_log] Program 11111111111111111111111111111111 success
[2025-11-05T06:35:26.357292000Z DEBUG solana_runtime::message_processor::stable_log] Program 11111111111111111111111111111111 invoke [1]
[2025-11-05T06:35:26.357306000Z DEBUG solana_runtime::message_processor::stable_log] Program 11111111111111111111111111111111 success
[2025-11-05T06:35:26.357311000Z DEBUG solana_runtime::message_processor::stable_log] Program TokenkegQfeZyiNwAJbNbGKPFXCWuBvf9Ss623VQ5DA invoke [1]
[2025-11-05T06:35:26.357414000Z DEBUG solana_runtime::message_processor::stable_log] Program log: Instruction: InitializeMint2
[2025-11-05T06:35:26.357457000Z DEBUG solana_runtime::message_processor::stable_log] Program TokenkegQfeZyiNwAJbNbGKPFXCWuBvf9Ss623VQ5DA consumed 2779 of 399850 compute units
[2025-11-05T06:35:26.357469000Z DEBUG solana_runtime::message_processor::stable_log] Program TokenkegQfeZyiNwAJbNbGKPFXCWuBvf9Ss623VQ5DA success
[2025-11-05T06:35:26.365258000Z DEBUG solana_runtime::message_processor::stable_log] Program 11111111111111111111111111111111 invoke [1]
[2025-11-05T06:35:26.365277000Z DEBUG solana_runtime::message_processor::stable_log] Program 11111111111111111111111111111111 success
[2025-11-05T06:35:26.365282000Z DEBUG solana_runtime::message_processor::stable_log] Program TokenkegQfeZyiNwAJbNbGKPFXCWuBvf9Ss623VQ5DA invoke [1]
[2025-11-05T06:35:26.365336000Z DEBUG solana_runtime::message_processor::stable_log] Program log: Instruction: InitializeMint2
[2025-11-05T06:35:26.365374000Z DEBUG solana_runtime::message_processor::stable_log] Program TokenkegQfeZyiNwAJbNbGKPFXCWuBvf9Ss623VQ5DA consumed 2779 of 399850 compute units
[2025-11-05T06:35:26.365386000Z DEBUG solana_runtime::message_processor::stable_log] Program TokenkegQfeZyiNwAJbNbGKPFXCWuBvf9Ss623VQ5DA success
[2025-11-05T06:35:26.371479000Z DEBUG solana_runtime::message_processor::stable_log] Program ATokenGPvbdGVxr1b2hvZbsiqW5xWH25efTNsLJA8knL invoke [1]
[2025-11-05T06:35:26.371565000Z DEBUG solana_runtime::message_processor::stable_log] Program log: Create
[2025-11-05T06:35:26.371629000Z DEBUG solana_runtime::message_processor::stable_log] Program TokenkegQfeZyiNwAJbNbGKPFXCWuBvf9Ss623VQ5DA invoke [2]
[2025-11-05T06:35:26.371665000Z DEBUG solana_runtime::message_processor::stable_log] Program log: Instruction: GetAccountDataSize
[2025-11-05T06:35:26.371685000Z DEBUG solana_runtime::message_processor::stable_log] Program TokenkegQfeZyiNwAJbNbGKPFXCWuBvf9Ss623VQ5DA consumed 1595 of 193055 compute units
[2025-11-05T06:35:26.371694000Z DEBUG solana_runtime::message_processor::stable_log] Program return: TokenkegQfeZyiNwAJbNbGKPFXCWuBvf9Ss623VQ5DA pQAAAAAAAAA=
[2025-11-05T06:35:26.371703000Z DEBUG solana_runtime::message_processor::stable_log] Program TokenkegQfeZyiNwAJbNbGKPFXCWuBvf9Ss623VQ5DA success
[2025-11-05T06:35:26.371763000Z DEBUG solana_runtime::message_processor::stable_log] Program 11111111111111111111111111111111 invoke [2]
[2025-11-05T06:35:26.371771000Z DEBUG solana_runtime::message_processor::stable_log] Program 11111111111111111111111111111111 success
[2025-11-05T06:35:26.371777000Z DEBUG solana_runtime::message_processor::stable_log] Program log: Initialize the associated token account
[2025-11-05T06:35:26.371797000Z DEBUG solana_runtime::message_processor::stable_log] Program TokenkegQfeZyiNwAJbNbGKPFXCWuBvf9Ss623VQ5DA invoke [2]
[2025-11-05T06:35:26.371821000Z DEBUG solana_runtime::message_processor::stable_log] Program log: Instruction: InitializeImmutableOwner
[2025-11-05T06:35:26.371834000Z DEBUG solana_runtime::message_processor::stable_log] Program log: Please upgrade to SPL Token 2022 for immutable owner support
[2025-11-05T06:35:26.371837000Z DEBUG solana_runtime::message_processor::stable_log] Program TokenkegQfeZyiNwAJbNbGKPFXCWuBvf9Ss623VQ5DA consumed 1405 of 186442 compute units
[2025-11-05T06:35:26.371846000Z DEBUG solana_runtime::message_processor::stable_log] Program TokenkegQfeZyiNwAJbNbGKPFXCWuBvf9Ss623VQ5DA success
[2025-11-05T06:35:26.371886000Z DEBUG solana_runtime::message_processor::stable_log] Program TokenkegQfeZyiNwAJbNbGKPFXCWuBvf9Ss623VQ5DA invoke [2]
[2025-11-05T06:35:26.371963000Z DEBUG solana_runtime::message_processor::stable_log] Program log: Instruction: InitializeAccount3
[2025-11-05T06:35:26.372047000Z DEBUG solana_runtime::message_processor::stable_log] Program TokenkegQfeZyiNwAJbNbGKPFXCWuBvf9Ss623VQ5DA consumed 4214 of 182558 compute units
[2025-11-05T06:35:26.372060000Z DEBUG solana_runtime::message_processor::stable_log] Program TokenkegQfeZyiNwAJbNbGKPFXCWuBvf9Ss623VQ5DA success
[2025-11-05T06:35:26.372074000Z DEBUG solana_runtime::message_processor::stable_log] Program ATokenGPvbdGVxr1b2hvZbsiqW5xWH25efTNsLJA8knL consumed 21960 of 200000 compute units
[2025-11-05T06:35:26.372084000Z DEBUG solana_runtime::message_processor::stable_log] Program ATokenGPvbdGVxr1b2hvZbsiqW5xWH25efTNsLJA8knL success
[2025-11-05T06:35:26.375907000Z DEBUG solana_runtime::message_processor::stable_log] Program TokenkegQfeZyiNwAJbNbGKPFXCWuBvf9Ss623VQ5DA invoke [1]
[2025-11-05T06:35:26.375965000Z DEBUG solana_runtime::message_processor::stable_log] Program log: Instruction: MintTo
[2025-11-05T06:35:26.376031000Z DEBUG solana_runtime::message_processor::stable_log] Program TokenkegQfeZyiNwAJbNbGKPFXCWuBvf9Ss623VQ5DA consumed 4491 of 200000 compute units
[2025-11-05T06:35:26.376042000Z DEBUG solana_runtime::message_processor::stable_log] Program TokenkegQfeZyiNwAJbNbGKPFXCWuBvf9Ss623VQ5DA success
[2025-11-05T06:35:26.381242000Z DEBUG solana_runtime::message_processor::stable_log] Program ATokenGPvbdGVxr1b2hvZbsiqW5xWH25efTNsLJA8knL invoke [1]
[2025-11-05T06:35:26.381313000Z DEBUG solana_runtime::message_processor::stable_log] Program log: Create
[2025-11-05T06:35:26.381364000Z DEBUG solana_runtime::message_processor::stable_log] Program TokenkegQfeZyiNwAJbNbGKPFXCWuBvf9Ss623VQ5DA invoke [2]
[2025-11-05T06:35:26.381396000Z DEBUG solana_runtime::message_processor::stable_log] Program log: Instruction: GetAccountDataSize
[2025-11-05T06:35:26.381415000Z DEBUG solana_runtime::message_processor::stable_log] Program TokenkegQfeZyiNwAJbNbGKPFXCWuBvf9Ss623VQ5DA consumed 1595 of 194555 compute units
[2025-11-05T06:35:26.381424000Z DEBUG solana_runtime::message_processor::stable_log] Program return: TokenkegQfeZyiNwAJbNbGKPFXCWuBvf9Ss623VQ5DA pQAAAAAAAAA=
[2025-11-05T06:35:26.381432000Z DEBUG solana_runtime::message_processor::stable_log] Program TokenkegQfeZyiNwAJbNbGKPFXCWuBvf9Ss623VQ5DA success
[2025-11-05T06:35:26.381493000Z DEBUG solana_runtime::message_processor::stable_log] Program 11111111111111111111111111111111 invoke [2]
[2025-11-05T06:35:26.381500000Z DEBUG solana_runtime::message_processor::stable_log] Program 11111111111111111111111111111111 success
[2025-11-05T06:35:26.381506000Z DEBUG solana_runtime::message_processor::stable_log] Program log: Initialize the associated token account
[2025-11-05T06:35:26.381525000Z DEBUG solana_runtime::message_processor::stable_log] Program TokenkegQfeZyiNwAJbNbGKPFXCWuBvf9Ss623VQ5DA invoke [2]
[2025-11-05T06:35:26.381549000Z DEBUG solana_runtime::message_processor::stable_log] Program log: Instruction: InitializeImmutableOwner
[2025-11-05T06:35:26.381561000Z DEBUG solana_runtime::message_processor::stable_log] Program log: Please upgrade to SPL Token 2022 for immutable owner support
[2025-11-05T06:35:26.381565000Z DEBUG solana_runtime::message_processor::stable_log] Program TokenkegQfeZyiNwAJbNbGKPFXCWuBvf9Ss623VQ5DA consumed 1405 of 187942 compute units
[2025-11-05T06:35:26.381574000Z DEBUG solana_runtime::message_processor::stable_log] Program TokenkegQfeZyiNwAJbNbGKPFXCWuBvf9Ss623VQ5DA success
[2025-11-05T06:35:26.381610000Z DEBUG solana_runtime::message_processor::stable_log] Program TokenkegQfeZyiNwAJbNbGKPFXCWuBvf9Ss623VQ5DA invoke [2]
[2025-11-05T06:35:26.381639000Z DEBUG solana_runtime::message_processor::stable_log] Program log: Instruction: InitializeAccount3
[2025-11-05T06:35:26.381705000Z DEBUG solana_runtime::message_processor::stable_log] Program TokenkegQfeZyiNwAJbNbGKPFXCWuBvf9Ss623VQ5DA consumed 4214 of 184058 compute units
[2025-11-05T06:35:26.381715000Z DEBUG solana_runtime::message_processor::stable_log] Program TokenkegQfeZyiNwAJbNbGKPFXCWuBvf9Ss623VQ5DA success
[2025-11-05T06:35:26.381729000Z DEBUG solana_runtime::message_processor::stable_log] Program ATokenGPvbdGVxr1b2hvZbsiqW5xWH25efTNsLJA8knL consumed 20460 of 200000 compute units
[2025-11-05T06:35:26.381739000Z DEBUG solana_runtime::message_processor::stable_log] Program ATokenGPvbdGVxr1b2hvZbsiqW5xWH25efTNsLJA8knL success
[2025-11-05T06:35:26.385308000Z DEBUG solana_runtime::message_processor::stable_log] Program TokenkegQfeZyiNwAJbNbGKPFXCWuBvf9Ss623VQ5DA invoke [1]
[2025-11-05T06:35:26.385374000Z DEBUG solana_runtime::message_processor::stable_log] Program log: Instruction: MintTo
[2025-11-05T06:35:26.385439000Z DEBUG solana_runtime::message_processor::stable_log] Program TokenkegQfeZyiNwAJbNbGKPFXCWuBvf9Ss623VQ5DA consumed 4491 of 200000 compute units
[2025-11-05T06:35:26.385453000Z DEBUG solana_runtime::message_processor::stable_log] Program TokenkegQfeZyiNwAJbNbGKPFXCWuBvf9Ss623VQ5DA success
[2025-11-05T06:35:26.390530000Z DEBUG solana_runtime::message_processor::stable_log] Program ATokenGPvbdGVxr1b2hvZbsiqW5xWH25efTNsLJA8knL invoke [1]
[2025-11-05T06:35:26.390608000Z DEBUG solana_runtime::message_processor::stable_log] Program log: Create
[2025-11-05T06:35:26.390662000Z DEBUG solana_runtime::message_processor::stable_log] Program TokenkegQfeZyiNwAJbNbGKPFXCWuBvf9Ss623VQ5DA invoke [2]
[2025-11-05T06:35:26.390698000Z DEBUG solana_runtime::message_processor::stable_log] Program log: Instruction: GetAccountDataSize
[2025-11-05T06:35:26.390716000Z DEBUG solana_runtime::message_processor::stable_log] Program TokenkegQfeZyiNwAJbNbGKPFXCWuBvf9Ss623VQ5DA consumed 1595 of 194555 compute units
[2025-11-05T06:35:26.390724000Z DEBUG solana_runtime::message_processor::stable_log] Program return: TokenkegQfeZyiNwAJbNbGKPFXCWuBvf9Ss623VQ5DA pQAAAAAAAAA=
[2025-11-05T06:35:26.390734000Z DEBUG solana_runtime::message_processor::stable_log] Program TokenkegQfeZyiNwAJbNbGKPFXCWuBvf9Ss623VQ5DA success
[2025-11-05T06:35:26.390793000Z DEBUG solana_runtime::message_processor::stable_log] Program 11111111111111111111111111111111 invoke [2]
[2025-11-05T06:35:26.390800000Z DEBUG solana_runtime::message_processor::stable_log] Program 11111111111111111111111111111111 success
[2025-11-05T06:35:26.390806000Z DEBUG solana_runtime::message_processor::stable_log] Program log: Initialize the associated token account
[2025-11-05T06:35:26.390826000Z DEBUG solana_runtime::message_processor::stable_log] Program TokenkegQfeZyiNwAJbNbGKPFXCWuBvf9Ss623VQ5DA invoke [2]
[2025-11-05T06:35:26.390849000Z DEBUG solana_runtime::message_processor::stable_log] Program log: Instruction: InitializeImmutableOwner
[2025-11-05T06:35:26.390861000Z DEBUG solana_runtime::message_processor::stable_log] Program log: Please upgrade to SPL Token 2022 for immutable owner support
[2025-11-05T06:35:26.390865000Z DEBUG solana_runtime::message_processor::stable_log] Program TokenkegQfeZyiNwAJbNbGKPFXCWuBvf9Ss623VQ5DA consumed 1405 of 187942 compute units
[2025-11-05T06:35:26.390873000Z DEBUG solana_runtime::message_processor::stable_log] Program TokenkegQfeZyiNwAJbNbGKPFXCWuBvf9Ss623VQ5DA success
[2025-11-05T06:35:26.390910000Z DEBUG solana_runtime::message_processor::stable_log] Program TokenkegQfeZyiNwAJbNbGKPFXCWuBvf9Ss623VQ5DA invoke [2]
[2025-11-05T06:35:26.390963000Z DEBUG solana_runtime::message_processor::stable_log] Program log: Instruction: InitializeAccount3
[2025-11-05T06:35:26.391099000Z DEBUG solana_runtime::message_processor::stable_log] Program TokenkegQfeZyiNwAJbNbGKPFXCWuBvf9Ss623VQ5DA consumed 4214 of 184058 compute units
[2025-11-05T06:35:26.391107000Z DEBUG solana_runtime::message_processor::stable_log] Program TokenkegQfeZyiNwAJbNbGKPFXCWuBvf9Ss623VQ5DA success
[2025-11-05T06:35:26.391121000Z DEBUG solana_runtime::message_processor::stable_log] Program ATokenGPvbdGVxr1b2hvZbsiqW5xWH25efTNsLJA8knL consumed 20460 of 200000 compute units
[2025-11-05T06:35:26.391131000Z DEBUG solana_runtime::message_processor::stable_log] Program ATokenGPvbdGVxr1b2hvZbsiqW5xWH25efTNsLJA8knL success
[2025-11-05T06:35:26.395120000Z DEBUG solana_runtime::message_processor::stable_log] Program TokenkegQfeZyiNwAJbNbGKPFXCWuBvf9Ss623VQ5DA invoke [1]
[2025-11-05T06:35:26.395187000Z DEBUG solana_runtime::message_processor::stable_log] Program log: Instruction: MintTo
[2025-11-05T06:35:26.395254000Z DEBUG solana_runtime::message_processor::stable_log] Program TokenkegQfeZyiNwAJbNbGKPFXCWuBvf9Ss623VQ5DA consumed 4491 of 200000 compute units
[2025-11-05T06:35:26.395265000Z DEBUG solana_runtime::message_processor::stable_log] Program TokenkegQfeZyiNwAJbNbGKPFXCWuBvf9Ss623VQ5DA success
[2025-11-05T06:35:26.400808000Z DEBUG solana_runtime::message_processor::stable_log] Program ATokenGPvbdGVxr1b2hvZbsiqW5xWH25efTNsLJA8knL invoke [1]
[2025-11-05T06:35:26.400894000Z DEBUG solana_runtime::message_processor::stable_log] Program log: Create
[2025-11-05T06:35:26.400950000Z DEBUG solana_runtime::message_processor::stable_log] Program TokenkegQfeZyiNwAJbNbGKPFXCWuBvf9Ss623VQ5DA invoke [2]
[2025-11-05T06:35:26.401003000Z DEBUG solana_runtime::message_processor::stable_log] Program log: Instruction: GetAccountDataSize
[2025-11-05T06:35:26.401027000Z DEBUG solana_runtime::message_processor::stable_log] Program TokenkegQfeZyiNwAJbNbGKPFXCWuBvf9Ss623VQ5DA consumed 1595 of 194555 compute units
[2025-11-05T06:35:26.401037000Z DEBUG solana_runtime::message_processor::stable_log] Program return: TokenkegQfeZyiNwAJbNbGKPFXCWuBvf9Ss623VQ5DA pQAAAAAAAAA=
[2025-11-05T06:35:26.401048000Z DEBUG solana_runtime::message_processor::stable_log] Program TokenkegQfeZyiNwAJbNbGKPFXCWuBvf9Ss623VQ5DA success
[2025-11-05T06:35:26.401150000Z DEBUG solana_runtime::message_processor::stable_log] Program 11111111111111111111111111111111 invoke [2]
[2025-11-05T06:35:26.401158000Z DEBUG solana_runtime::message_processor::stable_log] Program 11111111111111111111111111111111 success
[2025-11-05T06:35:26.401165000Z DEBUG solana_runtime::message_processor::stable_log] Program log: Initialize the associated token account
[2025-11-05T06:35:26.401187000Z DEBUG solana_runtime::message_processor::stable_log] Program TokenkegQfeZyiNwAJbNbGKPFXCWuBvf9Ss623VQ5DA invoke [2]
[2025-11-05T06:35:26.401215000Z DEBUG solana_runtime::message_processor::stable_log] Program log: Instruction: InitializeImmutableOwner
[2025-11-05T06:35:26.401236000Z DEBUG solana_runtime::message_processor::stable_log] Program log: Please upgrade to SPL Token 2022 for immutable owner support
[2025-11-05T06:35:26.401240000Z DEBUG solana_runtime::message_processor::stable_log] Program TokenkegQfeZyiNwAJbNbGKPFXCWuBvf9Ss623VQ5DA consumed 1405 of 187942 compute units
[2025-11-05T06:35:26.401250000Z DEBUG solana_runtime::message_processor::stable_log] Program TokenkegQfeZyiNwAJbNbGKPFXCWuBvf9Ss623VQ5DA success
[2025-11-05T06:35:26.401292000Z DEBUG solana_runtime::message_processor::stable_log] Program TokenkegQfeZyiNwAJbNbGKPFXCWuBvf9Ss623VQ5DA invoke [2]
[2025-11-05T06:35:26.401332000Z DEBUG solana_runtime::message_processor::stable_log] Program log: Instruction: InitializeAccount3
[2025-11-05T06:35:26.401460000Z DEBUG solana_runtime::message_processor::stable_log] Program TokenkegQfeZyiNwAJbNbGKPFXCWuBvf9Ss623VQ5DA consumed 4214 of 184058 compute units
[2025-11-05T06:35:26.401469000Z DEBUG solana_runtime::message_processor::stable_log] Program TokenkegQfeZyiNwAJbNbGKPFXCWuBvf9Ss623VQ5DA success
[2025-11-05T06:35:26.401483000Z DEBUG solana_runtime::message_processor::stable_log] Program ATokenGPvbdGVxr1b2hvZbsiqW5xWH25efTNsLJA8knL consumed 20460 of 200000 compute units
[2025-11-05T06:35:26.401494000Z DEBUG solana_runtime::message_processor::stable_log] Program ATokenGPvbdGVxr1b2hvZbsiqW5xWH25efTNsLJA8knL success
[2025-11-05T06:35:26.405348000Z DEBUG solana_runtime::message_processor::stable_log] Program TokenkegQfeZyiNwAJbNbGKPFXCWuBvf9Ss623VQ5DA invoke [1]
[2025-11-05T06:35:26.405400000Z DEBUG solana_runtime::message_processor::stable_log] Program log: Instruction: MintTo
[2025-11-05T06:35:26.405463000Z DEBUG solana_runtime::message_processor::stable_log] Program TokenkegQfeZyiNwAJbNbGKPFXCWuBvf9Ss623VQ5DA consumed 4491 of 200000 compute units
[2025-11-05T06:35:26.405474000Z DEBUG solana_runtime::message_processor::stable_log] Program TokenkegQfeZyiNwAJbNbGKPFXCWuBvf9Ss623VQ5DA success
[2025-11-05T06:35:26.419274000Z DEBUG solana_runtime::message_processor::stable_log] Program ASmKWt93JEMHxbdE6j7znD9y2FcdPboCzC3xtSTJvN7S invoke [1]
[2025-11-05T06:35:26.419360000Z DEBUG solana_runtime::message_processor::stable_log] Program log: Instruction: CreateConfig
[2025-11-05T06:35:26.419467000Z DEBUG solana_runtime::message_processor::stable_log] Program 11111111111111111111111111111111 invoke [2]
[2025-11-05T06:35:26.419476000Z DEBUG solana_runtime::message_processor::stable_log] Program 11111111111111111111111111111111 success
[2025-11-05T06:35:26.419585000Z DEBUG solana_runtime::message_processor::stable_log] Program ASmKWt93JEMHxbdE6j7znD9y2FcdPboCzC3xtSTJvN7S invoke [2]
[2025-11-05T06:35:26.419621000Z DEBUG solana_runtime::message_processor::stable_log] Program ASmKWt93JEMHxbdE6j7znD9y2FcdPboCzC3xtSTJvN7S consumed 2069 of 186098 compute units
[2025-11-05T06:35:26.419632000Z DEBUG solana_runtime::message_processor::stable_log] Program ASmKWt93JEMHxbdE6j7znD9y2FcdPboCzC3xtSTJvN7S success
[2025-11-05T06:35:26.419653000Z DEBUG solana_runtime::message_processor::stable_log] Program ASmKWt93JEMHxbdE6j7znD9y2FcdPboCzC3xtSTJvN7S consumed 16276 of 200000 compute units
[2025-11-05T06:35:26.419662000Z DEBUG solana_runtime::message_processor::stable_log] Program ASmKWt93JEMHxbdE6j7znD9y2FcdPboCzC3xtSTJvN7S success
[2025-11-05T06:35:26.447049000Z DEBUG solana_runtime::message_processor::stable_log] Program ASmKWt93JEMHxbdE6j7znD9y2FcdPboCzC3xtSTJvN7S invoke [1]
[2025-11-05T06:35:26.447182000Z DEBUG solana_runtime::message_processor::stable_log] Program log: Instruction: InitializePool
[2025-11-05T06:35:26.447328000Z DEBUG solana_runtime::message_processor::stable_log] Program 11111111111111111111111111111111 invoke [2]
[2025-11-05T06:35:26.447339000Z DEBUG solana_runtime::message_processor::stable_log] Program 11111111111111111111111111111111 success
[2025-11-05T06:35:26.447375000Z DEBUG solana_runtime::message_processor::stable_log] Program TokenzQdBNbLqP5VEhdkAS6EPFLC1PHnBqCXEpPxuEb invoke [2]
[2025-11-05T06:35:26.447412000Z DEBUG solana_runtime::message_processor::stable_log] Program log: MetadataPointerInstruction::Initialize
[2025-11-05T06:35:26.447448000Z DEBUG solana_runtime::message_processor::stable_log] Program TokenzQdBNbLqP5VEhdkAS6EPFLC1PHnBqCXEpPxuEb consumed 2442 of 334963 compute units
[2025-11-05T06:35:26.447458000Z DEBUG solana_runtime::message_processor::stable_log] Program TokenzQdBNbLqP5VEhdkAS6EPFLC1PHnBqCXEpPxuEb success
[2025-11-05T06:35:26.447493000Z DEBUG solana_runtime::message_processor::stable_log] Program TokenzQdBNbLqP5VEhdkAS6EPFLC1PHnBqCXEpPxuEb invoke [2]
[2025-11-05T06:35:26.447518000Z DEBUG solana_runtime::message_processor::stable_log] Program log: Instruction: InitializeMintCloseAuthority
[2025-11-05T06:35:26.447559000Z DEBUG solana_runtime::message_processor::stable_log] Program TokenzQdBNbLqP5VEhdkAS6EPFLC1PHnBqCXEpPxuEb consumed 2570 of 330543 compute units
[2025-11-05T06:35:26.447613000Z DEBUG solana_runtime::message_processor::stable_log] Program TokenzQdBNbLqP5VEhdkAS6EPFLC1PHnBqCXEpPxuEb success
[2025-11-05T06:35:26.447686000Z DEBUG solana_runtime::message_processor::stable_log] Program TokenzQdBNbLqP5VEhdkAS6EPFLC1PHnBqCXEpPxuEb invoke [2]
[2025-11-05T06:35:26.447713000Z DEBUG solana_runtime::message_processor::stable_log] Program log: Instruction: InitializeMint2
[2025-11-05T06:35:26.447775000Z DEBUG solana_runtime::message_processor::stable_log] Program TokenzQdBNbLqP5VEhdkAS6EPFLC1PHnBqCXEpPxuEb consumed 4078 of 326031 compute units
[2025-11-05T06:35:26.447786000Z DEBUG solana_runtime::message_processor::stable_log] Program TokenzQdBNbLqP5VEhdkAS6EPFLC1PHnBqCXEpPxuEb success
[2025-11-05T06:35:26.447932000Z DEBUG solana_runtime::message_processor::stable_log] Program 11111111111111111111111111111111 invoke [2]
[2025-11-05T06:35:26.447938000Z DEBUG solana_runtime::message_processor::stable_log] Program 11111111111111111111111111111111 success
[2025-11-05T06:35:26.447968000Z DEBUG solana_runtime::message_processor::stable_log] Program TokenzQdBNbLqP5VEhdkAS6EPFLC1PHnBqCXEpPxuEb invoke [2]
[2025-11-05T06:35:26.447998000Z DEBUG solana_runtime::message_processor::stable_log] Program log: Instruction: InitializeAccount3
[2025-11-05T06:35:26.448083000Z DEBUG solana_runtime::message_processor::stable_log] Program TokenzQdBNbLqP5VEhdkAS6EPFLC1PHnBqCXEpPxuEb consumed 5137 of 309347 compute units
[2025-11-05T06:35:26.448096000Z DEBUG solana_runtime::message_processor::stable_log] Program TokenzQdBNbLqP5VEhdkAS6EPFLC1PHnBqCXEpPxuEb success
[2025-11-05T06:35:26.448220000Z DEBUG solana_runtime::message_processor::stable_log] Program 11111111111111111111111111111111 invoke [2]
[2025-11-05T06:35:26.448226000Z DEBUG solana_runtime::message_processor::stable_log] Program 11111111111111111111111111111111 success
[2025-11-05T06:35:26.448299000Z DEBUG solana_runtime::message_processor::stable_log] Program 11111111111111111111111111111111 invoke [2]
[2025-11-05T06:35:26.448302000Z DEBUG solana_runtime::message_processor::stable_log] Program 11111111111111111111111111111111 success
[2025-11-05T06:35:26.448376000Z DEBUG solana_runtime::message_processor::stable_log] Program 11111111111111111111111111111111 invoke [2]
[2025-11-05T06:35:26.448379000Z DEBUG solana_runtime::message_processor::stable_log] Program 11111111111111111111111111111111 success
[2025-11-05T06:35:26.448409000Z DEBUG solana_runtime::message_processor::stable_log] Program TokenkegQfeZyiNwAJbNbGKPFXCWuBvf9Ss623VQ5DA invoke [2]
[2025-11-05T06:35:26.448443000Z DEBUG solana_runtime::message_processor::stable_log] Program log: Instruction: InitializeAccount3
[2025-11-05T06:35:26.448506000Z DEBUG solana_runtime::message_processor::stable_log] Program TokenkegQfeZyiNwAJbNbGKPFXCWuBvf9Ss623VQ5DA consumed 4214 of 281244 compute units
[2025-11-05T06:35:26.448514000Z DEBUG solana_runtime::message_processor::stable_log] Program TokenkegQfeZyiNwAJbNbGKPFXCWuBvf9Ss623VQ5DA success
[2025-11-05T06:35:26.448620000Z DEBUG solana_runtime::message_processor::stable_log] Program 11111111111111111111111111111111 invoke [2]
[2025-11-05T06:35:26.448624000Z DEBUG solana_runtime::message_processor::stable_log] Program 11111111111111111111111111111111 success
[2025-11-05T06:35:26.448653000Z DEBUG solana_runtime::message_processor::stable_log] Program TokenkegQfeZyiNwAJbNbGKPFXCWuBvf9Ss623VQ5DA invoke [2]
[2025-11-05T06:35:26.448681000Z DEBUG solana_runtime::message_processor::stable_log] Program log: Instruction: InitializeAccount3
[2025-11-05T06:35:26.448738000Z DEBUG solana_runtime::message_processor::stable_log] Program TokenkegQfeZyiNwAJbNbGKPFXCWuBvf9Ss623VQ5DA consumed 4214 of 268105 compute units
[2025-11-05T06:35:26.448746000Z DEBUG solana_runtime::message_processor::stable_log] Program TokenkegQfeZyiNwAJbNbGKPFXCWuBvf9Ss623VQ5DA success
[2025-11-05T06:35:26.449066000Z DEBUG solana_runtime::message_processor::stable_log] Program TokenzQdBNbLqP5VEhdkAS6EPFLC1PHnBqCXEpPxuEb invoke [2]
[2025-11-05T06:35:26.449127000Z DEBUG solana_runtime::message_processor::stable_log] Program log: TokenMetadataInstruction: Initialize
[2025-11-05T06:35:26.449281000Z DEBUG solana_runtime::message_processor::stable_log] Program TokenzQdBNbLqP5VEhdkAS6EPFLC1PHnBqCXEpPxuEb consumed 9900 of 251972 compute units
[2025-11-05T06:35:26.449296000Z DEBUG solana_runtime::message_processor::stable_log] Program TokenzQdBNbLqP5VEhdkAS6EPFLC1PHnBqCXEpPxuEb success
[2025-11-05T06:35:26.449364000Z DEBUG solana_runtime::message_processor::stable_log] Program 11111111111111111111111111111111 invoke [2]
[2025-11-05T06:35:26.449370000Z DEBUG solana_runtime::message_processor::stable_log] Program 11111111111111111111111111111111 success
[2025-11-05T06:35:26.449417000Z DEBUG solana_runtime::message_processor::stable_log] Program TokenzQdBNbLqP5VEhdkAS6EPFLC1PHnBqCXEpPxuEb invoke [2]
[2025-11-05T06:35:26.449458000Z DEBUG solana_runtime::message_processor::stable_log] Program log: Instruction: MintTo
[2025-11-05T06:35:26.449539000Z DEBUG solana_runtime::message_processor::stable_log] Program TokenzQdBNbLqP5VEhdkAS6EPFLC1PHnBqCXEpPxuEb consumed 5540 of 237010 compute units
[2025-11-05T06:35:26.449550000Z DEBUG solana_runtime::message_processor::stable_log] Program TokenzQdBNbLqP5VEhdkAS6EPFLC1PHnBqCXEpPxuEb success
[2025-11-05T06:35:26.449608000Z DEBUG solana_runtime::message_processor::stable_log] Program ASmKWt93JEMHxbdE6j7znD9y2FcdPboCzC3xtSTJvN7S invoke [2]
[2025-11-05T06:35:26.449648000Z DEBUG solana_runtime::message_processor::stable_log] Program ASmKWt93JEMHxbdE6j7znD9y2FcdPboCzC3xtSTJvN7S consumed 2069 of 228405 compute units
[2025-11-05T06:35:26.449657000Z DEBUG solana_runtime::message_processor::stable_log] Program ASmKWt93JEMHxbdE6j7znD9y2FcdPboCzC3xtSTJvN7S success
[2025-11-05T06:35:26.449707000Z DEBUG solana_runtime::message_processor::stable_log] Program TokenkegQfeZyiNwAJbNbGKPFXCWuBvf9Ss623VQ5DA invoke [2]
[2025-11-05T06:35:26.449748000Z DEBUG solana_runtime::message_processor::stable_log] Program log: Instruction: TransferChecked
[2025-11-05T06:35:26.449871000Z DEBUG solana_runtime::message_processor::stable_log] Program TokenkegQfeZyiNwAJbNbGKPFXCWuBvf9Ss623VQ5DA consumed 6174 of 223864 compute units
[2025-11-05T06:35:26.449890000Z DEBUG solana_runtime::message_processor::stable_log] Program TokenkegQfeZyiNwAJbNbGKPFXCWuBvf9Ss623VQ5DA success
[2025-11-05T06:35:26.449942000Z DEBUG solana_runtime::message_processor::stable_log] Program TokenkegQfeZyiNwAJbNbGKPFXCWuBvf9Ss623VQ5DA invoke [2]
[2025-11-05T06:35:26.449985000Z DEBUG solana_runtime::message_processor::stable_log] Program log: Instruction: TransferChecked
[2025-11-05T06:35:26.450074000Z DEBUG solana_runtime::message_processor::stable_log] Program TokenkegQfeZyiNwAJbNbGKPFXCWuBvf9Ss623VQ5DA consumed 6269 of 215280 compute units
[2025-11-05T06:35:26.450196000Z DEBUG solana_runtime::message_processor::stable_log] Program TokenkegQfeZyiNwAJbNbGKPFXCWuBvf9Ss623VQ5DA success
[2025-11-05T06:35:26.450297000Z DEBUG solana_runtime::message_processor::stable_log] Program ASmKWt93JEMHxbdE6j7znD9y2FcdPboCzC3xtSTJvN7S invoke [2]
[2025-11-05T06:35:26.450341000Z DEBUG solana_runtime::message_processor::stable_log] Program ASmKWt93JEMHxbdE6j7znD9y2FcdPboCzC3xtSTJvN7S consumed 2069 of 203930 compute units
[2025-11-05T06:35:26.450350000Z DEBUG solana_runtime::message_processor::stable_log] Program ASmKWt93JEMHxbdE6j7znD9y2FcdPboCzC3xtSTJvN7S success
[2025-11-05T06:35:26.450378000Z DEBUG solana_runtime::message_processor::stable_log] Program ASmKWt93JEMHxbdE6j7znD9y2FcdPboCzC3xtSTJvN7S consumed 148933 of 350000 compute units
[2025-11-05T06:35:26.450389000Z DEBUG solana_runtime::message_processor::stable_log] Program ASmKWt93JEMHxbdE6j7znD9y2FcdPboCzC3xtSTJvN7S success
[2025-11-05T06:35:26.450398000Z DEBUG solana_runtime::message_processor::stable_log] Program ComputeBudget111111111111111111111111111111 invoke [1]
[2025-11-05T06:35:26.450406000Z DEBUG solana_runtime::message_processor::stable_log] Program ComputeBudget111111111111111111111111111111 success
[2025-11-05T06:35:26.474310000Z DEBUG solana_runtime::message_processor::stable_log] Program ASmKWt93JEMHxbdE6j7znD9y2FcdPboCzC3xtSTJvN7S invoke [1]
[2025-11-05T06:35:26.474422000Z DEBUG solana_runtime::message_processor::stable_log] Program log: Instruction: CreatePosition
[2025-11-05T06:35:26.474505000Z DEBUG solana_runtime::message_processor::stable_log] Program 11111111111111111111111111111111 invoke [2]
[2025-11-05T06:35:26.474515000Z DEBUG solana_runtime::message_processor::stable_log] Program 11111111111111111111111111111111 success
[2025-11-05T06:35:26.474552000Z DEBUG solana_runtime::message_processor::stable_log] Program TokenzQdBNbLqP5VEhdkAS6EPFLC1PHnBqCXEpPxuEb invoke [2]
[2025-11-05T06:35:26.474593000Z DEBUG solana_runtime::message_processor::stable_log] Program log: MetadataPointerInstruction::Initialize
[2025-11-05T06:35:26.474633000Z DEBUG solana_runtime::message_processor::stable_log] Program TokenzQdBNbLqP5VEhdkAS6EPFLC1PHnBqCXEpPxuEb consumed 2442 of 191116 compute units
[2025-11-05T06:35:26.474644000Z DEBUG solana_runtime::message_processor::stable_log] Program TokenzQdBNbLqP5VEhdkAS6EPFLC1PHnBqCXEpPxuEb success
[2025-11-05T06:35:26.474740000Z DEBUG solana_runtime::message_processor::stable_log] Program TokenzQdBNbLqP5VEhdkAS6EPFLC1PHnBqCXEpPxuEb invoke [2]
[2025-11-05T06:35:26.474823000Z DEBUG solana_runtime::message_processor::stable_log] Program log: Instruction: InitializeMintCloseAuthority
[2025-11-05T06:35:26.474867000Z DEBUG solana_runtime::message_processor::stable_log] Program TokenzQdBNbLqP5VEhdkAS6EPFLC1PHnBqCXEpPxuEb consumed 2570 of 186696 compute units
[2025-11-05T06:35:26.474880000Z DEBUG solana_runtime::message_processor::stable_log] Program TokenzQdBNbLqP5VEhdkAS6EPFLC1PHnBqCXEpPxuEb success
[2025-11-05T06:35:26.474919000Z DEBUG solana_runtime::message_processor::stable_log] Program TokenzQdBNbLqP5VEhdkAS6EPFLC1PHnBqCXEpPxuEb invoke [2]
[2025-11-05T06:35:26.474953000Z DEBUG solana_runtime::message_processor::stable_log] Program log: Instruction: InitializeMint2
[2025-11-05T06:35:26.475022000Z DEBUG solana_runtime::message_processor::stable_log] Program TokenzQdBNbLqP5VEhdkAS6EPFLC1PHnBqCXEpPxuEb consumed 4078 of 182183 compute units
[2025-11-05T06:35:26.475030000Z DEBUG solana_runtime::message_processor::stable_log] Program TokenzQdBNbLqP5VEhdkAS6EPFLC1PHnBqCXEpPxuEb success
[2025-11-05T06:35:26.475187000Z DEBUG solana_runtime::message_processor::stable_log] Program 11111111111111111111111111111111 invoke [2]
[2025-11-05T06:35:26.475196000Z DEBUG solana_runtime::message_processor::stable_log] Program 11111111111111111111111111111111 success
[2025-11-05T06:35:26.475233000Z DEBUG solana_runtime::message_processor::stable_log] Program TokenzQdBNbLqP5VEhdkAS6EPFLC1PHnBqCXEpPxuEb invoke [2]
[2025-11-05T06:35:26.475284000Z DEBUG solana_runtime::message_processor::stable_log] Program log: Instruction: InitializeAccount3
[2025-11-05T06:35:26.475379000Z DEBUG solana_runtime::message_processor::stable_log] Program TokenzQdBNbLqP5VEhdkAS6EPFLC1PHnBqCXEpPxuEb consumed 5137 of 166999 compute units
[2025-11-05T06:35:26.475389000Z DEBUG solana_runtime::message_processor::stable_log] Program TokenzQdBNbLqP5VEhdkAS6EPFLC1PHnBqCXEpPxuEb success
[2025-11-05T06:35:26.475508000Z DEBUG solana_runtime::message_processor::stable_log] Program 11111111111111111111111111111111 invoke [2]
[2025-11-05T06:35:26.475512000Z DEBUG solana_runtime::message_processor::stable_log] Program 11111111111111111111111111111111 success
[2025-11-05T06:35:26.475635000Z DEBUG solana_runtime::message_processor::stable_log] Program TokenzQdBNbLqP5VEhdkAS6EPFLC1PHnBqCXEpPxuEb invoke [2]
[2025-11-05T06:35:26.475693000Z DEBUG solana_runtime::message_processor::stable_log] Program log: TokenMetadataInstruction: Initialize
[2025-11-05T06:35:26.475828000Z DEBUG solana_runtime::message_processor::stable_log] Program TokenzQdBNbLqP5VEhdkAS6EPFLC1PHnBqCXEpPxuEb consumed 9900 of 145769 compute units
[2025-11-05T06:35:26.475837000Z DEBUG solana_runtime::message_processor::stable_log] Program TokenzQdBNbLqP5VEhdkAS6EPFLC1PHnBqCXEpPxuEb success
[2025-11-05T06:35:26.475882000Z DEBUG solana_runtime::message_processor::stable_log] Program 11111111111111111111111111111111 invoke [2]
[2025-11-05T06:35:26.475886000Z DEBUG solana_runtime::message_processor::stable_log] Program 11111111111111111111111111111111 success
[2025-11-05T06:35:26.475929000Z DEBUG solana_runtime::message_processor::stable_log] Program TokenzQdBNbLqP5VEhdkAS6EPFLC1PHnBqCXEpPxuEb invoke [2]
[2025-11-05T06:35:26.475962000Z DEBUG solana_runtime::message_processor::stable_log] Program log: Instruction: MintTo
[2025-11-05T06:35:26.476053000Z DEBUG solana_runtime::message_processor::stable_log] Program TokenzQdBNbLqP5VEhdkAS6EPFLC1PHnBqCXEpPxuEb consumed 5540 of 130807 compute units
[2025-11-05T06:35:26.476061000Z DEBUG solana_runtime::message_processor::stable_log] Program TokenzQdBNbLqP5VEhdkAS6EPFLC1PHnBqCXEpPxuEb success
[2025-11-05T06:35:26.476117000Z DEBUG solana_runtime::message_processor::stable_log] Program ASmKWt93JEMHxbdE6j7znD9y2FcdPboCzC3xtSTJvN7S invoke [2]
[2025-11-05T06:35:26.476155000Z DEBUG solana_runtime::message_processor::stable_log] Program ASmKWt93JEMHxbdE6j7znD9y2FcdPboCzC3xtSTJvN7S consumed 2069 of 122201 compute units
[2025-11-05T06:35:26.476163000Z DEBUG solana_runtime::message_processor::stable_log] Program ASmKWt93JEMHxbdE6j7znD9y2FcdPboCzC3xtSTJvN7S success
[2025-11-05T06:35:26.476186000Z DEBUG solana_runtime::message_processor::stable_log] Program ASmKWt93JEMHxbdE6j7znD9y2FcdPboCzC3xtSTJvN7S consumed 80433 of 200000 compute units
[2025-11-05T06:35:26.476197000Z DEBUG solana_runtime::message_processor::stable_log] Program ASmKWt93JEMHxbdE6j7znD9y2FcdPboCzC3xtSTJvN7S success
[2025-11-05T06:35:26.506790000Z DEBUG solana_runtime::message_processor::stable_log] Program ASmKWt93JEMHxbdE6j7znD9y2FcdPboCzC3xtSTJvN7S invoke [1]
[2025-11-05T06:35:26.506970000Z DEBUG solana_runtime::message_processor::stable_log] Program log: Instruction: AddLiquidity
[2025-11-05T06:35:26.507293000Z DEBUG solana_runtime::message_processor::stable_log] Program TokenkegQfeZyiNwAJbNbGKPFXCWuBvf9Ss623VQ5DA invoke [2]
[2025-11-05T06:35:26.507345000Z DEBUG solana_runtime::message_processor::stable_log] Program log: Instruction: TransferChecked
[2025-11-05T06:35:26.507435000Z DEBUG solana_runtime::message_processor::stable_log] Program TokenkegQfeZyiNwAJbNbGKPFXCWuBvf9Ss623VQ5DA consumed 6174 of 178912 compute units
[2025-11-05T06:35:26.507447000Z DEBUG solana_runtime::message_processor::stable_log] Program TokenkegQfeZyiNwAJbNbGKPFXCWuBvf9Ss623VQ5DA success
[2025-11-05T06:35:26.507499000Z DEBUG solana_runtime::message_processor::stable_log] Program TokenkegQfeZyiNwAJbNbGKPFXCWuBvf9Ss623VQ5DA invoke [2]
[2025-11-05T06:35:26.507535000Z DEBUG solana_runtime::message_processor::stable_log] Program log: Instruction: TransferChecked
[2025-11-05T06:35:26.507620000Z DEBUG solana_runtime::message_processor::stable_log] Program TokenkegQfeZyiNwAJbNbGKPFXCWuBvf9Ss623VQ5DA consumed 6269 of 170328 compute units
[2025-11-05T06:35:26.507629000Z DEBUG solana_runtime::message_processor::stable_log] Program TokenkegQfeZyiNwAJbNbGKPFXCWuBvf9Ss623VQ5DA success
[2025-11-05T06:35:26.507686000Z DEBUG solana_runtime::message_processor::stable_log] Program ASmKWt93JEMHxbdE6j7znD9y2FcdPboCzC3xtSTJvN7S invoke [2]
[2025-11-05T06:35:26.507725000Z DEBUG solana_runtime::message_processor::stable_log] Program ASmKWt93JEMHxbdE6j7znD9y2FcdPboCzC3xtSTJvN7S consumed 2069 of 160805 compute units
[2025-11-05T06:35:26.507734000Z DEBUG solana_runtime::message_processor::stable_log] Program ASmKWt93JEMHxbdE6j7znD9y2FcdPboCzC3xtSTJvN7S success
[2025-11-05T06:35:26.507892000Z DEBUG solana_runtime::message_processor::stable_log] Program ASmKWt93JEMHxbdE6j7znD9y2FcdPboCzC3xtSTJvN7S invoke [2]
[2025-11-05T06:35:26.507927000Z DEBUG solana_runtime::message_processor::stable_log] Program ASmKWt93JEMHxbdE6j7znD9y2FcdPboCzC3xtSTJvN7S consumed 2069 of 152404 compute units
[2025-11-05T06:35:26.507936000Z DEBUG solana_runtime::message_processor::stable_log] Program ASmKWt93JEMHxbdE6j7znD9y2FcdPboCzC3xtSTJvN7S success
[2025-11-05T06:35:26.507959000Z DEBUG solana_runtime::message_processor::stable_log] Program ASmKWt93JEMHxbdE6j7znD9y2FcdPboCzC3xtSTJvN7S consumed 50306 of 200000 compute units
[2025-11-05T06:35:26.507970000Z DEBUG solana_runtime::message_processor::stable_log] Program ASmKWt93JEMHxbdE6j7znD9y2FcdPboCzC3xtSTJvN7S success
[2025-11-05T06:35:26.533196000Z DEBUG solana_runtime::message_processor::stable_log] Program ASmKWt93JEMHxbdE6j7znD9y2FcdPboCzC3xtSTJvN7S invoke [1]
[2025-11-05T06:35:26.533313000Z DEBUG solana_runtime::message_processor::stable_log] Program log: Instruction: RemoveLiquidity
[2025-11-05T06:35:26.533653000Z DEBUG solana_runtime::message_processor::stable_log] Program TokenkegQfeZyiNwAJbNbGKPFXCWuBvf9Ss623VQ5DA invoke [2]
[2025-11-05T06:35:26.533708000Z DEBUG solana_runtime::message_processor::stable_log] Program log: Instruction: TransferChecked
[2025-11-05T06:35:26.533798000Z DEBUG solana_runtime::message_processor::stable_log] Program TokenkegQfeZyiNwAJbNbGKPFXCWuBvf9Ss623VQ5DA consumed 6174 of 177686 compute units
[2025-11-05T06:35:26.533809000Z DEBUG solana_runtime::message_processor::stable_log] Program TokenkegQfeZyiNwAJbNbGKPFXCWuBvf9Ss623VQ5DA success
[2025-11-05T06:35:26.533872000Z DEBUG solana_runtime::message_processor::stable_log] Program TokenkegQfeZyiNwAJbNbGKPFXCWuBvf9Ss623VQ5DA invoke [2]
[2025-11-05T06:35:26.533917000Z DEBUG solana_runtime::message_processor::stable_log] Program log: Instruction: TransferChecked
[2025-11-05T06:35:26.533990000Z DEBUG solana_runtime::message_processor::stable_log] Program TokenkegQfeZyiNwAJbNbGKPFXCWuBvf9Ss623VQ5DA consumed 6269 of 169054 compute units
[2025-11-05T06:35:26.534000000Z DEBUG solana_runtime::message_processor::stable_log] Program TokenkegQfeZyiNwAJbNbGKPFXCWuBvf9Ss623VQ5DA success
[2025-11-05T06:35:26.534051000Z DEBUG solana_runtime::message_processor::stable_log] Program ASmKWt93JEMHxbdE6j7znD9y2FcdPboCzC3xtSTJvN7S invoke [2]
[2025-11-05T06:35:26.534131000Z DEBUG solana_runtime::message_processor::stable_log] Program ASmKWt93JEMHxbdE6j7znD9y2FcdPboCzC3xtSTJvN7S consumed 2069 of 159666 compute units
[2025-11-05T06:35:26.534142000Z DEBUG solana_runtime::message_processor::stable_log] Program ASmKWt93JEMHxbdE6j7znD9y2FcdPboCzC3xtSTJvN7S success
[2025-11-05T06:35:26.534240000Z DEBUG solana_runtime::message_processor::stable_log] Program ASmKWt93JEMHxbdE6j7znD9y2FcdPboCzC3xtSTJvN7S invoke [2]
[2025-11-05T06:35:26.534272000Z DEBUG solana_runtime::message_processor::stable_log] Program ASmKWt93JEMHxbdE6j7znD9y2FcdPboCzC3xtSTJvN7S consumed 2069 of 151267 compute units
[2025-11-05T06:35:26.534280000Z DEBUG solana_runtime::message_processor::stable_log] Program ASmKWt93JEMHxbdE6j7znD9y2FcdPboCzC3xtSTJvN7S success
[2025-11-05T06:35:26.534313000Z DEBUG solana_runtime::message_processor::stable_log] Program ASmKWt93JEMHxbdE6j7znD9y2FcdPboCzC3xtSTJvN7S consumed 51464 of 200000 compute units
[2025-11-05T06:35:26.534329000Z DEBUG solana_runtime::message_processor::stable_log] Program ASmKWt93JEMHxbdE6j7znD9y2FcdPboCzC3xtSTJvN7S success
[2025-11-05T06:35:26.557808000Z DEBUG solana_runtime::message_processor::stable_log] Program ASmKWt93JEMHxbdE6j7znD9y2FcdPboCzC3xtSTJvN7S invoke [1]
[2025-11-05T06:35:26.557918000Z DEBUG solana_runtime::message_processor::stable_log] Program log: Instruction: RemoveAllLiquidity
[2025-11-05T06:35:26.558216000Z DEBUG solana_runtime::message_processor::stable_log] Program TokenkegQfeZyiNwAJbNbGKPFXCWuBvf9Ss623VQ5DA invoke [2]
[2025-11-05T06:35:26.558263000Z DEBUG solana_runtime::message_processor::stable_log] Program log: Instruction: TransferChecked
[2025-11-05T06:35:26.558349000Z DEBUG solana_runtime::message_processor::stable_log] Program TokenkegQfeZyiNwAJbNbGKPFXCWuBvf9Ss623VQ5DA consumed 6174 of 177693 compute units
[2025-11-05T06:35:26.558359000Z DEBUG solana_runtime::message_processor::stable_log] Program TokenkegQfeZyiNwAJbNbGKPFXCWuBvf9Ss623VQ5DA success
[2025-11-05T06:35:26.558417000Z DEBUG solana_runtime::message_processor::stable_log] Program TokenkegQfeZyiNwAJbNbGKPFXCWuBvf9Ss623VQ5DA invoke [2]
[2025-11-05T06:35:26.558450000Z DEBUG solana_runtime::message_processor::stable_log] Program log: Instruction: TransferChecked
[2025-11-05T06:35:26.558520000Z DEBUG solana_runtime::message_processor::stable_log] Program TokenkegQfeZyiNwAJbNbGKPFXCWuBvf9Ss623VQ5DA consumed 6269 of 169061 compute units
[2025-11-05T06:35:26.558529000Z DEBUG solana_runtime::message_processor::stable_log] Program TokenkegQfeZyiNwAJbNbGKPFXCWuBvf9Ss623VQ5DA success
[2025-11-05T06:35:26.558578000Z DEBUG solana_runtime::message_processor::stable_log] Program ASmKWt93JEMHxbdE6j7znD9y2FcdPboCzC3xtSTJvN7S invoke [2]
[2025-11-05T06:35:26.558610000Z DEBUG solana_runtime::message_processor::stable_log] Program ASmKWt93JEMHxbdE6j7znD9y2FcdPboCzC3xtSTJvN7S consumed 2069 of 159673 compute units
[2025-11-05T06:35:26.558618000Z DEBUG solana_runtime::message_processor::stable_log] Program ASmKWt93JEMHxbdE6j7znD9y2FcdPboCzC3xtSTJvN7S success
[2025-11-05T06:35:26.558836000Z DEBUG solana_runtime::message_processor::stable_log] Program ASmKWt93JEMHxbdE6j7znD9y2FcdPboCzC3xtSTJvN7S invoke [2]
[2025-11-05T06:35:26.558869000Z DEBUG solana_runtime::message_processor::stable_log] Program ASmKWt93JEMHxbdE6j7znD9y2FcdPboCzC3xtSTJvN7S consumed 2069 of 151465 compute units
[2025-11-05T06:35:26.558877000Z DEBUG solana_runtime::message_processor::stable_log] Program ASmKWt93JEMHxbdE6j7znD9y2FcdPboCzC3xtSTJvN7S success
[2025-11-05T06:35:26.558898000Z DEBUG solana_runtime::message_processor::stable_log] Program ASmKWt93JEMHxbdE6j7znD9y2FcdPboCzC3xtSTJvN7S consumed 51266 of 200000 compute units
[2025-11-05T06:35:26.558907000Z DEBUG solana_runtime::message_processor::stable_log] Program ASmKWt93JEMHxbdE6j7znD9y2FcdPboCzC3xtSTJvN7S success
[2025-11-05T06:35:26.576196000Z DEBUG solana_runtime::message_processor::stable_log] Program ASmKWt93JEMHxbdE6j7znD9y2FcdPboCzC3xtSTJvN7S invoke [1]
[2025-11-05T06:35:26.576293000Z DEBUG solana_runtime::message_processor::stable_log] Program log: Instruction: ClosePosition
[2025-11-05T06:35:26.576435000Z DEBUG solana_runtime::message_processor::stable_log] Program TokenzQdBNbLqP5VEhdkAS6EPFLC1PHnBqCXEpPxuEb invoke [2]
[2025-11-05T06:35:26.576479000Z DEBUG solana_runtime::message_processor::stable_log] Program log: Instruction: Burn
[2025-11-05T06:35:26.576575000Z DEBUG solana_runtime::message_processor::stable_log] Program TokenzQdBNbLqP5VEhdkAS6EPFLC1PHnBqCXEpPxuEb consumed 5840 of 190247 compute units
[2025-11-05T06:35:26.576586000Z DEBUG solana_runtime::message_processor::stable_log] Program TokenzQdBNbLqP5VEhdkAS6EPFLC1PHnBqCXEpPxuEb success
[2025-11-05T06:35:26.576719000Z DEBUG solana_runtime::message_processor::stable_log] Program TokenzQdBNbLqP5VEhdkAS6EPFLC1PHnBqCXEpPxuEb invoke [2]
[2025-11-05T06:35:26.576753000Z DEBUG solana_runtime::message_processor::stable_log] Program log: Instruction: CloseAccount
[2025-11-05T06:35:26.576814000Z DEBUG solana_runtime::message_processor::stable_log] Program TokenzQdBNbLqP5VEhdkAS6EPFLC1PHnBqCXEpPxuEb consumed 3281 of 181997 compute units
[2025-11-05T06:35:26.576825000Z DEBUG solana_runtime::message_processor::stable_log] Program TokenzQdBNbLqP5VEhdkAS6EPFLC1PHnBqCXEpPxuEb success
[2025-11-05T06:35:26.576876000Z DEBUG solana_runtime::message_processor::stable_log] Program TokenzQdBNbLqP5VEhdkAS6EPFLC1PHnBqCXEpPxuEb invoke [2]
[2025-11-05T06:35:26.576950000Z DEBUG solana_runtime::message_processor::stable_log] Program log: Instruction: CloseAccount
[2025-11-05T06:35:26.577003000Z DEBUG solana_runtime::message_processor::stable_log] Program TokenzQdBNbLqP5VEhdkAS6EPFLC1PHnBqCXEpPxuEb consumed 3110 of 176298 compute units
[2025-11-05T06:35:26.577012000Z DEBUG solana_runtime::message_processor::stable_log] Program TokenzQdBNbLqP5VEhdkAS6EPFLC1PHnBqCXEpPxuEb success
[2025-11-05T06:35:26.577065000Z DEBUG solana_runtime::message_processor::stable_log] Program ASmKWt93JEMHxbdE6j7znD9y2FcdPboCzC3xtSTJvN7S invoke [2]
[2025-11-05T06:35:26.577106000Z DEBUG solana_runtime::message_processor::stable_log] Program ASmKWt93JEMHxbdE6j7znD9y2FcdPboCzC3xtSTJvN7S consumed 2069 of 170188 compute units
[2025-11-05T06:35:26.577115000Z DEBUG solana_runtime::message_processor::stable_log] Program ASmKWt93JEMHxbdE6j7znD9y2FcdPboCzC3xtSTJvN7S success
[2025-11-05T06:35:26.577141000Z DEBUG solana_runtime::message_processor::stable_log] Program ASmKWt93JEMHxbdE6j7znD9y2FcdPboCzC3xtSTJvN7S consumed 32518 of 200000 compute units
[2025-11-05T06:35:26.577152000Z DEBUG solana_runtime::message_processor::stable_log] Program ASmKWt93JEMHxbdE6j7znD9y2FcdPboCzC3xtSTJvN7S success
      ✔ User remove liquidity (120ms)
    Token 2022
[2025-11-05T06:35:26.578963000Z INFO  solana_program_test] "cp_amm" SBF program from ./target/deploy/cp_amm.so, modified 24 minutes, 33 seconds, 926 ms, 279 µs and 203 ns ago
[2025-11-05T06:35:26.579133000Z INFO  solana_program_test] "fee_router" SBF program from ./target/deploy/fee_router.so, modified 36 seconds, 663 ms, 392 µs and 331 ns ago
[2025-11-05T06:35:26.579299000Z INFO  solana_program_test] "transfer_hook_counter" SBF program from tests/fixtures/transfer_hook_counter.so, modified 3 weeks, 22 hours, 59 minutes, 1 second, 404 ms, 899 µs and 196 ns ago
[2025-11-05T06:35:26.579576000Z INFO  solana_program_test] "alpha_vault" SBF program from tests/fixtures/alpha_vault.so, modified 3 weeks, 22 hours, 59 minutes, 1 second, 405 ms, 862 µs and 72 ns ago
[2025-11-05T06:35:26.579870000Z INFO  solana_program_test] "streamflow" SBF program from tests/fixtures/streamflow.so, modified 3 weeks, 6 hours, 59 minutes, 11 seconds, 290 ms, 786 µs and 387 ns ago
[2025-11-05T06:35:26.580185000Z INFO  solana_program_test] "cp_amm" SBF program from ./target/deploy/cp_amm.so, modified 24 minutes, 33 seconds, 927 ms, 504 µs and 203 ns ago
[2025-11-05T06:35:26.580327000Z INFO  solana_program_test] "fee_router" SBF program from ./target/deploy/fee_router.so, modified 36 seconds, 664 ms, 586 µs and 331 ns ago
[2025-11-05T06:35:26.598304000Z INFO  solana_program_test] Overriding account at ASmKWt93JEMHxbdE6j7znD9y2FcdPboCzC3xtSTJvN7S
[2025-11-05T06:35:26.598318000Z INFO  solana_program_test] Overriding account at 5B57SJ3g2YoNXUpsZqqjEQkRSxyKtVTQRXdgAirz6bio
[2025-11-05T06:35:26.610420000Z DEBUG solana_runtime::message_processor::stable_log] Program 11111111111111111111111111111111 invoke [1]
[2025-11-05T06:35:26.610432000Z DEBUG solana_runtime::message_processor::stable_log] Program 11111111111111111111111111111111 success
[2025-11-05T06:35:26.614478000Z DEBUG solana_runtime::message_processor::stable_log] Program 11111111111111111111111111111111 invoke [1]
[2025-11-05T06:35:26.614487000Z DEBUG solana_runtime::message_processor::stable_log] Program 11111111111111111111111111111111 success
[2025-11-05T06:35:26.618095000Z DEBUG solana_runtime::message_processor::stable_log] Program 11111111111111111111111111111111 invoke [1]
[2025-11-05T06:35:26.618106000Z DEBUG solana_runtime::message_processor::stable_log] Program 11111111111111111111111111111111 success
[2025-11-05T06:35:26.625608000Z DEBUG solana_runtime::message_processor::stable_log] Program 11111111111111111111111111111111 invoke [1]
[2025-11-05T06:35:26.625623000Z DEBUG solana_runtime::message_processor::stable_log] Program 11111111111111111111111111111111 success
[2025-11-05T06:35:26.625627000Z DEBUG solana_runtime::message_processor::stable_log] Program TokenzQdBNbLqP5VEhdkAS6EPFLC1PHnBqCXEpPxuEb invoke [1]
[2025-11-05T06:35:26.625710000Z DEBUG solana_runtime::message_processor::stable_log] Program TokenzQdBNbLqP5VEhdkAS6EPFLC1PHnBqCXEpPxuEb consumed 3479 of 599850 compute units
[2025-11-05T06:35:26.625719000Z DEBUG solana_runtime::message_processor::stable_log] Program TokenzQdBNbLqP5VEhdkAS6EPFLC1PHnBqCXEpPxuEb success
[2025-11-05T06:35:26.625726000Z DEBUG solana_runtime::message_processor::stable_log] Program TokenzQdBNbLqP5VEhdkAS6EPFLC1PHnBqCXEpPxuEb invoke [1]
[2025-11-05T06:35:26.625751000Z DEBUG solana_runtime::message_processor::stable_log] Program log: Instruction: InitializeMint2
[2025-11-05T06:35:26.625804000Z DEBUG solana_runtime::message_processor::stable_log] Program TokenzQdBNbLqP5VEhdkAS6EPFLC1PHnBqCXEpPxuEb consumed 3868 of 596371 compute units
[2025-11-05T06:35:26.625811000Z DEBUG solana_runtime::message_processor::stable_log] Program TokenzQdBNbLqP5VEhdkAS6EPFLC1PHnBqCXEpPxuEb success
[2025-11-05T06:35:26.632034000Z DEBUG solana_runtime::message_processor::stable_log] Program 11111111111111111111111111111111 invoke [1]
[2025-11-05T06:35:26.632047000Z DEBUG solana_runtime::message_processor::stable_log] Program 11111111111111111111111111111111 success
[2025-11-05T06:35:26.632050000Z DEBUG solana_runtime::message_processor::stable_log] Program TokenzQdBNbLqP5VEhdkAS6EPFLC1PHnBqCXEpPxuEb invoke [1]
[2025-11-05T06:35:26.632139000Z DEBUG solana_runtime::message_processor::stable_log] Program TokenzQdBNbLqP5VEhdkAS6EPFLC1PHnBqCXEpPxuEb consumed 3479 of 599850 compute units
[2025-11-05T06:35:26.632151000Z DEBUG solana_runtime::message_processor::stable_log] Program TokenzQdBNbLqP5VEhdkAS6EPFLC1PHnBqCXEpPxuEb success
[2025-11-05T06:35:26.632158000Z DEBUG solana_runtime::message_processor::stable_log] Program TokenzQdBNbLqP5VEhdkAS6EPFLC1PHnBqCXEpPxuEb invoke [1]
[2025-11-05T06:35:26.632184000Z DEBUG solana_runtime::message_processor::stable_log] Program log: Instruction: InitializeMint2
[2025-11-05T06:35:26.632243000Z DEBUG solana_runtime::message_processor::stable_log] Program TokenzQdBNbLqP5VEhdkAS6EPFLC1PHnBqCXEpPxuEb consumed 3868 of 596371 compute units
[2025-11-05T06:35:26.632250000Z DEBUG solana_runtime::message_processor::stable_log] Program TokenzQdBNbLqP5VEhdkAS6EPFLC1PHnBqCXEpPxuEb success
[2025-11-05T06:35:26.637662000Z DEBUG solana_runtime::message_processor::stable_log] Program ATokenGPvbdGVxr1b2hvZbsiqW5xWH25efTNsLJA8knL invoke [1]
[2025-11-05T06:35:26.637728000Z DEBUG solana_runtime::message_processor::stable_log] Program log: Create
[2025-11-05T06:35:26.637788000Z DEBUG solana_runtime::message_processor::stable_log] Program TokenzQdBNbLqP5VEhdkAS6EPFLC1PHnBqCXEpPxuEb invoke [2]
[2025-11-05T06:35:26.637823000Z DEBUG solana_runtime::message_processor::stable_log] Program log: Instruction: GetAccountDataSize
[2025-11-05T06:35:26.637899000Z DEBUG solana_runtime::message_processor::stable_log] Program TokenzQdBNbLqP5VEhdkAS6EPFLC1PHnBqCXEpPxuEb consumed 2917 of 191642 compute units
[2025-11-05T06:35:26.637909000Z DEBUG solana_runtime::message_processor::stable_log] Program return: TokenzQdBNbLqP5VEhdkAS6EPFLC1PHnBqCXEpPxuEb tgAAAAAAAAA=
[2025-11-05T06:35:26.637917000Z DEBUG solana_runtime::message_processor::stable_log] Program TokenzQdBNbLqP5VEhdkAS6EPFLC1PHnBqCXEpPxuEb success
[2025-11-05T06:35:26.637988000Z DEBUG solana_runtime::message_processor::stable_log] Program 11111111111111111111111111111111 invoke [2]
[2025-11-05T06:35:26.637998000Z DEBUG solana_runtime::message_processor::stable_log] Program 11111111111111111111111111111111 success
[2025-11-05T06:35:26.638004000Z DEBUG solana_runtime::message_processor::stable_log] Program log: Initialize the associated token account
[2025-11-05T06:35:26.638021000Z DEBUG solana_runtime::message_processor::stable_log] Program TokenzQdBNbLqP5VEhdkAS6EPFLC1PHnBqCXEpPxuEb invoke [2]
[2025-11-05T06:35:26.638048000Z DEBUG solana_runtime::message_processor::stable_log] Program log: Instruction: InitializeImmutableOwner
[2025-11-05T06:35:26.638072000Z DEBUG solana_runtime::message_processor::stable_log] Program TokenzQdBNbLqP5VEhdkAS6EPFLC1PHnBqCXEpPxuEb consumed 1924 of 183795 compute units
[2025-11-05T06:35:26.638081000Z DEBUG solana_runtime::message_processor::stable_log] Program TokenzQdBNbLqP5VEhdkAS6EPFLC1PHnBqCXEpPxuEb success
[2025-11-05T06:35:26.638114000Z DEBUG solana_runtime::message_processor::stable_log] Program TokenzQdBNbLqP5VEhdkAS6EPFLC1PHnBqCXEpPxuEb invoke [2]
[2025-11-05T06:35:26.638146000Z DEBUG solana_runtime::message_processor::stable_log] Program log: Instruction: InitializeAccount3
[2025-11-05T06:35:26.638234000Z DEBUG solana_runtime::message_processor::stable_log] Program TokenzQdBNbLqP5VEhdkAS6EPFLC1PHnBqCXEpPxuEb consumed 5446 of 179481 compute units
[2025-11-05T06:35:26.638244000Z DEBUG solana_runtime::message_processor::stable_log] Program TokenzQdBNbLqP5VEhdkAS6EPFLC1PHnBqCXEpPxuEb success
[2025-11-05T06:35:26.638257000Z DEBUG solana_runtime::message_processor::stable_log] Program ATokenGPvbdGVxr1b2hvZbsiqW5xWH25efTNsLJA8knL consumed 26269 of 200000 compute units
[2025-11-05T06:35:26.638267000Z DEBUG solana_runtime::message_processor::stable_log] Program ATokenGPvbdGVxr1b2hvZbsiqW5xWH25efTNsLJA8knL success
[2025-11-05T06:35:26.641359000Z DEBUG solana_runtime::message_processor::stable_log] Program TokenzQdBNbLqP5VEhdkAS6EPFLC1PHnBqCXEpPxuEb invoke [1]
[2025-11-05T06:35:26.641402000Z DEBUG solana_runtime::message_processor::stable_log] Program log: Instruction: MintTo
[2025-11-05T06:35:26.641477000Z DEBUG solana_runtime::message_processor::stable_log] Program TokenzQdBNbLqP5VEhdkAS6EPFLC1PHnBqCXEpPxuEb consumed 5403 of 200000 compute units
[2025-11-05T06:35:26.641486000Z DEBUG solana_runtime::message_processor::stable_log] Program TokenzQdBNbLqP5VEhdkAS6EPFLC1PHnBqCXEpPxuEb success
[2025-11-05T06:35:26.645700000Z DEBUG solana_runtime::message_processor::stable_log] Program ATokenGPvbdGVxr1b2hvZbsiqW5xWH25efTNsLJA8knL invoke [1]
[2025-11-05T06:35:26.645767000Z DEBUG solana_runtime::message_processor::stable_log] Program log: Create
[2025-11-05T06:35:26.645814000Z DEBUG solana_runtime::message_processor::stable_log] Program TokenzQdBNbLqP5VEhdkAS6EPFLC1PHnBqCXEpPxuEb invoke [2]
[2025-11-05T06:35:26.645935000Z DEBUG solana_runtime::message_processor::stable_log] Program log: Instruction: GetAccountDataSize
[2025-11-05T06:35:26.645982000Z DEBUG solana_runtime::message_processor::stable_log] Program TokenzQdBNbLqP5VEhdkAS6EPFLC1PHnBqCXEpPxuEb consumed 2917 of 194642 compute units
[2025-11-05T06:35:26.645989000Z DEBUG solana_runtime::message_processor::stable_log] Program return: TokenzQdBNbLqP5VEhdkAS6EPFLC1PHnBqCXEpPxuEb tgAAAAAAAAA=
[2025-11-05T06:35:26.645998000Z DEBUG solana_runtime::message_processor::stable_log] Program TokenzQdBNbLqP5VEhdkAS6EPFLC1PHnBqCXEpPxuEb success
[2025-11-05T06:35:26.646053000Z DEBUG solana_runtime::message_processor::stable_log] Program 11111111111111111111111111111111 invoke [2]
[2025-11-05T06:35:26.646060000Z DEBUG solana_runtime::message_processor::stable_log] Program 11111111111111111111111111111111 success
[2025-11-05T06:35:26.646066000Z DEBUG solana_runtime::message_processor::stable_log] Program log: Initialize the associated token account
[2025-11-05T06:35:26.646083000Z DEBUG solana_runtime::message_processor::stable_log] Program TokenzQdBNbLqP5VEhdkAS6EPFLC1PHnBqCXEpPxuEb invoke [2]
[2025-11-05T06:35:26.646104000Z DEBUG solana_runtime::message_processor::stable_log] Program log: Instruction: InitializeImmutableOwner
[2025-11-05T06:35:26.646128000Z DEBUG solana_runtime::message_processor::stable_log] Program TokenzQdBNbLqP5VEhdkAS6EPFLC1PHnBqCXEpPxuEb consumed 1924 of 186795 compute units
[2025-11-05T06:35:26.646135000Z DEBUG solana_runtime::message_processor::stable_log] Program TokenzQdBNbLqP5VEhdkAS6EPFLC1PHnBqCXEpPxuEb success
[2025-11-05T06:35:26.646167000Z DEBUG solana_runtime::message_processor::stable_log] Program TokenzQdBNbLqP5VEhdkAS6EPFLC1PHnBqCXEpPxuEb invoke [2]
[2025-11-05T06:35:26.646193000Z DEBUG solana_runtime::message_processor::stable_log] Program log: Instruction: InitializeAccount3
[2025-11-05T06:35:26.646276000Z DEBUG solana_runtime::message_processor::stable_log] Program TokenzQdBNbLqP5VEhdkAS6EPFLC1PHnBqCXEpPxuEb consumed 5446 of 182481 compute units
[2025-11-05T06:35:26.646284000Z DEBUG solana_runtime::message_processor::stable_log] Program TokenzQdBNbLqP5VEhdkAS6EPFLC1PHnBqCXEpPxuEb success
[2025-11-05T06:35:26.646298000Z DEBUG solana_runtime::message_processor::stable_log] Program ATokenGPvbdGVxr1b2hvZbsiqW5xWH25efTNsLJA8knL consumed 23269 of 200000 compute units
[2025-11-05T06:35:26.646307000Z DEBUG solana_runtime::message_processor::stable_log] Program ATokenGPvbdGVxr1b2hvZbsiqW5xWH25efTNsLJA8knL success
[2025-11-05T06:35:26.649592000Z DEBUG solana_runtime::message_processor::stable_log] Program TokenzQdBNbLqP5VEhdkAS6EPFLC1PHnBqCXEpPxuEb invoke [1]
[2025-11-05T06:35:26.649638000Z DEBUG solana_runtime::message_processor::stable_log] Program log: Instruction: MintTo
[2025-11-05T06:35:26.649886000Z DEBUG solana_runtime::message_processor::stable_log] Program TokenzQdBNbLqP5VEhdkAS6EPFLC1PHnBqCXEpPxuEb consumed 5403 of 200000 compute units
[2025-11-05T06:35:26.649914000Z DEBUG solana_runtime::message_processor::stable_log] Program TokenzQdBNbLqP5VEhdkAS6EPFLC1PHnBqCXEpPxuEb success
[2025-11-05T06:35:26.655966000Z DEBUG solana_runtime::message_processor::stable_log] Program ATokenGPvbdGVxr1b2hvZbsiqW5xWH25efTNsLJA8knL invoke [1]
[2025-11-05T06:35:26.656048000Z DEBUG solana_runtime::message_processor::stable_log] Program log: Create
[2025-11-05T06:35:26.656122000Z DEBUG solana_runtime::message_processor::stable_log] Program TokenzQdBNbLqP5VEhdkAS6EPFLC1PHnBqCXEpPxuEb invoke [2]
[2025-11-05T06:35:26.656177000Z DEBUG solana_runtime::message_processor::stable_log] Program log: Instruction: GetAccountDataSize
[2025-11-05T06:35:26.656223000Z DEBUG solana_runtime::message_processor::stable_log] Program TokenzQdBNbLqP5VEhdkAS6EPFLC1PHnBqCXEpPxuEb consumed 2917 of 190142 compute units
[2025-11-05T06:35:26.656234000Z DEBUG solana_runtime::message_processor::stable_log] Program return: TokenzQdBNbLqP5VEhdkAS6EPFLC1PHnBqCXEpPxuEb tgAAAAAAAAA=
[2025-11-05T06:35:26.656242000Z DEBUG solana_runtime::message_processor::stable_log] Program TokenzQdBNbLqP5VEhdkAS6EPFLC1PHnBqCXEpPxuEb success
[2025-11-05T06:35:26.656297000Z DEBUG solana_runtime::message_processor::stable_log] Program 11111111111111111111111111111111 invoke [2]
[2025-11-05T06:35:26.656305000Z DEBUG solana_runtime::message_processor::stable_log] Program 11111111111111111111111111111111 success
[2025-11-05T06:35:26.656311000Z DEBUG solana_runtime::message_processor::stable_log] Program log: Initialize the associated token account
[2025-11-05T06:35:26.656328000Z DEBUG solana_runtime::message_processor::stable_log] Program TokenzQdBNbLqP5VEhdkAS6EPFLC1PHnBqCXEpPxuEb invoke [2]
[2025-11-05T06:35:26.656349000Z DEBUG solana_runtime::message_processor::stable_log] Program log: Instruction: InitializeImmutableOwner
[2025-11-05T06:35:26.656372000Z DEBUG solana_runtime::message_processor::stable_log] Program TokenzQdBNbLqP5VEhdkAS6EPFLC1PHnBqCXEpPxuEb consumed 1924 of 182295 compute units
[2025-11-05T06:35:26.656380000Z DEBUG solana_runtime::message_processor::stable_log] Program TokenzQdBNbLqP5VEhdkAS6EPFLC1PHnBqCXEpPxuEb success
[2025-11-05T06:35:26.656412000Z DEBUG solana_runtime::message_processor::stable_log] Program TokenzQdBNbLqP5VEhdkAS6EPFLC1PHnBqCXEpPxuEb invoke [2]
[2025-11-05T06:35:26.656442000Z DEBUG solana_runtime::message_processor::stable_log] Program log: Instruction: InitializeAccount3
[2025-11-05T06:35:26.656527000Z DEBUG solana_runtime::message_processor::stable_log] Program TokenzQdBNbLqP5VEhdkAS6EPFLC1PHnBqCXEpPxuEb consumed 5446 of 177981 compute units
[2025-11-05T06:35:26.656535000Z DEBUG solana_runtime::message_processor::stable_log] Program TokenzQdBNbLqP5VEhdkAS6EPFLC1PHnBqCXEpPxuEb success
[2025-11-05T06:35:26.656547000Z DEBUG solana_runtime::message_processor::stable_log] Program ATokenGPvbdGVxr1b2hvZbsiqW5xWH25efTNsLJA8knL consumed 27769 of 200000 compute units
[2025-11-05T06:35:26.656556000Z DEBUG solana_runtime::message_processor::stable_log] Program ATokenGPvbdGVxr1b2hvZbsiqW5xWH25efTNsLJA8knL success
[2025-11-05T06:35:26.659647000Z DEBUG solana_runtime::message_processor::stable_log] Program TokenzQdBNbLqP5VEhdkAS6EPFLC1PHnBqCXEpPxuEb invoke [1]
[2025-11-05T06:35:26.659693000Z DEBUG solana_runtime::message_processor::stable_log] Program log: Instruction: MintTo
[2025-11-05T06:35:26.659821000Z DEBUG solana_runtime::message_processor::stable_log] Program TokenzQdBNbLqP5VEhdkAS6EPFLC1PHnBqCXEpPxuEb consumed 5403 of 200000 compute units
[2025-11-05T06:35:26.659832000Z DEBUG solana_runtime::message_processor::stable_log] Program TokenzQdBNbLqP5VEhdkAS6EPFLC1PHnBqCXEpPxuEb success
[2025-11-05T06:35:26.664648000Z DEBUG solana_runtime::message_processor::stable_log] Program ATokenGPvbdGVxr1b2hvZbsiqW5xWH25efTNsLJA8knL invoke [1]
[2025-11-05T06:35:26.664712000Z DEBUG solana_runtime::message_processor::stable_log] Program log: Create
[2025-11-05T06:35:26.664772000Z DEBUG solana_runtime::message_processor::stable_log] Program TokenzQdBNbLqP5VEhdkAS6EPFLC1PHnBqCXEpPxuEb invoke [2]
[2025-11-05T06:35:26.664806000Z DEBUG solana_runtime::message_processor::stable_log] Program log: Instruction: GetAccountDataSize
[2025-11-05T06:35:26.664848000Z DEBUG solana_runtime::message_processor::stable_log] Program TokenzQdBNbLqP5VEhdkAS6EPFLC1PHnBqCXEpPxuEb consumed 2917 of 191642 compute units
[2025-11-05T06:35:26.664862000Z DEBUG solana_runtime::message_processor::stable_log] Program return: TokenzQdBNbLqP5VEhdkAS6EPFLC1PHnBqCXEpPxuEb tgAAAAAAAAA=
[2025-11-05T06:35:26.664875000Z DEBUG solana_runtime::message_processor::stable_log] Program TokenzQdBNbLqP5VEhdkAS6EPFLC1PHnBqCXEpPxuEb success
[2025-11-05T06:35:26.664972000Z DEBUG solana_runtime::message_processor::stable_log] Program 11111111111111111111111111111111 invoke [2]
[2025-11-05T06:35:26.664982000Z DEBUG solana_runtime::message_processor::stable_log] Program 11111111111111111111111111111111 success
[2025-11-05T06:35:26.664988000Z DEBUG solana_runtime::message_processor::stable_log] Program log: Initialize the associated token account
[2025-11-05T06:35:26.665004000Z DEBUG solana_runtime::message_processor::stable_log] Program TokenzQdBNbLqP5VEhdkAS6EPFLC1PHnBqCXEpPxuEb invoke [2]
[2025-11-05T06:35:26.665026000Z DEBUG solana_runtime::message_processor::stable_log] Program log: Instruction: InitializeImmutableOwner
[2025-11-05T06:35:26.665051000Z DEBUG solana_runtime::message_processor::stable_log] Program TokenzQdBNbLqP5VEhdkAS6EPFLC1PHnBqCXEpPxuEb consumed 1924 of 183795 compute units
[2025-11-05T06:35:26.665061000Z DEBUG solana_runtime::message_processor::stable_log] Program TokenzQdBNbLqP5VEhdkAS6EPFLC1PHnBqCXEpPxuEb success
[2025-11-05T06:35:26.665094000Z DEBUG solana_runtime::message_processor::stable_log] Program TokenzQdBNbLqP5VEhdkAS6EPFLC1PHnBqCXEpPxuEb invoke [2]
[2025-11-05T06:35:26.665123000Z DEBUG solana_runtime::message_processor::stable_log] Program log: Instruction: InitializeAccount3
[2025-11-05T06:35:26.665206000Z DEBUG solana_runtime::message_processor::stable_log] Program TokenzQdBNbLqP5VEhdkAS6EPFLC1PHnBqCXEpPxuEb consumed 5446 of 179481 compute units
[2025-11-05T06:35:26.665215000Z DEBUG solana_runtime::message_processor::stable_log] Program TokenzQdBNbLqP5VEhdkAS6EPFLC1PHnBqCXEpPxuEb success
[2025-11-05T06:35:26.665227000Z DEBUG solana_runtime::message_processor::stable_log] Program ATokenGPvbdGVxr1b2hvZbsiqW5xWH25efTNsLJA8knL consumed 26269 of 200000 compute units
[2025-11-05T06:35:26.665236000Z DEBUG solana_runtime::message_processor::stable_log] Program ATokenGPvbdGVxr1b2hvZbsiqW5xWH25efTNsLJA8knL success
[2025-11-05T06:35:26.668885000Z DEBUG solana_runtime::message_processor::stable_log] Program TokenzQdBNbLqP5VEhdkAS6EPFLC1PHnBqCXEpPxuEb invoke [1]
[2025-11-05T06:35:26.668949000Z DEBUG solana_runtime::message_processor::stable_log] Program log: Instruction: MintTo
[2025-11-05T06:35:26.669030000Z DEBUG solana_runtime::message_processor::stable_log] Program TokenzQdBNbLqP5VEhdkAS6EPFLC1PHnBqCXEpPxuEb consumed 5403 of 200000 compute units
[2025-11-05T06:35:26.669039000Z DEBUG solana_runtime::message_processor::stable_log] Program TokenzQdBNbLqP5VEhdkAS6EPFLC1PHnBqCXEpPxuEb success
[2025-11-05T06:35:26.681787000Z DEBUG solana_runtime::message_processor::stable_log] Program ASmKWt93JEMHxbdE6j7znD9y2FcdPboCzC3xtSTJvN7S invoke [1]
[2025-11-05T06:35:26.681846000Z DEBUG solana_runtime::message_processor::stable_log] Program log: Instruction: CreateConfig
[2025-11-05T06:35:26.681962000Z DEBUG solana_runtime::message_processor::stable_log] Program 11111111111111111111111111111111 invoke [2]
[2025-11-05T06:35:26.681970000Z DEBUG solana_runtime::message_processor::stable_log] Program 11111111111111111111111111111111 success
[2025-11-05T06:35:26.682065000Z DEBUG solana_runtime::message_processor::stable_log] Program ASmKWt93JEMHxbdE6j7znD9y2FcdPboCzC3xtSTJvN7S invoke [2]
[2025-11-05T06:35:26.682120000Z DEBUG solana_runtime::message_processor::stable_log] Program ASmKWt93JEMHxbdE6j7znD9y2FcdPboCzC3xtSTJvN7S consumed 2069 of 178598 compute units
[2025-11-05T06:35:26.682134000Z DEBUG solana_runtime::message_processor::stable_log] Program ASmKWt93JEMHxbdE6j7znD9y2FcdPboCzC3xtSTJvN7S success
[2025-11-05T06:35:26.682160000Z DEBUG solana_runtime::message_processor::stable_log] Program ASmKWt93JEMHxbdE6j7znD9y2FcdPboCzC3xtSTJvN7S consumed 23776 of 200000 compute units
[2025-11-05T06:35:26.682168000Z DEBUG solana_runtime::message_processor::stable_log] Program ASmKWt93JEMHxbdE6j7znD9y2FcdPboCzC3xtSTJvN7S success
[2025-11-05T06:35:26.711602000Z DEBUG solana_runtime::message_processor::stable_log] Program ASmKWt93JEMHxbdE6j7znD9y2FcdPboCzC3xtSTJvN7S invoke [1]
[2025-11-05T06:35:26.711725000Z DEBUG solana_runtime::message_processor::stable_log] Program log: Instruction: InitializePool
[2025-11-05T06:35:26.711867000Z DEBUG solana_runtime::message_processor::stable_log] Program 11111111111111111111111111111111 invoke [2]
[2025-11-05T06:35:26.711875000Z DEBUG solana_runtime::message_processor::stable_log] Program 11111111111111111111111111111111 success
[2025-11-05T06:35:26.711968000Z DEBUG solana_runtime::message_processor::stable_log] Program TokenzQdBNbLqP5VEhdkAS6EPFLC1PHnBqCXEpPxuEb invoke [2]
[2025-11-05T06:35:26.712003000Z DEBUG solana_runtime::message_processor::stable_log] Program log: MetadataPointerInstruction::Initialize
[2025-11-05T06:35:26.712040000Z DEBUG solana_runtime::message_processor::stable_log] Program TokenzQdBNbLqP5VEhdkAS6EPFLC1PHnBqCXEpPxuEb consumed 2442 of 334481 compute units
[2025-11-05T06:35:26.712056000Z DEBUG solana_runtime::message_processor::stable_log] Program TokenzQdBNbLqP5VEhdkAS6EPFLC1PHnBqCXEpPxuEb success
[2025-11-05T06:35:26.712093000Z DEBUG solana_runtime::message_processor::stable_log] Program TokenzQdBNbLqP5VEhdkAS6EPFLC1PHnBqCXEpPxuEb invoke [2]
[2025-11-05T06:35:26.712115000Z DEBUG solana_runtime::message_processor::stable_log] Program log: Instruction: InitializeMintCloseAuthority
[2025-11-05T06:35:26.712146000Z DEBUG solana_runtime::message_processor::stable_log] Program TokenzQdBNbLqP5VEhdkAS6EPFLC1PHnBqCXEpPxuEb consumed 2570 of 330061 compute units
[2025-11-05T06:35:26.712157000Z DEBUG solana_runtime::message_processor::stable_log] Program TokenzQdBNbLqP5VEhdkAS6EPFLC1PHnBqCXEpPxuEb success
[2025-11-05T06:35:26.712269000Z DEBUG solana_runtime::message_processor::stable_log] Program TokenzQdBNbLqP5VEhdkAS6EPFLC1PHnBqCXEpPxuEb invoke [2]
[2025-11-05T06:35:26.712294000Z DEBUG solana_runtime::message_processor::stable_log] Program log: Instruction: InitializeMint2
[2025-11-05T06:35:26.712354000Z DEBUG solana_runtime::message_processor::stable_log] Program TokenzQdBNbLqP5VEhdkAS6EPFLC1PHnBqCXEpPxuEb consumed 4078 of 325549 compute units
[2025-11-05T06:35:26.712364000Z DEBUG solana_runtime::message_processor::stable_log] Program TokenzQdBNbLqP5VEhdkAS6EPFLC1PHnBqCXEpPxuEb success
[2025-11-05T06:35:26.712479000Z DEBUG solana_runtime::message_processor::stable_log] Program 11111111111111111111111111111111 invoke [2]
[2025-11-05T06:35:26.712483000Z DEBUG solana_runtime::message_processor::stable_log] Program 11111111111111111111111111111111 success
[2025-11-05T06:35:26.712516000Z DEBUG solana_runtime::message_processor::stable_log] Program TokenzQdBNbLqP5VEhdkAS6EPFLC1PHnBqCXEpPxuEb invoke [2]
[2025-11-05T06:35:26.712546000Z DEBUG solana_runtime::message_processor::stable_log] Program log: Instruction: InitializeAccount3
[2025-11-05T06:35:26.712622000Z DEBUG solana_runtime::message_processor::stable_log] Program TokenzQdBNbLqP5VEhdkAS6EPFLC1PHnBqCXEpPxuEb consumed 5137 of 311865 compute units
[2025-11-05T06:35:26.712630000Z DEBUG solana_runtime::message_processor::stable_log] Program TokenzQdBNbLqP5VEhdkAS6EPFLC1PHnBqCXEpPxuEb success
[2025-11-05T06:35:26.712801000Z DEBUG solana_runtime::message_processor::stable_log] Program 11111111111111111111111111111111 invoke [2]
[2025-11-05T06:35:26.712805000Z DEBUG solana_runtime::message_processor::stable_log] Program 11111111111111111111111111111111 success
[2025-11-05T06:35:26.712868000Z DEBUG solana_runtime::message_processor::stable_log] Program 11111111111111111111111111111111 invoke [2]
[2025-11-05T06:35:26.712871000Z DEBUG solana_runtime::message_processor::stable_log] Program 11111111111111111111111111111111 success
[2025-11-05T06:35:26.712975000Z DEBUG solana_runtime::message_processor::stable_log] Program 11111111111111111111111111111111 invoke [2]
[2025-11-05T06:35:26.712978000Z DEBUG solana_runtime::message_processor::stable_log] Program 11111111111111111111111111111111 success
[2025-11-05T06:35:26.713003000Z DEBUG solana_runtime::message_processor::stable_log] Program TokenzQdBNbLqP5VEhdkAS6EPFLC1PHnBqCXEpPxuEb invoke [2]
[2025-11-05T06:35:26.713026000Z DEBUG solana_runtime::message_processor::stable_log] Program log: Instruction: InitializeAccount3
[2025-11-05T06:35:26.713104000Z DEBUG solana_runtime::message_processor::stable_log] Program TokenzQdBNbLqP5VEhdkAS6EPFLC1PHnBqCXEpPxuEb consumed 5379 of 265995 compute units
[2025-11-05T06:35:26.713111000Z DEBUG solana_runtime::message_processor::stable_log] Program TokenzQdBNbLqP5VEhdkAS6EPFLC1PHnBqCXEpPxuEb success
[2025-11-05T06:35:26.713347000Z DEBUG solana_runtime::message_processor::stable_log] Program 11111111111111111111111111111111 invoke [2]
[2025-11-05T06:35:26.713355000Z DEBUG solana_runtime::message_processor::stable_log] Program 11111111111111111111111111111111 success
[2025-11-05T06:35:26.713381000Z DEBUG solana_runtime::message_processor::stable_log] Program TokenzQdBNbLqP5VEhdkAS6EPFLC1PHnBqCXEpPxuEb invoke [2]
[2025-11-05T06:35:26.713403000Z DEBUG solana_runtime::message_processor::stable_log] Program log: Instruction: InitializeAccount3
[2025-11-05T06:35:26.713480000Z DEBUG solana_runtime::message_processor::stable_log] Program TokenzQdBNbLqP5VEhdkAS6EPFLC1PHnBqCXEpPxuEb consumed 5379 of 244410 compute units
[2025-11-05T06:35:26.713491000Z DEBUG solana_runtime::message_processor::stable_log] Program TokenzQdBNbLqP5VEhdkAS6EPFLC1PHnBqCXEpPxuEb success
[2025-11-05T06:35:26.713725000Z DEBUG solana_runtime::message_processor::stable_log] Program TokenzQdBNbLqP5VEhdkAS6EPFLC1PHnBqCXEpPxuEb invoke [2]
[2025-11-05T06:35:26.713775000Z DEBUG solana_runtime::message_processor::stable_log] Program log: TokenMetadataInstruction: Initialize
[2025-11-05T06:35:26.713897000Z DEBUG solana_runtime::message_processor::stable_log] Program TokenzQdBNbLqP5VEhdkAS6EPFLC1PHnBqCXEpPxuEb consumed 9900 of 225156 compute units
[2025-11-05T06:35:26.713908000Z DEBUG solana_runtime::message_processor::stable_log] Program TokenzQdBNbLqP5VEhdkAS6EPFLC1PHnBqCXEpPxuEb success
[2025-11-05T06:35:26.713949000Z DEBUG solana_runtime::message_processor::stable_log] Program 11111111111111111111111111111111 invoke [2]
[2025-11-05T06:35:26.713952000Z DEBUG solana_runtime::message_processor::stable_log] Program 11111111111111111111111111111111 success
[2025-11-05T06:35:26.713990000Z DEBUG solana_runtime::message_processor::stable_log] Program TokenzQdBNbLqP5VEhdkAS6EPFLC1PHnBqCXEpPxuEb invoke [2]
[2025-11-05T06:35:26.714018000Z DEBUG solana_runtime::message_processor::stable_log] Program log: Instruction: MintTo
[2025-11-05T06:35:26.714088000Z DEBUG solana_runtime::message_processor::stable_log] Program TokenzQdBNbLqP5VEhdkAS6EPFLC1PHnBqCXEpPxuEb consumed 5540 of 210194 compute units
[2025-11-05T06:35:26.714095000Z DEBUG solana_runtime::message_processor::stable_log] Program TokenzQdBNbLqP5VEhdkAS6EPFLC1PHnBqCXEpPxuEb success
[2025-11-05T06:35:26.714143000Z DEBUG solana_runtime::message_processor::stable_log] Program ASmKWt93JEMHxbdE6j7znD9y2FcdPboCzC3xtSTJvN7S invoke [2]
[2025-11-05T06:35:26.714174000Z DEBUG solana_runtime::message_processor::stable_log] Program ASmKWt93JEMHxbdE6j7znD9y2FcdPboCzC3xtSTJvN7S consumed 2069 of 201589 compute units
[2025-11-05T06:35:26.714182000Z DEBUG solana_runtime::message_processor::stable_log] Program ASmKWt93JEMHxbdE6j7znD9y2FcdPboCzC3xtSTJvN7S success
[2025-11-05T06:35:26.714258000Z DEBUG solana_runtime::message_processor::stable_log] Program TokenzQdBNbLqP5VEhdkAS6EPFLC1PHnBqCXEpPxuEb invoke [2]
[2025-11-05T06:35:26.714289000Z DEBUG solana_runtime::message_processor::stable_log] Program log: Instruction: TransferChecked
[2025-11-05T06:35:26.714411000Z DEBUG solana_runtime::message_processor::stable_log] Program TokenzQdBNbLqP5VEhdkAS6EPFLC1PHnBqCXEpPxuEb consumed 9156 of 195025 compute units
[2025-11-05T06:35:26.714419000Z DEBUG solana_runtime::message_processor::stable_log] Program TokenzQdBNbLqP5VEhdkAS6EPFLC1PHnBqCXEpPxuEb success
[2025-11-05T06:35:26.714533000Z DEBUG solana_runtime::message_processor::stable_log] Program TokenzQdBNbLqP5VEhdkAS6EPFLC1PHnBqCXEpPxuEb invoke [2]
[2025-11-05T06:35:26.714596000Z DEBUG solana_runtime::message_processor::stable_log] Program log: Instruction: TransferChecked
[2025-11-05T06:35:26.714703000Z DEBUG solana_runtime::message_processor::stable_log] Program TokenzQdBNbLqP5VEhdkAS6EPFLC1PHnBqCXEpPxuEb consumed 8762 of 183464 compute units
[2025-11-05T06:35:26.714711000Z DEBUG solana_runtime::message_processor::stable_log] Program TokenzQdBNbLqP5VEhdkAS6EPFLC1PHnBqCXEpPxuEb success
[2025-11-05T06:35:26.714792000Z DEBUG solana_runtime::message_processor::stable_log] Program ASmKWt93JEMHxbdE6j7znD9y2FcdPboCzC3xtSTJvN7S invoke [2]
[2025-11-05T06:35:26.714824000Z DEBUG solana_runtime::message_processor::stable_log] Program ASmKWt93JEMHxbdE6j7znD9y2FcdPboCzC3xtSTJvN7S consumed 2069 of 169621 compute units
[2025-11-05T06:35:26.714832000Z DEBUG solana_runtime::message_processor::stable_log] Program ASmKWt93JEMHxbdE6j7znD9y2FcdPboCzC3xtSTJvN7S success
[2025-11-05T06:35:26.714856000Z DEBUG solana_runtime::message_processor::stable_log] Program ASmKWt93JEMHxbdE6j7znD9y2FcdPboCzC3xtSTJvN7S consumed 183235 of 350000 compute units
[2025-11-05T06:35:26.714866000Z DEBUG solana_runtime::message_processor::stable_log] Program ASmKWt93JEMHxbdE6j7znD9y2FcdPboCzC3xtSTJvN7S success
[2025-11-05T06:35:26.714874000Z DEBUG solana_runtime::message_processor::stable_log] Program ComputeBudget111111111111111111111111111111 invoke [1]
[2025-11-05T06:35:26.714881000Z DEBUG solana_runtime::message_processor::stable_log] Program ComputeBudget111111111111111111111111111111 success
[2025-11-05T06:35:26.733911000Z DEBUG solana_runtime::message_processor::stable_log] Program ASmKWt93JEMHxbdE6j7znD9y2FcdPboCzC3xtSTJvN7S invoke [1]
[2025-11-05T06:35:26.734007000Z DEBUG solana_runtime::message_processor::stable_log] Program log: Instruction: CreatePosition
[2025-11-05T06:35:26.734086000Z DEBUG solana_runtime::message_processor::stable_log] Program 11111111111111111111111111111111 invoke [2]
[2025-11-05T06:35:26.734096000Z DEBUG solana_runtime::message_processor::stable_log] Program 11111111111111111111111111111111 success
[2025-11-05T06:35:26.734188000Z DEBUG solana_runtime::message_processor::stable_log] Program TokenzQdBNbLqP5VEhdkAS6EPFLC1PHnBqCXEpPxuEb invoke [2]
[2025-11-05T06:35:26.734235000Z DEBUG solana_runtime::message_processor::stable_log] Program log: MetadataPointerInstruction::Initialize
[2025-11-05T06:35:26.734268000Z DEBUG solana_runtime::message_processor::stable_log] Program TokenzQdBNbLqP5VEhdkAS6EPFLC1PHnBqCXEpPxuEb consumed 2442 of 191116 compute units
[2025-11-05T06:35:26.734278000Z DEBUG solana_runtime::message_processor::stable_log] Program TokenzQdBNbLqP5VEhdkAS6EPFLC1PHnBqCXEpPxuEb success
[2025-11-05T06:35:26.734311000Z DEBUG solana_runtime::message_processor::stable_log] Program TokenzQdBNbLqP5VEhdkAS6EPFLC1PHnBqCXEpPxuEb invoke [2]
[2025-11-05T06:35:26.734333000Z DEBUG solana_runtime::message_processor::stable_log] Program log: Instruction: InitializeMintCloseAuthority
[2025-11-05T06:35:26.734365000Z DEBUG solana_runtime::message_processor::stable_log] Program TokenzQdBNbLqP5VEhdkAS6EPFLC1PHnBqCXEpPxuEb consumed 2570 of 186696 compute units
[2025-11-05T06:35:26.734372000Z DEBUG solana_runtime::message_processor::stable_log] Program TokenzQdBNbLqP5VEhdkAS6EPFLC1PHnBqCXEpPxuEb success
[2025-11-05T06:35:26.734400000Z DEBUG solana_runtime::message_processor::stable_log] Program TokenzQdBNbLqP5VEhdkAS6EPFLC1PHnBqCXEpPxuEb invoke [2]
[2025-11-05T06:35:26.734425000Z DEBUG solana_runtime::message_processor::stable_log] Program log: Instruction: InitializeMint2
[2025-11-05T06:35:26.734483000Z DEBUG solana_runtime::message_processor::stable_log] Program TokenzQdBNbLqP5VEhdkAS6EPFLC1PHnBqCXEpPxuEb consumed 4078 of 182183 compute units
[2025-11-05T06:35:26.734491000Z DEBUG solana_runtime::message_processor::stable_log] Program TokenzQdBNbLqP5VEhdkAS6EPFLC1PHnBqCXEpPxuEb success
[2025-11-05T06:35:26.734642000Z DEBUG solana_runtime::message_processor::stable_log] Program 11111111111111111111111111111111 invoke [2]
[2025-11-05T06:35:26.734650000Z DEBUG solana_runtime::message_processor::stable_log] Program 11111111111111111111111111111111 success
[2025-11-05T06:35:26.734679000Z DEBUG solana_runtime::message_processor::stable_log] Program TokenzQdBNbLqP5VEhdkAS6EPFLC1PHnBqCXEpPxuEb invoke [2]
[2025-11-05T06:35:26.734706000Z DEBUG solana_runtime::message_processor::stable_log] Program log: Instruction: InitializeAccount3
[2025-11-05T06:35:26.734779000Z DEBUG solana_runtime::message_processor::stable_log] Program TokenzQdBNbLqP5VEhdkAS6EPFLC1PHnBqCXEpPxuEb consumed 5137 of 168499 compute units
[2025-11-05T06:35:26.734787000Z DEBUG solana_runtime::message_processor::stable_log] Program TokenzQdBNbLqP5VEhdkAS6EPFLC1PHnBqCXEpPxuEb success
[2025-11-05T06:35:26.734887000Z DEBUG solana_runtime::message_processor::stable_log] Program 11111111111111111111111111111111 invoke [2]
[2025-11-05T06:35:26.734895000Z DEBUG solana_runtime::message_processor::stable_log] Program 11111111111111111111111111111111 success
[2025-11-05T06:35:26.734999000Z DEBUG solana_runtime::message_processor::stable_log] Program TokenzQdBNbLqP5VEhdkAS6EPFLC1PHnBqCXEpPxuEb invoke [2]
[2025-11-05T06:35:26.735049000Z DEBUG solana_runtime::message_processor::stable_log] Program log: TokenMetadataInstruction: Initialize
[2025-11-05T06:35:26.735174000Z DEBUG solana_runtime::message_processor::stable_log] Program TokenzQdBNbLqP5VEhdkAS6EPFLC1PHnBqCXEpPxuEb consumed 9900 of 150269 compute units
[2025-11-05T06:35:26.735183000Z DEBUG solana_runtime::message_processor::stable_log] Program TokenzQdBNbLqP5VEhdkAS6EPFLC1PHnBqCXEpPxuEb success
[2025-11-05T06:35:26.735222000Z DEBUG solana_runtime::message_processor::stable_log] Program 11111111111111111111111111111111 invoke [2]
[2025-11-05T06:35:26.735225000Z DEBUG solana_runtime::message_processor::stable_log] Program 11111111111111111111111111111111 success
[2025-11-05T06:35:26.735265000Z DEBUG solana_runtime::message_processor::stable_log] Program TokenzQdBNbLqP5VEhdkAS6EPFLC1PHnBqCXEpPxuEb invoke [2]
[2025-11-05T06:35:26.735296000Z DEBUG solana_runtime::message_processor::stable_log] Program log: Instruction: MintTo
[2025-11-05T06:35:26.735366000Z DEBUG solana_runtime::message_processor::stable_log] Program TokenzQdBNbLqP5VEhdkAS6EPFLC1PHnBqCXEpPxuEb consumed 5540 of 135307 compute units
[2025-11-05T06:35:26.735375000Z DEBUG solana_runtime::message_processor::stable_log] Program TokenzQdBNbLqP5VEhdkAS6EPFLC1PHnBqCXEpPxuEb success
[2025-11-05T06:35:26.735428000Z DEBUG solana_runtime::message_processor::stable_log] Program ASmKWt93JEMHxbdE6j7znD9y2FcdPboCzC3xtSTJvN7S invoke [2]
[2025-11-05T06:35:26.735478000Z DEBUG solana_runtime::message_processor::stable_log] Program ASmKWt93JEMHxbdE6j7znD9y2FcdPboCzC3xtSTJvN7S consumed 2069 of 126701 compute units
[2025-11-05T06:35:26.735491000Z DEBUG solana_runtime::message_processor::stable_log] Program ASmKWt93JEMHxbdE6j7znD9y2FcdPboCzC3xtSTJvN7S success
[2025-11-05T06:35:26.735520000Z DEBUG solana_runtime::message_processor::stable_log] Program ASmKWt93JEMHxbdE6j7znD9y2FcdPboCzC3xtSTJvN7S consumed 75933 of 200000 compute units
[2025-11-05T06:35:26.735530000Z DEBUG solana_runtime::message_processor::stable_log] Program ASmKWt93JEMHxbdE6j7znD9y2FcdPboCzC3xtSTJvN7S success
[2025-11-05T06:35:26.762803000Z DEBUG solana_runtime::message_processor::stable_log] Program ASmKWt93JEMHxbdE6j7znD9y2FcdPboCzC3xtSTJvN7S invoke [1]
[2025-11-05T06:35:26.762909000Z DEBUG solana_runtime::message_processor::stable_log] Program log: Instruction: AddLiquidity
[2025-11-05T06:35:26.763247000Z DEBUG solana_runtime::message_processor::stable_log] Program TokenzQdBNbLqP5VEhdkAS6EPFLC1PHnBqCXEpPxuEb invoke [2]
[2025-11-05T06:35:26.763296000Z DEBUG solana_runtime::message_processor::stable_log] Program log: Instruction: TransferChecked
[2025-11-05T06:35:26.763469000Z DEBUG solana_runtime::message_processor::stable_log] Program TokenzQdBNbLqP5VEhdkAS6EPFLC1PHnBqCXEpPxuEb consumed 9167 of 176205 compute units
[2025-11-05T06:35:26.763479000Z DEBUG solana_runtime::message_processor::stable_log] Program TokenzQdBNbLqP5VEhdkAS6EPFLC1PHnBqCXEpPxuEb success
[2025-11-05T06:35:26.763525000Z DEBUG solana_runtime::message_processor::stable_log] Program TokenzQdBNbLqP5VEhdkAS6EPFLC1PHnBqCXEpPxuEb invoke [2]
[2025-11-05T06:35:26.763557000Z DEBUG solana_runtime::message_processor::stable_log] Program log: Instruction: TransferChecked
[2025-11-05T06:35:26.763675000Z DEBUG solana_runtime::message_processor::stable_log] Program TokenzQdBNbLqP5VEhdkAS6EPFLC1PHnBqCXEpPxuEb consumed 8762 of 164633 compute units
[2025-11-05T06:35:26.763683000Z DEBUG solana_runtime::message_processor::stable_log] Program TokenzQdBNbLqP5VEhdkAS6EPFLC1PHnBqCXEpPxuEb success
[2025-11-05T06:35:26.763734000Z DEBUG solana_runtime::message_processor::stable_log] Program ASmKWt93JEMHxbdE6j7znD9y2FcdPboCzC3xtSTJvN7S invoke [2]
[2025-11-05T06:35:26.763830000Z DEBUG solana_runtime::message_processor::stable_log] Program ASmKWt93JEMHxbdE6j7znD9y2FcdPboCzC3xtSTJvN7S consumed 2069 of 152617 compute units
[2025-11-05T06:35:26.763844000Z DEBUG solana_runtime::message_processor::stable_log] Program ASmKWt93JEMHxbdE6j7znD9y2FcdPboCzC3xtSTJvN7S success
[2025-11-05T06:35:26.763944000Z DEBUG solana_runtime::message_processor::stable_log] Program ASmKWt93JEMHxbdE6j7znD9y2FcdPboCzC3xtSTJvN7S invoke [2]
[2025-11-05T06:35:26.763975000Z DEBUG solana_runtime::message_processor::stable_log] Program ASmKWt93JEMHxbdE6j7znD9y2FcdPboCzC3xtSTJvN7S consumed 2069 of 144216 compute units
[2025-11-05T06:35:26.763986000Z DEBUG solana_runtime::message_processor::stable_log] Program ASmKWt93JEMHxbdE6j7znD9y2FcdPboCzC3xtSTJvN7S success
[2025-11-05T06:35:26.764007000Z DEBUG solana_runtime::message_processor::stable_log] Program ASmKWt93JEMHxbdE6j7znD9y2FcdPboCzC3xtSTJvN7S consumed 58494 of 200000 compute units
[2025-11-05T06:35:26.764017000Z DEBUG solana_runtime::message_processor::stable_log] Program ASmKWt93JEMHxbdE6j7znD9y2FcdPboCzC3xtSTJvN7S success
[2025-11-05T06:35:26.786877000Z DEBUG solana_runtime::message_processor::stable_log] Program ASmKWt93JEMHxbdE6j7znD9y2FcdPboCzC3xtSTJvN7S invoke [1]
[2025-11-05T06:35:26.786986000Z DEBUG solana_runtime::message_processor::stable_log] Program log: Instruction: RemoveLiquidity
[2025-11-05T06:35:26.787367000Z DEBUG solana_runtime::message_processor::stable_log] Program TokenzQdBNbLqP5VEhdkAS6EPFLC1PHnBqCXEpPxuEb invoke [2]
[2025-11-05T06:35:26.787417000Z DEBUG solana_runtime::message_processor::stable_log] Program log: Instruction: TransferChecked
[2025-11-05T06:35:26.787553000Z DEBUG solana_runtime::message_processor::stable_log] Program TokenzQdBNbLqP5VEhdkAS6EPFLC1PHnBqCXEpPxuEb consumed 9227 of 174424 compute units
[2025-11-05T06:35:26.787571000Z DEBUG solana_runtime::message_processor::stable_log] Program TokenzQdBNbLqP5VEhdkAS6EPFLC1PHnBqCXEpPxuEb success
[2025-11-05T06:35:26.787728000Z DEBUG solana_runtime::message_processor::stable_log] Program TokenzQdBNbLqP5VEhdkAS6EPFLC1PHnBqCXEpPxuEb invoke [2]
[2025-11-05T06:35:26.787762000Z DEBUG solana_runtime::message_processor::stable_log] Program log: Instruction: TransferChecked
[2025-11-05T06:35:26.787896000Z DEBUG solana_runtime::message_processor::stable_log] Program TokenzQdBNbLqP5VEhdkAS6EPFLC1PHnBqCXEpPxuEb consumed 8762 of 162744 compute units
[2025-11-05T06:35:26.787909000Z DEBUG solana_runtime::message_processor::stable_log] Program TokenzQdBNbLqP5VEhdkAS6EPFLC1PHnBqCXEpPxuEb success
[2025-11-05T06:35:26.787969000Z DEBUG solana_runtime::message_processor::stable_log] Program ASmKWt93JEMHxbdE6j7znD9y2FcdPboCzC3xtSTJvN7S invoke [2]
[2025-11-05T06:35:26.788009000Z DEBUG solana_runtime::message_processor::stable_log] Program ASmKWt93JEMHxbdE6j7znD9y2FcdPboCzC3xtSTJvN7S consumed 2069 of 150863 compute units
[2025-11-05T06:35:26.788018000Z DEBUG solana_runtime::message_processor::stable_log] Program ASmKWt93JEMHxbdE6j7znD9y2FcdPboCzC3xtSTJvN7S success
[2025-11-05T06:35:26.788114000Z DEBUG solana_runtime::message_processor::stable_log] Program ASmKWt93JEMHxbdE6j7znD9y2FcdPboCzC3xtSTJvN7S invoke [2]
[2025-11-05T06:35:26.788145000Z DEBUG solana_runtime::message_processor::stable_log] Program ASmKWt93JEMHxbdE6j7znD9y2FcdPboCzC3xtSTJvN7S consumed 2069 of 142655 compute units
[2025-11-05T06:35:26.788153000Z DEBUG solana_runtime::message_processor::stable_log] Program ASmKWt93JEMHxbdE6j7znD9y2FcdPboCzC3xtSTJvN7S success
[2025-11-05T06:35:26.788173000Z DEBUG solana_runtime::message_processor::stable_log] Program ASmKWt93JEMHxbdE6j7znD9y2FcdPboCzC3xtSTJvN7S consumed 60076 of 200000 compute units
[2025-11-05T06:35:26.788183000Z DEBUG solana_runtime::message_processor::stable_log] Program ASmKWt93JEMHxbdE6j7znD9y2FcdPboCzC3xtSTJvN7S success
      ✔ User remove liquidity (68ms)

  Reward by admin
    Reward with SPL-Token
[2025-11-05T06:35:26.790072000Z INFO  solana_program_test] "cp_amm" SBF program from ./target/deploy/cp_amm.so, modified 24 minutes, 34 seconds, 137 ms, 387 µs and 203 ns ago
[2025-11-05T06:35:26.790231000Z INFO  solana_program_test] "fee_router" SBF program from ./target/deploy/fee_router.so, modified 36 seconds, 874 ms, 490 µs and 331 ns ago
[2025-11-05T06:35:26.790360000Z INFO  solana_program_test] "transfer_hook_counter" SBF program from tests/fixtures/transfer_hook_counter.so, modified 3 weeks, 22 hours, 59 minutes, 1 second, 615 ms, 960 µs and 196 ns ago
[2025-11-05T06:35:26.790567000Z INFO  solana_program_test] "alpha_vault" SBF program from tests/fixtures/alpha_vault.so, modified 3 weeks, 22 hours, 59 minutes, 1 second, 616 ms, 854 µs and 72 ns ago
[2025-11-05T06:35:26.790816000Z INFO  solana_program_test] "streamflow" SBF program from tests/fixtures/streamflow.so, modified 3 weeks, 6 hours, 59 minutes, 11 seconds, 501 ms, 732 µs and 387 ns ago
[2025-11-05T06:35:26.791092000Z INFO  solana_program_test] "cp_amm" SBF program from ./target/deploy/cp_amm.so, modified 24 minutes, 34 seconds, 138 ms, 410 µs and 203 ns ago
[2025-11-05T06:35:26.791253000Z INFO  solana_program_test] "fee_router" SBF program from ./target/deploy/fee_router.so, modified 36 seconds, 875 ms, 510 µs and 331 ns ago
[2025-11-05T06:35:26.809351000Z INFO  solana_program_test] Overriding account at ASmKWt93JEMHxbdE6j7znD9y2FcdPboCzC3xtSTJvN7S
[2025-11-05T06:35:26.809364000Z INFO  solana_program_test] Overriding account at 5B57SJ3g2YoNXUpsZqqjEQkRSxyKtVTQRXdgAirz6bio
[2025-11-05T06:35:26.820534000Z DEBUG solana_runtime::message_processor::stable_log] Program 11111111111111111111111111111111 invoke [1]
[2025-11-05T06:35:26.820547000Z DEBUG solana_runtime::message_processor::stable_log] Program 11111111111111111111111111111111 success
[2025-11-05T06:35:26.824437000Z DEBUG solana_runtime::message_processor::stable_log] Program 11111111111111111111111111111111 invoke [1]
[2025-11-05T06:35:26.824448000Z DEBUG solana_runtime::message_processor::stable_log] Program 11111111111111111111111111111111 success
[2025-11-05T06:35:26.828211000Z DEBUG solana_runtime::message_processor::stable_log] Program 11111111111111111111111111111111 invoke [1]
[2025-11-05T06:35:26.828222000Z DEBUG solana_runtime::message_processor::stable_log] Program 11111111111111111111111111111111 success
[2025-11-05T06:35:26.831906000Z DEBUG solana_runtime::message_processor::stable_log] Program 11111111111111111111111111111111 invoke [1]
[2025-11-05T06:35:26.831914000Z DEBUG solana_runtime::message_processor::stable_log] Program 11111111111111111111111111111111 success
[2025-11-05T06:35:26.839360000Z DEBUG solana_runtime::message_processor::stable_log] Program 11111111111111111111111111111111 invoke [1]
[2025-11-05T06:35:26.839376000Z DEBUG solana_runtime::message_processor::stable_log] Program 11111111111111111111111111111111 success
[2025-11-05T06:35:26.839384000Z DEBUG solana_runtime::message_processor::stable_log] Program TokenkegQfeZyiNwAJbNbGKPFXCWuBvf9Ss623VQ5DA invoke [1]
[2025-11-05T06:35:26.839481000Z DEBUG solana_runtime::message_processor::stable_log] Program log: Instruction: InitializeMint2
[2025-11-05T06:35:26.839517000Z DEBUG solana_runtime::message_processor::stable_log] Program TokenkegQfeZyiNwAJbNbGKPFXCWuBvf9Ss623VQ5DA consumed 2779 of 399850 compute units
[2025-11-05T06:35:26.839527000Z DEBUG solana_runtime::message_processor::stable_log] Program TokenkegQfeZyiNwAJbNbGKPFXCWuBvf9Ss623VQ5DA success
[2025-11-05T06:35:26.846316000Z DEBUG solana_runtime::message_processor::stable_log] Program 11111111111111111111111111111111 invoke [1]
[2025-11-05T06:35:26.846331000Z DEBUG solana_runtime::message_processor::stable_log] Program 11111111111111111111111111111111 success
[2025-11-05T06:35:26.846335000Z DEBUG solana_runtime::message_processor::stable_log] Program TokenkegQfeZyiNwAJbNbGKPFXCWuBvf9Ss623VQ5DA invoke [1]
[2025-11-05T06:35:26.846493000Z DEBUG solana_runtime::message_processor::stable_log] Program log: Instruction: InitializeMint2
[2025-11-05T06:35:26.846526000Z DEBUG solana_runtime::message_processor::stable_log] Program TokenkegQfeZyiNwAJbNbGKPFXCWuBvf9Ss623VQ5DA consumed 2779 of 399850 compute units
[2025-11-05T06:35:26.846540000Z DEBUG solana_runtime::message_processor::stable_log] Program TokenkegQfeZyiNwAJbNbGKPFXCWuBvf9Ss623VQ5DA success
[2025-11-05T06:35:26.853876000Z DEBUG solana_runtime::message_processor::stable_log] Program 11111111111111111111111111111111 invoke [1]
[2025-11-05T06:35:26.853893000Z DEBUG solana_runtime::message_processor::stable_log] Program 11111111111111111111111111111111 success
[2025-11-05T06:35:26.853897000Z DEBUG solana_runtime::message_processor::stable_log] Program TokenkegQfeZyiNwAJbNbGKPFXCWuBvf9Ss623VQ5DA invoke [1]
[2025-11-05T06:35:26.853954000Z DEBUG solana_runtime::message_processor::stable_log] Program log: Instruction: InitializeMint2
[2025-11-05T06:35:26.854012000Z DEBUG solana_runtime::message_processor::stable_log] Program TokenkegQfeZyiNwAJbNbGKPFXCWuBvf9Ss623VQ5DA consumed 2779 of 399850 compute units
[2025-11-05T06:35:26.854022000Z DEBUG solana_runtime::message_processor::stable_log] Program TokenkegQfeZyiNwAJbNbGKPFXCWuBvf9Ss623VQ5DA success
[2025-11-05T06:35:26.858708000Z DEBUG solana_runtime::message_processor::stable_log] Program ATokenGPvbdGVxr1b2hvZbsiqW5xWH25efTNsLJA8knL invoke [1]
[2025-11-05T06:35:26.858777000Z DEBUG solana_runtime::message_processor::stable_log] Program log: Create
[2025-11-05T06:35:26.858827000Z DEBUG solana_runtime::message_processor::stable_log] Program TokenkegQfeZyiNwAJbNbGKPFXCWuBvf9Ss623VQ5DA invoke [2]
[2025-11-05T06:35:26.858860000Z DEBUG solana_runtime::message_processor::stable_log] Program log: Instruction: GetAccountDataSize
[2025-11-05T06:35:26.858878000Z DEBUG solana_runtime::message_processor::stable_log] Program TokenkegQfeZyiNwAJbNbGKPFXCWuBvf9Ss623VQ5DA consumed 1595 of 194555 compute units
[2025-11-05T06:35:26.858887000Z DEBUG solana_runtime::message_processor::stable_log] Program return: TokenkegQfeZyiNwAJbNbGKPFXCWuBvf9Ss623VQ5DA pQAAAAAAAAA=
[2025-11-05T06:35:26.858969000Z DEBUG solana_runtime::message_processor::stable_log] Program TokenkegQfeZyiNwAJbNbGKPFXCWuBvf9Ss623VQ5DA success
[2025-11-05T06:35:26.859026000Z DEBUG solana_runtime::message_processor::stable_log] Program 11111111111111111111111111111111 invoke [2]
[2025-11-05T06:35:26.859037000Z DEBUG solana_runtime::message_processor::stable_log] Program 11111111111111111111111111111111 success
[2025-11-05T06:35:26.859042000Z DEBUG solana_runtime::message_processor::stable_log] Program log: Initialize the associated token account
[2025-11-05T06:35:26.859060000Z DEBUG solana_runtime::message_processor::stable_log] Program TokenkegQfeZyiNwAJbNbGKPFXCWuBvf9Ss623VQ5DA invoke [2]
[2025-11-05T06:35:26.859083000Z DEBUG solana_runtime::message_processor::stable_log] Program log: Instruction: InitializeImmutableOwner
[2025-11-05T06:35:26.859094000Z DEBUG solana_runtime::message_processor::stable_log] Program log: Please upgrade to SPL Token 2022 for immutable owner support
[2025-11-05T06:35:26.859097000Z DEBUG solana_runtime::message_processor::stable_log] Program TokenkegQfeZyiNwAJbNbGKPFXCWuBvf9Ss623VQ5DA consumed 1405 of 187942 compute units
[2025-11-05T06:35:26.859104000Z DEBUG solana_runtime::message_processor::stable_log] Program TokenkegQfeZyiNwAJbNbGKPFXCWuBvf9Ss623VQ5DA success
[2025-11-05T06:35:26.859137000Z DEBUG solana_runtime::message_processor::stable_log] Program TokenkegQfeZyiNwAJbNbGKPFXCWuBvf9Ss623VQ5DA invoke [2]
[2025-11-05T06:35:26.859164000Z DEBUG solana_runtime::message_processor::stable_log] Program log: Instruction: InitializeAccount3
[2025-11-05T06:35:26.859217000Z DEBUG solana_runtime::message_processor::stable_log] Program TokenkegQfeZyiNwAJbNbGKPFXCWuBvf9Ss623VQ5DA consumed 4214 of 184058 compute units
[2025-11-05T06:35:26.859224000Z DEBUG solana_runtime::message_processor::stable_log] Program TokenkegQfeZyiNwAJbNbGKPFXCWuBvf9Ss623VQ5DA success
[2025-11-05T06:35:26.859237000Z DEBUG solana_runtime::message_processor::stable_log] Program ATokenGPvbdGVxr1b2hvZbsiqW5xWH25efTNsLJA8knL consumed 20460 of 200000 compute units
[2025-11-05T06:35:26.859245000Z DEBUG solana_runtime::message_processor::stable_log] Program ATokenGPvbdGVxr1b2hvZbsiqW5xWH25efTNsLJA8knL success
[2025-11-05T06:35:26.862587000Z DEBUG solana_runtime::message_processor::stable_log] Program TokenkegQfeZyiNwAJbNbGKPFXCWuBvf9Ss623VQ5DA invoke [1]
[2025-11-05T06:35:26.862638000Z DEBUG solana_runtime::message_processor::stable_log] Program log: Instruction: MintTo
[2025-11-05T06:35:26.862698000Z DEBUG solana_runtime::message_processor::stable_log] Program TokenkegQfeZyiNwAJbNbGKPFXCWuBvf9Ss623VQ5DA consumed 4491 of 200000 compute units
[2025-11-05T06:35:26.862707000Z DEBUG solana_runtime::message_processor::stable_log] Program TokenkegQfeZyiNwAJbNbGKPFXCWuBvf9Ss623VQ5DA success
[2025-11-05T06:35:26.868377000Z DEBUG solana_runtime::message_processor::stable_log] Program ATokenGPvbdGVxr1b2hvZbsiqW5xWH25efTNsLJA8knL invoke [1]
[2025-11-05T06:35:26.868452000Z DEBUG solana_runtime::message_processor::stable_log] Program log: Create
[2025-11-05T06:35:26.868536000Z DEBUG solana_runtime::message_processor::stable_log] Program TokenkegQfeZyiNwAJbNbGKPFXCWuBvf9Ss623VQ5DA invoke [2]
[2025-11-05T06:35:26.868575000Z DEBUG solana_runtime::message_processor::stable_log] Program log: Instruction: GetAccountDataSize
[2025-11-05T06:35:26.868592000Z DEBUG solana_runtime::message_processor::stable_log] Program TokenkegQfeZyiNwAJbNbGKPFXCWuBvf9Ss623VQ5DA consumed 1595 of 187055 compute units
[2025-11-05T06:35:26.868600000Z DEBUG solana_runtime::message_processor::stable_log] Program return: TokenkegQfeZyiNwAJbNbGKPFXCWuBvf9Ss623VQ5DA pQAAAAAAAAA=
[2025-11-05T06:35:26.868608000Z DEBUG solana_runtime::message_processor::stable_log] Program TokenkegQfeZyiNwAJbNbGKPFXCWuBvf9Ss623VQ5DA success
[2025-11-05T06:35:26.868670000Z DEBUG solana_runtime::message_processor::stable_log] Program 11111111111111111111111111111111 invoke [2]
[2025-11-05T06:35:26.868689000Z DEBUG solana_runtime::message_processor::stable_log] Program 11111111111111111111111111111111 success
[2025-11-05T06:35:26.868697000Z DEBUG solana_runtime::message_processor::stable_log] Program log: Initialize the associated token account
[2025-11-05T06:35:26.868717000Z DEBUG solana_runtime::message_processor::stable_log] Program TokenkegQfeZyiNwAJbNbGKPFXCWuBvf9Ss623VQ5DA invoke [2]
[2025-11-05T06:35:26.868775000Z DEBUG solana_runtime::message_processor::stable_log] Program log: Instruction: InitializeImmutableOwner
[2025-11-05T06:35:26.868810000Z DEBUG solana_runtime::message_processor::stable_log] Program log: Please upgrade to SPL Token 2022 for immutable owner support
[2025-11-05T06:35:26.868821000Z DEBUG solana_runtime::message_processor::stable_log] Program TokenkegQfeZyiNwAJbNbGKPFXCWuBvf9Ss623VQ5DA consumed 1405 of 180442 compute units
[2025-11-05T06:35:26.868828000Z DEBUG solana_runtime::message_processor::stable_log] Program TokenkegQfeZyiNwAJbNbGKPFXCWuBvf9Ss623VQ5DA success
[2025-11-05T06:35:26.868886000Z DEBUG solana_runtime::message_processor::stable_log] Program TokenkegQfeZyiNwAJbNbGKPFXCWuBvf9Ss623VQ5DA invoke [2]
[2025-11-05T06:35:26.868948000Z DEBUG solana_runtime::message_processor::stable_log] Program log: Instruction: InitializeAccount3
[2025-11-05T06:35:26.869010000Z DEBUG solana_runtime::message_processor::stable_log] Program TokenkegQfeZyiNwAJbNbGKPFXCWuBvf9Ss623VQ5DA consumed 4214 of 176558 compute units
[2025-11-05T06:35:26.869019000Z DEBUG solana_runtime::message_processor::stable_log] Program TokenkegQfeZyiNwAJbNbGKPFXCWuBvf9Ss623VQ5DA success
[2025-11-05T06:35:26.869037000Z DEBUG solana_runtime::message_processor::stable_log] Program ATokenGPvbdGVxr1b2hvZbsiqW5xWH25efTNsLJA8knL consumed 27960 of 200000 compute units
[2025-11-05T06:35:26.869047000Z DEBUG solana_runtime::message_processor::stable_log] Program ATokenGPvbdGVxr1b2hvZbsiqW5xWH25efTNsLJA8knL success
[2025-11-05T06:35:26.872346000Z DEBUG solana_runtime::message_processor::stable_log] Program TokenkegQfeZyiNwAJbNbGKPFXCWuBvf9Ss623VQ5DA invoke [1]
[2025-11-05T06:35:26.872403000Z DEBUG solana_runtime::message_processor::stable_log] Program log: Instruction: MintTo
[2025-11-05T06:35:26.872473000Z DEBUG solana_runtime::message_processor::stable_log] Program TokenkegQfeZyiNwAJbNbGKPFXCWuBvf9Ss623VQ5DA consumed 4491 of 200000 compute units
[2025-11-05T06:35:26.872493000Z DEBUG solana_runtime::message_processor::stable_log] Program TokenkegQfeZyiNwAJbNbGKPFXCWuBvf9Ss623VQ5DA success
[2025-11-05T06:35:26.877782000Z DEBUG solana_runtime::message_processor::stable_log] Program ATokenGPvbdGVxr1b2hvZbsiqW5xWH25efTNsLJA8knL invoke [1]
[2025-11-05T06:35:26.877854000Z DEBUG solana_runtime::message_processor::stable_log] Program log: Create
[2025-11-05T06:35:26.877910000Z DEBUG solana_runtime::message_processor::stable_log] Program TokenkegQfeZyiNwAJbNbGKPFXCWuBvf9Ss623VQ5DA invoke [2]
[2025-11-05T06:35:26.877945000Z DEBUG solana_runtime::message_processor::stable_log] Program log: Instruction: GetAccountDataSize
[2025-11-05T06:35:26.877962000Z DEBUG solana_runtime::message_processor::stable_log] Program TokenkegQfeZyiNwAJbNbGKPFXCWuBvf9Ss623VQ5DA consumed 1595 of 194555 compute units
[2025-11-05T06:35:26.877970000Z DEBUG solana_runtime::message_processor::stable_log] Program return: TokenkegQfeZyiNwAJbNbGKPFXCWuBvf9Ss623VQ5DA pQAAAAAAAAA=
[2025-11-05T06:35:26.877980000Z DEBUG solana_runtime::message_processor::stable_log] Program TokenkegQfeZyiNwAJbNbGKPFXCWuBvf9Ss623VQ5DA success
[2025-11-05T06:35:26.878063000Z DEBUG solana_runtime::message_processor::stable_log] Program 11111111111111111111111111111111 invoke [2]
[2025-11-05T06:35:26.878073000Z DEBUG solana_runtime::message_processor::stable_log] Program 11111111111111111111111111111111 success
[2025-11-05T06:35:26.878079000Z DEBUG solana_runtime::message_processor::stable_log] Program log: Initialize the associated token account
[2025-11-05T06:35:26.878100000Z DEBUG solana_runtime::message_processor::stable_log] Program TokenkegQfeZyiNwAJbNbGKPFXCWuBvf9Ss623VQ5DA invoke [2]
[2025-11-05T06:35:26.878125000Z DEBUG solana_runtime::message_processor::stable_log] Program log: Instruction: InitializeImmutableOwner
[2025-11-05T06:35:26.878136000Z DEBUG solana_runtime::message_processor::stable_log] Program log: Please upgrade to SPL Token 2022 for immutable owner support
[2025-11-05T06:35:26.878140000Z DEBUG solana_runtime::message_processor::stable_log] Program TokenkegQfeZyiNwAJbNbGKPFXCWuBvf9Ss623VQ5DA consumed 1405 of 187942 compute units
[2025-11-05T06:35:26.878148000Z DEBUG solana_runtime::message_processor::stable_log] Program TokenkegQfeZyiNwAJbNbGKPFXCWuBvf9Ss623VQ5DA success
[2025-11-05T06:35:26.878186000Z DEBUG solana_runtime::message_processor::stable_log] Program TokenkegQfeZyiNwAJbNbGKPFXCWuBvf9Ss623VQ5DA invoke [2]
[2025-11-05T06:35:26.878224000Z DEBUG solana_runtime::message_processor::stable_log] Program log: Instruction: InitializeAccount3
[2025-11-05T06:35:26.878283000Z DEBUG solana_runtime::message_processor::stable_log] Program TokenkegQfeZyiNwAJbNbGKPFXCWuBvf9Ss623VQ5DA consumed 4214 of 184058 compute units
[2025-11-05T06:35:26.878292000Z DEBUG solana_runtime::message_processor::stable_log] Program TokenkegQfeZyiNwAJbNbGKPFXCWuBvf9Ss623VQ5DA success
[2025-11-05T06:35:26.878307000Z DEBUG solana_runtime::message_processor::stable_log] Program ATokenGPvbdGVxr1b2hvZbsiqW5xWH25efTNsLJA8knL consumed 20460 of 200000 compute units
[2025-11-05T06:35:26.878316000Z DEBUG solana_runtime::message_processor::stable_log] Program ATokenGPvbdGVxr1b2hvZbsiqW5xWH25efTNsLJA8knL success
[2025-11-05T06:35:26.881981000Z DEBUG solana_runtime::message_processor::stable_log] Program TokenkegQfeZyiNwAJbNbGKPFXCWuBvf9Ss623VQ5DA invoke [1]
[2025-11-05T06:35:26.882038000Z DEBUG solana_runtime::message_processor::stable_log] Program log: Instruction: MintTo
[2025-11-05T06:35:26.882103000Z DEBUG solana_runtime::message_processor::stable_log] Program TokenkegQfeZyiNwAJbNbGKPFXCWuBvf9Ss623VQ5DA consumed 4491 of 200000 compute units
[2025-11-05T06:35:26.882113000Z DEBUG solana_runtime::message_processor::stable_log] Program TokenkegQfeZyiNwAJbNbGKPFXCWuBvf9Ss623VQ5DA success
[2025-11-05T06:35:26.888372000Z DEBUG solana_runtime::message_processor::stable_log] Program ATokenGPvbdGVxr1b2hvZbsiqW5xWH25efTNsLJA8knL invoke [1]
[2025-11-05T06:35:26.888452000Z DEBUG solana_runtime::message_processor::stable_log] Program log: Create
[2025-11-05T06:35:26.888562000Z DEBUG solana_runtime::message_processor::stable_log] Program TokenkegQfeZyiNwAJbNbGKPFXCWuBvf9Ss623VQ5DA invoke [2]
[2025-11-05T06:35:26.888596000Z DEBUG solana_runtime::message_processor::stable_log] Program log: Instruction: GetAccountDataSize
[2025-11-05T06:35:26.888613000Z DEBUG solana_runtime::message_processor::stable_log] Program TokenkegQfeZyiNwAJbNbGKPFXCWuBvf9Ss623VQ5DA consumed 1595 of 188555 compute units
[2025-11-05T06:35:26.888620000Z DEBUG solana_runtime::message_processor::stable_log] Program return: TokenkegQfeZyiNwAJbNbGKPFXCWuBvf9Ss623VQ5DA pQAAAAAAAAA=
[2025-11-05T06:35:26.888629000Z DEBUG solana_runtime::message_processor::stable_log] Program TokenkegQfeZyiNwAJbNbGKPFXCWuBvf9Ss623VQ5DA success
[2025-11-05T06:35:26.888681000Z DEBUG solana_runtime::message_processor::stable_log] Program 11111111111111111111111111111111 invoke [2]
[2025-11-05T06:35:26.888690000Z DEBUG solana_runtime::message_processor::stable_log] Program 11111111111111111111111111111111 success
[2025-11-05T06:35:26.888695000Z DEBUG solana_runtime::message_processor::stable_log] Program log: Initialize the associated token account
[2025-11-05T06:35:26.888713000Z DEBUG solana_runtime::message_processor::stable_log] Program TokenkegQfeZyiNwAJbNbGKPFXCWuBvf9Ss623VQ5DA invoke [2]
[2025-11-05T06:35:26.888736000Z DEBUG solana_runtime::message_processor::stable_log] Program log: Instruction: InitializeImmutableOwner
[2025-11-05T06:35:26.888747000Z DEBUG solana_runtime::message_processor::stable_log] Program log: Please upgrade to SPL Token 2022 for immutable owner support
[2025-11-05T06:35:26.888750000Z DEBUG solana_runtime::message_processor::stable_log] Program TokenkegQfeZyiNwAJbNbGKPFXCWuBvf9Ss623VQ5DA consumed 1405 of 181942 compute units
[2025-11-05T06:35:26.888757000Z DEBUG solana_runtime::message_processor::stable_log] Program TokenkegQfeZyiNwAJbNbGKPFXCWuBvf9Ss623VQ5DA success
[2025-11-05T06:35:26.888790000Z DEBUG solana_runtime::message_processor::stable_log] Program TokenkegQfeZyiNwAJbNbGKPFXCWuBvf9Ss623VQ5DA invoke [2]
[2025-11-05T06:35:26.888816000Z DEBUG solana_runtime::message_processor::stable_log] Program log: Instruction: InitializeAccount3
[2025-11-05T06:35:26.888870000Z DEBUG solana_runtime::message_processor::stable_log] Program TokenkegQfeZyiNwAJbNbGKPFXCWuBvf9Ss623VQ5DA consumed 4214 of 178058 compute units
[2025-11-05T06:35:26.888877000Z DEBUG solana_runtime::message_processor::stable_log] Program TokenkegQfeZyiNwAJbNbGKPFXCWuBvf9Ss623VQ5DA success
[2025-11-05T06:35:26.888889000Z DEBUG solana_runtime::message_processor::stable_log] Program ATokenGPvbdGVxr1b2hvZbsiqW5xWH25efTNsLJA8knL consumed 26460 of 200000 compute units
[2025-11-05T06:35:26.888899000Z DEBUG solana_runtime::message_processor::stable_log] Program ATokenGPvbdGVxr1b2hvZbsiqW5xWH25efTNsLJA8knL success
[2025-11-05T06:35:26.892460000Z DEBUG solana_runtime::message_processor::stable_log] Program TokenkegQfeZyiNwAJbNbGKPFXCWuBvf9Ss623VQ5DA invoke [1]
[2025-11-05T06:35:26.892521000Z DEBUG solana_runtime::message_processor::stable_log] Program log: Instruction: MintTo
[2025-11-05T06:35:26.892581000Z DEBUG solana_runtime::message_processor::stable_log] Program TokenkegQfeZyiNwAJbNbGKPFXCWuBvf9Ss623VQ5DA consumed 4491 of 200000 compute units
[2025-11-05T06:35:26.892592000Z DEBUG solana_runtime::message_processor::stable_log] Program TokenkegQfeZyiNwAJbNbGKPFXCWuBvf9Ss623VQ5DA success
[2025-11-05T06:35:26.898000000Z DEBUG solana_runtime::message_processor::stable_log] Program ATokenGPvbdGVxr1b2hvZbsiqW5xWH25efTNsLJA8knL invoke [1]
[2025-11-05T06:35:26.898087000Z DEBUG solana_runtime::message_processor::stable_log] Program log: Create
[2025-11-05T06:35:26.898157000Z DEBUG solana_runtime::message_processor::stable_log] Program TokenkegQfeZyiNwAJbNbGKPFXCWuBvf9Ss623VQ5DA invoke [2]
[2025-11-05T06:35:26.898194000Z DEBUG solana_runtime::message_processor::stable_log] Program log: Instruction: GetAccountDataSize
[2025-11-05T06:35:26.898213000Z DEBUG solana_runtime::message_processor::stable_log] Program TokenkegQfeZyiNwAJbNbGKPFXCWuBvf9Ss623VQ5DA consumed 1595 of 191555 compute units
[2025-11-05T06:35:26.898221000Z DEBUG solana_runtime::message_processor::stable_log] Program return: TokenkegQfeZyiNwAJbNbGKPFXCWuBvf9Ss623VQ5DA pQAAAAAAAAA=
[2025-11-05T06:35:26.898231000Z DEBUG solana_runtime::message_processor::stable_log] Program TokenkegQfeZyiNwAJbNbGKPFXCWuBvf9Ss623VQ5DA success
[2025-11-05T06:35:26.898291000Z DEBUG solana_runtime::message_processor::stable_log] Program 11111111111111111111111111111111 invoke [2]
[2025-11-05T06:35:26.898302000Z DEBUG solana_runtime::message_processor::stable_log] Program 11111111111111111111111111111111 success
[2025-11-05T06:35:26.898309000Z DEBUG solana_runtime::message_processor::stable_log] Program log: Initialize the associated token account
[2025-11-05T06:35:26.898328000Z DEBUG solana_runtime::message_processor::stable_log] Program TokenkegQfeZyiNwAJbNbGKPFXCWuBvf9Ss623VQ5DA invoke [2]
[2025-11-05T06:35:26.898364000Z DEBUG solana_runtime::message_processor::stable_log] Program log: Instruction: InitializeImmutableOwner
[2025-11-05T06:35:26.898379000Z DEBUG solana_runtime::message_processor::stable_log] Program log: Please upgrade to SPL Token 2022 for immutable owner support
[2025-11-05T06:35:26.898383000Z DEBUG solana_runtime::message_processor::stable_log] Program TokenkegQfeZyiNwAJbNbGKPFXCWuBvf9Ss623VQ5DA consumed 1405 of 184942 compute units
[2025-11-05T06:35:26.898392000Z DEBUG solana_runtime::message_processor::stable_log] Program TokenkegQfeZyiNwAJbNbGKPFXCWuBvf9Ss623VQ5DA success
[2025-11-05T06:35:26.898429000Z DEBUG solana_runtime::message_processor::stable_log] Program TokenkegQfeZyiNwAJbNbGKPFXCWuBvf9Ss623VQ5DA invoke [2]
[2025-11-05T06:35:26.898461000Z DEBUG solana_runtime::message_processor::stable_log] Program log: Instruction: InitializeAccount3
[2025-11-05T06:35:26.898523000Z DEBUG solana_runtime::message_processor::stable_log] Program TokenkegQfeZyiNwAJbNbGKPFXCWuBvf9Ss623VQ5DA consumed 4214 of 181058 compute units
[2025-11-05T06:35:26.898532000Z DEBUG solana_runtime::message_processor::stable_log] Program TokenkegQfeZyiNwAJbNbGKPFXCWuBvf9Ss623VQ5DA success
[2025-11-05T06:35:26.898547000Z DEBUG solana_runtime::message_processor::stable_log] Program ATokenGPvbdGVxr1b2hvZbsiqW5xWH25efTNsLJA8knL consumed 23460 of 200000 compute units
[2025-11-05T06:35:26.898556000Z DEBUG solana_runtime::message_processor::stable_log] Program ATokenGPvbdGVxr1b2hvZbsiqW5xWH25efTNsLJA8knL success
[2025-11-05T06:35:26.903919000Z DEBUG solana_runtime::message_processor::stable_log] Program TokenkegQfeZyiNwAJbNbGKPFXCWuBvf9Ss623VQ5DA invoke [1]
[2025-11-05T06:35:26.904028000Z DEBUG solana_runtime::message_processor::stable_log] Program log: Instruction: MintTo
[2025-11-05T06:35:26.904178000Z DEBUG solana_runtime::message_processor::stable_log] Program TokenkegQfeZyiNwAJbNbGKPFXCWuBvf9Ss623VQ5DA consumed 4491 of 200000 compute units
[2025-11-05T06:35:26.904199000Z DEBUG solana_runtime::message_processor::stable_log] Program TokenkegQfeZyiNwAJbNbGKPFXCWuBvf9Ss623VQ5DA success
[2025-11-05T06:35:26.910174000Z DEBUG solana_runtime::message_processor::stable_log] Program ATokenGPvbdGVxr1b2hvZbsiqW5xWH25efTNsLJA8knL invoke [1]
[2025-11-05T06:35:26.910313000Z DEBUG solana_runtime::message_processor::stable_log] Program log: Create
[2025-11-05T06:35:26.910397000Z DEBUG solana_runtime::message_processor::stable_log] Program TokenkegQfeZyiNwAJbNbGKPFXCWuBvf9Ss623VQ5DA invoke [2]
[2025-11-05T06:35:26.910474000Z DEBUG solana_runtime::message_processor::stable_log] Program log: Instruction: GetAccountDataSize
[2025-11-05T06:35:26.910500000Z DEBUG solana_runtime::message_processor::stable_log] Program TokenkegQfeZyiNwAJbNbGKPFXCWuBvf9Ss623VQ5DA consumed 1595 of 194555 compute units
[2025-11-05T06:35:26.910512000Z DEBUG solana_runtime::message_processor::stable_log] Program return: TokenkegQfeZyiNwAJbNbGKPFXCWuBvf9Ss623VQ5DA pQAAAAAAAAA=
[2025-11-05T06:35:26.910523000Z DEBUG solana_runtime::message_processor::stable_log] Program TokenkegQfeZyiNwAJbNbGKPFXCWuBvf9Ss623VQ5DA success
[2025-11-05T06:35:26.910598000Z DEBUG solana_runtime::message_processor::stable_log] Program 11111111111111111111111111111111 invoke [2]
[2025-11-05T06:35:26.910610000Z DEBUG solana_runtime::message_processor::stable_log] Program 11111111111111111111111111111111 success
[2025-11-05T06:35:26.910616000Z DEBUG solana_runtime::message_processor::stable_log] Program log: Initialize the associated token account
[2025-11-05T06:35:26.910638000Z DEBUG solana_runtime::message_processor::stable_log] Program TokenkegQfeZyiNwAJbNbGKPFXCWuBvf9Ss623VQ5DA invoke [2]
[2025-11-05T06:35:26.910681000Z DEBUG solana_runtime::message_processor::stable_log] Program log: Instruction: InitializeImmutableOwner
[2025-11-05T06:35:26.910694000Z DEBUG solana_runtime::message_processor::stable_log] Program log: Please upgrade to SPL Token 2022 for immutable owner support
[2025-11-05T06:35:26.910698000Z DEBUG solana_runtime::message_processor::stable_log] Program TokenkegQfeZyiNwAJbNbGKPFXCWuBvf9Ss623VQ5DA consumed 1405 of 187942 compute units
[2025-11-05T06:35:26.910707000Z DEBUG solana_runtime::message_processor::stable_log] Program TokenkegQfeZyiNwAJbNbGKPFXCWuBvf9Ss623VQ5DA success
[2025-11-05T06:35:26.910746000Z DEBUG solana_runtime::message_processor::stable_log] Program TokenkegQfeZyiNwAJbNbGKPFXCWuBvf9Ss623VQ5DA invoke [2]
[2025-11-05T06:35:26.910780000Z DEBUG solana_runtime::message_processor::stable_log] Program log: Instruction: InitializeAccount3
[2025-11-05T06:35:26.910843000Z DEBUG solana_runtime::message_processor::stable_log] Program TokenkegQfeZyiNwAJbNbGKPFXCWuBvf9Ss623VQ5DA consumed 4214 of 184058 compute units
[2025-11-05T06:35:26.910852000Z DEBUG solana_runtime::message_processor::stable_log] Program TokenkegQfeZyiNwAJbNbGKPFXCWuBvf9Ss623VQ5DA success
[2025-11-05T06:35:26.910867000Z DEBUG solana_runtime::message_processor::stable_log] Program ATokenGPvbdGVxr1b2hvZbsiqW5xWH25efTNsLJA8knL consumed 20460 of 200000 compute units
[2025-11-05T06:35:26.910878000Z DEBUG solana_runtime::message_processor::stable_log] Program ATokenGPvbdGVxr1b2hvZbsiqW5xWH25efTNsLJA8knL success
[2025-11-05T06:35:26.915384000Z DEBUG solana_runtime::message_processor::stable_log] Program TokenkegQfeZyiNwAJbNbGKPFXCWuBvf9Ss623VQ5DA invoke [1]
[2025-11-05T06:35:26.915456000Z DEBUG solana_runtime::message_processor::stable_log] Program log: Instruction: MintTo
[2025-11-05T06:35:26.915524000Z DEBUG solana_runtime::message_processor::stable_log] Program TokenkegQfeZyiNwAJbNbGKPFXCWuBvf9Ss623VQ5DA consumed 4491 of 200000 compute units
[2025-11-05T06:35:26.915537000Z DEBUG solana_runtime::message_processor::stable_log] Program TokenkegQfeZyiNwAJbNbGKPFXCWuBvf9Ss623VQ5DA success
[2025-11-05T06:35:26.930766000Z DEBUG solana_runtime::message_processor::stable_log] Program ASmKWt93JEMHxbdE6j7znD9y2FcdPboCzC3xtSTJvN7S invoke [1]
[2025-11-05T06:35:26.930829000Z DEBUG solana_runtime::message_processor::stable_log] Program log: Instruction: CreateConfig
[2025-11-05T06:35:26.930925000Z DEBUG solana_runtime::message_processor::stable_log] Program 11111111111111111111111111111111 invoke [2]
[2025-11-05T06:35:26.930938000Z DEBUG solana_runtime::message_processor::stable_log] Program 11111111111111111111111111111111 success
[2025-11-05T06:35:26.931046000Z DEBUG solana_runtime::message_processor::stable_log] Program ASmKWt93JEMHxbdE6j7znD9y2FcdPboCzC3xtSTJvN7S invoke [2]
[2025-11-05T06:35:26.931093000Z DEBUG solana_runtime::message_processor::stable_log] Program ASmKWt93JEMHxbdE6j7znD9y2FcdPboCzC3xtSTJvN7S consumed 2069 of 186098 compute units
[2025-11-05T06:35:26.931104000Z DEBUG solana_runtime::message_processor::stable_log] Program ASmKWt93JEMHxbdE6j7znD9y2FcdPboCzC3xtSTJvN7S success
[2025-11-05T06:35:26.931120000Z DEBUG solana_runtime::message_processor::stable_log] Program ASmKWt93JEMHxbdE6j7znD9y2FcdPboCzC3xtSTJvN7S consumed 16276 of 200000 compute units
[2025-11-05T06:35:26.931131000Z DEBUG solana_runtime::message_processor::stable_log] Program ASmKWt93JEMHxbdE6j7znD9y2FcdPboCzC3xtSTJvN7S success
[2025-11-05T06:35:26.959990000Z DEBUG solana_runtime::message_processor::stable_log] Program ASmKWt93JEMHxbdE6j7znD9y2FcdPboCzC3xtSTJvN7S invoke [1]
[2025-11-05T06:35:26.960122000Z DEBUG solana_runtime::message_processor::stable_log] Program log: Instruction: InitializePool
[2025-11-05T06:35:26.960272000Z DEBUG solana_runtime::message_processor::stable_log] Program 11111111111111111111111111111111 invoke [2]
[2025-11-05T06:35:26.960282000Z DEBUG solana_runtime::message_processor::stable_log] Program 11111111111111111111111111111111 success
[2025-11-05T06:35:26.960318000Z DEBUG solana_runtime::message_processor::stable_log] Program TokenzQdBNbLqP5VEhdkAS6EPFLC1PHnBqCXEpPxuEb invoke [2]
[2025-11-05T06:35:26.960349000Z DEBUG solana_runtime::message_processor::stable_log] Program log: MetadataPointerInstruction::Initialize
[2025-11-05T06:35:26.960385000Z DEBUG solana_runtime::message_processor::stable_log] Program TokenzQdBNbLqP5VEhdkAS6EPFLC1PHnBqCXEpPxuEb consumed 2442 of 334963 compute units
[2025-11-05T06:35:26.960395000Z DEBUG solana_runtime::message_processor::stable_log] Program TokenzQdBNbLqP5VEhdkAS6EPFLC1PHnBqCXEpPxuEb success
[2025-11-05T06:35:26.960428000Z DEBUG solana_runtime::message_processor::stable_log] Program TokenzQdBNbLqP5VEhdkAS6EPFLC1PHnBqCXEpPxuEb invoke [2]
[2025-11-05T06:35:26.960451000Z DEBUG solana_runtime::message_processor::stable_log] Program log: Instruction: InitializeMintCloseAuthority
[2025-11-05T06:35:26.960486000Z DEBUG solana_runtime::message_processor::stable_log] Program TokenzQdBNbLqP5VEhdkAS6EPFLC1PHnBqCXEpPxuEb consumed 2570 of 330543 compute units
[2025-11-05T06:35:26.960494000Z DEBUG solana_runtime::message_processor::stable_log] Program TokenzQdBNbLqP5VEhdkAS6EPFLC1PHnBqCXEpPxuEb success
[2025-11-05T06:35:26.960527000Z DEBUG solana_runtime::message_processor::stable_log] Program TokenzQdBNbLqP5VEhdkAS6EPFLC1PHnBqCXEpPxuEb invoke [2]
[2025-11-05T06:35:26.960552000Z DEBUG solana_runtime::message_processor::stable_log] Program log: Instruction: InitializeMint2
[2025-11-05T06:35:26.960616000Z DEBUG solana_runtime::message_processor::stable_log] Program TokenzQdBNbLqP5VEhdkAS6EPFLC1PHnBqCXEpPxuEb consumed 4078 of 326031 compute units
[2025-11-05T06:35:26.960624000Z DEBUG solana_runtime::message_processor::stable_log] Program TokenzQdBNbLqP5VEhdkAS6EPFLC1PHnBqCXEpPxuEb success
[2025-11-05T06:35:26.960753000Z DEBUG solana_runtime::message_processor::stable_log] Program 11111111111111111111111111111111 invoke [2]
[2025-11-05T06:35:26.960758000Z DEBUG solana_runtime::message_processor::stable_log] Program 11111111111111111111111111111111 success
[2025-11-05T06:35:26.960789000Z DEBUG solana_runtime::message_processor::stable_log] Program TokenzQdBNbLqP5VEhdkAS6EPFLC1PHnBqCXEpPxuEb invoke [2]
[2025-11-05T06:35:26.960826000Z DEBUG solana_runtime::message_processor::stable_log] Program log: Instruction: InitializeAccount3
[2025-11-05T06:35:26.960954000Z DEBUG solana_runtime::message_processor::stable_log] Program TokenzQdBNbLqP5VEhdkAS6EPFLC1PHnBqCXEpPxuEb consumed 5137 of 312347 compute units
[2025-11-05T06:35:26.960966000Z DEBUG solana_runtime::message_processor::stable_log] Program TokenzQdBNbLqP5VEhdkAS6EPFLC1PHnBqCXEpPxuEb success
[2025-11-05T06:35:26.961083000Z DEBUG solana_runtime::message_processor::stable_log] Program 11111111111111111111111111111111 invoke [2]
[2025-11-05T06:35:26.961087000Z DEBUG solana_runtime::message_processor::stable_log] Program 11111111111111111111111111111111 success
[2025-11-05T06:35:26.961169000Z DEBUG solana_runtime::message_processor::stable_log] Program 11111111111111111111111111111111 invoke [2]
[2025-11-05T06:35:26.961174000Z DEBUG solana_runtime::message_processor::stable_log] Program 11111111111111111111111111111111 success
[2025-11-05T06:35:26.961262000Z DEBUG solana_runtime::message_processor::stable_log] Program 11111111111111111111111111111111 invoke [2]
[2025-11-05T06:35:26.961274000Z DEBUG solana_runtime::message_processor::stable_log] Program 11111111111111111111111111111111 success
[2025-11-05T06:35:26.961305000Z DEBUG solana_runtime::message_processor::stable_log] Program TokenkegQfeZyiNwAJbNbGKPFXCWuBvf9Ss623VQ5DA invoke [2]
[2025-11-05T06:35:26.961336000Z DEBUG solana_runtime::message_processor::stable_log] Program log: Instruction: InitializeAccount3
[2025-11-05T06:35:26.961399000Z DEBUG solana_runtime::message_processor::stable_log] Program TokenkegQfeZyiNwAJbNbGKPFXCWuBvf9Ss623VQ5DA consumed 4214 of 284244 compute units
[2025-11-05T06:35:26.961410000Z DEBUG solana_runtime::message_processor::stable_log] Program TokenkegQfeZyiNwAJbNbGKPFXCWuBvf9Ss623VQ5DA success
[2025-11-05T06:35:26.961514000Z DEBUG solana_runtime::message_processor::stable_log] Program 11111111111111111111111111111111 invoke [2]
[2025-11-05T06:35:26.961519000Z DEBUG solana_runtime::message_processor::stable_log] Program 11111111111111111111111111111111 success
[2025-11-05T06:35:26.961547000Z DEBUG solana_runtime::message_processor::stable_log] Program TokenkegQfeZyiNwAJbNbGKPFXCWuBvf9Ss623VQ5DA invoke [2]
[2025-11-05T06:35:26.961575000Z DEBUG solana_runtime::message_processor::stable_log] Program log: Instruction: InitializeAccount3
[2025-11-05T06:35:26.961631000Z DEBUG solana_runtime::message_processor::stable_log] Program TokenkegQfeZyiNwAJbNbGKPFXCWuBvf9Ss623VQ5DA consumed 4214 of 271105 compute units
[2025-11-05T06:35:26.961640000Z DEBUG solana_runtime::message_processor::stable_log] Program TokenkegQfeZyiNwAJbNbGKPFXCWuBvf9Ss623VQ5DA success
[2025-11-05T06:35:26.961860000Z DEBUG solana_runtime::message_processor::stable_log] Program TokenzQdBNbLqP5VEhdkAS6EPFLC1PHnBqCXEpPxuEb invoke [2]
[2025-11-05T06:35:26.961915000Z DEBUG solana_runtime::message_processor::stable_log] Program log: TokenMetadataInstruction: Initialize
[2025-11-05T06:35:26.962092000Z DEBUG solana_runtime::message_processor::stable_log] Program TokenzQdBNbLqP5VEhdkAS6EPFLC1PHnBqCXEpPxuEb consumed 9900 of 254972 compute units
[2025-11-05T06:35:26.962119000Z DEBUG solana_runtime::message_processor::stable_log] Program TokenzQdBNbLqP5VEhdkAS6EPFLC1PHnBqCXEpPxuEb success
[2025-11-05T06:35:26.962166000Z DEBUG solana_runtime::message_processor::stable_log] Program 11111111111111111111111111111111 invoke [2]
[2025-11-05T06:35:26.962170000Z DEBUG solana_runtime::message_processor::stable_log] Program 11111111111111111111111111111111 success
[2025-11-05T06:35:26.962214000Z DEBUG solana_runtime::message_processor::stable_log] Program TokenzQdBNbLqP5VEhdkAS6EPFLC1PHnBqCXEpPxuEb invoke [2]
[2025-11-05T06:35:26.962245000Z DEBUG solana_runtime::message_processor::stable_log] Program log: Instruction: MintTo
[2025-11-05T06:35:26.962325000Z DEBUG solana_runtime::message_processor::stable_log] Program TokenzQdBNbLqP5VEhdkAS6EPFLC1PHnBqCXEpPxuEb consumed 5540 of 240010 compute units
[2025-11-05T06:35:26.962336000Z DEBUG solana_runtime::message_processor::stable_log] Program TokenzQdBNbLqP5VEhdkAS6EPFLC1PHnBqCXEpPxuEb success
[2025-11-05T06:35:26.962404000Z DEBUG solana_runtime::message_processor::stable_log] Program ASmKWt93JEMHxbdE6j7znD9y2FcdPboCzC3xtSTJvN7S invoke [2]
[2025-11-05T06:35:26.962444000Z DEBUG solana_runtime::message_processor::stable_log] Program ASmKWt93JEMHxbdE6j7znD9y2FcdPboCzC3xtSTJvN7S consumed 2069 of 231405 compute units
[2025-11-05T06:35:26.962453000Z DEBUG solana_runtime::message_processor::stable_log] Program ASmKWt93JEMHxbdE6j7znD9y2FcdPboCzC3xtSTJvN7S success
[2025-11-05T06:35:26.962512000Z DEBUG solana_runtime::message_processor::stable_log] Program TokenkegQfeZyiNwAJbNbGKPFXCWuBvf9Ss623VQ5DA invoke [2]
[2025-11-05T06:35:26.962553000Z DEBUG solana_runtime::message_processor::stable_log] Program log: Instruction: TransferChecked
[2025-11-05T06:35:26.962633000Z DEBUG solana_runtime::message_processor::stable_log] Program TokenkegQfeZyiNwAJbNbGKPFXCWuBvf9Ss623VQ5DA consumed 6174 of 226864 compute units
[2025-11-05T06:35:26.962644000Z DEBUG solana_runtime::message_processor::stable_log] Program TokenkegQfeZyiNwAJbNbGKPFXCWuBvf9Ss623VQ5DA success
[2025-11-05T06:35:26.962688000Z DEBUG solana_runtime::message_processor::stable_log] Program TokenkegQfeZyiNwAJbNbGKPFXCWuBvf9Ss623VQ5DA invoke [2]
[2025-11-05T06:35:26.962722000Z DEBUG solana_runtime::message_processor::stable_log] Program log: Instruction: TransferChecked
[2025-11-05T06:35:26.962804000Z DEBUG solana_runtime::message_processor::stable_log] Program TokenkegQfeZyiNwAJbNbGKPFXCWuBvf9Ss623VQ5DA consumed 6269 of 218280 compute units
[2025-11-05T06:35:26.962814000Z DEBUG solana_runtime::message_processor::stable_log] Program TokenkegQfeZyiNwAJbNbGKPFXCWuBvf9Ss623VQ5DA success
[2025-11-05T06:35:26.962897000Z DEBUG solana_runtime::message_processor::stable_log] Program ASmKWt93JEMHxbdE6j7znD9y2FcdPboCzC3xtSTJvN7S invoke [2]
[2025-11-05T06:35:26.962931000Z DEBUG solana_runtime::message_processor::stable_log] Program ASmKWt93JEMHxbdE6j7znD9y2FcdPboCzC3xtSTJvN7S consumed 2069 of 206930 compute units
[2025-11-05T06:35:26.962939000Z DEBUG solana_runtime::message_processor::stable_log] Program ASmKWt93JEMHxbdE6j7znD9y2FcdPboCzC3xtSTJvN7S success
[2025-11-05T06:35:26.962965000Z DEBUG solana_runtime::message_processor::stable_log] Program ASmKWt93JEMHxbdE6j7znD9y2FcdPboCzC3xtSTJvN7S consumed 145933 of 350000 compute units
[2025-11-05T06:35:26.962976000Z DEBUG solana_runtime::message_processor::stable_log] Program ASmKWt93JEMHxbdE6j7znD9y2FcdPboCzC3xtSTJvN7S success
[2025-11-05T06:35:26.962985000Z DEBUG solana_runtime::message_processor::stable_log] Program ComputeBudget111111111111111111111111111111 invoke [1]
[2025-11-05T06:35:26.962994000Z DEBUG solana_runtime::message_processor::stable_log] Program ComputeBudget111111111111111111111111111111 success
[2025-11-05T06:35:26.985167000Z DEBUG solana_runtime::message_processor::stable_log] Program ASmKWt93JEMHxbdE6j7znD9y2FcdPboCzC3xtSTJvN7S invoke [1]
[2025-11-05T06:35:26.985328000Z DEBUG solana_runtime::message_processor::stable_log] Program log: Instruction: CreatePosition
[2025-11-05T06:35:26.985456000Z DEBUG solana_runtime::message_processor::stable_log] Program 11111111111111111111111111111111 invoke [2]
[2025-11-05T06:35:26.985510000Z DEBUG solana_runtime::message_processor::stable_log] Program 11111111111111111111111111111111 success
[2025-11-05T06:35:26.985557000Z DEBUG solana_runtime::message_processor::stable_log] Program TokenzQdBNbLqP5VEhdkAS6EPFLC1PHnBqCXEpPxuEb invoke [2]
[2025-11-05T06:35:26.985622000Z DEBUG solana_runtime::message_processor::stable_log] Program log: MetadataPointerInstruction::Initialize
[2025-11-05T06:35:26.985662000Z DEBUG solana_runtime::message_processor::stable_log] Program TokenzQdBNbLqP5VEhdkAS6EPFLC1PHnBqCXEpPxuEb consumed 2442 of 191116 compute units
[2025-11-05T06:35:26.985672000Z DEBUG solana_runtime::message_processor::stable_log] Program TokenzQdBNbLqP5VEhdkAS6EPFLC1PHnBqCXEpPxuEb success
[2025-11-05T06:35:26.985728000Z DEBUG solana_runtime::message_processor::stable_log] Program TokenzQdBNbLqP5VEhdkAS6EPFLC1PHnBqCXEpPxuEb invoke [2]
[2025-11-05T06:35:26.985765000Z DEBUG solana_runtime::message_processor::stable_log] Program log: Instruction: InitializeMintCloseAuthority
[2025-11-05T06:35:26.985804000Z DEBUG solana_runtime::message_processor::stable_log] Program TokenzQdBNbLqP5VEhdkAS6EPFLC1PHnBqCXEpPxuEb consumed 2570 of 186696 compute units
[2025-11-05T06:35:26.985818000Z DEBUG solana_runtime::message_processor::stable_log] Program TokenzQdBNbLqP5VEhdkAS6EPFLC1PHnBqCXEpPxuEb success
[2025-11-05T06:35:26.985852000Z DEBUG solana_runtime::message_processor::stable_log] Program TokenzQdBNbLqP5VEhdkAS6EPFLC1PHnBqCXEpPxuEb invoke [2]
[2025-11-05T06:35:26.985884000Z DEBUG solana_runtime::message_processor::stable_log] Program log: Instruction: InitializeMint2
[2025-11-05T06:35:26.985954000Z DEBUG solana_runtime::message_processor::stable_log] Program TokenzQdBNbLqP5VEhdkAS6EPFLC1PHnBqCXEpPxuEb consumed 4078 of 182183 compute units
[2025-11-05T06:35:26.985966000Z DEBUG solana_runtime::message_processor::stable_log] Program TokenzQdBNbLqP5VEhdkAS6EPFLC1PHnBqCXEpPxuEb success
[2025-11-05T06:35:26.986235000Z DEBUG solana_runtime::message_processor::stable_log] Program 11111111111111111111111111111111 invoke [2]
[2025-11-05T06:35:26.986243000Z DEBUG solana_runtime::message_processor::stable_log] Program 11111111111111111111111111111111 success
[2025-11-05T06:35:26.986276000Z DEBUG solana_runtime::message_processor::stable_log] Program TokenzQdBNbLqP5VEhdkAS6EPFLC1PHnBqCXEpPxuEb invoke [2]
[2025-11-05T06:35:26.986308000Z DEBUG solana_runtime::message_processor::stable_log] Program log: Instruction: InitializeAccount3
[2025-11-05T06:35:26.986392000Z DEBUG solana_runtime::message_processor::stable_log] Program TokenzQdBNbLqP5VEhdkAS6EPFLC1PHnBqCXEpPxuEb consumed 5137 of 162499 compute units
[2025-11-05T06:35:26.986401000Z DEBUG solana_runtime::message_processor::stable_log] Program TokenzQdBNbLqP5VEhdkAS6EPFLC1PHnBqCXEpPxuEb success
[2025-11-05T06:35:26.986503000Z DEBUG solana_runtime::message_processor::stable_log] Program 11111111111111111111111111111111 invoke [2]
[2025-11-05T06:35:26.986510000Z DEBUG solana_runtime::message_processor::stable_log] Program 11111111111111111111111111111111 success
[2025-11-05T06:35:26.986619000Z DEBUG solana_runtime::message_processor::stable_log] Program TokenzQdBNbLqP5VEhdkAS6EPFLC1PHnBqCXEpPxuEb invoke [2]
[2025-11-05T06:35:26.986681000Z DEBUG solana_runtime::message_processor::stable_log] Program log: TokenMetadataInstruction: Initialize
[2025-11-05T06:35:26.986817000Z DEBUG solana_runtime::message_processor::stable_log] Program TokenzQdBNbLqP5VEhdkAS6EPFLC1PHnBqCXEpPxuEb consumed 9900 of 144269 compute units
[2025-11-05T06:35:26.986828000Z DEBUG solana_runtime::message_processor::stable_log] Program TokenzQdBNbLqP5VEhdkAS6EPFLC1PHnBqCXEpPxuEb success
[2025-11-05T06:35:26.986873000Z DEBUG solana_runtime::message_processor::stable_log] Program 11111111111111111111111111111111 invoke [2]
[2025-11-05T06:35:26.986876000Z DEBUG solana_runtime::message_processor::stable_log] Program 11111111111111111111111111111111 success
[2025-11-05T06:35:26.986919000Z DEBUG solana_runtime::message_processor::stable_log] Program TokenzQdBNbLqP5VEhdkAS6EPFLC1PHnBqCXEpPxuEb invoke [2]
[2025-11-05T06:35:26.986953000Z DEBUG solana_runtime::message_processor::stable_log] Program log: Instruction: MintTo
[2025-11-05T06:35:26.987041000Z DEBUG solana_runtime::message_processor::stable_log] Program TokenzQdBNbLqP5VEhdkAS6EPFLC1PHnBqCXEpPxuEb consumed 5540 of 129307 compute units
[2025-11-05T06:35:26.987051000Z DEBUG solana_runtime::message_processor::stable_log] Program TokenzQdBNbLqP5VEhdkAS6EPFLC1PHnBqCXEpPxuEb success
[2025-11-05T06:35:26.987110000Z DEBUG solana_runtime::message_processor::stable_log] Program ASmKWt93JEMHxbdE6j7znD9y2FcdPboCzC3xtSTJvN7S invoke [2]
[2025-11-05T06:35:26.987150000Z DEBUG solana_runtime::message_processor::stable_log] Program ASmKWt93JEMHxbdE6j7znD9y2FcdPboCzC3xtSTJvN7S consumed 2069 of 120701 compute units
[2025-11-05T06:35:26.987160000Z DEBUG solana_runtime::message_processor::stable_log] Program ASmKWt93JEMHxbdE6j7znD9y2FcdPboCzC3xtSTJvN7S success
[2025-11-05T06:35:26.987181000Z DEBUG solana_runtime::message_processor::stable_log] Program ASmKWt93JEMHxbdE6j7znD9y2FcdPboCzC3xtSTJvN7S consumed 81933 of 200000 compute units
[2025-11-05T06:35:26.987191000Z DEBUG solana_runtime::message_processor::stable_log] Program ASmKWt93JEMHxbdE6j7znD9y2FcdPboCzC3xtSTJvN7S success
[2025-11-05T06:35:27.018338000Z DEBUG solana_runtime::message_processor::stable_log] Program ASmKWt93JEMHxbdE6j7znD9y2FcdPboCzC3xtSTJvN7S invoke [1]
[2025-11-05T06:35:27.018461000Z DEBUG solana_runtime::message_processor::stable_log] Program log: Instruction: AddLiquidity
[2025-11-05T06:35:27.018768000Z DEBUG solana_runtime::message_processor::stable_log] Program TokenkegQfeZyiNwAJbNbGKPFXCWuBvf9Ss623VQ5DA invoke [2]
[2025-11-05T06:35:27.018816000Z DEBUG solana_runtime::message_processor::stable_log] Program log: Instruction: TransferChecked
[2025-11-05T06:35:27.019040000Z DEBUG solana_runtime::message_processor::stable_log] Program TokenkegQfeZyiNwAJbNbGKPFXCWuBvf9Ss623VQ5DA consumed 6174 of 179097 compute units
[2025-11-05T06:35:27.019054000Z DEBUG solana_runtime::message_processor::stable_log] Program TokenkegQfeZyiNwAJbNbGKPFXCWuBvf9Ss623VQ5DA success
[2025-11-05T06:35:27.019104000Z DEBUG solana_runtime::message_processor::stable_log] Program TokenkegQfeZyiNwAJbNbGKPFXCWuBvf9Ss623VQ5DA invoke [2]
[2025-11-05T06:35:27.019143000Z DEBUG solana_runtime::message_processor::stable_log] Program log: Instruction: TransferChecked
[2025-11-05T06:35:27.019252000Z DEBUG solana_runtime::message_processor::stable_log] Program TokenkegQfeZyiNwAJbNbGKPFXCWuBvf9Ss623VQ5DA consumed 6269 of 170513 compute units
[2025-11-05T06:35:27.019265000Z DEBUG solana_runtime::message_processor::stable_log] Program TokenkegQfeZyiNwAJbNbGKPFXCWuBvf9Ss623VQ5DA success
[2025-11-05T06:35:27.019322000Z DEBUG solana_runtime::message_processor::stable_log] Program ASmKWt93JEMHxbdE6j7znD9y2FcdPboCzC3xtSTJvN7S invoke [2]
[2025-11-05T06:35:27.019363000Z DEBUG solana_runtime::message_processor::stable_log] Program ASmKWt93JEMHxbdE6j7znD9y2FcdPboCzC3xtSTJvN7S consumed 2069 of 160990 compute units
[2025-11-05T06:35:27.019372000Z DEBUG solana_runtime::message_processor::stable_log] Program ASmKWt93JEMHxbdE6j7znD9y2FcdPboCzC3xtSTJvN7S success
[2025-11-05T06:35:27.019486000Z DEBUG solana_runtime::message_processor::stable_log] Program ASmKWt93JEMHxbdE6j7znD9y2FcdPboCzC3xtSTJvN7S invoke [2]
[2025-11-05T06:35:27.019518000Z DEBUG solana_runtime::message_processor::stable_log] Program ASmKWt93JEMHxbdE6j7znD9y2FcdPboCzC3xtSTJvN7S consumed 2069 of 152587 compute units
[2025-11-05T06:35:27.019526000Z DEBUG solana_runtime::message_processor::stable_log] Program ASmKWt93JEMHxbdE6j7znD9y2FcdPboCzC3xtSTJvN7S success
[2025-11-05T06:35:27.019549000Z DEBUG solana_runtime::message_processor::stable_log] Program ASmKWt93JEMHxbdE6j7znD9y2FcdPboCzC3xtSTJvN7S consumed 50123 of 200000 compute units
[2025-11-05T06:35:27.019560000Z DEBUG solana_runtime::message_processor::stable_log] Program ASmKWt93JEMHxbdE6j7znD9y2FcdPboCzC3xtSTJvN7S success
[2025-11-05T06:35:27.032303000Z DEBUG solana_runtime::message_processor::stable_log] Program ASmKWt93JEMHxbdE6j7znD9y2FcdPboCzC3xtSTJvN7S invoke [1]
[2025-11-05T06:35:27.032414000Z DEBUG solana_runtime::message_processor::stable_log] Program log: Instruction: InitializeReward
[2025-11-05T06:35:27.032532000Z DEBUG solana_runtime::message_processor::stable_log] Program 11111111111111111111111111111111 invoke [2]
[2025-11-05T06:35:27.032539000Z DEBUG solana_runtime::message_processor::stable_log] Program 11111111111111111111111111111111 success
[2025-11-05T06:35:27.032576000Z DEBUG solana_runtime::message_processor::stable_log] Program TokenkegQfeZyiNwAJbNbGKPFXCWuBvf9Ss623VQ5DA invoke [2]
[2025-11-05T06:35:27.032619000Z DEBUG solana_runtime::message_processor::stable_log] Program log: Instruction: InitializeAccount3
[2025-11-05T06:35:27.032683000Z DEBUG solana_runtime::message_processor::stable_log] Program TokenkegQfeZyiNwAJbNbGKPFXCWuBvf9Ss623VQ5DA consumed 4214 of 187880 compute units
[2025-11-05T06:35:27.032693000Z DEBUG solana_runtime::message_processor::stable_log] Program TokenkegQfeZyiNwAJbNbGKPFXCWuBvf9Ss623VQ5DA success
[2025-11-05T06:35:27.032803000Z DEBUG solana_runtime::message_processor::stable_log] Program ASmKWt93JEMHxbdE6j7znD9y2FcdPboCzC3xtSTJvN7S invoke [2]
[2025-11-05T06:35:27.032867000Z DEBUG solana_runtime::message_processor::stable_log] Program ASmKWt93JEMHxbdE6j7znD9y2FcdPboCzC3xtSTJvN7S consumed 2069 of 176871 compute units
[2025-11-05T06:35:27.032952000Z DEBUG solana_runtime::message_processor::stable_log] Program ASmKWt93JEMHxbdE6j7znD9y2FcdPboCzC3xtSTJvN7S success
[2025-11-05T06:35:27.032974000Z DEBUG solana_runtime::message_processor::stable_log] Program ASmKWt93JEMHxbdE6j7znD9y2FcdPboCzC3xtSTJvN7S consumed 25614 of 200000 compute units
[2025-11-05T06:35:27.032984000Z DEBUG solana_runtime::message_processor::stable_log] Program ASmKWt93JEMHxbdE6j7znD9y2FcdPboCzC3xtSTJvN7S success
[2025-11-05T06:35:27.048446000Z DEBUG solana_runtime::message_processor::stable_log] Program ASmKWt93JEMHxbdE6j7znD9y2FcdPboCzC3xtSTJvN7S invoke [1]
[2025-11-05T06:35:27.048519000Z DEBUG solana_runtime::message_processor::stable_log] Program log: Instruction: UpdateRewardDuration
[2025-11-05T06:35:27.048592000Z DEBUG solana_runtime::message_processor::stable_log] Program ASmKWt93JEMHxbdE6j7znD9y2FcdPboCzC3xtSTJvN7S invoke [2]
[2025-11-05T06:35:27.048642000Z DEBUG solana_runtime::message_processor::stable_log] Program ASmKWt93JEMHxbdE6j7znD9y2FcdPboCzC3xtSTJvN7S consumed 2069 of 194155 compute units
[2025-11-05T06:35:27.048653000Z DEBUG solana_runtime::message_processor::stable_log] Program ASmKWt93JEMHxbdE6j7znD9y2FcdPboCzC3xtSTJvN7S success
[2025-11-05T06:35:27.048674000Z DEBUG solana_runtime::message_processor::stable_log] Program ASmKWt93JEMHxbdE6j7znD9y2FcdPboCzC3xtSTJvN7S consumed 8198 of 200000 compute units
[2025-11-05T06:35:27.048684000Z DEBUG solana_runtime::message_processor::stable_log] Program ASmKWt93JEMHxbdE6j7znD9y2FcdPboCzC3xtSTJvN7S success
[2025-11-05T06:35:27.063796000Z DEBUG solana_runtime::message_processor::stable_log] Program ASmKWt93JEMHxbdE6j7znD9y2FcdPboCzC3xtSTJvN7S invoke [1]
[2025-11-05T06:35:27.063872000Z DEBUG solana_runtime::message_processor::stable_log] Program log: Instruction: UpdateRewardFunder
[2025-11-05T06:35:27.063954000Z DEBUG solana_runtime::message_processor::stable_log] Program ASmKWt93JEMHxbdE6j7znD9y2FcdPboCzC3xtSTJvN7S invoke [2]
[2025-11-05T06:35:27.063996000Z DEBUG solana_runtime::message_processor::stable_log] Program ASmKWt93JEMHxbdE6j7znD9y2FcdPboCzC3xtSTJvN7S consumed 2069 of 193848 compute units
[2025-11-05T06:35:27.064006000Z DEBUG solana_runtime::message_processor::stable_log] Program ASmKWt93JEMHxbdE6j7znD9y2FcdPboCzC3xtSTJvN7S success
[2025-11-05T06:35:27.064024000Z DEBUG solana_runtime::message_processor::stable_log] Program ASmKWt93JEMHxbdE6j7znD9y2FcdPboCzC3xtSTJvN7S consumed 8505 of 200000 compute units
[2025-11-05T06:35:27.064034000Z DEBUG solana_runtime::message_processor::stable_log] Program ASmKWt93JEMHxbdE6j7znD9y2FcdPboCzC3xtSTJvN7S success
[2025-11-05T06:35:27.087750000Z DEBUG solana_runtime::message_processor::stable_log] Program ASmKWt93JEMHxbdE6j7znD9y2FcdPboCzC3xtSTJvN7S invoke [1]
[2025-11-05T06:35:27.087853000Z DEBUG solana_runtime::message_processor::stable_log] Program log: Instruction: FundReward
[2025-11-05T06:35:27.088062000Z DEBUG solana_runtime::message_processor::stable_log] Program TokenkegQfeZyiNwAJbNbGKPFXCWuBvf9Ss623VQ5DA invoke [2]
[2025-11-05T06:35:27.088163000Z DEBUG solana_runtime::message_processor::stable_log] Program log: Instruction: TransferChecked
[2025-11-05T06:35:27.088257000Z DEBUG solana_runtime::message_processor::stable_log] Program TokenkegQfeZyiNwAJbNbGKPFXCWuBvf9Ss623VQ5DA consumed 6174 of 188411 compute units
[2025-11-05T06:35:27.088273000Z DEBUG solana_runtime::message_processor::stable_log] Program TokenkegQfeZyiNwAJbNbGKPFXCWuBvf9Ss623VQ5DA success
[2025-11-05T06:35:27.088336000Z DEBUG solana_runtime::message_processor::stable_log] Program ASmKWt93JEMHxbdE6j7znD9y2FcdPboCzC3xtSTJvN7S invoke [2]
[2025-11-05T06:35:27.088385000Z DEBUG solana_runtime::message_processor::stable_log] Program ASmKWt93JEMHxbdE6j7znD9y2FcdPboCzC3xtSTJvN7S consumed 2069 of 179041 compute units
[2025-11-05T06:35:27.088395000Z DEBUG solana_runtime::message_processor::stable_log] Program ASmKWt93JEMHxbdE6j7znD9y2FcdPboCzC3xtSTJvN7S success
[2025-11-05T06:35:27.088431000Z DEBUG solana_runtime::message_processor::stable_log] Program ASmKWt93JEMHxbdE6j7znD9y2FcdPboCzC3xtSTJvN7S consumed 23420 of 200000 compute units
[2025-11-05T06:35:27.088455000Z DEBUG solana_runtime::message_processor::stable_log] Program ASmKWt93JEMHxbdE6j7znD9y2FcdPboCzC3xtSTJvN7S success
[2025-11-05T06:35:27.110482000Z DEBUG solana_runtime::message_processor::stable_log] Program ATokenGPvbdGVxr1b2hvZbsiqW5xWH25efTNsLJA8knL invoke [1]
[2025-11-05T06:35:27.110554000Z DEBUG solana_runtime::message_processor::stable_log] Program log: Create
[2025-11-05T06:35:27.110604000Z DEBUG solana_runtime::message_processor::stable_log] Program TokenkegQfeZyiNwAJbNbGKPFXCWuBvf9Ss623VQ5DA invoke [2]
[2025-11-05T06:35:27.110677000Z DEBUG solana_runtime::message_processor::stable_log] Program log: Instruction: GetAccountDataSize
[2025-11-05T06:35:27.110710000Z DEBUG solana_runtime::message_processor::stable_log] Program TokenkegQfeZyiNwAJbNbGKPFXCWuBvf9Ss623VQ5DA consumed 1595 of 194633 compute units
[2025-11-05T06:35:27.110718000Z DEBUG solana_runtime::message_processor::stable_log] Program return: TokenkegQfeZyiNwAJbNbGKPFXCWuBvf9Ss623VQ5DA pQAAAAAAAAA=
[2025-11-05T06:35:27.110728000Z DEBUG solana_runtime::message_processor::stable_log] Program TokenkegQfeZyiNwAJbNbGKPFXCWuBvf9Ss623VQ5DA success
[2025-11-05T06:35:27.110784000Z DEBUG solana_runtime::message_processor::stable_log] Program 11111111111111111111111111111111 invoke [2]
[2025-11-05T06:35:27.110791000Z DEBUG solana_runtime::message_processor::stable_log] Program 11111111111111111111111111111111 success
[2025-11-05T06:35:27.110797000Z DEBUG solana_runtime::message_processor::stable_log] Program log: Initialize the associated token account
[2025-11-05T06:35:27.110814000Z DEBUG solana_runtime::message_processor::stable_log] Program TokenkegQfeZyiNwAJbNbGKPFXCWuBvf9Ss623VQ5DA invoke [2]
[2025-11-05T06:35:27.110839000Z DEBUG solana_runtime::message_processor::stable_log] Program log: Instruction: InitializeImmutableOwner
[2025-11-05T06:35:27.110850000Z DEBUG solana_runtime::message_processor::stable_log] Program log: Please upgrade to SPL Token 2022 for immutable owner support
[2025-11-05T06:35:27.110853000Z DEBUG solana_runtime::message_processor::stable_log] Program TokenkegQfeZyiNwAJbNbGKPFXCWuBvf9Ss623VQ5DA consumed 1405 of 188020 compute units
[2025-11-05T06:35:27.110860000Z DEBUG solana_runtime::message_processor::stable_log] Program TokenkegQfeZyiNwAJbNbGKPFXCWuBvf9Ss623VQ5DA success
[2025-11-05T06:35:27.110893000Z DEBUG solana_runtime::message_processor::stable_log] Program TokenkegQfeZyiNwAJbNbGKPFXCWuBvf9Ss623VQ5DA invoke [2]
[2025-11-05T06:35:27.110919000Z DEBUG solana_runtime::message_processor::stable_log] Program log: Instruction: InitializeAccount3
[2025-11-05T06:35:27.110974000Z DEBUG solana_runtime::message_processor::stable_log] Program TokenkegQfeZyiNwAJbNbGKPFXCWuBvf9Ss623VQ5DA consumed 4214 of 184138 compute units
[2025-11-05T06:35:27.110981000Z DEBUG solana_runtime::message_processor::stable_log] Program TokenkegQfeZyiNwAJbNbGKPFXCWuBvf9Ss623VQ5DA success
[2025-11-05T06:35:27.110993000Z DEBUG solana_runtime::message_processor::stable_log] Program ATokenGPvbdGVxr1b2hvZbsiqW5xWH25efTNsLJA8knL consumed 20359 of 200000 compute units
[2025-11-05T06:35:27.111002000Z DEBUG solana_runtime::message_processor::stable_log] Program ATokenGPvbdGVxr1b2hvZbsiqW5xWH25efTNsLJA8knL success
[2025-11-05T06:35:27.116174000Z DEBUG solana_runtime::message_processor::stable_log] Program ASmKWt93JEMHxbdE6j7znD9y2FcdPboCzC3xtSTJvN7S invoke [1]
[2025-11-05T06:35:27.116264000Z DEBUG solana_runtime::message_processor::stable_log] Program log: Instruction: ClaimReward
[2025-11-05T06:35:27.116556000Z DEBUG solana_runtime::message_processor::stable_log] Program ASmKWt93JEMHxbdE6j7znD9y2FcdPboCzC3xtSTJvN7S invoke [2]
[2025-11-05T06:35:27.116605000Z DEBUG solana_runtime::message_processor::stable_log] Program ASmKWt93JEMHxbdE6j7znD9y2FcdPboCzC3xtSTJvN7S consumed 2069 of 185563 compute units
[2025-11-05T06:35:27.116614000Z DEBUG solana_runtime::message_processor::stable_log] Program ASmKWt93JEMHxbdE6j7znD9y2FcdPboCzC3xtSTJvN7S success
[2025-11-05T06:35:27.116636000Z DEBUG solana_runtime::message_processor::stable_log] Program ASmKWt93JEMHxbdE6j7znD9y2FcdPboCzC3xtSTJvN7S consumed 17081 of 200000 compute units
[2025-11-05T06:35:27.116645000Z DEBUG solana_runtime::message_processor::stable_log] Program ASmKWt93JEMHxbdE6j7znD9y2FcdPboCzC3xtSTJvN7S success
[2025-11-05T06:35:27.137719000Z DEBUG solana_runtime::message_processor::stable_log] Program ASmKWt93JEMHxbdE6j7znD9y2FcdPboCzC3xtSTJvN7S invoke [1]
[2025-11-05T06:35:27.137823000Z DEBUG solana_runtime::message_processor::stable_log] Program log: Instruction: WithdrawIneligibleReward
[2025-11-05T06:35:27.137986000Z DEBUG solana_runtime::message_processor::stable_log] Program ASmKWt93JEMHxbdE6j7znD9y2FcdPboCzC3xtSTJvN7S invoke [2]
[2025-11-05T06:35:27.138028000Z DEBUG solana_runtime::message_processor::stable_log] Program ASmKWt93JEMHxbdE6j7znD9y2FcdPboCzC3xtSTJvN7S consumed 2069 of 187447 compute units
[2025-11-05T06:35:27.138038000Z DEBUG solana_runtime::message_processor::stable_log] Program ASmKWt93JEMHxbdE6j7znD9y2FcdPboCzC3xtSTJvN7S success
[2025-11-05T06:35:27.138055000Z DEBUG solana_runtime::message_processor::stable_log] Program ASmKWt93JEMHxbdE6j7znD9y2FcdPboCzC3xtSTJvN7S consumed 15033 of 200000 compute units
[2025-11-05T06:35:27.138064000Z DEBUG solana_runtime::message_processor::stable_log] Program ASmKWt93JEMHxbdE6j7znD9y2FcdPboCzC3xtSTJvN7S success
      ✔ Full flow for reward (201ms)
[2025-11-05T06:35:27.139609000Z INFO  solana_program_test] "cp_amm" SBF program from ./target/deploy/cp_amm.so, modified 24 minutes, 34 seconds, 486 ms, 926 µs and 203 ns ago
[2025-11-05T06:35:27.139776000Z INFO  solana_program_test] "fee_router" SBF program from ./target/deploy/fee_router.so, modified 37 seconds, 224 ms, 35 µs and 331 ns ago
[2025-11-05T06:35:27.139904000Z INFO  solana_program_test] "transfer_hook_counter" SBF program from tests/fixtures/transfer_hook_counter.so, modified 3 weeks, 22 hours, 59 minutes, 1 second, 965 ms, 504 µs and 196 ns ago
[2025-11-05T06:35:27.140123000Z INFO  solana_program_test] "alpha_vault" SBF program from tests/fixtures/alpha_vault.so, modified 3 weeks, 22 hours, 59 minutes, 1 second, 966 ms, 410 µs and 72 ns ago
[2025-11-05T06:35:27.140480000Z INFO  solana_program_test] "streamflow" SBF program from tests/fixtures/streamflow.so, modified 3 weeks, 6 hours, 59 minutes, 11 seconds, 851 ms, 395 µs and 387 ns ago
[2025-11-05T06:35:27.140770000Z INFO  solana_program_test] "cp_amm" SBF program from ./target/deploy/cp_amm.so, modified 24 minutes, 34 seconds, 488 ms, 89 µs and 203 ns ago
[2025-11-05T06:35:27.140927000Z INFO  solana_program_test] "fee_router" SBF program from ./target/deploy/fee_router.so, modified 37 seconds, 225 ms, 186 µs and 331 ns ago
[2025-11-05T06:35:27.159766000Z INFO  solana_program_test] Overriding account at ASmKWt93JEMHxbdE6j7znD9y2FcdPboCzC3xtSTJvN7S
[2025-11-05T06:35:27.159872000Z INFO  solana_program_test] Overriding account at 5B57SJ3g2YoNXUpsZqqjEQkRSxyKtVTQRXdgAirz6bio
[2025-11-05T06:35:27.172035000Z DEBUG solana_runtime::message_processor::stable_log] Program 11111111111111111111111111111111 invoke [1]
[2025-11-05T06:35:27.172050000Z DEBUG solana_runtime::message_processor::stable_log] Program 11111111111111111111111111111111 success
[2025-11-05T06:35:27.176617000Z DEBUG solana_runtime::message_processor::stable_log] Program 11111111111111111111111111111111 invoke [1]
[2025-11-05T06:35:27.176629000Z DEBUG solana_runtime::message_processor::stable_log] Program 11111111111111111111111111111111 success
[2025-11-05T06:35:27.180534000Z DEBUG solana_runtime::message_processor::stable_log] Program 11111111111111111111111111111111 invoke [1]
[2025-11-05T06:35:27.180543000Z DEBUG solana_runtime::message_processor::stable_log] Program 11111111111111111111111111111111 success
[2025-11-05T06:35:27.185437000Z DEBUG solana_runtime::message_processor::stable_log] Program 11111111111111111111111111111111 invoke [1]
[2025-11-05T06:35:27.185465000Z DEBUG solana_runtime::message_processor::stable_log] Program 11111111111111111111111111111111 success
[2025-11-05T06:35:27.193684000Z DEBUG solana_runtime::message_processor::stable_log] Program 11111111111111111111111111111111 invoke [1]
[2025-11-05T06:35:27.193704000Z DEBUG solana_runtime::message_processor::stable_log] Program 11111111111111111111111111111111 success
[2025-11-05T06:35:27.193710000Z DEBUG solana_runtime::message_processor::stable_log] Program TokenkegQfeZyiNwAJbNbGKPFXCWuBvf9Ss623VQ5DA invoke [1]
[2025-11-05T06:35:27.193756000Z DEBUG solana_runtime::message_processor::stable_log] Program log: Instruction: InitializeMint2
[2025-11-05T06:35:27.193796000Z DEBUG solana_runtime::message_processor::stable_log] Program TokenkegQfeZyiNwAJbNbGKPFXCWuBvf9Ss623VQ5DA consumed 2779 of 399850 compute units
[2025-11-05T06:35:27.193808000Z DEBUG solana_runtime::message_processor::stable_log] Program TokenkegQfeZyiNwAJbNbGKPFXCWuBvf9Ss623VQ5DA success
[2025-11-05T06:35:27.202255000Z DEBUG solana_runtime::message_processor::stable_log] Program 11111111111111111111111111111111 invoke [1]
[2025-11-05T06:35:27.202286000Z DEBUG solana_runtime::message_processor::stable_log] Program 11111111111111111111111111111111 success
[2025-11-05T06:35:27.202291000Z DEBUG solana_runtime::message_processor::stable_log] Program TokenkegQfeZyiNwAJbNbGKPFXCWuBvf9Ss623VQ5DA invoke [1]
[2025-11-05T06:35:27.202342000Z DEBUG solana_runtime::message_processor::stable_log] Program log: Instruction: InitializeMint2
[2025-11-05T06:35:27.202433000Z DEBUG solana_runtime::message_processor::stable_log] Program TokenkegQfeZyiNwAJbNbGKPFXCWuBvf9Ss623VQ5DA consumed 2779 of 399850 compute units
[2025-11-05T06:35:27.202448000Z DEBUG solana_runtime::message_processor::stable_log] Program TokenkegQfeZyiNwAJbNbGKPFXCWuBvf9Ss623VQ5DA success
[2025-11-05T06:35:27.210101000Z DEBUG solana_runtime::message_processor::stable_log] Program 11111111111111111111111111111111 invoke [1]
[2025-11-05T06:35:27.210118000Z DEBUG solana_runtime::message_processor::stable_log] Program 11111111111111111111111111111111 success
[2025-11-05T06:35:27.210122000Z DEBUG solana_runtime::message_processor::stable_log] Program TokenkegQfeZyiNwAJbNbGKPFXCWuBvf9Ss623VQ5DA invoke [1]
[2025-11-05T06:35:27.210171000Z DEBUG solana_runtime::message_processor::stable_log] Program log: Instruction: InitializeMint2
[2025-11-05T06:35:27.210211000Z DEBUG solana_runtime::message_processor::stable_log] Program TokenkegQfeZyiNwAJbNbGKPFXCWuBvf9Ss623VQ5DA consumed 2779 of 399850 compute units
[2025-11-05T06:35:27.210221000Z DEBUG solana_runtime::message_processor::stable_log] Program TokenkegQfeZyiNwAJbNbGKPFXCWuBvf9Ss623VQ5DA success
[2025-11-05T06:35:27.215741000Z DEBUG solana_runtime::message_processor::stable_log] Program ATokenGPvbdGVxr1b2hvZbsiqW5xWH25efTNsLJA8knL invoke [1]
[2025-11-05T06:35:27.215814000Z DEBUG solana_runtime::message_processor::stable_log] Program log: Create
[2025-11-05T06:35:27.215869000Z DEBUG solana_runtime::message_processor::stable_log] Program TokenkegQfeZyiNwAJbNbGKPFXCWuBvf9Ss623VQ5DA invoke [2]
[2025-11-05T06:35:27.215926000Z DEBUG solana_runtime::message_processor::stable_log] Program log: Instruction: GetAccountDataSize
[2025-11-05T06:35:27.215946000Z DEBUG solana_runtime::message_processor::stable_log] Program TokenkegQfeZyiNwAJbNbGKPFXCWuBvf9Ss623VQ5DA consumed 1595 of 194555 compute units
[2025-11-05T06:35:27.215955000Z DEBUG solana_runtime::message_processor::stable_log] Program return: TokenkegQfeZyiNwAJbNbGKPFXCWuBvf9Ss623VQ5DA pQAAAAAAAAA=
[2025-11-05T06:35:27.215966000Z DEBUG solana_runtime::message_processor::stable_log] Program TokenkegQfeZyiNwAJbNbGKPFXCWuBvf9Ss623VQ5DA success
[2025-11-05T06:35:27.216026000Z DEBUG solana_runtime::message_processor::stable_log] Program 11111111111111111111111111111111 invoke [2]
[2025-11-05T06:35:27.216032000Z DEBUG solana_runtime::message_processor::stable_log] Program 11111111111111111111111111111111 success
[2025-11-05T06:35:27.216039000Z DEBUG solana_runtime::message_processor::stable_log] Program log: Initialize the associated token account
[2025-11-05T06:35:27.216058000Z DEBUG solana_runtime::message_processor::stable_log] Program TokenkegQfeZyiNwAJbNbGKPFXCWuBvf9Ss623VQ5DA invoke [2]
[2025-11-05T06:35:27.216087000Z DEBUG solana_runtime::message_processor::stable_log] Program log: Instruction: InitializeImmutableOwner
[2025-11-05T06:35:27.216101000Z DEBUG solana_runtime::message_processor::stable_log] Program log: Please upgrade to SPL Token 2022 for immutable owner support
[2025-11-05T06:35:27.216105000Z DEBUG solana_runtime::message_processor::stable_log] Program TokenkegQfeZyiNwAJbNbGKPFXCWuBvf9Ss623VQ5DA consumed 1405 of 187942 compute units
[2025-11-05T06:35:27.216114000Z DEBUG solana_runtime::message_processor::stable_log] Program TokenkegQfeZyiNwAJbNbGKPFXCWuBvf9Ss623VQ5DA success
[2025-11-05T06:35:27.216151000Z DEBUG solana_runtime::message_processor::stable_log] Program TokenkegQfeZyiNwAJbNbGKPFXCWuBvf9Ss623VQ5DA invoke [2]
[2025-11-05T06:35:27.216197000Z DEBUG solana_runtime::message_processor::stable_log] Program log: Instruction: InitializeAccount3
[2025-11-05T06:35:27.216263000Z DEBUG solana_runtime::message_processor::stable_log] Program TokenkegQfeZyiNwAJbNbGKPFXCWuBvf9Ss623VQ5DA consumed 4214 of 184058 compute units
[2025-11-05T06:35:27.216271000Z DEBUG solana_runtime::message_processor::stable_log] Program TokenkegQfeZyiNwAJbNbGKPFXCWuBvf9Ss623VQ5DA success
[2025-11-05T06:35:27.216286000Z DEBUG solana_runtime::message_processor::stable_log] Program ATokenGPvbdGVxr1b2hvZbsiqW5xWH25efTNsLJA8knL consumed 20460 of 200000 compute units
[2025-11-05T06:35:27.216296000Z DEBUG solana_runtime::message_processor::stable_log] Program ATokenGPvbdGVxr1b2hvZbsiqW5xWH25efTNsLJA8knL success
[2025-11-05T06:35:27.222554000Z DEBUG solana_runtime::message_processor::stable_log] Program TokenkegQfeZyiNwAJbNbGKPFXCWuBvf9Ss623VQ5DA invoke [1]
[2025-11-05T06:35:27.222656000Z DEBUG solana_runtime::message_processor::stable_log] Program log: Instruction: MintTo
[2025-11-05T06:35:27.222773000Z DEBUG solana_runtime::message_processor::stable_log] Program TokenkegQfeZyiNwAJbNbGKPFXCWuBvf9Ss623VQ5DA consumed 4491 of 200000 compute units
[2025-11-05T06:35:27.222791000Z DEBUG solana_runtime::message_processor::stable_log] Program TokenkegQfeZyiNwAJbNbGKPFXCWuBvf9Ss623VQ5DA success
[2025-11-05T06:35:27.230698000Z DEBUG solana_runtime::message_processor::stable_log] Program ATokenGPvbdGVxr1b2hvZbsiqW5xWH25efTNsLJA8knL invoke [1]
[2025-11-05T06:35:27.230785000Z DEBUG solana_runtime::message_processor::stable_log] Program log: Create
[2025-11-05T06:35:27.230842000Z DEBUG solana_runtime::message_processor::stable_log] Program TokenkegQfeZyiNwAJbNbGKPFXCWuBvf9Ss623VQ5DA invoke [2]
[2025-11-05T06:35:27.230885000Z DEBUG solana_runtime::message_processor::stable_log] Program log: Instruction: GetAccountDataSize
[2025-11-05T06:35:27.230906000Z DEBUG solana_runtime::message_processor::stable_log] Program TokenkegQfeZyiNwAJbNbGKPFXCWuBvf9Ss623VQ5DA consumed 1595 of 194555 compute units
[2025-11-05T06:35:27.230915000Z DEBUG solana_runtime::message_processor::stable_log] Program return: TokenkegQfeZyiNwAJbNbGKPFXCWuBvf9Ss623VQ5DA pQAAAAAAAAA=
[2025-11-05T06:35:27.230925000Z DEBUG solana_runtime::message_processor::stable_log] Program TokenkegQfeZyiNwAJbNbGKPFXCWuBvf9Ss623VQ5DA success
[2025-11-05T06:35:27.230987000Z DEBUG solana_runtime::message_processor::stable_log] Program 11111111111111111111111111111111 invoke [2]
[2025-11-05T06:35:27.230998000Z DEBUG solana_runtime::message_processor::stable_log] Program 11111111111111111111111111111111 success
[2025-11-05T06:35:27.231004000Z DEBUG solana_runtime::message_processor::stable_log] Program log: Initialize the associated token account
[2025-11-05T06:35:27.231024000Z DEBUG solana_runtime::message_processor::stable_log] Program TokenkegQfeZyiNwAJbNbGKPFXCWuBvf9Ss623VQ5DA invoke [2]
[2025-11-05T06:35:27.231050000Z DEBUG solana_runtime::message_processor::stable_log] Program log: Instruction: InitializeImmutableOwner
[2025-11-05T06:35:27.231062000Z DEBUG solana_runtime::message_processor::stable_log] Program log: Please upgrade to SPL Token 2022 for immutable owner support
[2025-11-05T06:35:27.231066000Z DEBUG solana_runtime::message_processor::stable_log] Program TokenkegQfeZyiNwAJbNbGKPFXCWuBvf9Ss623VQ5DA consumed 1405 of 187942 compute units
[2025-11-05T06:35:27.231074000Z DEBUG solana_runtime::message_processor::stable_log] Program TokenkegQfeZyiNwAJbNbGKPFXCWuBvf9Ss623VQ5DA success
[2025-11-05T06:35:27.231119000Z DEBUG solana_runtime::message_processor::stable_log] Program TokenkegQfeZyiNwAJbNbGKPFXCWuBvf9Ss623VQ5DA invoke [2]
[2025-11-05T06:35:27.231151000Z DEBUG solana_runtime::message_processor::stable_log] Program log: Instruction: InitializeAccount3
[2025-11-05T06:35:27.231214000Z DEBUG solana_runtime::message_processor::stable_log] Program TokenkegQfeZyiNwAJbNbGKPFXCWuBvf9Ss623VQ5DA consumed 4214 of 184058 compute units
[2025-11-05T06:35:27.231223000Z DEBUG solana_runtime::message_processor::stable_log] Program TokenkegQfeZyiNwAJbNbGKPFXCWuBvf9Ss623VQ5DA success
[2025-11-05T06:35:27.231239000Z DEBUG solana_runtime::message_processor::stable_log] Program ATokenGPvbdGVxr1b2hvZbsiqW5xWH25efTNsLJA8knL consumed 20460 of 200000 compute units
[2025-11-05T06:35:27.231250000Z DEBUG solana_runtime::message_processor::stable_log] Program ATokenGPvbdGVxr1b2hvZbsiqW5xWH25efTNsLJA8knL success
[2025-11-05T06:35:27.238914000Z DEBUG solana_runtime::message_processor::stable_log] Program TokenkegQfeZyiNwAJbNbGKPFXCWuBvf9Ss623VQ5DA invoke [1]
[2025-11-05T06:35:27.238981000Z DEBUG solana_runtime::message_processor::stable_log] Program log: Instruction: MintTo
[2025-11-05T06:35:27.239048000Z DEBUG solana_runtime::message_processor::stable_log] Program TokenkegQfeZyiNwAJbNbGKPFXCWuBvf9Ss623VQ5DA consumed 4491 of 200000 compute units
[2025-11-05T06:35:27.239060000Z DEBUG solana_runtime::message_processor::stable_log] Program TokenkegQfeZyiNwAJbNbGKPFXCWuBvf9Ss623VQ5DA success
[2025-11-05T06:35:27.244601000Z DEBUG solana_runtime::message_processor::stable_log] Program ATokenGPvbdGVxr1b2hvZbsiqW5xWH25efTNsLJA8knL invoke [1]
[2025-11-05T06:35:27.244721000Z DEBUG solana_runtime::message_processor::stable_log] Program log: Create
[2025-11-05T06:35:27.244830000Z DEBUG solana_runtime::message_processor::stable_log] Program TokenkegQfeZyiNwAJbNbGKPFXCWuBvf9Ss623VQ5DA invoke [2]
[2025-11-05T06:35:27.244867000Z DEBUG solana_runtime::message_processor::stable_log] Program log: Instruction: GetAccountDataSize
[2025-11-05T06:35:27.244891000Z DEBUG solana_runtime::message_processor::stable_log] Program TokenkegQfeZyiNwAJbNbGKPFXCWuBvf9Ss623VQ5DA consumed 1595 of 193055 compute units
[2025-11-05T06:35:27.244900000Z DEBUG solana_runtime::message_processor::stable_log] Program return: TokenkegQfeZyiNwAJbNbGKPFXCWuBvf9Ss623VQ5DA pQAAAAAAAAA=
[2025-11-05T06:35:27.244911000Z DEBUG solana_runtime::message_processor::stable_log] Program TokenkegQfeZyiNwAJbNbGKPFXCWuBvf9Ss623VQ5DA success
[2025-11-05T06:35:27.244975000Z DEBUG solana_runtime::message_processor::stable_log] Program 11111111111111111111111111111111 invoke [2]
[2025-11-05T06:35:27.244985000Z DEBUG solana_runtime::message_processor::stable_log] Program 11111111111111111111111111111111 success
[2025-11-05T06:35:27.244991000Z DEBUG solana_runtime::message_processor::stable_log] Program log: Initialize the associated token account
[2025-11-05T06:35:27.245011000Z DEBUG solana_runtime::message_processor::stable_log] Program TokenkegQfeZyiNwAJbNbGKPFXCWuBvf9Ss623VQ5DA invoke [2]
[2025-11-05T06:35:27.245039000Z DEBUG solana_runtime::message_processor::stable_log] Program log: Instruction: InitializeImmutableOwner
[2025-11-05T06:35:27.245052000Z DEBUG solana_runtime::message_processor::stable_log] Program log: Please upgrade to SPL Token 2022 for immutable owner support
[2025-11-05T06:35:27.245055000Z DEBUG solana_runtime::message_processor::stable_log] Program TokenkegQfeZyiNwAJbNbGKPFXCWuBvf9Ss623VQ5DA consumed 1405 of 186442 compute units
[2025-11-05T06:35:27.245063000Z DEBUG solana_runtime::message_processor::stable_log] Program TokenkegQfeZyiNwAJbNbGKPFXCWuBvf9Ss623VQ5DA success
[2025-11-05T06:35:27.245102000Z DEBUG solana_runtime::message_processor::stable_log] Program TokenkegQfeZyiNwAJbNbGKPFXCWuBvf9Ss623VQ5DA invoke [2]
[2025-11-05T06:35:27.245132000Z DEBUG solana_runtime::message_processor::stable_log] Program log: Instruction: InitializeAccount3
[2025-11-05T06:35:27.245194000Z DEBUG solana_runtime::message_processor::stable_log] Program TokenkegQfeZyiNwAJbNbGKPFXCWuBvf9Ss623VQ5DA consumed 4214 of 182558 compute units
[2025-11-05T06:35:27.245202000Z DEBUG solana_runtime::message_processor::stable_log] Program TokenkegQfeZyiNwAJbNbGKPFXCWuBvf9Ss623VQ5DA success
[2025-11-05T06:35:27.245217000Z DEBUG solana_runtime::message_processor::stable_log] Program ATokenGPvbdGVxr1b2hvZbsiqW5xWH25efTNsLJA8knL consumed 21960 of 200000 compute units
[2025-11-05T06:35:27.245227000Z DEBUG solana_runtime::message_processor::stable_log] Program ATokenGPvbdGVxr1b2hvZbsiqW5xWH25efTNsLJA8knL success
[2025-11-05T06:35:27.249008000Z DEBUG solana_runtime::message_processor::stable_log] Program TokenkegQfeZyiNwAJbNbGKPFXCWuBvf9Ss623VQ5DA invoke [1]
[2025-11-05T06:35:27.249078000Z DEBUG solana_runtime::message_processor::stable_log] Program log: Instruction: MintTo
[2025-11-05T06:35:27.249146000Z DEBUG solana_runtime::message_processor::stable_log] Program TokenkegQfeZyiNwAJbNbGKPFXCWuBvf9Ss623VQ5DA consumed 4491 of 200000 compute units
[2025-11-05T06:35:27.249158000Z DEBUG solana_runtime::message_processor::stable_log] Program TokenkegQfeZyiNwAJbNbGKPFXCWuBvf9Ss623VQ5DA success
[2025-11-05T06:35:27.254770000Z DEBUG solana_runtime::message_processor::stable_log] Program ATokenGPvbdGVxr1b2hvZbsiqW5xWH25efTNsLJA8knL invoke [1]
[2025-11-05T06:35:27.254862000Z DEBUG solana_runtime::message_processor::stable_log] Program log: Create
[2025-11-05T06:35:27.254918000Z DEBUG solana_runtime::message_processor::stable_log] Program TokenkegQfeZyiNwAJbNbGKPFXCWuBvf9Ss623VQ5DA invoke [2]
[2025-11-05T06:35:27.254960000Z DEBUG solana_runtime::message_processor::stable_log] Program log: Instruction: GetAccountDataSize
[2025-11-05T06:35:27.254988000Z DEBUG solana_runtime::message_processor::stable_log] Program TokenkegQfeZyiNwAJbNbGKPFXCWuBvf9Ss623VQ5DA consumed 1595 of 194555 compute units
[2025-11-05T06:35:27.255004000Z DEBUG solana_runtime::message_processor::stable_log] Program return: TokenkegQfeZyiNwAJbNbGKPFXCWuBvf9Ss623VQ5DA pQAAAAAAAAA=
[2025-11-05T06:35:27.255028000Z DEBUG solana_runtime::message_processor::stable_log] Program TokenkegQfeZyiNwAJbNbGKPFXCWuBvf9Ss623VQ5DA success
[2025-11-05T06:35:27.255097000Z DEBUG solana_runtime::message_processor::stable_log] Program 11111111111111111111111111111111 invoke [2]
[2025-11-05T06:35:27.255110000Z DEBUG solana_runtime::message_processor::stable_log] Program 11111111111111111111111111111111 success
[2025-11-05T06:35:27.255116000Z DEBUG solana_runtime::message_processor::stable_log] Program log: Initialize the associated token account
[2025-11-05T06:35:27.255137000Z DEBUG solana_runtime::message_processor::stable_log] Program TokenkegQfeZyiNwAJbNbGKPFXCWuBvf9Ss623VQ5DA invoke [2]
[2025-11-05T06:35:27.255162000Z DEBUG solana_runtime::message_processor::stable_log] Program log: Instruction: InitializeImmutableOwner
[2025-11-05T06:35:27.255175000Z DEBUG solana_runtime::message_processor::stable_log] Program log: Please upgrade to SPL Token 2022 for immutable owner support
[2025-11-05T06:35:27.255179000Z DEBUG solana_runtime::message_processor::stable_log] Program TokenkegQfeZyiNwAJbNbGKPFXCWuBvf9Ss623VQ5DA consumed 1405 of 187942 compute units
[2025-11-05T06:35:27.255188000Z DEBUG solana_runtime::message_processor::stable_log] Program TokenkegQfeZyiNwAJbNbGKPFXCWuBvf9Ss623VQ5DA success
[2025-11-05T06:35:27.255227000Z DEBUG solana_runtime::message_processor::stable_log] Program TokenkegQfeZyiNwAJbNbGKPFXCWuBvf9Ss623VQ5DA invoke [2]
[2025-11-05T06:35:27.255259000Z DEBUG solana_runtime::message_processor::stable_log] Program log: Instruction: InitializeAccount3
[2025-11-05T06:35:27.255329000Z DEBUG solana_runtime::message_processor::stable_log] Program TokenkegQfeZyiNwAJbNbGKPFXCWuBvf9Ss623VQ5DA consumed 4214 of 184058 compute units
[2025-11-05T06:35:27.255343000Z DEBUG solana_runtime::message_processor::stable_log] Program TokenkegQfeZyiNwAJbNbGKPFXCWuBvf9Ss623VQ5DA success
[2025-11-05T06:35:27.255357000Z DEBUG solana_runtime::message_processor::stable_log] Program ATokenGPvbdGVxr1b2hvZbsiqW5xWH25efTNsLJA8knL consumed 20460 of 200000 compute units
[2025-11-05T06:35:27.255366000Z DEBUG solana_runtime::message_processor::stable_log] Program ATokenGPvbdGVxr1b2hvZbsiqW5xWH25efTNsLJA8knL success
[2025-11-05T06:35:27.259229000Z DEBUG solana_runtime::message_processor::stable_log] Program TokenkegQfeZyiNwAJbNbGKPFXCWuBvf9Ss623VQ5DA invoke [1]
[2025-11-05T06:35:27.259290000Z DEBUG solana_runtime::message_processor::stable_log] Program log: Instruction: MintTo
[2025-11-05T06:35:27.259368000Z DEBUG solana_runtime::message_processor::stable_log] Program TokenkegQfeZyiNwAJbNbGKPFXCWuBvf9Ss623VQ5DA consumed 4491 of 200000 compute units
[2025-11-05T06:35:27.259381000Z DEBUG solana_runtime::message_processor::stable_log] Program TokenkegQfeZyiNwAJbNbGKPFXCWuBvf9Ss623VQ5DA success
[2025-11-05T06:35:27.265024000Z DEBUG solana_runtime::message_processor::stable_log] Program ATokenGPvbdGVxr1b2hvZbsiqW5xWH25efTNsLJA8knL invoke [1]
[2025-11-05T06:35:27.265179000Z DEBUG solana_runtime::message_processor::stable_log] Program log: Create
[2025-11-05T06:35:27.265253000Z DEBUG solana_runtime::message_processor::stable_log] Program TokenkegQfeZyiNwAJbNbGKPFXCWuBvf9Ss623VQ5DA invoke [2]
[2025-11-05T06:35:27.265289000Z DEBUG solana_runtime::message_processor::stable_log] Program log: Instruction: GetAccountDataSize
[2025-11-05T06:35:27.265310000Z DEBUG solana_runtime::message_processor::stable_log] Program TokenkegQfeZyiNwAJbNbGKPFXCWuBvf9Ss623VQ5DA consumed 1595 of 191555 compute units
[2025-11-05T06:35:27.265319000Z DEBUG solana_runtime::message_processor::stable_log] Program return: TokenkegQfeZyiNwAJbNbGKPFXCWuBvf9Ss623VQ5DA pQAAAAAAAAA=
[2025-11-05T06:35:27.265328000Z DEBUG solana_runtime::message_processor::stable_log] Program TokenkegQfeZyiNwAJbNbGKPFXCWuBvf9Ss623VQ5DA success
[2025-11-05T06:35:27.265388000Z DEBUG solana_runtime::message_processor::stable_log] Program 11111111111111111111111111111111 invoke [2]
[2025-11-05T06:35:27.265400000Z DEBUG solana_runtime::message_processor::stable_log] Program 11111111111111111111111111111111 success
[2025-11-05T06:35:27.265407000Z DEBUG solana_runtime::message_processor::stable_log] Program log: Initialize the associated token account
[2025-11-05T06:35:27.265427000Z DEBUG solana_runtime::message_processor::stable_log] Program TokenkegQfeZyiNwAJbNbGKPFXCWuBvf9Ss623VQ5DA invoke [2]
[2025-11-05T06:35:27.265455000Z DEBUG solana_runtime::message_processor::stable_log] Program log: Instruction: InitializeImmutableOwner
[2025-11-05T06:35:27.265470000Z DEBUG solana_runtime::message_processor::stable_log] Program log: Please upgrade to SPL Token 2022 for immutable owner support
[2025-11-05T06:35:27.265476000Z DEBUG solana_runtime::message_processor::stable_log] Program TokenkegQfeZyiNwAJbNbGKPFXCWuBvf9Ss623VQ5DA consumed 1405 of 184942 compute units
[2025-11-05T06:35:27.265484000Z DEBUG solana_runtime::message_processor::stable_log] Program TokenkegQfeZyiNwAJbNbGKPFXCWuBvf9Ss623VQ5DA success
[2025-11-05T06:35:27.265522000Z DEBUG solana_runtime::message_processor::stable_log] Program TokenkegQfeZyiNwAJbNbGKPFXCWuBvf9Ss623VQ5DA invoke [2]
[2025-11-05T06:35:27.265553000Z DEBUG solana_runtime::message_processor::stable_log] Program log: Instruction: InitializeAccount3
[2025-11-05T06:35:27.265613000Z DEBUG solana_runtime::message_processor::stable_log] Program TokenkegQfeZyiNwAJbNbGKPFXCWuBvf9Ss623VQ5DA consumed 4214 of 181058 compute units
[2025-11-05T06:35:27.265621000Z DEBUG solana_runtime::message_processor::stable_log] Program TokenkegQfeZyiNwAJbNbGKPFXCWuBvf9Ss623VQ5DA success
[2025-11-05T06:35:27.265636000Z DEBUG solana_runtime::message_processor::stable_log] Program ATokenGPvbdGVxr1b2hvZbsiqW5xWH25efTNsLJA8knL consumed 23460 of 200000 compute units
[2025-11-05T06:35:27.265647000Z DEBUG solana_runtime::message_processor::stable_log] Program ATokenGPvbdGVxr1b2hvZbsiqW5xWH25efTNsLJA8knL success
[2025-11-05T06:35:27.269748000Z DEBUG solana_runtime::message_processor::stable_log] Program TokenkegQfeZyiNwAJbNbGKPFXCWuBvf9Ss623VQ5DA invoke [1]
[2025-11-05T06:35:27.269816000Z DEBUG solana_runtime::message_processor::stable_log] Program log: Instruction: MintTo
[2025-11-05T06:35:27.269882000Z DEBUG solana_runtime::message_processor::stable_log] Program TokenkegQfeZyiNwAJbNbGKPFXCWuBvf9Ss623VQ5DA consumed 4491 of 200000 compute units
[2025-11-05T06:35:27.269894000Z DEBUG solana_runtime::message_processor::stable_log] Program TokenkegQfeZyiNwAJbNbGKPFXCWuBvf9Ss623VQ5DA success
[2025-11-05T06:35:27.276304000Z DEBUG solana_runtime::message_processor::stable_log] Program ATokenGPvbdGVxr1b2hvZbsiqW5xWH25efTNsLJA8knL invoke [1]
[2025-11-05T06:35:27.276391000Z DEBUG solana_runtime::message_processor::stable_log] Program log: Create
[2025-11-05T06:35:27.276473000Z DEBUG solana_runtime::message_processor::stable_log] Program TokenkegQfeZyiNwAJbNbGKPFXCWuBvf9Ss623VQ5DA invoke [2]
[2025-11-05T06:35:27.276509000Z DEBUG solana_runtime::message_processor::stable_log] Program log: Instruction: GetAccountDataSize
[2025-11-05T06:35:27.276528000Z DEBUG solana_runtime::message_processor::stable_log] Program TokenkegQfeZyiNwAJbNbGKPFXCWuBvf9Ss623VQ5DA consumed 1595 of 190055 compute units
[2025-11-05T06:35:27.276537000Z DEBUG solana_runtime::message_processor::stable_log] Program return: TokenkegQfeZyiNwAJbNbGKPFXCWuBvf9Ss623VQ5DA pQAAAAAAAAA=
[2025-11-05T06:35:27.276603000Z DEBUG solana_runtime::message_processor::stable_log] Program TokenkegQfeZyiNwAJbNbGKPFXCWuBvf9Ss623VQ5DA success
[2025-11-05T06:35:27.276708000Z DEBUG solana_runtime::message_processor::stable_log] Program 11111111111111111111111111111111 invoke [2]
[2025-11-05T06:35:27.276716000Z DEBUG solana_runtime::message_processor::stable_log] Program 11111111111111111111111111111111 success
[2025-11-05T06:35:27.276723000Z DEBUG solana_runtime::message_processor::stable_log] Program log: Initialize the associated token account
[2025-11-05T06:35:27.276743000Z DEBUG solana_runtime::message_processor::stable_log] Program TokenkegQfeZyiNwAJbNbGKPFXCWuBvf9Ss623VQ5DA invoke [2]
[2025-11-05T06:35:27.276769000Z DEBUG solana_runtime::message_processor::stable_log] Program log: Instruction: InitializeImmutableOwner
[2025-11-05T06:35:27.276784000Z DEBUG solana_runtime::message_processor::stable_log] Program log: Please upgrade to SPL Token 2022 for immutable owner support
[2025-11-05T06:35:27.276789000Z DEBUG solana_runtime::message_processor::stable_log] Program TokenkegQfeZyiNwAJbNbGKPFXCWuBvf9Ss623VQ5DA consumed 1405 of 183442 compute units
[2025-11-05T06:35:27.276797000Z DEBUG solana_runtime::message_processor::stable_log] Program TokenkegQfeZyiNwAJbNbGKPFXCWuBvf9Ss623VQ5DA success
[2025-11-05T06:35:27.276835000Z DEBUG solana_runtime::message_processor::stable_log] Program TokenkegQfeZyiNwAJbNbGKPFXCWuBvf9Ss623VQ5DA invoke [2]
[2025-11-05T06:35:27.276872000Z DEBUG solana_runtime::message_processor::stable_log] Program log: Instruction: InitializeAccount3
[2025-11-05T06:35:27.276932000Z DEBUG solana_runtime::message_processor::stable_log] Program TokenkegQfeZyiNwAJbNbGKPFXCWuBvf9Ss623VQ5DA consumed 4214 of 179558 compute units
[2025-11-05T06:35:27.276941000Z DEBUG solana_runtime::message_processor::stable_log] Program TokenkegQfeZyiNwAJbNbGKPFXCWuBvf9Ss623VQ5DA success
[2025-11-05T06:35:27.276966000Z DEBUG solana_runtime::message_processor::stable_log] Program ATokenGPvbdGVxr1b2hvZbsiqW5xWH25efTNsLJA8knL consumed 24960 of 200000 compute units
[2025-11-05T06:35:27.276977000Z DEBUG solana_runtime::message_processor::stable_log] Program ATokenGPvbdGVxr1b2hvZbsiqW5xWH25efTNsLJA8knL success
[2025-11-05T06:35:27.281431000Z DEBUG solana_runtime::message_processor::stable_log] Program TokenkegQfeZyiNwAJbNbGKPFXCWuBvf9Ss623VQ5DA invoke [1]
[2025-11-05T06:35:27.281500000Z DEBUG solana_runtime::message_processor::stable_log] Program log: Instruction: MintTo
[2025-11-05T06:35:27.281579000Z DEBUG solana_runtime::message_processor::stable_log] Program TokenkegQfeZyiNwAJbNbGKPFXCWuBvf9Ss623VQ5DA consumed 4491 of 200000 compute units
[2025-11-05T06:35:27.281591000Z DEBUG solana_runtime::message_processor::stable_log] Program TokenkegQfeZyiNwAJbNbGKPFXCWuBvf9Ss623VQ5DA success
[2025-11-05T06:35:27.298759000Z DEBUG solana_runtime::message_processor::stable_log] Program ASmKWt93JEMHxbdE6j7znD9y2FcdPboCzC3xtSTJvN7S invoke [1]
[2025-11-05T06:35:27.298838000Z DEBUG solana_runtime::message_processor::stable_log] Program log: Instruction: CreateConfig
[2025-11-05T06:35:27.298933000Z DEBUG solana_runtime::message_processor::stable_log] Program 11111111111111111111111111111111 invoke [2]
[2025-11-05T06:35:27.298942000Z DEBUG solana_runtime::message_processor::stable_log] Program 11111111111111111111111111111111 success
[2025-11-05T06:35:27.299050000Z DEBUG solana_runtime::message_processor::stable_log] Program ASmKWt93JEMHxbdE6j7znD9y2FcdPboCzC3xtSTJvN7S invoke [2]
[2025-11-05T06:35:27.299090000Z DEBUG solana_runtime::message_processor::stable_log] Program ASmKWt93JEMHxbdE6j7znD9y2FcdPboCzC3xtSTJvN7S consumed 2069 of 186098 compute units
[2025-11-05T06:35:27.299101000Z DEBUG solana_runtime::message_processor::stable_log] Program ASmKWt93JEMHxbdE6j7znD9y2FcdPboCzC3xtSTJvN7S success
[2025-11-05T06:35:27.299118000Z DEBUG solana_runtime::message_processor::stable_log] Program ASmKWt93JEMHxbdE6j7znD9y2FcdPboCzC3xtSTJvN7S consumed 16276 of 200000 compute units
[2025-11-05T06:35:27.299129000Z DEBUG solana_runtime::message_processor::stable_log] Program ASmKWt93JEMHxbdE6j7znD9y2FcdPboCzC3xtSTJvN7S success
[2025-11-05T06:35:27.327375000Z DEBUG solana_runtime::message_processor::stable_log] Program ASmKWt93JEMHxbdE6j7znD9y2FcdPboCzC3xtSTJvN7S invoke [1]
[2025-11-05T06:35:27.327546000Z DEBUG solana_runtime::message_processor::stable_log] Program log: Instruction: InitializePool
[2025-11-05T06:35:27.327698000Z DEBUG solana_runtime::message_processor::stable_log] Program 11111111111111111111111111111111 invoke [2]
[2025-11-05T06:35:27.327707000Z DEBUG solana_runtime::message_processor::stable_log] Program 11111111111111111111111111111111 success
[2025-11-05T06:35:27.327744000Z DEBUG solana_runtime::message_processor::stable_log] Program TokenzQdBNbLqP5VEhdkAS6EPFLC1PHnBqCXEpPxuEb invoke [2]
[2025-11-05T06:35:27.327777000Z DEBUG solana_runtime::message_processor::stable_log] Program log: MetadataPointerInstruction::Initialize
[2025-11-05T06:35:27.327824000Z DEBUG solana_runtime::message_processor::stable_log] Program TokenzQdBNbLqP5VEhdkAS6EPFLC1PHnBqCXEpPxuEb consumed 2442 of 334963 compute units
[2025-11-05T06:35:27.327835000Z DEBUG solana_runtime::message_processor::stable_log] Program TokenzQdBNbLqP5VEhdkAS6EPFLC1PHnBqCXEpPxuEb success
[2025-11-05T06:35:27.327868000Z DEBUG solana_runtime::message_processor::stable_log] Program TokenzQdBNbLqP5VEhdkAS6EPFLC1PHnBqCXEpPxuEb invoke [2]
[2025-11-05T06:35:27.327896000Z DEBUG solana_runtime::message_processor::stable_log] Program log: Instruction: InitializeMintCloseAuthority
[2025-11-05T06:35:27.327931000Z DEBUG solana_runtime::message_processor::stable_log] Program TokenzQdBNbLqP5VEhdkAS6EPFLC1PHnBqCXEpPxuEb consumed 2570 of 330543 compute units
[2025-11-05T06:35:27.327939000Z DEBUG solana_runtime::message_processor::stable_log] Program TokenzQdBNbLqP5VEhdkAS6EPFLC1PHnBqCXEpPxuEb success
[2025-11-05T06:35:27.327977000Z DEBUG solana_runtime::message_processor::stable_log] Program TokenzQdBNbLqP5VEhdkAS6EPFLC1PHnBqCXEpPxuEb invoke [2]
[2025-11-05T06:35:27.328002000Z DEBUG solana_runtime::message_processor::stable_log] Program log: Instruction: InitializeMint2
[2025-11-05T06:35:27.328066000Z DEBUG solana_runtime::message_processor::stable_log] Program TokenzQdBNbLqP5VEhdkAS6EPFLC1PHnBqCXEpPxuEb consumed 4078 of 326031 compute units
[2025-11-05T06:35:27.328075000Z DEBUG solana_runtime::message_processor::stable_log] Program TokenzQdBNbLqP5VEhdkAS6EPFLC1PHnBqCXEpPxuEb success
[2025-11-05T06:35:27.328211000Z DEBUG solana_runtime::message_processor::stable_log] Program 11111111111111111111111111111111 invoke [2]
[2025-11-05T06:35:27.328216000Z DEBUG solana_runtime::message_processor::stable_log] Program 11111111111111111111111111111111 success
[2025-11-05T06:35:27.328247000Z DEBUG solana_runtime::message_processor::stable_log] Program TokenzQdBNbLqP5VEhdkAS6EPFLC1PHnBqCXEpPxuEb invoke [2]
[2025-11-05T06:35:27.328276000Z DEBUG solana_runtime::message_processor::stable_log] Program log: Instruction: InitializeAccount3
[2025-11-05T06:35:27.328359000Z DEBUG solana_runtime::message_processor::stable_log] Program TokenzQdBNbLqP5VEhdkAS6EPFLC1PHnBqCXEpPxuEb consumed 5137 of 310847 compute units
[2025-11-05T06:35:27.328368000Z DEBUG solana_runtime::message_processor::stable_log] Program TokenzQdBNbLqP5VEhdkAS6EPFLC1PHnBqCXEpPxuEb success
[2025-11-05T06:35:27.328476000Z DEBUG solana_runtime::message_processor::stable_log] Program 11111111111111111111111111111111 invoke [2]
[2025-11-05T06:35:27.328481000Z DEBUG solana_runtime::message_processor::stable_log] Program 11111111111111111111111111111111 success
[2025-11-05T06:35:27.328668000Z DEBUG solana_runtime::message_processor::stable_log] Program 11111111111111111111111111111111 invoke [2]
[2025-11-05T06:35:27.328673000Z DEBUG solana_runtime::message_processor::stable_log] Program 11111111111111111111111111111111 success
[2025-11-05T06:35:27.328746000Z DEBUG solana_runtime::message_processor::stable_log] Program 11111111111111111111111111111111 invoke [2]
[2025-11-05T06:35:27.328749000Z DEBUG solana_runtime::message_processor::stable_log] Program 11111111111111111111111111111111 success
[2025-11-05T06:35:27.328779000Z DEBUG solana_runtime::message_processor::stable_log] Program TokenkegQfeZyiNwAJbNbGKPFXCWuBvf9Ss623VQ5DA invoke [2]
[2025-11-05T06:35:27.328816000Z DEBUG solana_runtime::message_processor::stable_log] Program log: Instruction: InitializeAccount3
[2025-11-05T06:35:27.328878000Z DEBUG solana_runtime::message_processor::stable_log] Program TokenkegQfeZyiNwAJbNbGKPFXCWuBvf9Ss623VQ5DA consumed 4214 of 285744 compute units
[2025-11-05T06:35:27.328888000Z DEBUG solana_runtime::message_processor::stable_log] Program TokenkegQfeZyiNwAJbNbGKPFXCWuBvf9Ss623VQ5DA success
[2025-11-05T06:35:27.328990000Z DEBUG solana_runtime::message_processor::stable_log] Program 11111111111111111111111111111111 invoke [2]
[2025-11-05T06:35:27.328994000Z DEBUG solana_runtime::message_processor::stable_log] Program 11111111111111111111111111111111 success
[2025-11-05T06:35:27.329022000Z DEBUG solana_runtime::message_processor::stable_log] Program TokenkegQfeZyiNwAJbNbGKPFXCWuBvf9Ss623VQ5DA invoke [2]
[2025-11-05T06:35:27.329049000Z DEBUG solana_runtime::message_processor::stable_log] Program log: Instruction: InitializeAccount3
[2025-11-05T06:35:27.329109000Z DEBUG solana_runtime::message_processor::stable_log] Program TokenkegQfeZyiNwAJbNbGKPFXCWuBvf9Ss623VQ5DA consumed 4214 of 272605 compute units
[2025-11-05T06:35:27.329118000Z DEBUG solana_runtime::message_processor::stable_log] Program TokenkegQfeZyiNwAJbNbGKPFXCWuBvf9Ss623VQ5DA success
[2025-11-05T06:35:27.329343000Z DEBUG solana_runtime::message_processor::stable_log] Program TokenzQdBNbLqP5VEhdkAS6EPFLC1PHnBqCXEpPxuEb invoke [2]
[2025-11-05T06:35:27.329400000Z DEBUG solana_runtime::message_processor::stable_log] Program log: TokenMetadataInstruction: Initialize
[2025-11-05T06:35:27.329544000Z DEBUG solana_runtime::message_processor::stable_log] Program TokenzQdBNbLqP5VEhdkAS6EPFLC1PHnBqCXEpPxuEb consumed 9900 of 256472 compute units
[2025-11-05T06:35:27.329555000Z DEBUG solana_runtime::message_processor::stable_log] Program TokenzQdBNbLqP5VEhdkAS6EPFLC1PHnBqCXEpPxuEb success
[2025-11-05T06:35:27.329604000Z DEBUG solana_runtime::message_processor::stable_log] Program 11111111111111111111111111111111 invoke [2]
[2025-11-05T06:35:27.329608000Z DEBUG solana_runtime::message_processor::stable_log] Program 11111111111111111111111111111111 success
[2025-11-05T06:35:27.329652000Z DEBUG solana_runtime::message_processor::stable_log] Program TokenzQdBNbLqP5VEhdkAS6EPFLC1PHnBqCXEpPxuEb invoke [2]
[2025-11-05T06:35:27.329685000Z DEBUG solana_runtime::message_processor::stable_log] Program log: Instruction: MintTo
[2025-11-05T06:35:27.329764000Z DEBUG solana_runtime::message_processor::stable_log] Program TokenzQdBNbLqP5VEhdkAS6EPFLC1PHnBqCXEpPxuEb consumed 5540 of 241510 compute units
[2025-11-05T06:35:27.329772000Z DEBUG solana_runtime::message_processor::stable_log] Program TokenzQdBNbLqP5VEhdkAS6EPFLC1PHnBqCXEpPxuEb success
[2025-11-05T06:35:27.329873000Z DEBUG solana_runtime::message_processor::stable_log] Program ASmKWt93JEMHxbdE6j7znD9y2FcdPboCzC3xtSTJvN7S invoke [2]
[2025-11-05T06:35:27.329923000Z DEBUG solana_runtime::message_processor::stable_log] Program ASmKWt93JEMHxbdE6j7znD9y2FcdPboCzC3xtSTJvN7S consumed 2069 of 232905 compute units
[2025-11-05T06:35:27.329953000Z DEBUG solana_runtime::message_processor::stable_log] Program ASmKWt93JEMHxbdE6j7znD9y2FcdPboCzC3xtSTJvN7S success
[2025-11-05T06:35:27.330009000Z DEBUG solana_runtime::message_processor::stable_log] Program TokenkegQfeZyiNwAJbNbGKPFXCWuBvf9Ss623VQ5DA invoke [2]
[2025-11-05T06:35:27.330048000Z DEBUG solana_runtime::message_processor::stable_log] Program log: Instruction: TransferChecked
[2025-11-05T06:35:27.330133000Z DEBUG solana_runtime::message_processor::stable_log] Program TokenkegQfeZyiNwAJbNbGKPFXCWuBvf9Ss623VQ5DA consumed 6174 of 228364 compute units
[2025-11-05T06:35:27.330142000Z DEBUG solana_runtime::message_processor::stable_log] Program TokenkegQfeZyiNwAJbNbGKPFXCWuBvf9Ss623VQ5DA success
[2025-11-05T06:35:27.330186000Z DEBUG solana_runtime::message_processor::stable_log] Program TokenkegQfeZyiNwAJbNbGKPFXCWuBvf9Ss623VQ5DA invoke [2]
[2025-11-05T06:35:27.330223000Z DEBUG solana_runtime::message_processor::stable_log] Program log: Instruction: TransferChecked
[2025-11-05T06:35:27.330301000Z DEBUG solana_runtime::message_processor::stable_log] Program TokenkegQfeZyiNwAJbNbGKPFXCWuBvf9Ss623VQ5DA consumed 6269 of 219780 compute units
[2025-11-05T06:35:27.330310000Z DEBUG solana_runtime::message_processor::stable_log] Program TokenkegQfeZyiNwAJbNbGKPFXCWuBvf9Ss623VQ5DA success
[2025-11-05T06:35:27.330392000Z DEBUG solana_runtime::message_processor::stable_log] Program ASmKWt93JEMHxbdE6j7znD9y2FcdPboCzC3xtSTJvN7S invoke [2]
[2025-11-05T06:35:27.330432000Z DEBUG solana_runtime::message_processor::stable_log] Program ASmKWt93JEMHxbdE6j7znD9y2FcdPboCzC3xtSTJvN7S consumed 2069 of 208430 compute units
[2025-11-05T06:35:27.330441000Z DEBUG solana_runtime::message_processor::stable_log] Program ASmKWt93JEMHxbdE6j7znD9y2FcdPboCzC3xtSTJvN7S success
[2025-11-05T06:35:27.330468000Z DEBUG solana_runtime::message_processor::stable_log] Program ASmKWt93JEMHxbdE6j7znD9y2FcdPboCzC3xtSTJvN7S consumed 144433 of 350000 compute units
[2025-11-05T06:35:27.330479000Z DEBUG solana_runtime::message_processor::stable_log] Program ASmKWt93JEMHxbdE6j7znD9y2FcdPboCzC3xtSTJvN7S success
[2025-11-05T06:35:27.330488000Z DEBUG solana_runtime::message_processor::stable_log] Program ComputeBudget111111111111111111111111111111 invoke [1]
[2025-11-05T06:35:27.330495000Z DEBUG solana_runtime::message_processor::stable_log] Program ComputeBudget111111111111111111111111111111 success
[2025-11-05T06:35:27.353529000Z DEBUG solana_runtime::message_processor::stable_log] Program ASmKWt93JEMHxbdE6j7znD9y2FcdPboCzC3xtSTJvN7S invoke [1]
[2025-11-05T06:35:27.353642000Z DEBUG solana_runtime::message_processor::stable_log] Program log: Instruction: CreatePosition
[2025-11-05T06:35:27.353721000Z DEBUG solana_runtime::message_processor::stable_log] Program 11111111111111111111111111111111 invoke [2]
[2025-11-05T06:35:27.353730000Z DEBUG solana_runtime::message_processor::stable_log] Program 11111111111111111111111111111111 success
[2025-11-05T06:35:27.353766000Z DEBUG solana_runtime::message_processor::stable_log] Program TokenzQdBNbLqP5VEhdkAS6EPFLC1PHnBqCXEpPxuEb invoke [2]
[2025-11-05T06:35:27.353801000Z DEBUG solana_runtime::message_processor::stable_log] Program log: MetadataPointerInstruction::Initialize
[2025-11-05T06:35:27.353838000Z DEBUG solana_runtime::message_processor::stable_log] Program TokenzQdBNbLqP5VEhdkAS6EPFLC1PHnBqCXEpPxuEb consumed 2442 of 191116 compute units
[2025-11-05T06:35:27.353850000Z DEBUG solana_runtime::message_processor::stable_log] Program TokenzQdBNbLqP5VEhdkAS6EPFLC1PHnBqCXEpPxuEb success
[2025-11-05T06:35:27.353883000Z DEBUG solana_runtime::message_processor::stable_log] Program TokenzQdBNbLqP5VEhdkAS6EPFLC1PHnBqCXEpPxuEb invoke [2]
[2025-11-05T06:35:27.353907000Z DEBUG solana_runtime::message_processor::stable_log] Program log: Instruction: InitializeMintCloseAuthority
[2025-11-05T06:35:27.353952000Z DEBUG solana_runtime::message_processor::stable_log] Program TokenzQdBNbLqP5VEhdkAS6EPFLC1PHnBqCXEpPxuEb consumed 2570 of 186696 compute units
[2025-11-05T06:35:27.353961000Z DEBUG solana_runtime::message_processor::stable_log] Program TokenzQdBNbLqP5VEhdkAS6EPFLC1PHnBqCXEpPxuEb success
[2025-11-05T06:35:27.353993000Z DEBUG solana_runtime::message_processor::stable_log] Program TokenzQdBNbLqP5VEhdkAS6EPFLC1PHnBqCXEpPxuEb invoke [2]
[2025-11-05T06:35:27.354023000Z DEBUG solana_runtime::message_processor::stable_log] Program log: Instruction: InitializeMint2
[2025-11-05T06:35:27.354090000Z DEBUG solana_runtime::message_processor::stable_log] Program TokenzQdBNbLqP5VEhdkAS6EPFLC1PHnBqCXEpPxuEb consumed 4078 of 182183 compute units
[2025-11-05T06:35:27.354098000Z DEBUG solana_runtime::message_processor::stable_log] Program TokenzQdBNbLqP5VEhdkAS6EPFLC1PHnBqCXEpPxuEb success
[2025-11-05T06:35:27.354226000Z DEBUG solana_runtime::message_processor::stable_log] Program 11111111111111111111111111111111 invoke [2]
[2025-11-05T06:35:27.354230000Z DEBUG solana_runtime::message_processor::stable_log] Program 11111111111111111111111111111111 success
[2025-11-05T06:35:27.354262000Z DEBUG solana_runtime::message_processor::stable_log] Program TokenzQdBNbLqP5VEhdkAS6EPFLC1PHnBqCXEpPxuEb invoke [2]
[2025-11-05T06:35:27.354290000Z DEBUG solana_runtime::message_processor::stable_log] Program log: Instruction: InitializeAccount3
[2025-11-05T06:35:27.354494000Z DEBUG solana_runtime::message_processor::stable_log] Program TokenzQdBNbLqP5VEhdkAS6EPFLC1PHnBqCXEpPxuEb consumed 5137 of 168499 compute units
[2025-11-05T06:35:27.354508000Z DEBUG solana_runtime::message_processor::stable_log] Program TokenzQdBNbLqP5VEhdkAS6EPFLC1PHnBqCXEpPxuEb success
[2025-11-05T06:35:27.354619000Z DEBUG solana_runtime::message_processor::stable_log] Program 11111111111111111111111111111111 invoke [2]
[2025-11-05T06:35:27.354622000Z DEBUG solana_runtime::message_processor::stable_log] Program 11111111111111111111111111111111 success
[2025-11-05T06:35:27.354734000Z DEBUG solana_runtime::message_processor::stable_log] Program TokenzQdBNbLqP5VEhdkAS6EPFLC1PHnBqCXEpPxuEb invoke [2]
[2025-11-05T06:35:27.354793000Z DEBUG solana_runtime::message_processor::stable_log] Program log: TokenMetadataInstruction: Initialize
[2025-11-05T06:35:27.354931000Z DEBUG solana_runtime::message_processor::stable_log] Program TokenzQdBNbLqP5VEhdkAS6EPFLC1PHnBqCXEpPxuEb consumed 9900 of 148769 compute units
[2025-11-05T06:35:27.354940000Z DEBUG solana_runtime::message_processor::stable_log] Program TokenzQdBNbLqP5VEhdkAS6EPFLC1PHnBqCXEpPxuEb success
[2025-11-05T06:35:27.354985000Z DEBUG solana_runtime::message_processor::stable_log] Program 11111111111111111111111111111111 invoke [2]
[2025-11-05T06:35:27.354989000Z DEBUG solana_runtime::message_processor::stable_log] Program 11111111111111111111111111111111 success
[2025-11-05T06:35:27.355030000Z DEBUG solana_runtime::message_processor::stable_log] Program TokenzQdBNbLqP5VEhdkAS6EPFLC1PHnBqCXEpPxuEb invoke [2]
[2025-11-05T06:35:27.355063000Z DEBUG solana_runtime::message_processor::stable_log] Program log: Instruction: MintTo
[2025-11-05T06:35:27.355146000Z DEBUG solana_runtime::message_processor::stable_log] Program TokenzQdBNbLqP5VEhdkAS6EPFLC1PHnBqCXEpPxuEb consumed 5540 of 133807 compute units
[2025-11-05T06:35:27.355156000Z DEBUG solana_runtime::message_processor::stable_log] Program TokenzQdBNbLqP5VEhdkAS6EPFLC1PHnBqCXEpPxuEb success
[2025-11-05T06:35:27.355217000Z DEBUG solana_runtime::message_processor::stable_log] Program ASmKWt93JEMHxbdE6j7znD9y2FcdPboCzC3xtSTJvN7S invoke [2]
[2025-11-05T06:35:27.355260000Z DEBUG solana_runtime::message_processor::stable_log] Program ASmKWt93JEMHxbdE6j7znD9y2FcdPboCzC3xtSTJvN7S consumed 2069 of 125201 compute units
[2025-11-05T06:35:27.355270000Z DEBUG solana_runtime::message_processor::stable_log] Program ASmKWt93JEMHxbdE6j7znD9y2FcdPboCzC3xtSTJvN7S success
[2025-11-05T06:35:27.355291000Z DEBUG solana_runtime::message_processor::stable_log] Program ASmKWt93JEMHxbdE6j7znD9y2FcdPboCzC3xtSTJvN7S consumed 77433 of 200000 compute units
[2025-11-05T06:35:27.355301000Z DEBUG solana_runtime::message_processor::stable_log] Program ASmKWt93JEMHxbdE6j7znD9y2FcdPboCzC3xtSTJvN7S success
[2025-11-05T06:35:27.408105000Z DEBUG solana_runtime::message_processor::stable_log] Program ASmKWt93JEMHxbdE6j7znD9y2FcdPboCzC3xtSTJvN7S invoke [1]
[2025-11-05T06:35:27.408246000Z DEBUG solana_runtime::message_processor::stable_log] Program log: Instruction: AddLiquidity
[2025-11-05T06:35:27.408633000Z DEBUG solana_runtime::message_processor::stable_log] Program TokenkegQfeZyiNwAJbNbGKPFXCWuBvf9Ss623VQ5DA invoke [2]
[2025-11-05T06:35:27.408693000Z DEBUG solana_runtime::message_processor::stable_log] Program log: Instruction: TransferChecked
[2025-11-05T06:35:27.408789000Z DEBUG solana_runtime::message_processor::stable_log] Program TokenkegQfeZyiNwAJbNbGKPFXCWuBvf9Ss623VQ5DA consumed 6174 of 179097 compute units
[2025-11-05T06:35:27.408803000Z DEBUG solana_runtime::message_processor::stable_log] Program TokenkegQfeZyiNwAJbNbGKPFXCWuBvf9Ss623VQ5DA success
[2025-11-05T06:35:27.408853000Z DEBUG solana_runtime::message_processor::stable_log] Program TokenkegQfeZyiNwAJbNbGKPFXCWuBvf9Ss623VQ5DA invoke [2]
[2025-11-05T06:35:27.408913000Z DEBUG solana_runtime::message_processor::stable_log] Program log: Instruction: TransferChecked
[2025-11-05T06:35:27.408998000Z DEBUG solana_runtime::message_processor::stable_log] Program TokenkegQfeZyiNwAJbNbGKPFXCWuBvf9Ss623VQ5DA consumed 6269 of 170513 compute units
[2025-11-05T06:35:27.409007000Z DEBUG solana_runtime::message_processor::stable_log] Program TokenkegQfeZyiNwAJbNbGKPFXCWuBvf9Ss623VQ5DA success
[2025-11-05T06:35:27.409067000Z DEBUG solana_runtime::message_processor::stable_log] Program ASmKWt93JEMHxbdE6j7znD9y2FcdPboCzC3xtSTJvN7S invoke [2]
[2025-11-05T06:35:27.409103000Z DEBUG solana_runtime::message_processor::stable_log] Program ASmKWt93JEMHxbdE6j7znD9y2FcdPboCzC3xtSTJvN7S consumed 2069 of 160990 compute units
[2025-11-05T06:35:27.409112000Z DEBUG solana_runtime::message_processor::stable_log] Program ASmKWt93JEMHxbdE6j7znD9y2FcdPboCzC3xtSTJvN7S success
[2025-11-05T06:35:27.409235000Z DEBUG solana_runtime::message_processor::stable_log] Program ASmKWt93JEMHxbdE6j7znD9y2FcdPboCzC3xtSTJvN7S invoke [2]
[2025-11-05T06:35:27.409267000Z DEBUG solana_runtime::message_processor::stable_log] Program ASmKWt93JEMHxbdE6j7znD9y2FcdPboCzC3xtSTJvN7S consumed 2069 of 152587 compute units
[2025-11-05T06:35:27.409276000Z DEBUG solana_runtime::message_processor::stable_log] Program ASmKWt93JEMHxbdE6j7znD9y2FcdPboCzC3xtSTJvN7S success
[2025-11-05T06:35:27.409300000Z DEBUG solana_runtime::message_processor::stable_log] Program ASmKWt93JEMHxbdE6j7znD9y2FcdPboCzC3xtSTJvN7S consumed 50123 of 200000 compute units
[2025-11-05T06:35:27.409311000Z DEBUG solana_runtime::message_processor::stable_log] Program ASmKWt93JEMHxbdE6j7znD9y2FcdPboCzC3xtSTJvN7S success
[2025-11-05T06:35:27.427588000Z DEBUG solana_runtime::message_processor::stable_log] Program ASmKWt93JEMHxbdE6j7znD9y2FcdPboCzC3xtSTJvN7S invoke [1]
[2025-11-05T06:35:27.427686000Z DEBUG solana_runtime::message_processor::stable_log] Program log: Instruction: InitializeReward
[2025-11-05T06:35:27.427802000Z DEBUG solana_runtime::message_processor::stable_log] Program 11111111111111111111111111111111 invoke [2]
[2025-11-05T06:35:27.427812000Z DEBUG solana_runtime::message_processor::stable_log] Program 11111111111111111111111111111111 success
[2025-11-05T06:35:27.427848000Z DEBUG solana_runtime::message_processor::stable_log] Program TokenkegQfeZyiNwAJbNbGKPFXCWuBvf9Ss623VQ5DA invoke [2]
[2025-11-05T06:35:27.427888000Z DEBUG solana_runtime::message_processor::stable_log] Program log: Instruction: InitializeAccount3
[2025-11-05T06:35:27.427953000Z DEBUG solana_runtime::message_processor::stable_log] Program TokenkegQfeZyiNwAJbNbGKPFXCWuBvf9Ss623VQ5DA consumed 4214 of 189380 compute units
[2025-11-05T06:35:27.427964000Z DEBUG solana_runtime::message_processor::stable_log] Program TokenkegQfeZyiNwAJbNbGKPFXCWuBvf9Ss623VQ5DA success
[2025-11-05T06:35:27.428084000Z DEBUG solana_runtime::message_processor::stable_log] Program ASmKWt93JEMHxbdE6j7znD9y2FcdPboCzC3xtSTJvN7S invoke [2]
[2025-11-05T06:35:27.428119000Z DEBUG solana_runtime::message_processor::stable_log] Program ASmKWt93JEMHxbdE6j7znD9y2FcdPboCzC3xtSTJvN7S consumed 2069 of 178372 compute units
[2025-11-05T06:35:27.428129000Z DEBUG solana_runtime::message_processor::stable_log] Program ASmKWt93JEMHxbdE6j7znD9y2FcdPboCzC3xtSTJvN7S success
[2025-11-05T06:35:27.428148000Z DEBUG solana_runtime::message_processor::stable_log] Program ASmKWt93JEMHxbdE6j7znD9y2FcdPboCzC3xtSTJvN7S consumed 24113 of 200000 compute units
[2025-11-05T06:35:27.428158000Z DEBUG solana_runtime::message_processor::stable_log] Program ASmKWt93JEMHxbdE6j7znD9y2FcdPboCzC3xtSTJvN7S success
[2025-11-05T06:35:27.451018000Z DEBUG solana_runtime::message_processor::stable_log] Program ASmKWt93JEMHxbdE6j7znD9y2FcdPboCzC3xtSTJvN7S invoke [1]
[2025-11-05T06:35:27.451134000Z DEBUG solana_runtime::message_processor::stable_log] Program log: Instruction: UpdateRewardDuration
[2025-11-05T06:35:27.451258000Z DEBUG solana_runtime::message_processor::stable_log] Program ASmKWt93JEMHxbdE6j7znD9y2FcdPboCzC3xtSTJvN7S invoke [2]
[2025-11-05T06:35:27.451325000Z DEBUG solana_runtime::message_processor::stable_log] Program ASmKWt93JEMHxbdE6j7znD9y2FcdPboCzC3xtSTJvN7S consumed 2069 of 194156 compute units
[2025-11-05T06:35:27.451343000Z DEBUG solana_runtime::message_processor::stable_log] Program ASmKWt93JEMHxbdE6j7znD9y2FcdPboCzC3xtSTJvN7S success
[2025-11-05T06:35:27.451367000Z DEBUG solana_runtime::message_processor::stable_log] Program ASmKWt93JEMHxbdE6j7znD9y2FcdPboCzC3xtSTJvN7S consumed 8197 of 200000 compute units
[2025-11-05T06:35:27.451378000Z DEBUG solana_runtime::message_processor::stable_log] Program ASmKWt93JEMHxbdE6j7znD9y2FcdPboCzC3xtSTJvN7S success
[2025-11-05T06:35:27.471879000Z DEBUG solana_runtime::message_processor::stable_log] Program ASmKWt93JEMHxbdE6j7znD9y2FcdPboCzC3xtSTJvN7S invoke [1]
[2025-11-05T06:35:27.471950000Z DEBUG solana_runtime::message_processor::stable_log] Program log: Instruction: UpdateRewardFunder
[2025-11-05T06:35:27.472032000Z DEBUG solana_runtime::message_processor::stable_log] Program ASmKWt93JEMHxbdE6j7znD9y2FcdPboCzC3xtSTJvN7S invoke [2]
[2025-11-05T06:35:27.472078000Z DEBUG solana_runtime::message_processor::stable_log] Program ASmKWt93JEMHxbdE6j7znD9y2FcdPboCzC3xtSTJvN7S consumed 2069 of 193849 compute units
[2025-11-05T06:35:27.472089000Z DEBUG solana_runtime::message_processor::stable_log] Program ASmKWt93JEMHxbdE6j7znD9y2FcdPboCzC3xtSTJvN7S success
[2025-11-05T06:35:27.472108000Z DEBUG solana_runtime::message_processor::stable_log] Program ASmKWt93JEMHxbdE6j7znD9y2FcdPboCzC3xtSTJvN7S consumed 8504 of 200000 compute units
[2025-11-05T06:35:27.472117000Z DEBUG solana_runtime::message_processor::stable_log] Program ASmKWt93JEMHxbdE6j7znD9y2FcdPboCzC3xtSTJvN7S success
      ✔ Admin can initialize and update reward at index = 0 (175ms)
    Reward SPL-Token 2022
[2025-11-05T06:35:27.482507000Z INFO  solana_program_test] "cp_amm" SBF program from ./target/deploy/cp_amm.so, modified 24 minutes, 34 seconds, 829 ms, 822 µs and 203 ns ago
[2025-11-05T06:35:27.482864000Z INFO  solana_program_test] "fee_router" SBF program from ./target/deploy/fee_router.so, modified 37 seconds, 567 ms, 113 µs and 331 ns ago
[2025-11-05T06:35:27.483143000Z INFO  solana_program_test] "transfer_hook_counter" SBF program from tests/fixtures/transfer_hook_counter.so, modified 3 weeks, 22 hours, 59 minutes, 2 seconds, 308 ms, 735 µs and 196 ns ago
[2025-11-05T06:35:27.483452000Z INFO  solana_program_test] "alpha_vault" SBF program from tests/fixtures/alpha_vault.so, modified 3 weeks, 22 hours, 59 minutes, 2 seconds, 309 ms, 737 µs and 72 ns ago
[2025-11-05T06:35:27.483763000Z INFO  solana_program_test] "streamflow" SBF program from tests/fixtures/streamflow.so, modified 3 weeks, 6 hours, 59 minutes, 12 seconds, 194 ms, 678 µs and 387 ns ago
[2025-11-05T06:35:27.484215000Z INFO  solana_program_test] "cp_amm" SBF program from ./target/deploy/cp_amm.so, modified 24 minutes, 34 seconds, 831 ms, 531 µs and 203 ns ago
[2025-11-05T06:35:27.484378000Z INFO  solana_program_test] "fee_router" SBF program from ./target/deploy/fee_router.so, modified 37 seconds, 568 ms, 637 µs and 331 ns ago
[2025-11-05T06:35:27.504111000Z INFO  solana_program_test] Overriding account at ASmKWt93JEMHxbdE6j7znD9y2FcdPboCzC3xtSTJvN7S
[2025-11-05T06:35:27.504127000Z INFO  solana_program_test] Overriding account at 5B57SJ3g2YoNXUpsZqqjEQkRSxyKtVTQRXdgAirz6bio
[2025-11-05T06:35:27.518007000Z DEBUG solana_runtime::message_processor::stable_log] Program 11111111111111111111111111111111 invoke [1]
[2025-11-05T06:35:27.518024000Z DEBUG solana_runtime::message_processor::stable_log] Program 11111111111111111111111111111111 success
[2025-11-05T06:35:27.522037000Z DEBUG solana_runtime::message_processor::stable_log] Program 11111111111111111111111111111111 invoke [1]
[2025-11-05T06:35:27.522048000Z DEBUG solana_runtime::message_processor::stable_log] Program 11111111111111111111111111111111 success
[2025-11-05T06:35:27.526030000Z DEBUG solana_runtime::message_processor::stable_log] Program 11111111111111111111111111111111 invoke [1]
[2025-11-05T06:35:27.526042000Z DEBUG solana_runtime::message_processor::stable_log] Program 11111111111111111111111111111111 success
[2025-11-05T06:35:27.530319000Z DEBUG solana_runtime::message_processor::stable_log] Program 11111111111111111111111111111111 invoke [1]
[2025-11-05T06:35:27.530331000Z DEBUG solana_runtime::message_processor::stable_log] Program 11111111111111111111111111111111 success
[2025-11-05T06:35:27.539435000Z DEBUG solana_runtime::message_processor::stable_log] Program 11111111111111111111111111111111 invoke [1]
[2025-11-05T06:35:27.539450000Z DEBUG solana_runtime::message_processor::stable_log] Program 11111111111111111111111111111111 success
[2025-11-05T06:35:27.539454000Z DEBUG solana_runtime::message_processor::stable_log] Program TokenzQdBNbLqP5VEhdkAS6EPFLC1PHnBqCXEpPxuEb invoke [1]
[2025-11-05T06:35:27.539547000Z DEBUG solana_runtime::message_processor::stable_log] Program TokenzQdBNbLqP5VEhdkAS6EPFLC1PHnBqCXEpPxuEb consumed 3479 of 599850 compute units
[2025-11-05T06:35:27.539557000Z DEBUG solana_runtime::message_processor::stable_log] Program TokenzQdBNbLqP5VEhdkAS6EPFLC1PHnBqCXEpPxuEb success
[2025-11-05T06:35:27.539564000Z DEBUG solana_runtime::message_processor::stable_log] Program TokenzQdBNbLqP5VEhdkAS6EPFLC1PHnBqCXEpPxuEb invoke [1]
[2025-11-05T06:35:27.539592000Z DEBUG solana_runtime::message_processor::stable_log] Program log: Instruction: InitializeMint2
[2025-11-05T06:35:27.539652000Z DEBUG solana_runtime::message_processor::stable_log] Program TokenzQdBNbLqP5VEhdkAS6EPFLC1PHnBqCXEpPxuEb consumed 3868 of 596371 compute units
[2025-11-05T06:35:27.539660000Z DEBUG solana_runtime::message_processor::stable_log] Program TokenzQdBNbLqP5VEhdkAS6EPFLC1PHnBqCXEpPxuEb success
[2025-11-05T06:35:27.547365000Z DEBUG solana_runtime::message_processor::stable_log] Program 11111111111111111111111111111111 invoke [1]
[2025-11-05T06:35:27.547382000Z DEBUG solana_runtime::message_processor::stable_log] Program 11111111111111111111111111111111 success
[2025-11-05T06:35:27.547386000Z DEBUG solana_runtime::message_processor::stable_log] Program TokenzQdBNbLqP5VEhdkAS6EPFLC1PHnBqCXEpPxuEb invoke [1]
[2025-11-05T06:35:27.547597000Z DEBUG solana_runtime::message_processor::stable_log] Program TokenzQdBNbLqP5VEhdkAS6EPFLC1PHnBqCXEpPxuEb consumed 3479 of 599850 compute units
[2025-11-05T06:35:27.547610000Z DEBUG solana_runtime::message_processor::stable_log] Program TokenzQdBNbLqP5VEhdkAS6EPFLC1PHnBqCXEpPxuEb success
[2025-11-05T06:35:27.547618000Z DEBUG solana_runtime::message_processor::stable_log] Program TokenzQdBNbLqP5VEhdkAS6EPFLC1PHnBqCXEpPxuEb invoke [1]
[2025-11-05T06:35:27.547645000Z DEBUG solana_runtime::message_processor::stable_log] Program log: Instruction: InitializeMint2
[2025-11-05T06:35:27.547707000Z DEBUG solana_runtime::message_processor::stable_log] Program TokenzQdBNbLqP5VEhdkAS6EPFLC1PHnBqCXEpPxuEb consumed 3868 of 596371 compute units
[2025-11-05T06:35:27.547715000Z DEBUG solana_runtime::message_processor::stable_log] Program TokenzQdBNbLqP5VEhdkAS6EPFLC1PHnBqCXEpPxuEb success
[2025-11-05T06:35:27.555291000Z DEBUG solana_runtime::message_processor::stable_log] Program 11111111111111111111111111111111 invoke [1]
[2025-11-05T06:35:27.555309000Z DEBUG solana_runtime::message_processor::stable_log] Program 11111111111111111111111111111111 success
[2025-11-05T06:35:27.555314000Z DEBUG solana_runtime::message_processor::stable_log] Program TokenzQdBNbLqP5VEhdkAS6EPFLC1PHnBqCXEpPxuEb invoke [1]
[2025-11-05T06:35:27.555426000Z DEBUG solana_runtime::message_processor::stable_log] Program TokenzQdBNbLqP5VEhdkAS6EPFLC1PHnBqCXEpPxuEb consumed 3479 of 599850 compute units
[2025-11-05T06:35:27.555439000Z DEBUG solana_runtime::message_processor::stable_log] Program TokenzQdBNbLqP5VEhdkAS6EPFLC1PHnBqCXEpPxuEb success
[2025-11-05T06:35:27.555448000Z DEBUG solana_runtime::message_processor::stable_log] Program TokenzQdBNbLqP5VEhdkAS6EPFLC1PHnBqCXEpPxuEb invoke [1]
[2025-11-05T06:35:27.555477000Z DEBUG solana_runtime::message_processor::stable_log] Program log: Instruction: InitializeMint2
[2025-11-05T06:35:27.555571000Z DEBUG solana_runtime::message_processor::stable_log] Program TokenzQdBNbLqP5VEhdkAS6EPFLC1PHnBqCXEpPxuEb consumed 3868 of 596371 compute units
[2025-11-05T06:35:27.555581000Z DEBUG solana_runtime::message_processor::stable_log] Program TokenzQdBNbLqP5VEhdkAS6EPFLC1PHnBqCXEpPxuEb success
[2025-11-05T06:35:27.561311000Z DEBUG solana_runtime::message_processor::stable_log] Program ATokenGPvbdGVxr1b2hvZbsiqW5xWH25efTNsLJA8knL invoke [1]
[2025-11-05T06:35:27.561390000Z DEBUG solana_runtime::message_processor::stable_log] Program log: Create
[2025-11-05T06:35:27.561441000Z DEBUG solana_runtime::message_processor::stable_log] Program TokenzQdBNbLqP5VEhdkAS6EPFLC1PHnBqCXEpPxuEb invoke [2]
[2025-11-05T06:35:27.561486000Z DEBUG solana_runtime::message_processor::stable_log] Program log: Instruction: GetAccountDataSize
[2025-11-05T06:35:27.561532000Z DEBUG solana_runtime::message_processor::stable_log] Program TokenzQdBNbLqP5VEhdkAS6EPFLC1PHnBqCXEpPxuEb consumed 2917 of 194642 compute units
[2025-11-05T06:35:27.561540000Z DEBUG solana_runtime::message_processor::stable_log] Program return: TokenzQdBNbLqP5VEhdkAS6EPFLC1PHnBqCXEpPxuEb tgAAAAAAAAA=
[2025-11-05T06:35:27.561549000Z DEBUG solana_runtime::message_processor::stable_log] Program TokenzQdBNbLqP5VEhdkAS6EPFLC1PHnBqCXEpPxuEb success
[2025-11-05T06:35:27.561610000Z DEBUG solana_runtime::message_processor::stable_log] Program 11111111111111111111111111111111 invoke [2]
[2025-11-05T06:35:27.561617000Z DEBUG solana_runtime::message_processor::stable_log] Program 11111111111111111111111111111111 success
[2025-11-05T06:35:27.561801000Z DEBUG solana_runtime::message_processor::stable_log] Program log: Initialize the associated token account
[2025-11-05T06:35:27.561832000Z DEBUG solana_runtime::message_processor::stable_log] Program TokenzQdBNbLqP5VEhdkAS6EPFLC1PHnBqCXEpPxuEb invoke [2]
[2025-11-05T06:35:27.561863000Z DEBUG solana_runtime::message_processor::stable_log] Program log: Instruction: InitializeImmutableOwner
[2025-11-05T06:35:27.561901000Z DEBUG solana_runtime::message_processor::stable_log] Program TokenzQdBNbLqP5VEhdkAS6EPFLC1PHnBqCXEpPxuEb consumed 1924 of 186795 compute units
[2025-11-05T06:35:27.561912000Z DEBUG solana_runtime::message_processor::stable_log] Program TokenzQdBNbLqP5VEhdkAS6EPFLC1PHnBqCXEpPxuEb success
[2025-11-05T06:35:27.561950000Z DEBUG solana_runtime::message_processor::stable_log] Program TokenzQdBNbLqP5VEhdkAS6EPFLC1PHnBqCXEpPxuEb invoke [2]
[2025-11-05T06:35:27.561982000Z DEBUG solana_runtime::message_processor::stable_log] Program log: Instruction: InitializeAccount3
[2025-11-05T06:35:27.562079000Z DEBUG solana_runtime::message_processor::stable_log] Program TokenzQdBNbLqP5VEhdkAS6EPFLC1PHnBqCXEpPxuEb consumed 5446 of 182481 compute units
[2025-11-05T06:35:27.562088000Z DEBUG solana_runtime::message_processor::stable_log] Program TokenzQdBNbLqP5VEhdkAS6EPFLC1PHnBqCXEpPxuEb success
[2025-11-05T06:35:27.562103000Z DEBUG solana_runtime::message_processor::stable_log] Program ATokenGPvbdGVxr1b2hvZbsiqW5xWH25efTNsLJA8knL consumed 23269 of 200000 compute units
[2025-11-05T06:35:27.562113000Z DEBUG solana_runtime::message_processor::stable_log] Program ATokenGPvbdGVxr1b2hvZbsiqW5xWH25efTNsLJA8knL success
[2025-11-05T06:35:27.565783000Z DEBUG solana_runtime::message_processor::stable_log] Program TokenzQdBNbLqP5VEhdkAS6EPFLC1PHnBqCXEpPxuEb invoke [1]
[2025-11-05T06:35:27.565839000Z DEBUG solana_runtime::message_processor::stable_log] Program log: Instruction: MintTo
[2025-11-05T06:35:27.565924000Z DEBUG solana_runtime::message_processor::stable_log] Program TokenzQdBNbLqP5VEhdkAS6EPFLC1PHnBqCXEpPxuEb consumed 5403 of 200000 compute units
[2025-11-05T06:35:27.565934000Z DEBUG solana_runtime::message_processor::stable_log] Program TokenzQdBNbLqP5VEhdkAS6EPFLC1PHnBqCXEpPxuEb success
[2025-11-05T06:35:27.571299000Z DEBUG solana_runtime::message_processor::stable_log] Program ATokenGPvbdGVxr1b2hvZbsiqW5xWH25efTNsLJA8knL invoke [1]
[2025-11-05T06:35:27.571384000Z DEBUG solana_runtime::message_processor::stable_log] Program log: Create
[2025-11-05T06:35:27.571465000Z DEBUG solana_runtime::message_processor::stable_log] Program TokenzQdBNbLqP5VEhdkAS6EPFLC1PHnBqCXEpPxuEb invoke [2]
[2025-11-05T06:35:27.571599000Z DEBUG solana_runtime::message_processor::stable_log] Program log: Instruction: GetAccountDataSize
[2025-11-05T06:35:27.571652000Z DEBUG solana_runtime::message_processor::stable_log] Program TokenzQdBNbLqP5VEhdkAS6EPFLC1PHnBqCXEpPxuEb consumed 2917 of 194642 compute units
[2025-11-05T06:35:27.571664000Z DEBUG solana_runtime::message_processor::stable_log] Program return: TokenzQdBNbLqP5VEhdkAS6EPFLC1PHnBqCXEpPxuEb tgAAAAAAAAA=
[2025-11-05T06:35:27.571674000Z DEBUG solana_runtime::message_processor::stable_log] Program TokenzQdBNbLqP5VEhdkAS6EPFLC1PHnBqCXEpPxuEb success
[2025-11-05T06:35:27.571737000Z DEBUG solana_runtime::message_processor::stable_log] Program 11111111111111111111111111111111 invoke [2]
[2025-11-05T06:35:27.571746000Z DEBUG solana_runtime::message_processor::stable_log] Program 11111111111111111111111111111111 success
[2025-11-05T06:35:27.571776000Z DEBUG solana_runtime::message_processor::stable_log] Program log: Initialize the associated token account
[2025-11-05T06:35:27.571796000Z DEBUG solana_runtime::message_processor::stable_log] Program TokenzQdBNbLqP5VEhdkAS6EPFLC1PHnBqCXEpPxuEb invoke [2]
[2025-11-05T06:35:27.571825000Z DEBUG solana_runtime::message_processor::stable_log] Program log: Instruction: InitializeImmutableOwner
[2025-11-05T06:35:27.571854000Z DEBUG solana_runtime::message_processor::stable_log] Program TokenzQdBNbLqP5VEhdkAS6EPFLC1PHnBqCXEpPxuEb consumed 1924 of 186795 compute units
[2025-11-05T06:35:27.571866000Z DEBUG solana_runtime::message_processor::stable_log] Program TokenzQdBNbLqP5VEhdkAS6EPFLC1PHnBqCXEpPxuEb success
[2025-11-05T06:35:27.571903000Z DEBUG solana_runtime::message_processor::stable_log] Program TokenzQdBNbLqP5VEhdkAS6EPFLC1PHnBqCXEpPxuEb invoke [2]
[2025-11-05T06:35:27.571933000Z DEBUG solana_runtime::message_processor::stable_log] Program log: Instruction: InitializeAccount3
[2025-11-05T06:35:27.572028000Z DEBUG solana_runtime::message_processor::stable_log] Program TokenzQdBNbLqP5VEhdkAS6EPFLC1PHnBqCXEpPxuEb consumed 5446 of 182481 compute units
[2025-11-05T06:35:27.572039000Z DEBUG solana_runtime::message_processor::stable_log] Program TokenzQdBNbLqP5VEhdkAS6EPFLC1PHnBqCXEpPxuEb success
[2025-11-05T06:35:27.572053000Z DEBUG solana_runtime::message_processor::stable_log] Program ATokenGPvbdGVxr1b2hvZbsiqW5xWH25efTNsLJA8knL consumed 23269 of 200000 compute units
[2025-11-05T06:35:27.572064000Z DEBUG solana_runtime::message_processor::stable_log] Program ATokenGPvbdGVxr1b2hvZbsiqW5xWH25efTNsLJA8knL success
[2025-11-05T06:35:27.575763000Z DEBUG solana_runtime::message_processor::stable_log] Program TokenzQdBNbLqP5VEhdkAS6EPFLC1PHnBqCXEpPxuEb invoke [1]
[2025-11-05T06:35:27.575819000Z DEBUG solana_runtime::message_processor::stable_log] Program log: Instruction: MintTo
[2025-11-05T06:35:27.575906000Z DEBUG solana_runtime::message_processor::stable_log] Program TokenzQdBNbLqP5VEhdkAS6EPFLC1PHnBqCXEpPxuEb consumed 5403 of 200000 compute units
[2025-11-05T06:35:27.575922000Z DEBUG solana_runtime::message_processor::stable_log] Program TokenzQdBNbLqP5VEhdkAS6EPFLC1PHnBqCXEpPxuEb success
[2025-11-05T06:35:27.581323000Z DEBUG solana_runtime::message_processor::stable_log] Program ATokenGPvbdGVxr1b2hvZbsiqW5xWH25efTNsLJA8knL invoke [1]
[2025-11-05T06:35:27.581496000Z DEBUG solana_runtime::message_processor::stable_log] Program log: Create
[2025-11-05T06:35:27.581562000Z DEBUG solana_runtime::message_processor::stable_log] Program TokenzQdBNbLqP5VEhdkAS6EPFLC1PHnBqCXEpPxuEb invoke [2]
[2025-11-05T06:35:27.581597000Z DEBUG solana_runtime::message_processor::stable_log] Program log: Instruction: GetAccountDataSize
[2025-11-05T06:35:27.581642000Z DEBUG solana_runtime::message_processor::stable_log] Program TokenzQdBNbLqP5VEhdkAS6EPFLC1PHnBqCXEpPxuEb consumed 2917 of 193142 compute units
[2025-11-05T06:35:27.581650000Z DEBUG solana_runtime::message_processor::stable_log] Program return: TokenzQdBNbLqP5VEhdkAS6EPFLC1PHnBqCXEpPxuEb tgAAAAAAAAA=
[2025-11-05T06:35:27.581660000Z DEBUG solana_runtime::message_processor::stable_log] Program TokenzQdBNbLqP5VEhdkAS6EPFLC1PHnBqCXEpPxuEb success
[2025-11-05T06:35:27.581721000Z DEBUG solana_runtime::message_processor::stable_log] Program 11111111111111111111111111111111 invoke [2]
[2025-11-05T06:35:27.581731000Z DEBUG solana_runtime::message_processor::stable_log] Program 11111111111111111111111111111111 success
[2025-11-05T06:35:27.581737000Z DEBUG solana_runtime::message_processor::stable_log] Program log: Initialize the associated token account
[2025-11-05T06:35:27.581759000Z DEBUG solana_runtime::message_processor::stable_log] Program TokenzQdBNbLqP5VEhdkAS6EPFLC1PHnBqCXEpPxuEb invoke [2]
[2025-11-05T06:35:27.581807000Z DEBUG solana_runtime::message_processor::stable_log] Program log: Instruction: InitializeImmutableOwner
[2025-11-05T06:35:27.581835000Z DEBUG solana_runtime::message_processor::stable_log] Program TokenzQdBNbLqP5VEhdkAS6EPFLC1PHnBqCXEpPxuEb consumed 1924 of 185295 compute units
[2025-11-05T06:35:27.581843000Z DEBUG solana_runtime::message_processor::stable_log] Program TokenzQdBNbLqP5VEhdkAS6EPFLC1PHnBqCXEpPxuEb success
[2025-11-05T06:35:27.581880000Z DEBUG solana_runtime::message_processor::stable_log] Program TokenzQdBNbLqP5VEhdkAS6EPFLC1PHnBqCXEpPxuEb invoke [2]
[2025-11-05T06:35:27.581914000Z DEBUG solana_runtime::message_processor::stable_log] Program log: Instruction: InitializeAccount3
[2025-11-05T06:35:27.582005000Z DEBUG solana_runtime::message_processor::stable_log] Program TokenzQdBNbLqP5VEhdkAS6EPFLC1PHnBqCXEpPxuEb consumed 5446 of 180981 compute units
[2025-11-05T06:35:27.582014000Z DEBUG solana_runtime::message_processor::stable_log] Program TokenzQdBNbLqP5VEhdkAS6EPFLC1PHnBqCXEpPxuEb success
[2025-11-05T06:35:27.582028000Z DEBUG solana_runtime::message_processor::stable_log] Program ATokenGPvbdGVxr1b2hvZbsiqW5xWH25efTNsLJA8knL consumed 24769 of 200000 compute units
[2025-11-05T06:35:27.582037000Z DEBUG solana_runtime::message_processor::stable_log] Program ATokenGPvbdGVxr1b2hvZbsiqW5xWH25efTNsLJA8knL success
[2025-11-05T06:35:27.586041000Z DEBUG solana_runtime::message_processor::stable_log] Program TokenzQdBNbLqP5VEhdkAS6EPFLC1PHnBqCXEpPxuEb invoke [1]
[2025-11-05T06:35:27.586104000Z DEBUG solana_runtime::message_processor::stable_log] Program log: Instruction: MintTo
[2025-11-05T06:35:27.586190000Z DEBUG solana_runtime::message_processor::stable_log] Program TokenzQdBNbLqP5VEhdkAS6EPFLC1PHnBqCXEpPxuEb consumed 5403 of 200000 compute units
[2025-11-05T06:35:27.586200000Z DEBUG solana_runtime::message_processor::stable_log] Program TokenzQdBNbLqP5VEhdkAS6EPFLC1PHnBqCXEpPxuEb success
[2025-11-05T06:35:27.591481000Z DEBUG solana_runtime::message_processor::stable_log] Program ATokenGPvbdGVxr1b2hvZbsiqW5xWH25efTNsLJA8knL invoke [1]
[2025-11-05T06:35:27.591550000Z DEBUG solana_runtime::message_processor::stable_log] Program log: Create
[2025-11-05T06:35:27.591601000Z DEBUG solana_runtime::message_processor::stable_log] Program TokenzQdBNbLqP5VEhdkAS6EPFLC1PHnBqCXEpPxuEb invoke [2]
[2025-11-05T06:35:27.591634000Z DEBUG solana_runtime::message_processor::stable_log] Program log: Instruction: GetAccountDataSize
[2025-11-05T06:35:27.591679000Z DEBUG solana_runtime::message_processor::stable_log] Program TokenzQdBNbLqP5VEhdkAS6EPFLC1PHnBqCXEpPxuEb consumed 2917 of 194642 compute units
[2025-11-05T06:35:27.591686000Z DEBUG solana_runtime::message_processor::stable_log] Program return: TokenzQdBNbLqP5VEhdkAS6EPFLC1PHnBqCXEpPxuEb tgAAAAAAAAA=
[2025-11-05T06:35:27.591695000Z DEBUG solana_runtime::message_processor::stable_log] Program TokenzQdBNbLqP5VEhdkAS6EPFLC1PHnBqCXEpPxuEb success
[2025-11-05T06:35:27.591755000Z DEBUG solana_runtime::message_processor::stable_log] Program 11111111111111111111111111111111 invoke [2]
[2025-11-05T06:35:27.591764000Z DEBUG solana_runtime::message_processor::stable_log] Program 11111111111111111111111111111111 success
[2025-11-05T06:35:27.591772000Z DEBUG solana_runtime::message_processor::stable_log] Program log: Initialize the associated token account
[2025-11-05T06:35:27.591791000Z DEBUG solana_runtime::message_processor::stable_log] Program TokenzQdBNbLqP5VEhdkAS6EPFLC1PHnBqCXEpPxuEb invoke [2]
[2025-11-05T06:35:27.591815000Z DEBUG solana_runtime::message_processor::stable_log] Program log: Instruction: InitializeImmutableOwner
[2025-11-05T06:35:27.591840000Z DEBUG solana_runtime::message_processor::stable_log] Program TokenzQdBNbLqP5VEhdkAS6EPFLC1PHnBqCXEpPxuEb consumed 1924 of 186795 compute units
[2025-11-05T06:35:27.591848000Z DEBUG solana_runtime::message_processor::stable_log] Program TokenzQdBNbLqP5VEhdkAS6EPFLC1PHnBqCXEpPxuEb success
[2025-11-05T06:35:27.591883000Z DEBUG solana_runtime::message_processor::stable_log] Program TokenzQdBNbLqP5VEhdkAS6EPFLC1PHnBqCXEpPxuEb invoke [2]
[2025-11-05T06:35:27.591912000Z DEBUG solana_runtime::message_processor::stable_log] Program log: Instruction: InitializeAccount3
[2025-11-05T06:35:27.592004000Z DEBUG solana_runtime::message_processor::stable_log] Program TokenzQdBNbLqP5VEhdkAS6EPFLC1PHnBqCXEpPxuEb consumed 5446 of 182481 compute units
[2025-11-05T06:35:27.592015000Z DEBUG solana_runtime::message_processor::stable_log] Program TokenzQdBNbLqP5VEhdkAS6EPFLC1PHnBqCXEpPxuEb success
[2025-11-05T06:35:27.592029000Z DEBUG solana_runtime::message_processor::stable_log] Program ATokenGPvbdGVxr1b2hvZbsiqW5xWH25efTNsLJA8knL consumed 23269 of 200000 compute units
[2025-11-05T06:35:27.592038000Z DEBUG solana_runtime::message_processor::stable_log] Program ATokenGPvbdGVxr1b2hvZbsiqW5xWH25efTNsLJA8knL success
[2025-11-05T06:35:27.595930000Z DEBUG solana_runtime::message_processor::stable_log] Program TokenzQdBNbLqP5VEhdkAS6EPFLC1PHnBqCXEpPxuEb invoke [1]
[2025-11-05T06:35:27.595991000Z DEBUG solana_runtime::message_processor::stable_log] Program log: Instruction: MintTo
[2025-11-05T06:35:27.596083000Z DEBUG solana_runtime::message_processor::stable_log] Program TokenzQdBNbLqP5VEhdkAS6EPFLC1PHnBqCXEpPxuEb consumed 5403 of 200000 compute units
[2025-11-05T06:35:27.596094000Z DEBUG solana_runtime::message_processor::stable_log] Program TokenzQdBNbLqP5VEhdkAS6EPFLC1PHnBqCXEpPxuEb success
[2025-11-05T06:35:27.602041000Z DEBUG solana_runtime::message_processor::stable_log] Program ATokenGPvbdGVxr1b2hvZbsiqW5xWH25efTNsLJA8knL invoke [1]
[2025-11-05T06:35:27.602131000Z DEBUG solana_runtime::message_processor::stable_log] Program log: Create
[2025-11-05T06:35:27.602208000Z DEBUG solana_runtime::message_processor::stable_log] Program TokenzQdBNbLqP5VEhdkAS6EPFLC1PHnBqCXEpPxuEb invoke [2]
[2025-11-05T06:35:27.602256000Z DEBUG solana_runtime::message_processor::stable_log] Program log: Instruction: GetAccountDataSize
[2025-11-05T06:35:27.602312000Z DEBUG solana_runtime::message_processor::stable_log] Program TokenzQdBNbLqP5VEhdkAS6EPFLC1PHnBqCXEpPxuEb consumed 2917 of 190142 compute units
[2025-11-05T06:35:27.602325000Z DEBUG solana_runtime::message_processor::stable_log] Program return: TokenzQdBNbLqP5VEhdkAS6EPFLC1PHnBqCXEpPxuEb tgAAAAAAAAA=
[2025-11-05T06:35:27.602335000Z DEBUG solana_runtime::message_processor::stable_log] Program TokenzQdBNbLqP5VEhdkAS6EPFLC1PHnBqCXEpPxuEb success
[2025-11-05T06:35:27.602397000Z DEBUG solana_runtime::message_processor::stable_log] Program 11111111111111111111111111111111 invoke [2]
[2025-11-05T06:35:27.602406000Z DEBUG solana_runtime::message_processor::stable_log] Program 11111111111111111111111111111111 success
[2025-11-05T06:35:27.602412000Z DEBUG solana_runtime::message_processor::stable_log] Program log: Initialize the associated token account
[2025-11-05T06:35:27.602432000Z DEBUG solana_runtime::message_processor::stable_log] Program TokenzQdBNbLqP5VEhdkAS6EPFLC1PHnBqCXEpPxuEb invoke [2]
[2025-11-05T06:35:27.602456000Z DEBUG solana_runtime::message_processor::stable_log] Program log: Instruction: InitializeImmutableOwner
[2025-11-05T06:35:27.602484000Z DEBUG solana_runtime::message_processor::stable_log] Program TokenzQdBNbLqP5VEhdkAS6EPFLC1PHnBqCXEpPxuEb consumed 1924 of 182295 compute units
[2025-11-05T06:35:27.602493000Z DEBUG solana_runtime::message_processor::stable_log] Program TokenzQdBNbLqP5VEhdkAS6EPFLC1PHnBqCXEpPxuEb success
[2025-11-05T06:35:27.602530000Z DEBUG solana_runtime::message_processor::stable_log] Program TokenzQdBNbLqP5VEhdkAS6EPFLC1PHnBqCXEpPxuEb invoke [2]
[2025-11-05T06:35:27.602560000Z DEBUG solana_runtime::message_processor::stable_log] Program log: Instruction: InitializeAccount3
[2025-11-05T06:35:27.602655000Z DEBUG solana_runtime::message_processor::stable_log] Program TokenzQdBNbLqP5VEhdkAS6EPFLC1PHnBqCXEpPxuEb consumed 5446 of 177981 compute units
[2025-11-05T06:35:27.602663000Z DEBUG solana_runtime::message_processor::stable_log] Program TokenzQdBNbLqP5VEhdkAS6EPFLC1PHnBqCXEpPxuEb success
[2025-11-05T06:35:27.602677000Z DEBUG solana_runtime::message_processor::stable_log] Program ATokenGPvbdGVxr1b2hvZbsiqW5xWH25efTNsLJA8knL consumed 27769 of 200000 compute units
[2025-11-05T06:35:27.602687000Z DEBUG solana_runtime::message_processor::stable_log] Program ATokenGPvbdGVxr1b2hvZbsiqW5xWH25efTNsLJA8knL success
[2025-11-05T06:35:27.606520000Z DEBUG solana_runtime::message_processor::stable_log] Program TokenzQdBNbLqP5VEhdkAS6EPFLC1PHnBqCXEpPxuEb invoke [1]
[2025-11-05T06:35:27.606569000Z DEBUG solana_runtime::message_processor::stable_log] Program log: Instruction: MintTo
[2025-11-05T06:35:27.606651000Z DEBUG solana_runtime::message_processor::stable_log] Program TokenzQdBNbLqP5VEhdkAS6EPFLC1PHnBqCXEpPxuEb consumed 5403 of 200000 compute units
[2025-11-05T06:35:27.606660000Z DEBUG solana_runtime::message_processor::stable_log] Program TokenzQdBNbLqP5VEhdkAS6EPFLC1PHnBqCXEpPxuEb success
[2025-11-05T06:35:27.612406000Z DEBUG solana_runtime::message_processor::stable_log] Program ATokenGPvbdGVxr1b2hvZbsiqW5xWH25efTNsLJA8knL invoke [1]
[2025-11-05T06:35:27.612492000Z DEBUG solana_runtime::message_processor::stable_log] Program log: Create
[2025-11-05T06:35:27.612546000Z DEBUG solana_runtime::message_processor::stable_log] Program TokenzQdBNbLqP5VEhdkAS6EPFLC1PHnBqCXEpPxuEb invoke [2]
[2025-11-05T06:35:27.612600000Z DEBUG solana_runtime::message_processor::stable_log] Program log: Instruction: GetAccountDataSize
[2025-11-05T06:35:27.612648000Z DEBUG solana_runtime::message_processor::stable_log] Program TokenzQdBNbLqP5VEhdkAS6EPFLC1PHnBqCXEpPxuEb consumed 2917 of 194642 compute units
[2025-11-05T06:35:27.612657000Z DEBUG solana_runtime::message_processor::stable_log] Program return: TokenzQdBNbLqP5VEhdkAS6EPFLC1PHnBqCXEpPxuEb tgAAAAAAAAA=
[2025-11-05T06:35:27.612666000Z DEBUG solana_runtime::message_processor::stable_log] Program TokenzQdBNbLqP5VEhdkAS6EPFLC1PHnBqCXEpPxuEb success
[2025-11-05T06:35:27.612734000Z DEBUG solana_runtime::message_processor::stable_log] Program 11111111111111111111111111111111 invoke [2]
[2025-11-05T06:35:27.612745000Z DEBUG solana_runtime::message_processor::stable_log] Program 11111111111111111111111111111111 success
[2025-11-05T06:35:27.612751000Z DEBUG solana_runtime::message_processor::stable_log] Program log: Initialize the associated token account
[2025-11-05T06:35:27.612770000Z DEBUG solana_runtime::message_processor::stable_log] Program TokenzQdBNbLqP5VEhdkAS6EPFLC1PHnBqCXEpPxuEb invoke [2]
[2025-11-05T06:35:27.612794000Z DEBUG solana_runtime::message_processor::stable_log] Program log: Instruction: InitializeImmutableOwner
[2025-11-05T06:35:27.612823000Z DEBUG solana_runtime::message_processor::stable_log] Program TokenzQdBNbLqP5VEhdkAS6EPFLC1PHnBqCXEpPxuEb consumed 1924 of 186795 compute units
[2025-11-05T06:35:27.612832000Z DEBUG solana_runtime::message_processor::stable_log] Program TokenzQdBNbLqP5VEhdkAS6EPFLC1PHnBqCXEpPxuEb success
[2025-11-05T06:35:27.612868000Z DEBUG solana_runtime::message_processor::stable_log] Program TokenzQdBNbLqP5VEhdkAS6EPFLC1PHnBqCXEpPxuEb invoke [2]
[2025-11-05T06:35:27.612897000Z DEBUG solana_runtime::message_processor::stable_log] Program log: Instruction: InitializeAccount3
[2025-11-05T06:35:27.612992000Z DEBUG solana_runtime::message_processor::stable_log] Program TokenzQdBNbLqP5VEhdkAS6EPFLC1PHnBqCXEpPxuEb consumed 5446 of 182481 compute units
[2025-11-05T06:35:27.613000000Z DEBUG solana_runtime::message_processor::stable_log] Program TokenzQdBNbLqP5VEhdkAS6EPFLC1PHnBqCXEpPxuEb success
[2025-11-05T06:35:27.613014000Z DEBUG solana_runtime::message_processor::stable_log] Program ATokenGPvbdGVxr1b2hvZbsiqW5xWH25efTNsLJA8knL consumed 23269 of 200000 compute units
[2025-11-05T06:35:27.613024000Z DEBUG solana_runtime::message_processor::stable_log] Program ATokenGPvbdGVxr1b2hvZbsiqW5xWH25efTNsLJA8knL success
[2025-11-05T06:35:27.616948000Z DEBUG solana_runtime::message_processor::stable_log] Program TokenzQdBNbLqP5VEhdkAS6EPFLC1PHnBqCXEpPxuEb invoke [1]
[2025-11-05T06:35:27.617029000Z DEBUG solana_runtime::message_processor::stable_log] Program log: Instruction: MintTo
[2025-11-05T06:35:27.617123000Z DEBUG solana_runtime::message_processor::stable_log] Program TokenzQdBNbLqP5VEhdkAS6EPFLC1PHnBqCXEpPxuEb consumed 5403 of 200000 compute units
[2025-11-05T06:35:27.617133000Z DEBUG solana_runtime::message_processor::stable_log] Program TokenzQdBNbLqP5VEhdkAS6EPFLC1PHnBqCXEpPxuEb success
[2025-11-05T06:35:27.631035000Z DEBUG solana_runtime::message_processor::stable_log] Program ASmKWt93JEMHxbdE6j7znD9y2FcdPboCzC3xtSTJvN7S invoke [1]
[2025-11-05T06:35:27.631107000Z DEBUG solana_runtime::message_processor::stable_log] Program log: Instruction: CreateConfig
[2025-11-05T06:35:27.631209000Z DEBUG solana_runtime::message_processor::stable_log] Program 11111111111111111111111111111111 invoke [2]
[2025-11-05T06:35:27.631218000Z DEBUG solana_runtime::message_processor::stable_log] Program 11111111111111111111111111111111 success
[2025-11-05T06:35:27.631335000Z DEBUG solana_runtime::message_processor::stable_log] Program ASmKWt93JEMHxbdE6j7znD9y2FcdPboCzC3xtSTJvN7S invoke [2]
[2025-11-05T06:35:27.631377000Z DEBUG solana_runtime::message_processor::stable_log] Program ASmKWt93JEMHxbdE6j7znD9y2FcdPboCzC3xtSTJvN7S consumed 2069 of 184598 compute units
[2025-11-05T06:35:27.631387000Z DEBUG solana_runtime::message_processor::stable_log] Program ASmKWt93JEMHxbdE6j7znD9y2FcdPboCzC3xtSTJvN7S success
[2025-11-05T06:35:27.631403000Z DEBUG solana_runtime::message_processor::stable_log] Program ASmKWt93JEMHxbdE6j7znD9y2FcdPboCzC3xtSTJvN7S consumed 17776 of 200000 compute units
[2025-11-05T06:35:27.631412000Z DEBUG solana_runtime::message_processor::stable_log] Program ASmKWt93JEMHxbdE6j7znD9y2FcdPboCzC3xtSTJvN7S success
[2025-11-05T06:35:27.658207000Z DEBUG solana_runtime::message_processor::stable_log] Program ASmKWt93JEMHxbdE6j7znD9y2FcdPboCzC3xtSTJvN7S invoke [1]
[2025-11-05T06:35:27.658371000Z DEBUG solana_runtime::message_processor::stable_log] Program log: Instruction: InitializePool
[2025-11-05T06:35:27.658612000Z DEBUG solana_runtime::message_processor::stable_log] Program 11111111111111111111111111111111 invoke [2]
[2025-11-05T06:35:27.658624000Z DEBUG solana_runtime::message_processor::stable_log] Program 11111111111111111111111111111111 success
[2025-11-05T06:35:27.658663000Z DEBUG solana_runtime::message_processor::stable_log] Program TokenzQdBNbLqP5VEhdkAS6EPFLC1PHnBqCXEpPxuEb invoke [2]
[2025-11-05T06:35:27.658718000Z DEBUG solana_runtime::message_processor::stable_log] Program log: MetadataPointerInstruction::Initialize
[2025-11-05T06:35:27.658759000Z DEBUG solana_runtime::message_processor::stable_log] Program TokenzQdBNbLqP5VEhdkAS6EPFLC1PHnBqCXEpPxuEb consumed 2442 of 334481 compute units
[2025-11-05T06:35:27.658772000Z DEBUG solana_runtime::message_processor::stable_log] Program TokenzQdBNbLqP5VEhdkAS6EPFLC1PHnBqCXEpPxuEb success
[2025-11-05T06:35:27.658807000Z DEBUG solana_runtime::message_processor::stable_log] Program TokenzQdBNbLqP5VEhdkAS6EPFLC1PHnBqCXEpPxuEb invoke [2]
[2025-11-05T06:35:27.658836000Z DEBUG solana_runtime::message_processor::stable_log] Program log: Instruction: InitializeMintCloseAuthority
[2025-11-05T06:35:27.658872000Z DEBUG solana_runtime::message_processor::stable_log] Program TokenzQdBNbLqP5VEhdkAS6EPFLC1PHnBqCXEpPxuEb consumed 2570 of 330061 compute units
[2025-11-05T06:35:27.658883000Z DEBUG solana_runtime::message_processor::stable_log] Program TokenzQdBNbLqP5VEhdkAS6EPFLC1PHnBqCXEpPxuEb success
[2025-11-05T06:35:27.658916000Z DEBUG solana_runtime::message_processor::stable_log] Program TokenzQdBNbLqP5VEhdkAS6EPFLC1PHnBqCXEpPxuEb invoke [2]
[2025-11-05T06:35:27.658940000Z DEBUG solana_runtime::message_processor::stable_log] Program log: Instruction: InitializeMint2
[2025-11-05T06:35:27.659006000Z DEBUG solana_runtime::message_processor::stable_log] Program TokenzQdBNbLqP5VEhdkAS6EPFLC1PHnBqCXEpPxuEb consumed 4078 of 325549 compute units
[2025-11-05T06:35:27.659016000Z DEBUG solana_runtime::message_processor::stable_log] Program TokenzQdBNbLqP5VEhdkAS6EPFLC1PHnBqCXEpPxuEb success
[2025-11-05T06:35:27.659159000Z DEBUG solana_runtime::message_processor::stable_log] Program 11111111111111111111111111111111 invoke [2]
[2025-11-05T06:35:27.659165000Z DEBUG solana_runtime::message_processor::stable_log] Program 11111111111111111111111111111111 success
[2025-11-05T06:35:27.659197000Z DEBUG solana_runtime::message_processor::stable_log] Program TokenzQdBNbLqP5VEhdkAS6EPFLC1PHnBqCXEpPxuEb invoke [2]
[2025-11-05T06:35:27.659230000Z DEBUG solana_runtime::message_processor::stable_log] Program log: Instruction: InitializeAccount3
[2025-11-05T06:35:27.659326000Z DEBUG solana_runtime::message_processor::stable_log] Program TokenzQdBNbLqP5VEhdkAS6EPFLC1PHnBqCXEpPxuEb consumed 5137 of 310365 compute units
[2025-11-05T06:35:27.659338000Z DEBUG solana_runtime::message_processor::stable_log] Program TokenzQdBNbLqP5VEhdkAS6EPFLC1PHnBqCXEpPxuEb success
[2025-11-05T06:35:27.659501000Z DEBUG solana_runtime::message_processor::stable_log] Program 11111111111111111111111111111111 invoke [2]
[2025-11-05T06:35:27.659512000Z DEBUG solana_runtime::message_processor::stable_log] Program 11111111111111111111111111111111 success
[2025-11-05T06:35:27.659690000Z DEBUG solana_runtime::message_processor::stable_log] Program 11111111111111111111111111111111 invoke [2]
[2025-11-05T06:35:27.659697000Z DEBUG solana_runtime::message_processor::stable_log] Program 11111111111111111111111111111111 success
[2025-11-05T06:35:27.659805000Z DEBUG solana_runtime::message_processor::stable_log] Program 11111111111111111111111111111111 invoke [2]
[2025-11-05T06:35:27.659809000Z DEBUG solana_runtime::message_processor::stable_log] Program 11111111111111111111111111111111 success
[2025-11-05T06:35:27.659840000Z DEBUG solana_runtime::message_processor::stable_log] Program TokenzQdBNbLqP5VEhdkAS6EPFLC1PHnBqCXEpPxuEb invoke [2]
[2025-11-05T06:35:27.659878000Z DEBUG solana_runtime::message_processor::stable_log] Program log: Instruction: InitializeAccount3
[2025-11-05T06:35:27.659975000Z DEBUG solana_runtime::message_processor::stable_log] Program TokenzQdBNbLqP5VEhdkAS6EPFLC1PHnBqCXEpPxuEb consumed 5379 of 279495 compute units
[2025-11-05T06:35:27.659985000Z DEBUG solana_runtime::message_processor::stable_log] Program TokenzQdBNbLqP5VEhdkAS6EPFLC1PHnBqCXEpPxuEb success
[2025-11-05T06:35:27.660121000Z DEBUG solana_runtime::message_processor::stable_log] Program 11111111111111111111111111111111 invoke [2]
[2025-11-05T06:35:27.660126000Z DEBUG solana_runtime::message_processor::stable_log] Program 11111111111111111111111111111111 success
[2025-11-05T06:35:27.660156000Z DEBUG solana_runtime::message_processor::stable_log] Program TokenzQdBNbLqP5VEhdkAS6EPFLC1PHnBqCXEpPxuEb invoke [2]
[2025-11-05T06:35:27.660184000Z DEBUG solana_runtime::message_processor::stable_log] Program log: Instruction: InitializeAccount3
[2025-11-05T06:35:27.660270000Z DEBUG solana_runtime::message_processor::stable_log] Program TokenzQdBNbLqP5VEhdkAS6EPFLC1PHnBqCXEpPxuEb consumed 5379 of 263910 compute units
[2025-11-05T06:35:27.660279000Z DEBUG solana_runtime::message_processor::stable_log] Program TokenzQdBNbLqP5VEhdkAS6EPFLC1PHnBqCXEpPxuEb success
[2025-11-05T06:35:27.660551000Z DEBUG solana_runtime::message_processor::stable_log] Program TokenzQdBNbLqP5VEhdkAS6EPFLC1PHnBqCXEpPxuEb invoke [2]
[2025-11-05T06:35:27.660606000Z DEBUG solana_runtime::message_processor::stable_log] Program log: TokenMetadataInstruction: Initialize
[2025-11-05T06:35:27.660743000Z DEBUG solana_runtime::message_processor::stable_log] Program TokenzQdBNbLqP5VEhdkAS6EPFLC1PHnBqCXEpPxuEb consumed 9900 of 244656 compute units
[2025-11-05T06:35:27.660754000Z DEBUG solana_runtime::message_processor::stable_log] Program TokenzQdBNbLqP5VEhdkAS6EPFLC1PHnBqCXEpPxuEb success
[2025-11-05T06:35:27.660803000Z DEBUG solana_runtime::message_processor::stable_log] Program 11111111111111111111111111111111 invoke [2]
[2025-11-05T06:35:27.660808000Z DEBUG solana_runtime::message_processor::stable_log] Program 11111111111111111111111111111111 success
[2025-11-05T06:35:27.660858000Z DEBUG solana_runtime::message_processor::stable_log] Program TokenzQdBNbLqP5VEhdkAS6EPFLC1PHnBqCXEpPxuEb invoke [2]
[2025-11-05T06:35:27.660890000Z DEBUG solana_runtime::message_processor::stable_log] Program log: Instruction: MintTo
[2025-11-05T06:35:27.661029000Z DEBUG solana_runtime::message_processor::stable_log] Program TokenzQdBNbLqP5VEhdkAS6EPFLC1PHnBqCXEpPxuEb consumed 5540 of 229694 compute units
[2025-11-05T06:35:27.661039000Z DEBUG solana_runtime::message_processor::stable_log] Program TokenzQdBNbLqP5VEhdkAS6EPFLC1PHnBqCXEpPxuEb success
[2025-11-05T06:35:27.661096000Z DEBUG solana_runtime::message_processor::stable_log] Program ASmKWt93JEMHxbdE6j7znD9y2FcdPboCzC3xtSTJvN7S invoke [2]
[2025-11-05T06:35:27.661134000Z DEBUG solana_runtime::message_processor::stable_log] Program ASmKWt93JEMHxbdE6j7znD9y2FcdPboCzC3xtSTJvN7S consumed 2069 of 221089 compute units
[2025-11-05T06:35:27.661142000Z DEBUG solana_runtime::message_processor::stable_log] Program ASmKWt93JEMHxbdE6j7znD9y2FcdPboCzC3xtSTJvN7S success
[2025-11-05T06:35:27.661228000Z DEBUG solana_runtime::message_processor::stable_log] Program TokenzQdBNbLqP5VEhdkAS6EPFLC1PHnBqCXEpPxuEb invoke [2]
[2025-11-05T06:35:27.661267000Z DEBUG solana_runtime::message_processor::stable_log] Program log: Instruction: TransferChecked
[2025-11-05T06:35:27.661408000Z DEBUG solana_runtime::message_processor::stable_log] Program TokenzQdBNbLqP5VEhdkAS6EPFLC1PHnBqCXEpPxuEb consumed 9156 of 214525 compute units
[2025-11-05T06:35:27.661417000Z DEBUG solana_runtime::message_processor::stable_log] Program TokenzQdBNbLqP5VEhdkAS6EPFLC1PHnBqCXEpPxuEb success
[2025-11-05T06:35:27.661465000Z DEBUG solana_runtime::message_processor::stable_log] Program TokenzQdBNbLqP5VEhdkAS6EPFLC1PHnBqCXEpPxuEb invoke [2]
[2025-11-05T06:35:27.661499000Z DEBUG solana_runtime::message_processor::stable_log] Program log: Instruction: TransferChecked
[2025-11-05T06:35:27.661636000Z DEBUG solana_runtime::message_processor::stable_log] Program TokenzQdBNbLqP5VEhdkAS6EPFLC1PHnBqCXEpPxuEb consumed 8762 of 202964 compute units
[2025-11-05T06:35:27.661646000Z DEBUG solana_runtime::message_processor::stable_log] Program TokenzQdBNbLqP5VEhdkAS6EPFLC1PHnBqCXEpPxuEb success
[2025-11-05T06:35:27.661730000Z DEBUG solana_runtime::message_processor::stable_log] Program ASmKWt93JEMHxbdE6j7znD9y2FcdPboCzC3xtSTJvN7S invoke [2]
[2025-11-05T06:35:27.661771000Z DEBUG solana_runtime::message_processor::stable_log] Program ASmKWt93JEMHxbdE6j7znD9y2FcdPboCzC3xtSTJvN7S consumed 2069 of 189121 compute units
[2025-11-05T06:35:27.661782000Z DEBUG solana_runtime::message_processor::stable_log] Program ASmKWt93JEMHxbdE6j7znD9y2FcdPboCzC3xtSTJvN7S success
[2025-11-05T06:35:27.661809000Z DEBUG solana_runtime::message_processor::stable_log] Program ASmKWt93JEMHxbdE6j7znD9y2FcdPboCzC3xtSTJvN7S consumed 163735 of 350000 compute units
[2025-11-05T06:35:27.661820000Z DEBUG solana_runtime::message_processor::stable_log] Program ASmKWt93JEMHxbdE6j7znD9y2FcdPboCzC3xtSTJvN7S success
[2025-11-05T06:35:27.661829000Z DEBUG solana_runtime::message_processor::stable_log] Program ComputeBudget111111111111111111111111111111 invoke [1]
[2025-11-05T06:35:27.661837000Z DEBUG solana_runtime::message_processor::stable_log] Program ComputeBudget111111111111111111111111111111 success
[2025-11-05T06:35:27.682178000Z DEBUG solana_runtime::message_processor::stable_log] Program ASmKWt93JEMHxbdE6j7znD9y2FcdPboCzC3xtSTJvN7S invoke [1]
[2025-11-05T06:35:27.682288000Z DEBUG solana_runtime::message_processor::stable_log] Program log: Instruction: CreatePosition
[2025-11-05T06:35:27.682367000Z DEBUG solana_runtime::message_processor::stable_log] Program 11111111111111111111111111111111 invoke [2]
[2025-11-05T06:35:27.682375000Z DEBUG solana_runtime::message_processor::stable_log] Program 11111111111111111111111111111111 success
[2025-11-05T06:35:27.682412000Z DEBUG solana_runtime::message_processor::stable_log] Program TokenzQdBNbLqP5VEhdkAS6EPFLC1PHnBqCXEpPxuEb invoke [2]
[2025-11-05T06:35:27.682451000Z DEBUG solana_runtime::message_processor::stable_log] Program log: MetadataPointerInstruction::Initialize
[2025-11-05T06:35:27.682498000Z DEBUG solana_runtime::message_processor::stable_log] Program TokenzQdBNbLqP5VEhdkAS6EPFLC1PHnBqCXEpPxuEb consumed 2442 of 191116 compute units
[2025-11-05T06:35:27.682514000Z DEBUG solana_runtime::message_processor::stable_log] Program TokenzQdBNbLqP5VEhdkAS6EPFLC1PHnBqCXEpPxuEb success
[2025-11-05T06:35:27.682547000Z DEBUG solana_runtime::message_processor::stable_log] Program TokenzQdBNbLqP5VEhdkAS6EPFLC1PHnBqCXEpPxuEb invoke [2]
[2025-11-05T06:35:27.682572000Z DEBUG solana_runtime::message_processor::stable_log] Program log: Instruction: InitializeMintCloseAuthority
[2025-11-05T06:35:27.682607000Z DEBUG solana_runtime::message_processor::stable_log] Program TokenzQdBNbLqP5VEhdkAS6EPFLC1PHnBqCXEpPxuEb consumed 2570 of 186696 compute units
[2025-11-05T06:35:27.682615000Z DEBUG solana_runtime::message_processor::stable_log] Program TokenzQdBNbLqP5VEhdkAS6EPFLC1PHnBqCXEpPxuEb success
[2025-11-05T06:35:27.682646000Z DEBUG solana_runtime::message_processor::stable_log] Program TokenzQdBNbLqP5VEhdkAS6EPFLC1PHnBqCXEpPxuEb invoke [2]
[2025-11-05T06:35:27.682672000Z DEBUG solana_runtime::message_processor::stable_log] Program log: Instruction: InitializeMint2
[2025-11-05T06:35:27.682786000Z DEBUG solana_runtime::message_processor::stable_log] Program TokenzQdBNbLqP5VEhdkAS6EPFLC1PHnBqCXEpPxuEb consumed 4078 of 182183 compute units
[2025-11-05T06:35:27.682797000Z DEBUG solana_runtime::message_processor::stable_log] Program TokenzQdBNbLqP5VEhdkAS6EPFLC1PHnBqCXEpPxuEb success
[2025-11-05T06:35:27.682934000Z DEBUG solana_runtime::message_processor::stable_log] Program 11111111111111111111111111111111 invoke [2]
[2025-11-05T06:35:27.682939000Z DEBUG solana_runtime::message_processor::stable_log] Program 11111111111111111111111111111111 success
[2025-11-05T06:35:27.682970000Z DEBUG solana_runtime::message_processor::stable_log] Program TokenzQdBNbLqP5VEhdkAS6EPFLC1PHnBqCXEpPxuEb invoke [2]
[2025-11-05T06:35:27.683002000Z DEBUG solana_runtime::message_processor::stable_log] Program log: Instruction: InitializeAccount3
[2025-11-05T06:35:27.683092000Z DEBUG solana_runtime::message_processor::stable_log] Program TokenzQdBNbLqP5VEhdkAS6EPFLC1PHnBqCXEpPxuEb consumed 5137 of 166999 compute units
[2025-11-05T06:35:27.683101000Z DEBUG solana_runtime::message_processor::stable_log] Program TokenzQdBNbLqP5VEhdkAS6EPFLC1PHnBqCXEpPxuEb success
[2025-11-05T06:35:27.683237000Z DEBUG solana_runtime::message_processor::stable_log] Program 11111111111111111111111111111111 invoke [2]
[2025-11-05T06:35:27.683248000Z DEBUG solana_runtime::message_processor::stable_log] Program 11111111111111111111111111111111 success
[2025-11-05T06:35:27.683362000Z DEBUG solana_runtime::message_processor::stable_log] Program TokenzQdBNbLqP5VEhdkAS6EPFLC1PHnBqCXEpPxuEb invoke [2]
[2025-11-05T06:35:27.683442000Z DEBUG solana_runtime::message_processor::stable_log] Program log: TokenMetadataInstruction: Initialize
[2025-11-05T06:35:27.683584000Z DEBUG solana_runtime::message_processor::stable_log] Program TokenzQdBNbLqP5VEhdkAS6EPFLC1PHnBqCXEpPxuEb consumed 9900 of 148769 compute units
[2025-11-05T06:35:27.683595000Z DEBUG solana_runtime::message_processor::stable_log] Program TokenzQdBNbLqP5VEhdkAS6EPFLC1PHnBqCXEpPxuEb success
[2025-11-05T06:35:27.683647000Z DEBUG solana_runtime::message_processor::stable_log] Program 11111111111111111111111111111111 invoke [2]
[2025-11-05T06:35:27.683652000Z DEBUG solana_runtime::message_processor::stable_log] Program 11111111111111111111111111111111 success
[2025-11-05T06:35:27.683698000Z DEBUG solana_runtime::message_processor::stable_log] Program TokenzQdBNbLqP5VEhdkAS6EPFLC1PHnBqCXEpPxuEb invoke [2]
[2025-11-05T06:35:27.683734000Z DEBUG solana_runtime::message_processor::stable_log] Program log: Instruction: MintTo
[2025-11-05T06:35:27.683823000Z DEBUG solana_runtime::message_processor::stable_log] Program TokenzQdBNbLqP5VEhdkAS6EPFLC1PHnBqCXEpPxuEb consumed 5540 of 133807 compute units
[2025-11-05T06:35:27.683833000Z DEBUG solana_runtime::message_processor::stable_log] Program TokenzQdBNbLqP5VEhdkAS6EPFLC1PHnBqCXEpPxuEb success
[2025-11-05T06:35:27.683889000Z DEBUG solana_runtime::message_processor::stable_log] Program ASmKWt93JEMHxbdE6j7znD9y2FcdPboCzC3xtSTJvN7S invoke [2]
[2025-11-05T06:35:27.683935000Z DEBUG solana_runtime::message_processor::stable_log] Program ASmKWt93JEMHxbdE6j7znD9y2FcdPboCzC3xtSTJvN7S consumed 2069 of 125201 compute units
[2025-11-05T06:35:27.683943000Z DEBUG solana_runtime::message_processor::stable_log] Program ASmKWt93JEMHxbdE6j7znD9y2FcdPboCzC3xtSTJvN7S success
[2025-11-05T06:35:27.683965000Z DEBUG solana_runtime::message_processor::stable_log] Program ASmKWt93JEMHxbdE6j7znD9y2FcdPboCzC3xtSTJvN7S consumed 77433 of 200000 compute units
[2025-11-05T06:35:27.683974000Z DEBUG solana_runtime::message_processor::stable_log] Program ASmKWt93JEMHxbdE6j7znD9y2FcdPboCzC3xtSTJvN7S success
[2025-11-05T06:35:27.714518000Z DEBUG solana_runtime::message_processor::stable_log] Program ASmKWt93JEMHxbdE6j7znD9y2FcdPboCzC3xtSTJvN7S invoke [1]
[2025-11-05T06:35:27.714635000Z DEBUG solana_runtime::message_processor::stable_log] Program log: Instruction: AddLiquidity
[2025-11-05T06:35:27.715002000Z DEBUG solana_runtime::message_processor::stable_log] Program TokenzQdBNbLqP5VEhdkAS6EPFLC1PHnBqCXEpPxuEb invoke [2]
[2025-11-05T06:35:27.715049000Z DEBUG solana_runtime::message_processor::stable_log] Program log: Instruction: TransferChecked
[2025-11-05T06:35:27.715226000Z DEBUG solana_runtime::message_processor::stable_log] Program TokenzQdBNbLqP5VEhdkAS6EPFLC1PHnBqCXEpPxuEb consumed 9167 of 176390 compute units
[2025-11-05T06:35:27.715239000Z DEBUG solana_runtime::message_processor::stable_log] Program TokenzQdBNbLqP5VEhdkAS6EPFLC1PHnBqCXEpPxuEb success
[2025-11-05T06:35:27.715288000Z DEBUG solana_runtime::message_processor::stable_log] Program TokenzQdBNbLqP5VEhdkAS6EPFLC1PHnBqCXEpPxuEb invoke [2]
[2025-11-05T06:35:27.715323000Z DEBUG solana_runtime::message_processor::stable_log] Program log: Instruction: TransferChecked
[2025-11-05T06:35:27.715458000Z DEBUG solana_runtime::message_processor::stable_log] Program TokenzQdBNbLqP5VEhdkAS6EPFLC1PHnBqCXEpPxuEb consumed 8762 of 164818 compute units
[2025-11-05T06:35:27.715574000Z DEBUG solana_runtime::message_processor::stable_log] Program TokenzQdBNbLqP5VEhdkAS6EPFLC1PHnBqCXEpPxuEb success
[2025-11-05T06:35:27.715632000Z DEBUG solana_runtime::message_processor::stable_log] Program ASmKWt93JEMHxbdE6j7znD9y2FcdPboCzC3xtSTJvN7S invoke [2]
[2025-11-05T06:35:27.715677000Z DEBUG solana_runtime::message_processor::stable_log] Program ASmKWt93JEMHxbdE6j7znD9y2FcdPboCzC3xtSTJvN7S consumed 2069 of 152802 compute units
[2025-11-05T06:35:27.715691000Z DEBUG solana_runtime::message_processor::stable_log] Program ASmKWt93JEMHxbdE6j7znD9y2FcdPboCzC3xtSTJvN7S success
[2025-11-05T06:35:27.715799000Z DEBUG solana_runtime::message_processor::stable_log] Program ASmKWt93JEMHxbdE6j7znD9y2FcdPboCzC3xtSTJvN7S invoke [2]
[2025-11-05T06:35:27.715839000Z DEBUG solana_runtime::message_processor::stable_log] Program ASmKWt93JEMHxbdE6j7znD9y2FcdPboCzC3xtSTJvN7S consumed 2069 of 144399 compute units
[2025-11-05T06:35:27.715853000Z DEBUG solana_runtime::message_processor::stable_log] Program ASmKWt93JEMHxbdE6j7znD9y2FcdPboCzC3xtSTJvN7S success
[2025-11-05T06:35:27.715879000Z DEBUG solana_runtime::message_processor::stable_log] Program ASmKWt93JEMHxbdE6j7znD9y2FcdPboCzC3xtSTJvN7S consumed 58311 of 200000 compute units
[2025-11-05T06:35:27.715893000Z DEBUG solana_runtime::message_processor::stable_log] Program ASmKWt93JEMHxbdE6j7znD9y2FcdPboCzC3xtSTJvN7S success
[2025-11-05T06:35:27.728072000Z DEBUG solana_runtime::message_processor::stable_log] Program ASmKWt93JEMHxbdE6j7znD9y2FcdPboCzC3xtSTJvN7S invoke [1]
[2025-11-05T06:35:27.728169000Z DEBUG solana_runtime::message_processor::stable_log] Program log: Instruction: InitializeReward
[2025-11-05T06:35:27.728333000Z DEBUG solana_runtime::message_processor::stable_log] Program 11111111111111111111111111111111 invoke [2]
[2025-11-05T06:35:27.728344000Z DEBUG solana_runtime::message_processor::stable_log] Program 11111111111111111111111111111111 success
[2025-11-05T06:35:27.728385000Z DEBUG solana_runtime::message_processor::stable_log] Program TokenzQdBNbLqP5VEhdkAS6EPFLC1PHnBqCXEpPxuEb invoke [2]
[2025-11-05T06:35:27.728427000Z DEBUG solana_runtime::message_processor::stable_log] Program log: Instruction: InitializeAccount3
[2025-11-05T06:35:27.728530000Z DEBUG solana_runtime::message_processor::stable_log] Program TokenzQdBNbLqP5VEhdkAS6EPFLC1PHnBqCXEpPxuEb consumed 5379 of 184806 compute units
[2025-11-05T06:35:27.728541000Z DEBUG solana_runtime::message_processor::stable_log] Program TokenzQdBNbLqP5VEhdkAS6EPFLC1PHnBqCXEpPxuEb success
[2025-11-05T06:35:27.728687000Z DEBUG solana_runtime::message_processor::stable_log] Program ASmKWt93JEMHxbdE6j7znD9y2FcdPboCzC3xtSTJvN7S invoke [2]
[2025-11-05T06:35:27.728730000Z DEBUG solana_runtime::message_processor::stable_log] Program ASmKWt93JEMHxbdE6j7znD9y2FcdPboCzC3xtSTJvN7S consumed 2069 of 171647 compute units
[2025-11-05T06:35:27.728740000Z DEBUG solana_runtime::message_processor::stable_log] Program ASmKWt93JEMHxbdE6j7znD9y2FcdPboCzC3xtSTJvN7S success
[2025-11-05T06:35:27.728760000Z DEBUG solana_runtime::message_processor::stable_log] Program ASmKWt93JEMHxbdE6j7znD9y2FcdPboCzC3xtSTJvN7S consumed 30838 of 200000 compute units
[2025-11-05T06:35:27.728770000Z DEBUG solana_runtime::message_processor::stable_log] Program ASmKWt93JEMHxbdE6j7znD9y2FcdPboCzC3xtSTJvN7S success
[2025-11-05T06:35:27.745218000Z DEBUG solana_runtime::message_processor::stable_log] Program ASmKWt93JEMHxbdE6j7znD9y2FcdPboCzC3xtSTJvN7S invoke [1]
[2025-11-05T06:35:27.745291000Z DEBUG solana_runtime::message_processor::stable_log] Program log: Instruction: UpdateRewardDuration
[2025-11-05T06:35:27.745369000Z DEBUG solana_runtime::message_processor::stable_log] Program ASmKWt93JEMHxbdE6j7znD9y2FcdPboCzC3xtSTJvN7S invoke [2]
[2025-11-05T06:35:27.745417000Z DEBUG solana_runtime::message_processor::stable_log] Program ASmKWt93JEMHxbdE6j7znD9y2FcdPboCzC3xtSTJvN7S consumed 2069 of 194155 compute units
[2025-11-05T06:35:27.745427000Z DEBUG solana_runtime::message_processor::stable_log] Program ASmKWt93JEMHxbdE6j7znD9y2FcdPboCzC3xtSTJvN7S success
[2025-11-05T06:35:27.745446000Z DEBUG solana_runtime::message_processor::stable_log] Program ASmKWt93JEMHxbdE6j7znD9y2FcdPboCzC3xtSTJvN7S consumed 8198 of 200000 compute units
[2025-11-05T06:35:27.745456000Z DEBUG solana_runtime::message_processor::stable_log] Program ASmKWt93JEMHxbdE6j7znD9y2FcdPboCzC3xtSTJvN7S success
[2025-11-05T06:35:27.761444000Z DEBUG solana_runtime::message_processor::stable_log] Program ASmKWt93JEMHxbdE6j7znD9y2FcdPboCzC3xtSTJvN7S invoke [1]
[2025-11-05T06:35:27.761513000Z DEBUG solana_runtime::message_processor::stable_log] Program log: Instruction: UpdateRewardFunder
[2025-11-05T06:35:27.761596000Z DEBUG solana_runtime::message_processor::stable_log] Program ASmKWt93JEMHxbdE6j7znD9y2FcdPboCzC3xtSTJvN7S invoke [2]
[2025-11-05T06:35:27.761639000Z DEBUG solana_runtime::message_processor::stable_log] Program ASmKWt93JEMHxbdE6j7znD9y2FcdPboCzC3xtSTJvN7S consumed 2069 of 193848 compute units
[2025-11-05T06:35:27.761649000Z DEBUG solana_runtime::message_processor::stable_log] Program ASmKWt93JEMHxbdE6j7znD9y2FcdPboCzC3xtSTJvN7S success
[2025-11-05T06:35:27.761666000Z DEBUG solana_runtime::message_processor::stable_log] Program ASmKWt93JEMHxbdE6j7znD9y2FcdPboCzC3xtSTJvN7S consumed 8505 of 200000 compute units
[2025-11-05T06:35:27.761676000Z DEBUG solana_runtime::message_processor::stable_log] Program ASmKWt93JEMHxbdE6j7znD9y2FcdPboCzC3xtSTJvN7S success
fund reward
[2025-11-05T06:35:27.783716000Z DEBUG solana_runtime::message_processor::stable_log] Program ASmKWt93JEMHxbdE6j7znD9y2FcdPboCzC3xtSTJvN7S invoke [1]
[2025-11-05T06:35:27.783862000Z DEBUG solana_runtime::message_processor::stable_log] Program log: Instruction: FundReward
[2025-11-05T06:35:27.784075000Z DEBUG solana_runtime::message_processor::stable_log] Program TokenzQdBNbLqP5VEhdkAS6EPFLC1PHnBqCXEpPxuEb invoke [2]
[2025-11-05T06:35:27.784140000Z DEBUG solana_runtime::message_processor::stable_log] Program log: Instruction: TransferChecked
[2025-11-05T06:35:27.784478000Z DEBUG solana_runtime::message_processor::stable_log] Program TokenzQdBNbLqP5VEhdkAS6EPFLC1PHnBqCXEpPxuEb consumed 9156 of 186655 compute units
[2025-11-05T06:35:27.784503000Z DEBUG solana_runtime::message_processor::stable_log] Program TokenzQdBNbLqP5VEhdkAS6EPFLC1PHnBqCXEpPxuEb success
[2025-11-05T06:35:27.784600000Z DEBUG solana_runtime::message_processor::stable_log] Program ASmKWt93JEMHxbdE6j7znD9y2FcdPboCzC3xtSTJvN7S invoke [2]
[2025-11-05T06:35:27.784673000Z DEBUG solana_runtime::message_processor::stable_log] Program ASmKWt93JEMHxbdE6j7znD9y2FcdPboCzC3xtSTJvN7S consumed 2069 of 174303 compute units
[2025-11-05T06:35:27.784692000Z DEBUG solana_runtime::message_processor::stable_log] Program ASmKWt93JEMHxbdE6j7znD9y2FcdPboCzC3xtSTJvN7S success
[2025-11-05T06:35:27.784713000Z DEBUG solana_runtime::message_processor::stable_log] Program ASmKWt93JEMHxbdE6j7znD9y2FcdPboCzC3xtSTJvN7S consumed 28158 of 200000 compute units
[2025-11-05T06:35:27.784726000Z DEBUG solana_runtime::message_processor::stable_log] Program ASmKWt93JEMHxbdE6j7znD9y2FcdPboCzC3xtSTJvN7S success
[2025-11-05T06:35:27.805389000Z DEBUG solana_runtime::message_processor::stable_log] Program ATokenGPvbdGVxr1b2hvZbsiqW5xWH25efTNsLJA8knL invoke [1]
[2025-11-05T06:35:27.805476000Z DEBUG solana_runtime::message_processor::stable_log] Program log: Create
[2025-11-05T06:35:27.805584000Z DEBUG solana_runtime::message_processor::stable_log] Program TokenzQdBNbLqP5VEhdkAS6EPFLC1PHnBqCXEpPxuEb invoke [2]
[2025-11-05T06:35:27.805622000Z DEBUG solana_runtime::message_processor::stable_log] Program log: Instruction: GetAccountDataSize
[2025-11-05T06:35:27.805666000Z DEBUG solana_runtime::message_processor::stable_log] Program TokenzQdBNbLqP5VEhdkAS6EPFLC1PHnBqCXEpPxuEb consumed 2917 of 190220 compute units
[2025-11-05T06:35:27.805674000Z DEBUG solana_runtime::message_processor::stable_log] Program return: TokenzQdBNbLqP5VEhdkAS6EPFLC1PHnBqCXEpPxuEb tgAAAAAAAAA=
[2025-11-05T06:35:27.805683000Z DEBUG solana_runtime::message_processor::stable_log] Program TokenzQdBNbLqP5VEhdkAS6EPFLC1PHnBqCXEpPxuEb success
[2025-11-05T06:35:27.805739000Z DEBUG solana_runtime::message_processor::stable_log] Program 11111111111111111111111111111111 invoke [2]
[2025-11-05T06:35:27.805748000Z DEBUG solana_runtime::message_processor::stable_log] Program 11111111111111111111111111111111 success
[2025-11-05T06:35:27.805753000Z DEBUG solana_runtime::message_processor::stable_log] Program log: Initialize the associated token account
[2025-11-05T06:35:27.805770000Z DEBUG solana_runtime::message_processor::stable_log] Program TokenzQdBNbLqP5VEhdkAS6EPFLC1PHnBqCXEpPxuEb invoke [2]
[2025-11-05T06:35:27.805791000Z DEBUG solana_runtime::message_processor::stable_log] Program log: Instruction: InitializeImmutableOwner
[2025-11-05T06:35:27.805815000Z DEBUG solana_runtime::message_processor::stable_log] Program TokenzQdBNbLqP5VEhdkAS6EPFLC1PHnBqCXEpPxuEb consumed 1924 of 182373 compute units
[2025-11-05T06:35:27.805823000Z DEBUG solana_runtime::message_processor::stable_log] Program TokenzQdBNbLqP5VEhdkAS6EPFLC1PHnBqCXEpPxuEb success
[2025-11-05T06:35:27.805855000Z DEBUG solana_runtime::message_processor::stable_log] Program TokenzQdBNbLqP5VEhdkAS6EPFLC1PHnBqCXEpPxuEb invoke [2]
[2025-11-05T06:35:27.805881000Z DEBUG solana_runtime::message_processor::stable_log] Program log: Instruction: InitializeAccount3
[2025-11-05T06:35:27.805965000Z DEBUG solana_runtime::message_processor::stable_log] Program TokenzQdBNbLqP5VEhdkAS6EPFLC1PHnBqCXEpPxuEb consumed 5446 of 178061 compute units
[2025-11-05T06:35:27.805973000Z DEBUG solana_runtime::message_processor::stable_log] Program TokenzQdBNbLqP5VEhdkAS6EPFLC1PHnBqCXEpPxuEb success
[2025-11-05T06:35:27.805986000Z DEBUG solana_runtime::message_processor::stable_log] Program ATokenGPvbdGVxr1b2hvZbsiqW5xWH25efTNsLJA8knL consumed 27668 of 200000 compute units
[2025-11-05T06:35:27.805994000Z DEBUG solana_runtime::message_processor::stable_log] Program ATokenGPvbdGVxr1b2hvZbsiqW5xWH25efTNsLJA8knL success
[2025-11-05T06:35:27.811108000Z DEBUG solana_runtime::message_processor::stable_log] Program ASmKWt93JEMHxbdE6j7znD9y2FcdPboCzC3xtSTJvN7S invoke [1]
[2025-11-05T06:35:27.811207000Z DEBUG solana_runtime::message_processor::stable_log] Program log: Instruction: ClaimReward
[2025-11-05T06:35:27.811431000Z DEBUG solana_runtime::message_processor::stable_log] Program ASmKWt93JEMHxbdE6j7znD9y2FcdPboCzC3xtSTJvN7S invoke [2]
[2025-11-05T06:35:27.811470000Z DEBUG solana_runtime::message_processor::stable_log] Program ASmKWt93JEMHxbdE6j7znD9y2FcdPboCzC3xtSTJvN7S consumed 2069 of 184027 compute units
[2025-11-05T06:35:27.811480000Z DEBUG solana_runtime::message_processor::stable_log] Program ASmKWt93JEMHxbdE6j7znD9y2FcdPboCzC3xtSTJvN7S success
[2025-11-05T06:35:27.811500000Z DEBUG solana_runtime::message_processor::stable_log] Program ASmKWt93JEMHxbdE6j7znD9y2FcdPboCzC3xtSTJvN7S consumed 18617 of 200000 compute units
[2025-11-05T06:35:27.811510000Z DEBUG solana_runtime::message_processor::stable_log] Program ASmKWt93JEMHxbdE6j7znD9y2FcdPboCzC3xtSTJvN7S success
[2025-11-05T06:35:27.832721000Z DEBUG solana_runtime::message_processor::stable_log] Program ASmKWt93JEMHxbdE6j7znD9y2FcdPboCzC3xtSTJvN7S invoke [1]
[2025-11-05T06:35:27.832811000Z DEBUG solana_runtime::message_processor::stable_log] Program log: Instruction: WithdrawIneligibleReward
[2025-11-05T06:35:27.832978000Z DEBUG solana_runtime::message_processor::stable_log] Program ASmKWt93JEMHxbdE6j7znD9y2FcdPboCzC3xtSTJvN7S invoke [2]
[2025-11-05T06:35:27.833019000Z DEBUG solana_runtime::message_processor::stable_log] Program ASmKWt93JEMHxbdE6j7znD9y2FcdPboCzC3xtSTJvN7S consumed 2069 of 187110 compute units
[2025-11-05T06:35:27.833028000Z DEBUG solana_runtime::message_processor::stable_log] Program ASmKWt93JEMHxbdE6j7znD9y2FcdPboCzC3xtSTJvN7S success
[2025-11-05T06:35:27.833045000Z DEBUG solana_runtime::message_processor::stable_log] Program ASmKWt93JEMHxbdE6j7znD9y2FcdPboCzC3xtSTJvN7S consumed 15370 of 200000 compute units
[2025-11-05T06:35:27.833056000Z DEBUG solana_runtime::message_processor::stable_log] Program ASmKWt93JEMHxbdE6j7znD9y2FcdPboCzC3xtSTJvN7S success
      ✔ Full flow for reward (196ms)
[2025-11-05T06:35:27.834842000Z INFO  solana_program_test] "cp_amm" SBF program from ./target/deploy/cp_amm.so, modified 24 minutes, 35 seconds, 182 ms, 156 µs and 203 ns ago
[2025-11-05T06:35:27.835060000Z INFO  solana_program_test] "fee_router" SBF program from ./target/deploy/fee_router.so, modified 37 seconds, 919 ms, 319 µs and 331 ns ago
[2025-11-05T06:35:27.835245000Z INFO  solana_program_test] "transfer_hook_counter" SBF program from tests/fixtures/transfer_hook_counter.so, modified 3 weeks, 22 hours, 59 minutes, 2 seconds, 660 ms, 844 µs and 196 ns ago
[2025-11-05T06:35:27.835443000Z INFO  solana_program_test] "alpha_vault" SBF program from tests/fixtures/alpha_vault.so, modified 3 weeks, 22 hours, 59 minutes, 2 seconds, 661 ms, 730 µs and 72 ns ago
[2025-11-05T06:35:27.835690000Z INFO  solana_program_test] "streamflow" SBF program from tests/fixtures/streamflow.so, modified 3 weeks, 6 hours, 59 minutes, 12 seconds, 546 ms, 606 µs and 387 ns ago
[2025-11-05T06:35:27.836036000Z INFO  solana_program_test] "cp_amm" SBF program from ./target/deploy/cp_amm.so, modified 24 minutes, 35 seconds, 183 ms, 352 µs and 203 ns ago
[2025-11-05T06:35:27.836172000Z INFO  solana_program_test] "fee_router" SBF program from ./target/deploy/fee_router.so, modified 37 seconds, 920 ms, 432 µs and 331 ns ago
[2025-11-05T06:35:27.852931000Z INFO  solana_program_test] Overriding account at ASmKWt93JEMHxbdE6j7znD9y2FcdPboCzC3xtSTJvN7S
[2025-11-05T06:35:27.852944000Z INFO  solana_program_test] Overriding account at 5B57SJ3g2YoNXUpsZqqjEQkRSxyKtVTQRXdgAirz6bio
[2025-11-05T06:35:27.867940000Z DEBUG solana_runtime::message_processor::stable_log] Program 11111111111111111111111111111111 invoke [1]
[2025-11-05T06:35:27.867955000Z DEBUG solana_runtime::message_processor::stable_log] Program 11111111111111111111111111111111 success
[2025-11-05T06:35:27.872835000Z DEBUG solana_runtime::message_processor::stable_log] Program 11111111111111111111111111111111 invoke [1]
[2025-11-05T06:35:27.872849000Z DEBUG solana_runtime::message_processor::stable_log] Program 11111111111111111111111111111111 success
[2025-11-05T06:35:27.877910000Z DEBUG solana_runtime::message_processor::stable_log] Program 11111111111111111111111111111111 invoke [1]
[2025-11-05T06:35:27.877932000Z DEBUG solana_runtime::message_processor::stable_log] Program 11111111111111111111111111111111 success
[2025-11-05T06:35:27.882878000Z DEBUG solana_runtime::message_processor::stable_log] Program 11111111111111111111111111111111 invoke [1]
[2025-11-05T06:35:27.882887000Z DEBUG solana_runtime::message_processor::stable_log] Program 11111111111111111111111111111111 success
[2025-11-05T06:35:27.893952000Z DEBUG solana_runtime::message_processor::stable_log] Program 11111111111111111111111111111111 invoke [1]
[2025-11-05T06:35:27.893970000Z DEBUG solana_runtime::message_processor::stable_log] Program 11111111111111111111111111111111 success
[2025-11-05T06:35:27.893975000Z DEBUG solana_runtime::message_processor::stable_log] Program TokenzQdBNbLqP5VEhdkAS6EPFLC1PHnBqCXEpPxuEb invoke [1]
[2025-11-05T06:35:27.894058000Z DEBUG solana_runtime::message_processor::stable_log] Program TokenzQdBNbLqP5VEhdkAS6EPFLC1PHnBqCXEpPxuEb consumed 3479 of 599850 compute units
[2025-11-05T06:35:27.894067000Z DEBUG solana_runtime::message_processor::stable_log] Program TokenzQdBNbLqP5VEhdkAS6EPFLC1PHnBqCXEpPxuEb success
[2025-11-05T06:35:27.894074000Z DEBUG solana_runtime::message_processor::stable_log] Program TokenzQdBNbLqP5VEhdkAS6EPFLC1PHnBqCXEpPxuEb invoke [1]
[2025-11-05T06:35:27.894099000Z DEBUG solana_runtime::message_processor::stable_log] Program log: Instruction: InitializeMint2
[2025-11-05T06:35:27.894152000Z DEBUG solana_runtime::message_processor::stable_log] Program TokenzQdBNbLqP5VEhdkAS6EPFLC1PHnBqCXEpPxuEb consumed 3868 of 596371 compute units
[2025-11-05T06:35:27.894161000Z DEBUG solana_runtime::message_processor::stable_log] Program TokenzQdBNbLqP5VEhdkAS6EPFLC1PHnBqCXEpPxuEb success
[2025-11-05T06:35:27.903185000Z DEBUG solana_runtime::message_processor::stable_log] Program 11111111111111111111111111111111 invoke [1]
[2025-11-05T06:35:27.903201000Z DEBUG solana_runtime::message_processor::stable_log] Program 11111111111111111111111111111111 success
[2025-11-05T06:35:27.903205000Z DEBUG solana_runtime::message_processor::stable_log] Program TokenzQdBNbLqP5VEhdkAS6EPFLC1PHnBqCXEpPxuEb invoke [1]
[2025-11-05T06:35:27.903309000Z DEBUG solana_runtime::message_processor::stable_log] Program TokenzQdBNbLqP5VEhdkAS6EPFLC1PHnBqCXEpPxuEb consumed 3479 of 599850 compute units
[2025-11-05T06:35:27.903319000Z DEBUG solana_runtime::message_processor::stable_log] Program TokenzQdBNbLqP5VEhdkAS6EPFLC1PHnBqCXEpPxuEb success
[2025-11-05T06:35:27.903325000Z DEBUG solana_runtime::message_processor::stable_log] Program TokenzQdBNbLqP5VEhdkAS6EPFLC1PHnBqCXEpPxuEb invoke [1]
[2025-11-05T06:35:27.903349000Z DEBUG solana_runtime::message_processor::stable_log] Program log: Instruction: InitializeMint2
[2025-11-05T06:35:27.903405000Z DEBUG solana_runtime::message_processor::stable_log] Program TokenzQdBNbLqP5VEhdkAS6EPFLC1PHnBqCXEpPxuEb consumed 3868 of 596371 compute units
[2025-11-05T06:35:27.903412000Z DEBUG solana_runtime::message_processor::stable_log] Program TokenzQdBNbLqP5VEhdkAS6EPFLC1PHnBqCXEpPxuEb success
[2025-11-05T06:35:27.912956000Z DEBUG solana_runtime::message_processor::stable_log] Program 11111111111111111111111111111111 invoke [1]
[2025-11-05T06:35:27.912970000Z DEBUG solana_runtime::message_processor::stable_log] Program 11111111111111111111111111111111 success
[2025-11-05T06:35:27.912974000Z DEBUG solana_runtime::message_processor::stable_log] Program TokenzQdBNbLqP5VEhdkAS6EPFLC1PHnBqCXEpPxuEb invoke [1]
[2025-11-05T06:35:27.913059000Z DEBUG solana_runtime::message_processor::stable_log] Program TokenzQdBNbLqP5VEhdkAS6EPFLC1PHnBqCXEpPxuEb consumed 3479 of 599850 compute units
[2025-11-05T06:35:27.913068000Z DEBUG solana_runtime::message_processor::stable_log] Program TokenzQdBNbLqP5VEhdkAS6EPFLC1PHnBqCXEpPxuEb success
[2025-11-05T06:35:27.913075000Z DEBUG solana_runtime::message_processor::stable_log] Program TokenzQdBNbLqP5VEhdkAS6EPFLC1PHnBqCXEpPxuEb invoke [1]
[2025-11-05T06:35:27.913099000Z DEBUG solana_runtime::message_processor::stable_log] Program log: Instruction: InitializeMint2
[2025-11-05T06:35:27.913157000Z DEBUG solana_runtime::message_processor::stable_log] Program TokenzQdBNbLqP5VEhdkAS6EPFLC1PHnBqCXEpPxuEb consumed 3868 of 596371 compute units
[2025-11-05T06:35:27.913166000Z DEBUG solana_runtime::message_processor::stable_log] Program TokenzQdBNbLqP5VEhdkAS6EPFLC1PHnBqCXEpPxuEb success
[2025-11-05T06:35:27.919641000Z DEBUG solana_runtime::message_processor::stable_log] Program ATokenGPvbdGVxr1b2hvZbsiqW5xWH25efTNsLJA8knL invoke [1]
[2025-11-05T06:35:27.919704000Z DEBUG solana_runtime::message_processor::stable_log] Program log: Create
[2025-11-05T06:35:27.919751000Z DEBUG solana_runtime::message_processor::stable_log] Program TokenzQdBNbLqP5VEhdkAS6EPFLC1PHnBqCXEpPxuEb invoke [2]
[2025-11-05T06:35:27.919790000Z DEBUG solana_runtime::message_processor::stable_log] Program log: Instruction: GetAccountDataSize
[2025-11-05T06:35:27.919840000Z DEBUG solana_runtime::message_processor::stable_log] Program TokenzQdBNbLqP5VEhdkAS6EPFLC1PHnBqCXEpPxuEb consumed 2917 of 194642 compute units
[2025-11-05T06:35:27.919847000Z DEBUG solana_runtime::message_processor::stable_log] Program return: TokenzQdBNbLqP5VEhdkAS6EPFLC1PHnBqCXEpPxuEb tgAAAAAAAAA=
[2025-11-05T06:35:27.919855000Z DEBUG solana_runtime::message_processor::stable_log] Program TokenzQdBNbLqP5VEhdkAS6EPFLC1PHnBqCXEpPxuEb success
[2025-11-05T06:35:27.919909000Z DEBUG solana_runtime::message_processor::stable_log] Program 11111111111111111111111111111111 invoke [2]
[2025-11-05T06:35:27.919915000Z DEBUG solana_runtime::message_processor::stable_log] Program 11111111111111111111111111111111 success
[2025-11-05T06:35:27.919920000Z DEBUG solana_runtime::message_processor::stable_log] Program log: Initialize the associated token account
[2025-11-05T06:35:27.919937000Z DEBUG solana_runtime::message_processor::stable_log] Program TokenzQdBNbLqP5VEhdkAS6EPFLC1PHnBqCXEpPxuEb invoke [2]
[2025-11-05T06:35:27.919958000Z DEBUG solana_runtime::message_processor::stable_log] Program log: Instruction: InitializeImmutableOwner
[2025-11-05T06:35:27.919990000Z DEBUG solana_runtime::message_processor::stable_log] Program TokenzQdBNbLqP5VEhdkAS6EPFLC1PHnBqCXEpPxuEb consumed 1924 of 186795 compute units
[2025-11-05T06:35:27.920000000Z DEBUG solana_runtime::message_processor::stable_log] Program TokenzQdBNbLqP5VEhdkAS6EPFLC1PHnBqCXEpPxuEb success
[2025-11-05T06:35:27.920257000Z DEBUG solana_runtime::message_processor::stable_log] Program TokenzQdBNbLqP5VEhdkAS6EPFLC1PHnBqCXEpPxuEb invoke [2]
[2025-11-05T06:35:27.920328000Z DEBUG solana_runtime::message_processor::stable_log] Program log: Instruction: InitializeAccount3
[2025-11-05T06:35:27.920477000Z DEBUG solana_runtime::message_processor::stable_log] Program TokenzQdBNbLqP5VEhdkAS6EPFLC1PHnBqCXEpPxuEb consumed 5446 of 182481 compute units
[2025-11-05T06:35:27.920491000Z DEBUG solana_runtime::message_processor::stable_log] Program TokenzQdBNbLqP5VEhdkAS6EPFLC1PHnBqCXEpPxuEb success
[2025-11-05T06:35:27.920511000Z DEBUG solana_runtime::message_processor::stable_log] Program ATokenGPvbdGVxr1b2hvZbsiqW5xWH25efTNsLJA8knL consumed 23269 of 200000 compute units
[2025-11-05T06:35:27.920524000Z DEBUG solana_runtime::message_processor::stable_log] Program ATokenGPvbdGVxr1b2hvZbsiqW5xWH25efTNsLJA8knL success
[2025-11-05T06:35:27.925551000Z DEBUG solana_runtime::message_processor::stable_log] Program TokenzQdBNbLqP5VEhdkAS6EPFLC1PHnBqCXEpPxuEb invoke [1]
[2025-11-05T06:35:27.925609000Z DEBUG solana_runtime::message_processor::stable_log] Program log: Instruction: MintTo
[2025-11-05T06:35:27.925693000Z DEBUG solana_runtime::message_processor::stable_log] Program TokenzQdBNbLqP5VEhdkAS6EPFLC1PHnBqCXEpPxuEb consumed 5403 of 200000 compute units
[2025-11-05T06:35:27.925705000Z DEBUG solana_runtime::message_processor::stable_log] Program TokenzQdBNbLqP5VEhdkAS6EPFLC1PHnBqCXEpPxuEb success
[2025-11-05T06:35:27.931851000Z DEBUG solana_runtime::message_processor::stable_log] Program ATokenGPvbdGVxr1b2hvZbsiqW5xWH25efTNsLJA8knL invoke [1]
[2025-11-05T06:35:27.931920000Z DEBUG solana_runtime::message_processor::stable_log] Program log: Create
[2025-11-05T06:35:27.931968000Z DEBUG solana_runtime::message_processor::stable_log] Program TokenzQdBNbLqP5VEhdkAS6EPFLC1PHnBqCXEpPxuEb invoke [2]
[2025-11-05T06:35:27.932011000Z DEBUG solana_runtime::message_processor::stable_log] Program log: Instruction: GetAccountDataSize
[2025-11-05T06:35:27.932052000Z DEBUG solana_runtime::message_processor::stable_log] Program TokenzQdBNbLqP5VEhdkAS6EPFLC1PHnBqCXEpPxuEb consumed 2917 of 194642 compute units
[2025-11-05T06:35:27.932106000Z DEBUG solana_runtime::message_processor::stable_log] Program return: TokenzQdBNbLqP5VEhdkAS6EPFLC1PHnBqCXEpPxuEb tgAAAAAAAAA=
[2025-11-05T06:35:27.932115000Z DEBUG solana_runtime::message_processor::stable_log] Program TokenzQdBNbLqP5VEhdkAS6EPFLC1PHnBqCXEpPxuEb success
[2025-11-05T06:35:27.932169000Z DEBUG solana_runtime::message_processor::stable_log] Program 11111111111111111111111111111111 invoke [2]
[2025-11-05T06:35:27.932178000Z DEBUG solana_runtime::message_processor::stable_log] Program 11111111111111111111111111111111 success
[2025-11-05T06:35:27.932183000Z DEBUG solana_runtime::message_processor::stable_log] Program log: Initialize the associated token account
[2025-11-05T06:35:27.932200000Z DEBUG solana_runtime::message_processor::stable_log] Program TokenzQdBNbLqP5VEhdkAS6EPFLC1PHnBqCXEpPxuEb invoke [2]
[2025-11-05T06:35:27.932222000Z DEBUG solana_runtime::message_processor::stable_log] Program log: Instruction: InitializeImmutableOwner
[2025-11-05T06:35:27.932245000Z DEBUG solana_runtime::message_processor::stable_log] Program TokenzQdBNbLqP5VEhdkAS6EPFLC1PHnBqCXEpPxuEb consumed 1924 of 186795 compute units
[2025-11-05T06:35:27.932252000Z DEBUG solana_runtime::message_processor::stable_log] Program TokenzQdBNbLqP5VEhdkAS6EPFLC1PHnBqCXEpPxuEb success
[2025-11-05T06:35:27.932285000Z DEBUG solana_runtime::message_processor::stable_log] Program TokenzQdBNbLqP5VEhdkAS6EPFLC1PHnBqCXEpPxuEb invoke [2]
[2025-11-05T06:35:27.932314000Z DEBUG solana_runtime::message_processor::stable_log] Program log: Instruction: InitializeAccount3
[2025-11-05T06:35:27.932402000Z DEBUG solana_runtime::message_processor::stable_log] Program TokenzQdBNbLqP5VEhdkAS6EPFLC1PHnBqCXEpPxuEb consumed 5446 of 182481 compute units
[2025-11-05T06:35:27.932435000Z DEBUG solana_runtime::message_processor::stable_log] Program TokenzQdBNbLqP5VEhdkAS6EPFLC1PHnBqCXEpPxuEb success
[2025-11-05T06:35:27.932448000Z DEBUG solana_runtime::message_processor::stable_log] Program ATokenGPvbdGVxr1b2hvZbsiqW5xWH25efTNsLJA8knL consumed 23269 of 200000 compute units
[2025-11-05T06:35:27.932463000Z DEBUG solana_runtime::message_processor::stable_log] Program ATokenGPvbdGVxr1b2hvZbsiqW5xWH25efTNsLJA8knL success
[2025-11-05T06:35:27.937434000Z DEBUG solana_runtime::message_processor::stable_log] Program TokenzQdBNbLqP5VEhdkAS6EPFLC1PHnBqCXEpPxuEb invoke [1]
[2025-11-05T06:35:27.937516000Z DEBUG solana_runtime::message_processor::stable_log] Program log: Instruction: MintTo
[2025-11-05T06:35:27.937631000Z DEBUG solana_runtime::message_processor::stable_log] Program TokenzQdBNbLqP5VEhdkAS6EPFLC1PHnBqCXEpPxuEb consumed 5403 of 200000 compute units
[2025-11-05T06:35:27.937645000Z DEBUG solana_runtime::message_processor::stable_log] Program TokenzQdBNbLqP5VEhdkAS6EPFLC1PHnBqCXEpPxuEb success
[2025-11-05T06:35:27.944050000Z DEBUG solana_runtime::message_processor::stable_log] Program ATokenGPvbdGVxr1b2hvZbsiqW5xWH25efTNsLJA8knL invoke [1]
[2025-11-05T06:35:27.944126000Z DEBUG solana_runtime::message_processor::stable_log] Program log: Create
[2025-11-05T06:35:27.944174000Z DEBUG solana_runtime::message_processor::stable_log] Program TokenzQdBNbLqP5VEhdkAS6EPFLC1PHnBqCXEpPxuEb invoke [2]
[2025-11-05T06:35:27.944217000Z DEBUG solana_runtime::message_processor::stable_log] Program log: Instruction: GetAccountDataSize
[2025-11-05T06:35:27.944260000Z DEBUG solana_runtime::message_processor::stable_log] Program TokenzQdBNbLqP5VEhdkAS6EPFLC1PHnBqCXEpPxuEb consumed 2917 of 194642 compute units
[2025-11-05T06:35:27.944357000Z DEBUG solana_runtime::message_processor::stable_log] Program return: TokenzQdBNbLqP5VEhdkAS6EPFLC1PHnBqCXEpPxuEb tgAAAAAAAAA=
[2025-11-05T06:35:27.944368000Z DEBUG solana_runtime::message_processor::stable_log] Program TokenzQdBNbLqP5VEhdkAS6EPFLC1PHnBqCXEpPxuEb success
[2025-11-05T06:35:27.944424000Z DEBUG solana_runtime::message_processor::stable_log] Program 11111111111111111111111111111111 invoke [2]
[2025-11-05T06:35:27.944432000Z DEBUG solana_runtime::message_processor::stable_log] Program 11111111111111111111111111111111 success
[2025-11-05T06:35:27.944438000Z DEBUG solana_runtime::message_processor::stable_log] Program log: Initialize the associated token account
[2025-11-05T06:35:27.944455000Z DEBUG solana_runtime::message_processor::stable_log] Program TokenzQdBNbLqP5VEhdkAS6EPFLC1PHnBqCXEpPxuEb invoke [2]
[2025-11-05T06:35:27.944479000Z DEBUG solana_runtime::message_processor::stable_log] Program log: Instruction: InitializeImmutableOwner
[2025-11-05T06:35:27.944502000Z DEBUG solana_runtime::message_processor::stable_log] Program TokenzQdBNbLqP5VEhdkAS6EPFLC1PHnBqCXEpPxuEb consumed 1924 of 186795 compute units
[2025-11-05T06:35:27.944511000Z DEBUG solana_runtime::message_processor::stable_log] Program TokenzQdBNbLqP5VEhdkAS6EPFLC1PHnBqCXEpPxuEb success
[2025-11-05T06:35:27.944543000Z DEBUG solana_runtime::message_processor::stable_log] Program TokenzQdBNbLqP5VEhdkAS6EPFLC1PHnBqCXEpPxuEb invoke [2]
[2025-11-05T06:35:27.944570000Z DEBUG solana_runtime::message_processor::stable_log] Program log: Instruction: InitializeAccount3
[2025-11-05T06:35:27.944653000Z DEBUG solana_runtime::message_processor::stable_log] Program TokenzQdBNbLqP5VEhdkAS6EPFLC1PHnBqCXEpPxuEb consumed 5446 of 182481 compute units
[2025-11-05T06:35:27.944664000Z DEBUG solana_runtime::message_processor::stable_log] Program TokenzQdBNbLqP5VEhdkAS6EPFLC1PHnBqCXEpPxuEb success
[2025-11-05T06:35:27.944676000Z DEBUG solana_runtime::message_processor::stable_log] Program ATokenGPvbdGVxr1b2hvZbsiqW5xWH25efTNsLJA8knL consumed 23269 of 200000 compute units
[2025-11-05T06:35:27.944685000Z DEBUG solana_runtime::message_processor::stable_log] Program ATokenGPvbdGVxr1b2hvZbsiqW5xWH25efTNsLJA8knL success
[2025-11-05T06:35:27.949316000Z DEBUG solana_runtime::message_processor::stable_log] Program TokenzQdBNbLqP5VEhdkAS6EPFLC1PHnBqCXEpPxuEb invoke [1]
[2025-11-05T06:35:27.949376000Z DEBUG solana_runtime::message_processor::stable_log] Program log: Instruction: MintTo
[2025-11-05T06:35:27.949457000Z DEBUG solana_runtime::message_processor::stable_log] Program TokenzQdBNbLqP5VEhdkAS6EPFLC1PHnBqCXEpPxuEb consumed 5403 of 200000 compute units
[2025-11-05T06:35:27.949470000Z DEBUG solana_runtime::message_processor::stable_log] Program TokenzQdBNbLqP5VEhdkAS6EPFLC1PHnBqCXEpPxuEb success
[2025-11-05T06:35:27.956491000Z DEBUG solana_runtime::message_processor::stable_log] Program ATokenGPvbdGVxr1b2hvZbsiqW5xWH25efTNsLJA8knL invoke [1]
[2025-11-05T06:35:27.956564000Z DEBUG solana_runtime::message_processor::stable_log] Program log: Create
[2025-11-05T06:35:27.956611000Z DEBUG solana_runtime::message_processor::stable_log] Program TokenzQdBNbLqP5VEhdkAS6EPFLC1PHnBqCXEpPxuEb invoke [2]
[2025-11-05T06:35:27.956644000Z DEBUG solana_runtime::message_processor::stable_log] Program log: Instruction: GetAccountDataSize
[2025-11-05T06:35:27.956685000Z DEBUG solana_runtime::message_processor::stable_log] Program TokenzQdBNbLqP5VEhdkAS6EPFLC1PHnBqCXEpPxuEb consumed 2917 of 194642 compute units
[2025-11-05T06:35:27.956692000Z DEBUG solana_runtime::message_processor::stable_log] Program return: TokenzQdBNbLqP5VEhdkAS6EPFLC1PHnBqCXEpPxuEb tgAAAAAAAAA=
[2025-11-05T06:35:27.956700000Z DEBUG solana_runtime::message_processor::stable_log] Program TokenzQdBNbLqP5VEhdkAS6EPFLC1PHnBqCXEpPxuEb success
[2025-11-05T06:35:27.956754000Z DEBUG solana_runtime::message_processor::stable_log] Program 11111111111111111111111111111111 invoke [2]
[2025-11-05T06:35:27.956761000Z DEBUG solana_runtime::message_processor::stable_log] Program 11111111111111111111111111111111 success
[2025-11-05T06:35:27.956767000Z DEBUG solana_runtime::message_processor::stable_log] Program log: Initialize the associated token account
[2025-11-05T06:35:27.956783000Z DEBUG solana_runtime::message_processor::stable_log] Program TokenzQdBNbLqP5VEhdkAS6EPFLC1PHnBqCXEpPxuEb invoke [2]
[2025-11-05T06:35:27.956804000Z DEBUG solana_runtime::message_processor::stable_log] Program log: Instruction: InitializeImmutableOwner
[2025-11-05T06:35:27.956876000Z DEBUG solana_runtime::message_processor::stable_log] Program TokenzQdBNbLqP5VEhdkAS6EPFLC1PHnBqCXEpPxuEb consumed 1924 of 186795 compute units
[2025-11-05T06:35:27.956891000Z DEBUG solana_runtime::message_processor::stable_log] Program TokenzQdBNbLqP5VEhdkAS6EPFLC1PHnBqCXEpPxuEb success
[2025-11-05T06:35:27.956923000Z DEBUG solana_runtime::message_processor::stable_log] Program TokenzQdBNbLqP5VEhdkAS6EPFLC1PHnBqCXEpPxuEb invoke [2]
[2025-11-05T06:35:27.956950000Z DEBUG solana_runtime::message_processor::stable_log] Program log: Instruction: InitializeAccount3
[2025-11-05T06:35:27.957033000Z DEBUG solana_runtime::message_processor::stable_log] Program TokenzQdBNbLqP5VEhdkAS6EPFLC1PHnBqCXEpPxuEb consumed 5446 of 182481 compute units
[2025-11-05T06:35:27.957040000Z DEBUG solana_runtime::message_processor::stable_log] Program TokenzQdBNbLqP5VEhdkAS6EPFLC1PHnBqCXEpPxuEb success
[2025-11-05T06:35:27.957052000Z DEBUG solana_runtime::message_processor::stable_log] Program ATokenGPvbdGVxr1b2hvZbsiqW5xWH25efTNsLJA8knL consumed 23269 of 200000 compute units
[2025-11-05T06:35:27.957061000Z DEBUG solana_runtime::message_processor::stable_log] Program ATokenGPvbdGVxr1b2hvZbsiqW5xWH25efTNsLJA8knL success
[2025-11-05T06:35:27.961574000Z DEBUG solana_runtime::message_processor::stable_log] Program TokenzQdBNbLqP5VEhdkAS6EPFLC1PHnBqCXEpPxuEb invoke [1]
[2025-11-05T06:35:27.961645000Z DEBUG solana_runtime::message_processor::stable_log] Program log: Instruction: MintTo
[2025-11-05T06:35:27.961721000Z DEBUG solana_runtime::message_processor::stable_log] Program TokenzQdBNbLqP5VEhdkAS6EPFLC1PHnBqCXEpPxuEb consumed 5403 of 200000 compute units
[2025-11-05T06:35:27.961729000Z DEBUG solana_runtime::message_processor::stable_log] Program TokenzQdBNbLqP5VEhdkAS6EPFLC1PHnBqCXEpPxuEb success
[2025-11-05T06:35:27.967828000Z DEBUG solana_runtime::message_processor::stable_log] Program ATokenGPvbdGVxr1b2hvZbsiqW5xWH25efTNsLJA8knL invoke [1]
[2025-11-05T06:35:27.967896000Z DEBUG solana_runtime::message_processor::stable_log] Program log: Create
[2025-11-05T06:35:27.967941000Z DEBUG solana_runtime::message_processor::stable_log] Program TokenzQdBNbLqP5VEhdkAS6EPFLC1PHnBqCXEpPxuEb invoke [2]
[2025-11-05T06:35:27.967974000Z DEBUG solana_runtime::message_processor::stable_log] Program log: Instruction: GetAccountDataSize
[2025-11-05T06:35:27.968014000Z DEBUG solana_runtime::message_processor::stable_log] Program TokenzQdBNbLqP5VEhdkAS6EPFLC1PHnBqCXEpPxuEb consumed 2917 of 194642 compute units
[2025-11-05T06:35:27.968115000Z DEBUG solana_runtime::message_processor::stable_log] Program return: TokenzQdBNbLqP5VEhdkAS6EPFLC1PHnBqCXEpPxuEb tgAAAAAAAAA=
[2025-11-05T06:35:27.968124000Z DEBUG solana_runtime::message_processor::stable_log] Program TokenzQdBNbLqP5VEhdkAS6EPFLC1PHnBqCXEpPxuEb success
[2025-11-05T06:35:27.968179000Z DEBUG solana_runtime::message_processor::stable_log] Program 11111111111111111111111111111111 invoke [2]
[2025-11-05T06:35:27.968186000Z DEBUG solana_runtime::message_processor::stable_log] Program 11111111111111111111111111111111 success
[2025-11-05T06:35:27.968192000Z DEBUG solana_runtime::message_processor::stable_log] Program log: Initialize the associated token account
[2025-11-05T06:35:27.968208000Z DEBUG solana_runtime::message_processor::stable_log] Program TokenzQdBNbLqP5VEhdkAS6EPFLC1PHnBqCXEpPxuEb invoke [2]
[2025-11-05T06:35:27.968228000Z DEBUG solana_runtime::message_processor::stable_log] Program log: Instruction: InitializeImmutableOwner
[2025-11-05T06:35:27.968254000Z DEBUG solana_runtime::message_processor::stable_log] Program TokenzQdBNbLqP5VEhdkAS6EPFLC1PHnBqCXEpPxuEb consumed 1924 of 186795 compute units
[2025-11-05T06:35:27.968263000Z DEBUG solana_runtime::message_processor::stable_log] Program TokenzQdBNbLqP5VEhdkAS6EPFLC1PHnBqCXEpPxuEb success
[2025-11-05T06:35:27.968295000Z DEBUG solana_runtime::message_processor::stable_log] Program TokenzQdBNbLqP5VEhdkAS6EPFLC1PHnBqCXEpPxuEb invoke [2]
[2025-11-05T06:35:27.968322000Z DEBUG solana_runtime::message_processor::stable_log] Program log: Instruction: InitializeAccount3
[2025-11-05T06:35:27.968406000Z DEBUG solana_runtime::message_processor::stable_log] Program TokenzQdBNbLqP5VEhdkAS6EPFLC1PHnBqCXEpPxuEb consumed 5446 of 182481 compute units
[2025-11-05T06:35:27.968418000Z DEBUG solana_runtime::message_processor::stable_log] Program TokenzQdBNbLqP5VEhdkAS6EPFLC1PHnBqCXEpPxuEb success
[2025-11-05T06:35:27.968430000Z DEBUG solana_runtime::message_processor::stable_log] Program ATokenGPvbdGVxr1b2hvZbsiqW5xWH25efTNsLJA8knL consumed 23269 of 200000 compute units
[2025-11-05T06:35:27.968439000Z DEBUG solana_runtime::message_processor::stable_log] Program ATokenGPvbdGVxr1b2hvZbsiqW5xWH25efTNsLJA8knL success
[2025-11-05T06:35:27.973088000Z DEBUG solana_runtime::message_processor::stable_log] Program TokenzQdBNbLqP5VEhdkAS6EPFLC1PHnBqCXEpPxuEb invoke [1]
[2025-11-05T06:35:27.973189000Z DEBUG solana_runtime::message_processor::stable_log] Program log: Instruction: MintTo
[2025-11-05T06:35:27.973274000Z DEBUG solana_runtime::message_processor::stable_log] Program TokenzQdBNbLqP5VEhdkAS6EPFLC1PHnBqCXEpPxuEb consumed 5403 of 200000 compute units
[2025-11-05T06:35:27.973288000Z DEBUG solana_runtime::message_processor::stable_log] Program TokenzQdBNbLqP5VEhdkAS6EPFLC1PHnBqCXEpPxuEb success
[2025-11-05T06:35:27.979206000Z DEBUG solana_runtime::message_processor::stable_log] Program ATokenGPvbdGVxr1b2hvZbsiqW5xWH25efTNsLJA8knL invoke [1]
[2025-11-05T06:35:27.979278000Z DEBUG solana_runtime::message_processor::stable_log] Program log: Create
[2025-11-05T06:35:27.979326000Z DEBUG solana_runtime::message_processor::stable_log] Program TokenzQdBNbLqP5VEhdkAS6EPFLC1PHnBqCXEpPxuEb invoke [2]
[2025-11-05T06:35:27.979359000Z DEBUG solana_runtime::message_processor::stable_log] Program log: Instruction: GetAccountDataSize
[2025-11-05T06:35:27.979400000Z DEBUG solana_runtime::message_processor::stable_log] Program TokenzQdBNbLqP5VEhdkAS6EPFLC1PHnBqCXEpPxuEb consumed 2917 of 194642 compute units
[2025-11-05T06:35:27.979454000Z DEBUG solana_runtime::message_processor::stable_log] Program return: TokenzQdBNbLqP5VEhdkAS6EPFLC1PHnBqCXEpPxuEb tgAAAAAAAAA=
[2025-11-05T06:35:27.979528000Z DEBUG solana_runtime::message_processor::stable_log] Program TokenzQdBNbLqP5VEhdkAS6EPFLC1PHnBqCXEpPxuEb success
[2025-11-05T06:35:27.979582000Z DEBUG solana_runtime::message_processor::stable_log] Program 11111111111111111111111111111111 invoke [2]
[2025-11-05T06:35:27.979592000Z DEBUG solana_runtime::message_processor::stable_log] Program 11111111111111111111111111111111 success
[2025-11-05T06:35:27.979598000Z DEBUG solana_runtime::message_processor::stable_log] Program log: Initialize the associated token account
[2025-11-05T06:35:27.979616000Z DEBUG solana_runtime::message_processor::stable_log] Program TokenzQdBNbLqP5VEhdkAS6EPFLC1PHnBqCXEpPxuEb invoke [2]
[2025-11-05T06:35:27.979637000Z DEBUG solana_runtime::message_processor::stable_log] Program log: Instruction: InitializeImmutableOwner
[2025-11-05T06:35:27.979661000Z DEBUG solana_runtime::message_processor::stable_log] Program TokenzQdBNbLqP5VEhdkAS6EPFLC1PHnBqCXEpPxuEb consumed 1924 of 186795 compute units
[2025-11-05T06:35:27.979668000Z DEBUG solana_runtime::message_processor::stable_log] Program TokenzQdBNbLqP5VEhdkAS6EPFLC1PHnBqCXEpPxuEb success
[2025-11-05T06:35:27.979700000Z DEBUG solana_runtime::message_processor::stable_log] Program TokenzQdBNbLqP5VEhdkAS6EPFLC1PHnBqCXEpPxuEb invoke [2]
[2025-11-05T06:35:27.979727000Z DEBUG solana_runtime::message_processor::stable_log] Program log: Instruction: InitializeAccount3
[2025-11-05T06:35:27.979810000Z DEBUG solana_runtime::message_processor::stable_log] Program TokenzQdBNbLqP5VEhdkAS6EPFLC1PHnBqCXEpPxuEb consumed 5446 of 182481 compute units
[2025-11-05T06:35:27.979818000Z DEBUG solana_runtime::message_processor::stable_log] Program TokenzQdBNbLqP5VEhdkAS6EPFLC1PHnBqCXEpPxuEb success
[2025-11-05T06:35:27.979831000Z DEBUG solana_runtime::message_processor::stable_log] Program ATokenGPvbdGVxr1b2hvZbsiqW5xWH25efTNsLJA8knL consumed 23269 of 200000 compute units
[2025-11-05T06:35:27.979840000Z DEBUG solana_runtime::message_processor::stable_log] Program ATokenGPvbdGVxr1b2hvZbsiqW5xWH25efTNsLJA8knL success
[2025-11-05T06:35:27.982994000Z DEBUG solana_runtime::message_processor::stable_log] Program TokenzQdBNbLqP5VEhdkAS6EPFLC1PHnBqCXEpPxuEb invoke [1]
[2025-11-05T06:35:27.983046000Z DEBUG solana_runtime::message_processor::stable_log] Program log: Instruction: MintTo
[2025-11-05T06:35:27.983121000Z DEBUG solana_runtime::message_processor::stable_log] Program TokenzQdBNbLqP5VEhdkAS6EPFLC1PHnBqCXEpPxuEb consumed 5403 of 200000 compute units
[2025-11-05T06:35:27.983131000Z DEBUG solana_runtime::message_processor::stable_log] Program TokenzQdBNbLqP5VEhdkAS6EPFLC1PHnBqCXEpPxuEb success
[2025-11-05T06:35:27.995596000Z DEBUG solana_runtime::message_processor::stable_log] Program ASmKWt93JEMHxbdE6j7znD9y2FcdPboCzC3xtSTJvN7S invoke [1]
[2025-11-05T06:35:27.995667000Z DEBUG solana_runtime::message_processor::stable_log] Program log: Instruction: CreateConfig
[2025-11-05T06:35:27.995764000Z DEBUG solana_runtime::message_processor::stable_log] Program 11111111111111111111111111111111 invoke [2]
[2025-11-05T06:35:27.995774000Z DEBUG solana_runtime::message_processor::stable_log] Program 11111111111111111111111111111111 success
[2025-11-05T06:35:27.995894000Z DEBUG solana_runtime::message_processor::stable_log] Program ASmKWt93JEMHxbdE6j7znD9y2FcdPboCzC3xtSTJvN7S invoke [2]
[2025-11-05T06:35:27.995957000Z DEBUG solana_runtime::message_processor::stable_log] Program ASmKWt93JEMHxbdE6j7znD9y2FcdPboCzC3xtSTJvN7S consumed 2069 of 184598 compute units
[2025-11-05T06:35:27.995967000Z DEBUG solana_runtime::message_processor::stable_log] Program ASmKWt93JEMHxbdE6j7znD9y2FcdPboCzC3xtSTJvN7S success
[2025-11-05T06:35:27.995983000Z DEBUG solana_runtime::message_processor::stable_log] Program ASmKWt93JEMHxbdE6j7znD9y2FcdPboCzC3xtSTJvN7S consumed 17776 of 200000 compute units
[2025-11-05T06:35:27.995992000Z DEBUG solana_runtime::message_processor::stable_log] Program ASmKWt93JEMHxbdE6j7znD9y2FcdPboCzC3xtSTJvN7S success
[2025-11-05T06:35:28.020037000Z DEBUG solana_runtime::message_processor::stable_log] Program ASmKWt93JEMHxbdE6j7znD9y2FcdPboCzC3xtSTJvN7S invoke [1]
[2025-11-05T06:35:28.020166000Z DEBUG solana_runtime::message_processor::stable_log] Program log: Instruction: InitializePool
[2025-11-05T06:35:28.020314000Z DEBUG solana_runtime::message_processor::stable_log] Program 11111111111111111111111111111111 invoke [2]
[2025-11-05T06:35:28.020321000Z DEBUG solana_runtime::message_processor::stable_log] Program 11111111111111111111111111111111 success
[2025-11-05T06:35:28.020353000Z DEBUG solana_runtime::message_processor::stable_log] Program TokenzQdBNbLqP5VEhdkAS6EPFLC1PHnBqCXEpPxuEb invoke [2]
[2025-11-05T06:35:28.020383000Z DEBUG solana_runtime::message_processor::stable_log] Program log: MetadataPointerInstruction::Initialize
[2025-11-05T06:35:28.020419000Z DEBUG solana_runtime::message_processor::stable_log] Program TokenzQdBNbLqP5VEhdkAS6EPFLC1PHnBqCXEpPxuEb consumed 2442 of 334481 compute units
[2025-11-05T06:35:28.020429000Z DEBUG solana_runtime::message_processor::stable_log] Program TokenzQdBNbLqP5VEhdkAS6EPFLC1PHnBqCXEpPxuEb success
[2025-11-05T06:35:28.020458000Z DEBUG solana_runtime::message_processor::stable_log] Program TokenzQdBNbLqP5VEhdkAS6EPFLC1PHnBqCXEpPxuEb invoke [2]
[2025-11-05T06:35:28.020479000Z DEBUG solana_runtime::message_processor::stable_log] Program log: Instruction: InitializeMintCloseAuthority
[2025-11-05T06:35:28.020510000Z DEBUG solana_runtime::message_processor::stable_log] Program TokenzQdBNbLqP5VEhdkAS6EPFLC1PHnBqCXEpPxuEb consumed 2570 of 330061 compute units
[2025-11-05T06:35:28.020518000Z DEBUG solana_runtime::message_processor::stable_log] Program TokenzQdBNbLqP5VEhdkAS6EPFLC1PHnBqCXEpPxuEb success
[2025-11-05T06:35:28.020578000Z DEBUG solana_runtime::message_processor::stable_log] Program TokenzQdBNbLqP5VEhdkAS6EPFLC1PHnBqCXEpPxuEb invoke [2]
[2025-11-05T06:35:28.020607000Z DEBUG solana_runtime::message_processor::stable_log] Program log: Instruction: InitializeMint2
[2025-11-05T06:35:28.020665000Z DEBUG solana_runtime::message_processor::stable_log] Program TokenzQdBNbLqP5VEhdkAS6EPFLC1PHnBqCXEpPxuEb consumed 4078 of 325549 compute units
[2025-11-05T06:35:28.020675000Z DEBUG solana_runtime::message_processor::stable_log] Program TokenzQdBNbLqP5VEhdkAS6EPFLC1PHnBqCXEpPxuEb success
[2025-11-05T06:35:28.020792000Z DEBUG solana_runtime::message_processor::stable_log] Program 11111111111111111111111111111111 invoke [2]
[2025-11-05T06:35:28.020797000Z DEBUG solana_runtime::message_processor::stable_log] Program 11111111111111111111111111111111 success
[2025-11-05T06:35:28.020826000Z DEBUG solana_runtime::message_processor::stable_log] Program TokenzQdBNbLqP5VEhdkAS6EPFLC1PHnBqCXEpPxuEb invoke [2]
[2025-11-05T06:35:28.020850000Z DEBUG solana_runtime::message_processor::stable_log] Program log: Instruction: InitializeAccount3
[2025-11-05T06:35:28.020925000Z DEBUG solana_runtime::message_processor::stable_log] Program TokenzQdBNbLqP5VEhdkAS6EPFLC1PHnBqCXEpPxuEb consumed 5137 of 311865 compute units
[2025-11-05T06:35:28.020932000Z DEBUG solana_runtime::message_processor::stable_log] Program TokenzQdBNbLqP5VEhdkAS6EPFLC1PHnBqCXEpPxuEb success
[2025-11-05T06:35:28.021074000Z DEBUG solana_runtime::message_processor::stable_log] Program 11111111111111111111111111111111 invoke [2]
[2025-11-05T06:35:28.021080000Z DEBUG solana_runtime::message_processor::stable_log] Program 11111111111111111111111111111111 success
[2025-11-05T06:35:28.021178000Z DEBUG solana_runtime::message_processor::stable_log] Program 11111111111111111111111111111111 invoke [2]
[2025-11-05T06:35:28.021183000Z DEBUG solana_runtime::message_processor::stable_log] Program 11111111111111111111111111111111 success
[2025-11-05T06:35:28.021272000Z DEBUG solana_runtime::message_processor::stable_log] Program 11111111111111111111111111111111 invoke [2]
[2025-11-05T06:35:28.021278000Z DEBUG solana_runtime::message_processor::stable_log] Program 11111111111111111111111111111111 success
[2025-11-05T06:35:28.021304000Z DEBUG solana_runtime::message_processor::stable_log] Program TokenzQdBNbLqP5VEhdkAS6EPFLC1PHnBqCXEpPxuEb invoke [2]
[2025-11-05T06:35:28.021328000Z DEBUG solana_runtime::message_processor::stable_log] Program log: Instruction: InitializeAccount3
[2025-11-05T06:35:28.021409000Z DEBUG solana_runtime::message_processor::stable_log] Program TokenzQdBNbLqP5VEhdkAS6EPFLC1PHnBqCXEpPxuEb consumed 5379 of 277995 compute units
[2025-11-05T06:35:28.021417000Z DEBUG solana_runtime::message_processor::stable_log] Program TokenzQdBNbLqP5VEhdkAS6EPFLC1PHnBqCXEpPxuEb success
[2025-11-05T06:35:28.021532000Z DEBUG solana_runtime::message_processor::stable_log] Program 11111111111111111111111111111111 invoke [2]
[2025-11-05T06:35:28.021537000Z DEBUG solana_runtime::message_processor::stable_log] Program 11111111111111111111111111111111 success
[2025-11-05T06:35:28.021562000Z DEBUG solana_runtime::message_processor::stable_log] Program TokenzQdBNbLqP5VEhdkAS6EPFLC1PHnBqCXEpPxuEb invoke [2]
[2025-11-05T06:35:28.021585000Z DEBUG solana_runtime::message_processor::stable_log] Program log: Instruction: InitializeAccount3
[2025-11-05T06:35:28.021659000Z DEBUG solana_runtime::message_processor::stable_log] Program TokenzQdBNbLqP5VEhdkAS6EPFLC1PHnBqCXEpPxuEb consumed 5379 of 262410 compute units
[2025-11-05T06:35:28.021668000Z DEBUG solana_runtime::message_processor::stable_log] Program TokenzQdBNbLqP5VEhdkAS6EPFLC1PHnBqCXEpPxuEb success
[2025-11-05T06:35:28.022043000Z DEBUG solana_runtime::message_processor::stable_log] Program TokenzQdBNbLqP5VEhdkAS6EPFLC1PHnBqCXEpPxuEb invoke [2]
[2025-11-05T06:35:28.022125000Z DEBUG solana_runtime::message_processor::stable_log] Program log: TokenMetadataInstruction: Initialize
[2025-11-05T06:35:28.022288000Z DEBUG solana_runtime::message_processor::stable_log] Program TokenzQdBNbLqP5VEhdkAS6EPFLC1PHnBqCXEpPxuEb consumed 9900 of 243156 compute units
[2025-11-05T06:35:28.022302000Z DEBUG solana_runtime::message_processor::stable_log] Program TokenzQdBNbLqP5VEhdkAS6EPFLC1PHnBqCXEpPxuEb success
[2025-11-05T06:35:28.022361000Z DEBUG solana_runtime::message_processor::stable_log] Program 11111111111111111111111111111111 invoke [2]
[2025-11-05T06:35:28.022373000Z DEBUG solana_runtime::message_processor::stable_log] Program 11111111111111111111111111111111 success
[2025-11-05T06:35:28.022419000Z DEBUG solana_runtime::message_processor::stable_log] Program TokenzQdBNbLqP5VEhdkAS6EPFLC1PHnBqCXEpPxuEb invoke [2]
[2025-11-05T06:35:28.022452000Z DEBUG solana_runtime::message_processor::stable_log] Program log: Instruction: MintTo
[2025-11-05T06:35:28.022527000Z DEBUG solana_runtime::message_processor::stable_log] Program TokenzQdBNbLqP5VEhdkAS6EPFLC1PHnBqCXEpPxuEb consumed 5540 of 228194 compute units
[2025-11-05T06:35:28.022538000Z DEBUG solana_runtime::message_processor::stable_log] Program TokenzQdBNbLqP5VEhdkAS6EPFLC1PHnBqCXEpPxuEb success
[2025-11-05T06:35:28.022592000Z DEBUG solana_runtime::message_processor::stable_log] Program ASmKWt93JEMHxbdE6j7znD9y2FcdPboCzC3xtSTJvN7S invoke [2]
[2025-11-05T06:35:28.022626000Z DEBUG solana_runtime::message_processor::stable_log] Program ASmKWt93JEMHxbdE6j7znD9y2FcdPboCzC3xtSTJvN7S consumed 2069 of 219589 compute units
[2025-11-05T06:35:28.022634000Z DEBUG solana_runtime::message_processor::stable_log] Program ASmKWt93JEMHxbdE6j7znD9y2FcdPboCzC3xtSTJvN7S success
[2025-11-05T06:35:28.022716000Z DEBUG solana_runtime::message_processor::stable_log] Program TokenzQdBNbLqP5VEhdkAS6EPFLC1PHnBqCXEpPxuEb invoke [2]
[2025-11-05T06:35:28.022751000Z DEBUG solana_runtime::message_processor::stable_log] Program log: Instruction: TransferChecked
[2025-11-05T06:35:28.022875000Z DEBUG solana_runtime::message_processor::stable_log] Program TokenzQdBNbLqP5VEhdkAS6EPFLC1PHnBqCXEpPxuEb consumed 9156 of 213025 compute units
[2025-11-05T06:35:28.022883000Z DEBUG solana_runtime::message_processor::stable_log] Program TokenzQdBNbLqP5VEhdkAS6EPFLC1PHnBqCXEpPxuEb success
[2025-11-05T06:35:28.022923000Z DEBUG solana_runtime::message_processor::stable_log] Program TokenzQdBNbLqP5VEhdkAS6EPFLC1PHnBqCXEpPxuEb invoke [2]
[2025-11-05T06:35:28.022952000Z DEBUG solana_runtime::message_processor::stable_log] Program log: Instruction: TransferChecked
[2025-11-05T06:35:28.023062000Z DEBUG solana_runtime::message_processor::stable_log] Program TokenzQdBNbLqP5VEhdkAS6EPFLC1PHnBqCXEpPxuEb consumed 8762 of 201464 compute units
[2025-11-05T06:35:28.023070000Z DEBUG solana_runtime::message_processor::stable_log] Program TokenzQdBNbLqP5VEhdkAS6EPFLC1PHnBqCXEpPxuEb success
[2025-11-05T06:35:28.023144000Z DEBUG solana_runtime::message_processor::stable_log] Program ASmKWt93JEMHxbdE6j7znD9y2FcdPboCzC3xtSTJvN7S invoke [2]
[2025-11-05T06:35:28.023179000Z DEBUG solana_runtime::message_processor::stable_log] Program ASmKWt93JEMHxbdE6j7znD9y2FcdPboCzC3xtSTJvN7S consumed 2069 of 187621 compute units
[2025-11-05T06:35:28.023197000Z DEBUG solana_runtime::message_processor::stable_log] Program ASmKWt93JEMHxbdE6j7znD9y2FcdPboCzC3xtSTJvN7S success
[2025-11-05T06:35:28.023229000Z DEBUG solana_runtime::message_processor::stable_log] Program ASmKWt93JEMHxbdE6j7znD9y2FcdPboCzC3xtSTJvN7S consumed 165235 of 350000 compute units
[2025-11-05T06:35:28.023297000Z DEBUG solana_runtime::message_processor::stable_log] Program ASmKWt93JEMHxbdE6j7znD9y2FcdPboCzC3xtSTJvN7S success
[2025-11-05T06:35:28.023312000Z DEBUG solana_runtime::message_processor::stable_log] Program ComputeBudget111111111111111111111111111111 invoke [1]
[2025-11-05T06:35:28.023321000Z DEBUG solana_runtime::message_processor::stable_log] Program ComputeBudget111111111111111111111111111111 success
[2025-11-05T06:35:28.042349000Z DEBUG solana_runtime::message_processor::stable_log] Program ASmKWt93JEMHxbdE6j7znD9y2FcdPboCzC3xtSTJvN7S invoke [1]
[2025-11-05T06:35:28.042446000Z DEBUG solana_runtime::message_processor::stable_log] Program log: Instruction: CreatePosition
[2025-11-05T06:35:28.042518000Z DEBUG solana_runtime::message_processor::stable_log] Program 11111111111111111111111111111111 invoke [2]
[2025-11-05T06:35:28.042528000Z DEBUG solana_runtime::message_processor::stable_log] Program 11111111111111111111111111111111 success
[2025-11-05T06:35:28.042560000Z DEBUG solana_runtime::message_processor::stable_log] Program TokenzQdBNbLqP5VEhdkAS6EPFLC1PHnBqCXEpPxuEb invoke [2]
[2025-11-05T06:35:28.042600000Z DEBUG solana_runtime::message_processor::stable_log] Program log: MetadataPointerInstruction::Initialize
[2025-11-05T06:35:28.042634000Z DEBUG solana_runtime::message_processor::stable_log] Program TokenzQdBNbLqP5VEhdkAS6EPFLC1PHnBqCXEpPxuEb consumed 2442 of 191116 compute units
[2025-11-05T06:35:28.042644000Z DEBUG solana_runtime::message_processor::stable_log] Program TokenzQdBNbLqP5VEhdkAS6EPFLC1PHnBqCXEpPxuEb success
[2025-11-05T06:35:28.042673000Z DEBUG solana_runtime::message_processor::stable_log] Program TokenzQdBNbLqP5VEhdkAS6EPFLC1PHnBqCXEpPxuEb invoke [2]
[2025-11-05T06:35:28.042694000Z DEBUG solana_runtime::message_processor::stable_log] Program log: Instruction: InitializeMintCloseAuthority
[2025-11-05T06:35:28.042725000Z DEBUG solana_runtime::message_processor::stable_log] Program TokenzQdBNbLqP5VEhdkAS6EPFLC1PHnBqCXEpPxuEb consumed 2570 of 186696 compute units
[2025-11-05T06:35:28.042733000Z DEBUG solana_runtime::message_processor::stable_log] Program TokenzQdBNbLqP5VEhdkAS6EPFLC1PHnBqCXEpPxuEb success
[2025-11-05T06:35:28.042761000Z DEBUG solana_runtime::message_processor::stable_log] Program TokenzQdBNbLqP5VEhdkAS6EPFLC1PHnBqCXEpPxuEb invoke [2]
[2025-11-05T06:35:28.042790000Z DEBUG solana_runtime::message_processor::stable_log] Program log: Instruction: InitializeMint2
[2025-11-05T06:35:28.042851000Z DEBUG solana_runtime::message_processor::stable_log] Program TokenzQdBNbLqP5VEhdkAS6EPFLC1PHnBqCXEpPxuEb consumed 4078 of 182183 compute units
[2025-11-05T06:35:28.042860000Z DEBUG solana_runtime::message_processor::stable_log] Program TokenzQdBNbLqP5VEhdkAS6EPFLC1PHnBqCXEpPxuEb success
[2025-11-05T06:35:28.042976000Z DEBUG solana_runtime::message_processor::stable_log] Program 11111111111111111111111111111111 invoke [2]
[2025-11-05T06:35:28.042981000Z DEBUG solana_runtime::message_processor::stable_log] Program 11111111111111111111111111111111 success
[2025-11-05T06:35:28.043009000Z DEBUG solana_runtime::message_processor::stable_log] Program TokenzQdBNbLqP5VEhdkAS6EPFLC1PHnBqCXEpPxuEb invoke [2]
[2025-11-05T06:35:28.043037000Z DEBUG solana_runtime::message_processor::stable_log] Program log: Instruction: InitializeAccount3
[2025-11-05T06:35:28.043110000Z DEBUG solana_runtime::message_processor::stable_log] Program TokenzQdBNbLqP5VEhdkAS6EPFLC1PHnBqCXEpPxuEb consumed 5137 of 168499 compute units
[2025-11-05T06:35:28.043122000Z DEBUG solana_runtime::message_processor::stable_log] Program TokenzQdBNbLqP5VEhdkAS6EPFLC1PHnBqCXEpPxuEb success
[2025-11-05T06:35:28.043221000Z DEBUG solana_runtime::message_processor::stable_log] Program 11111111111111111111111111111111 invoke [2]
[2025-11-05T06:35:28.043224000Z DEBUG solana_runtime::message_processor::stable_log] Program 11111111111111111111111111111111 success
[2025-11-05T06:35:28.043349000Z DEBUG solana_runtime::message_processor::stable_log] Program TokenzQdBNbLqP5VEhdkAS6EPFLC1PHnBqCXEpPxuEb invoke [2]
[2025-11-05T06:35:28.043418000Z DEBUG solana_runtime::message_processor::stable_log] Program log: TokenMetadataInstruction: Initialize
[2025-11-05T06:35:28.043587000Z DEBUG solana_runtime::message_processor::stable_log] Program TokenzQdBNbLqP5VEhdkAS6EPFLC1PHnBqCXEpPxuEb consumed 9900 of 148769 compute units
[2025-11-05T06:35:28.043613000Z DEBUG solana_runtime::message_processor::stable_log] Program TokenzQdBNbLqP5VEhdkAS6EPFLC1PHnBqCXEpPxuEb success
[2025-11-05T06:35:28.043655000Z DEBUG solana_runtime::message_processor::stable_log] Program 11111111111111111111111111111111 invoke [2]
[2025-11-05T06:35:28.043661000Z DEBUG solana_runtime::message_processor::stable_log] Program 11111111111111111111111111111111 success
[2025-11-05T06:35:28.043698000Z DEBUG solana_runtime::message_processor::stable_log] Program TokenzQdBNbLqP5VEhdkAS6EPFLC1PHnBqCXEpPxuEb invoke [2]
[2025-11-05T06:35:28.043728000Z DEBUG solana_runtime::message_processor::stable_log] Program log: Instruction: MintTo
[2025-11-05T06:35:28.043798000Z DEBUG solana_runtime::message_processor::stable_log] Program TokenzQdBNbLqP5VEhdkAS6EPFLC1PHnBqCXEpPxuEb consumed 5540 of 133807 compute units
[2025-11-05T06:35:28.043806000Z DEBUG solana_runtime::message_processor::stable_log] Program TokenzQdBNbLqP5VEhdkAS6EPFLC1PHnBqCXEpPxuEb success
[2025-11-05T06:35:28.043862000Z DEBUG solana_runtime::message_processor::stable_log] Program ASmKWt93JEMHxbdE6j7znD9y2FcdPboCzC3xtSTJvN7S invoke [2]
[2025-11-05T06:35:28.043896000Z DEBUG solana_runtime::message_processor::stable_log] Program ASmKWt93JEMHxbdE6j7znD9y2FcdPboCzC3xtSTJvN7S consumed 2069 of 125201 compute units
[2025-11-05T06:35:28.043903000Z DEBUG solana_runtime::message_processor::stable_log] Program ASmKWt93JEMHxbdE6j7znD9y2FcdPboCzC3xtSTJvN7S success
[2025-11-05T06:35:28.043922000Z DEBUG solana_runtime::message_processor::stable_log] Program ASmKWt93JEMHxbdE6j7znD9y2FcdPboCzC3xtSTJvN7S consumed 77433 of 200000 compute units
[2025-11-05T06:35:28.043931000Z DEBUG solana_runtime::message_processor::stable_log] Program ASmKWt93JEMHxbdE6j7znD9y2FcdPboCzC3xtSTJvN7S success
[2025-11-05T06:35:28.070525000Z DEBUG solana_runtime::message_processor::stable_log] Program ASmKWt93JEMHxbdE6j7znD9y2FcdPboCzC3xtSTJvN7S invoke [1]
[2025-11-05T06:35:28.070637000Z DEBUG solana_runtime::message_processor::stable_log] Program log: Instruction: AddLiquidity
[2025-11-05T06:35:28.070965000Z DEBUG solana_runtime::message_processor::stable_log] Program TokenzQdBNbLqP5VEhdkAS6EPFLC1PHnBqCXEpPxuEb invoke [2]
[2025-11-05T06:35:28.071006000Z DEBUG solana_runtime::message_processor::stable_log] Program log: Instruction: TransferChecked
[2025-11-05T06:35:28.071146000Z DEBUG solana_runtime::message_processor::stable_log] Program TokenzQdBNbLqP5VEhdkAS6EPFLC1PHnBqCXEpPxuEb consumed 9167 of 176390 compute units
[2025-11-05T06:35:28.071156000Z DEBUG solana_runtime::message_processor::stable_log] Program TokenzQdBNbLqP5VEhdkAS6EPFLC1PHnBqCXEpPxuEb success
[2025-11-05T06:35:28.071200000Z DEBUG solana_runtime::message_processor::stable_log] Program TokenzQdBNbLqP5VEhdkAS6EPFLC1PHnBqCXEpPxuEb invoke [2]
[2025-11-05T06:35:28.071264000Z DEBUG solana_runtime::message_processor::stable_log] Program log: Instruction: TransferChecked
[2025-11-05T06:35:28.071406000Z DEBUG solana_runtime::message_processor::stable_log] Program TokenzQdBNbLqP5VEhdkAS6EPFLC1PHnBqCXEpPxuEb consumed 8762 of 164818 compute units
[2025-11-05T06:35:28.071435000Z DEBUG solana_runtime::message_processor::stable_log] Program TokenzQdBNbLqP5VEhdkAS6EPFLC1PHnBqCXEpPxuEb success
[2025-11-05T06:35:28.071492000Z DEBUG solana_runtime::message_processor::stable_log] Program ASmKWt93JEMHxbdE6j7znD9y2FcdPboCzC3xtSTJvN7S invoke [2]
[2025-11-05T06:35:28.071572000Z DEBUG solana_runtime::message_processor::stable_log] Program ASmKWt93JEMHxbdE6j7znD9y2FcdPboCzC3xtSTJvN7S consumed 2069 of 152802 compute units
[2025-11-05T06:35:28.071582000Z DEBUG solana_runtime::message_processor::stable_log] Program ASmKWt93JEMHxbdE6j7znD9y2FcdPboCzC3xtSTJvN7S success
[2025-11-05T06:35:28.071679000Z DEBUG solana_runtime::message_processor::stable_log] Program ASmKWt93JEMHxbdE6j7znD9y2FcdPboCzC3xtSTJvN7S invoke [2]
[2025-11-05T06:35:28.071707000Z DEBUG solana_runtime::message_processor::stable_log] Program ASmKWt93JEMHxbdE6j7znD9y2FcdPboCzC3xtSTJvN7S consumed 2069 of 144399 compute units
[2025-11-05T06:35:28.071714000Z DEBUG solana_runtime::message_processor::stable_log] Program ASmKWt93JEMHxbdE6j7znD9y2FcdPboCzC3xtSTJvN7S success
[2025-11-05T06:35:28.071734000Z DEBUG solana_runtime::message_processor::stable_log] Program ASmKWt93JEMHxbdE6j7znD9y2FcdPboCzC3xtSTJvN7S consumed 58311 of 200000 compute units
[2025-11-05T06:35:28.071744000Z DEBUG solana_runtime::message_processor::stable_log] Program ASmKWt93JEMHxbdE6j7znD9y2FcdPboCzC3xtSTJvN7S success
[2025-11-05T06:35:28.083181000Z DEBUG solana_runtime::message_processor::stable_log] Program ASmKWt93JEMHxbdE6j7znD9y2FcdPboCzC3xtSTJvN7S invoke [1]
[2025-11-05T06:35:28.083343000Z DEBUG solana_runtime::message_processor::stable_log] Program log: Instruction: InitializeReward
[2025-11-05T06:35:28.083562000Z DEBUG solana_runtime::message_processor::stable_log] Program 11111111111111111111111111111111 invoke [2]
[2025-11-05T06:35:28.083576000Z DEBUG solana_runtime::message_processor::stable_log] Program 11111111111111111111111111111111 success
[2025-11-05T06:35:28.083626000Z DEBUG solana_runtime::message_processor::stable_log] Program TokenzQdBNbLqP5VEhdkAS6EPFLC1PHnBqCXEpPxuEb invoke [2]
[2025-11-05T06:35:28.083675000Z DEBUG solana_runtime::message_processor::stable_log] Program log: Instruction: InitializeAccount3
[2025-11-05T06:35:28.083853000Z DEBUG solana_runtime::message_processor::stable_log] Program TokenzQdBNbLqP5VEhdkAS6EPFLC1PHnBqCXEpPxuEb consumed 5379 of 187806 compute units
[2025-11-05T06:35:28.083874000Z DEBUG solana_runtime::message_processor::stable_log] Program TokenzQdBNbLqP5VEhdkAS6EPFLC1PHnBqCXEpPxuEb success
[2025-11-05T06:35:28.084075000Z DEBUG solana_runtime::message_processor::stable_log] Program ASmKWt93JEMHxbdE6j7znD9y2FcdPboCzC3xtSTJvN7S invoke [2]
[2025-11-05T06:35:28.084135000Z DEBUG solana_runtime::message_processor::stable_log] Program ASmKWt93JEMHxbdE6j7znD9y2FcdPboCzC3xtSTJvN7S consumed 2069 of 174647 compute units
[2025-11-05T06:35:28.084145000Z DEBUG solana_runtime::message_processor::stable_log] Program ASmKWt93JEMHxbdE6j7znD9y2FcdPboCzC3xtSTJvN7S success
[2025-11-05T06:35:28.084164000Z DEBUG solana_runtime::message_processor::stable_log] Program ASmKWt93JEMHxbdE6j7znD9y2FcdPboCzC3xtSTJvN7S consumed 27838 of 200000 compute units
[2025-11-05T06:35:28.084175000Z DEBUG solana_runtime::message_processor::stable_log] Program ASmKWt93JEMHxbdE6j7znD9y2FcdPboCzC3xtSTJvN7S success
[2025-11-05T06:35:28.097479000Z DEBUG solana_runtime::message_processor::stable_log] Program ASmKWt93JEMHxbdE6j7znD9y2FcdPboCzC3xtSTJvN7S invoke [1]
[2025-11-05T06:35:28.097600000Z DEBUG solana_runtime::message_processor::stable_log] Program log: Instruction: UpdateRewardDuration
[2025-11-05T06:35:28.097676000Z DEBUG solana_runtime::message_processor::stable_log] Program ASmKWt93JEMHxbdE6j7znD9y2FcdPboCzC3xtSTJvN7S invoke [2]
[2025-11-05T06:35:28.097727000Z DEBUG solana_runtime::message_processor::stable_log] Program ASmKWt93JEMHxbdE6j7znD9y2FcdPboCzC3xtSTJvN7S consumed 2069 of 194155 compute units
[2025-11-05T06:35:28.097737000Z DEBUG solana_runtime::message_processor::stable_log] Program ASmKWt93JEMHxbdE6j7znD9y2FcdPboCzC3xtSTJvN7S success
[2025-11-05T06:35:28.097754000Z DEBUG solana_runtime::message_processor::stable_log] Program ASmKWt93JEMHxbdE6j7znD9y2FcdPboCzC3xtSTJvN7S consumed 8198 of 200000 compute units
[2025-11-05T06:35:28.097763000Z DEBUG solana_runtime::message_processor::stable_log] Program ASmKWt93JEMHxbdE6j7znD9y2FcdPboCzC3xtSTJvN7S success
[2025-11-05T06:35:28.111449000Z DEBUG solana_runtime::message_processor::stable_log] Program ASmKWt93JEMHxbdE6j7znD9y2FcdPboCzC3xtSTJvN7S invoke [1]
[2025-11-05T06:35:28.111533000Z DEBUG solana_runtime::message_processor::stable_log] Program log: Instruction: UpdateRewardFunder
[2025-11-05T06:35:28.111661000Z DEBUG solana_runtime::message_processor::stable_log] Program ASmKWt93JEMHxbdE6j7znD9y2FcdPboCzC3xtSTJvN7S invoke [2]
[2025-11-05T06:35:28.111702000Z DEBUG solana_runtime::message_processor::stable_log] Program ASmKWt93JEMHxbdE6j7znD9y2FcdPboCzC3xtSTJvN7S consumed 2069 of 193848 compute units
[2025-11-05T06:35:28.111712000Z DEBUG solana_runtime::message_processor::stable_log] Program ASmKWt93JEMHxbdE6j7znD9y2FcdPboCzC3xtSTJvN7S success
[2025-11-05T06:35:28.111728000Z DEBUG solana_runtime::message_processor::stable_log] Program ASmKWt93JEMHxbdE6j7znD9y2FcdPboCzC3xtSTJvN7S consumed 8505 of 200000 compute units
[2025-11-05T06:35:28.111736000Z DEBUG solana_runtime::message_processor::stable_log] Program ASmKWt93JEMHxbdE6j7znD9y2FcdPboCzC3xtSTJvN7S success
      ✔ Admin can initialize and update reward at index = 0 (121ms)

  Reward by creator
    Reward with SPL-Token
[2025-11-05T06:35:28.125802000Z INFO  solana_program_test] "cp_amm" SBF program from ./target/deploy/cp_amm.so, modified 24 minutes, 35 seconds, 473 ms, 115 µs and 203 ns ago
[2025-11-05T06:35:28.126070000Z INFO  solana_program_test] "fee_router" SBF program from ./target/deploy/fee_router.so, modified 38 seconds, 210 ms, 328 µs and 331 ns ago
[2025-11-05T06:35:28.126214000Z INFO  solana_program_test] "transfer_hook_counter" SBF program from tests/fixtures/transfer_hook_counter.so, modified 3 weeks, 22 hours, 59 minutes, 2 seconds, 951 ms, 813 µs and 196 ns ago
[2025-11-05T06:35:28.126479000Z INFO  solana_program_test] "alpha_vault" SBF program from tests/fixtures/alpha_vault.so, modified 3 weeks, 22 hours, 59 minutes, 2 seconds, 952 ms, 763 µs and 72 ns ago
[2025-11-05T06:35:28.126941000Z INFO  solana_program_test] "streamflow" SBF program from tests/fixtures/streamflow.so, modified 3 weeks, 6 hours, 59 minutes, 12 seconds, 837 ms, 855 µs and 387 ns ago
[2025-11-05T06:35:28.127309000Z INFO  solana_program_test] "cp_amm" SBF program from ./target/deploy/cp_amm.so, modified 24 minutes, 35 seconds, 474 ms, 627 µs and 203 ns ago
[2025-11-05T06:35:28.127650000Z INFO  solana_program_test] "fee_router" SBF program from ./target/deploy/fee_router.so, modified 38 seconds, 211 ms, 908 µs and 331 ns ago
[2025-11-05T06:35:28.149998000Z INFO  solana_program_test] Overriding account at ASmKWt93JEMHxbdE6j7znD9y2FcdPboCzC3xtSTJvN7S
[2025-11-05T06:35:28.150022000Z INFO  solana_program_test] Overriding account at 5B57SJ3g2YoNXUpsZqqjEQkRSxyKtVTQRXdgAirz6bio
[2025-11-05T06:35:28.160968000Z DEBUG solana_runtime::message_processor::stable_log] Program 11111111111111111111111111111111 invoke [1]
[2025-11-05T06:35:28.160982000Z DEBUG solana_runtime::message_processor::stable_log] Program 11111111111111111111111111111111 success
[2025-11-05T06:35:28.164735000Z DEBUG solana_runtime::message_processor::stable_log] Program 11111111111111111111111111111111 invoke [1]
[2025-11-05T06:35:28.164745000Z DEBUG solana_runtime::message_processor::stable_log] Program 11111111111111111111111111111111 success
[2025-11-05T06:35:28.168707000Z DEBUG solana_runtime::message_processor::stable_log] Program 11111111111111111111111111111111 invoke [1]
[2025-11-05T06:35:28.168723000Z DEBUG solana_runtime::message_processor::stable_log] Program 11111111111111111111111111111111 success
[2025-11-05T06:35:28.172797000Z DEBUG solana_runtime::message_processor::stable_log] Program 11111111111111111111111111111111 invoke [1]
[2025-11-05T06:35:28.172809000Z DEBUG solana_runtime::message_processor::stable_log] Program 11111111111111111111111111111111 success
[2025-11-05T06:35:28.179987000Z DEBUG solana_runtime::message_processor::stable_log] Program 11111111111111111111111111111111 invoke [1]
[2025-11-05T06:35:28.180001000Z DEBUG solana_runtime::message_processor::stable_log] Program 11111111111111111111111111111111 success
[2025-11-05T06:35:28.180005000Z DEBUG solana_runtime::message_processor::stable_log] Program TokenkegQfeZyiNwAJbNbGKPFXCWuBvf9Ss623VQ5DA invoke [1]
[2025-11-05T06:35:28.180057000Z DEBUG solana_runtime::message_processor::stable_log] Program log: Instruction: InitializeMint2
[2025-11-05T06:35:28.180091000Z DEBUG solana_runtime::message_processor::stable_log] Program TokenkegQfeZyiNwAJbNbGKPFXCWuBvf9Ss623VQ5DA consumed 2779 of 399850 compute units
[2025-11-05T06:35:28.180100000Z DEBUG solana_runtime::message_processor::stable_log] Program TokenkegQfeZyiNwAJbNbGKPFXCWuBvf9Ss623VQ5DA success
[2025-11-05T06:35:28.187785000Z DEBUG solana_runtime::message_processor::stable_log] Program 11111111111111111111111111111111 invoke [1]
[2025-11-05T06:35:28.187801000Z DEBUG solana_runtime::message_processor::stable_log] Program 11111111111111111111111111111111 success
[2025-11-05T06:35:28.187804000Z DEBUG solana_runtime::message_processor::stable_log] Program TokenkegQfeZyiNwAJbNbGKPFXCWuBvf9Ss623VQ5DA invoke [1]
[2025-11-05T06:35:28.187857000Z DEBUG solana_runtime::message_processor::stable_log] Program log: Instruction: InitializeMint2
[2025-11-05T06:35:28.187891000Z DEBUG solana_runtime::message_processor::stable_log] Program TokenkegQfeZyiNwAJbNbGKPFXCWuBvf9Ss623VQ5DA consumed 2779 of 399850 compute units
[2025-11-05T06:35:28.187900000Z DEBUG solana_runtime::message_processor::stable_log] Program TokenkegQfeZyiNwAJbNbGKPFXCWuBvf9Ss623VQ5DA success
[2025-11-05T06:35:28.195157000Z DEBUG solana_runtime::message_processor::stable_log] Program 11111111111111111111111111111111 invoke [1]
[2025-11-05T06:35:28.195208000Z DEBUG solana_runtime::message_processor::stable_log] Program 11111111111111111111111111111111 success
[2025-11-05T06:35:28.195216000Z DEBUG solana_runtime::message_processor::stable_log] Program TokenkegQfeZyiNwAJbNbGKPFXCWuBvf9Ss623VQ5DA invoke [1]
[2025-11-05T06:35:28.195266000Z DEBUG solana_runtime::message_processor::stable_log] Program log: Instruction: InitializeMint2
[2025-11-05T06:35:28.195299000Z DEBUG solana_runtime::message_processor::stable_log] Program TokenkegQfeZyiNwAJbNbGKPFXCWuBvf9Ss623VQ5DA consumed 2779 of 399850 compute units
[2025-11-05T06:35:28.195309000Z DEBUG solana_runtime::message_processor::stable_log] Program TokenkegQfeZyiNwAJbNbGKPFXCWuBvf9Ss623VQ5DA success
[2025-11-05T06:35:28.201145000Z DEBUG solana_runtime::message_processor::stable_log] Program ATokenGPvbdGVxr1b2hvZbsiqW5xWH25efTNsLJA8knL invoke [1]
[2025-11-05T06:35:28.201294000Z DEBUG solana_runtime::message_processor::stable_log] Program log: Create
[2025-11-05T06:35:28.201442000Z DEBUG solana_runtime::message_processor::stable_log] Program TokenkegQfeZyiNwAJbNbGKPFXCWuBvf9Ss623VQ5DA invoke [2]
[2025-11-05T06:35:28.201499000Z DEBUG solana_runtime::message_processor::stable_log] Program log: Instruction: GetAccountDataSize
[2025-11-05T06:35:28.201533000Z DEBUG solana_runtime::message_processor::stable_log] Program TokenkegQfeZyiNwAJbNbGKPFXCWuBvf9Ss623VQ5DA consumed 1595 of 190055 compute units
[2025-11-05T06:35:28.201543000Z DEBUG solana_runtime::message_processor::stable_log] Program return: TokenkegQfeZyiNwAJbNbGKPFXCWuBvf9Ss623VQ5DA pQAAAAAAAAA=
[2025-11-05T06:35:28.201558000Z DEBUG solana_runtime::message_processor::stable_log] Program TokenkegQfeZyiNwAJbNbGKPFXCWuBvf9Ss623VQ5DA success
[2025-11-05T06:35:28.201689000Z DEBUG solana_runtime::message_processor::stable_log] Program 11111111111111111111111111111111 invoke [2]
[2025-11-05T06:35:28.201703000Z DEBUG solana_runtime::message_processor::stable_log] Program 11111111111111111111111111111111 success
[2025-11-05T06:35:28.201712000Z DEBUG solana_runtime::message_processor::stable_log] Program log: Initialize the associated token account
[2025-11-05T06:35:28.201745000Z DEBUG solana_runtime::message_processor::stable_log] Program TokenkegQfeZyiNwAJbNbGKPFXCWuBvf9Ss623VQ5DA invoke [2]
[2025-11-05T06:35:28.201782000Z DEBUG solana_runtime::message_processor::stable_log] Program log: Instruction: InitializeImmutableOwner
[2025-11-05T06:35:28.201809000Z DEBUG solana_runtime::message_processor::stable_log] Program log: Please upgrade to SPL Token 2022 for immutable owner support
[2025-11-05T06:35:28.201816000Z DEBUG solana_runtime::message_processor::stable_log] Program TokenkegQfeZyiNwAJbNbGKPFXCWuBvf9Ss623VQ5DA consumed 1405 of 183442 compute units
[2025-11-05T06:35:28.201846000Z DEBUG solana_runtime::message_processor::stable_log] Program TokenkegQfeZyiNwAJbNbGKPFXCWuBvf9Ss623VQ5DA success
[2025-11-05T06:35:28.201902000Z DEBUG solana_runtime::message_processor::stable_log] Program TokenkegQfeZyiNwAJbNbGKPFXCWuBvf9Ss623VQ5DA invoke [2]
[2025-11-05T06:35:28.201969000Z DEBUG solana_runtime::message_processor::stable_log] Program log: Instruction: InitializeAccount3
[2025-11-05T06:35:28.202034000Z DEBUG solana_runtime::message_processor::stable_log] Program TokenkegQfeZyiNwAJbNbGKPFXCWuBvf9Ss623VQ5DA consumed 4214 of 179558 compute units
[2025-11-05T06:35:28.202044000Z DEBUG solana_runtime::message_processor::stable_log] Program TokenkegQfeZyiNwAJbNbGKPFXCWuBvf9Ss623VQ5DA success
[2025-11-05T06:35:28.202058000Z DEBUG solana_runtime::message_processor::stable_log] Program ATokenGPvbdGVxr1b2hvZbsiqW5xWH25efTNsLJA8knL consumed 24960 of 200000 compute units
[2025-11-05T06:35:28.202067000Z DEBUG solana_runtime::message_processor::stable_log] Program ATokenGPvbdGVxr1b2hvZbsiqW5xWH25efTNsLJA8knL success
[2025-11-05T06:35:28.205571000Z DEBUG solana_runtime::message_processor::stable_log] Program TokenkegQfeZyiNwAJbNbGKPFXCWuBvf9Ss623VQ5DA invoke [1]
[2025-11-05T06:35:28.205631000Z DEBUG solana_runtime::message_processor::stable_log] Program log: Instruction: MintTo
[2025-11-05T06:35:28.205691000Z DEBUG solana_runtime::message_processor::stable_log] Program TokenkegQfeZyiNwAJbNbGKPFXCWuBvf9Ss623VQ5DA consumed 4491 of 200000 compute units
[2025-11-05T06:35:28.205702000Z DEBUG solana_runtime::message_processor::stable_log] Program TokenkegQfeZyiNwAJbNbGKPFXCWuBvf9Ss623VQ5DA success
[2025-11-05T06:35:28.210515000Z DEBUG solana_runtime::message_processor::stable_log] Program ATokenGPvbdGVxr1b2hvZbsiqW5xWH25efTNsLJA8knL invoke [1]
[2025-11-05T06:35:28.210590000Z DEBUG solana_runtime::message_processor::stable_log] Program log: Create
[2025-11-05T06:35:28.210640000Z DEBUG solana_runtime::message_processor::stable_log] Program TokenkegQfeZyiNwAJbNbGKPFXCWuBvf9Ss623VQ5DA invoke [2]
[2025-11-05T06:35:28.210674000Z DEBUG solana_runtime::message_processor::stable_log] Program log: Instruction: GetAccountDataSize
[2025-11-05T06:35:28.210692000Z DEBUG solana_runtime::message_processor::stable_log] Program TokenkegQfeZyiNwAJbNbGKPFXCWuBvf9Ss623VQ5DA consumed 1595 of 194555 compute units
[2025-11-05T06:35:28.210700000Z DEBUG solana_runtime::message_processor::stable_log] Program return: TokenkegQfeZyiNwAJbNbGKPFXCWuBvf9Ss623VQ5DA pQAAAAAAAAA=
[2025-11-05T06:35:28.210709000Z DEBUG solana_runtime::message_processor::stable_log] Program TokenkegQfeZyiNwAJbNbGKPFXCWuBvf9Ss623VQ5DA success
[2025-11-05T06:35:28.210764000Z DEBUG solana_runtime::message_processor::stable_log] Program 11111111111111111111111111111111 invoke [2]
[2025-11-05T06:35:28.210772000Z DEBUG solana_runtime::message_processor::stable_log] Program 11111111111111111111111111111111 success
[2025-11-05T06:35:28.210777000Z DEBUG solana_runtime::message_processor::stable_log] Program log: Initialize the associated token account
[2025-11-05T06:35:28.210794000Z DEBUG solana_runtime::message_processor::stable_log] Program TokenkegQfeZyiNwAJbNbGKPFXCWuBvf9Ss623VQ5DA invoke [2]
[2025-11-05T06:35:28.210817000Z DEBUG solana_runtime::message_processor::stable_log] Program log: Instruction: InitializeImmutableOwner
[2025-11-05T06:35:28.210828000Z DEBUG solana_runtime::message_processor::stable_log] Program log: Please upgrade to SPL Token 2022 for immutable owner support
[2025-11-05T06:35:28.210832000Z DEBUG solana_runtime::message_processor::stable_log] Program TokenkegQfeZyiNwAJbNbGKPFXCWuBvf9Ss623VQ5DA consumed 1405 of 187942 compute units
[2025-11-05T06:35:28.210839000Z DEBUG solana_runtime::message_processor::stable_log] Program TokenkegQfeZyiNwAJbNbGKPFXCWuBvf9Ss623VQ5DA success
[2025-11-05T06:35:28.210873000Z DEBUG solana_runtime::message_processor::stable_log] Program TokenkegQfeZyiNwAJbNbGKPFXCWuBvf9Ss623VQ5DA invoke [2]
[2025-11-05T06:35:28.210907000Z DEBUG solana_runtime::message_processor::stable_log] Program log: Instruction: InitializeAccount3
[2025-11-05T06:35:28.210962000Z DEBUG solana_runtime::message_processor::stable_log] Program TokenkegQfeZyiNwAJbNbGKPFXCWuBvf9Ss623VQ5DA consumed 4214 of 184058 compute units
[2025-11-05T06:35:28.210971000Z DEBUG solana_runtime::message_processor::stable_log] Program TokenkegQfeZyiNwAJbNbGKPFXCWuBvf9Ss623VQ5DA success
[2025-11-05T06:35:28.210984000Z DEBUG solana_runtime::message_processor::stable_log] Program ATokenGPvbdGVxr1b2hvZbsiqW5xWH25efTNsLJA8knL consumed 20460 of 200000 compute units
[2025-11-05T06:35:28.210993000Z DEBUG solana_runtime::message_processor::stable_log] Program ATokenGPvbdGVxr1b2hvZbsiqW5xWH25efTNsLJA8knL success
[2025-11-05T06:35:28.214213000Z DEBUG solana_runtime::message_processor::stable_log] Program TokenkegQfeZyiNwAJbNbGKPFXCWuBvf9Ss623VQ5DA invoke [1]
[2025-11-05T06:35:28.214272000Z DEBUG solana_runtime::message_processor::stable_log] Program log: Instruction: MintTo
[2025-11-05T06:35:28.214338000Z DEBUG solana_runtime::message_processor::stable_log] Program TokenkegQfeZyiNwAJbNbGKPFXCWuBvf9Ss623VQ5DA consumed 4491 of 200000 compute units
[2025-11-05T06:35:28.214349000Z DEBUG solana_runtime::message_processor::stable_log] Program TokenkegQfeZyiNwAJbNbGKPFXCWuBvf9Ss623VQ5DA success
[2025-11-05T06:35:28.219500000Z DEBUG solana_runtime::message_processor::stable_log] Program ATokenGPvbdGVxr1b2hvZbsiqW5xWH25efTNsLJA8knL invoke [1]
[2025-11-05T06:35:28.219569000Z DEBUG solana_runtime::message_processor::stable_log] Program log: Create
[2025-11-05T06:35:28.219624000Z DEBUG solana_runtime::message_processor::stable_log] Program TokenkegQfeZyiNwAJbNbGKPFXCWuBvf9Ss623VQ5DA invoke [2]
[2025-11-05T06:35:28.219664000Z DEBUG solana_runtime::message_processor::stable_log] Program log: Instruction: GetAccountDataSize
[2025-11-05T06:35:28.219681000Z DEBUG solana_runtime::message_processor::stable_log] Program TokenkegQfeZyiNwAJbNbGKPFXCWuBvf9Ss623VQ5DA consumed 1595 of 193055 compute units
[2025-11-05T06:35:28.219689000Z DEBUG solana_runtime::message_processor::stable_log] Program return: TokenkegQfeZyiNwAJbNbGKPFXCWuBvf9Ss623VQ5DA pQAAAAAAAAA=
[2025-11-05T06:35:28.219697000Z DEBUG solana_runtime::message_processor::stable_log] Program TokenkegQfeZyiNwAJbNbGKPFXCWuBvf9Ss623VQ5DA success
[2025-11-05T06:35:28.219751000Z DEBUG solana_runtime::message_processor::stable_log] Program 11111111111111111111111111111111 invoke [2]
[2025-11-05T06:35:28.219759000Z DEBUG solana_runtime::message_processor::stable_log] Program 11111111111111111111111111111111 success
[2025-11-05T06:35:28.219764000Z DEBUG solana_runtime::message_processor::stable_log] Program log: Initialize the associated token account
[2025-11-05T06:35:28.219798000Z DEBUG solana_runtime::message_processor::stable_log] Program TokenkegQfeZyiNwAJbNbGKPFXCWuBvf9Ss623VQ5DA invoke [2]
[2025-11-05T06:35:28.219832000Z DEBUG solana_runtime::message_processor::stable_log] Program log: Instruction: InitializeImmutableOwner
[2025-11-05T06:35:28.219844000Z DEBUG solana_runtime::message_processor::stable_log] Program log: Please upgrade to SPL Token 2022 for immutable owner support
[2025-11-05T06:35:28.219848000Z DEBUG solana_runtime::message_processor::stable_log] Program TokenkegQfeZyiNwAJbNbGKPFXCWuBvf9Ss623VQ5DA consumed 1405 of 186442 compute units
[2025-11-05T06:35:28.219856000Z DEBUG solana_runtime::message_processor::stable_log] Program TokenkegQfeZyiNwAJbNbGKPFXCWuBvf9Ss623VQ5DA success
[2025-11-05T06:35:28.219893000Z DEBUG solana_runtime::message_processor::stable_log] Program TokenkegQfeZyiNwAJbNbGKPFXCWuBvf9Ss623VQ5DA invoke [2]
[2025-11-05T06:35:28.219921000Z DEBUG solana_runtime::message_processor::stable_log] Program log: Instruction: InitializeAccount3
[2025-11-05T06:35:28.219985000Z DEBUG solana_runtime::message_processor::stable_log] Program TokenkegQfeZyiNwAJbNbGKPFXCWuBvf9Ss623VQ5DA consumed 4214 of 182558 compute units
[2025-11-05T06:35:28.219993000Z DEBUG solana_runtime::message_processor::stable_log] Program TokenkegQfeZyiNwAJbNbGKPFXCWuBvf9Ss623VQ5DA success
[2025-11-05T06:35:28.220005000Z DEBUG solana_runtime::message_processor::stable_log] Program ATokenGPvbdGVxr1b2hvZbsiqW5xWH25efTNsLJA8knL consumed 21960 of 200000 compute units
[2025-11-05T06:35:28.220014000Z DEBUG solana_runtime::message_processor::stable_log] Program ATokenGPvbdGVxr1b2hvZbsiqW5xWH25efTNsLJA8knL success
[2025-11-05T06:35:28.223266000Z DEBUG solana_runtime::message_processor::stable_log] Program TokenkegQfeZyiNwAJbNbGKPFXCWuBvf9Ss623VQ5DA invoke [1]
[2025-11-05T06:35:28.223317000Z DEBUG solana_runtime::message_processor::stable_log] Program log: Instruction: MintTo
[2025-11-05T06:35:28.223374000Z DEBUG solana_runtime::message_processor::stable_log] Program TokenkegQfeZyiNwAJbNbGKPFXCWuBvf9Ss623VQ5DA consumed 4491 of 200000 compute units
[2025-11-05T06:35:28.223383000Z DEBUG solana_runtime::message_processor::stable_log] Program TokenkegQfeZyiNwAJbNbGKPFXCWuBvf9Ss623VQ5DA success
[2025-11-05T06:35:28.228230000Z DEBUG solana_runtime::message_processor::stable_log] Program ATokenGPvbdGVxr1b2hvZbsiqW5xWH25efTNsLJA8knL invoke [1]
[2025-11-05T06:35:28.228300000Z DEBUG solana_runtime::message_processor::stable_log] Program log: Create
[2025-11-05T06:35:28.228357000Z DEBUG solana_runtime::message_processor::stable_log] Program TokenkegQfeZyiNwAJbNbGKPFXCWuBvf9Ss623VQ5DA invoke [2]
[2025-11-05T06:35:28.228385000Z DEBUG solana_runtime::message_processor::stable_log] Program log: Instruction: GetAccountDataSize
[2025-11-05T06:35:28.228402000Z DEBUG solana_runtime::message_processor::stable_log] Program TokenkegQfeZyiNwAJbNbGKPFXCWuBvf9Ss623VQ5DA consumed 1595 of 193055 compute units
[2025-11-05T06:35:28.228409000Z DEBUG solana_runtime::message_processor::stable_log] Program return: TokenkegQfeZyiNwAJbNbGKPFXCWuBvf9Ss623VQ5DA pQAAAAAAAAA=
[2025-11-05T06:35:28.228417000Z DEBUG solana_runtime::message_processor::stable_log] Program TokenkegQfeZyiNwAJbNbGKPFXCWuBvf9Ss623VQ5DA success
[2025-11-05T06:35:28.228469000Z DEBUG solana_runtime::message_processor::stable_log] Program 11111111111111111111111111111111 invoke [2]
[2025-11-05T06:35:28.228476000Z DEBUG solana_runtime::message_processor::stable_log] Program 11111111111111111111111111111111 success
[2025-11-05T06:35:28.228481000Z DEBUG solana_runtime::message_processor::stable_log] Program log: Initialize the associated token account
[2025-11-05T06:35:28.228499000Z DEBUG solana_runtime::message_processor::stable_log] Program TokenkegQfeZyiNwAJbNbGKPFXCWuBvf9Ss623VQ5DA invoke [2]
[2025-11-05T06:35:28.228538000Z DEBUG solana_runtime::message_processor::stable_log] Program log: Instruction: InitializeImmutableOwner
[2025-11-05T06:35:28.228549000Z DEBUG solana_runtime::message_processor::stable_log] Program log: Please upgrade to SPL Token 2022 for immutable owner support
[2025-11-05T06:35:28.228552000Z DEBUG solana_runtime::message_processor::stable_log] Program TokenkegQfeZyiNwAJbNbGKPFXCWuBvf9Ss623VQ5DA consumed 1405 of 186442 compute units
[2025-11-05T06:35:28.228560000Z DEBUG solana_runtime::message_processor::stable_log] Program TokenkegQfeZyiNwAJbNbGKPFXCWuBvf9Ss623VQ5DA success
[2025-11-05T06:35:28.228593000Z DEBUG solana_runtime::message_processor::stable_log] Program TokenkegQfeZyiNwAJbNbGKPFXCWuBvf9Ss623VQ5DA invoke [2]
[2025-11-05T06:35:28.228619000Z DEBUG solana_runtime::message_processor::stable_log] Program log: Instruction: InitializeAccount3
[2025-11-05T06:35:28.228671000Z DEBUG solana_runtime::message_processor::stable_log] Program TokenkegQfeZyiNwAJbNbGKPFXCWuBvf9Ss623VQ5DA consumed 4214 of 182558 compute units
[2025-11-05T06:35:28.228678000Z DEBUG solana_runtime::message_processor::stable_log] Program TokenkegQfeZyiNwAJbNbGKPFXCWuBvf9Ss623VQ5DA success
[2025-11-05T06:35:28.228691000Z DEBUG solana_runtime::message_processor::stable_log] Program ATokenGPvbdGVxr1b2hvZbsiqW5xWH25efTNsLJA8knL consumed 21960 of 200000 compute units
[2025-11-05T06:35:28.228700000Z DEBUG solana_runtime::message_processor::stable_log] Program ATokenGPvbdGVxr1b2hvZbsiqW5xWH25efTNsLJA8knL success
[2025-11-05T06:35:28.231721000Z DEBUG solana_runtime::message_processor::stable_log] Program TokenkegQfeZyiNwAJbNbGKPFXCWuBvf9Ss623VQ5DA invoke [1]
[2025-11-05T06:35:28.231788000Z DEBUG solana_runtime::message_processor::stable_log] Program log: Instruction: MintTo
[2025-11-05T06:35:28.231846000Z DEBUG solana_runtime::message_processor::stable_log] Program TokenkegQfeZyiNwAJbNbGKPFXCWuBvf9Ss623VQ5DA consumed 4491 of 200000 compute units
[2025-11-05T06:35:28.231857000Z DEBUG solana_runtime::message_processor::stable_log] Program TokenkegQfeZyiNwAJbNbGKPFXCWuBvf9Ss623VQ5DA success
[2025-11-05T06:35:28.237588000Z DEBUG solana_runtime::message_processor::stable_log] Program ATokenGPvbdGVxr1b2hvZbsiqW5xWH25efTNsLJA8knL invoke [1]
[2025-11-05T06:35:28.237667000Z DEBUG solana_runtime::message_processor::stable_log] Program log: Create
[2025-11-05T06:35:28.237716000Z DEBUG solana_runtime::message_processor::stable_log] Program TokenkegQfeZyiNwAJbNbGKPFXCWuBvf9Ss623VQ5DA invoke [2]
[2025-11-05T06:35:28.237749000Z DEBUG solana_runtime::message_processor::stable_log] Program log: Instruction: GetAccountDataSize
[2025-11-05T06:35:28.237766000Z DEBUG solana_runtime::message_processor::stable_log] Program TokenkegQfeZyiNwAJbNbGKPFXCWuBvf9Ss623VQ5DA consumed 1595 of 194555 compute units
[2025-11-05T06:35:28.237773000Z DEBUG solana_runtime::message_processor::stable_log] Program return: TokenkegQfeZyiNwAJbNbGKPFXCWuBvf9Ss623VQ5DA pQAAAAAAAAA=
[2025-11-05T06:35:28.237783000Z DEBUG solana_runtime::message_processor::stable_log] Program TokenkegQfeZyiNwAJbNbGKPFXCWuBvf9Ss623VQ5DA success
[2025-11-05T06:35:28.237838000Z DEBUG solana_runtime::message_processor::stable_log] Program 11111111111111111111111111111111 invoke [2]
[2025-11-05T06:35:28.237845000Z DEBUG solana_runtime::message_processor::stable_log] Program 11111111111111111111111111111111 success
[2025-11-05T06:35:28.237850000Z DEBUG solana_runtime::message_processor::stable_log] Program log: Initialize the associated token account
[2025-11-05T06:35:28.237868000Z DEBUG solana_runtime::message_processor::stable_log] Program TokenkegQfeZyiNwAJbNbGKPFXCWuBvf9Ss623VQ5DA invoke [2]
[2025-11-05T06:35:28.237889000Z DEBUG solana_runtime::message_processor::stable_log] Program log: Instruction: InitializeImmutableOwner
[2025-11-05T06:35:28.237900000Z DEBUG solana_runtime::message_processor::stable_log] Program log: Please upgrade to SPL Token 2022 for immutable owner support
[2025-11-05T06:35:28.237903000Z DEBUG solana_runtime::message_processor::stable_log] Program TokenkegQfeZyiNwAJbNbGKPFXCWuBvf9Ss623VQ5DA consumed 1405 of 187942 compute units
[2025-11-05T06:35:28.237910000Z DEBUG solana_runtime::message_processor::stable_log] Program TokenkegQfeZyiNwAJbNbGKPFXCWuBvf9Ss623VQ5DA success
[2025-11-05T06:35:28.237943000Z DEBUG solana_runtime::message_processor::stable_log] Program TokenkegQfeZyiNwAJbNbGKPFXCWuBvf9Ss623VQ5DA invoke [2]
[2025-11-05T06:35:28.237970000Z DEBUG solana_runtime::message_processor::stable_log] Program log: Instruction: InitializeAccount3
[2025-11-05T06:35:28.238023000Z DEBUG solana_runtime::message_processor::stable_log] Program TokenkegQfeZyiNwAJbNbGKPFXCWuBvf9Ss623VQ5DA consumed 4214 of 184058 compute units
[2025-11-05T06:35:28.238030000Z DEBUG solana_runtime::message_processor::stable_log] Program TokenkegQfeZyiNwAJbNbGKPFXCWuBvf9Ss623VQ5DA success
[2025-11-05T06:35:28.238042000Z DEBUG solana_runtime::message_processor::stable_log] Program ATokenGPvbdGVxr1b2hvZbsiqW5xWH25efTNsLJA8knL consumed 20460 of 200000 compute units
[2025-11-05T06:35:28.238050000Z DEBUG solana_runtime::message_processor::stable_log] Program ATokenGPvbdGVxr1b2hvZbsiqW5xWH25efTNsLJA8knL success
[2025-11-05T06:35:28.241597000Z DEBUG solana_runtime::message_processor::stable_log] Program TokenkegQfeZyiNwAJbNbGKPFXCWuBvf9Ss623VQ5DA invoke [1]
[2025-11-05T06:35:28.241659000Z DEBUG solana_runtime::message_processor::stable_log] Program log: Instruction: MintTo
[2025-11-05T06:35:28.241718000Z DEBUG solana_runtime::message_processor::stable_log] Program TokenkegQfeZyiNwAJbNbGKPFXCWuBvf9Ss623VQ5DA consumed 4491 of 200000 compute units
[2025-11-05T06:35:28.241727000Z DEBUG solana_runtime::message_processor::stable_log] Program TokenkegQfeZyiNwAJbNbGKPFXCWuBvf9Ss623VQ5DA success
[2025-11-05T06:35:28.247337000Z DEBUG solana_runtime::message_processor::stable_log] Program ATokenGPvbdGVxr1b2hvZbsiqW5xWH25efTNsLJA8knL invoke [1]
[2025-11-05T06:35:28.247416000Z DEBUG solana_runtime::message_processor::stable_log] Program log: Create
[2025-11-05T06:35:28.247466000Z DEBUG solana_runtime::message_processor::stable_log] Program TokenkegQfeZyiNwAJbNbGKPFXCWuBvf9Ss623VQ5DA invoke [2]
[2025-11-05T06:35:28.247500000Z DEBUG solana_runtime::message_processor::stable_log] Program log: Instruction: GetAccountDataSize
[2025-11-05T06:35:28.247518000Z DEBUG solana_runtime::message_processor::stable_log] Program TokenkegQfeZyiNwAJbNbGKPFXCWuBvf9Ss623VQ5DA consumed 1595 of 194555 compute units
[2025-11-05T06:35:28.247525000Z DEBUG solana_runtime::message_processor::stable_log] Program return: TokenkegQfeZyiNwAJbNbGKPFXCWuBvf9Ss623VQ5DA pQAAAAAAAAA=
[2025-11-05T06:35:28.247534000Z DEBUG solana_runtime::message_processor::stable_log] Program TokenkegQfeZyiNwAJbNbGKPFXCWuBvf9Ss623VQ5DA success
[2025-11-05T06:35:28.247588000Z DEBUG solana_runtime::message_processor::stable_log] Program 11111111111111111111111111111111 invoke [2]
[2025-11-05T06:35:28.247598000Z DEBUG solana_runtime::message_processor::stable_log] Program 11111111111111111111111111111111 success
[2025-11-05T06:35:28.247604000Z DEBUG solana_runtime::message_processor::stable_log] Program log: Initialize the associated token account
[2025-11-05T06:35:28.247622000Z DEBUG solana_runtime::message_processor::stable_log] Program TokenkegQfeZyiNwAJbNbGKPFXCWuBvf9Ss623VQ5DA invoke [2]
[2025-11-05T06:35:28.247645000Z DEBUG solana_runtime::message_processor::stable_log] Program log: Instruction: InitializeImmutableOwner
[2025-11-05T06:35:28.247656000Z DEBUG solana_runtime::message_processor::stable_log] Program log: Please upgrade to SPL Token 2022 for immutable owner support
[2025-11-05T06:35:28.247659000Z DEBUG solana_runtime::message_processor::stable_log] Program TokenkegQfeZyiNwAJbNbGKPFXCWuBvf9Ss623VQ5DA consumed 1405 of 187942 compute units
[2025-11-05T06:35:28.247666000Z DEBUG solana_runtime::message_processor::stable_log] Program TokenkegQfeZyiNwAJbNbGKPFXCWuBvf9Ss623VQ5DA success
[2025-11-05T06:35:28.247699000Z DEBUG solana_runtime::message_processor::stable_log] Program TokenkegQfeZyiNwAJbNbGKPFXCWuBvf9Ss623VQ5DA invoke [2]
[2025-11-05T06:35:28.247727000Z DEBUG solana_runtime::message_processor::stable_log] Program log: Instruction: InitializeAccount3
[2025-11-05T06:35:28.247782000Z DEBUG solana_runtime::message_processor::stable_log] Program TokenkegQfeZyiNwAJbNbGKPFXCWuBvf9Ss623VQ5DA consumed 4214 of 184058 compute units
[2025-11-05T06:35:28.247789000Z DEBUG solana_runtime::message_processor::stable_log] Program TokenkegQfeZyiNwAJbNbGKPFXCWuBvf9Ss623VQ5DA success
[2025-11-05T06:35:28.247802000Z DEBUG solana_runtime::message_processor::stable_log] Program ATokenGPvbdGVxr1b2hvZbsiqW5xWH25efTNsLJA8knL consumed 20460 of 200000 compute units
[2025-11-05T06:35:28.247810000Z DEBUG solana_runtime::message_processor::stable_log] Program ATokenGPvbdGVxr1b2hvZbsiqW5xWH25efTNsLJA8knL success
[2025-11-05T06:35:28.253872000Z DEBUG solana_runtime::message_processor::stable_log] Program TokenkegQfeZyiNwAJbNbGKPFXCWuBvf9Ss623VQ5DA invoke [1]
[2025-11-05T06:35:28.253932000Z DEBUG solana_runtime::message_processor::stable_log] Program log: Instruction: MintTo
[2025-11-05T06:35:28.254100000Z DEBUG solana_runtime::message_processor::stable_log] Program TokenkegQfeZyiNwAJbNbGKPFXCWuBvf9Ss623VQ5DA consumed 4491 of 200000 compute units
[2025-11-05T06:35:28.254114000Z DEBUG solana_runtime::message_processor::stable_log] Program TokenkegQfeZyiNwAJbNbGKPFXCWuBvf9Ss623VQ5DA success
[2025-11-05T06:35:28.266554000Z DEBUG solana_runtime::message_processor::stable_log] Program ASmKWt93JEMHxbdE6j7znD9y2FcdPboCzC3xtSTJvN7S invoke [1]
[2025-11-05T06:35:28.266621000Z DEBUG solana_runtime::message_processor::stable_log] Program log: Instruction: CreateConfig
[2025-11-05T06:35:28.266711000Z DEBUG solana_runtime::message_processor::stable_log] Program 11111111111111111111111111111111 invoke [2]
[2025-11-05T06:35:28.266720000Z DEBUG solana_runtime::message_processor::stable_log] Program 11111111111111111111111111111111 success
[2025-11-05T06:35:28.266817000Z DEBUG solana_runtime::message_processor::stable_log] Program ASmKWt93JEMHxbdE6j7znD9y2FcdPboCzC3xtSTJvN7S invoke [2]
[2025-11-05T06:35:28.266854000Z DEBUG solana_runtime::message_processor::stable_log] Program ASmKWt93JEMHxbdE6j7znD9y2FcdPboCzC3xtSTJvN7S consumed 2069 of 186098 compute units
[2025-11-05T06:35:28.266862000Z DEBUG solana_runtime::message_processor::stable_log] Program ASmKWt93JEMHxbdE6j7znD9y2FcdPboCzC3xtSTJvN7S success
[2025-11-05T06:35:28.266877000Z DEBUG solana_runtime::message_processor::stable_log] Program ASmKWt93JEMHxbdE6j7znD9y2FcdPboCzC3xtSTJvN7S consumed 16276 of 200000 compute units
[2025-11-05T06:35:28.266886000Z DEBUG solana_runtime::message_processor::stable_log] Program ASmKWt93JEMHxbdE6j7znD9y2FcdPboCzC3xtSTJvN7S success
[2025-11-05T06:35:28.292899000Z DEBUG solana_runtime::message_processor::stable_log] Program ASmKWt93JEMHxbdE6j7znD9y2FcdPboCzC3xtSTJvN7S invoke [1]
[2025-11-05T06:35:28.293010000Z DEBUG solana_runtime::message_processor::stable_log] Program log: Instruction: InitializePool
[2025-11-05T06:35:28.293204000Z DEBUG solana_runtime::message_processor::stable_log] Program 11111111111111111111111111111111 invoke [2]
[2025-11-05T06:35:28.293219000Z DEBUG solana_runtime::message_processor::stable_log] Program 11111111111111111111111111111111 success
[2025-11-05T06:35:28.293252000Z DEBUG solana_runtime::message_processor::stable_log] Program TokenzQdBNbLqP5VEhdkAS6EPFLC1PHnBqCXEpPxuEb invoke [2]
[2025-11-05T06:35:28.293289000Z DEBUG solana_runtime::message_processor::stable_log] Program log: MetadataPointerInstruction::Initialize
[2025-11-05T06:35:28.293325000Z DEBUG solana_runtime::message_processor::stable_log] Program TokenzQdBNbLqP5VEhdkAS6EPFLC1PHnBqCXEpPxuEb consumed 2442 of 334963 compute units
[2025-11-05T06:35:28.293340000Z DEBUG solana_runtime::message_processor::stable_log] Program TokenzQdBNbLqP5VEhdkAS6EPFLC1PHnBqCXEpPxuEb success
[2025-11-05T06:35:28.293370000Z DEBUG solana_runtime::message_processor::stable_log] Program TokenzQdBNbLqP5VEhdkAS6EPFLC1PHnBqCXEpPxuEb invoke [2]
[2025-11-05T06:35:28.293393000Z DEBUG solana_runtime::message_processor::stable_log] Program log: Instruction: InitializeMintCloseAuthority
[2025-11-05T06:35:28.293423000Z DEBUG solana_runtime::message_processor::stable_log] Program TokenzQdBNbLqP5VEhdkAS6EPFLC1PHnBqCXEpPxuEb consumed 2570 of 330543 compute units
[2025-11-05T06:35:28.293431000Z DEBUG solana_runtime::message_processor::stable_log] Program TokenzQdBNbLqP5VEhdkAS6EPFLC1PHnBqCXEpPxuEb success
[2025-11-05T06:35:28.293459000Z DEBUG solana_runtime::message_processor::stable_log] Program TokenzQdBNbLqP5VEhdkAS6EPFLC1PHnBqCXEpPxuEb invoke [2]
[2025-11-05T06:35:28.293481000Z DEBUG solana_runtime::message_processor::stable_log] Program log: Instruction: InitializeMint2
[2025-11-05T06:35:28.293537000Z DEBUG solana_runtime::message_processor::stable_log] Program TokenzQdBNbLqP5VEhdkAS6EPFLC1PHnBqCXEpPxuEb consumed 4078 of 326031 compute units
[2025-11-05T06:35:28.293562000Z DEBUG solana_runtime::message_processor::stable_log] Program TokenzQdBNbLqP5VEhdkAS6EPFLC1PHnBqCXEpPxuEb success
[2025-11-05T06:35:28.293681000Z DEBUG solana_runtime::message_processor::stable_log] Program 11111111111111111111111111111111 invoke [2]
[2025-11-05T06:35:28.293687000Z DEBUG solana_runtime::message_processor::stable_log] Program 11111111111111111111111111111111 success
[2025-11-05T06:35:28.293714000Z DEBUG solana_runtime::message_processor::stable_log] Program TokenzQdBNbLqP5VEhdkAS6EPFLC1PHnBqCXEpPxuEb invoke [2]
[2025-11-05T06:35:28.293739000Z DEBUG solana_runtime::message_processor::stable_log] Program log: Instruction: InitializeAccount3
[2025-11-05T06:35:28.293812000Z DEBUG solana_runtime::message_processor::stable_log] Program TokenzQdBNbLqP5VEhdkAS6EPFLC1PHnBqCXEpPxuEb consumed 5137 of 312347 compute units
[2025-11-05T06:35:28.293820000Z DEBUG solana_runtime::message_processor::stable_log] Program TokenzQdBNbLqP5VEhdkAS6EPFLC1PHnBqCXEpPxuEb success
[2025-11-05T06:35:28.293970000Z DEBUG solana_runtime::message_processor::stable_log] Program 11111111111111111111111111111111 invoke [2]
[2025-11-05T06:35:28.293978000Z DEBUG solana_runtime::message_processor::stable_log] Program 11111111111111111111111111111111 success
[2025-11-05T06:35:28.294049000Z DEBUG solana_runtime::message_processor::stable_log] Program 11111111111111111111111111111111 invoke [2]
[2025-11-05T06:35:28.294052000Z DEBUG solana_runtime::message_processor::stable_log] Program 11111111111111111111111111111111 success
[2025-11-05T06:35:28.294117000Z DEBUG solana_runtime::message_processor::stable_log] Program 11111111111111111111111111111111 invoke [2]
[2025-11-05T06:35:28.294120000Z DEBUG solana_runtime::message_processor::stable_log] Program 11111111111111111111111111111111 success
[2025-11-05T06:35:28.294146000Z DEBUG solana_runtime::message_processor::stable_log] Program TokenkegQfeZyiNwAJbNbGKPFXCWuBvf9Ss623VQ5DA invoke [2]
[2025-11-05T06:35:28.294174000Z DEBUG solana_runtime::message_processor::stable_log] Program log: Instruction: InitializeAccount3
[2025-11-05T06:35:28.294231000Z DEBUG solana_runtime::message_processor::stable_log] Program TokenkegQfeZyiNwAJbNbGKPFXCWuBvf9Ss623VQ5DA consumed 4214 of 284244 compute units
[2025-11-05T06:35:28.294238000Z DEBUG solana_runtime::message_processor::stable_log] Program TokenkegQfeZyiNwAJbNbGKPFXCWuBvf9Ss623VQ5DA success
[2025-11-05T06:35:28.294336000Z DEBUG solana_runtime::message_processor::stable_log] Program 11111111111111111111111111111111 invoke [2]
[2025-11-05T06:35:28.294340000Z DEBUG solana_runtime::message_processor::stable_log] Program 11111111111111111111111111111111 success
[2025-11-05T06:35:28.294365000Z DEBUG solana_runtime::message_processor::stable_log] Program TokenkegQfeZyiNwAJbNbGKPFXCWuBvf9Ss623VQ5DA invoke [2]
[2025-11-05T06:35:28.294389000Z DEBUG solana_runtime::message_processor::stable_log] Program log: Instruction: InitializeAccount3
[2025-11-05T06:35:28.294446000Z DEBUG solana_runtime::message_processor::stable_log] Program TokenkegQfeZyiNwAJbNbGKPFXCWuBvf9Ss623VQ5DA consumed 4214 of 271105 compute units
[2025-11-05T06:35:28.294463000Z DEBUG solana_runtime::message_processor::stable_log] Program TokenkegQfeZyiNwAJbNbGKPFXCWuBvf9Ss623VQ5DA success
[2025-11-05T06:35:28.294694000Z DEBUG solana_runtime::message_processor::stable_log] Program TokenzQdBNbLqP5VEhdkAS6EPFLC1PHnBqCXEpPxuEb invoke [2]
[2025-11-05T06:35:28.294745000Z DEBUG solana_runtime::message_processor::stable_log] Program log: TokenMetadataInstruction: Initialize
[2025-11-05T06:35:28.294884000Z DEBUG solana_runtime::message_processor::stable_log] Program TokenzQdBNbLqP5VEhdkAS6EPFLC1PHnBqCXEpPxuEb consumed 9900 of 254972 compute units
[2025-11-05T06:35:28.294894000Z DEBUG solana_runtime::message_processor::stable_log] Program TokenzQdBNbLqP5VEhdkAS6EPFLC1PHnBqCXEpPxuEb success
[2025-11-05T06:35:28.294935000Z DEBUG solana_runtime::message_processor::stable_log] Program 11111111111111111111111111111111 invoke [2]
[2025-11-05T06:35:28.294938000Z DEBUG solana_runtime::message_processor::stable_log] Program 11111111111111111111111111111111 success
[2025-11-05T06:35:28.294977000Z DEBUG solana_runtime::message_processor::stable_log] Program TokenzQdBNbLqP5VEhdkAS6EPFLC1PHnBqCXEpPxuEb invoke [2]
[2025-11-05T06:35:28.295004000Z DEBUG solana_runtime::message_processor::stable_log] Program log: Instruction: MintTo
[2025-11-05T06:35:28.295074000Z DEBUG solana_runtime::message_processor::stable_log] Program TokenzQdBNbLqP5VEhdkAS6EPFLC1PHnBqCXEpPxuEb consumed 5540 of 240010 compute units
[2025-11-05T06:35:28.295082000Z DEBUG solana_runtime::message_processor::stable_log] Program TokenzQdBNbLqP5VEhdkAS6EPFLC1PHnBqCXEpPxuEb success
[2025-11-05T06:35:28.295130000Z DEBUG solana_runtime::message_processor::stable_log] Program ASmKWt93JEMHxbdE6j7znD9y2FcdPboCzC3xtSTJvN7S invoke [2]
[2025-11-05T06:35:28.295183000Z DEBUG solana_runtime::message_processor::stable_log] Program ASmKWt93JEMHxbdE6j7znD9y2FcdPboCzC3xtSTJvN7S consumed 2069 of 231405 compute units
[2025-11-05T06:35:28.295191000Z DEBUG solana_runtime::message_processor::stable_log] Program ASmKWt93JEMHxbdE6j7znD9y2FcdPboCzC3xtSTJvN7S success
[2025-11-05T06:35:28.295237000Z DEBUG solana_runtime::message_processor::stable_log] Program TokenkegQfeZyiNwAJbNbGKPFXCWuBvf9Ss623VQ5DA invoke [2]
[2025-11-05T06:35:28.295272000Z DEBUG solana_runtime::message_processor::stable_log] Program log: Instruction: TransferChecked
[2025-11-05T06:35:28.295343000Z DEBUG solana_runtime::message_processor::stable_log] Program TokenkegQfeZyiNwAJbNbGKPFXCWuBvf9Ss623VQ5DA consumed 6174 of 226864 compute units
[2025-11-05T06:35:28.295355000Z DEBUG solana_runtime::message_processor::stable_log] Program TokenkegQfeZyiNwAJbNbGKPFXCWuBvf9Ss623VQ5DA success
[2025-11-05T06:35:28.295394000Z DEBUG solana_runtime::message_processor::stable_log] Program TokenkegQfeZyiNwAJbNbGKPFXCWuBvf9Ss623VQ5DA invoke [2]
[2025-11-05T06:35:28.295422000Z DEBUG solana_runtime::message_processor::stable_log] Program log: Instruction: TransferChecked
[2025-11-05T06:35:28.295492000Z DEBUG solana_runtime::message_processor::stable_log] Program TokenkegQfeZyiNwAJbNbGKPFXCWuBvf9Ss623VQ5DA consumed 6269 of 218280 compute units
[2025-11-05T06:35:28.295500000Z DEBUG solana_runtime::message_processor::stable_log] Program TokenkegQfeZyiNwAJbNbGKPFXCWuBvf9Ss623VQ5DA success
[2025-11-05T06:35:28.295574000Z DEBUG solana_runtime::message_processor::stable_log] Program ASmKWt93JEMHxbdE6j7znD9y2FcdPboCzC3xtSTJvN7S invoke [2]
[2025-11-05T06:35:28.295607000Z DEBUG solana_runtime::message_processor::stable_log] Program ASmKWt93JEMHxbdE6j7znD9y2FcdPboCzC3xtSTJvN7S consumed 2069 of 206930 compute units
[2025-11-05T06:35:28.295614000Z DEBUG solana_runtime::message_processor::stable_log] Program ASmKWt93JEMHxbdE6j7znD9y2FcdPboCzC3xtSTJvN7S success
[2025-11-05T06:35:28.295638000Z DEBUG solana_runtime::message_processor::stable_log] Program ASmKWt93JEMHxbdE6j7znD9y2FcdPboCzC3xtSTJvN7S consumed 145933 of 350000 compute units
[2025-11-05T06:35:28.295648000Z DEBUG solana_runtime::message_processor::stable_log] Program ASmKWt93JEMHxbdE6j7znD9y2FcdPboCzC3xtSTJvN7S success
[2025-11-05T06:35:28.295655000Z DEBUG solana_runtime::message_processor::stable_log] Program ComputeBudget111111111111111111111111111111 invoke [1]
[2025-11-05T06:35:28.295662000Z DEBUG solana_runtime::message_processor::stable_log] Program ComputeBudget111111111111111111111111111111 success
[2025-11-05T06:35:28.314144000Z DEBUG solana_runtime::message_processor::stable_log] Program ASmKWt93JEMHxbdE6j7znD9y2FcdPboCzC3xtSTJvN7S invoke [1]
[2025-11-05T06:35:28.314245000Z DEBUG solana_runtime::message_processor::stable_log] Program log: Instruction: CreatePosition
[2025-11-05T06:35:28.314319000Z DEBUG solana_runtime::message_processor::stable_log] Program 11111111111111111111111111111111 invoke [2]
[2025-11-05T06:35:28.314329000Z DEBUG solana_runtime::message_processor::stable_log] Program 11111111111111111111111111111111 success
[2025-11-05T06:35:28.314363000Z DEBUG solana_runtime::message_processor::stable_log] Program TokenzQdBNbLqP5VEhdkAS6EPFLC1PHnBqCXEpPxuEb invoke [2]
[2025-11-05T06:35:28.314396000Z DEBUG solana_runtime::message_processor::stable_log] Program log: MetadataPointerInstruction::Initialize
[2025-11-05T06:35:28.314430000Z DEBUG solana_runtime::message_processor::stable_log] Program TokenzQdBNbLqP5VEhdkAS6EPFLC1PHnBqCXEpPxuEb consumed 2442 of 191116 compute units
[2025-11-05T06:35:28.314439000Z DEBUG solana_runtime::message_processor::stable_log] Program TokenzQdBNbLqP5VEhdkAS6EPFLC1PHnBqCXEpPxuEb success
[2025-11-05T06:35:28.314467000Z DEBUG solana_runtime::message_processor::stable_log] Program TokenzQdBNbLqP5VEhdkAS6EPFLC1PHnBqCXEpPxuEb invoke [2]
[2025-11-05T06:35:28.314489000Z DEBUG solana_runtime::message_processor::stable_log] Program log: Instruction: InitializeMintCloseAuthority
[2025-11-05T06:35:28.314521000Z DEBUG solana_runtime::message_processor::stable_log] Program TokenzQdBNbLqP5VEhdkAS6EPFLC1PHnBqCXEpPxuEb consumed 2570 of 186696 compute units
[2025-11-05T06:35:28.314528000Z DEBUG solana_runtime::message_processor::stable_log] Program TokenzQdBNbLqP5VEhdkAS6EPFLC1PHnBqCXEpPxuEb success
[2025-11-05T06:35:28.314555000Z DEBUG solana_runtime::message_processor::stable_log] Program TokenzQdBNbLqP5VEhdkAS6EPFLC1PHnBqCXEpPxuEb invoke [2]
[2025-11-05T06:35:28.314579000Z DEBUG solana_runtime::message_processor::stable_log] Program log: Instruction: InitializeMint2
[2025-11-05T06:35:28.314636000Z DEBUG solana_runtime::message_processor::stable_log] Program TokenzQdBNbLqP5VEhdkAS6EPFLC1PHnBqCXEpPxuEb consumed 4078 of 182183 compute units
[2025-11-05T06:35:28.314643000Z DEBUG solana_runtime::message_processor::stable_log] Program TokenzQdBNbLqP5VEhdkAS6EPFLC1PHnBqCXEpPxuEb success
[2025-11-05T06:35:28.314761000Z DEBUG solana_runtime::message_processor::stable_log] Program 11111111111111111111111111111111 invoke [2]
[2025-11-05T06:35:28.314764000Z DEBUG solana_runtime::message_processor::stable_log] Program 11111111111111111111111111111111 success
[2025-11-05T06:35:28.314792000Z DEBUG solana_runtime::message_processor::stable_log] Program TokenzQdBNbLqP5VEhdkAS6EPFLC1PHnBqCXEpPxuEb invoke [2]
[2025-11-05T06:35:28.314819000Z DEBUG solana_runtime::message_processor::stable_log] Program log: Instruction: InitializeAccount3
[2025-11-05T06:35:28.314893000Z DEBUG solana_runtime::message_processor::stable_log] Program TokenzQdBNbLqP5VEhdkAS6EPFLC1PHnBqCXEpPxuEb consumed 5137 of 168499 compute units
[2025-11-05T06:35:28.314900000Z DEBUG solana_runtime::message_processor::stable_log] Program TokenzQdBNbLqP5VEhdkAS6EPFLC1PHnBqCXEpPxuEb success
[2025-11-05T06:35:28.314993000Z DEBUG solana_runtime::message_processor::stable_log] Program 11111111111111111111111111111111 invoke [2]
[2025-11-05T06:35:28.315002000Z DEBUG solana_runtime::message_processor::stable_log] Program 11111111111111111111111111111111 success
[2025-11-05T06:35:28.315104000Z DEBUG solana_runtime::message_processor::stable_log] Program TokenzQdBNbLqP5VEhdkAS6EPFLC1PHnBqCXEpPxuEb invoke [2]
[2025-11-05T06:35:28.315156000Z DEBUG solana_runtime::message_processor::stable_log] Program log: TokenMetadataInstruction: Initialize
[2025-11-05T06:35:28.315322000Z DEBUG solana_runtime::message_processor::stable_log] Program TokenzQdBNbLqP5VEhdkAS6EPFLC1PHnBqCXEpPxuEb consumed 9900 of 150269 compute units
[2025-11-05T06:35:28.315330000Z DEBUG solana_runtime::message_processor::stable_log] Program TokenzQdBNbLqP5VEhdkAS6EPFLC1PHnBqCXEpPxuEb success
[2025-11-05T06:35:28.315370000Z DEBUG solana_runtime::message_processor::stable_log] Program 11111111111111111111111111111111 invoke [2]
[2025-11-05T06:35:28.315373000Z DEBUG solana_runtime::message_processor::stable_log] Program 11111111111111111111111111111111 success
[2025-11-05T06:35:28.315411000Z DEBUG solana_runtime::message_processor::stable_log] Program TokenzQdBNbLqP5VEhdkAS6EPFLC1PHnBqCXEpPxuEb invoke [2]
[2025-11-05T06:35:28.315441000Z DEBUG solana_runtime::message_processor::stable_log] Program log: Instruction: MintTo
[2025-11-05T06:35:28.315512000Z DEBUG solana_runtime::message_processor::stable_log] Program TokenzQdBNbLqP5VEhdkAS6EPFLC1PHnBqCXEpPxuEb consumed 5540 of 135307 compute units
[2025-11-05T06:35:28.315519000Z DEBUG solana_runtime::message_processor::stable_log] Program TokenzQdBNbLqP5VEhdkAS6EPFLC1PHnBqCXEpPxuEb success
[2025-11-05T06:35:28.315568000Z DEBUG solana_runtime::message_processor::stable_log] Program ASmKWt93JEMHxbdE6j7znD9y2FcdPboCzC3xtSTJvN7S invoke [2]
[2025-11-05T06:35:28.315605000Z DEBUG solana_runtime::message_processor::stable_log] Program ASmKWt93JEMHxbdE6j7znD9y2FcdPboCzC3xtSTJvN7S consumed 2069 of 126701 compute units
[2025-11-05T06:35:28.315612000Z DEBUG solana_runtime::message_processor::stable_log] Program ASmKWt93JEMHxbdE6j7znD9y2FcdPboCzC3xtSTJvN7S success
[2025-11-05T06:35:28.315630000Z DEBUG solana_runtime::message_processor::stable_log] Program ASmKWt93JEMHxbdE6j7znD9y2FcdPboCzC3xtSTJvN7S consumed 75933 of 200000 compute units
[2025-11-05T06:35:28.315639000Z DEBUG solana_runtime::message_processor::stable_log] Program ASmKWt93JEMHxbdE6j7znD9y2FcdPboCzC3xtSTJvN7S success
[2025-11-05T06:35:28.349150000Z DEBUG solana_runtime::message_processor::stable_log] Program ASmKWt93JEMHxbdE6j7znD9y2FcdPboCzC3xtSTJvN7S invoke [1]
[2025-11-05T06:35:28.349281000Z DEBUG solana_runtime::message_processor::stable_log] Program log: Instruction: AddLiquidity
[2025-11-05T06:35:28.349856000Z DEBUG solana_runtime::message_processor::stable_log] Program TokenkegQfeZyiNwAJbNbGKPFXCWuBvf9Ss623VQ5DA invoke [2]
[2025-11-05T06:35:28.349918000Z DEBUG solana_runtime::message_processor::stable_log] Program log: Instruction: TransferChecked
[2025-11-05T06:35:28.350065000Z DEBUG solana_runtime::message_processor::stable_log] Program TokenkegQfeZyiNwAJbNbGKPFXCWuBvf9Ss623VQ5DA consumed 6174 of 179097 compute units
[2025-11-05T06:35:28.350080000Z DEBUG solana_runtime::message_processor::stable_log] Program TokenkegQfeZyiNwAJbNbGKPFXCWuBvf9Ss623VQ5DA success
[2025-11-05T06:35:28.350202000Z DEBUG solana_runtime::message_processor::stable_log] Program TokenkegQfeZyiNwAJbNbGKPFXCWuBvf9Ss623VQ5DA invoke [2]
[2025-11-05T06:35:28.350285000Z DEBUG solana_runtime::message_processor::stable_log] Program log: Instruction: TransferChecked
[2025-11-05T06:35:28.350457000Z DEBUG solana_runtime::message_processor::stable_log] Program TokenkegQfeZyiNwAJbNbGKPFXCWuBvf9Ss623VQ5DA consumed 6269 of 170513 compute units
[2025-11-05T06:35:28.350473000Z DEBUG solana_runtime::message_processor::stable_log] Program TokenkegQfeZyiNwAJbNbGKPFXCWuBvf9Ss623VQ5DA success
[2025-11-05T06:35:28.350567000Z DEBUG solana_runtime::message_processor::stable_log] Program ASmKWt93JEMHxbdE6j7znD9y2FcdPboCzC3xtSTJvN7S invoke [2]
[2025-11-05T06:35:28.350618000Z DEBUG solana_runtime::message_processor::stable_log] Program ASmKWt93JEMHxbdE6j7znD9y2FcdPboCzC3xtSTJvN7S consumed 2069 of 160990 compute units
[2025-11-05T06:35:28.350628000Z DEBUG solana_runtime::message_processor::stable_log] Program ASmKWt93JEMHxbdE6j7znD9y2FcdPboCzC3xtSTJvN7S success
[2025-11-05T06:35:28.350741000Z DEBUG solana_runtime::message_processor::stable_log] Program ASmKWt93JEMHxbdE6j7znD9y2FcdPboCzC3xtSTJvN7S invoke [2]
[2025-11-05T06:35:28.350778000Z DEBUG solana_runtime::message_processor::stable_log] Program ASmKWt93JEMHxbdE6j7znD9y2FcdPboCzC3xtSTJvN7S consumed 2069 of 152587 compute units
[2025-11-05T06:35:28.350786000Z DEBUG solana_runtime::message_processor::stable_log] Program ASmKWt93JEMHxbdE6j7znD9y2FcdPboCzC3xtSTJvN7S success
[2025-11-05T06:35:28.350810000Z DEBUG solana_runtime::message_processor::stable_log] Program ASmKWt93JEMHxbdE6j7znD9y2FcdPboCzC3xtSTJvN7S consumed 50123 of 200000 compute units
[2025-11-05T06:35:28.350823000Z DEBUG solana_runtime::message_processor::stable_log] Program ASmKWt93JEMHxbdE6j7znD9y2FcdPboCzC3xtSTJvN7S success
[2025-11-05T06:35:28.363365000Z DEBUG solana_runtime::message_processor::stable_log] Program ASmKWt93JEMHxbdE6j7znD9y2FcdPboCzC3xtSTJvN7S invoke [1]
[2025-11-05T06:35:28.363487000Z DEBUG solana_runtime::message_processor::stable_log] Program log: Instruction: InitializeReward
[2025-11-05T06:35:28.363608000Z DEBUG solana_runtime::message_processor::stable_log] Program 11111111111111111111111111111111 invoke [2]
[2025-11-05T06:35:28.363617000Z DEBUG solana_runtime::message_processor::stable_log] Program 11111111111111111111111111111111 success
[2025-11-05T06:35:28.363652000Z DEBUG solana_runtime::message_processor::stable_log] Program TokenkegQfeZyiNwAJbNbGKPFXCWuBvf9Ss623VQ5DA invoke [2]
[2025-11-05T06:35:28.363695000Z DEBUG solana_runtime::message_processor::stable_log] Program log: Instruction: InitializeAccount3
[2025-11-05T06:35:28.363759000Z DEBUG solana_runtime::message_processor::stable_log] Program TokenkegQfeZyiNwAJbNbGKPFXCWuBvf9Ss623VQ5DA consumed 4214 of 189380 compute units
[2025-11-05T06:35:28.363769000Z DEBUG solana_runtime::message_processor::stable_log] Program TokenkegQfeZyiNwAJbNbGKPFXCWuBvf9Ss623VQ5DA success
[2025-11-05T06:35:28.363883000Z DEBUG solana_runtime::message_processor::stable_log] Program ASmKWt93JEMHxbdE6j7znD9y2FcdPboCzC3xtSTJvN7S invoke [2]
[2025-11-05T06:35:28.363920000Z DEBUG solana_runtime::message_processor::stable_log] Program ASmKWt93JEMHxbdE6j7znD9y2FcdPboCzC3xtSTJvN7S consumed 2069 of 178364 compute units
[2025-11-05T06:35:28.363950000Z DEBUG solana_runtime::message_processor::stable_log] Program ASmKWt93JEMHxbdE6j7znD9y2FcdPboCzC3xtSTJvN7S success
[2025-11-05T06:35:28.363972000Z DEBUG solana_runtime::message_processor::stable_log] Program ASmKWt93JEMHxbdE6j7znD9y2FcdPboCzC3xtSTJvN7S consumed 24121 of 200000 compute units
[2025-11-05T06:35:28.363983000Z DEBUG solana_runtime::message_processor::stable_log] Program ASmKWt93JEMHxbdE6j7znD9y2FcdPboCzC3xtSTJvN7S success
[2025-11-05T06:35:28.381114000Z DEBUG solana_runtime::message_processor::stable_log] Program ASmKWt93JEMHxbdE6j7znD9y2FcdPboCzC3xtSTJvN7S invoke [1]
[2025-11-05T06:35:28.381268000Z DEBUG solana_runtime::message_processor::stable_log] Program log: Instruction: UpdateRewardDuration
[2025-11-05T06:35:28.381348000Z DEBUG solana_runtime::message_processor::stable_log] Program ASmKWt93JEMHxbdE6j7znD9y2FcdPboCzC3xtSTJvN7S invoke [2]
[2025-11-05T06:35:28.381395000Z DEBUG solana_runtime::message_processor::stable_log] Program ASmKWt93JEMHxbdE6j7znD9y2FcdPboCzC3xtSTJvN7S consumed 2069 of 194148 compute units
[2025-11-05T06:35:28.381409000Z DEBUG solana_runtime::message_processor::stable_log] Program ASmKWt93JEMHxbdE6j7znD9y2FcdPboCzC3xtSTJvN7S success
[2025-11-05T06:35:28.381427000Z DEBUG solana_runtime::message_processor::stable_log] Program ASmKWt93JEMHxbdE6j7znD9y2FcdPboCzC3xtSTJvN7S consumed 8205 of 200000 compute units
[2025-11-05T06:35:28.381436000Z DEBUG solana_runtime::message_processor::stable_log] Program ASmKWt93JEMHxbdE6j7znD9y2FcdPboCzC3xtSTJvN7S success
[2025-11-05T06:35:28.396648000Z DEBUG solana_runtime::message_processor::stable_log] Program ASmKWt93JEMHxbdE6j7znD9y2FcdPboCzC3xtSTJvN7S invoke [1]
[2025-11-05T06:35:28.396719000Z DEBUG solana_runtime::message_processor::stable_log] Program log: Instruction: UpdateRewardFunder
[2025-11-05T06:35:28.396800000Z DEBUG solana_runtime::message_processor::stable_log] Program ASmKWt93JEMHxbdE6j7znD9y2FcdPboCzC3xtSTJvN7S invoke [2]
[2025-11-05T06:35:28.396841000Z DEBUG solana_runtime::message_processor::stable_log] Program ASmKWt93JEMHxbdE6j7znD9y2FcdPboCzC3xtSTJvN7S consumed 2069 of 193841 compute units
[2025-11-05T06:35:28.396851000Z DEBUG solana_runtime::message_processor::stable_log] Program ASmKWt93JEMHxbdE6j7znD9y2FcdPboCzC3xtSTJvN7S success
[2025-11-05T06:35:28.396875000Z DEBUG solana_runtime::message_processor::stable_log] Program ASmKWt93JEMHxbdE6j7znD9y2FcdPboCzC3xtSTJvN7S consumed 8512 of 200000 compute units
[2025-11-05T06:35:28.396884000Z DEBUG solana_runtime::message_processor::stable_log] Program ASmKWt93JEMHxbdE6j7znD9y2FcdPboCzC3xtSTJvN7S success
[2025-11-05T06:35:28.419742000Z DEBUG solana_runtime::message_processor::stable_log] Program ASmKWt93JEMHxbdE6j7znD9y2FcdPboCzC3xtSTJvN7S invoke [1]
[2025-11-05T06:35:28.419835000Z DEBUG solana_runtime::message_processor::stable_log] Program log: Instruction: FundReward
[2025-11-05T06:35:28.420030000Z DEBUG solana_runtime::message_processor::stable_log] Program TokenkegQfeZyiNwAJbNbGKPFXCWuBvf9Ss623VQ5DA invoke [2]
[2025-11-05T06:35:28.420081000Z DEBUG solana_runtime::message_processor::stable_log] Program log: Instruction: TransferChecked
[2025-11-05T06:35:28.420175000Z DEBUG solana_runtime::message_processor::stable_log] Program TokenkegQfeZyiNwAJbNbGKPFXCWuBvf9Ss623VQ5DA consumed 6174 of 188411 compute units
[2025-11-05T06:35:28.420191000Z DEBUG solana_runtime::message_processor::stable_log] Program TokenkegQfeZyiNwAJbNbGKPFXCWuBvf9Ss623VQ5DA success
[2025-11-05T06:35:28.420250000Z DEBUG solana_runtime::message_processor::stable_log] Program ASmKWt93JEMHxbdE6j7znD9y2FcdPboCzC3xtSTJvN7S invoke [2]
[2025-11-05T06:35:28.420324000Z DEBUG solana_runtime::message_processor::stable_log] Program ASmKWt93JEMHxbdE6j7znD9y2FcdPboCzC3xtSTJvN7S consumed 2069 of 179041 compute units
[2025-11-05T06:35:28.420336000Z DEBUG solana_runtime::message_processor::stable_log] Program ASmKWt93JEMHxbdE6j7znD9y2FcdPboCzC3xtSTJvN7S success
[2025-11-05T06:35:28.420356000Z DEBUG solana_runtime::message_processor::stable_log] Program ASmKWt93JEMHxbdE6j7znD9y2FcdPboCzC3xtSTJvN7S consumed 23420 of 200000 compute units
[2025-11-05T06:35:28.420373000Z DEBUG solana_runtime::message_processor::stable_log] Program ASmKWt93JEMHxbdE6j7znD9y2FcdPboCzC3xtSTJvN7S success
[2025-11-05T06:35:28.442706000Z DEBUG solana_runtime::message_processor::stable_log] Program ATokenGPvbdGVxr1b2hvZbsiqW5xWH25efTNsLJA8knL invoke [1]
[2025-11-05T06:35:28.442794000Z DEBUG solana_runtime::message_processor::stable_log] Program log: Create
[2025-11-05T06:35:28.442876000Z DEBUG solana_runtime::message_processor::stable_log] Program TokenkegQfeZyiNwAJbNbGKPFXCWuBvf9Ss623VQ5DA invoke [2]
[2025-11-05T06:35:28.442913000Z DEBUG solana_runtime::message_processor::stable_log] Program log: Instruction: GetAccountDataSize
[2025-11-05T06:35:28.442932000Z DEBUG solana_runtime::message_processor::stable_log] Program TokenkegQfeZyiNwAJbNbGKPFXCWuBvf9Ss623VQ5DA consumed 1595 of 190133 compute units
[2025-11-05T06:35:28.442940000Z DEBUG solana_runtime::message_processor::stable_log] Program return: TokenkegQfeZyiNwAJbNbGKPFXCWuBvf9Ss623VQ5DA pQAAAAAAAAA=
[2025-11-05T06:35:28.442949000Z DEBUG solana_runtime::message_processor::stable_log] Program TokenkegQfeZyiNwAJbNbGKPFXCWuBvf9Ss623VQ5DA success
[2025-11-05T06:35:28.443010000Z DEBUG solana_runtime::message_processor::stable_log] Program 11111111111111111111111111111111 invoke [2]
[2025-11-05T06:35:28.443020000Z DEBUG solana_runtime::message_processor::stable_log] Program 11111111111111111111111111111111 success
[2025-11-05T06:35:28.443124000Z DEBUG solana_runtime::message_processor::stable_log] Program log: Initialize the associated token account
[2025-11-05T06:35:28.443158000Z DEBUG solana_runtime::message_processor::stable_log] Program TokenkegQfeZyiNwAJbNbGKPFXCWuBvf9Ss623VQ5DA invoke [2]
[2025-11-05T06:35:28.443186000Z DEBUG solana_runtime::message_processor::stable_log] Program log: Instruction: InitializeImmutableOwner
[2025-11-05T06:35:28.443199000Z DEBUG solana_runtime::message_processor::stable_log] Program log: Please upgrade to SPL Token 2022 for immutable owner support
[2025-11-05T06:35:28.443203000Z DEBUG solana_runtime::message_processor::stable_log] Program TokenkegQfeZyiNwAJbNbGKPFXCWuBvf9Ss623VQ5DA consumed 1405 of 183520 compute units
[2025-11-05T06:35:28.443212000Z DEBUG solana_runtime::message_processor::stable_log] Program TokenkegQfeZyiNwAJbNbGKPFXCWuBvf9Ss623VQ5DA success
[2025-11-05T06:35:28.443249000Z DEBUG solana_runtime::message_processor::stable_log] Program TokenkegQfeZyiNwAJbNbGKPFXCWuBvf9Ss623VQ5DA invoke [2]
[2025-11-05T06:35:28.443283000Z DEBUG solana_runtime::message_processor::stable_log] Program log: Instruction: InitializeAccount3
[2025-11-05T06:35:28.443343000Z DEBUG solana_runtime::message_processor::stable_log] Program TokenkegQfeZyiNwAJbNbGKPFXCWuBvf9Ss623VQ5DA consumed 4214 of 179638 compute units
[2025-11-05T06:35:28.443353000Z DEBUG solana_runtime::message_processor::stable_log] Program TokenkegQfeZyiNwAJbNbGKPFXCWuBvf9Ss623VQ5DA success
[2025-11-05T06:35:28.443367000Z DEBUG solana_runtime::message_processor::stable_log] Program ATokenGPvbdGVxr1b2hvZbsiqW5xWH25efTNsLJA8knL consumed 24859 of 200000 compute units
[2025-11-05T06:35:28.443377000Z DEBUG solana_runtime::message_processor::stable_log] Program ATokenGPvbdGVxr1b2hvZbsiqW5xWH25efTNsLJA8knL success
[2025-11-05T06:35:28.449223000Z DEBUG solana_runtime::message_processor::stable_log] Program ASmKWt93JEMHxbdE6j7znD9y2FcdPboCzC3xtSTJvN7S invoke [1]
[2025-11-05T06:35:28.449325000Z DEBUG solana_runtime::message_processor::stable_log] Program log: Instruction: ClaimReward
[2025-11-05T06:35:28.449663000Z DEBUG solana_runtime::message_processor::stable_log] Program ASmKWt93JEMHxbdE6j7znD9y2FcdPboCzC3xtSTJvN7S invoke [2]
[2025-11-05T06:35:28.449735000Z DEBUG solana_runtime::message_processor::stable_log] Program ASmKWt93JEMHxbdE6j7znD9y2FcdPboCzC3xtSTJvN7S consumed 2069 of 185564 compute units
[2025-11-05T06:35:28.449748000Z DEBUG solana_runtime::message_processor::stable_log] Program ASmKWt93JEMHxbdE6j7znD9y2FcdPboCzC3xtSTJvN7S success
[2025-11-05T06:35:28.449773000Z DEBUG solana_runtime::message_processor::stable_log] Program ASmKWt93JEMHxbdE6j7znD9y2FcdPboCzC3xtSTJvN7S consumed 17080 of 200000 compute units
[2025-11-05T06:35:28.449786000Z DEBUG solana_runtime::message_processor::stable_log] Program ASmKWt93JEMHxbdE6j7znD9y2FcdPboCzC3xtSTJvN7S success
[2025-11-05T06:35:28.473302000Z DEBUG solana_runtime::message_processor::stable_log] Program ASmKWt93JEMHxbdE6j7znD9y2FcdPboCzC3xtSTJvN7S invoke [1]
[2025-11-05T06:35:28.473399000Z DEBUG solana_runtime::message_processor::stable_log] Program log: Instruction: WithdrawIneligibleReward
[2025-11-05T06:35:28.473571000Z DEBUG solana_runtime::message_processor::stable_log] Program ASmKWt93JEMHxbdE6j7znD9y2FcdPboCzC3xtSTJvN7S invoke [2]
[2025-11-05T06:35:28.473695000Z DEBUG solana_runtime::message_processor::stable_log] Program ASmKWt93JEMHxbdE6j7znD9y2FcdPboCzC3xtSTJvN7S consumed 2069 of 187447 compute units
[2025-11-05T06:35:28.473715000Z DEBUG solana_runtime::message_processor::stable_log] Program ASmKWt93JEMHxbdE6j7znD9y2FcdPboCzC3xtSTJvN7S success
[2025-11-05T06:35:28.473734000Z DEBUG solana_runtime::message_processor::stable_log] Program ASmKWt93JEMHxbdE6j7znD9y2FcdPboCzC3xtSTJvN7S consumed 15033 of 200000 compute units
[2025-11-05T06:35:28.473745000Z DEBUG solana_runtime::message_processor::stable_log] Program ASmKWt93JEMHxbdE6j7znD9y2FcdPboCzC3xtSTJvN7S success
      ✔ Full flow for reward (201ms)
[2025-11-05T06:35:28.475295000Z INFO  solana_program_test] "cp_amm" SBF program from ./target/deploy/cp_amm.so, modified 24 minutes, 35 seconds, 822 ms, 611 µs and 203 ns ago
[2025-11-05T06:35:28.475469000Z INFO  solana_program_test] "fee_router" SBF program from ./target/deploy/fee_router.so, modified 38 seconds, 559 ms, 728 µs and 331 ns ago
[2025-11-05T06:35:28.475606000Z INFO  solana_program_test] "transfer_hook_counter" SBF program from tests/fixtures/transfer_hook_counter.so, modified 3 weeks, 22 hours, 59 minutes, 3 seconds, 301 ms, 205 µs and 196 ns ago
[2025-11-05T06:35:28.475966000Z INFO  solana_program_test] "alpha_vault" SBF program from tests/fixtures/alpha_vault.so, modified 3 weeks, 22 hours, 59 minutes, 3 seconds, 302 ms, 252 µs and 72 ns ago
[2025-11-05T06:35:28.476307000Z INFO  solana_program_test] "streamflow" SBF program from tests/fixtures/streamflow.so, modified 3 weeks, 6 hours, 59 minutes, 13 seconds, 187 ms, 222 µs and 387 ns ago
[2025-11-05T06:35:28.476594000Z INFO  solana_program_test] "cp_amm" SBF program from ./target/deploy/cp_amm.so, modified 24 minutes, 35 seconds, 823 ms, 912 µs and 203 ns ago
[2025-11-05T06:35:28.476756000Z INFO  solana_program_test] "fee_router" SBF program from ./target/deploy/fee_router.so, modified 38 seconds, 561 ms, 15 µs and 331 ns ago
[2025-11-05T06:35:28.497358000Z INFO  solana_program_test] Overriding account at ASmKWt93JEMHxbdE6j7znD9y2FcdPboCzC3xtSTJvN7S
[2025-11-05T06:35:28.497373000Z INFO  solana_program_test] Overriding account at 5B57SJ3g2YoNXUpsZqqjEQkRSxyKtVTQRXdgAirz6bio
[2025-11-05T06:35:28.510021000Z DEBUG solana_runtime::message_processor::stable_log] Program 11111111111111111111111111111111 invoke [1]
[2025-11-05T06:35:28.510039000Z DEBUG solana_runtime::message_processor::stable_log] Program 11111111111111111111111111111111 success
[2025-11-05T06:35:28.514623000Z DEBUG solana_runtime::message_processor::stable_log] Program 11111111111111111111111111111111 invoke [1]
[2025-11-05T06:35:28.514636000Z DEBUG solana_runtime::message_processor::stable_log] Program 11111111111111111111111111111111 success
[2025-11-05T06:35:28.519137000Z DEBUG solana_runtime::message_processor::stable_log] Program 11111111111111111111111111111111 invoke [1]
[2025-11-05T06:35:28.519155000Z DEBUG solana_runtime::message_processor::stable_log] Program 11111111111111111111111111111111 success
[2025-11-05T06:35:28.523258000Z DEBUG solana_runtime::message_processor::stable_log] Program 11111111111111111111111111111111 invoke [1]
[2025-11-05T06:35:28.523322000Z DEBUG solana_runtime::message_processor::stable_log] Program 11111111111111111111111111111111 success
[2025-11-05T06:35:28.531697000Z DEBUG solana_runtime::message_processor::stable_log] Program 11111111111111111111111111111111 invoke [1]
[2025-11-05T06:35:28.531713000Z DEBUG solana_runtime::message_processor::stable_log] Program 11111111111111111111111111111111 success
[2025-11-05T06:35:28.531717000Z DEBUG solana_runtime::message_processor::stable_log] Program TokenkegQfeZyiNwAJbNbGKPFXCWuBvf9Ss623VQ5DA invoke [1]
[2025-11-05T06:35:28.531768000Z DEBUG solana_runtime::message_processor::stable_log] Program log: Instruction: InitializeMint2
[2025-11-05T06:35:28.531807000Z DEBUG solana_runtime::message_processor::stable_log] Program TokenkegQfeZyiNwAJbNbGKPFXCWuBvf9Ss623VQ5DA consumed 2779 of 399850 compute units
[2025-11-05T06:35:28.531819000Z DEBUG solana_runtime::message_processor::stable_log] Program TokenkegQfeZyiNwAJbNbGKPFXCWuBvf9Ss623VQ5DA success
[2025-11-05T06:35:28.539485000Z DEBUG solana_runtime::message_processor::stable_log] Program 11111111111111111111111111111111 invoke [1]
[2025-11-05T06:35:28.539503000Z DEBUG solana_runtime::message_processor::stable_log] Program 11111111111111111111111111111111 success
[2025-11-05T06:35:28.539507000Z DEBUG solana_runtime::message_processor::stable_log] Program TokenkegQfeZyiNwAJbNbGKPFXCWuBvf9Ss623VQ5DA invoke [1]
[2025-11-05T06:35:28.539561000Z DEBUG solana_runtime::message_processor::stable_log] Program log: Instruction: InitializeMint2
[2025-11-05T06:35:28.539606000Z DEBUG solana_runtime::message_processor::stable_log] Program TokenkegQfeZyiNwAJbNbGKPFXCWuBvf9Ss623VQ5DA consumed 2779 of 399850 compute units
[2025-11-05T06:35:28.539616000Z DEBUG solana_runtime::message_processor::stable_log] Program TokenkegQfeZyiNwAJbNbGKPFXCWuBvf9Ss623VQ5DA success
[2025-11-05T06:35:28.547488000Z DEBUG solana_runtime::message_processor::stable_log] Program 11111111111111111111111111111111 invoke [1]
[2025-11-05T06:35:28.547516000Z DEBUG solana_runtime::message_processor::stable_log] Program 11111111111111111111111111111111 success
[2025-11-05T06:35:28.547524000Z DEBUG solana_runtime::message_processor::stable_log] Program TokenkegQfeZyiNwAJbNbGKPFXCWuBvf9Ss623VQ5DA invoke [1]
[2025-11-05T06:35:28.547577000Z DEBUG solana_runtime::message_processor::stable_log] Program log: Instruction: InitializeMint2
[2025-11-05T06:35:28.547613000Z DEBUG solana_runtime::message_processor::stable_log] Program TokenkegQfeZyiNwAJbNbGKPFXCWuBvf9Ss623VQ5DA consumed 2779 of 399850 compute units
[2025-11-05T06:35:28.547712000Z DEBUG solana_runtime::message_processor::stable_log] Program TokenkegQfeZyiNwAJbNbGKPFXCWuBvf9Ss623VQ5DA success
[2025-11-05T06:35:28.553381000Z DEBUG solana_runtime::message_processor::stable_log] Program ATokenGPvbdGVxr1b2hvZbsiqW5xWH25efTNsLJA8knL invoke [1]
[2025-11-05T06:35:28.553460000Z DEBUG solana_runtime::message_processor::stable_log] Program log: Create
[2025-11-05T06:35:28.553516000Z DEBUG solana_runtime::message_processor::stable_log] Program TokenkegQfeZyiNwAJbNbGKPFXCWuBvf9Ss623VQ5DA invoke [2]
[2025-11-05T06:35:28.553553000Z DEBUG solana_runtime::message_processor::stable_log] Program log: Instruction: GetAccountDataSize
[2025-11-05T06:35:28.553572000Z DEBUG solana_runtime::message_processor::stable_log] Program TokenkegQfeZyiNwAJbNbGKPFXCWuBvf9Ss623VQ5DA consumed 1595 of 194555 compute units
[2025-11-05T06:35:28.553581000Z DEBUG solana_runtime::message_processor::stable_log] Program return: TokenkegQfeZyiNwAJbNbGKPFXCWuBvf9Ss623VQ5DA pQAAAAAAAAA=
[2025-11-05T06:35:28.553590000Z DEBUG solana_runtime::message_processor::stable_log] Program TokenkegQfeZyiNwAJbNbGKPFXCWuBvf9Ss623VQ5DA success
[2025-11-05T06:35:28.553651000Z DEBUG solana_runtime::message_processor::stable_log] Program 11111111111111111111111111111111 invoke [2]
[2025-11-05T06:35:28.553658000Z DEBUG solana_runtime::message_processor::stable_log] Program 11111111111111111111111111111111 success
[2025-11-05T06:35:28.553665000Z DEBUG solana_runtime::message_processor::stable_log] Program log: Initialize the associated token account
[2025-11-05T06:35:28.553684000Z DEBUG solana_runtime::message_processor::stable_log] Program TokenkegQfeZyiNwAJbNbGKPFXCWuBvf9Ss623VQ5DA invoke [2]
[2025-11-05T06:35:28.553780000Z DEBUG solana_runtime::message_processor::stable_log] Program log: Instruction: InitializeImmutableOwner
[2025-11-05T06:35:28.553812000Z DEBUG solana_runtime::message_processor::stable_log] Program log: Please upgrade to SPL Token 2022 for immutable owner support
[2025-11-05T06:35:28.553819000Z DEBUG solana_runtime::message_processor::stable_log] Program TokenkegQfeZyiNwAJbNbGKPFXCWuBvf9Ss623VQ5DA consumed 1405 of 187933 compute units
[2025-11-05T06:35:28.553836000Z DEBUG solana_runtime::message_processor::stable_log] Program TokenkegQfeZyiNwAJbNbGKPFXCWuBvf9Ss623VQ5DA success
[2025-11-05T06:35:28.553944000Z DEBUG solana_runtime::message_processor::stable_log] Program TokenkegQfeZyiNwAJbNbGKPFXCWuBvf9Ss623VQ5DA invoke [2]
[2025-11-05T06:35:28.554008000Z DEBUG solana_runtime::message_processor::stable_log] Program log: Instruction: InitializeAccount3
[2025-11-05T06:35:28.554110000Z DEBUG solana_runtime::message_processor::stable_log] Program TokenkegQfeZyiNwAJbNbGKPFXCWuBvf9Ss623VQ5DA consumed 4214 of 184049 compute units
[2025-11-05T06:35:28.554126000Z DEBUG solana_runtime::message_processor::stable_log] Program TokenkegQfeZyiNwAJbNbGKPFXCWuBvf9Ss623VQ5DA success
[2025-11-05T06:35:28.554142000Z DEBUG solana_runtime::message_processor::stable_log] Program ATokenGPvbdGVxr1b2hvZbsiqW5xWH25efTNsLJA8knL consumed 20469 of 200000 compute units
[2025-11-05T06:35:28.554153000Z DEBUG solana_runtime::message_processor::stable_log] Program ATokenGPvbdGVxr1b2hvZbsiqW5xWH25efTNsLJA8knL success
[2025-11-05T06:35:28.558056000Z DEBUG solana_runtime::message_processor::stable_log] Program TokenkegQfeZyiNwAJbNbGKPFXCWuBvf9Ss623VQ5DA invoke [1]
[2025-11-05T06:35:28.558109000Z DEBUG solana_runtime::message_processor::stable_log] Program log: Instruction: MintTo
[2025-11-05T06:35:28.558207000Z DEBUG solana_runtime::message_processor::stable_log] Program TokenkegQfeZyiNwAJbNbGKPFXCWuBvf9Ss623VQ5DA consumed 4491 of 200000 compute units
[2025-11-05T06:35:28.558217000Z DEBUG solana_runtime::message_processor::stable_log] Program TokenkegQfeZyiNwAJbNbGKPFXCWuBvf9Ss623VQ5DA success
[2025-11-05T06:35:28.563802000Z DEBUG solana_runtime::message_processor::stable_log] Program ATokenGPvbdGVxr1b2hvZbsiqW5xWH25efTNsLJA8knL invoke [1]
[2025-11-05T06:35:28.563912000Z DEBUG solana_runtime::message_processor::stable_log] Program log: Create
[2025-11-05T06:35:28.563978000Z DEBUG solana_runtime::message_processor::stable_log] Program TokenkegQfeZyiNwAJbNbGKPFXCWuBvf9Ss623VQ5DA invoke [2]
[2025-11-05T06:35:28.564014000Z DEBUG solana_runtime::message_processor::stable_log] Program log: Instruction: GetAccountDataSize
[2025-11-05T06:35:28.564034000Z DEBUG solana_runtime::message_processor::stable_log] Program TokenkegQfeZyiNwAJbNbGKPFXCWuBvf9Ss623VQ5DA consumed 1595 of 193055 compute units
[2025-11-05T06:35:28.564042000Z DEBUG solana_runtime::message_processor::stable_log] Program return: TokenkegQfeZyiNwAJbNbGKPFXCWuBvf9Ss623VQ5DA pQAAAAAAAAA=
[2025-11-05T06:35:28.564052000Z DEBUG solana_runtime::message_processor::stable_log] Program TokenkegQfeZyiNwAJbNbGKPFXCWuBvf9Ss623VQ5DA success
[2025-11-05T06:35:28.564113000Z DEBUG solana_runtime::message_processor::stable_log] Program 11111111111111111111111111111111 invoke [2]
[2025-11-05T06:35:28.564121000Z DEBUG solana_runtime::message_processor::stable_log] Program 11111111111111111111111111111111 success
[2025-11-05T06:35:28.564128000Z DEBUG solana_runtime::message_processor::stable_log] Program log: Initialize the associated token account
[2025-11-05T06:35:28.564148000Z DEBUG solana_runtime::message_processor::stable_log] Program TokenkegQfeZyiNwAJbNbGKPFXCWuBvf9Ss623VQ5DA invoke [2]
[2025-11-05T06:35:28.564173000Z DEBUG solana_runtime::message_processor::stable_log] Program log: Instruction: InitializeImmutableOwner
[2025-11-05T06:35:28.564186000Z DEBUG solana_runtime::message_processor::stable_log] Program log: Please upgrade to SPL Token 2022 for immutable owner support
[2025-11-05T06:35:28.564190000Z DEBUG solana_runtime::message_processor::stable_log] Program TokenkegQfeZyiNwAJbNbGKPFXCWuBvf9Ss623VQ5DA consumed 1405 of 186442 compute units
[2025-11-05T06:35:28.564213000Z DEBUG solana_runtime::message_processor::stable_log] Program TokenkegQfeZyiNwAJbNbGKPFXCWuBvf9Ss623VQ5DA success
[2025-11-05T06:35:28.564251000Z DEBUG solana_runtime::message_processor::stable_log] Program TokenkegQfeZyiNwAJbNbGKPFXCWuBvf9Ss623VQ5DA invoke [2]
[2025-11-05T06:35:28.564282000Z DEBUG solana_runtime::message_processor::stable_log] Program log: Instruction: InitializeAccount3
[2025-11-05T06:35:28.564345000Z DEBUG solana_runtime::message_processor::stable_log] Program TokenkegQfeZyiNwAJbNbGKPFXCWuBvf9Ss623VQ5DA consumed 4214 of 182558 compute units
[2025-11-05T06:35:28.564361000Z DEBUG solana_runtime::message_processor::stable_log] Program TokenkegQfeZyiNwAJbNbGKPFXCWuBvf9Ss623VQ5DA success
[2025-11-05T06:35:28.564374000Z DEBUG solana_runtime::message_processor::stable_log] Program ATokenGPvbdGVxr1b2hvZbsiqW5xWH25efTNsLJA8knL consumed 21960 of 200000 compute units
[2025-11-05T06:35:28.564384000Z DEBUG solana_runtime::message_processor::stable_log] Program ATokenGPvbdGVxr1b2hvZbsiqW5xWH25efTNsLJA8knL success
[2025-11-05T06:35:28.568409000Z DEBUG solana_runtime::message_processor::stable_log] Program TokenkegQfeZyiNwAJbNbGKPFXCWuBvf9Ss623VQ5DA invoke [1]
[2025-11-05T06:35:28.568504000Z DEBUG solana_runtime::message_processor::stable_log] Program log: Instruction: MintTo
[2025-11-05T06:35:28.568617000Z DEBUG solana_runtime::message_processor::stable_log] Program TokenkegQfeZyiNwAJbNbGKPFXCWuBvf9Ss623VQ5DA consumed 4491 of 200000 compute units
[2025-11-05T06:35:28.568656000Z DEBUG solana_runtime::message_processor::stable_log] Program TokenkegQfeZyiNwAJbNbGKPFXCWuBvf9Ss623VQ5DA success
[2025-11-05T06:35:28.574085000Z DEBUG solana_runtime::message_processor::stable_log] Program ATokenGPvbdGVxr1b2hvZbsiqW5xWH25efTNsLJA8knL invoke [1]
[2025-11-05T06:35:28.574165000Z DEBUG solana_runtime::message_processor::stable_log] Program log: Create
[2025-11-05T06:35:28.574220000Z DEBUG solana_runtime::message_processor::stable_log] Program TokenkegQfeZyiNwAJbNbGKPFXCWuBvf9Ss623VQ5DA invoke [2]
[2025-11-05T06:35:28.574257000Z DEBUG solana_runtime::message_processor::stable_log] Program log: Instruction: GetAccountDataSize
[2025-11-05T06:35:28.574276000Z DEBUG solana_runtime::message_processor::stable_log] Program TokenkegQfeZyiNwAJbNbGKPFXCWuBvf9Ss623VQ5DA consumed 1595 of 194555 compute units
[2025-11-05T06:35:28.574285000Z DEBUG solana_runtime::message_processor::stable_log] Program return: TokenkegQfeZyiNwAJbNbGKPFXCWuBvf9Ss623VQ5DA pQAAAAAAAAA=
[2025-11-05T06:35:28.574295000Z DEBUG solana_runtime::message_processor::stable_log] Program TokenkegQfeZyiNwAJbNbGKPFXCWuBvf9Ss623VQ5DA success
[2025-11-05T06:35:28.574382000Z DEBUG solana_runtime::message_processor::stable_log] Program 11111111111111111111111111111111 invoke [2]
[2025-11-05T06:35:28.574394000Z DEBUG solana_runtime::message_processor::stable_log] Program 11111111111111111111111111111111 success
[2025-11-05T06:35:28.574405000Z DEBUG solana_runtime::message_processor::stable_log] Program log: Initialize the associated token account
[2025-11-05T06:35:28.574425000Z DEBUG solana_runtime::message_processor::stable_log] Program TokenkegQfeZyiNwAJbNbGKPFXCWuBvf9Ss623VQ5DA invoke [2]
[2025-11-05T06:35:28.574449000Z DEBUG solana_runtime::message_processor::stable_log] Program log: Instruction: InitializeImmutableOwner
[2025-11-05T06:35:28.574462000Z DEBUG solana_runtime::message_processor::stable_log] Program log: Please upgrade to SPL Token 2022 for immutable owner support
[2025-11-05T06:35:28.574466000Z DEBUG solana_runtime::message_processor::stable_log] Program TokenkegQfeZyiNwAJbNbGKPFXCWuBvf9Ss623VQ5DA consumed 1405 of 187942 compute units
[2025-11-05T06:35:28.574474000Z DEBUG solana_runtime::message_processor::stable_log] Program TokenkegQfeZyiNwAJbNbGKPFXCWuBvf9Ss623VQ5DA success
[2025-11-05T06:35:28.574511000Z DEBUG solana_runtime::message_processor::stable_log] Program TokenkegQfeZyiNwAJbNbGKPFXCWuBvf9Ss623VQ5DA invoke [2]
[2025-11-05T06:35:28.574542000Z DEBUG solana_runtime::message_processor::stable_log] Program log: Instruction: InitializeAccount3
[2025-11-05T06:35:28.574602000Z DEBUG solana_runtime::message_processor::stable_log] Program TokenkegQfeZyiNwAJbNbGKPFXCWuBvf9Ss623VQ5DA consumed 4214 of 184058 compute units
[2025-11-05T06:35:28.574610000Z DEBUG solana_runtime::message_processor::stable_log] Program TokenkegQfeZyiNwAJbNbGKPFXCWuBvf9Ss623VQ5DA success
[2025-11-05T06:35:28.574624000Z DEBUG solana_runtime::message_processor::stable_log] Program ATokenGPvbdGVxr1b2hvZbsiqW5xWH25efTNsLJA8knL consumed 20460 of 200000 compute units
[2025-11-05T06:35:28.574634000Z DEBUG solana_runtime::message_processor::stable_log] Program ATokenGPvbdGVxr1b2hvZbsiqW5xWH25efTNsLJA8knL success
[2025-11-05T06:35:28.578776000Z DEBUG solana_runtime::message_processor::stable_log] Program TokenkegQfeZyiNwAJbNbGKPFXCWuBvf9Ss623VQ5DA invoke [1]
[2025-11-05T06:35:28.578874000Z DEBUG solana_runtime::message_processor::stable_log] Program log: Instruction: MintTo
[2025-11-05T06:35:28.578956000Z DEBUG solana_runtime::message_processor::stable_log] Program TokenkegQfeZyiNwAJbNbGKPFXCWuBvf9Ss623VQ5DA consumed 4491 of 200000 compute units
[2025-11-05T06:35:28.578967000Z DEBUG solana_runtime::message_processor::stable_log] Program TokenkegQfeZyiNwAJbNbGKPFXCWuBvf9Ss623VQ5DA success
[2025-11-05T06:35:28.585370000Z DEBUG solana_runtime::message_processor::stable_log] Program ATokenGPvbdGVxr1b2hvZbsiqW5xWH25efTNsLJA8knL invoke [1]
[2025-11-05T06:35:28.585501000Z DEBUG solana_runtime::message_processor::stable_log] Program log: Create
[2025-11-05T06:35:28.585607000Z DEBUG solana_runtime::message_processor::stable_log] Program TokenkegQfeZyiNwAJbNbGKPFXCWuBvf9Ss623VQ5DA invoke [2]
[2025-11-05T06:35:28.585676000Z DEBUG solana_runtime::message_processor::stable_log] Program log: Instruction: GetAccountDataSize
[2025-11-05T06:35:28.585695000Z DEBUG solana_runtime::message_processor::stable_log] Program TokenkegQfeZyiNwAJbNbGKPFXCWuBvf9Ss623VQ5DA consumed 1595 of 191555 compute units
[2025-11-05T06:35:28.585704000Z DEBUG solana_runtime::message_processor::stable_log] Program return: TokenkegQfeZyiNwAJbNbGKPFXCWuBvf9Ss623VQ5DA pQAAAAAAAAA=
[2025-11-05T06:35:28.585714000Z DEBUG solana_runtime::message_processor::stable_log] Program TokenkegQfeZyiNwAJbNbGKPFXCWuBvf9Ss623VQ5DA success
[2025-11-05T06:35:28.585774000Z DEBUG solana_runtime::message_processor::stable_log] Program 11111111111111111111111111111111 invoke [2]
[2025-11-05T06:35:28.585783000Z DEBUG solana_runtime::message_processor::stable_log] Program 11111111111111111111111111111111 success
[2025-11-05T06:35:28.585789000Z DEBUG solana_runtime::message_processor::stable_log] Program log: Initialize the associated token account
[2025-11-05T06:35:28.585809000Z DEBUG solana_runtime::message_processor::stable_log] Program TokenkegQfeZyiNwAJbNbGKPFXCWuBvf9Ss623VQ5DA invoke [2]
[2025-11-05T06:35:28.585840000Z DEBUG solana_runtime::message_processor::stable_log] Program log: Instruction: InitializeImmutableOwner
[2025-11-05T06:35:28.585853000Z DEBUG solana_runtime::message_processor::stable_log] Program log: Please upgrade to SPL Token 2022 for immutable owner support
[2025-11-05T06:35:28.585856000Z DEBUG solana_runtime::message_processor::stable_log] Program TokenkegQfeZyiNwAJbNbGKPFXCWuBvf9Ss623VQ5DA consumed 1405 of 184942 compute units
[2025-11-05T06:35:28.585865000Z DEBUG solana_runtime::message_processor::stable_log] Program TokenkegQfeZyiNwAJbNbGKPFXCWuBvf9Ss623VQ5DA success
[2025-11-05T06:35:28.585902000Z DEBUG solana_runtime::message_processor::stable_log] Program TokenkegQfeZyiNwAJbNbGKPFXCWuBvf9Ss623VQ5DA invoke [2]
[2025-11-05T06:35:28.585934000Z DEBUG solana_runtime::message_processor::stable_log] Program log: Instruction: InitializeAccount3
[2025-11-05T06:35:28.585993000Z DEBUG solana_runtime::message_processor::stable_log] Program TokenkegQfeZyiNwAJbNbGKPFXCWuBvf9Ss623VQ5DA consumed 4214 of 181058 compute units
[2025-11-05T06:35:28.586002000Z DEBUG solana_runtime::message_processor::stable_log] Program TokenkegQfeZyiNwAJbNbGKPFXCWuBvf9Ss623VQ5DA success
[2025-11-05T06:35:28.586016000Z DEBUG solana_runtime::message_processor::stable_log] Program ATokenGPvbdGVxr1b2hvZbsiqW5xWH25efTNsLJA8knL consumed 23460 of 200000 compute units
[2025-11-05T06:35:28.586027000Z DEBUG solana_runtime::message_processor::stable_log] Program ATokenGPvbdGVxr1b2hvZbsiqW5xWH25efTNsLJA8knL success
[2025-11-05T06:35:28.589867000Z DEBUG solana_runtime::message_processor::stable_log] Program TokenkegQfeZyiNwAJbNbGKPFXCWuBvf9Ss623VQ5DA invoke [1]
[2025-11-05T06:35:28.589922000Z DEBUG solana_runtime::message_processor::stable_log] Program log: Instruction: MintTo
[2025-11-05T06:35:28.590018000Z DEBUG solana_runtime::message_processor::stable_log] Program TokenkegQfeZyiNwAJbNbGKPFXCWuBvf9Ss623VQ5DA consumed 4491 of 200000 compute units
[2025-11-05T06:35:28.590031000Z DEBUG solana_runtime::message_processor::stable_log] Program TokenkegQfeZyiNwAJbNbGKPFXCWuBvf9Ss623VQ5DA success
[2025-11-05T06:35:28.595885000Z DEBUG solana_runtime::message_processor::stable_log] Program ATokenGPvbdGVxr1b2hvZbsiqW5xWH25efTNsLJA8knL invoke [1]
[2025-11-05T06:35:28.595954000Z DEBUG solana_runtime::message_processor::stable_log] Program log: Create
[2025-11-05T06:35:28.596037000Z DEBUG solana_runtime::message_processor::stable_log] Program TokenkegQfeZyiNwAJbNbGKPFXCWuBvf9Ss623VQ5DA invoke [2]
[2025-11-05T06:35:28.596073000Z DEBUG solana_runtime::message_processor::stable_log] Program log: Instruction: GetAccountDataSize
[2025-11-05T06:35:28.596091000Z DEBUG solana_runtime::message_processor::stable_log] Program TokenkegQfeZyiNwAJbNbGKPFXCWuBvf9Ss623VQ5DA consumed 1595 of 188555 compute units
[2025-11-05T06:35:28.596099000Z DEBUG solana_runtime::message_processor::stable_log] Program return: TokenkegQfeZyiNwAJbNbGKPFXCWuBvf9Ss623VQ5DA pQAAAAAAAAA=
[2025-11-05T06:35:28.596109000Z DEBUG solana_runtime::message_processor::stable_log] Program TokenkegQfeZyiNwAJbNbGKPFXCWuBvf9Ss623VQ5DA success
[2025-11-05T06:35:28.596166000Z DEBUG solana_runtime::message_processor::stable_log] Program 11111111111111111111111111111111 invoke [2]
[2025-11-05T06:35:28.596174000Z DEBUG solana_runtime::message_processor::stable_log] Program 11111111111111111111111111111111 success
[2025-11-05T06:35:28.596180000Z DEBUG solana_runtime::message_processor::stable_log] Program log: Initialize the associated token account
[2025-11-05T06:35:28.596198000Z DEBUG solana_runtime::message_processor::stable_log] Program TokenkegQfeZyiNwAJbNbGKPFXCWuBvf9Ss623VQ5DA invoke [2]
[2025-11-05T06:35:28.596222000Z DEBUG solana_runtime::message_processor::stable_log] Program log: Instruction: InitializeImmutableOwner
[2025-11-05T06:35:28.596235000Z DEBUG solana_runtime::message_processor::stable_log] Program log: Please upgrade to SPL Token 2022 for immutable owner support
[2025-11-05T06:35:28.596239000Z DEBUG solana_runtime::message_processor::stable_log] Program TokenkegQfeZyiNwAJbNbGKPFXCWuBvf9Ss623VQ5DA consumed 1405 of 181942 compute units
[2025-11-05T06:35:28.596248000Z DEBUG solana_runtime::message_processor::stable_log] Program TokenkegQfeZyiNwAJbNbGKPFXCWuBvf9Ss623VQ5DA success
[2025-11-05T06:35:28.596284000Z DEBUG solana_runtime::message_processor::stable_log] Program TokenkegQfeZyiNwAJbNbGKPFXCWuBvf9Ss623VQ5DA invoke [2]
[2025-11-05T06:35:28.596344000Z DEBUG solana_runtime::message_processor::stable_log] Program log: Instruction: InitializeAccount3
[2025-11-05T06:35:28.596406000Z DEBUG solana_runtime::message_processor::stable_log] Program TokenkegQfeZyiNwAJbNbGKPFXCWuBvf9Ss623VQ5DA consumed 4214 of 178058 compute units
[2025-11-05T06:35:28.596415000Z DEBUG solana_runtime::message_processor::stable_log] Program TokenkegQfeZyiNwAJbNbGKPFXCWuBvf9Ss623VQ5DA success
[2025-11-05T06:35:28.596428000Z DEBUG solana_runtime::message_processor::stable_log] Program ATokenGPvbdGVxr1b2hvZbsiqW5xWH25efTNsLJA8knL consumed 26460 of 200000 compute units
[2025-11-05T06:35:28.596437000Z DEBUG solana_runtime::message_processor::stable_log] Program ATokenGPvbdGVxr1b2hvZbsiqW5xWH25efTNsLJA8knL success
[2025-11-05T06:35:28.600279000Z DEBUG solana_runtime::message_processor::stable_log] Program TokenkegQfeZyiNwAJbNbGKPFXCWuBvf9Ss623VQ5DA invoke [1]
[2025-11-05T06:35:28.600336000Z DEBUG solana_runtime::message_processor::stable_log] Program log: Instruction: MintTo
[2025-11-05T06:35:28.600408000Z DEBUG solana_runtime::message_processor::stable_log] Program TokenkegQfeZyiNwAJbNbGKPFXCWuBvf9Ss623VQ5DA consumed 4491 of 200000 compute units
[2025-11-05T06:35:28.600419000Z DEBUG solana_runtime::message_processor::stable_log] Program TokenkegQfeZyiNwAJbNbGKPFXCWuBvf9Ss623VQ5DA success
[2025-11-05T06:35:28.605492000Z DEBUG solana_runtime::message_processor::stable_log] Program ATokenGPvbdGVxr1b2hvZbsiqW5xWH25efTNsLJA8knL invoke [1]
[2025-11-05T06:35:28.605574000Z DEBUG solana_runtime::message_processor::stable_log] Program log: Create
[2025-11-05T06:35:28.605636000Z DEBUG solana_runtime::message_processor::stable_log] Program TokenkegQfeZyiNwAJbNbGKPFXCWuBvf9Ss623VQ5DA invoke [2]
[2025-11-05T06:35:28.605680000Z DEBUG solana_runtime::message_processor::stable_log] Program log: Instruction: GetAccountDataSize
[2025-11-05T06:35:28.605706000Z DEBUG solana_runtime::message_processor::stable_log] Program TokenkegQfeZyiNwAJbNbGKPFXCWuBvf9Ss623VQ5DA consumed 1595 of 194555 compute units
[2025-11-05T06:35:28.605719000Z DEBUG solana_runtime::message_processor::stable_log] Program return: TokenkegQfeZyiNwAJbNbGKPFXCWuBvf9Ss623VQ5DA pQAAAAAAAAA=
[2025-11-05T06:35:28.605733000Z DEBUG solana_runtime::message_processor::stable_log] Program TokenkegQfeZyiNwAJbNbGKPFXCWuBvf9Ss623VQ5DA success
[2025-11-05T06:35:28.605795000Z DEBUG solana_runtime::message_processor::stable_log] Program 11111111111111111111111111111111 invoke [2]
[2025-11-05T06:35:28.605814000Z DEBUG solana_runtime::message_processor::stable_log] Program 11111111111111111111111111111111 success
[2025-11-05T06:35:28.605820000Z DEBUG solana_runtime::message_processor::stable_log] Program log: Initialize the associated token account
[2025-11-05T06:35:28.605872000Z DEBUG solana_runtime::message_processor::stable_log] Program TokenkegQfeZyiNwAJbNbGKPFXCWuBvf9Ss623VQ5DA invoke [2]
[2025-11-05T06:35:28.605911000Z DEBUG solana_runtime::message_processor::stable_log] Program log: Instruction: InitializeImmutableOwner
[2025-11-05T06:35:28.605924000Z DEBUG solana_runtime::message_processor::stable_log] Program log: Please upgrade to SPL Token 2022 for immutable owner support
[2025-11-05T06:35:28.605928000Z DEBUG solana_runtime::message_processor::stable_log] Program TokenkegQfeZyiNwAJbNbGKPFXCWuBvf9Ss623VQ5DA consumed 1405 of 187942 compute units
[2025-11-05T06:35:28.605937000Z DEBUG solana_runtime::message_processor::stable_log] Program TokenkegQfeZyiNwAJbNbGKPFXCWuBvf9Ss623VQ5DA success
[2025-11-05T06:35:28.605976000Z DEBUG solana_runtime::message_processor::stable_log] Program TokenkegQfeZyiNwAJbNbGKPFXCWuBvf9Ss623VQ5DA invoke [2]
[2025-11-05T06:35:28.606014000Z DEBUG solana_runtime::message_processor::stable_log] Program log: Instruction: InitializeAccount3
[2025-11-05T06:35:28.606076000Z DEBUG solana_runtime::message_processor::stable_log] Program TokenkegQfeZyiNwAJbNbGKPFXCWuBvf9Ss623VQ5DA consumed 4214 of 184058 compute units
[2025-11-05T06:35:28.606085000Z DEBUG solana_runtime::message_processor::stable_log] Program TokenkegQfeZyiNwAJbNbGKPFXCWuBvf9Ss623VQ5DA success
[2025-11-05T06:35:28.606100000Z DEBUG solana_runtime::message_processor::stable_log] Program ATokenGPvbdGVxr1b2hvZbsiqW5xWH25efTNsLJA8knL consumed 20460 of 200000 compute units
[2025-11-05T06:35:28.606111000Z DEBUG solana_runtime::message_processor::stable_log] Program ATokenGPvbdGVxr1b2hvZbsiqW5xWH25efTNsLJA8knL success
[2025-11-05T06:35:28.609739000Z DEBUG solana_runtime::message_processor::stable_log] Program TokenkegQfeZyiNwAJbNbGKPFXCWuBvf9Ss623VQ5DA invoke [1]
[2025-11-05T06:35:28.609804000Z DEBUG solana_runtime::message_processor::stable_log] Program log: Instruction: MintTo
[2025-11-05T06:35:28.609869000Z DEBUG solana_runtime::message_processor::stable_log] Program TokenkegQfeZyiNwAJbNbGKPFXCWuBvf9Ss623VQ5DA consumed 4491 of 200000 compute units
[2025-11-05T06:35:28.609879000Z DEBUG solana_runtime::message_processor::stable_log] Program TokenkegQfeZyiNwAJbNbGKPFXCWuBvf9Ss623VQ5DA success
[2025-11-05T06:35:28.623045000Z DEBUG solana_runtime::message_processor::stable_log] Program ASmKWt93JEMHxbdE6j7znD9y2FcdPboCzC3xtSTJvN7S invoke [1]
[2025-11-05T06:35:28.623104000Z DEBUG solana_runtime::message_processor::stable_log] Program log: Instruction: CreateConfig
[2025-11-05T06:35:28.623200000Z DEBUG solana_runtime::message_processor::stable_log] Program 11111111111111111111111111111111 invoke [2]
[2025-11-05T06:35:28.623209000Z DEBUG solana_runtime::message_processor::stable_log] Program 11111111111111111111111111111111 success
[2025-11-05T06:35:28.623317000Z DEBUG solana_runtime::message_processor::stable_log] Program ASmKWt93JEMHxbdE6j7znD9y2FcdPboCzC3xtSTJvN7S invoke [2]
[2025-11-05T06:35:28.623353000Z DEBUG solana_runtime::message_processor::stable_log] Program ASmKWt93JEMHxbdE6j7znD9y2FcdPboCzC3xtSTJvN7S consumed 2069 of 186098 compute units
[2025-11-05T06:35:28.623366000Z DEBUG solana_runtime::message_processor::stable_log] Program ASmKWt93JEMHxbdE6j7znD9y2FcdPboCzC3xtSTJvN7S success
[2025-11-05T06:35:28.623384000Z DEBUG solana_runtime::message_processor::stable_log] Program ASmKWt93JEMHxbdE6j7znD9y2FcdPboCzC3xtSTJvN7S consumed 16276 of 200000 compute units
[2025-11-05T06:35:28.623402000Z DEBUG solana_runtime::message_processor::stable_log] Program ASmKWt93JEMHxbdE6j7znD9y2FcdPboCzC3xtSTJvN7S success
[2025-11-05T06:35:28.653187000Z DEBUG solana_runtime::message_processor::stable_log] Program ASmKWt93JEMHxbdE6j7znD9y2FcdPboCzC3xtSTJvN7S invoke [1]
[2025-11-05T06:35:28.653463000Z DEBUG solana_runtime::message_processor::stable_log] Program log: Instruction: InitializePool
[2025-11-05T06:35:28.653618000Z DEBUG solana_runtime::message_processor::stable_log] Program 11111111111111111111111111111111 invoke [2]
[2025-11-05T06:35:28.653628000Z DEBUG solana_runtime::message_processor::stable_log] Program 11111111111111111111111111111111 success
[2025-11-05T06:35:28.653664000Z DEBUG solana_runtime::message_processor::stable_log] Program TokenzQdBNbLqP5VEhdkAS6EPFLC1PHnBqCXEpPxuEb invoke [2]
[2025-11-05T06:35:28.653704000Z DEBUG solana_runtime::message_processor::stable_log] Program log: MetadataPointerInstruction::Initialize
[2025-11-05T06:35:28.653742000Z DEBUG solana_runtime::message_processor::stable_log] Program TokenzQdBNbLqP5VEhdkAS6EPFLC1PHnBqCXEpPxuEb consumed 2442 of 334963 compute units
[2025-11-05T06:35:28.653752000Z DEBUG solana_runtime::message_processor::stable_log] Program TokenzQdBNbLqP5VEhdkAS6EPFLC1PHnBqCXEpPxuEb success
[2025-11-05T06:35:28.653785000Z DEBUG solana_runtime::message_processor::stable_log] Program TokenzQdBNbLqP5VEhdkAS6EPFLC1PHnBqCXEpPxuEb invoke [2]
[2025-11-05T06:35:28.653811000Z DEBUG solana_runtime::message_processor::stable_log] Program log: Instruction: InitializeMintCloseAuthority
[2025-11-05T06:35:28.653845000Z DEBUG solana_runtime::message_processor::stable_log] Program TokenzQdBNbLqP5VEhdkAS6EPFLC1PHnBqCXEpPxuEb consumed 2570 of 330543 compute units
[2025-11-05T06:35:28.653853000Z DEBUG solana_runtime::message_processor::stable_log] Program TokenzQdBNbLqP5VEhdkAS6EPFLC1PHnBqCXEpPxuEb success
[2025-11-05T06:35:28.653885000Z DEBUG solana_runtime::message_processor::stable_log] Program TokenzQdBNbLqP5VEhdkAS6EPFLC1PHnBqCXEpPxuEb invoke [2]
[2025-11-05T06:35:28.653911000Z DEBUG solana_runtime::message_processor::stable_log] Program log: Instruction: InitializeMint2
[2025-11-05T06:35:28.653976000Z DEBUG solana_runtime::message_processor::stable_log] Program TokenzQdBNbLqP5VEhdkAS6EPFLC1PHnBqCXEpPxuEb consumed 4078 of 326031 compute units
[2025-11-05T06:35:28.653984000Z DEBUG solana_runtime::message_processor::stable_log] Program TokenzQdBNbLqP5VEhdkAS6EPFLC1PHnBqCXEpPxuEb success
[2025-11-05T06:35:28.654146000Z DEBUG solana_runtime::message_processor::stable_log] Program 11111111111111111111111111111111 invoke [2]
[2025-11-05T06:35:28.654152000Z DEBUG solana_runtime::message_processor::stable_log] Program 11111111111111111111111111111111 success
[2025-11-05T06:35:28.654184000Z DEBUG solana_runtime::message_processor::stable_log] Program TokenzQdBNbLqP5VEhdkAS6EPFLC1PHnBqCXEpPxuEb invoke [2]
[2025-11-05T06:35:28.654216000Z DEBUG solana_runtime::message_processor::stable_log] Program log: Instruction: InitializeAccount3
[2025-11-05T06:35:28.654300000Z DEBUG solana_runtime::message_processor::stable_log] Program TokenzQdBNbLqP5VEhdkAS6EPFLC1PHnBqCXEpPxuEb consumed 5137 of 309347 compute units
[2025-11-05T06:35:28.654309000Z DEBUG solana_runtime::message_processor::stable_log] Program TokenzQdBNbLqP5VEhdkAS6EPFLC1PHnBqCXEpPxuEb success
[2025-11-05T06:35:28.654432000Z DEBUG solana_runtime::message_processor::stable_log] Program 11111111111111111111111111111111 invoke [2]
[2025-11-05T06:35:28.654439000Z DEBUG solana_runtime::message_processor::stable_log] Program 11111111111111111111111111111111 success
[2025-11-05T06:35:28.654521000Z DEBUG solana_runtime::message_processor::stable_log] Program 11111111111111111111111111111111 invoke [2]
[2025-11-05T06:35:28.654525000Z DEBUG solana_runtime::message_processor::stable_log] Program 11111111111111111111111111111111 success
[2025-11-05T06:35:28.654668000Z DEBUG solana_runtime::message_processor::stable_log] Program 11111111111111111111111111111111 invoke [2]
[2025-11-05T06:35:28.654674000Z DEBUG solana_runtime::message_processor::stable_log] Program 11111111111111111111111111111111 success
[2025-11-05T06:35:28.654704000Z DEBUG solana_runtime::message_processor::stable_log] Program TokenkegQfeZyiNwAJbNbGKPFXCWuBvf9Ss623VQ5DA invoke [2]
[2025-11-05T06:35:28.654735000Z DEBUG solana_runtime::message_processor::stable_log] Program log: Instruction: InitializeAccount3
[2025-11-05T06:35:28.654799000Z DEBUG solana_runtime::message_processor::stable_log] Program TokenkegQfeZyiNwAJbNbGKPFXCWuBvf9Ss623VQ5DA consumed 4214 of 278244 compute units
[2025-11-05T06:35:28.654808000Z DEBUG solana_runtime::message_processor::stable_log] Program TokenkegQfeZyiNwAJbNbGKPFXCWuBvf9Ss623VQ5DA success
[2025-11-05T06:35:28.654910000Z DEBUG solana_runtime::message_processor::stable_log] Program 11111111111111111111111111111111 invoke [2]
[2025-11-05T06:35:28.654919000Z DEBUG solana_runtime::message_processor::stable_log] Program 11111111111111111111111111111111 success
[2025-11-05T06:35:28.654948000Z DEBUG solana_runtime::message_processor::stable_log] Program TokenkegQfeZyiNwAJbNbGKPFXCWuBvf9Ss623VQ5DA invoke [2]
[2025-11-05T06:35:28.654974000Z DEBUG solana_runtime::message_processor::stable_log] Program log: Instruction: InitializeAccount3
[2025-11-05T06:35:28.655031000Z DEBUG solana_runtime::message_processor::stable_log] Program TokenkegQfeZyiNwAJbNbGKPFXCWuBvf9Ss623VQ5DA consumed 4214 of 265105 compute units
[2025-11-05T06:35:28.655041000Z DEBUG solana_runtime::message_processor::stable_log] Program TokenkegQfeZyiNwAJbNbGKPFXCWuBvf9Ss623VQ5DA success
[2025-11-05T06:35:28.655262000Z DEBUG solana_runtime::message_processor::stable_log] Program TokenzQdBNbLqP5VEhdkAS6EPFLC1PHnBqCXEpPxuEb invoke [2]
[2025-11-05T06:35:28.655346000Z DEBUG solana_runtime::message_processor::stable_log] Program log: TokenMetadataInstruction: Initialize
[2025-11-05T06:35:28.655498000Z DEBUG solana_runtime::message_processor::stable_log] Program TokenzQdBNbLqP5VEhdkAS6EPFLC1PHnBqCXEpPxuEb consumed 9900 of 248972 compute units
[2025-11-05T06:35:28.655508000Z DEBUG solana_runtime::message_processor::stable_log] Program TokenzQdBNbLqP5VEhdkAS6EPFLC1PHnBqCXEpPxuEb success
[2025-11-05T06:35:28.655553000Z DEBUG solana_runtime::message_processor::stable_log] Program 11111111111111111111111111111111 invoke [2]
[2025-11-05T06:35:28.655558000Z DEBUG solana_runtime::message_processor::stable_log] Program 11111111111111111111111111111111 success
[2025-11-05T06:35:28.655601000Z DEBUG solana_runtime::message_processor::stable_log] Program TokenzQdBNbLqP5VEhdkAS6EPFLC1PHnBqCXEpPxuEb invoke [2]
[2025-11-05T06:35:28.655633000Z DEBUG solana_runtime::message_processor::stable_log] Program log: Instruction: MintTo
[2025-11-05T06:35:28.655714000Z DEBUG solana_runtime::message_processor::stable_log] Program TokenzQdBNbLqP5VEhdkAS6EPFLC1PHnBqCXEpPxuEb consumed 5540 of 234010 compute units
[2025-11-05T06:35:28.655723000Z DEBUG solana_runtime::message_processor::stable_log] Program TokenzQdBNbLqP5VEhdkAS6EPFLC1PHnBqCXEpPxuEb success
[2025-11-05T06:35:28.655779000Z DEBUG solana_runtime::message_processor::stable_log] Program ASmKWt93JEMHxbdE6j7znD9y2FcdPboCzC3xtSTJvN7S invoke [2]
[2025-11-05T06:35:28.655844000Z DEBUG solana_runtime::message_processor::stable_log] Program ASmKWt93JEMHxbdE6j7znD9y2FcdPboCzC3xtSTJvN7S consumed 2069 of 225405 compute units
[2025-11-05T06:35:28.655855000Z DEBUG solana_runtime::message_processor::stable_log] Program ASmKWt93JEMHxbdE6j7znD9y2FcdPboCzC3xtSTJvN7S success
[2025-11-05T06:35:28.655903000Z DEBUG solana_runtime::message_processor::stable_log] Program TokenkegQfeZyiNwAJbNbGKPFXCWuBvf9Ss623VQ5DA invoke [2]
[2025-11-05T06:35:28.655946000Z DEBUG solana_runtime::message_processor::stable_log] Program log: Instruction: TransferChecked
[2025-11-05T06:35:28.656028000Z DEBUG solana_runtime::message_processor::stable_log] Program TokenkegQfeZyiNwAJbNbGKPFXCWuBvf9Ss623VQ5DA consumed 6174 of 220864 compute units
[2025-11-05T06:35:28.656036000Z DEBUG solana_runtime::message_processor::stable_log] Program TokenkegQfeZyiNwAJbNbGKPFXCWuBvf9Ss623VQ5DA success
[2025-11-05T06:35:28.656081000Z DEBUG solana_runtime::message_processor::stable_log] Program TokenkegQfeZyiNwAJbNbGKPFXCWuBvf9Ss623VQ5DA invoke [2]
[2025-11-05T06:35:28.656115000Z DEBUG solana_runtime::message_processor::stable_log] Program log: Instruction: TransferChecked
[2025-11-05T06:35:28.656195000Z DEBUG solana_runtime::message_processor::stable_log] Program TokenkegQfeZyiNwAJbNbGKPFXCWuBvf9Ss623VQ5DA consumed 6269 of 212280 compute units
[2025-11-05T06:35:28.656205000Z DEBUG solana_runtime::message_processor::stable_log] Program TokenkegQfeZyiNwAJbNbGKPFXCWuBvf9Ss623VQ5DA success
[2025-11-05T06:35:28.656286000Z DEBUG solana_runtime::message_processor::stable_log] Program ASmKWt93JEMHxbdE6j7znD9y2FcdPboCzC3xtSTJvN7S invoke [2]
[2025-11-05T06:35:28.656323000Z DEBUG solana_runtime::message_processor::stable_log] Program ASmKWt93JEMHxbdE6j7znD9y2FcdPboCzC3xtSTJvN7S consumed 2069 of 200930 compute units
[2025-11-05T06:35:28.656332000Z DEBUG solana_runtime::message_processor::stable_log] Program ASmKWt93JEMHxbdE6j7znD9y2FcdPboCzC3xtSTJvN7S success
[2025-11-05T06:35:28.656358000Z DEBUG solana_runtime::message_processor::stable_log] Program ASmKWt93JEMHxbdE6j7znD9y2FcdPboCzC3xtSTJvN7S consumed 151933 of 350000 compute units
[2025-11-05T06:35:28.656370000Z DEBUG solana_runtime::message_processor::stable_log] Program ASmKWt93JEMHxbdE6j7znD9y2FcdPboCzC3xtSTJvN7S success
[2025-11-05T06:35:28.656379000Z DEBUG solana_runtime::message_processor::stable_log] Program ComputeBudget111111111111111111111111111111 invoke [1]
[2025-11-05T06:35:28.656387000Z DEBUG solana_runtime::message_processor::stable_log] Program ComputeBudget111111111111111111111111111111 success
[2025-11-05T06:35:28.678710000Z DEBUG solana_runtime::message_processor::stable_log] Program ASmKWt93JEMHxbdE6j7znD9y2FcdPboCzC3xtSTJvN7S invoke [1]
[2025-11-05T06:35:28.678815000Z DEBUG solana_runtime::message_processor::stable_log] Program log: Instruction: CreatePosition
[2025-11-05T06:35:28.678896000Z DEBUG solana_runtime::message_processor::stable_log] Program 11111111111111111111111111111111 invoke [2]
[2025-11-05T06:35:28.678906000Z DEBUG solana_runtime::message_processor::stable_log] Program 11111111111111111111111111111111 success
[2025-11-05T06:35:28.678943000Z DEBUG solana_runtime::message_processor::stable_log] Program TokenzQdBNbLqP5VEhdkAS6EPFLC1PHnBqCXEpPxuEb invoke [2]
[2025-11-05T06:35:28.679021000Z DEBUG solana_runtime::message_processor::stable_log] Program log: MetadataPointerInstruction::Initialize
[2025-11-05T06:35:28.679068000Z DEBUG solana_runtime::message_processor::stable_log] Program TokenzQdBNbLqP5VEhdkAS6EPFLC1PHnBqCXEpPxuEb consumed 2442 of 191116 compute units
[2025-11-05T06:35:28.679086000Z DEBUG solana_runtime::message_processor::stable_log] Program TokenzQdBNbLqP5VEhdkAS6EPFLC1PHnBqCXEpPxuEb success
[2025-11-05T06:35:28.679130000Z DEBUG solana_runtime::message_processor::stable_log] Program TokenzQdBNbLqP5VEhdkAS6EPFLC1PHnBqCXEpPxuEb invoke [2]
[2025-11-05T06:35:28.679153000Z DEBUG solana_runtime::message_processor::stable_log] Program log: Instruction: InitializeMintCloseAuthority
[2025-11-05T06:35:28.679188000Z DEBUG solana_runtime::message_processor::stable_log] Program TokenzQdBNbLqP5VEhdkAS6EPFLC1PHnBqCXEpPxuEb consumed 2570 of 186696 compute units
[2025-11-05T06:35:28.679196000Z DEBUG solana_runtime::message_processor::stable_log] Program TokenzQdBNbLqP5VEhdkAS6EPFLC1PHnBqCXEpPxuEb success
[2025-11-05T06:35:28.679230000Z DEBUG solana_runtime::message_processor::stable_log] Program TokenzQdBNbLqP5VEhdkAS6EPFLC1PHnBqCXEpPxuEb invoke [2]
[2025-11-05T06:35:28.679254000Z DEBUG solana_runtime::message_processor::stable_log] Program log: Instruction: InitializeMint2
[2025-11-05T06:35:28.679337000Z DEBUG solana_runtime::message_processor::stable_log] Program TokenzQdBNbLqP5VEhdkAS6EPFLC1PHnBqCXEpPxuEb consumed 4078 of 182183 compute units
[2025-11-05T06:35:28.679349000Z DEBUG solana_runtime::message_processor::stable_log] Program TokenzQdBNbLqP5VEhdkAS6EPFLC1PHnBqCXEpPxuEb success
[2025-11-05T06:35:28.679504000Z DEBUG solana_runtime::message_processor::stable_log] Program 11111111111111111111111111111111 invoke [2]
[2025-11-05T06:35:28.679515000Z DEBUG solana_runtime::message_processor::stable_log] Program 11111111111111111111111111111111 success
[2025-11-05T06:35:28.679547000Z DEBUG solana_runtime::message_processor::stable_log] Program TokenzQdBNbLqP5VEhdkAS6EPFLC1PHnBqCXEpPxuEb invoke [2]
[2025-11-05T06:35:28.679575000Z DEBUG solana_runtime::message_processor::stable_log] Program log: Instruction: InitializeAccount3
[2025-11-05T06:35:28.679660000Z DEBUG solana_runtime::message_processor::stable_log] Program TokenzQdBNbLqP5VEhdkAS6EPFLC1PHnBqCXEpPxuEb consumed 5137 of 165499 compute units
[2025-11-05T06:35:28.679671000Z DEBUG solana_runtime::message_processor::stable_log] Program TokenzQdBNbLqP5VEhdkAS6EPFLC1PHnBqCXEpPxuEb success
[2025-11-05T06:35:28.679819000Z DEBUG solana_runtime::message_processor::stable_log] Program 11111111111111111111111111111111 invoke [2]
[2025-11-05T06:35:28.679823000Z DEBUG solana_runtime::message_processor::stable_log] Program 11111111111111111111111111111111 success
[2025-11-05T06:35:28.679936000Z DEBUG solana_runtime::message_processor::stable_log] Program TokenzQdBNbLqP5VEhdkAS6EPFLC1PHnBqCXEpPxuEb invoke [2]
[2025-11-05T06:35:28.679995000Z DEBUG solana_runtime::message_processor::stable_log] Program log: TokenMetadataInstruction: Initialize
[2025-11-05T06:35:28.680131000Z DEBUG solana_runtime::message_processor::stable_log] Program TokenzQdBNbLqP5VEhdkAS6EPFLC1PHnBqCXEpPxuEb consumed 9900 of 138269 compute units
[2025-11-05T06:35:28.680140000Z DEBUG solana_runtime::message_processor::stable_log] Program TokenzQdBNbLqP5VEhdkAS6EPFLC1PHnBqCXEpPxuEb success
[2025-11-05T06:35:28.680185000Z DEBUG solana_runtime::message_processor::stable_log] Program 11111111111111111111111111111111 invoke [2]
[2025-11-05T06:35:28.680188000Z DEBUG solana_runtime::message_processor::stable_log] Program 11111111111111111111111111111111 success
[2025-11-05T06:35:28.680231000Z DEBUG solana_runtime::message_processor::stable_log] Program TokenzQdBNbLqP5VEhdkAS6EPFLC1PHnBqCXEpPxuEb invoke [2]
[2025-11-05T06:35:28.680266000Z DEBUG solana_runtime::message_processor::stable_log] Program log: Instruction: MintTo
[2025-11-05T06:35:28.680371000Z DEBUG solana_runtime::message_processor::stable_log] Program TokenzQdBNbLqP5VEhdkAS6EPFLC1PHnBqCXEpPxuEb consumed 5540 of 123307 compute units
[2025-11-05T06:35:28.680404000Z DEBUG solana_runtime::message_processor::stable_log] Program TokenzQdBNbLqP5VEhdkAS6EPFLC1PHnBqCXEpPxuEb success
[2025-11-05T06:35:28.680488000Z DEBUG solana_runtime::message_processor::stable_log] Program ASmKWt93JEMHxbdE6j7znD9y2FcdPboCzC3xtSTJvN7S invoke [2]
[2025-11-05T06:35:28.680532000Z DEBUG solana_runtime::message_processor::stable_log] Program ASmKWt93JEMHxbdE6j7znD9y2FcdPboCzC3xtSTJvN7S consumed 2069 of 114701 compute units
[2025-11-05T06:35:28.680540000Z DEBUG solana_runtime::message_processor::stable_log] Program ASmKWt93JEMHxbdE6j7znD9y2FcdPboCzC3xtSTJvN7S success
[2025-11-05T06:35:28.680621000Z DEBUG solana_runtime::message_processor::stable_log] Program ASmKWt93JEMHxbdE6j7znD9y2FcdPboCzC3xtSTJvN7S consumed 87933 of 200000 compute units
[2025-11-05T06:35:28.680644000Z DEBUG solana_runtime::message_processor::stable_log] Program ASmKWt93JEMHxbdE6j7znD9y2FcdPboCzC3xtSTJvN7S success
[2025-11-05T06:35:28.712336000Z DEBUG solana_runtime::message_processor::stable_log] Program ASmKWt93JEMHxbdE6j7znD9y2FcdPboCzC3xtSTJvN7S invoke [1]
[2025-11-05T06:35:28.712555000Z DEBUG solana_runtime::message_processor::stable_log] Program log: Instruction: AddLiquidity
[2025-11-05T06:35:28.712863000Z DEBUG solana_runtime::message_processor::stable_log] Program TokenkegQfeZyiNwAJbNbGKPFXCWuBvf9Ss623VQ5DA invoke [2]
[2025-11-05T06:35:28.712919000Z DEBUG solana_runtime::message_processor::stable_log] Program log: Instruction: TransferChecked
[2025-11-05T06:35:28.713007000Z DEBUG solana_runtime::message_processor::stable_log] Program TokenkegQfeZyiNwAJbNbGKPFXCWuBvf9Ss623VQ5DA consumed 6174 of 179097 compute units
[2025-11-05T06:35:28.713023000Z DEBUG solana_runtime::message_processor::stable_log] Program TokenkegQfeZyiNwAJbNbGKPFXCWuBvf9Ss623VQ5DA success
[2025-11-05T06:35:28.713071000Z DEBUG solana_runtime::message_processor::stable_log] Program TokenkegQfeZyiNwAJbNbGKPFXCWuBvf9Ss623VQ5DA invoke [2]
[2025-11-05T06:35:28.713105000Z DEBUG solana_runtime::message_processor::stable_log] Program log: Instruction: TransferChecked
[2025-11-05T06:35:28.713188000Z DEBUG solana_runtime::message_processor::stable_log] Program TokenkegQfeZyiNwAJbNbGKPFXCWuBvf9Ss623VQ5DA consumed 6269 of 170513 compute units
[2025-11-05T06:35:28.713197000Z DEBUG solana_runtime::message_processor::stable_log] Program TokenkegQfeZyiNwAJbNbGKPFXCWuBvf9Ss623VQ5DA success
[2025-11-05T06:35:28.713254000Z DEBUG solana_runtime::message_processor::stable_log] Program ASmKWt93JEMHxbdE6j7znD9y2FcdPboCzC3xtSTJvN7S invoke [2]
[2025-11-05T06:35:28.713290000Z DEBUG solana_runtime::message_processor::stable_log] Program ASmKWt93JEMHxbdE6j7znD9y2FcdPboCzC3xtSTJvN7S consumed 2069 of 160990 compute units
[2025-11-05T06:35:28.713299000Z DEBUG solana_runtime::message_processor::stable_log] Program ASmKWt93JEMHxbdE6j7znD9y2FcdPboCzC3xtSTJvN7S success
[2025-11-05T06:35:28.713463000Z DEBUG solana_runtime::message_processor::stable_log] Program ASmKWt93JEMHxbdE6j7znD9y2FcdPboCzC3xtSTJvN7S invoke [2]
[2025-11-05T06:35:28.713495000Z DEBUG solana_runtime::message_processor::stable_log] Program ASmKWt93JEMHxbdE6j7znD9y2FcdPboCzC3xtSTJvN7S consumed 2069 of 152587 compute units
[2025-11-05T06:35:28.713502000Z DEBUG solana_runtime::message_processor::stable_log] Program ASmKWt93JEMHxbdE6j7znD9y2FcdPboCzC3xtSTJvN7S success
[2025-11-05T06:35:28.713525000Z DEBUG solana_runtime::message_processor::stable_log] Program ASmKWt93JEMHxbdE6j7znD9y2FcdPboCzC3xtSTJvN7S consumed 50123 of 200000 compute units
[2025-11-05T06:35:28.713540000Z DEBUG solana_runtime::message_processor::stable_log] Program ASmKWt93JEMHxbdE6j7znD9y2FcdPboCzC3xtSTJvN7S success
[2025-11-05T06:35:28.726737000Z DEBUG solana_runtime::message_processor::stable_log] Program ASmKWt93JEMHxbdE6j7znD9y2FcdPboCzC3xtSTJvN7S invoke [1]
[2025-11-05T06:35:28.726877000Z DEBUG solana_runtime::message_processor::stable_log] Program log: Instruction: InitializeReward
[2025-11-05T06:35:28.726989000Z DEBUG solana_runtime::message_processor::stable_log] Program 11111111111111111111111111111111 invoke [2]
[2025-11-05T06:35:28.726999000Z DEBUG solana_runtime::message_processor::stable_log] Program 11111111111111111111111111111111 success
[2025-11-05T06:35:28.727035000Z DEBUG solana_runtime::message_processor::stable_log] Program TokenkegQfeZyiNwAJbNbGKPFXCWuBvf9Ss623VQ5DA invoke [2]
[2025-11-05T06:35:28.727072000Z DEBUG solana_runtime::message_processor::stable_log] Program log: Instruction: InitializeAccount3
[2025-11-05T06:35:28.727138000Z DEBUG solana_runtime::message_processor::stable_log] Program TokenkegQfeZyiNwAJbNbGKPFXCWuBvf9Ss623VQ5DA consumed 4214 of 189380 compute units
[2025-11-05T06:35:28.727148000Z DEBUG solana_runtime::message_processor::stable_log] Program TokenkegQfeZyiNwAJbNbGKPFXCWuBvf9Ss623VQ5DA success
[2025-11-05T06:35:28.727256000Z DEBUG solana_runtime::message_processor::stable_log] Program log: AnchorError thrown in programs/cp-amm/src/state/pool.rs:1251. Error Code: InvalidRewardIndex. Error Number: 6027. Error Message: Invalid reward index.
[2025-11-05T06:35:28.727265000Z DEBUG solana_runtime::message_processor::stable_log] Program ASmKWt93JEMHxbdE6j7znD9y2FcdPboCzC3xtSTJvN7S consumed 20789 of 200000 compute units
[2025-11-05T06:35:28.727275000Z DEBUG solana_runtime::message_processor::stable_log] Program ASmKWt93JEMHxbdE6j7znD9y2FcdPboCzC3xtSTJvN7S failed: custom program error: 0x178b
      ✔ Creator cannot create reward at index 1 (98ms)
    Reward SPL-Token 2022
[2025-11-05T06:35:28.729599000Z INFO  solana_program_test] "cp_amm" SBF program from ./target/deploy/cp_amm.so, modified 24 minutes, 36 seconds, 76 ms, 914 µs and 203 ns ago
[2025-11-05T06:35:28.729787000Z INFO  solana_program_test] "fee_router" SBF program from ./target/deploy/fee_router.so, modified 38 seconds, 814 ms, 46 µs and 331 ns ago
[2025-11-05T06:35:28.730061000Z INFO  solana_program_test] "transfer_hook_counter" SBF program from tests/fixtures/transfer_hook_counter.so, modified 3 weeks, 22 hours, 59 minutes, 3 seconds, 555 ms, 658 µs and 196 ns ago
[2025-11-05T06:35:28.730317000Z INFO  solana_program_test] "alpha_vault" SBF program from tests/fixtures/alpha_vault.so, modified 3 weeks, 22 hours, 59 minutes, 3 seconds, 556 ms, 603 µs and 72 ns ago
[2025-11-05T06:35:28.730611000Z INFO  solana_program_test] "streamflow" SBF program from tests/fixtures/streamflow.so, modified 3 weeks, 6 hours, 59 minutes, 13 seconds, 441 ms, 526 µs and 387 ns ago
[2025-11-05T06:35:28.730910000Z INFO  solana_program_test] "cp_amm" SBF program from ./target/deploy/cp_amm.so, modified 24 minutes, 36 seconds, 78 ms, 228 µs and 203 ns ago
[2025-11-05T06:35:28.731068000Z INFO  solana_program_test] "fee_router" SBF program from ./target/deploy/fee_router.so, modified 38 seconds, 815 ms, 327 µs and 331 ns ago
[2025-11-05T06:35:28.751279000Z INFO  solana_program_test] Overriding account at ASmKWt93JEMHxbdE6j7znD9y2FcdPboCzC3xtSTJvN7S
[2025-11-05T06:35:28.751294000Z INFO  solana_program_test] Overriding account at 5B57SJ3g2YoNXUpsZqqjEQkRSxyKtVTQRXdgAirz6bio
[2025-11-05T06:35:28.765210000Z DEBUG solana_runtime::message_processor::stable_log] Program 11111111111111111111111111111111 invoke [1]
[2025-11-05T06:35:28.765236000Z DEBUG solana_runtime::message_processor::stable_log] Program 11111111111111111111111111111111 success
[2025-11-05T06:35:28.770720000Z DEBUG solana_runtime::message_processor::stable_log] Program 11111111111111111111111111111111 invoke [1]
[2025-11-05T06:35:28.770736000Z DEBUG solana_runtime::message_processor::stable_log] Program 11111111111111111111111111111111 success
[2025-11-05T06:35:28.775084000Z DEBUG solana_runtime::message_processor::stable_log] Program 11111111111111111111111111111111 invoke [1]
[2025-11-05T06:35:28.775098000Z DEBUG solana_runtime::message_processor::stable_log] Program 11111111111111111111111111111111 success
[2025-11-05T06:35:28.779453000Z DEBUG solana_runtime::message_processor::stable_log] Program 11111111111111111111111111111111 invoke [1]
[2025-11-05T06:35:28.779468000Z DEBUG solana_runtime::message_processor::stable_log] Program 11111111111111111111111111111111 success
[2025-11-05T06:35:28.789607000Z DEBUG solana_runtime::message_processor::stable_log] Program 11111111111111111111111111111111 invoke [1]
[2025-11-05T06:35:28.789629000Z DEBUG solana_runtime::message_processor::stable_log] Program 11111111111111111111111111111111 success
[2025-11-05T06:35:28.789634000Z DEBUG solana_runtime::message_processor::stable_log] Program TokenzQdBNbLqP5VEhdkAS6EPFLC1PHnBqCXEpPxuEb invoke [1]
[2025-11-05T06:35:28.789730000Z DEBUG solana_runtime::message_processor::stable_log] Program TokenzQdBNbLqP5VEhdkAS6EPFLC1PHnBqCXEpPxuEb consumed 3479 of 599850 compute units
[2025-11-05T06:35:28.789741000Z DEBUG solana_runtime::message_processor::stable_log] Program TokenzQdBNbLqP5VEhdkAS6EPFLC1PHnBqCXEpPxuEb success
[2025-11-05T06:35:28.789750000Z DEBUG solana_runtime::message_processor::stable_log] Program TokenzQdBNbLqP5VEhdkAS6EPFLC1PHnBqCXEpPxuEb invoke [1]
[2025-11-05T06:35:28.789778000Z DEBUG solana_runtime::message_processor::stable_log] Program log: Instruction: InitializeMint2
[2025-11-05T06:35:28.789839000Z DEBUG solana_runtime::message_processor::stable_log] Program TokenzQdBNbLqP5VEhdkAS6EPFLC1PHnBqCXEpPxuEb consumed 3868 of 596371 compute units
[2025-11-05T06:35:28.789848000Z DEBUG solana_runtime::message_processor::stable_log] Program TokenzQdBNbLqP5VEhdkAS6EPFLC1PHnBqCXEpPxuEb success
[2025-11-05T06:35:28.797512000Z DEBUG solana_runtime::message_processor::stable_log] Program 11111111111111111111111111111111 invoke [1]
[2025-11-05T06:35:28.797529000Z DEBUG solana_runtime::message_processor::stable_log] Program 11111111111111111111111111111111 success
[2025-11-05T06:35:28.797534000Z DEBUG solana_runtime::message_processor::stable_log] Program TokenzQdBNbLqP5VEhdkAS6EPFLC1PHnBqCXEpPxuEb invoke [1]
[2025-11-05T06:35:28.797640000Z DEBUG solana_runtime::message_processor::stable_log] Program TokenzQdBNbLqP5VEhdkAS6EPFLC1PHnBqCXEpPxuEb consumed 3479 of 599850 compute units
[2025-11-05T06:35:28.797652000Z DEBUG solana_runtime::message_processor::stable_log] Program TokenzQdBNbLqP5VEhdkAS6EPFLC1PHnBqCXEpPxuEb success
[2025-11-05T06:35:28.797661000Z DEBUG solana_runtime::message_processor::stable_log] Program TokenzQdBNbLqP5VEhdkAS6EPFLC1PHnBqCXEpPxuEb invoke [1]
[2025-11-05T06:35:28.797690000Z DEBUG solana_runtime::message_processor::stable_log] Program log: Instruction: InitializeMint2
[2025-11-05T06:35:28.797755000Z DEBUG solana_runtime::message_processor::stable_log] Program TokenzQdBNbLqP5VEhdkAS6EPFLC1PHnBqCXEpPxuEb consumed 3868 of 596371 compute units
[2025-11-05T06:35:28.797764000Z DEBUG solana_runtime::message_processor::stable_log] Program TokenzQdBNbLqP5VEhdkAS6EPFLC1PHnBqCXEpPxuEb success
[2025-11-05T06:35:28.805248000Z DEBUG solana_runtime::message_processor::stable_log] Program 11111111111111111111111111111111 invoke [1]
[2025-11-05T06:35:28.805268000Z DEBUG solana_runtime::message_processor::stable_log] Program 11111111111111111111111111111111 success
[2025-11-05T06:35:28.805273000Z DEBUG solana_runtime::message_processor::stable_log] Program TokenzQdBNbLqP5VEhdkAS6EPFLC1PHnBqCXEpPxuEb invoke [1]
[2025-11-05T06:35:28.805473000Z DEBUG solana_runtime::message_processor::stable_log] Program TokenzQdBNbLqP5VEhdkAS6EPFLC1PHnBqCXEpPxuEb consumed 3479 of 599850 compute units
[2025-11-05T06:35:28.805487000Z DEBUG solana_runtime::message_processor::stable_log] Program TokenzQdBNbLqP5VEhdkAS6EPFLC1PHnBqCXEpPxuEb success
[2025-11-05T06:35:28.805496000Z DEBUG solana_runtime::message_processor::stable_log] Program TokenzQdBNbLqP5VEhdkAS6EPFLC1PHnBqCXEpPxuEb invoke [1]
[2025-11-05T06:35:28.805526000Z DEBUG solana_runtime::message_processor::stable_log] Program log: Instruction: InitializeMint2
[2025-11-05T06:35:28.805592000Z DEBUG solana_runtime::message_processor::stable_log] Program TokenzQdBNbLqP5VEhdkAS6EPFLC1PHnBqCXEpPxuEb consumed 3868 of 596371 compute units
[2025-11-05T06:35:28.805601000Z DEBUG solana_runtime::message_processor::stable_log] Program TokenzQdBNbLqP5VEhdkAS6EPFLC1PHnBqCXEpPxuEb success
[2025-11-05T06:35:28.811305000Z DEBUG solana_runtime::message_processor::stable_log] Program ATokenGPvbdGVxr1b2hvZbsiqW5xWH25efTNsLJA8knL invoke [1]
[2025-11-05T06:35:28.811374000Z DEBUG solana_runtime::message_processor::stable_log] Program log: Create
[2025-11-05T06:35:28.811434000Z DEBUG solana_runtime::message_processor::stable_log] Program TokenzQdBNbLqP5VEhdkAS6EPFLC1PHnBqCXEpPxuEb invoke [2]
[2025-11-05T06:35:28.811471000Z DEBUG solana_runtime::message_processor::stable_log] Program log: Instruction: GetAccountDataSize
[2025-11-05T06:35:28.811518000Z DEBUG solana_runtime::message_processor::stable_log] Program TokenzQdBNbLqP5VEhdkAS6EPFLC1PHnBqCXEpPxuEb consumed 2917 of 193142 compute units
[2025-11-05T06:35:28.811527000Z DEBUG solana_runtime::message_processor::stable_log] Program return: TokenzQdBNbLqP5VEhdkAS6EPFLC1PHnBqCXEpPxuEb tgAAAAAAAAA=
[2025-11-05T06:35:28.811537000Z DEBUG solana_runtime::message_processor::stable_log] Program TokenzQdBNbLqP5VEhdkAS6EPFLC1PHnBqCXEpPxuEb success
[2025-11-05T06:35:28.811598000Z DEBUG solana_runtime::message_processor::stable_log] Program 11111111111111111111111111111111 invoke [2]
[2025-11-05T06:35:28.811607000Z DEBUG solana_runtime::message_processor::stable_log] Program 11111111111111111111111111111111 success
[2025-11-05T06:35:28.811614000Z DEBUG solana_runtime::message_processor::stable_log] Program log: Initialize the associated token account
[2025-11-05T06:35:28.811633000Z DEBUG solana_runtime::message_processor::stable_log] Program TokenzQdBNbLqP5VEhdkAS6EPFLC1PHnBqCXEpPxuEb invoke [2]
[2025-11-05T06:35:28.811656000Z DEBUG solana_runtime::message_processor::stable_log] Program log: Instruction: InitializeImmutableOwner
[2025-11-05T06:35:28.811706000Z DEBUG solana_runtime::message_processor::stable_log] Program TokenzQdBNbLqP5VEhdkAS6EPFLC1PHnBqCXEpPxuEb consumed 1924 of 185295 compute units
[2025-11-05T06:35:28.811724000Z DEBUG solana_runtime::message_processor::stable_log] Program TokenzQdBNbLqP5VEhdkAS6EPFLC1PHnBqCXEpPxuEb success
[2025-11-05T06:35:28.811802000Z DEBUG solana_runtime::message_processor::stable_log] Program TokenzQdBNbLqP5VEhdkAS6EPFLC1PHnBqCXEpPxuEb invoke [2]
[2025-11-05T06:35:28.811834000Z DEBUG solana_runtime::message_processor::stable_log] Program log: Instruction: InitializeAccount3
[2025-11-05T06:35:28.811929000Z DEBUG solana_runtime::message_processor::stable_log] Program TokenzQdBNbLqP5VEhdkAS6EPFLC1PHnBqCXEpPxuEb consumed 5446 of 180981 compute units
[2025-11-05T06:35:28.811940000Z DEBUG solana_runtime::message_processor::stable_log] Program TokenzQdBNbLqP5VEhdkAS6EPFLC1PHnBqCXEpPxuEb success
[2025-11-05T06:35:28.811954000Z DEBUG solana_runtime::message_processor::stable_log] Program ATokenGPvbdGVxr1b2hvZbsiqW5xWH25efTNsLJA8knL consumed 24769 of 200000 compute units
[2025-11-05T06:35:28.811963000Z DEBUG solana_runtime::message_processor::stable_log] Program ATokenGPvbdGVxr1b2hvZbsiqW5xWH25efTNsLJA8knL success
[2025-11-05T06:35:28.815614000Z DEBUG solana_runtime::message_processor::stable_log] Program TokenzQdBNbLqP5VEhdkAS6EPFLC1PHnBqCXEpPxuEb invoke [1]
[2025-11-05T06:35:28.815665000Z DEBUG solana_runtime::message_processor::stable_log] Program log: Instruction: MintTo
[2025-11-05T06:35:28.815752000Z DEBUG solana_runtime::message_processor::stable_log] Program TokenzQdBNbLqP5VEhdkAS6EPFLC1PHnBqCXEpPxuEb consumed 5403 of 200000 compute units
[2025-11-05T06:35:28.815762000Z DEBUG solana_runtime::message_processor::stable_log] Program TokenzQdBNbLqP5VEhdkAS6EPFLC1PHnBqCXEpPxuEb success
[2025-11-05T06:35:28.822509000Z DEBUG solana_runtime::message_processor::stable_log] Program ATokenGPvbdGVxr1b2hvZbsiqW5xWH25efTNsLJA8knL invoke [1]
[2025-11-05T06:35:28.822604000Z DEBUG solana_runtime::message_processor::stable_log] Program log: Create
[2025-11-05T06:35:28.822666000Z DEBUG solana_runtime::message_processor::stable_log] Program TokenzQdBNbLqP5VEhdkAS6EPFLC1PHnBqCXEpPxuEb invoke [2]
[2025-11-05T06:35:28.822710000Z DEBUG solana_runtime::message_processor::stable_log] Program log: Instruction: GetAccountDataSize
[2025-11-05T06:35:28.822758000Z DEBUG solana_runtime::message_processor::stable_log] Program TokenzQdBNbLqP5VEhdkAS6EPFLC1PHnBqCXEpPxuEb consumed 2917 of 193142 compute units
[2025-11-05T06:35:28.822767000Z DEBUG solana_runtime::message_processor::stable_log] Program return: TokenzQdBNbLqP5VEhdkAS6EPFLC1PHnBqCXEpPxuEb tgAAAAAAAAA=
[2025-11-05T06:35:28.822776000Z DEBUG solana_runtime::message_processor::stable_log] Program TokenzQdBNbLqP5VEhdkAS6EPFLC1PHnBqCXEpPxuEb success
[2025-11-05T06:35:28.822840000Z DEBUG solana_runtime::message_processor::stable_log] Program 11111111111111111111111111111111 invoke [2]
[2025-11-05T06:35:28.822847000Z DEBUG solana_runtime::message_processor::stable_log] Program 11111111111111111111111111111111 success
[2025-11-05T06:35:28.822854000Z DEBUG solana_runtime::message_processor::stable_log] Program log: Initialize the associated token account
[2025-11-05T06:35:28.822873000Z DEBUG solana_runtime::message_processor::stable_log] Program TokenzQdBNbLqP5VEhdkAS6EPFLC1PHnBqCXEpPxuEb invoke [2]
[2025-11-05T06:35:28.822896000Z DEBUG solana_runtime::message_processor::stable_log] Program log: Instruction: InitializeImmutableOwner
[2025-11-05T06:35:28.822922000Z DEBUG solana_runtime::message_processor::stable_log] Program TokenzQdBNbLqP5VEhdkAS6EPFLC1PHnBqCXEpPxuEb consumed 1924 of 185295 compute units
[2025-11-05T06:35:28.822931000Z DEBUG solana_runtime::message_processor::stable_log] Program TokenzQdBNbLqP5VEhdkAS6EPFLC1PHnBqCXEpPxuEb success
[2025-11-05T06:35:28.822967000Z DEBUG solana_runtime::message_processor::stable_log] Program TokenzQdBNbLqP5VEhdkAS6EPFLC1PHnBqCXEpPxuEb invoke [2]
[2025-11-05T06:35:28.822996000Z DEBUG solana_runtime::message_processor::stable_log] Program log: Instruction: InitializeAccount3
[2025-11-05T06:35:28.823093000Z DEBUG solana_runtime::message_processor::stable_log] Program TokenzQdBNbLqP5VEhdkAS6EPFLC1PHnBqCXEpPxuEb consumed 5446 of 180981 compute units
[2025-11-05T06:35:28.823104000Z DEBUG solana_runtime::message_processor::stable_log] Program TokenzQdBNbLqP5VEhdkAS6EPFLC1PHnBqCXEpPxuEb success
[2025-11-05T06:35:28.823211000Z DEBUG solana_runtime::message_processor::stable_log] Program ATokenGPvbdGVxr1b2hvZbsiqW5xWH25efTNsLJA8knL consumed 24769 of 200000 compute units
[2025-11-05T06:35:28.823232000Z DEBUG solana_runtime::message_processor::stable_log] Program ATokenGPvbdGVxr1b2hvZbsiqW5xWH25efTNsLJA8knL success
[2025-11-05T06:35:28.826917000Z DEBUG solana_runtime::message_processor::stable_log] Program TokenzQdBNbLqP5VEhdkAS6EPFLC1PHnBqCXEpPxuEb invoke [1]
[2025-11-05T06:35:28.826982000Z DEBUG solana_runtime::message_processor::stable_log] Program log: Instruction: MintTo
[2025-11-05T06:35:28.827073000Z DEBUG solana_runtime::message_processor::stable_log] Program TokenzQdBNbLqP5VEhdkAS6EPFLC1PHnBqCXEpPxuEb consumed 5403 of 200000 compute units
[2025-11-05T06:35:28.827085000Z DEBUG solana_runtime::message_processor::stable_log] Program TokenzQdBNbLqP5VEhdkAS6EPFLC1PHnBqCXEpPxuEb success
[2025-11-05T06:35:28.832866000Z DEBUG solana_runtime::message_processor::stable_log] Program ATokenGPvbdGVxr1b2hvZbsiqW5xWH25efTNsLJA8knL invoke [1]
[2025-11-05T06:35:28.832945000Z DEBUG solana_runtime::message_processor::stable_log] Program log: Create
[2025-11-05T06:35:28.832998000Z DEBUG solana_runtime::message_processor::stable_log] Program TokenzQdBNbLqP5VEhdkAS6EPFLC1PHnBqCXEpPxuEb invoke [2]
[2025-11-05T06:35:28.833051000Z DEBUG solana_runtime::message_processor::stable_log] Program log: Instruction: GetAccountDataSize
[2025-11-05T06:35:28.833194000Z DEBUG solana_runtime::message_processor::stable_log] Program TokenzQdBNbLqP5VEhdkAS6EPFLC1PHnBqCXEpPxuEb consumed 2917 of 194642 compute units
[2025-11-05T06:35:28.833207000Z DEBUG solana_runtime::message_processor::stable_log] Program return: TokenzQdBNbLqP5VEhdkAS6EPFLC1PHnBqCXEpPxuEb tgAAAAAAAAA=
[2025-11-05T06:35:28.833217000Z DEBUG solana_runtime::message_processor::stable_log] Program TokenzQdBNbLqP5VEhdkAS6EPFLC1PHnBqCXEpPxuEb success
[2025-11-05T06:35:28.833349000Z DEBUG solana_runtime::message_processor::stable_log] Program 11111111111111111111111111111111 invoke [2]
[2025-11-05T06:35:28.833365000Z DEBUG solana_runtime::message_processor::stable_log] Program 11111111111111111111111111111111 success
[2025-11-05T06:35:28.833375000Z DEBUG solana_runtime::message_processor::stable_log] Program log: Initialize the associated token account
[2025-11-05T06:35:28.833400000Z DEBUG solana_runtime::message_processor::stable_log] Program TokenzQdBNbLqP5VEhdkAS6EPFLC1PHnBqCXEpPxuEb invoke [2]
[2025-11-05T06:35:28.833431000Z DEBUG solana_runtime::message_processor::stable_log] Program log: Instruction: InitializeImmutableOwner
[2025-11-05T06:35:28.833461000Z DEBUG solana_runtime::message_processor::stable_log] Program TokenzQdBNbLqP5VEhdkAS6EPFLC1PHnBqCXEpPxuEb consumed 1924 of 186795 compute units
[2025-11-05T06:35:28.833594000Z DEBUG solana_runtime::message_processor::stable_log] Program TokenzQdBNbLqP5VEhdkAS6EPFLC1PHnBqCXEpPxuEb success
[2025-11-05T06:35:28.833639000Z DEBUG solana_runtime::message_processor::stable_log] Program TokenzQdBNbLqP5VEhdkAS6EPFLC1PHnBqCXEpPxuEb invoke [2]
[2025-11-05T06:35:28.833670000Z DEBUG solana_runtime::message_processor::stable_log] Program log: Instruction: InitializeAccount3
[2025-11-05T06:35:28.833769000Z DEBUG solana_runtime::message_processor::stable_log] Program TokenzQdBNbLqP5VEhdkAS6EPFLC1PHnBqCXEpPxuEb consumed 5446 of 182481 compute units
[2025-11-05T06:35:28.833780000Z DEBUG solana_runtime::message_processor::stable_log] Program TokenzQdBNbLqP5VEhdkAS6EPFLC1PHnBqCXEpPxuEb success
[2025-11-05T06:35:28.833796000Z DEBUG solana_runtime::message_processor::stable_log] Program ATokenGPvbdGVxr1b2hvZbsiqW5xWH25efTNsLJA8knL consumed 23269 of 200000 compute units
[2025-11-05T06:35:28.833806000Z DEBUG solana_runtime::message_processor::stable_log] Program ATokenGPvbdGVxr1b2hvZbsiqW5xWH25efTNsLJA8knL success
[2025-11-05T06:35:28.837564000Z DEBUG solana_runtime::message_processor::stable_log] Program TokenzQdBNbLqP5VEhdkAS6EPFLC1PHnBqCXEpPxuEb invoke [1]
[2025-11-05T06:35:28.837623000Z DEBUG solana_runtime::message_processor::stable_log] Program log: Instruction: MintTo
[2025-11-05T06:35:28.837709000Z DEBUG solana_runtime::message_processor::stable_log] Program TokenzQdBNbLqP5VEhdkAS6EPFLC1PHnBqCXEpPxuEb consumed 5403 of 200000 compute units
[2025-11-05T06:35:28.837720000Z DEBUG solana_runtime::message_processor::stable_log] Program TokenzQdBNbLqP5VEhdkAS6EPFLC1PHnBqCXEpPxuEb success
[2025-11-05T06:35:28.842988000Z DEBUG solana_runtime::message_processor::stable_log] Program ATokenGPvbdGVxr1b2hvZbsiqW5xWH25efTNsLJA8knL invoke [1]
[2025-11-05T06:35:28.843147000Z DEBUG solana_runtime::message_processor::stable_log] Program log: Create
[2025-11-05T06:35:28.843202000Z DEBUG solana_runtime::message_processor::stable_log] Program TokenzQdBNbLqP5VEhdkAS6EPFLC1PHnBqCXEpPxuEb invoke [2]
[2025-11-05T06:35:28.843239000Z DEBUG solana_runtime::message_processor::stable_log] Program log: Instruction: GetAccountDataSize
[2025-11-05T06:35:28.843288000Z DEBUG solana_runtime::message_processor::stable_log] Program TokenzQdBNbLqP5VEhdkAS6EPFLC1PHnBqCXEpPxuEb consumed 2917 of 194642 compute units
[2025-11-05T06:35:28.843297000Z DEBUG solana_runtime::message_processor::stable_log] Program return: TokenzQdBNbLqP5VEhdkAS6EPFLC1PHnBqCXEpPxuEb tgAAAAAAAAA=
[2025-11-05T06:35:28.843306000Z DEBUG solana_runtime::message_processor::stable_log] Program TokenzQdBNbLqP5VEhdkAS6EPFLC1PHnBqCXEpPxuEb success
[2025-11-05T06:35:28.843368000Z DEBUG solana_runtime::message_processor::stable_log] Program 11111111111111111111111111111111 invoke [2]
[2025-11-05T06:35:28.843381000Z DEBUG solana_runtime::message_processor::stable_log] Program 11111111111111111111111111111111 success
[2025-11-05T06:35:28.843387000Z DEBUG solana_runtime::message_processor::stable_log] Program log: Initialize the associated token account
[2025-11-05T06:35:28.843406000Z DEBUG solana_runtime::message_processor::stable_log] Program TokenzQdBNbLqP5VEhdkAS6EPFLC1PHnBqCXEpPxuEb invoke [2]
[2025-11-05T06:35:28.843429000Z DEBUG solana_runtime::message_processor::stable_log] Program log: Instruction: InitializeImmutableOwner
[2025-11-05T06:35:28.843455000Z DEBUG solana_runtime::message_processor::stable_log] Program TokenzQdBNbLqP5VEhdkAS6EPFLC1PHnBqCXEpPxuEb consumed 1924 of 186795 compute units
[2025-11-05T06:35:28.843465000Z DEBUG solana_runtime::message_processor::stable_log] Program TokenzQdBNbLqP5VEhdkAS6EPFLC1PHnBqCXEpPxuEb success
[2025-11-05T06:35:28.843501000Z DEBUG solana_runtime::message_processor::stable_log] Program TokenzQdBNbLqP5VEhdkAS6EPFLC1PHnBqCXEpPxuEb invoke [2]
[2025-11-05T06:35:28.843530000Z DEBUG solana_runtime::message_processor::stable_log] Program log: Instruction: InitializeAccount3
[2025-11-05T06:35:28.843743000Z DEBUG solana_runtime::message_processor::stable_log] Program TokenzQdBNbLqP5VEhdkAS6EPFLC1PHnBqCXEpPxuEb consumed 5446 of 182481 compute units
[2025-11-05T06:35:28.843753000Z DEBUG solana_runtime::message_processor::stable_log] Program TokenzQdBNbLqP5VEhdkAS6EPFLC1PHnBqCXEpPxuEb success
[2025-11-05T06:35:28.843768000Z DEBUG solana_runtime::message_processor::stable_log] Program ATokenGPvbdGVxr1b2hvZbsiqW5xWH25efTNsLJA8knL consumed 23269 of 200000 compute units
[2025-11-05T06:35:28.843782000Z DEBUG solana_runtime::message_processor::stable_log] Program ATokenGPvbdGVxr1b2hvZbsiqW5xWH25efTNsLJA8knL success
[2025-11-05T06:35:28.847689000Z DEBUG solana_runtime::message_processor::stable_log] Program TokenzQdBNbLqP5VEhdkAS6EPFLC1PHnBqCXEpPxuEb invoke [1]
[2025-11-05T06:35:28.847819000Z DEBUG solana_runtime::message_processor::stable_log] Program log: Instruction: MintTo
[2025-11-05T06:35:28.847936000Z DEBUG solana_runtime::message_processor::stable_log] Program TokenzQdBNbLqP5VEhdkAS6EPFLC1PHnBqCXEpPxuEb consumed 5403 of 200000 compute units
[2025-11-05T06:35:28.847954000Z DEBUG solana_runtime::message_processor::stable_log] Program TokenzQdBNbLqP5VEhdkAS6EPFLC1PHnBqCXEpPxuEb success
[2025-11-05T06:35:28.853836000Z DEBUG solana_runtime::message_processor::stable_log] Program ATokenGPvbdGVxr1b2hvZbsiqW5xWH25efTNsLJA8knL invoke [1]
[2025-11-05T06:35:28.853920000Z DEBUG solana_runtime::message_processor::stable_log] Program log: Create
[2025-11-05T06:35:28.853983000Z DEBUG solana_runtime::message_processor::stable_log] Program TokenzQdBNbLqP5VEhdkAS6EPFLC1PHnBqCXEpPxuEb invoke [2]
[2025-11-05T06:35:28.854022000Z DEBUG solana_runtime::message_processor::stable_log] Program log: Instruction: GetAccountDataSize
[2025-11-05T06:35:28.854070000Z DEBUG solana_runtime::message_processor::stable_log] Program TokenzQdBNbLqP5VEhdkAS6EPFLC1PHnBqCXEpPxuEb consumed 2917 of 194642 compute units
[2025-11-05T06:35:28.854079000Z DEBUG solana_runtime::message_processor::stable_log] Program return: TokenzQdBNbLqP5VEhdkAS6EPFLC1PHnBqCXEpPxuEb tgAAAAAAAAA=
[2025-11-05T06:35:28.854089000Z DEBUG solana_runtime::message_processor::stable_log] Program TokenzQdBNbLqP5VEhdkAS6EPFLC1PHnBqCXEpPxuEb success
[2025-11-05T06:35:28.854149000Z DEBUG solana_runtime::message_processor::stable_log] Program 11111111111111111111111111111111 invoke [2]
[2025-11-05T06:35:28.854157000Z DEBUG solana_runtime::message_processor::stable_log] Program 11111111111111111111111111111111 success
[2025-11-05T06:35:28.854163000Z DEBUG solana_runtime::message_processor::stable_log] Program log: Initialize the associated token account
[2025-11-05T06:35:28.854182000Z DEBUG solana_runtime::message_processor::stable_log] Program TokenzQdBNbLqP5VEhdkAS6EPFLC1PHnBqCXEpPxuEb invoke [2]
[2025-11-05T06:35:28.854206000Z DEBUG solana_runtime::message_processor::stable_log] Program log: Instruction: InitializeImmutableOwner
[2025-11-05T06:35:28.854233000Z DEBUG solana_runtime::message_processor::stable_log] Program TokenzQdBNbLqP5VEhdkAS6EPFLC1PHnBqCXEpPxuEb consumed 1924 of 186795 compute units
[2025-11-05T06:35:28.854241000Z DEBUG solana_runtime::message_processor::stable_log] Program TokenzQdBNbLqP5VEhdkAS6EPFLC1PHnBqCXEpPxuEb success
[2025-11-05T06:35:28.854278000Z DEBUG solana_runtime::message_processor::stable_log] Program TokenzQdBNbLqP5VEhdkAS6EPFLC1PHnBqCXEpPxuEb invoke [2]
[2025-11-05T06:35:28.854308000Z DEBUG solana_runtime::message_processor::stable_log] Program log: Instruction: InitializeAccount3
[2025-11-05T06:35:28.854434000Z DEBUG solana_runtime::message_processor::stable_log] Program TokenzQdBNbLqP5VEhdkAS6EPFLC1PHnBqCXEpPxuEb consumed 5446 of 182481 compute units
[2025-11-05T06:35:28.854445000Z DEBUG solana_runtime::message_processor::stable_log] Program TokenzQdBNbLqP5VEhdkAS6EPFLC1PHnBqCXEpPxuEb success
[2025-11-05T06:35:28.854460000Z DEBUG solana_runtime::message_processor::stable_log] Program ATokenGPvbdGVxr1b2hvZbsiqW5xWH25efTNsLJA8knL consumed 23269 of 200000 compute units
[2025-11-05T06:35:28.854470000Z DEBUG solana_runtime::message_processor::stable_log] Program ATokenGPvbdGVxr1b2hvZbsiqW5xWH25efTNsLJA8knL success
[2025-11-05T06:35:28.858126000Z DEBUG solana_runtime::message_processor::stable_log] Program TokenzQdBNbLqP5VEhdkAS6EPFLC1PHnBqCXEpPxuEb invoke [1]
[2025-11-05T06:35:28.858212000Z DEBUG solana_runtime::message_processor::stable_log] Program log: Instruction: MintTo
[2025-11-05T06:35:28.858304000Z DEBUG solana_runtime::message_processor::stable_log] Program TokenzQdBNbLqP5VEhdkAS6EPFLC1PHnBqCXEpPxuEb consumed 5403 of 200000 compute units
[2025-11-05T06:35:28.858316000Z DEBUG solana_runtime::message_processor::stable_log] Program TokenzQdBNbLqP5VEhdkAS6EPFLC1PHnBqCXEpPxuEb success
[2025-11-05T06:35:28.863448000Z DEBUG solana_runtime::message_processor::stable_log] Program ATokenGPvbdGVxr1b2hvZbsiqW5xWH25efTNsLJA8knL invoke [1]
[2025-11-05T06:35:28.863521000Z DEBUG solana_runtime::message_processor::stable_log] Program log: Create
[2025-11-05T06:35:28.863572000Z DEBUG solana_runtime::message_processor::stable_log] Program TokenzQdBNbLqP5VEhdkAS6EPFLC1PHnBqCXEpPxuEb invoke [2]
[2025-11-05T06:35:28.863612000Z DEBUG solana_runtime::message_processor::stable_log] Program log: Instruction: GetAccountDataSize
[2025-11-05T06:35:28.863661000Z DEBUG solana_runtime::message_processor::stable_log] Program TokenzQdBNbLqP5VEhdkAS6EPFLC1PHnBqCXEpPxuEb consumed 2917 of 194642 compute units
[2025-11-05T06:35:28.863669000Z DEBUG solana_runtime::message_processor::stable_log] Program return: TokenzQdBNbLqP5VEhdkAS6EPFLC1PHnBqCXEpPxuEb tgAAAAAAAAA=
[2025-11-05T06:35:28.863678000Z DEBUG solana_runtime::message_processor::stable_log] Program TokenzQdBNbLqP5VEhdkAS6EPFLC1PHnBqCXEpPxuEb success
[2025-11-05T06:35:28.863739000Z DEBUG solana_runtime::message_processor::stable_log] Program 11111111111111111111111111111111 invoke [2]
[2025-11-05T06:35:28.863748000Z DEBUG solana_runtime::message_processor::stable_log] Program 11111111111111111111111111111111 success
[2025-11-05T06:35:28.863755000Z DEBUG solana_runtime::message_processor::stable_log] Program log: Initialize the associated token account
[2025-11-05T06:35:28.863773000Z DEBUG solana_runtime::message_processor::stable_log] Program TokenzQdBNbLqP5VEhdkAS6EPFLC1PHnBqCXEpPxuEb invoke [2]
[2025-11-05T06:35:28.863796000Z DEBUG solana_runtime::message_processor::stable_log] Program log: Instruction: InitializeImmutableOwner
[2025-11-05T06:35:28.863825000Z DEBUG solana_runtime::message_processor::stable_log] Program TokenzQdBNbLqP5VEhdkAS6EPFLC1PHnBqCXEpPxuEb consumed 1924 of 186795 compute units
[2025-11-05T06:35:28.863835000Z DEBUG solana_runtime::message_processor::stable_log] Program TokenzQdBNbLqP5VEhdkAS6EPFLC1PHnBqCXEpPxuEb success
[2025-11-05T06:35:28.863871000Z DEBUG solana_runtime::message_processor::stable_log] Program TokenzQdBNbLqP5VEhdkAS6EPFLC1PHnBqCXEpPxuEb invoke [2]
[2025-11-05T06:35:28.863902000Z DEBUG solana_runtime::message_processor::stable_log] Program log: Instruction: InitializeAccount3
[2025-11-05T06:35:28.864115000Z DEBUG solana_runtime::message_processor::stable_log] Program TokenzQdBNbLqP5VEhdkAS6EPFLC1PHnBqCXEpPxuEb consumed 5446 of 182481 compute units
[2025-11-05T06:35:28.864124000Z DEBUG solana_runtime::message_processor::stable_log] Program TokenzQdBNbLqP5VEhdkAS6EPFLC1PHnBqCXEpPxuEb success
[2025-11-05T06:35:28.864139000Z DEBUG solana_runtime::message_processor::stable_log] Program ATokenGPvbdGVxr1b2hvZbsiqW5xWH25efTNsLJA8knL consumed 23269 of 200000 compute units
[2025-11-05T06:35:28.864149000Z DEBUG solana_runtime::message_processor::stable_log] Program ATokenGPvbdGVxr1b2hvZbsiqW5xWH25efTNsLJA8knL success
[2025-11-05T06:35:28.868013000Z DEBUG solana_runtime::message_processor::stable_log] Program TokenzQdBNbLqP5VEhdkAS6EPFLC1PHnBqCXEpPxuEb invoke [1]
[2025-11-05T06:35:28.868086000Z DEBUG solana_runtime::message_processor::stable_log] Program log: Instruction: MintTo
[2025-11-05T06:35:28.868232000Z DEBUG solana_runtime::message_processor::stable_log] Program TokenzQdBNbLqP5VEhdkAS6EPFLC1PHnBqCXEpPxuEb consumed 5403 of 200000 compute units
[2025-11-05T06:35:28.868248000Z DEBUG solana_runtime::message_processor::stable_log] Program TokenzQdBNbLqP5VEhdkAS6EPFLC1PHnBqCXEpPxuEb success
[2025-11-05T06:35:28.882346000Z DEBUG solana_runtime::message_processor::stable_log] Program ASmKWt93JEMHxbdE6j7znD9y2FcdPboCzC3xtSTJvN7S invoke [1]
[2025-11-05T06:35:28.882414000Z DEBUG solana_runtime::message_processor::stable_log] Program log: Instruction: CreateConfig
[2025-11-05T06:35:28.882552000Z DEBUG solana_runtime::message_processor::stable_log] Program 11111111111111111111111111111111 invoke [2]
[2025-11-05T06:35:28.882563000Z DEBUG solana_runtime::message_processor::stable_log] Program 11111111111111111111111111111111 success
[2025-11-05T06:35:28.882672000Z DEBUG solana_runtime::message_processor::stable_log] Program ASmKWt93JEMHxbdE6j7znD9y2FcdPboCzC3xtSTJvN7S invoke [2]
[2025-11-05T06:35:28.882713000Z DEBUG solana_runtime::message_processor::stable_log] Program ASmKWt93JEMHxbdE6j7znD9y2FcdPboCzC3xtSTJvN7S consumed 2069 of 178598 compute units
[2025-11-05T06:35:28.882723000Z DEBUG solana_runtime::message_processor::stable_log] Program ASmKWt93JEMHxbdE6j7znD9y2FcdPboCzC3xtSTJvN7S success
[2025-11-05T06:35:28.882739000Z DEBUG solana_runtime::message_processor::stable_log] Program ASmKWt93JEMHxbdE6j7znD9y2FcdPboCzC3xtSTJvN7S consumed 23776 of 200000 compute units
[2025-11-05T06:35:28.882749000Z DEBUG solana_runtime::message_processor::stable_log] Program ASmKWt93JEMHxbdE6j7znD9y2FcdPboCzC3xtSTJvN7S success
[2025-11-05T06:35:28.910548000Z DEBUG solana_runtime::message_processor::stable_log] Program ASmKWt93JEMHxbdE6j7znD9y2FcdPboCzC3xtSTJvN7S invoke [1]
[2025-11-05T06:35:28.910727000Z DEBUG solana_runtime::message_processor::stable_log] Program log: Instruction: InitializePool
[2025-11-05T06:35:28.910897000Z DEBUG solana_runtime::message_processor::stable_log] Program 11111111111111111111111111111111 invoke [2]
[2025-11-05T06:35:28.910907000Z DEBUG solana_runtime::message_processor::stable_log] Program 11111111111111111111111111111111 success
[2025-11-05T06:35:28.910944000Z DEBUG solana_runtime::message_processor::stable_log] Program TokenzQdBNbLqP5VEhdkAS6EPFLC1PHnBqCXEpPxuEb invoke [2]
[2025-11-05T06:35:28.910998000Z DEBUG solana_runtime::message_processor::stable_log] Program log: MetadataPointerInstruction::Initialize
[2025-11-05T06:35:28.911051000Z DEBUG solana_runtime::message_processor::stable_log] Program TokenzQdBNbLqP5VEhdkAS6EPFLC1PHnBqCXEpPxuEb consumed 2442 of 334481 compute units
[2025-11-05T06:35:28.911067000Z DEBUG solana_runtime::message_processor::stable_log] Program TokenzQdBNbLqP5VEhdkAS6EPFLC1PHnBqCXEpPxuEb success
[2025-11-05T06:35:28.911103000Z DEBUG solana_runtime::message_processor::stable_log] Program TokenzQdBNbLqP5VEhdkAS6EPFLC1PHnBqCXEpPxuEb invoke [2]
[2025-11-05T06:35:28.911127000Z DEBUG solana_runtime::message_processor::stable_log] Program log: Instruction: InitializeMintCloseAuthority
[2025-11-05T06:35:28.911161000Z DEBUG solana_runtime::message_processor::stable_log] Program TokenzQdBNbLqP5VEhdkAS6EPFLC1PHnBqCXEpPxuEb consumed 2570 of 330061 compute units
[2025-11-05T06:35:28.911171000Z DEBUG solana_runtime::message_processor::stable_log] Program TokenzQdBNbLqP5VEhdkAS6EPFLC1PHnBqCXEpPxuEb success
[2025-11-05T06:35:28.911204000Z DEBUG solana_runtime::message_processor::stable_log] Program TokenzQdBNbLqP5VEhdkAS6EPFLC1PHnBqCXEpPxuEb invoke [2]
[2025-11-05T06:35:28.911229000Z DEBUG solana_runtime::message_processor::stable_log] Program log: Instruction: InitializeMint2
[2025-11-05T06:35:28.911300000Z DEBUG solana_runtime::message_processor::stable_log] Program TokenzQdBNbLqP5VEhdkAS6EPFLC1PHnBqCXEpPxuEb consumed 4078 of 325549 compute units
[2025-11-05T06:35:28.911312000Z DEBUG solana_runtime::message_processor::stable_log] Program TokenzQdBNbLqP5VEhdkAS6EPFLC1PHnBqCXEpPxuEb success
[2025-11-05T06:35:28.911459000Z DEBUG solana_runtime::message_processor::stable_log] Program 11111111111111111111111111111111 invoke [2]
[2025-11-05T06:35:28.911463000Z DEBUG solana_runtime::message_processor::stable_log] Program 11111111111111111111111111111111 success
[2025-11-05T06:35:28.911495000Z DEBUG solana_runtime::message_processor::stable_log] Program TokenzQdBNbLqP5VEhdkAS6EPFLC1PHnBqCXEpPxuEb invoke [2]
[2025-11-05T06:35:28.911535000Z DEBUG solana_runtime::message_processor::stable_log] Program log: Instruction: InitializeAccount3
[2025-11-05T06:35:28.911623000Z DEBUG solana_runtime::message_processor::stable_log] Program TokenzQdBNbLqP5VEhdkAS6EPFLC1PHnBqCXEpPxuEb consumed 5137 of 308865 compute units
[2025-11-05T06:35:28.911632000Z DEBUG solana_runtime::message_processor::stable_log] Program TokenzQdBNbLqP5VEhdkAS6EPFLC1PHnBqCXEpPxuEb success
[2025-11-05T06:35:28.911756000Z DEBUG solana_runtime::message_processor::stable_log] Program 11111111111111111111111111111111 invoke [2]
[2025-11-05T06:35:28.911765000Z DEBUG solana_runtime::message_processor::stable_log] Program 11111111111111111111111111111111 success
[2025-11-05T06:35:28.911836000Z DEBUG solana_runtime::message_processor::stable_log] Program 11111111111111111111111111111111 invoke [2]
[2025-11-05T06:35:28.911842000Z DEBUG solana_runtime::message_processor::stable_log] Program 11111111111111111111111111111111 success
[2025-11-05T06:35:28.911949000Z DEBUG solana_runtime::message_processor::stable_log] Program 11111111111111111111111111111111 invoke [2]
[2025-11-05T06:35:28.911958000Z DEBUG solana_runtime::message_processor::stable_log] Program 11111111111111111111111111111111 success
[2025-11-05T06:35:28.911999000Z DEBUG solana_runtime::message_processor::stable_log] Program TokenzQdBNbLqP5VEhdkAS6EPFLC1PHnBqCXEpPxuEb invoke [2]
[2025-11-05T06:35:28.912075000Z DEBUG solana_runtime::message_processor::stable_log] Program log: Instruction: InitializeAccount3
[2025-11-05T06:35:28.912173000Z DEBUG solana_runtime::message_processor::stable_log] Program TokenzQdBNbLqP5VEhdkAS6EPFLC1PHnBqCXEpPxuEb consumed 5379 of 279495 compute units
[2025-11-05T06:35:28.912186000Z DEBUG solana_runtime::message_processor::stable_log] Program TokenzQdBNbLqP5VEhdkAS6EPFLC1PHnBqCXEpPxuEb success
[2025-11-05T06:35:28.912372000Z DEBUG solana_runtime::message_processor::stable_log] Program 11111111111111111111111111111111 invoke [2]
[2025-11-05T06:35:28.912382000Z DEBUG solana_runtime::message_processor::stable_log] Program 11111111111111111111111111111111 success
[2025-11-05T06:35:28.912417000Z DEBUG solana_runtime::message_processor::stable_log] Program TokenzQdBNbLqP5VEhdkAS6EPFLC1PHnBqCXEpPxuEb invoke [2]
[2025-11-05T06:35:28.912447000Z DEBUG solana_runtime::message_processor::stable_log] Program log: Instruction: InitializeAccount3
[2025-11-05T06:35:28.912535000Z DEBUG solana_runtime::message_processor::stable_log] Program TokenzQdBNbLqP5VEhdkAS6EPFLC1PHnBqCXEpPxuEb consumed 5379 of 262410 compute units
[2025-11-05T06:35:28.912545000Z DEBUG solana_runtime::message_processor::stable_log] Program TokenzQdBNbLqP5VEhdkAS6EPFLC1PHnBqCXEpPxuEb success
[2025-11-05T06:35:28.912811000Z DEBUG solana_runtime::message_processor::stable_log] Program TokenzQdBNbLqP5VEhdkAS6EPFLC1PHnBqCXEpPxuEb invoke [2]
[2025-11-05T06:35:28.912870000Z DEBUG solana_runtime::message_processor::stable_log] Program log: TokenMetadataInstruction: Initialize
[2025-11-05T06:35:28.913006000Z DEBUG solana_runtime::message_processor::stable_log] Program TokenzQdBNbLqP5VEhdkAS6EPFLC1PHnBqCXEpPxuEb consumed 9900 of 243156 compute units
[2025-11-05T06:35:28.913017000Z DEBUG solana_runtime::message_processor::stable_log] Program TokenzQdBNbLqP5VEhdkAS6EPFLC1PHnBqCXEpPxuEb success
[2025-11-05T06:35:28.913063000Z DEBUG solana_runtime::message_processor::stable_log] Program 11111111111111111111111111111111 invoke [2]
[2025-11-05T06:35:28.913067000Z DEBUG solana_runtime::message_processor::stable_log] Program 11111111111111111111111111111111 success
[2025-11-05T06:35:28.913112000Z DEBUG solana_runtime::message_processor::stable_log] Program TokenzQdBNbLqP5VEhdkAS6EPFLC1PHnBqCXEpPxuEb invoke [2]
[2025-11-05T06:35:28.913148000Z DEBUG solana_runtime::message_processor::stable_log] Program log: Instruction: MintTo
[2025-11-05T06:35:28.913249000Z DEBUG solana_runtime::message_processor::stable_log] Program TokenzQdBNbLqP5VEhdkAS6EPFLC1PHnBqCXEpPxuEb consumed 5540 of 228194 compute units
[2025-11-05T06:35:28.913258000Z DEBUG solana_runtime::message_processor::stable_log] Program TokenzQdBNbLqP5VEhdkAS6EPFLC1PHnBqCXEpPxuEb success
[2025-11-05T06:35:28.913319000Z DEBUG solana_runtime::message_processor::stable_log] Program ASmKWt93JEMHxbdE6j7znD9y2FcdPboCzC3xtSTJvN7S invoke [2]
[2025-11-05T06:35:28.913360000Z DEBUG solana_runtime::message_processor::stable_log] Program ASmKWt93JEMHxbdE6j7znD9y2FcdPboCzC3xtSTJvN7S consumed 2069 of 219589 compute units
[2025-11-05T06:35:28.913368000Z DEBUG solana_runtime::message_processor::stable_log] Program ASmKWt93JEMHxbdE6j7znD9y2FcdPboCzC3xtSTJvN7S success
[2025-11-05T06:35:28.913456000Z DEBUG solana_runtime::message_processor::stable_log] Program TokenzQdBNbLqP5VEhdkAS6EPFLC1PHnBqCXEpPxuEb invoke [2]
[2025-11-05T06:35:28.913492000Z DEBUG solana_runtime::message_processor::stable_log] Program log: Instruction: TransferChecked
[2025-11-05T06:35:28.913643000Z DEBUG solana_runtime::message_processor::stable_log] Program TokenzQdBNbLqP5VEhdkAS6EPFLC1PHnBqCXEpPxuEb consumed 9156 of 213025 compute units
[2025-11-05T06:35:28.913652000Z DEBUG solana_runtime::message_processor::stable_log] Program TokenzQdBNbLqP5VEhdkAS6EPFLC1PHnBqCXEpPxuEb success
[2025-11-05T06:35:28.913698000Z DEBUG solana_runtime::message_processor::stable_log] Program TokenzQdBNbLqP5VEhdkAS6EPFLC1PHnBqCXEpPxuEb invoke [2]
[2025-11-05T06:35:28.913732000Z DEBUG solana_runtime::message_processor::stable_log] Program log: Instruction: TransferChecked
[2025-11-05T06:35:28.913853000Z DEBUG solana_runtime::message_processor::stable_log] Program TokenzQdBNbLqP5VEhdkAS6EPFLC1PHnBqCXEpPxuEb consumed 8762 of 201464 compute units
[2025-11-05T06:35:28.913862000Z DEBUG solana_runtime::message_processor::stable_log] Program TokenzQdBNbLqP5VEhdkAS6EPFLC1PHnBqCXEpPxuEb success
[2025-11-05T06:35:28.913945000Z DEBUG solana_runtime::message_processor::stable_log] Program ASmKWt93JEMHxbdE6j7znD9y2FcdPboCzC3xtSTJvN7S invoke [2]
[2025-11-05T06:35:28.913979000Z DEBUG solana_runtime::message_processor::stable_log] Program ASmKWt93JEMHxbdE6j7znD9y2FcdPboCzC3xtSTJvN7S consumed 2069 of 187621 compute units
[2025-11-05T06:35:28.913988000Z DEBUG solana_runtime::message_processor::stable_log] Program ASmKWt93JEMHxbdE6j7znD9y2FcdPboCzC3xtSTJvN7S success
[2025-11-05T06:35:28.914014000Z DEBUG solana_runtime::message_processor::stable_log] Program ASmKWt93JEMHxbdE6j7znD9y2FcdPboCzC3xtSTJvN7S consumed 165235 of 350000 compute units
[2025-11-05T06:35:28.914026000Z DEBUG solana_runtime::message_processor::stable_log] Program ASmKWt93JEMHxbdE6j7znD9y2FcdPboCzC3xtSTJvN7S success
[2025-11-05T06:35:28.914036000Z DEBUG solana_runtime::message_processor::stable_log] Program ComputeBudget111111111111111111111111111111 invoke [1]
[2025-11-05T06:35:28.914044000Z DEBUG solana_runtime::message_processor::stable_log] Program ComputeBudget111111111111111111111111111111 success
[2025-11-05T06:35:28.949343000Z DEBUG solana_runtime::message_processor::stable_log] Program ASmKWt93JEMHxbdE6j7znD9y2FcdPboCzC3xtSTJvN7S invoke [1]
[2025-11-05T06:35:28.949445000Z DEBUG solana_runtime::message_processor::stable_log] Program log: Instruction: CreatePosition
[2025-11-05T06:35:28.949530000Z DEBUG solana_runtime::message_processor::stable_log] Program 11111111111111111111111111111111 invoke [2]
[2025-11-05T06:35:28.949540000Z DEBUG solana_runtime::message_processor::stable_log] Program 11111111111111111111111111111111 success
[2025-11-05T06:35:28.949653000Z DEBUG solana_runtime::message_processor::stable_log] Program TokenzQdBNbLqP5VEhdkAS6EPFLC1PHnBqCXEpPxuEb invoke [2]
[2025-11-05T06:35:28.949761000Z DEBUG solana_runtime::message_processor::stable_log] Program log: MetadataPointerInstruction::Initialize
[2025-11-05T06:35:28.949803000Z DEBUG solana_runtime::message_processor::stable_log] Program TokenzQdBNbLqP5VEhdkAS6EPFLC1PHnBqCXEpPxuEb consumed 2442 of 191116 compute units
[2025-11-05T06:35:28.949815000Z DEBUG solana_runtime::message_processor::stable_log] Program TokenzQdBNbLqP5VEhdkAS6EPFLC1PHnBqCXEpPxuEb success
[2025-11-05T06:35:28.949885000Z DEBUG solana_runtime::message_processor::stable_log] Program TokenzQdBNbLqP5VEhdkAS6EPFLC1PHnBqCXEpPxuEb invoke [2]
[2025-11-05T06:35:28.949927000Z DEBUG solana_runtime::message_processor::stable_log] Program log: Instruction: InitializeMintCloseAuthority
[2025-11-05T06:35:28.949967000Z DEBUG solana_runtime::message_processor::stable_log] Program TokenzQdBNbLqP5VEhdkAS6EPFLC1PHnBqCXEpPxuEb consumed 2570 of 186696 compute units
[2025-11-05T06:35:28.949983000Z DEBUG solana_runtime::message_processor::stable_log] Program TokenzQdBNbLqP5VEhdkAS6EPFLC1PHnBqCXEpPxuEb success
[2025-11-05T06:35:28.950020000Z DEBUG solana_runtime::message_processor::stable_log] Program TokenzQdBNbLqP5VEhdkAS6EPFLC1PHnBqCXEpPxuEb invoke [2]
[2025-11-05T06:35:28.950050000Z DEBUG solana_runtime::message_processor::stable_log] Program log: Instruction: InitializeMint2
[2025-11-05T06:35:28.950143000Z DEBUG solana_runtime::message_processor::stable_log] Program TokenzQdBNbLqP5VEhdkAS6EPFLC1PHnBqCXEpPxuEb consumed 4078 of 182183 compute units
[2025-11-05T06:35:28.950154000Z DEBUG solana_runtime::message_processor::stable_log] Program TokenzQdBNbLqP5VEhdkAS6EPFLC1PHnBqCXEpPxuEb success
[2025-11-05T06:35:28.950296000Z DEBUG solana_runtime::message_processor::stable_log] Program 11111111111111111111111111111111 invoke [2]
[2025-11-05T06:35:28.950303000Z DEBUG solana_runtime::message_processor::stable_log] Program 11111111111111111111111111111111 success
[2025-11-05T06:35:28.950336000Z DEBUG solana_runtime::message_processor::stable_log] Program TokenzQdBNbLqP5VEhdkAS6EPFLC1PHnBqCXEpPxuEb invoke [2]
[2025-11-05T06:35:28.950422000Z DEBUG solana_runtime::message_processor::stable_log] Program log: Instruction: InitializeAccount3
[2025-11-05T06:35:28.950527000Z DEBUG solana_runtime::message_processor::stable_log] Program TokenzQdBNbLqP5VEhdkAS6EPFLC1PHnBqCXEpPxuEb consumed 5137 of 168499 compute units
[2025-11-05T06:35:28.950540000Z DEBUG solana_runtime::message_processor::stable_log] Program TokenzQdBNbLqP5VEhdkAS6EPFLC1PHnBqCXEpPxuEb success
[2025-11-05T06:35:28.950660000Z DEBUG solana_runtime::message_processor::stable_log] Program 11111111111111111111111111111111 invoke [2]
[2025-11-05T06:35:28.950670000Z DEBUG solana_runtime::message_processor::stable_log] Program 11111111111111111111111111111111 success
[2025-11-05T06:35:28.950784000Z DEBUG solana_runtime::message_processor::stable_log] Program TokenzQdBNbLqP5VEhdkAS6EPFLC1PHnBqCXEpPxuEb invoke [2]
[2025-11-05T06:35:28.950846000Z DEBUG solana_runtime::message_processor::stable_log] Program log: TokenMetadataInstruction: Initialize
[2025-11-05T06:35:28.951000000Z DEBUG solana_runtime::message_processor::stable_log] Program TokenzQdBNbLqP5VEhdkAS6EPFLC1PHnBqCXEpPxuEb consumed 9900 of 148769 compute units
[2025-11-05T06:35:28.951013000Z DEBUG solana_runtime::message_processor::stable_log] Program TokenzQdBNbLqP5VEhdkAS6EPFLC1PHnBqCXEpPxuEb success
[2025-11-05T06:35:28.951059000Z DEBUG solana_runtime::message_processor::stable_log] Program 11111111111111111111111111111111 invoke [2]
[2025-11-05T06:35:28.951064000Z DEBUG solana_runtime::message_processor::stable_log] Program 11111111111111111111111111111111 success
[2025-11-05T06:35:28.951108000Z DEBUG solana_runtime::message_processor::stable_log] Program TokenzQdBNbLqP5VEhdkAS6EPFLC1PHnBqCXEpPxuEb invoke [2]
[2025-11-05T06:35:28.951146000Z DEBUG solana_runtime::message_processor::stable_log] Program log: Instruction: MintTo
[2025-11-05T06:35:28.951226000Z DEBUG solana_runtime::message_processor::stable_log] Program TokenzQdBNbLqP5VEhdkAS6EPFLC1PHnBqCXEpPxuEb consumed 5540 of 133807 compute units
[2025-11-05T06:35:28.951236000Z DEBUG solana_runtime::message_processor::stable_log] Program TokenzQdBNbLqP5VEhdkAS6EPFLC1PHnBqCXEpPxuEb success
[2025-11-05T06:35:28.951292000Z DEBUG solana_runtime::message_processor::stable_log] Program ASmKWt93JEMHxbdE6j7znD9y2FcdPboCzC3xtSTJvN7S invoke [2]
[2025-11-05T06:35:28.951329000Z DEBUG solana_runtime::message_processor::stable_log] Program ASmKWt93JEMHxbdE6j7znD9y2FcdPboCzC3xtSTJvN7S consumed 2069 of 125201 compute units
[2025-11-05T06:35:28.951338000Z DEBUG solana_runtime::message_processor::stable_log] Program ASmKWt93JEMHxbdE6j7znD9y2FcdPboCzC3xtSTJvN7S success
[2025-11-05T06:35:28.951363000Z DEBUG solana_runtime::message_processor::stable_log] Program ASmKWt93JEMHxbdE6j7znD9y2FcdPboCzC3xtSTJvN7S consumed 77433 of 200000 compute units
[2025-11-05T06:35:28.951376000Z DEBUG solana_runtime::message_processor::stable_log] Program ASmKWt93JEMHxbdE6j7znD9y2FcdPboCzC3xtSTJvN7S success
[2025-11-05T06:35:28.993171000Z DEBUG solana_runtime::message_processor::stable_log] Program ASmKWt93JEMHxbdE6j7znD9y2FcdPboCzC3xtSTJvN7S invoke [1]
[2025-11-05T06:35:28.993283000Z DEBUG solana_runtime::message_processor::stable_log] Program log: Instruction: AddLiquidity
[2025-11-05T06:35:28.993649000Z DEBUG solana_runtime::message_processor::stable_log] Program TokenzQdBNbLqP5VEhdkAS6EPFLC1PHnBqCXEpPxuEb invoke [2]
[2025-11-05T06:35:28.993696000Z DEBUG solana_runtime::message_processor::stable_log] Program log: Instruction: TransferChecked
[2025-11-05T06:35:28.993848000Z DEBUG solana_runtime::message_processor::stable_log] Program TokenzQdBNbLqP5VEhdkAS6EPFLC1PHnBqCXEpPxuEb consumed 9167 of 176390 compute units
[2025-11-05T06:35:28.993860000Z DEBUG solana_runtime::message_processor::stable_log] Program TokenzQdBNbLqP5VEhdkAS6EPFLC1PHnBqCXEpPxuEb success
[2025-11-05T06:35:28.994042000Z DEBUG solana_runtime::message_processor::stable_log] Program TokenzQdBNbLqP5VEhdkAS6EPFLC1PHnBqCXEpPxuEb invoke [2]
[2025-11-05T06:35:28.994080000Z DEBUG solana_runtime::message_processor::stable_log] Program log: Instruction: TransferChecked
[2025-11-05T06:35:28.994206000Z DEBUG solana_runtime::message_processor::stable_log] Program TokenzQdBNbLqP5VEhdkAS6EPFLC1PHnBqCXEpPxuEb consumed 8762 of 164818 compute units
[2025-11-05T06:35:28.994216000Z DEBUG solana_runtime::message_processor::stable_log] Program TokenzQdBNbLqP5VEhdkAS6EPFLC1PHnBqCXEpPxuEb success
[2025-11-05T06:35:28.994287000Z DEBUG solana_runtime::message_processor::stable_log] Program ASmKWt93JEMHxbdE6j7znD9y2FcdPboCzC3xtSTJvN7S invoke [2]
[2025-11-05T06:35:28.994351000Z DEBUG solana_runtime::message_processor::stable_log] Program ASmKWt93JEMHxbdE6j7znD9y2FcdPboCzC3xtSTJvN7S consumed 2069 of 152802 compute units
[2025-11-05T06:35:28.994359000Z DEBUG solana_runtime::message_processor::stable_log] Program ASmKWt93JEMHxbdE6j7znD9y2FcdPboCzC3xtSTJvN7S success
[2025-11-05T06:35:28.994467000Z DEBUG solana_runtime::message_processor::stable_log] Program ASmKWt93JEMHxbdE6j7znD9y2FcdPboCzC3xtSTJvN7S invoke [2]
[2025-11-05T06:35:28.994499000Z DEBUG solana_runtime::message_processor::stable_log] Program ASmKWt93JEMHxbdE6j7znD9y2FcdPboCzC3xtSTJvN7S consumed 2069 of 144399 compute units
[2025-11-05T06:35:28.994508000Z DEBUG solana_runtime::message_processor::stable_log] Program ASmKWt93JEMHxbdE6j7znD9y2FcdPboCzC3xtSTJvN7S success
[2025-11-05T06:35:28.994531000Z DEBUG solana_runtime::message_processor::stable_log] Program ASmKWt93JEMHxbdE6j7znD9y2FcdPboCzC3xtSTJvN7S consumed 58311 of 200000 compute units
[2025-11-05T06:35:28.994543000Z DEBUG solana_runtime::message_processor::stable_log] Program ASmKWt93JEMHxbdE6j7znD9y2FcdPboCzC3xtSTJvN7S success
[2025-11-05T06:35:29.006646000Z DEBUG solana_runtime::message_processor::stable_log] Program ASmKWt93JEMHxbdE6j7znD9y2FcdPboCzC3xtSTJvN7S invoke [1]
[2025-11-05T06:35:29.006805000Z DEBUG solana_runtime::message_processor::stable_log] Program log: Instruction: InitializeReward
[2025-11-05T06:35:29.006960000Z DEBUG solana_runtime::message_processor::stable_log] Program 11111111111111111111111111111111 invoke [2]
[2025-11-05T06:35:29.006973000Z DEBUG solana_runtime::message_processor::stable_log] Program 11111111111111111111111111111111 success
[2025-11-05T06:35:29.007063000Z DEBUG solana_runtime::message_processor::stable_log] Program TokenzQdBNbLqP5VEhdkAS6EPFLC1PHnBqCXEpPxuEb invoke [2]
[2025-11-05T06:35:29.007103000Z DEBUG solana_runtime::message_processor::stable_log] Program log: Instruction: InitializeAccount3
[2025-11-05T06:35:29.007204000Z DEBUG solana_runtime::message_processor::stable_log] Program TokenzQdBNbLqP5VEhdkAS6EPFLC1PHnBqCXEpPxuEb consumed 5379 of 187806 compute units
[2025-11-05T06:35:29.007216000Z DEBUG solana_runtime::message_processor::stable_log] Program TokenzQdBNbLqP5VEhdkAS6EPFLC1PHnBqCXEpPxuEb success
[2025-11-05T06:35:29.007348000Z DEBUG solana_runtime::message_processor::stable_log] Program ASmKWt93JEMHxbdE6j7znD9y2FcdPboCzC3xtSTJvN7S invoke [2]
[2025-11-05T06:35:29.007389000Z DEBUG solana_runtime::message_processor::stable_log] Program ASmKWt93JEMHxbdE6j7znD9y2FcdPboCzC3xtSTJvN7S consumed 2069 of 174640 compute units
[2025-11-05T06:35:29.007401000Z DEBUG solana_runtime::message_processor::stable_log] Program ASmKWt93JEMHxbdE6j7znD9y2FcdPboCzC3xtSTJvN7S success
[2025-11-05T06:35:29.007420000Z DEBUG solana_runtime::message_processor::stable_log] Program ASmKWt93JEMHxbdE6j7znD9y2FcdPboCzC3xtSTJvN7S consumed 27845 of 200000 compute units
[2025-11-05T06:35:29.007430000Z DEBUG solana_runtime::message_processor::stable_log] Program ASmKWt93JEMHxbdE6j7znD9y2FcdPboCzC3xtSTJvN7S success
[2025-11-05T06:35:29.023017000Z DEBUG solana_runtime::message_processor::stable_log] Program ASmKWt93JEMHxbdE6j7znD9y2FcdPboCzC3xtSTJvN7S invoke [1]
[2025-11-05T06:35:29.023093000Z DEBUG solana_runtime::message_processor::stable_log] Program log: Instruction: UpdateRewardDuration
[2025-11-05T06:35:29.023185000Z DEBUG solana_runtime::message_processor::stable_log] Program ASmKWt93JEMHxbdE6j7znD9y2FcdPboCzC3xtSTJvN7S invoke [2]
[2025-11-05T06:35:29.023232000Z DEBUG solana_runtime::message_processor::stable_log] Program ASmKWt93JEMHxbdE6j7znD9y2FcdPboCzC3xtSTJvN7S consumed 2069 of 194148 compute units
[2025-11-05T06:35:29.023246000Z DEBUG solana_runtime::message_processor::stable_log] Program ASmKWt93JEMHxbdE6j7znD9y2FcdPboCzC3xtSTJvN7S success
[2025-11-05T06:35:29.023264000Z DEBUG solana_runtime::message_processor::stable_log] Program ASmKWt93JEMHxbdE6j7znD9y2FcdPboCzC3xtSTJvN7S consumed 8205 of 200000 compute units
[2025-11-05T06:35:29.023275000Z DEBUG solana_runtime::message_processor::stable_log] Program ASmKWt93JEMHxbdE6j7znD9y2FcdPboCzC3xtSTJvN7S success
[2025-11-05T06:35:29.038780000Z DEBUG solana_runtime::message_processor::stable_log] Program ASmKWt93JEMHxbdE6j7znD9y2FcdPboCzC3xtSTJvN7S invoke [1]
[2025-11-05T06:35:29.038857000Z DEBUG solana_runtime::message_processor::stable_log] Program log: Instruction: UpdateRewardFunder
[2025-11-05T06:35:29.038939000Z DEBUG solana_runtime::message_processor::stable_log] Program ASmKWt93JEMHxbdE6j7znD9y2FcdPboCzC3xtSTJvN7S invoke [2]
[2025-11-05T06:35:29.038981000Z DEBUG solana_runtime::message_processor::stable_log] Program ASmKWt93JEMHxbdE6j7znD9y2FcdPboCzC3xtSTJvN7S consumed 2069 of 193841 compute units
[2025-11-05T06:35:29.038991000Z DEBUG solana_runtime::message_processor::stable_log] Program ASmKWt93JEMHxbdE6j7znD9y2FcdPboCzC3xtSTJvN7S success
[2025-11-05T06:35:29.039009000Z DEBUG solana_runtime::message_processor::stable_log] Program ASmKWt93JEMHxbdE6j7znD9y2FcdPboCzC3xtSTJvN7S consumed 8512 of 200000 compute units
[2025-11-05T06:35:29.039020000Z DEBUG solana_runtime::message_processor::stable_log] Program ASmKWt93JEMHxbdE6j7znD9y2FcdPboCzC3xtSTJvN7S success
fund reward
[2025-11-05T06:35:29.062887000Z DEBUG solana_runtime::message_processor::stable_log] Program ASmKWt93JEMHxbdE6j7znD9y2FcdPboCzC3xtSTJvN7S invoke [1]
[2025-11-05T06:35:29.062993000Z DEBUG solana_runtime::message_processor::stable_log] Program log: Instruction: FundReward
[2025-11-05T06:35:29.063269000Z DEBUG solana_runtime::message_processor::stable_log] Program TokenzQdBNbLqP5VEhdkAS6EPFLC1PHnBqCXEpPxuEb invoke [2]
[2025-11-05T06:35:29.063325000Z DEBUG solana_runtime::message_processor::stable_log] Program log: Instruction: TransferChecked
[2025-11-05T06:35:29.063511000Z DEBUG solana_runtime::message_processor::stable_log] Program TokenzQdBNbLqP5VEhdkAS6EPFLC1PHnBqCXEpPxuEb consumed 9156 of 186655 compute units
[2025-11-05T06:35:29.063538000Z DEBUG solana_runtime::message_processor::stable_log] Program TokenzQdBNbLqP5VEhdkAS6EPFLC1PHnBqCXEpPxuEb success
[2025-11-05T06:35:29.063600000Z DEBUG solana_runtime::message_processor::stable_log] Program ASmKWt93JEMHxbdE6j7znD9y2FcdPboCzC3xtSTJvN7S invoke [2]
[2025-11-05T06:35:29.063658000Z DEBUG solana_runtime::message_processor::stable_log] Program ASmKWt93JEMHxbdE6j7znD9y2FcdPboCzC3xtSTJvN7S consumed 2069 of 174303 compute units
[2025-11-05T06:35:29.063671000Z DEBUG solana_runtime::message_processor::stable_log] Program ASmKWt93JEMHxbdE6j7znD9y2FcdPboCzC3xtSTJvN7S success
[2025-11-05T06:35:29.063693000Z DEBUG solana_runtime::message_processor::stable_log] Program ASmKWt93JEMHxbdE6j7znD9y2FcdPboCzC3xtSTJvN7S consumed 28158 of 200000 compute units
[2025-11-05T06:35:29.063703000Z DEBUG solana_runtime::message_processor::stable_log] Program ASmKWt93JEMHxbdE6j7znD9y2FcdPboCzC3xtSTJvN7S success
[2025-11-05T06:35:29.088275000Z DEBUG solana_runtime::message_processor::stable_log] Program ATokenGPvbdGVxr1b2hvZbsiqW5xWH25efTNsLJA8knL invoke [1]
[2025-11-05T06:35:29.088373000Z DEBUG solana_runtime::message_processor::stable_log] Program log: Create
[2025-11-05T06:35:29.088451000Z DEBUG solana_runtime::message_processor::stable_log] Program TokenzQdBNbLqP5VEhdkAS6EPFLC1PHnBqCXEpPxuEb invoke [2]
[2025-11-05T06:35:29.088509000Z DEBUG solana_runtime::message_processor::stable_log] Program log: Instruction: GetAccountDataSize
[2025-11-05T06:35:29.088566000Z DEBUG solana_runtime::message_processor::stable_log] Program TokenzQdBNbLqP5VEhdkAS6EPFLC1PHnBqCXEpPxuEb consumed 2917 of 194720 compute units
[2025-11-05T06:35:29.088577000Z DEBUG solana_runtime::message_processor::stable_log] Program return: TokenzQdBNbLqP5VEhdkAS6EPFLC1PHnBqCXEpPxuEb tgAAAAAAAAA=
[2025-11-05T06:35:29.088587000Z DEBUG solana_runtime::message_processor::stable_log] Program TokenzQdBNbLqP5VEhdkAS6EPFLC1PHnBqCXEpPxuEb success
[2025-11-05T06:35:29.088650000Z DEBUG solana_runtime::message_processor::stable_log] Program 11111111111111111111111111111111 invoke [2]
[2025-11-05T06:35:29.088659000Z DEBUG solana_runtime::message_processor::stable_log] Program 11111111111111111111111111111111 success
[2025-11-05T06:35:29.088665000Z DEBUG solana_runtime::message_processor::stable_log] Program log: Initialize the associated token account
[2025-11-05T06:35:29.088684000Z DEBUG solana_runtime::message_processor::stable_log] Program TokenzQdBNbLqP5VEhdkAS6EPFLC1PHnBqCXEpPxuEb invoke [2]
[2025-11-05T06:35:29.088707000Z DEBUG solana_runtime::message_processor::stable_log] Program log: Instruction: InitializeImmutableOwner
[2025-11-05T06:35:29.088735000Z DEBUG solana_runtime::message_processor::stable_log] Program TokenzQdBNbLqP5VEhdkAS6EPFLC1PHnBqCXEpPxuEb consumed 1924 of 186873 compute units
[2025-11-05T06:35:29.088744000Z DEBUG solana_runtime::message_processor::stable_log] Program TokenzQdBNbLqP5VEhdkAS6EPFLC1PHnBqCXEpPxuEb success
[2025-11-05T06:35:29.088780000Z DEBUG solana_runtime::message_processor::stable_log] Program TokenzQdBNbLqP5VEhdkAS6EPFLC1PHnBqCXEpPxuEb invoke [2]
[2025-11-05T06:35:29.088809000Z DEBUG solana_runtime::message_processor::stable_log] Program log: Instruction: InitializeAccount3
[2025-11-05T06:35:29.088906000Z DEBUG solana_runtime::message_processor::stable_log] Program TokenzQdBNbLqP5VEhdkAS6EPFLC1PHnBqCXEpPxuEb consumed 5446 of 182561 compute units
[2025-11-05T06:35:29.088916000Z DEBUG solana_runtime::message_processor::stable_log] Program TokenzQdBNbLqP5VEhdkAS6EPFLC1PHnBqCXEpPxuEb success
[2025-11-05T06:35:29.088930000Z DEBUG solana_runtime::message_processor::stable_log] Program ATokenGPvbdGVxr1b2hvZbsiqW5xWH25efTNsLJA8knL consumed 23168 of 200000 compute units
[2025-11-05T06:35:29.088940000Z DEBUG solana_runtime::message_processor::stable_log] Program ATokenGPvbdGVxr1b2hvZbsiqW5xWH25efTNsLJA8knL success
[2025-11-05T06:35:29.094427000Z DEBUG solana_runtime::message_processor::stable_log] Program ASmKWt93JEMHxbdE6j7znD9y2FcdPboCzC3xtSTJvN7S invoke [1]
[2025-11-05T06:35:29.094536000Z DEBUG solana_runtime::message_processor::stable_log] Program log: Instruction: ClaimReward
[2025-11-05T06:35:29.094886000Z DEBUG solana_runtime::message_processor::stable_log] Program ASmKWt93JEMHxbdE6j7znD9y2FcdPboCzC3xtSTJvN7S invoke [2]
[2025-11-05T06:35:29.094932000Z DEBUG solana_runtime::message_processor::stable_log] Program ASmKWt93JEMHxbdE6j7znD9y2FcdPboCzC3xtSTJvN7S consumed 2069 of 184028 compute units
[2025-11-05T06:35:29.094942000Z DEBUG solana_runtime::message_processor::stable_log] Program ASmKWt93JEMHxbdE6j7znD9y2FcdPboCzC3xtSTJvN7S success
[2025-11-05T06:35:29.094965000Z DEBUG solana_runtime::message_processor::stable_log] Program ASmKWt93JEMHxbdE6j7znD9y2FcdPboCzC3xtSTJvN7S consumed 18616 of 200000 compute units
[2025-11-05T06:35:29.094975000Z DEBUG solana_runtime::message_processor::stable_log] Program ASmKWt93JEMHxbdE6j7znD9y2FcdPboCzC3xtSTJvN7S success
[2025-11-05T06:35:29.117499000Z DEBUG solana_runtime::message_processor::stable_log] Program ASmKWt93JEMHxbdE6j7znD9y2FcdPboCzC3xtSTJvN7S invoke [1]
[2025-11-05T06:35:29.117605000Z DEBUG solana_runtime::message_processor::stable_log] Program log: Instruction: WithdrawIneligibleReward
[2025-11-05T06:35:29.118061000Z DEBUG solana_runtime::message_processor::stable_log] Program ASmKWt93JEMHxbdE6j7znD9y2FcdPboCzC3xtSTJvN7S invoke [2]
[2025-11-05T06:35:29.118143000Z DEBUG solana_runtime::message_processor::stable_log] Program ASmKWt93JEMHxbdE6j7znD9y2FcdPboCzC3xtSTJvN7S consumed 2069 of 187110 compute units
[2025-11-05T06:35:29.118162000Z DEBUG solana_runtime::message_processor::stable_log] Program ASmKWt93JEMHxbdE6j7znD9y2FcdPboCzC3xtSTJvN7S success
[2025-11-05T06:35:29.118242000Z DEBUG solana_runtime::message_processor::stable_log] Program ASmKWt93JEMHxbdE6j7znD9y2FcdPboCzC3xtSTJvN7S consumed 15370 of 200000 compute units
[2025-11-05T06:35:29.118259000Z DEBUG solana_runtime::message_processor::stable_log] Program ASmKWt93JEMHxbdE6j7znD9y2FcdPboCzC3xtSTJvN7S success
      ✔ Full flow for reward (230ms)
[2025-11-05T06:35:29.119874000Z INFO  solana_program_test] "cp_amm" SBF program from ./target/deploy/cp_amm.so, modified 24 minutes, 36 seconds, 467 ms, 190 µs and 203 ns ago
[2025-11-05T06:35:29.120049000Z INFO  solana_program_test] "fee_router" SBF program from ./target/deploy/fee_router.so, modified 39 seconds, 204 ms, 308 µs and 331 ns ago
[2025-11-05T06:35:29.120261000Z INFO  solana_program_test] "transfer_hook_counter" SBF program from tests/fixtures/transfer_hook_counter.so, modified 3 weeks, 22 hours, 59 minutes, 3 seconds, 945 ms, 860 µs and 196 ns ago
[2025-11-05T06:35:29.120532000Z INFO  solana_program_test] "alpha_vault" SBF program from tests/fixtures/alpha_vault.so, modified 3 weeks, 22 hours, 59 minutes, 3 seconds, 946 ms, 818 µs and 72 ns ago
[2025-11-05T06:35:29.120845000Z INFO  solana_program_test] "streamflow" SBF program from tests/fixtures/streamflow.so, modified 3 weeks, 6 hours, 59 minutes, 13 seconds, 831 ms, 760 µs and 387 ns ago
[2025-11-05T06:35:29.121143000Z INFO  solana_program_test] "cp_amm" SBF program from ./target/deploy/cp_amm.so, modified 24 minutes, 36 seconds, 468 ms, 461 µs and 203 ns ago
[2025-11-05T06:35:29.121329000Z INFO  solana_program_test] "fee_router" SBF program from ./target/deploy/fee_router.so, modified 39 seconds, 205 ms, 589 µs and 331 ns ago
[2025-11-05T06:35:29.143798000Z INFO  solana_program_test] Overriding account at ASmKWt93JEMHxbdE6j7znD9y2FcdPboCzC3xtSTJvN7S
[2025-11-05T06:35:29.143814000Z INFO  solana_program_test] Overriding account at 5B57SJ3g2YoNXUpsZqqjEQkRSxyKtVTQRXdgAirz6bio
[2025-11-05T06:35:29.158338000Z DEBUG solana_runtime::message_processor::stable_log] Program 11111111111111111111111111111111 invoke [1]
[2025-11-05T06:35:29.158351000Z DEBUG solana_runtime::message_processor::stable_log] Program 11111111111111111111111111111111 success
[2025-11-05T06:35:29.162277000Z DEBUG solana_runtime::message_processor::stable_log] Program 11111111111111111111111111111111 invoke [1]
[2025-11-05T06:35:29.162289000Z DEBUG solana_runtime::message_processor::stable_log] Program 11111111111111111111111111111111 success
[2025-11-05T06:35:29.166435000Z DEBUG solana_runtime::message_processor::stable_log] Program 11111111111111111111111111111111 invoke [1]
[2025-11-05T06:35:29.166471000Z DEBUG solana_runtime::message_processor::stable_log] Program 11111111111111111111111111111111 success
[2025-11-05T06:35:29.171060000Z DEBUG solana_runtime::message_processor::stable_log] Program 11111111111111111111111111111111 invoke [1]
[2025-11-05T06:35:29.171104000Z DEBUG solana_runtime::message_processor::stable_log] Program 11111111111111111111111111111111 success
[2025-11-05T06:35:29.179990000Z DEBUG solana_runtime::message_processor::stable_log] Program 11111111111111111111111111111111 invoke [1]
[2025-11-05T06:35:29.180009000Z DEBUG solana_runtime::message_processor::stable_log] Program 11111111111111111111111111111111 success
[2025-11-05T06:35:29.180015000Z DEBUG solana_runtime::message_processor::stable_log] Program TokenzQdBNbLqP5VEhdkAS6EPFLC1PHnBqCXEpPxuEb invoke [1]
[2025-11-05T06:35:29.180123000Z DEBUG solana_runtime::message_processor::stable_log] Program TokenzQdBNbLqP5VEhdkAS6EPFLC1PHnBqCXEpPxuEb consumed 3479 of 599850 compute units
[2025-11-05T06:35:29.180134000Z DEBUG solana_runtime::message_processor::stable_log] Program TokenzQdBNbLqP5VEhdkAS6EPFLC1PHnBqCXEpPxuEb success
[2025-11-05T06:35:29.180141000Z DEBUG solana_runtime::message_processor::stable_log] Program TokenzQdBNbLqP5VEhdkAS6EPFLC1PHnBqCXEpPxuEb invoke [1]
[2025-11-05T06:35:29.180170000Z DEBUG solana_runtime::message_processor::stable_log] Program log: Instruction: InitializeMint2
[2025-11-05T06:35:29.180231000Z DEBUG solana_runtime::message_processor::stable_log] Program TokenzQdBNbLqP5VEhdkAS6EPFLC1PHnBqCXEpPxuEb consumed 3868 of 596371 compute units
[2025-11-05T06:35:29.180239000Z DEBUG solana_runtime::message_processor::stable_log] Program TokenzQdBNbLqP5VEhdkAS6EPFLC1PHnBqCXEpPxuEb success
[2025-11-05T06:35:29.188047000Z DEBUG solana_runtime::message_processor::stable_log] Program 11111111111111111111111111111111 invoke [1]
[2025-11-05T06:35:29.188067000Z DEBUG solana_runtime::message_processor::stable_log] Program 11111111111111111111111111111111 success
[2025-11-05T06:35:29.188074000Z DEBUG solana_runtime::message_processor::stable_log] Program TokenzQdBNbLqP5VEhdkAS6EPFLC1PHnBqCXEpPxuEb invoke [1]
[2025-11-05T06:35:29.188179000Z DEBUG solana_runtime::message_processor::stable_log] Program TokenzQdBNbLqP5VEhdkAS6EPFLC1PHnBqCXEpPxuEb consumed 3479 of 599850 compute units
[2025-11-05T06:35:29.188189000Z DEBUG solana_runtime::message_processor::stable_log] Program TokenzQdBNbLqP5VEhdkAS6EPFLC1PHnBqCXEpPxuEb success
[2025-11-05T06:35:29.188197000Z DEBUG solana_runtime::message_processor::stable_log] Program TokenzQdBNbLqP5VEhdkAS6EPFLC1PHnBqCXEpPxuEb invoke [1]
[2025-11-05T06:35:29.188226000Z DEBUG solana_runtime::message_processor::stable_log] Program log: Instruction: InitializeMint2
[2025-11-05T06:35:29.188289000Z DEBUG solana_runtime::message_processor::stable_log] Program TokenzQdBNbLqP5VEhdkAS6EPFLC1PHnBqCXEpPxuEb consumed 3868 of 596371 compute units
[2025-11-05T06:35:29.188297000Z DEBUG solana_runtime::message_processor::stable_log] Program TokenzQdBNbLqP5VEhdkAS6EPFLC1PHnBqCXEpPxuEb success
[2025-11-05T06:35:29.196047000Z DEBUG solana_runtime::message_processor::stable_log] Program 11111111111111111111111111111111 invoke [1]
[2025-11-05T06:35:29.196061000Z DEBUG solana_runtime::message_processor::stable_log] Program 11111111111111111111111111111111 success
[2025-11-05T06:35:29.196065000Z DEBUG solana_runtime::message_processor::stable_log] Program TokenzQdBNbLqP5VEhdkAS6EPFLC1PHnBqCXEpPxuEb invoke [1]
[2025-11-05T06:35:29.196164000Z DEBUG solana_runtime::message_processor::stable_log] Program TokenzQdBNbLqP5VEhdkAS6EPFLC1PHnBqCXEpPxuEb consumed 3479 of 599850 compute units
[2025-11-05T06:35:29.196174000Z DEBUG solana_runtime::message_processor::stable_log] Program TokenzQdBNbLqP5VEhdkAS6EPFLC1PHnBqCXEpPxuEb success
[2025-11-05T06:35:29.196182000Z DEBUG solana_runtime::message_processor::stable_log] Program TokenzQdBNbLqP5VEhdkAS6EPFLC1PHnBqCXEpPxuEb invoke [1]
[2025-11-05T06:35:29.196209000Z DEBUG solana_runtime::message_processor::stable_log] Program log: Instruction: InitializeMint2
[2025-11-05T06:35:29.196272000Z DEBUG solana_runtime::message_processor::stable_log] Program TokenzQdBNbLqP5VEhdkAS6EPFLC1PHnBqCXEpPxuEb consumed 3868 of 596371 compute units
[2025-11-05T06:35:29.196280000Z DEBUG solana_runtime::message_processor::stable_log] Program TokenzQdBNbLqP5VEhdkAS6EPFLC1PHnBqCXEpPxuEb success
[2025-11-05T06:35:29.202450000Z DEBUG solana_runtime::message_processor::stable_log] Program ATokenGPvbdGVxr1b2hvZbsiqW5xWH25efTNsLJA8knL invoke [1]
[2025-11-05T06:35:29.202542000Z DEBUG solana_runtime::message_processor::stable_log] Program log: Create
[2025-11-05T06:35:29.202618000Z DEBUG solana_runtime::message_processor::stable_log] Program TokenzQdBNbLqP5VEhdkAS6EPFLC1PHnBqCXEpPxuEb invoke [2]
[2025-11-05T06:35:29.202660000Z DEBUG solana_runtime::message_processor::stable_log] Program log: Instruction: GetAccountDataSize
[2025-11-05T06:35:29.202711000Z DEBUG solana_runtime::message_processor::stable_log] Program TokenzQdBNbLqP5VEhdkAS6EPFLC1PHnBqCXEpPxuEb consumed 2917 of 191642 compute units
[2025-11-05T06:35:29.202721000Z DEBUG solana_runtime::message_processor::stable_log] Program return: TokenzQdBNbLqP5VEhdkAS6EPFLC1PHnBqCXEpPxuEb tgAAAAAAAAA=
[2025-11-05T06:35:29.202731000Z DEBUG solana_runtime::message_processor::stable_log] Program TokenzQdBNbLqP5VEhdkAS6EPFLC1PHnBqCXEpPxuEb success
[2025-11-05T06:35:29.202793000Z DEBUG solana_runtime::message_processor::stable_log] Program 11111111111111111111111111111111 invoke [2]
[2025-11-05T06:35:29.202801000Z DEBUG solana_runtime::message_processor::stable_log] Program 11111111111111111111111111111111 success
[2025-11-05T06:35:29.202808000Z DEBUG solana_runtime::message_processor::stable_log] Program log: Initialize the associated token account
[2025-11-05T06:35:29.202828000Z DEBUG solana_runtime::message_processor::stable_log] Program TokenzQdBNbLqP5VEhdkAS6EPFLC1PHnBqCXEpPxuEb invoke [2]
[2025-11-05T06:35:29.202852000Z DEBUG solana_runtime::message_processor::stable_log] Program log: Instruction: InitializeImmutableOwner
[2025-11-05T06:35:29.202879000Z DEBUG solana_runtime::message_processor::stable_log] Program TokenzQdBNbLqP5VEhdkAS6EPFLC1PHnBqCXEpPxuEb consumed 1924 of 183795 compute units
[2025-11-05T06:35:29.202888000Z DEBUG solana_runtime::message_processor::stable_log] Program TokenzQdBNbLqP5VEhdkAS6EPFLC1PHnBqCXEpPxuEb success
[2025-11-05T06:35:29.202924000Z DEBUG solana_runtime::message_processor::stable_log] Program TokenzQdBNbLqP5VEhdkAS6EPFLC1PHnBqCXEpPxuEb invoke [2]
[2025-11-05T06:35:29.202954000Z DEBUG solana_runtime::message_processor::stable_log] Program log: Instruction: InitializeAccount3
[2025-11-05T06:35:29.203050000Z DEBUG solana_runtime::message_processor::stable_log] Program TokenzQdBNbLqP5VEhdkAS6EPFLC1PHnBqCXEpPxuEb consumed 5446 of 179481 compute units
[2025-11-05T06:35:29.203061000Z DEBUG solana_runtime::message_processor::stable_log] Program TokenzQdBNbLqP5VEhdkAS6EPFLC1PHnBqCXEpPxuEb success
[2025-11-05T06:35:29.203076000Z DEBUG solana_runtime::message_processor::stable_log] Program ATokenGPvbdGVxr1b2hvZbsiqW5xWH25efTNsLJA8knL consumed 26269 of 200000 compute units
[2025-11-05T06:35:29.203086000Z DEBUG solana_runtime::message_processor::stable_log] Program ATokenGPvbdGVxr1b2hvZbsiqW5xWH25efTNsLJA8knL success
[2025-11-05T06:35:29.206870000Z DEBUG solana_runtime::message_processor::stable_log] Program TokenzQdBNbLqP5VEhdkAS6EPFLC1PHnBqCXEpPxuEb invoke [1]
[2025-11-05T06:35:29.206981000Z DEBUG solana_runtime::message_processor::stable_log] Program log: Instruction: MintTo
[2025-11-05T06:35:29.207067000Z DEBUG solana_runtime::message_processor::stable_log] Program TokenzQdBNbLqP5VEhdkAS6EPFLC1PHnBqCXEpPxuEb consumed 5403 of 200000 compute units
[2025-11-05T06:35:29.207079000Z DEBUG solana_runtime::message_processor::stable_log] Program TokenzQdBNbLqP5VEhdkAS6EPFLC1PHnBqCXEpPxuEb success
[2025-11-05T06:35:29.212559000Z DEBUG solana_runtime::message_processor::stable_log] Program ATokenGPvbdGVxr1b2hvZbsiqW5xWH25efTNsLJA8knL invoke [1]
[2025-11-05T06:35:29.212650000Z DEBUG solana_runtime::message_processor::stable_log] Program log: Create
[2025-11-05T06:35:29.212706000Z DEBUG solana_runtime::message_processor::stable_log] Program TokenzQdBNbLqP5VEhdkAS6EPFLC1PHnBqCXEpPxuEb invoke [2]
[2025-11-05T06:35:29.212754000Z DEBUG solana_runtime::message_processor::stable_log] Program log: Instruction: GetAccountDataSize
[2025-11-05T06:35:29.212803000Z DEBUG solana_runtime::message_processor::stable_log] Program TokenzQdBNbLqP5VEhdkAS6EPFLC1PHnBqCXEpPxuEb consumed 2917 of 194642 compute units
[2025-11-05T06:35:29.212813000Z DEBUG solana_runtime::message_processor::stable_log] Program return: TokenzQdBNbLqP5VEhdkAS6EPFLC1PHnBqCXEpPxuEb tgAAAAAAAAA=
[2025-11-05T06:35:29.212822000Z DEBUG solana_runtime::message_processor::stable_log] Program TokenzQdBNbLqP5VEhdkAS6EPFLC1PHnBqCXEpPxuEb success
[2025-11-05T06:35:29.212884000Z DEBUG solana_runtime::message_processor::stable_log] Program 11111111111111111111111111111111 invoke [2]
[2025-11-05T06:35:29.212893000Z DEBUG solana_runtime::message_processor::stable_log] Program 11111111111111111111111111111111 success
[2025-11-05T06:35:29.212900000Z DEBUG solana_runtime::message_processor::stable_log] Program log: Initialize the associated token account
[2025-11-05T06:35:29.212919000Z DEBUG solana_runtime::message_processor::stable_log] Program TokenzQdBNbLqP5VEhdkAS6EPFLC1PHnBqCXEpPxuEb invoke [2]
[2025-11-05T06:35:29.212944000Z DEBUG solana_runtime::message_processor::stable_log] Program log: Instruction: InitializeImmutableOwner
[2025-11-05T06:35:29.212971000Z DEBUG solana_runtime::message_processor::stable_log] Program TokenzQdBNbLqP5VEhdkAS6EPFLC1PHnBqCXEpPxuEb consumed 1924 of 186795 compute units
[2025-11-05T06:35:29.212980000Z DEBUG solana_runtime::message_processor::stable_log] Program TokenzQdBNbLqP5VEhdkAS6EPFLC1PHnBqCXEpPxuEb success
[2025-11-05T06:35:29.213018000Z DEBUG solana_runtime::message_processor::stable_log] Program TokenzQdBNbLqP5VEhdkAS6EPFLC1PHnBqCXEpPxuEb invoke [2]
[2025-11-05T06:35:29.213049000Z DEBUG solana_runtime::message_processor::stable_log] Program log: Instruction: InitializeAccount3
[2025-11-05T06:35:29.213144000Z DEBUG solana_runtime::message_processor::stable_log] Program TokenzQdBNbLqP5VEhdkAS6EPFLC1PHnBqCXEpPxuEb consumed 5446 of 182481 compute units
[2025-11-05T06:35:29.213153000Z DEBUG solana_runtime::message_processor::stable_log] Program TokenzQdBNbLqP5VEhdkAS6EPFLC1PHnBqCXEpPxuEb success
[2025-11-05T06:35:29.213167000Z DEBUG solana_runtime::message_processor::stable_log] Program ATokenGPvbdGVxr1b2hvZbsiqW5xWH25efTNsLJA8knL consumed 23269 of 200000 compute units
[2025-11-05T06:35:29.213178000Z DEBUG solana_runtime::message_processor::stable_log] Program ATokenGPvbdGVxr1b2hvZbsiqW5xWH25efTNsLJA8knL success
[2025-11-05T06:35:29.217586000Z DEBUG solana_runtime::message_processor::stable_log] Program TokenzQdBNbLqP5VEhdkAS6EPFLC1PHnBqCXEpPxuEb invoke [1]
[2025-11-05T06:35:29.217647000Z DEBUG solana_runtime::message_processor::stable_log] Program log: Instruction: MintTo
[2025-11-05T06:35:29.217739000Z DEBUG solana_runtime::message_processor::stable_log] Program TokenzQdBNbLqP5VEhdkAS6EPFLC1PHnBqCXEpPxuEb consumed 5403 of 200000 compute units
[2025-11-05T06:35:29.217751000Z DEBUG solana_runtime::message_processor::stable_log] Program TokenzQdBNbLqP5VEhdkAS6EPFLC1PHnBqCXEpPxuEb success
[2025-11-05T06:35:29.225726000Z DEBUG solana_runtime::message_processor::stable_log] Program ATokenGPvbdGVxr1b2hvZbsiqW5xWH25efTNsLJA8knL invoke [1]
[2025-11-05T06:35:29.225825000Z DEBUG solana_runtime::message_processor::stable_log] Program log: Create
[2025-11-05T06:35:29.225925000Z DEBUG solana_runtime::message_processor::stable_log] Program TokenzQdBNbLqP5VEhdkAS6EPFLC1PHnBqCXEpPxuEb invoke [2]
[2025-11-05T06:35:29.225985000Z DEBUG solana_runtime::message_processor::stable_log] Program log: Instruction: GetAccountDataSize
[2025-11-05T06:35:29.226037000Z DEBUG solana_runtime::message_processor::stable_log] Program TokenzQdBNbLqP5VEhdkAS6EPFLC1PHnBqCXEpPxuEb consumed 2917 of 190142 compute units
[2025-11-05T06:35:29.226046000Z DEBUG solana_runtime::message_processor::stable_log] Program return: TokenzQdBNbLqP5VEhdkAS6EPFLC1PHnBqCXEpPxuEb tgAAAAAAAAA=
[2025-11-05T06:35:29.226056000Z DEBUG solana_runtime::message_processor::stable_log] Program TokenzQdBNbLqP5VEhdkAS6EPFLC1PHnBqCXEpPxuEb success
[2025-11-05T06:35:29.226119000Z DEBUG solana_runtime::message_processor::stable_log] Program 11111111111111111111111111111111 invoke [2]
[2025-11-05T06:35:29.226128000Z DEBUG solana_runtime::message_processor::stable_log] Program 11111111111111111111111111111111 success
[2025-11-05T06:35:29.226135000Z DEBUG solana_runtime::message_processor::stable_log] Program log: Initialize the associated token account
[2025-11-05T06:35:29.226156000Z DEBUG solana_runtime::message_processor::stable_log] Program TokenzQdBNbLqP5VEhdkAS6EPFLC1PHnBqCXEpPxuEb invoke [2]
[2025-11-05T06:35:29.226183000Z DEBUG solana_runtime::message_processor::stable_log] Program log: Instruction: InitializeImmutableOwner
[2025-11-05T06:35:29.226210000Z DEBUG solana_runtime::message_processor::stable_log] Program TokenzQdBNbLqP5VEhdkAS6EPFLC1PHnBqCXEpPxuEb consumed 1924 of 182295 compute units
[2025-11-05T06:35:29.226218000Z DEBUG solana_runtime::message_processor::stable_log] Program TokenzQdBNbLqP5VEhdkAS6EPFLC1PHnBqCXEpPxuEb success
[2025-11-05T06:35:29.226256000Z DEBUG solana_runtime::message_processor::stable_log] Program TokenzQdBNbLqP5VEhdkAS6EPFLC1PHnBqCXEpPxuEb invoke [2]
[2025-11-05T06:35:29.226287000Z DEBUG solana_runtime::message_processor::stable_log] Program log: Instruction: InitializeAccount3
[2025-11-05T06:35:29.226382000Z DEBUG solana_runtime::message_processor::stable_log] Program TokenzQdBNbLqP5VEhdkAS6EPFLC1PHnBqCXEpPxuEb consumed 5446 of 177981 compute units
[2025-11-05T06:35:29.226390000Z DEBUG solana_runtime::message_processor::stable_log] Program TokenzQdBNbLqP5VEhdkAS6EPFLC1PHnBqCXEpPxuEb success
[2025-11-05T06:35:29.226405000Z DEBUG solana_runtime::message_processor::stable_log] Program ATokenGPvbdGVxr1b2hvZbsiqW5xWH25efTNsLJA8knL consumed 27769 of 200000 compute units
[2025-11-05T06:35:29.226415000Z DEBUG solana_runtime::message_processor::stable_log] Program ATokenGPvbdGVxr1b2hvZbsiqW5xWH25efTNsLJA8knL success
[2025-11-05T06:35:29.231024000Z DEBUG solana_runtime::message_processor::stable_log] Program TokenzQdBNbLqP5VEhdkAS6EPFLC1PHnBqCXEpPxuEb invoke [1]
[2025-11-05T06:35:29.231121000Z DEBUG solana_runtime::message_processor::stable_log] Program log: Instruction: MintTo
[2025-11-05T06:35:29.231266000Z DEBUG solana_runtime::message_processor::stable_log] Program TokenzQdBNbLqP5VEhdkAS6EPFLC1PHnBqCXEpPxuEb consumed 5403 of 200000 compute units
[2025-11-05T06:35:29.231282000Z DEBUG solana_runtime::message_processor::stable_log] Program TokenzQdBNbLqP5VEhdkAS6EPFLC1PHnBqCXEpPxuEb success
[2025-11-05T06:35:29.306234000Z DEBUG solana_runtime::message_processor::stable_log] Program ATokenGPvbdGVxr1b2hvZbsiqW5xWH25efTNsLJA8knL invoke [1]
[2025-11-05T06:35:29.306338000Z DEBUG solana_runtime::message_processor::stable_log] Program log: Create
[2025-11-05T06:35:29.306450000Z DEBUG solana_runtime::message_processor::stable_log] Program TokenzQdBNbLqP5VEhdkAS6EPFLC1PHnBqCXEpPxuEb invoke [2]
[2025-11-05T06:35:29.306504000Z DEBUG solana_runtime::message_processor::stable_log] Program log: Instruction: GetAccountDataSize
[2025-11-05T06:35:29.306557000Z DEBUG solana_runtime::message_processor::stable_log] Program TokenzQdBNbLqP5VEhdkAS6EPFLC1PHnBqCXEpPxuEb consumed 2917 of 187142 compute units
[2025-11-05T06:35:29.306567000Z DEBUG solana_runtime::message_processor::stable_log] Program return: TokenzQdBNbLqP5VEhdkAS6EPFLC1PHnBqCXEpPxuEb tgAAAAAAAAA=
[2025-11-05T06:35:29.306579000Z DEBUG solana_runtime::message_processor::stable_log] Program TokenzQdBNbLqP5VEhdkAS6EPFLC1PHnBqCXEpPxuEb success
[2025-11-05T06:35:29.306652000Z DEBUG solana_runtime::message_processor::stable_log] Program 11111111111111111111111111111111 invoke [2]
[2025-11-05T06:35:29.306663000Z DEBUG solana_runtime::message_processor::stable_log] Program 11111111111111111111111111111111 success
[2025-11-05T06:35:29.306669000Z DEBUG solana_runtime::message_processor::stable_log] Program log: Initialize the associated token account
[2025-11-05T06:35:29.306718000Z DEBUG solana_runtime::message_processor::stable_log] Program TokenzQdBNbLqP5VEhdkAS6EPFLC1PHnBqCXEpPxuEb invoke [2]
[2025-11-05T06:35:29.306766000Z DEBUG solana_runtime::message_processor::stable_log] Program log: Instruction: InitializeImmutableOwner
[2025-11-05T06:35:29.306839000Z DEBUG solana_runtime::message_processor::stable_log] Program TokenzQdBNbLqP5VEhdkAS6EPFLC1PHnBqCXEpPxuEb consumed 1924 of 179295 compute units
[2025-11-05T06:35:29.306865000Z DEBUG solana_runtime::message_processor::stable_log] Program TokenzQdBNbLqP5VEhdkAS6EPFLC1PHnBqCXEpPxuEb success
[2025-11-05T06:35:29.306946000Z DEBUG solana_runtime::message_processor::stable_log] Program TokenzQdBNbLqP5VEhdkAS6EPFLC1PHnBqCXEpPxuEb invoke [2]
[2025-11-05T06:35:29.307025000Z DEBUG solana_runtime::message_processor::stable_log] Program log: Instruction: InitializeAccount3
[2025-11-05T06:35:29.307184000Z DEBUG solana_runtime::message_processor::stable_log] Program TokenzQdBNbLqP5VEhdkAS6EPFLC1PHnBqCXEpPxuEb consumed 5446 of 174981 compute units
[2025-11-05T06:35:29.307196000Z DEBUG solana_runtime::message_processor::stable_log] Program TokenzQdBNbLqP5VEhdkAS6EPFLC1PHnBqCXEpPxuEb success
[2025-11-05T06:35:29.307216000Z DEBUG solana_runtime::message_processor::stable_log] Program ATokenGPvbdGVxr1b2hvZbsiqW5xWH25efTNsLJA8knL consumed 30769 of 200000 compute units
[2025-11-05T06:35:29.307230000Z DEBUG solana_runtime::message_processor::stable_log] Program ATokenGPvbdGVxr1b2hvZbsiqW5xWH25efTNsLJA8knL success
[2025-11-05T06:35:29.318032000Z DEBUG solana_runtime::message_processor::stable_log] Program TokenzQdBNbLqP5VEhdkAS6EPFLC1PHnBqCXEpPxuEb invoke [1]
[2025-11-05T06:35:29.318123000Z DEBUG solana_runtime::message_processor::stable_log] Program log: Instruction: MintTo
[2025-11-05T06:35:29.318224000Z DEBUG solana_runtime::message_processor::stable_log] Program TokenzQdBNbLqP5VEhdkAS6EPFLC1PHnBqCXEpPxuEb consumed 5403 of 200000 compute units
[2025-11-05T06:35:29.318240000Z DEBUG solana_runtime::message_processor::stable_log] Program TokenzQdBNbLqP5VEhdkAS6EPFLC1PHnBqCXEpPxuEb success
[2025-11-05T06:35:29.328750000Z DEBUG solana_runtime::message_processor::stable_log] Program ATokenGPvbdGVxr1b2hvZbsiqW5xWH25efTNsLJA8knL invoke [1]
[2025-11-05T06:35:29.329007000Z DEBUG solana_runtime::message_processor::stable_log] Program log: Create
[2025-11-05T06:35:29.329066000Z DEBUG solana_runtime::message_processor::stable_log] Program TokenzQdBNbLqP5VEhdkAS6EPFLC1PHnBqCXEpPxuEb invoke [2]
[2025-11-05T06:35:29.329154000Z DEBUG solana_runtime::message_processor::stable_log] Program log: Instruction: GetAccountDataSize
[2025-11-05T06:35:29.329265000Z DEBUG solana_runtime::message_processor::stable_log] Program TokenzQdBNbLqP5VEhdkAS6EPFLC1PHnBqCXEpPxuEb consumed 2917 of 194642 compute units
[2025-11-05T06:35:29.329278000Z DEBUG solana_runtime::message_processor::stable_log] Program return: TokenzQdBNbLqP5VEhdkAS6EPFLC1PHnBqCXEpPxuEb tgAAAAAAAAA=
[2025-11-05T06:35:29.329288000Z DEBUG solana_runtime::message_processor::stable_log] Program TokenzQdBNbLqP5VEhdkAS6EPFLC1PHnBqCXEpPxuEb success
[2025-11-05T06:35:29.329352000Z DEBUG solana_runtime::message_processor::stable_log] Program 11111111111111111111111111111111 invoke [2]
[2025-11-05T06:35:29.329361000Z DEBUG solana_runtime::message_processor::stable_log] Program 11111111111111111111111111111111 success
[2025-11-05T06:35:29.329367000Z DEBUG solana_runtime::message_processor::stable_log] Program log: Initialize the associated token account
[2025-11-05T06:35:29.329391000Z DEBUG solana_runtime::message_processor::stable_log] Program TokenzQdBNbLqP5VEhdkAS6EPFLC1PHnBqCXEpPxuEb invoke [2]
[2025-11-05T06:35:29.329440000Z DEBUG solana_runtime::message_processor::stable_log] Program log: Instruction: InitializeImmutableOwner
[2025-11-05T06:35:29.329651000Z DEBUG solana_runtime::message_processor::stable_log] Program TokenzQdBNbLqP5VEhdkAS6EPFLC1PHnBqCXEpPxuEb consumed 1924 of 186795 compute units
[2025-11-05T06:35:29.329670000Z DEBUG solana_runtime::message_processor::stable_log] Program TokenzQdBNbLqP5VEhdkAS6EPFLC1PHnBqCXEpPxuEb success
[2025-11-05T06:35:29.329783000Z DEBUG solana_runtime::message_processor::stable_log] Program TokenzQdBNbLqP5VEhdkAS6EPFLC1PHnBqCXEpPxuEb invoke [2]
[2025-11-05T06:35:29.329816000Z DEBUG solana_runtime::message_processor::stable_log] Program log: Instruction: InitializeAccount3
[2025-11-05T06:35:29.329913000Z DEBUG solana_runtime::message_processor::stable_log] Program TokenzQdBNbLqP5VEhdkAS6EPFLC1PHnBqCXEpPxuEb consumed 5446 of 182481 compute units
[2025-11-05T06:35:29.329925000Z DEBUG solana_runtime::message_processor::stable_log] Program TokenzQdBNbLqP5VEhdkAS6EPFLC1PHnBqCXEpPxuEb success
[2025-11-05T06:35:29.329959000Z DEBUG solana_runtime::message_processor::stable_log] Program ATokenGPvbdGVxr1b2hvZbsiqW5xWH25efTNsLJA8knL consumed 23269 of 200000 compute units
[2025-11-05T06:35:29.329971000Z DEBUG solana_runtime::message_processor::stable_log] Program ATokenGPvbdGVxr1b2hvZbsiqW5xWH25efTNsLJA8knL success
[2025-11-05T06:35:29.335904000Z DEBUG solana_runtime::message_processor::stable_log] Program TokenzQdBNbLqP5VEhdkAS6EPFLC1PHnBqCXEpPxuEb invoke [1]
[2025-11-05T06:35:29.335969000Z DEBUG solana_runtime::message_processor::stable_log] Program log: Instruction: MintTo
[2025-11-05T06:35:29.336116000Z DEBUG solana_runtime::message_processor::stable_log] Program TokenzQdBNbLqP5VEhdkAS6EPFLC1PHnBqCXEpPxuEb consumed 5403 of 200000 compute units
[2025-11-05T06:35:29.336132000Z DEBUG solana_runtime::message_processor::stable_log] Program TokenzQdBNbLqP5VEhdkAS6EPFLC1PHnBqCXEpPxuEb success
[2025-11-05T06:35:29.344395000Z DEBUG solana_runtime::message_processor::stable_log] Program ATokenGPvbdGVxr1b2hvZbsiqW5xWH25efTNsLJA8knL invoke [1]
[2025-11-05T06:35:29.344480000Z DEBUG solana_runtime::message_processor::stable_log] Program log: Create
[2025-11-05T06:35:29.344536000Z DEBUG solana_runtime::message_processor::stable_log] Program TokenzQdBNbLqP5VEhdkAS6EPFLC1PHnBqCXEpPxuEb invoke [2]
[2025-11-05T06:35:29.344583000Z DEBUG solana_runtime::message_processor::stable_log] Program log: Instruction: GetAccountDataSize
[2025-11-05T06:35:29.344635000Z DEBUG solana_runtime::message_processor::stable_log] Program TokenzQdBNbLqP5VEhdkAS6EPFLC1PHnBqCXEpPxuEb consumed 2917 of 194642 compute units
[2025-11-05T06:35:29.344647000Z DEBUG solana_runtime::message_processor::stable_log] Program return: TokenzQdBNbLqP5VEhdkAS6EPFLC1PHnBqCXEpPxuEb tgAAAAAAAAA=
[2025-11-05T06:35:29.344672000Z DEBUG solana_runtime::message_processor::stable_log] Program TokenzQdBNbLqP5VEhdkAS6EPFLC1PHnBqCXEpPxuEb success
[2025-11-05T06:35:29.344772000Z DEBUG solana_runtime::message_processor::stable_log] Program 11111111111111111111111111111111 invoke [2]
[2025-11-05T06:35:29.344782000Z DEBUG solana_runtime::message_processor::stable_log] Program 11111111111111111111111111111111 success
[2025-11-05T06:35:29.344789000Z DEBUG solana_runtime::message_processor::stable_log] Program log: Initialize the associated token account
[2025-11-05T06:35:29.344809000Z DEBUG solana_runtime::message_processor::stable_log] Program TokenzQdBNbLqP5VEhdkAS6EPFLC1PHnBqCXEpPxuEb invoke [2]
[2025-11-05T06:35:29.344834000Z DEBUG solana_runtime::message_processor::stable_log] Program log: Instruction: InitializeImmutableOwner
[2025-11-05T06:35:29.344861000Z DEBUG solana_runtime::message_processor::stable_log] Program TokenzQdBNbLqP5VEhdkAS6EPFLC1PHnBqCXEpPxuEb consumed 1924 of 186795 compute units
[2025-11-05T06:35:29.344870000Z DEBUG solana_runtime::message_processor::stable_log] Program TokenzQdBNbLqP5VEhdkAS6EPFLC1PHnBqCXEpPxuEb success
[2025-11-05T06:35:29.344907000Z DEBUG solana_runtime::message_processor::stable_log] Program TokenzQdBNbLqP5VEhdkAS6EPFLC1PHnBqCXEpPxuEb invoke [2]
[2025-11-05T06:35:29.344940000Z DEBUG solana_runtime::message_processor::stable_log] Program log: Instruction: InitializeAccount3
[2025-11-05T06:35:29.345034000Z DEBUG solana_runtime::message_processor::stable_log] Program TokenzQdBNbLqP5VEhdkAS6EPFLC1PHnBqCXEpPxuEb consumed 5446 of 182481 compute units
[2025-11-05T06:35:29.345044000Z DEBUG solana_runtime::message_processor::stable_log] Program TokenzQdBNbLqP5VEhdkAS6EPFLC1PHnBqCXEpPxuEb success
[2025-11-05T06:35:29.345059000Z DEBUG solana_runtime::message_processor::stable_log] Program ATokenGPvbdGVxr1b2hvZbsiqW5xWH25efTNsLJA8knL consumed 23269 of 200000 compute units
[2025-11-05T06:35:29.345134000Z DEBUG solana_runtime::message_processor::stable_log] Program ATokenGPvbdGVxr1b2hvZbsiqW5xWH25efTNsLJA8knL success
[2025-11-05T06:35:29.351647000Z DEBUG solana_runtime::message_processor::stable_log] Program TokenzQdBNbLqP5VEhdkAS6EPFLC1PHnBqCXEpPxuEb invoke [1]
[2025-11-05T06:35:29.351751000Z DEBUG solana_runtime::message_processor::stable_log] Program log: Instruction: MintTo
[2025-11-05T06:35:29.351842000Z DEBUG solana_runtime::message_processor::stable_log] Program TokenzQdBNbLqP5VEhdkAS6EPFLC1PHnBqCXEpPxuEb consumed 5403 of 200000 compute units
[2025-11-05T06:35:29.351858000Z DEBUG solana_runtime::message_processor::stable_log] Program TokenzQdBNbLqP5VEhdkAS6EPFLC1PHnBqCXEpPxuEb success
[2025-11-05T06:35:29.370641000Z DEBUG solana_runtime::message_processor::stable_log] Program ASmKWt93JEMHxbdE6j7znD9y2FcdPboCzC3xtSTJvN7S invoke [1]
[2025-11-05T06:35:29.370725000Z DEBUG solana_runtime::message_processor::stable_log] Program log: Instruction: CreateConfig
[2025-11-05T06:35:29.370881000Z DEBUG solana_runtime::message_processor::stable_log] Program 11111111111111111111111111111111 invoke [2]
[2025-11-05T06:35:29.370891000Z DEBUG solana_runtime::message_processor::stable_log] Program 11111111111111111111111111111111 success
[2025-11-05T06:35:29.371056000Z DEBUG solana_runtime::message_processor::stable_log] Program ASmKWt93JEMHxbdE6j7znD9y2FcdPboCzC3xtSTJvN7S invoke [2]
[2025-11-05T06:35:29.371113000Z DEBUG solana_runtime::message_processor::stable_log] Program ASmKWt93JEMHxbdE6j7znD9y2FcdPboCzC3xtSTJvN7S consumed 2069 of 178598 compute units
[2025-11-05T06:35:29.371128000Z DEBUG solana_runtime::message_processor::stable_log] Program ASmKWt93JEMHxbdE6j7znD9y2FcdPboCzC3xtSTJvN7S success
[2025-11-05T06:35:29.371147000Z DEBUG solana_runtime::message_processor::stable_log] Program ASmKWt93JEMHxbdE6j7znD9y2FcdPboCzC3xtSTJvN7S consumed 23776 of 200000 compute units
[2025-11-05T06:35:29.371159000Z DEBUG solana_runtime::message_processor::stable_log] Program ASmKWt93JEMHxbdE6j7znD9y2FcdPboCzC3xtSTJvN7S success
[2025-11-05T06:35:29.406940000Z DEBUG solana_runtime::message_processor::stable_log] Program ASmKWt93JEMHxbdE6j7znD9y2FcdPboCzC3xtSTJvN7S invoke [1]
[2025-11-05T06:35:29.407154000Z DEBUG solana_runtime::message_processor::stable_log] Program log: Instruction: InitializePool
[2025-11-05T06:35:29.407452000Z DEBUG solana_runtime::message_processor::stable_log] Program 11111111111111111111111111111111 invoke [2]
[2025-11-05T06:35:29.407466000Z DEBUG solana_runtime::message_processor::stable_log] Program 11111111111111111111111111111111 success
[2025-11-05T06:35:29.407511000Z DEBUG solana_runtime::message_processor::stable_log] Program TokenzQdBNbLqP5VEhdkAS6EPFLC1PHnBqCXEpPxuEb invoke [2]
[2025-11-05T06:35:29.407557000Z DEBUG solana_runtime::message_processor::stable_log] Program log: MetadataPointerInstruction::Initialize
[2025-11-05T06:35:29.407604000Z DEBUG solana_runtime::message_processor::stable_log] Program TokenzQdBNbLqP5VEhdkAS6EPFLC1PHnBqCXEpPxuEb consumed 2442 of 334481 compute units
[2025-11-05T06:35:29.407616000Z DEBUG solana_runtime::message_processor::stable_log] Program TokenzQdBNbLqP5VEhdkAS6EPFLC1PHnBqCXEpPxuEb success
[2025-11-05T06:35:29.407661000Z DEBUG solana_runtime::message_processor::stable_log] Program TokenzQdBNbLqP5VEhdkAS6EPFLC1PHnBqCXEpPxuEb invoke [2]
[2025-11-05T06:35:29.407690000Z DEBUG solana_runtime::message_processor::stable_log] Program log: Instruction: InitializeMintCloseAuthority
[2025-11-05T06:35:29.407730000Z DEBUG solana_runtime::message_processor::stable_log] Program TokenzQdBNbLqP5VEhdkAS6EPFLC1PHnBqCXEpPxuEb consumed 2570 of 330061 compute units
[2025-11-05T06:35:29.407741000Z DEBUG solana_runtime::message_processor::stable_log] Program TokenzQdBNbLqP5VEhdkAS6EPFLC1PHnBqCXEpPxuEb success
[2025-11-05T06:35:29.407777000Z DEBUG solana_runtime::message_processor::stable_log] Program TokenzQdBNbLqP5VEhdkAS6EPFLC1PHnBqCXEpPxuEb invoke [2]
[2025-11-05T06:35:29.407807000Z DEBUG solana_runtime::message_processor::stable_log] Program log: Instruction: InitializeMint2
[2025-11-05T06:35:29.407897000Z DEBUG solana_runtime::message_processor::stable_log] Program TokenzQdBNbLqP5VEhdkAS6EPFLC1PHnBqCXEpPxuEb consumed 4078 of 325549 compute units
[2025-11-05T06:35:29.407910000Z DEBUG solana_runtime::message_processor::stable_log] Program TokenzQdBNbLqP5VEhdkAS6EPFLC1PHnBqCXEpPxuEb success
[2025-11-05T06:35:29.408080000Z DEBUG solana_runtime::message_processor::stable_log] Program 11111111111111111111111111111111 invoke [2]
[2025-11-05T06:35:29.408085000Z DEBUG solana_runtime::message_processor::stable_log] Program 11111111111111111111111111111111 success
[2025-11-05T06:35:29.408121000Z DEBUG solana_runtime::message_processor::stable_log] Program TokenzQdBNbLqP5VEhdkAS6EPFLC1PHnBqCXEpPxuEb invoke [2]
[2025-11-05T06:35:29.408158000Z DEBUG solana_runtime::message_processor::stable_log] Program log: Instruction: InitializeAccount3
[2025-11-05T06:35:29.408267000Z DEBUG solana_runtime::message_processor::stable_log] Program TokenzQdBNbLqP5VEhdkAS6EPFLC1PHnBqCXEpPxuEb consumed 5137 of 308865 compute units
[2025-11-05T06:35:29.408285000Z DEBUG solana_runtime::message_processor::stable_log] Program TokenzQdBNbLqP5VEhdkAS6EPFLC1PHnBqCXEpPxuEb success
[2025-11-05T06:35:29.408434000Z DEBUG solana_runtime::message_processor::stable_log] Program 11111111111111111111111111111111 invoke [2]
[2025-11-05T06:35:29.408439000Z DEBUG solana_runtime::message_processor::stable_log] Program 11111111111111111111111111111111 success
[2025-11-05T06:35:29.408537000Z DEBUG solana_runtime::message_processor::stable_log] Program 11111111111111111111111111111111 invoke [2]
[2025-11-05T06:35:29.408541000Z DEBUG solana_runtime::message_processor::stable_log] Program 11111111111111111111111111111111 success
[2025-11-05T06:35:29.408660000Z DEBUG solana_runtime::message_processor::stable_log] Program 11111111111111111111111111111111 invoke [2]
[2025-11-05T06:35:29.408664000Z DEBUG solana_runtime::message_processor::stable_log] Program 11111111111111111111111111111111 success
[2025-11-05T06:35:29.408698000Z DEBUG solana_runtime::message_processor::stable_log] Program TokenzQdBNbLqP5VEhdkAS6EPFLC1PHnBqCXEpPxuEb invoke [2]
[2025-11-05T06:35:29.408732000Z DEBUG solana_runtime::message_processor::stable_log] Program log: Instruction: InitializeAccount3
[2025-11-05T06:35:29.408890000Z DEBUG solana_runtime::message_processor::stable_log] Program TokenzQdBNbLqP5VEhdkAS6EPFLC1PHnBqCXEpPxuEb consumed 5379 of 276495 compute units
[2025-11-05T06:35:29.408904000Z DEBUG solana_runtime::message_processor::stable_log] Program TokenzQdBNbLqP5VEhdkAS6EPFLC1PHnBqCXEpPxuEb success
[2025-11-05T06:35:29.409062000Z DEBUG solana_runtime::message_processor::stable_log] Program 11111111111111111111111111111111 invoke [2]
[2025-11-05T06:35:29.409066000Z DEBUG solana_runtime::message_processor::stable_log] Program 11111111111111111111111111111111 success
[2025-11-05T06:35:29.409100000Z DEBUG solana_runtime::message_processor::stable_log] Program TokenzQdBNbLqP5VEhdkAS6EPFLC1PHnBqCXEpPxuEb invoke [2]
[2025-11-05T06:35:29.409131000Z DEBUG solana_runtime::message_processor::stable_log] Program log: Instruction: InitializeAccount3
[2025-11-05T06:35:29.409227000Z DEBUG solana_runtime::message_processor::stable_log] Program TokenzQdBNbLqP5VEhdkAS6EPFLC1PHnBqCXEpPxuEb consumed 5379 of 259410 compute units
[2025-11-05T06:35:29.409237000Z DEBUG solana_runtime::message_processor::stable_log] Program TokenzQdBNbLqP5VEhdkAS6EPFLC1PHnBqCXEpPxuEb success
[2025-11-05T06:35:29.409573000Z DEBUG solana_runtime::message_processor::stable_log] Program TokenzQdBNbLqP5VEhdkAS6EPFLC1PHnBqCXEpPxuEb invoke [2]
[2025-11-05T06:35:29.409642000Z DEBUG solana_runtime::message_processor::stable_log] Program log: TokenMetadataInstruction: Initialize
[2025-11-05T06:35:29.409796000Z DEBUG solana_runtime::message_processor::stable_log] Program TokenzQdBNbLqP5VEhdkAS6EPFLC1PHnBqCXEpPxuEb consumed 9900 of 240156 compute units
[2025-11-05T06:35:29.409807000Z DEBUG solana_runtime::message_processor::stable_log] Program TokenzQdBNbLqP5VEhdkAS6EPFLC1PHnBqCXEpPxuEb success
[2025-11-05T06:35:29.409859000Z DEBUG solana_runtime::message_processor::stable_log] Program 11111111111111111111111111111111 invoke [2]
[2025-11-05T06:35:29.409863000Z DEBUG solana_runtime::message_processor::stable_log] Program 11111111111111111111111111111111 success
[2025-11-05T06:35:29.409912000Z DEBUG solana_runtime::message_processor::stable_log] Program TokenzQdBNbLqP5VEhdkAS6EPFLC1PHnBqCXEpPxuEb invoke [2]
[2025-11-05T06:35:29.409949000Z DEBUG solana_runtime::message_processor::stable_log] Program log: Instruction: MintTo
[2025-11-05T06:35:29.410044000Z DEBUG solana_runtime::message_processor::stable_log] Program TokenzQdBNbLqP5VEhdkAS6EPFLC1PHnBqCXEpPxuEb consumed 5540 of 225194 compute units
[2025-11-05T06:35:29.410057000Z DEBUG solana_runtime::message_processor::stable_log] Program TokenzQdBNbLqP5VEhdkAS6EPFLC1PHnBqCXEpPxuEb success
[2025-11-05T06:35:29.410200000Z DEBUG solana_runtime::message_processor::stable_log] Program ASmKWt93JEMHxbdE6j7znD9y2FcdPboCzC3xtSTJvN7S invoke [2]
[2025-11-05T06:35:29.410245000Z DEBUG solana_runtime::message_processor::stable_log] Program ASmKWt93JEMHxbdE6j7znD9y2FcdPboCzC3xtSTJvN7S consumed 2069 of 216589 compute units
[2025-11-05T06:35:29.410255000Z DEBUG solana_runtime::message_processor::stable_log] Program ASmKWt93JEMHxbdE6j7znD9y2FcdPboCzC3xtSTJvN7S success
[2025-11-05T06:35:29.410352000Z DEBUG solana_runtime::message_processor::stable_log] Program TokenzQdBNbLqP5VEhdkAS6EPFLC1PHnBqCXEpPxuEb invoke [2]
[2025-11-05T06:35:29.410394000Z DEBUG solana_runtime::message_processor::stable_log] Program log: Instruction: TransferChecked
[2025-11-05T06:35:29.410552000Z DEBUG solana_runtime::message_processor::stable_log] Program TokenzQdBNbLqP5VEhdkAS6EPFLC1PHnBqCXEpPxuEb consumed 9156 of 210025 compute units
[2025-11-05T06:35:29.410562000Z DEBUG solana_runtime::message_processor::stable_log] Program TokenzQdBNbLqP5VEhdkAS6EPFLC1PHnBqCXEpPxuEb success
[2025-11-05T06:35:29.410631000Z DEBUG solana_runtime::message_processor::stable_log] Program TokenzQdBNbLqP5VEhdkAS6EPFLC1PHnBqCXEpPxuEb invoke [2]
[2025-11-05T06:35:29.410698000Z DEBUG solana_runtime::message_processor::stable_log] Program log: Instruction: TransferChecked
[2025-11-05T06:35:29.410832000Z DEBUG solana_runtime::message_processor::stable_log] Program TokenzQdBNbLqP5VEhdkAS6EPFLC1PHnBqCXEpPxuEb consumed 8762 of 198464 compute units
[2025-11-05T06:35:29.410843000Z DEBUG solana_runtime::message_processor::stable_log] Program TokenzQdBNbLqP5VEhdkAS6EPFLC1PHnBqCXEpPxuEb success
[2025-11-05T06:35:29.410940000Z DEBUG solana_runtime::message_processor::stable_log] Program ASmKWt93JEMHxbdE6j7znD9y2FcdPboCzC3xtSTJvN7S invoke [2]
[2025-11-05T06:35:29.410986000Z DEBUG solana_runtime::message_processor::stable_log] Program ASmKWt93JEMHxbdE6j7znD9y2FcdPboCzC3xtSTJvN7S consumed 2069 of 184621 compute units
[2025-11-05T06:35:29.410996000Z DEBUG solana_runtime::message_processor::stable_log] Program ASmKWt93JEMHxbdE6j7znD9y2FcdPboCzC3xtSTJvN7S success
[2025-11-05T06:35:29.411026000Z DEBUG solana_runtime::message_processor::stable_log] Program ASmKWt93JEMHxbdE6j7znD9y2FcdPboCzC3xtSTJvN7S consumed 168235 of 350000 compute units
[2025-11-05T06:35:29.411038000Z DEBUG solana_runtime::message_processor::stable_log] Program ASmKWt93JEMHxbdE6j7znD9y2FcdPboCzC3xtSTJvN7S success
[2025-11-05T06:35:29.411048000Z DEBUG solana_runtime::message_processor::stable_log] Program ComputeBudget111111111111111111111111111111 invoke [1]
[2025-11-05T06:35:29.411057000Z DEBUG solana_runtime::message_processor::stable_log] Program ComputeBudget111111111111111111111111111111 success
[2025-11-05T06:35:29.436158000Z DEBUG solana_runtime::message_processor::stable_log] Program ASmKWt93JEMHxbdE6j7znD9y2FcdPboCzC3xtSTJvN7S invoke [1]
[2025-11-05T06:35:29.436273000Z DEBUG solana_runtime::message_processor::stable_log] Program log: Instruction: CreatePosition
[2025-11-05T06:35:29.436367000Z DEBUG solana_runtime::message_processor::stable_log] Program 11111111111111111111111111111111 invoke [2]
[2025-11-05T06:35:29.436378000Z DEBUG solana_runtime::message_processor::stable_log] Program 11111111111111111111111111111111 success
[2025-11-05T06:35:29.436420000Z DEBUG solana_runtime::message_processor::stable_log] Program TokenzQdBNbLqP5VEhdkAS6EPFLC1PHnBqCXEpPxuEb invoke [2]
[2025-11-05T06:35:29.436462000Z DEBUG solana_runtime::message_processor::stable_log] Program log: MetadataPointerInstruction::Initialize
[2025-11-05T06:35:29.436506000Z DEBUG solana_runtime::message_processor::stable_log] Program TokenzQdBNbLqP5VEhdkAS6EPFLC1PHnBqCXEpPxuEb consumed 2442 of 191116 compute units
[2025-11-05T06:35:29.436518000Z DEBUG solana_runtime::message_processor::stable_log] Program TokenzQdBNbLqP5VEhdkAS6EPFLC1PHnBqCXEpPxuEb success
[2025-11-05T06:35:29.436556000Z DEBUG solana_runtime::message_processor::stable_log] Program TokenzQdBNbLqP5VEhdkAS6EPFLC1PHnBqCXEpPxuEb invoke [2]
[2025-11-05T06:35:29.436585000Z DEBUG solana_runtime::message_processor::stable_log] Program log: Instruction: InitializeMintCloseAuthority
[2025-11-05T06:35:29.436625000Z DEBUG solana_runtime::message_processor::stable_log] Program TokenzQdBNbLqP5VEhdkAS6EPFLC1PHnBqCXEpPxuEb consumed 2570 of 186696 compute units
[2025-11-05T06:35:29.436636000Z DEBUG solana_runtime::message_processor::stable_log] Program TokenzQdBNbLqP5VEhdkAS6EPFLC1PHnBqCXEpPxuEb success
[2025-11-05T06:35:29.436673000Z DEBUG solana_runtime::message_processor::stable_log] Program TokenzQdBNbLqP5VEhdkAS6EPFLC1PHnBqCXEpPxuEb invoke [2]
[2025-11-05T06:35:29.436705000Z DEBUG solana_runtime::message_processor::stable_log] Program log: Instruction: InitializeMint2
[2025-11-05T06:35:29.436819000Z DEBUG solana_runtime::message_processor::stable_log] Program TokenzQdBNbLqP5VEhdkAS6EPFLC1PHnBqCXEpPxuEb consumed 4078 of 182183 compute units
[2025-11-05T06:35:29.436831000Z DEBUG solana_runtime::message_processor::stable_log] Program TokenzQdBNbLqP5VEhdkAS6EPFLC1PHnBqCXEpPxuEb success
[2025-11-05T06:35:29.436997000Z DEBUG solana_runtime::message_processor::stable_log] Program 11111111111111111111111111111111 invoke [2]
[2025-11-05T06:35:29.437002000Z DEBUG solana_runtime::message_processor::stable_log] Program 11111111111111111111111111111111 success
[2025-11-05T06:35:29.437100000Z DEBUG solana_runtime::message_processor::stable_log] Program TokenzQdBNbLqP5VEhdkAS6EPFLC1PHnBqCXEpPxuEb invoke [2]
[2025-11-05T06:35:29.437182000Z DEBUG solana_runtime::message_processor::stable_log] Program log: Instruction: InitializeAccount3
[2025-11-05T06:35:29.437278000Z DEBUG solana_runtime::message_processor::stable_log] Program TokenzQdBNbLqP5VEhdkAS6EPFLC1PHnBqCXEpPxuEb consumed 5137 of 165499 compute units
[2025-11-05T06:35:29.437290000Z DEBUG solana_runtime::message_processor::stable_log] Program TokenzQdBNbLqP5VEhdkAS6EPFLC1PHnBqCXEpPxuEb success
[2025-11-05T06:35:29.437434000Z DEBUG solana_runtime::message_processor::stable_log] Program 11111111111111111111111111111111 invoke [2]
[2025-11-05T06:35:29.437440000Z DEBUG solana_runtime::message_processor::stable_log] Program 11111111111111111111111111111111 success
[2025-11-05T06:35:29.437569000Z DEBUG solana_runtime::message_processor::stable_log] Program TokenzQdBNbLqP5VEhdkAS6EPFLC1PHnBqCXEpPxuEb invoke [2]
[2025-11-05T06:35:29.437638000Z DEBUG solana_runtime::message_processor::stable_log] Program log: TokenMetadataInstruction: Initialize
[2025-11-05T06:35:29.437791000Z DEBUG solana_runtime::message_processor::stable_log] Program TokenzQdBNbLqP5VEhdkAS6EPFLC1PHnBqCXEpPxuEb consumed 9900 of 144269 compute units
[2025-11-05T06:35:29.437802000Z DEBUG solana_runtime::message_processor::stable_log] Program TokenzQdBNbLqP5VEhdkAS6EPFLC1PHnBqCXEpPxuEb success
[2025-11-05T06:35:29.437853000Z DEBUG solana_runtime::message_processor::stable_log] Program 11111111111111111111111111111111 invoke [2]
[2025-11-05T06:35:29.437857000Z DEBUG solana_runtime::message_processor::stable_log] Program 11111111111111111111111111111111 success
[2025-11-05T06:35:29.437905000Z DEBUG solana_runtime::message_processor::stable_log] Program TokenzQdBNbLqP5VEhdkAS6EPFLC1PHnBqCXEpPxuEb invoke [2]
[2025-11-05T06:35:29.437943000Z DEBUG solana_runtime::message_processor::stable_log] Program log: Instruction: MintTo
[2025-11-05T06:35:29.438044000Z DEBUG solana_runtime::message_processor::stable_log] Program TokenzQdBNbLqP5VEhdkAS6EPFLC1PHnBqCXEpPxuEb consumed 5540 of 129307 compute units
[2025-11-05T06:35:29.438077000Z DEBUG solana_runtime::message_processor::stable_log] Program TokenzQdBNbLqP5VEhdkAS6EPFLC1PHnBqCXEpPxuEb success
[2025-11-05T06:35:29.438141000Z DEBUG solana_runtime::message_processor::stable_log] Program ASmKWt93JEMHxbdE6j7znD9y2FcdPboCzC3xtSTJvN7S invoke [2]
[2025-11-05T06:35:29.438188000Z DEBUG solana_runtime::message_processor::stable_log] Program ASmKWt93JEMHxbdE6j7znD9y2FcdPboCzC3xtSTJvN7S consumed 2069 of 120701 compute units
[2025-11-05T06:35:29.438199000Z DEBUG solana_runtime::message_processor::stable_log] Program ASmKWt93JEMHxbdE6j7znD9y2FcdPboCzC3xtSTJvN7S success
[2025-11-05T06:35:29.438224000Z DEBUG solana_runtime::message_processor::stable_log] Program ASmKWt93JEMHxbdE6j7znD9y2FcdPboCzC3xtSTJvN7S consumed 81933 of 200000 compute units
[2025-11-05T06:35:29.438235000Z DEBUG solana_runtime::message_processor::stable_log] Program ASmKWt93JEMHxbdE6j7znD9y2FcdPboCzC3xtSTJvN7S success
[2025-11-05T06:35:29.475002000Z DEBUG solana_runtime::message_processor::stable_log] Program ASmKWt93JEMHxbdE6j7znD9y2FcdPboCzC3xtSTJvN7S invoke [1]
[2025-11-05T06:35:29.475179000Z DEBUG solana_runtime::message_processor::stable_log] Program log: Instruction: AddLiquidity
[2025-11-05T06:35:29.475623000Z DEBUG solana_runtime::message_processor::stable_log] Program TokenzQdBNbLqP5VEhdkAS6EPFLC1PHnBqCXEpPxuEb invoke [2]
[2025-11-05T06:35:29.475680000Z DEBUG solana_runtime::message_processor::stable_log] Program log: Instruction: TransferChecked
[2025-11-05T06:35:29.475854000Z DEBUG solana_runtime::message_processor::stable_log] Program TokenzQdBNbLqP5VEhdkAS6EPFLC1PHnBqCXEpPxuEb consumed 9167 of 176390 compute units
[2025-11-05T06:35:29.475893000Z DEBUG solana_runtime::message_processor::stable_log] Program TokenzQdBNbLqP5VEhdkAS6EPFLC1PHnBqCXEpPxuEb success
[2025-11-05T06:35:29.475949000Z DEBUG solana_runtime::message_processor::stable_log] Program TokenzQdBNbLqP5VEhdkAS6EPFLC1PHnBqCXEpPxuEb invoke [2]
[2025-11-05T06:35:29.475991000Z DEBUG solana_runtime::message_processor::stable_log] Program log: Instruction: TransferChecked
[2025-11-05T06:35:29.476145000Z DEBUG solana_runtime::message_processor::stable_log] Program TokenzQdBNbLqP5VEhdkAS6EPFLC1PHnBqCXEpPxuEb consumed 8762 of 164818 compute units
[2025-11-05T06:35:29.476157000Z DEBUG solana_runtime::message_processor::stable_log] Program TokenzQdBNbLqP5VEhdkAS6EPFLC1PHnBqCXEpPxuEb success
[2025-11-05T06:35:29.476230000Z DEBUG solana_runtime::message_processor::stable_log] Program ASmKWt93JEMHxbdE6j7znD9y2FcdPboCzC3xtSTJvN7S invoke [2]
[2025-11-05T06:35:29.476283000Z DEBUG solana_runtime::message_processor::stable_log] Program ASmKWt93JEMHxbdE6j7znD9y2FcdPboCzC3xtSTJvN7S consumed 2069 of 152802 compute units
[2025-11-05T06:35:29.476294000Z DEBUG solana_runtime::message_processor::stable_log] Program ASmKWt93JEMHxbdE6j7znD9y2FcdPboCzC3xtSTJvN7S success
[2025-11-05T06:35:29.476486000Z DEBUG solana_runtime::message_processor::stable_log] Program ASmKWt93JEMHxbdE6j7znD9y2FcdPboCzC3xtSTJvN7S invoke [2]
[2025-11-05T06:35:29.476569000Z DEBUG solana_runtime::message_processor::stable_log] Program ASmKWt93JEMHxbdE6j7znD9y2FcdPboCzC3xtSTJvN7S consumed 2069 of 144399 compute units
[2025-11-05T06:35:29.476585000Z DEBUG solana_runtime::message_processor::stable_log] Program ASmKWt93JEMHxbdE6j7znD9y2FcdPboCzC3xtSTJvN7S success
[2025-11-05T06:35:29.476634000Z DEBUG solana_runtime::message_processor::stable_log] Program ASmKWt93JEMHxbdE6j7znD9y2FcdPboCzC3xtSTJvN7S consumed 58311 of 200000 compute units
[2025-11-05T06:35:29.476654000Z DEBUG solana_runtime::message_processor::stable_log] Program ASmKWt93JEMHxbdE6j7znD9y2FcdPboCzC3xtSTJvN7S success
[2025-11-05T06:35:29.491351000Z DEBUG solana_runtime::message_processor::stable_log] Program ASmKWt93JEMHxbdE6j7znD9y2FcdPboCzC3xtSTJvN7S invoke [1]
[2025-11-05T06:35:29.491466000Z DEBUG solana_runtime::message_processor::stable_log] Program log: Instruction: InitializeReward
[2025-11-05T06:35:29.491762000Z DEBUG solana_runtime::message_processor::stable_log] Program 11111111111111111111111111111111 invoke [2]
[2025-11-05T06:35:29.491774000Z DEBUG solana_runtime::message_processor::stable_log] Program 11111111111111111111111111111111 success
[2025-11-05T06:35:29.491812000Z DEBUG solana_runtime::message_processor::stable_log] Program TokenzQdBNbLqP5VEhdkAS6EPFLC1PHnBqCXEpPxuEb invoke [2]
[2025-11-05T06:35:29.491859000Z DEBUG solana_runtime::message_processor::stable_log] Program log: Instruction: InitializeAccount3
[2025-11-05T06:35:29.491972000Z DEBUG solana_runtime::message_processor::stable_log] Program TokenzQdBNbLqP5VEhdkAS6EPFLC1PHnBqCXEpPxuEb consumed 5379 of 186306 compute units
[2025-11-05T06:35:29.491984000Z DEBUG solana_runtime::message_processor::stable_log] Program TokenzQdBNbLqP5VEhdkAS6EPFLC1PHnBqCXEpPxuEb success
[2025-11-05T06:35:29.492155000Z DEBUG solana_runtime::message_processor::stable_log] Program log: AnchorError thrown in programs/cp-amm/src/state/pool.rs:1251. Error Code: InvalidRewardIndex. Error Number: 6027. Error Message: Invalid reward index.
[2025-11-05T06:35:29.492168000Z DEBUG solana_runtime::message_processor::stable_log] Program ASmKWt93JEMHxbdE6j7znD9y2FcdPboCzC3xtSTJvN7S consumed 26021 of 200000 compute units
[2025-11-05T06:35:29.492179000Z DEBUG solana_runtime::message_processor::stable_log] Program ASmKWt93JEMHxbdE6j7znD9y2FcdPboCzC3xtSTJvN7S failed: custom program error: 0x178b
      ✔ Creator cannot create reward at index 1 (114ms)

  Split position
[2025-11-05T06:35:29.494396000Z INFO  solana_program_test] "cp_amm" SBF program from ./target/deploy/cp_amm.so, modified 24 minutes, 36 seconds, 841 ms, 711 µs and 203 ns ago
[2025-11-05T06:35:29.494587000Z INFO  solana_program_test] "fee_router" SBF program from ./target/deploy/fee_router.so, modified 39 seconds, 578 ms, 846 µs and 331 ns ago
[2025-11-05T06:35:29.494771000Z INFO  solana_program_test] "transfer_hook_counter" SBF program from tests/fixtures/transfer_hook_counter.so, modified 3 weeks, 22 hours, 59 minutes, 4 seconds, 320 ms, 369 µs and 196 ns ago
[2025-11-05T06:35:29.495041000Z INFO  solana_program_test] "alpha_vault" SBF program from tests/fixtures/alpha_vault.so, modified 3 weeks, 22 hours, 59 minutes, 4 seconds, 321 ms, 327 µs and 72 ns ago
[2025-11-05T06:35:29.495446000Z INFO  solana_program_test] "streamflow" SBF program from tests/fixtures/streamflow.so, modified 3 weeks, 6 hours, 59 minutes, 14 seconds, 206 ms, 361 µs and 387 ns ago
[2025-11-05T06:35:29.496063000Z INFO  solana_program_test] "cp_amm" SBF program from ./target/deploy/cp_amm.so, modified 24 minutes, 36 seconds, 843 ms, 379 µs and 203 ns ago
[2025-11-05T06:35:29.496271000Z INFO  solana_program_test] "fee_router" SBF program from ./target/deploy/fee_router.so, modified 39 seconds, 580 ms, 530 µs and 331 ns ago
[2025-11-05T06:35:29.517966000Z INFO  solana_program_test] Overriding account at ASmKWt93JEMHxbdE6j7znD9y2FcdPboCzC3xtSTJvN7S
[2025-11-05T06:35:29.517982000Z INFO  solana_program_test] Overriding account at 5B57SJ3g2YoNXUpsZqqjEQkRSxyKtVTQRXdgAirz6bio
[2025-11-05T06:35:29.532081000Z DEBUG solana_runtime::message_processor::stable_log] Program 11111111111111111111111111111111 invoke [1]
[2025-11-05T06:35:29.532096000Z DEBUG solana_runtime::message_processor::stable_log] Program 11111111111111111111111111111111 success
[2025-11-05T06:35:29.536865000Z DEBUG solana_runtime::message_processor::stable_log] Program 11111111111111111111111111111111 invoke [1]
[2025-11-05T06:35:29.536880000Z DEBUG solana_runtime::message_processor::stable_log] Program 11111111111111111111111111111111 success
[2025-11-05T06:35:29.541529000Z DEBUG solana_runtime::message_processor::stable_log] Program 11111111111111111111111111111111 invoke [1]
[2025-11-05T06:35:29.541538000Z DEBUG solana_runtime::message_processor::stable_log] Program 11111111111111111111111111111111 success
[2025-11-05T06:35:29.551557000Z DEBUG solana_runtime::message_processor::stable_log] Program 11111111111111111111111111111111 invoke [1]
[2025-11-05T06:35:29.551577000Z DEBUG solana_runtime::message_processor::stable_log] Program 11111111111111111111111111111111 success
[2025-11-05T06:35:29.551583000Z DEBUG solana_runtime::message_processor::stable_log] Program TokenkegQfeZyiNwAJbNbGKPFXCWuBvf9Ss623VQ5DA invoke [1]
[2025-11-05T06:35:29.551636000Z DEBUG solana_runtime::message_processor::stable_log] Program log: Instruction: InitializeMint2
[2025-11-05T06:35:29.551679000Z DEBUG solana_runtime::message_processor::stable_log] Program TokenkegQfeZyiNwAJbNbGKPFXCWuBvf9Ss623VQ5DA consumed 2779 of 399850 compute units
[2025-11-05T06:35:29.551691000Z DEBUG solana_runtime::message_processor::stable_log] Program TokenkegQfeZyiNwAJbNbGKPFXCWuBvf9Ss623VQ5DA success
[2025-11-05T06:35:29.560517000Z DEBUG solana_runtime::message_processor::stable_log] Program 11111111111111111111111111111111 invoke [1]
[2025-11-05T06:35:29.560533000Z DEBUG solana_runtime::message_processor::stable_log] Program 11111111111111111111111111111111 success
[2025-11-05T06:35:29.560539000Z DEBUG solana_runtime::message_processor::stable_log] Program TokenkegQfeZyiNwAJbNbGKPFXCWuBvf9Ss623VQ5DA invoke [1]
[2025-11-05T06:35:29.560594000Z DEBUG solana_runtime::message_processor::stable_log] Program log: Instruction: InitializeMint2
[2025-11-05T06:35:29.560638000Z DEBUG solana_runtime::message_processor::stable_log] Program TokenkegQfeZyiNwAJbNbGKPFXCWuBvf9Ss623VQ5DA consumed 2779 of 399850 compute units
[2025-11-05T06:35:29.560652000Z DEBUG solana_runtime::message_processor::stable_log] Program TokenkegQfeZyiNwAJbNbGKPFXCWuBvf9Ss623VQ5DA success
[2025-11-05T06:35:29.567324000Z DEBUG solana_runtime::message_processor::stable_log] Program ATokenGPvbdGVxr1b2hvZbsiqW5xWH25efTNsLJA8knL invoke [1]
[2025-11-05T06:35:29.567457000Z DEBUG solana_runtime::message_processor::stable_log] Program log: Create
[2025-11-05T06:35:29.567525000Z DEBUG solana_runtime::message_processor::stable_log] Program TokenkegQfeZyiNwAJbNbGKPFXCWuBvf9Ss623VQ5DA invoke [2]
[2025-11-05T06:35:29.567573000Z DEBUG solana_runtime::message_processor::stable_log] Program log: Instruction: GetAccountDataSize
[2025-11-05T06:35:29.567595000Z DEBUG solana_runtime::message_processor::stable_log] Program TokenkegQfeZyiNwAJbNbGKPFXCWuBvf9Ss623VQ5DA consumed 1595 of 194555 compute units
[2025-11-05T06:35:29.567604000Z DEBUG solana_runtime::message_processor::stable_log] Program return: TokenkegQfeZyiNwAJbNbGKPFXCWuBvf9Ss623VQ5DA pQAAAAAAAAA=
[2025-11-05T06:35:29.567614000Z DEBUG solana_runtime::message_processor::stable_log] Program TokenkegQfeZyiNwAJbNbGKPFXCWuBvf9Ss623VQ5DA success
[2025-11-05T06:35:29.567719000Z DEBUG solana_runtime::message_processor::stable_log] Program 11111111111111111111111111111111 invoke [2]
[2025-11-05T06:35:29.567818000Z DEBUG solana_runtime::message_processor::stable_log] Program 11111111111111111111111111111111 success
[2025-11-05T06:35:29.567837000Z DEBUG solana_runtime::message_processor::stable_log] Program log: Initialize the associated token account
[2025-11-05T06:35:29.567918000Z DEBUG solana_runtime::message_processor::stable_log] Program TokenkegQfeZyiNwAJbNbGKPFXCWuBvf9Ss623VQ5DA invoke [2]
[2025-11-05T06:35:29.567961000Z DEBUG solana_runtime::message_processor::stable_log] Program log: Instruction: InitializeImmutableOwner
[2025-11-05T06:35:29.567976000Z DEBUG solana_runtime::message_processor::stable_log] Program log: Please upgrade to SPL Token 2022 for immutable owner support
[2025-11-05T06:35:29.567982000Z DEBUG solana_runtime::message_processor::stable_log] Program TokenkegQfeZyiNwAJbNbGKPFXCWuBvf9Ss623VQ5DA consumed 1405 of 187942 compute units
[2025-11-05T06:35:29.567992000Z DEBUG solana_runtime::message_processor::stable_log] Program TokenkegQfeZyiNwAJbNbGKPFXCWuBvf9Ss623VQ5DA success
[2025-11-05T06:35:29.568037000Z DEBUG solana_runtime::message_processor::stable_log] Program TokenkegQfeZyiNwAJbNbGKPFXCWuBvf9Ss623VQ5DA invoke [2]
[2025-11-05T06:35:29.568078000Z DEBUG solana_runtime::message_processor::stable_log] Program log: Instruction: InitializeAccount3
[2025-11-05T06:35:29.568156000Z DEBUG solana_runtime::message_processor::stable_log] Program TokenkegQfeZyiNwAJbNbGKPFXCWuBvf9Ss623VQ5DA consumed 4214 of 184058 compute units
[2025-11-05T06:35:29.568167000Z DEBUG solana_runtime::message_processor::stable_log] Program TokenkegQfeZyiNwAJbNbGKPFXCWuBvf9Ss623VQ5DA success
[2025-11-05T06:35:29.568182000Z DEBUG solana_runtime::message_processor::stable_log] Program ATokenGPvbdGVxr1b2hvZbsiqW5xWH25efTNsLJA8knL consumed 20460 of 200000 compute units
[2025-11-05T06:35:29.568195000Z DEBUG solana_runtime::message_processor::stable_log] Program ATokenGPvbdGVxr1b2hvZbsiqW5xWH25efTNsLJA8knL success
[2025-11-05T06:35:29.572502000Z DEBUG solana_runtime::message_processor::stable_log] Program TokenkegQfeZyiNwAJbNbGKPFXCWuBvf9Ss623VQ5DA invoke [1]
[2025-11-05T06:35:29.572564000Z DEBUG solana_runtime::message_processor::stable_log] Program log: Instruction: MintTo
[2025-11-05T06:35:29.572637000Z DEBUG solana_runtime::message_processor::stable_log] Program TokenkegQfeZyiNwAJbNbGKPFXCWuBvf9Ss623VQ5DA consumed 4491 of 200000 compute units
[2025-11-05T06:35:29.572648000Z DEBUG solana_runtime::message_processor::stable_log] Program TokenkegQfeZyiNwAJbNbGKPFXCWuBvf9Ss623VQ5DA success
[2025-11-05T06:35:29.579106000Z DEBUG solana_runtime::message_processor::stable_log] Program ATokenGPvbdGVxr1b2hvZbsiqW5xWH25efTNsLJA8knL invoke [1]
[2025-11-05T06:35:29.579248000Z DEBUG solana_runtime::message_processor::stable_log] Program log: Create
[2025-11-05T06:35:29.579316000Z DEBUG solana_runtime::message_processor::stable_log] Program TokenkegQfeZyiNwAJbNbGKPFXCWuBvf9Ss623VQ5DA invoke [2]
[2025-11-05T06:35:29.579361000Z DEBUG solana_runtime::message_processor::stable_log] Program log: Instruction: GetAccountDataSize
[2025-11-05T06:35:29.579388000Z DEBUG solana_runtime::message_processor::stable_log] Program TokenkegQfeZyiNwAJbNbGKPFXCWuBvf9Ss623VQ5DA consumed 1595 of 194555 compute units
[2025-11-05T06:35:29.579402000Z DEBUG solana_runtime::message_processor::stable_log] Program return: TokenkegQfeZyiNwAJbNbGKPFXCWuBvf9Ss623VQ5DA pQAAAAAAAAA=
[2025-11-05T06:35:29.579418000Z DEBUG solana_runtime::message_processor::stable_log] Program TokenkegQfeZyiNwAJbNbGKPFXCWuBvf9Ss623VQ5DA success
[2025-11-05T06:35:29.579492000Z DEBUG solana_runtime::message_processor::stable_log] Program 11111111111111111111111111111111 invoke [2]
[2025-11-05T06:35:29.579507000Z DEBUG solana_runtime::message_processor::stable_log] Program 11111111111111111111111111111111 success
[2025-11-05T06:35:29.579515000Z DEBUG solana_runtime::message_processor::stable_log] Program log: Initialize the associated token account
[2025-11-05T06:35:29.579538000Z DEBUG solana_runtime::message_processor::stable_log] Program TokenkegQfeZyiNwAJbNbGKPFXCWuBvf9Ss623VQ5DA invoke [2]
[2025-11-05T06:35:29.579567000Z DEBUG solana_runtime::message_processor::stable_log] Program log: Instruction: InitializeImmutableOwner
[2025-11-05T06:35:29.579583000Z DEBUG solana_runtime::message_processor::stable_log] Program log: Please upgrade to SPL Token 2022 for immutable owner support
[2025-11-05T06:35:29.579586000Z DEBUG solana_runtime::message_processor::stable_log] Program TokenkegQfeZyiNwAJbNbGKPFXCWuBvf9Ss623VQ5DA consumed 1405 of 187942 compute units
[2025-11-05T06:35:29.579596000Z DEBUG solana_runtime::message_processor::stable_log] Program TokenkegQfeZyiNwAJbNbGKPFXCWuBvf9Ss623VQ5DA success
[2025-11-05T06:35:29.579640000Z DEBUG solana_runtime::message_processor::stable_log] Program TokenkegQfeZyiNwAJbNbGKPFXCWuBvf9Ss623VQ5DA invoke [2]
[2025-11-05T06:35:29.579682000Z DEBUG solana_runtime::message_processor::stable_log] Program log: Instruction: InitializeAccount3
[2025-11-05T06:35:29.579752000Z DEBUG solana_runtime::message_processor::stable_log] Program TokenkegQfeZyiNwAJbNbGKPFXCWuBvf9Ss623VQ5DA consumed 4214 of 184058 compute units
[2025-11-05T06:35:29.579762000Z DEBUG solana_runtime::message_processor::stable_log] Program TokenkegQfeZyiNwAJbNbGKPFXCWuBvf9Ss623VQ5DA success
[2025-11-05T06:35:29.579778000Z DEBUG solana_runtime::message_processor::stable_log] Program ATokenGPvbdGVxr1b2hvZbsiqW5xWH25efTNsLJA8knL consumed 20460 of 200000 compute units
[2025-11-05T06:35:29.579789000Z DEBUG solana_runtime::message_processor::stable_log] Program ATokenGPvbdGVxr1b2hvZbsiqW5xWH25efTNsLJA8knL success
[2025-11-05T06:35:29.584307000Z DEBUG solana_runtime::message_processor::stable_log] Program TokenkegQfeZyiNwAJbNbGKPFXCWuBvf9Ss623VQ5DA invoke [1]
[2025-11-05T06:35:29.584367000Z DEBUG solana_runtime::message_processor::stable_log] Program log: Instruction: MintTo
[2025-11-05T06:35:29.584441000Z DEBUG solana_runtime::message_processor::stable_log] Program TokenkegQfeZyiNwAJbNbGKPFXCWuBvf9Ss623VQ5DA consumed 4491 of 200000 compute units
[2025-11-05T06:35:29.584456000Z DEBUG solana_runtime::message_processor::stable_log] Program TokenkegQfeZyiNwAJbNbGKPFXCWuBvf9Ss623VQ5DA success
[2025-11-05T06:35:29.590999000Z DEBUG solana_runtime::message_processor::stable_log] Program ATokenGPvbdGVxr1b2hvZbsiqW5xWH25efTNsLJA8knL invoke [1]
[2025-11-05T06:35:29.591071000Z DEBUG solana_runtime::message_processor::stable_log] Program log: Create
[2025-11-05T06:35:29.591157000Z DEBUG solana_runtime::message_processor::stable_log] Program TokenkegQfeZyiNwAJbNbGKPFXCWuBvf9Ss623VQ5DA invoke [2]
[2025-11-05T06:35:29.591194000Z DEBUG solana_runtime::message_processor::stable_log] Program log: Instruction: GetAccountDataSize
[2025-11-05T06:35:29.591213000Z DEBUG solana_runtime::message_processor::stable_log] Program TokenkegQfeZyiNwAJbNbGKPFXCWuBvf9Ss623VQ5DA consumed 1595 of 188555 compute units
[2025-11-05T06:35:29.591222000Z DEBUG solana_runtime::message_processor::stable_log] Program return: TokenkegQfeZyiNwAJbNbGKPFXCWuBvf9Ss623VQ5DA pQAAAAAAAAA=
[2025-11-05T06:35:29.591232000Z DEBUG solana_runtime::message_processor::stable_log] Program TokenkegQfeZyiNwAJbNbGKPFXCWuBvf9Ss623VQ5DA success
[2025-11-05T06:35:29.591293000Z DEBUG solana_runtime::message_processor::stable_log] Program 11111111111111111111111111111111 invoke [2]
[2025-11-05T06:35:29.591301000Z DEBUG solana_runtime::message_processor::stable_log] Program 11111111111111111111111111111111 success
[2025-11-05T06:35:29.591307000Z DEBUG solana_runtime::message_processor::stable_log] Program log: Initialize the associated token account
[2025-11-05T06:35:29.591326000Z DEBUG solana_runtime::message_processor::stable_log] Program TokenkegQfeZyiNwAJbNbGKPFXCWuBvf9Ss623VQ5DA invoke [2]
[2025-11-05T06:35:29.591351000Z DEBUG solana_runtime::message_processor::stable_log] Program log: Instruction: InitializeImmutableOwner
[2025-11-05T06:35:29.591363000Z DEBUG solana_runtime::message_processor::stable_log] Program log: Please upgrade to SPL Token 2022 for immutable owner support
[2025-11-05T06:35:29.591375000Z DEBUG solana_runtime::message_processor::stable_log] Program TokenkegQfeZyiNwAJbNbGKPFXCWuBvf9Ss623VQ5DA consumed 1405 of 181942 compute units
[2025-11-05T06:35:29.591384000Z DEBUG solana_runtime::message_processor::stable_log] Program TokenkegQfeZyiNwAJbNbGKPFXCWuBvf9Ss623VQ5DA success
[2025-11-05T06:35:29.591422000Z DEBUG solana_runtime::message_processor::stable_log] Program TokenkegQfeZyiNwAJbNbGKPFXCWuBvf9Ss623VQ5DA invoke [2]
[2025-11-05T06:35:29.591451000Z DEBUG solana_runtime::message_processor::stable_log] Program log: Instruction: InitializeAccount3
[2025-11-05T06:35:29.591511000Z DEBUG solana_runtime::message_processor::stable_log] Program TokenkegQfeZyiNwAJbNbGKPFXCWuBvf9Ss623VQ5DA consumed 4214 of 178058 compute units
[2025-11-05T06:35:29.591519000Z DEBUG solana_runtime::message_processor::stable_log] Program TokenkegQfeZyiNwAJbNbGKPFXCWuBvf9Ss623VQ5DA success
[2025-11-05T06:35:29.591533000Z DEBUG solana_runtime::message_processor::stable_log] Program ATokenGPvbdGVxr1b2hvZbsiqW5xWH25efTNsLJA8knL consumed 26460 of 200000 compute units
[2025-11-05T06:35:29.591542000Z DEBUG solana_runtime::message_processor::stable_log] Program ATokenGPvbdGVxr1b2hvZbsiqW5xWH25efTNsLJA8knL success
[2025-11-05T06:35:29.595669000Z DEBUG solana_runtime::message_processor::stable_log] Program TokenkegQfeZyiNwAJbNbGKPFXCWuBvf9Ss623VQ5DA invoke [1]
[2025-11-05T06:35:29.595721000Z DEBUG solana_runtime::message_processor::stable_log] Program log: Instruction: MintTo
[2025-11-05T06:35:29.595787000Z DEBUG solana_runtime::message_processor::stable_log] Program TokenkegQfeZyiNwAJbNbGKPFXCWuBvf9Ss623VQ5DA consumed 4491 of 200000 compute units
[2025-11-05T06:35:29.595799000Z DEBUG solana_runtime::message_processor::stable_log] Program TokenkegQfeZyiNwAJbNbGKPFXCWuBvf9Ss623VQ5DA success
[2025-11-05T06:35:29.601345000Z DEBUG solana_runtime::message_processor::stable_log] Program ATokenGPvbdGVxr1b2hvZbsiqW5xWH25efTNsLJA8knL invoke [1]
[2025-11-05T06:35:29.601435000Z DEBUG solana_runtime::message_processor::stable_log] Program log: Create
[2025-11-05T06:35:29.601497000Z DEBUG solana_runtime::message_processor::stable_log] Program TokenkegQfeZyiNwAJbNbGKPFXCWuBvf9Ss623VQ5DA invoke [2]
[2025-11-05T06:35:29.601729000Z DEBUG solana_runtime::message_processor::stable_log] Program log: Instruction: GetAccountDataSize
[2025-11-05T06:35:29.601752000Z DEBUG solana_runtime::message_processor::stable_log] Program TokenkegQfeZyiNwAJbNbGKPFXCWuBvf9Ss623VQ5DA consumed 1595 of 194555 compute units
[2025-11-05T06:35:29.601764000Z DEBUG solana_runtime::message_processor::stable_log] Program return: TokenkegQfeZyiNwAJbNbGKPFXCWuBvf9Ss623VQ5DA pQAAAAAAAAA=
[2025-11-05T06:35:29.601778000Z DEBUG solana_runtime::message_processor::stable_log] Program TokenkegQfeZyiNwAJbNbGKPFXCWuBvf9Ss623VQ5DA success
[2025-11-05T06:35:29.601845000Z DEBUG solana_runtime::message_processor::stable_log] Program 11111111111111111111111111111111 invoke [2]
[2025-11-05T06:35:29.601853000Z DEBUG solana_runtime::message_processor::stable_log] Program 11111111111111111111111111111111 success
[2025-11-05T06:35:29.601859000Z DEBUG solana_runtime::message_processor::stable_log] Program log: Initialize the associated token account
[2025-11-05T06:35:29.601879000Z DEBUG solana_runtime::message_processor::stable_log] Program TokenkegQfeZyiNwAJbNbGKPFXCWuBvf9Ss623VQ5DA invoke [2]
[2025-11-05T06:35:29.601904000Z DEBUG solana_runtime::message_processor::stable_log] Program log: Instruction: InitializeImmutableOwner
[2025-11-05T06:35:29.601924000Z DEBUG solana_runtime::message_processor::stable_log] Program log: Please upgrade to SPL Token 2022 for immutable owner support
[2025-11-05T06:35:29.601928000Z DEBUG solana_runtime::message_processor::stable_log] Program TokenkegQfeZyiNwAJbNbGKPFXCWuBvf9Ss623VQ5DA consumed 1405 of 187942 compute units
[2025-11-05T06:35:29.601946000Z DEBUG solana_runtime::message_processor::stable_log] Program TokenkegQfeZyiNwAJbNbGKPFXCWuBvf9Ss623VQ5DA success
[2025-11-05T06:35:29.601984000Z DEBUG solana_runtime::message_processor::stable_log] Program TokenkegQfeZyiNwAJbNbGKPFXCWuBvf9Ss623VQ5DA invoke [2]
[2025-11-05T06:35:29.602015000Z DEBUG solana_runtime::message_processor::stable_log] Program log: Instruction: InitializeAccount3
[2025-11-05T06:35:29.602075000Z DEBUG solana_runtime::message_processor::stable_log] Program TokenkegQfeZyiNwAJbNbGKPFXCWuBvf9Ss623VQ5DA consumed 4214 of 184058 compute units
[2025-11-05T06:35:29.602083000Z DEBUG solana_runtime::message_processor::stable_log] Program TokenkegQfeZyiNwAJbNbGKPFXCWuBvf9Ss623VQ5DA success
[2025-11-05T06:35:29.602097000Z DEBUG solana_runtime::message_processor::stable_log] Program ATokenGPvbdGVxr1b2hvZbsiqW5xWH25efTNsLJA8knL consumed 20460 of 200000 compute units
[2025-11-05T06:35:29.602107000Z DEBUG solana_runtime::message_processor::stable_log] Program ATokenGPvbdGVxr1b2hvZbsiqW5xWH25efTNsLJA8knL success
[2025-11-05T06:35:29.605840000Z DEBUG solana_runtime::message_processor::stable_log] Program TokenkegQfeZyiNwAJbNbGKPFXCWuBvf9Ss623VQ5DA invoke [1]
[2025-11-05T06:35:29.605893000Z DEBUG solana_runtime::message_processor::stable_log] Program log: Instruction: MintTo
[2025-11-05T06:35:29.605956000Z DEBUG solana_runtime::message_processor::stable_log] Program TokenkegQfeZyiNwAJbNbGKPFXCWuBvf9Ss623VQ5DA consumed 4491 of 200000 compute units
[2025-11-05T06:35:29.605966000Z DEBUG solana_runtime::message_processor::stable_log] Program TokenkegQfeZyiNwAJbNbGKPFXCWuBvf9Ss623VQ5DA success
[2025-11-05T06:35:29.619844000Z DEBUG solana_runtime::message_processor::stable_log] Program ASmKWt93JEMHxbdE6j7znD9y2FcdPboCzC3xtSTJvN7S invoke [1]
[2025-11-05T06:35:29.619909000Z DEBUG solana_runtime::message_processor::stable_log] Program log: Instruction: CreateConfig
[2025-11-05T06:35:29.620005000Z DEBUG solana_runtime::message_processor::stable_log] Program 11111111111111111111111111111111 invoke [2]
[2025-11-05T06:35:29.620014000Z DEBUG solana_runtime::message_processor::stable_log] Program 11111111111111111111111111111111 success
[2025-11-05T06:35:29.620123000Z DEBUG solana_runtime::message_processor::stable_log] Program ASmKWt93JEMHxbdE6j7znD9y2FcdPboCzC3xtSTJvN7S invoke [2]
[2025-11-05T06:35:29.620161000Z DEBUG solana_runtime::message_processor::stable_log] Program ASmKWt93JEMHxbdE6j7znD9y2FcdPboCzC3xtSTJvN7S consumed 2069 of 186098 compute units
[2025-11-05T06:35:29.620170000Z DEBUG solana_runtime::message_processor::stable_log] Program ASmKWt93JEMHxbdE6j7znD9y2FcdPboCzC3xtSTJvN7S success
[2025-11-05T06:35:29.620186000Z DEBUG solana_runtime::message_processor::stable_log] Program ASmKWt93JEMHxbdE6j7znD9y2FcdPboCzC3xtSTJvN7S consumed 16276 of 200000 compute units
[2025-11-05T06:35:29.620196000Z DEBUG solana_runtime::message_processor::stable_log] Program ASmKWt93JEMHxbdE6j7znD9y2FcdPboCzC3xtSTJvN7S success
[2025-11-05T06:35:29.647392000Z DEBUG solana_runtime::message_processor::stable_log] Program ASmKWt93JEMHxbdE6j7znD9y2FcdPboCzC3xtSTJvN7S invoke [1]
[2025-11-05T06:35:29.647596000Z DEBUG solana_runtime::message_processor::stable_log] Program log: Instruction: InitializePool
[2025-11-05T06:35:29.647746000Z DEBUG solana_runtime::message_processor::stable_log] Program 11111111111111111111111111111111 invoke [2]
[2025-11-05T06:35:29.647756000Z DEBUG solana_runtime::message_processor::stable_log] Program 11111111111111111111111111111111 success
[2025-11-05T06:35:29.647808000Z DEBUG solana_runtime::message_processor::stable_log] Program TokenzQdBNbLqP5VEhdkAS6EPFLC1PHnBqCXEpPxuEb invoke [2]
[2025-11-05T06:35:29.647842000Z DEBUG solana_runtime::message_processor::stable_log] Program log: MetadataPointerInstruction::Initialize
[2025-11-05T06:35:29.647878000Z DEBUG solana_runtime::message_processor::stable_log] Program TokenzQdBNbLqP5VEhdkAS6EPFLC1PHnBqCXEpPxuEb consumed 2442 of 334963 compute units
[2025-11-05T06:35:29.647889000Z DEBUG solana_runtime::message_processor::stable_log] Program TokenzQdBNbLqP5VEhdkAS6EPFLC1PHnBqCXEpPxuEb success
[2025-11-05T06:35:29.647922000Z DEBUG solana_runtime::message_processor::stable_log] Program TokenzQdBNbLqP5VEhdkAS6EPFLC1PHnBqCXEpPxuEb invoke [2]
[2025-11-05T06:35:29.647946000Z DEBUG solana_runtime::message_processor::stable_log] Program log: Instruction: InitializeMintCloseAuthority
[2025-11-05T06:35:29.647980000Z DEBUG solana_runtime::message_processor::stable_log] Program TokenzQdBNbLqP5VEhdkAS6EPFLC1PHnBqCXEpPxuEb consumed 2570 of 330543 compute units
[2025-11-05T06:35:29.647989000Z DEBUG solana_runtime::message_processor::stable_log] Program TokenzQdBNbLqP5VEhdkAS6EPFLC1PHnBqCXEpPxuEb success
[2025-11-05T06:35:29.648021000Z DEBUG solana_runtime::message_processor::stable_log] Program TokenzQdBNbLqP5VEhdkAS6EPFLC1PHnBqCXEpPxuEb invoke [2]
[2025-11-05T06:35:29.648047000Z DEBUG solana_runtime::message_processor::stable_log] Program log: Instruction: InitializeMint2
[2025-11-05T06:35:29.648112000Z DEBUG solana_runtime::message_processor::stable_log] Program TokenzQdBNbLqP5VEhdkAS6EPFLC1PHnBqCXEpPxuEb consumed 4078 of 326031 compute units
[2025-11-05T06:35:29.648121000Z DEBUG solana_runtime::message_processor::stable_log] Program TokenzQdBNbLqP5VEhdkAS6EPFLC1PHnBqCXEpPxuEb success
[2025-11-05T06:35:29.648299000Z DEBUG solana_runtime::message_processor::stable_log] Program 11111111111111111111111111111111 invoke [2]
[2025-11-05T06:35:29.648307000Z DEBUG solana_runtime::message_processor::stable_log] Program 11111111111111111111111111111111 success
[2025-11-05T06:35:29.648338000Z DEBUG solana_runtime::message_processor::stable_log] Program TokenzQdBNbLqP5VEhdkAS6EPFLC1PHnBqCXEpPxuEb invoke [2]
[2025-11-05T06:35:29.648370000Z DEBUG solana_runtime::message_processor::stable_log] Program log: Instruction: InitializeAccount3
[2025-11-05T06:35:29.648453000Z DEBUG solana_runtime::message_processor::stable_log] Program TokenzQdBNbLqP5VEhdkAS6EPFLC1PHnBqCXEpPxuEb consumed 5137 of 312347 compute units
[2025-11-05T06:35:29.648461000Z DEBUG solana_runtime::message_processor::stable_log] Program TokenzQdBNbLqP5VEhdkAS6EPFLC1PHnBqCXEpPxuEb success
[2025-11-05T06:35:29.648568000Z DEBUG solana_runtime::message_processor::stable_log] Program 11111111111111111111111111111111 invoke [2]
[2025-11-05T06:35:29.648573000Z DEBUG solana_runtime::message_processor::stable_log] Program 11111111111111111111111111111111 success
[2025-11-05T06:35:29.648658000Z DEBUG solana_runtime::message_processor::stable_log] Program 11111111111111111111111111111111 invoke [2]
[2025-11-05T06:35:29.648666000Z DEBUG solana_runtime::message_processor::stable_log] Program 11111111111111111111111111111111 success
[2025-11-05T06:35:29.648801000Z DEBUG solana_runtime::message_processor::stable_log] Program 11111111111111111111111111111111 invoke [2]
[2025-11-05T06:35:29.648809000Z DEBUG solana_runtime::message_processor::stable_log] Program 11111111111111111111111111111111 success
[2025-11-05T06:35:29.648839000Z DEBUG solana_runtime::message_processor::stable_log] Program TokenkegQfeZyiNwAJbNbGKPFXCWuBvf9Ss623VQ5DA invoke [2]
[2025-11-05T06:35:29.648873000Z DEBUG solana_runtime::message_processor::stable_log] Program log: Instruction: InitializeAccount3
[2025-11-05T06:35:29.648936000Z DEBUG solana_runtime::message_processor::stable_log] Program TokenkegQfeZyiNwAJbNbGKPFXCWuBvf9Ss623VQ5DA consumed 4214 of 287248 compute units
[2025-11-05T06:35:29.648945000Z DEBUG solana_runtime::message_processor::stable_log] Program TokenkegQfeZyiNwAJbNbGKPFXCWuBvf9Ss623VQ5DA success
[2025-11-05T06:35:29.649047000Z DEBUG solana_runtime::message_processor::stable_log] Program 11111111111111111111111111111111 invoke [2]
[2025-11-05T06:35:29.649053000Z DEBUG solana_runtime::message_processor::stable_log] Program 11111111111111111111111111111111 success
[2025-11-05T06:35:29.649081000Z DEBUG solana_runtime::message_processor::stable_log] Program TokenkegQfeZyiNwAJbNbGKPFXCWuBvf9Ss623VQ5DA invoke [2]
[2025-11-05T06:35:29.649112000Z DEBUG solana_runtime::message_processor::stable_log] Program log: Instruction: InitializeAccount3
[2025-11-05T06:35:29.649169000Z DEBUG solana_runtime::message_processor::stable_log] Program TokenkegQfeZyiNwAJbNbGKPFXCWuBvf9Ss623VQ5DA consumed 4214 of 274109 compute units
[2025-11-05T06:35:29.649177000Z DEBUG solana_runtime::message_processor::stable_log] Program TokenkegQfeZyiNwAJbNbGKPFXCWuBvf9Ss623VQ5DA success
[2025-11-05T06:35:29.649452000Z DEBUG solana_runtime::message_processor::stable_log] Program TokenzQdBNbLqP5VEhdkAS6EPFLC1PHnBqCXEpPxuEb invoke [2]
[2025-11-05T06:35:29.649510000Z DEBUG solana_runtime::message_processor::stable_log] Program log: TokenMetadataInstruction: Initialize
[2025-11-05T06:35:29.649643000Z DEBUG solana_runtime::message_processor::stable_log] Program TokenzQdBNbLqP5VEhdkAS6EPFLC1PHnBqCXEpPxuEb consumed 9900 of 257977 compute units
[2025-11-05T06:35:29.649657000Z DEBUG solana_runtime::message_processor::stable_log] Program TokenzQdBNbLqP5VEhdkAS6EPFLC1PHnBqCXEpPxuEb success
[2025-11-05T06:35:29.649701000Z DEBUG solana_runtime::message_processor::stable_log] Program 11111111111111111111111111111111 invoke [2]
[2025-11-05T06:35:29.649704000Z DEBUG solana_runtime::message_processor::stable_log] Program 11111111111111111111111111111111 success
[2025-11-05T06:35:29.649746000Z DEBUG solana_runtime::message_processor::stable_log] Program TokenzQdBNbLqP5VEhdkAS6EPFLC1PHnBqCXEpPxuEb invoke [2]
[2025-11-05T06:35:29.649784000Z DEBUG solana_runtime::message_processor::stable_log] Program log: Instruction: MintTo
[2025-11-05T06:35:29.649877000Z DEBUG solana_runtime::message_processor::stable_log] Program TokenzQdBNbLqP5VEhdkAS6EPFLC1PHnBqCXEpPxuEb consumed 5540 of 243015 compute units
[2025-11-05T06:35:29.650039000Z DEBUG solana_runtime::message_processor::stable_log] Program TokenzQdBNbLqP5VEhdkAS6EPFLC1PHnBqCXEpPxuEb success
[2025-11-05T06:35:29.650160000Z DEBUG solana_runtime::message_processor::stable_log] Program ASmKWt93JEMHxbdE6j7znD9y2FcdPboCzC3xtSTJvN7S invoke [2]
[2025-11-05T06:35:29.650231000Z DEBUG solana_runtime::message_processor::stable_log] Program ASmKWt93JEMHxbdE6j7znD9y2FcdPboCzC3xtSTJvN7S consumed 2069 of 234410 compute units
[2025-11-05T06:35:29.650244000Z DEBUG solana_runtime::message_processor::stable_log] Program ASmKWt93JEMHxbdE6j7znD9y2FcdPboCzC3xtSTJvN7S success
[2025-11-05T06:35:29.650332000Z DEBUG solana_runtime::message_processor::stable_log] Program TokenkegQfeZyiNwAJbNbGKPFXCWuBvf9Ss623VQ5DA invoke [2]
[2025-11-05T06:35:29.650418000Z DEBUG solana_runtime::message_processor::stable_log] Program log: Instruction: TransferChecked
[2025-11-05T06:35:29.650509000Z DEBUG solana_runtime::message_processor::stable_log] Program TokenkegQfeZyiNwAJbNbGKPFXCWuBvf9Ss623VQ5DA consumed 6174 of 229869 compute units
[2025-11-05T06:35:29.650520000Z DEBUG solana_runtime::message_processor::stable_log] Program TokenkegQfeZyiNwAJbNbGKPFXCWuBvf9Ss623VQ5DA success
[2025-11-05T06:35:29.650579000Z DEBUG solana_runtime::message_processor::stable_log] Program TokenkegQfeZyiNwAJbNbGKPFXCWuBvf9Ss623VQ5DA invoke [2]
[2025-11-05T06:35:29.650615000Z DEBUG solana_runtime::message_processor::stable_log] Program log: Instruction: TransferChecked
[2025-11-05T06:35:29.650698000Z DEBUG solana_runtime::message_processor::stable_log] Program TokenkegQfeZyiNwAJbNbGKPFXCWuBvf9Ss623VQ5DA consumed 6269 of 221285 compute units
[2025-11-05T06:35:29.650714000Z DEBUG solana_runtime::message_processor::stable_log] Program TokenkegQfeZyiNwAJbNbGKPFXCWuBvf9Ss623VQ5DA success
[2025-11-05T06:35:29.650803000Z DEBUG solana_runtime::message_processor::stable_log] Program ASmKWt93JEMHxbdE6j7znD9y2FcdPboCzC3xtSTJvN7S invoke [2]
[2025-11-05T06:35:29.650844000Z DEBUG solana_runtime::message_processor::stable_log] Program ASmKWt93JEMHxbdE6j7znD9y2FcdPboCzC3xtSTJvN7S consumed 2069 of 209935 compute units
[2025-11-05T06:35:29.650852000Z DEBUG solana_runtime::message_processor::stable_log] Program ASmKWt93JEMHxbdE6j7znD9y2FcdPboCzC3xtSTJvN7S success
[2025-11-05T06:35:29.650879000Z DEBUG solana_runtime::message_processor::stable_log] Program ASmKWt93JEMHxbdE6j7znD9y2FcdPboCzC3xtSTJvN7S consumed 142928 of 350000 compute units
[2025-11-05T06:35:29.650890000Z DEBUG solana_runtime::message_processor::stable_log] Program ASmKWt93JEMHxbdE6j7znD9y2FcdPboCzC3xtSTJvN7S success
[2025-11-05T06:35:29.650899000Z DEBUG solana_runtime::message_processor::stable_log] Program ComputeBudget111111111111111111111111111111 invoke [1]
[2025-11-05T06:35:29.650906000Z DEBUG solana_runtime::message_processor::stable_log] Program ComputeBudget111111111111111111111111111111 success
[2025-11-05T06:35:29.674765000Z DEBUG solana_runtime::message_processor::stable_log] Program ASmKWt93JEMHxbdE6j7znD9y2FcdPboCzC3xtSTJvN7S invoke [1]
[2025-11-05T06:35:29.674885000Z DEBUG solana_runtime::message_processor::stable_log] Program log: Instruction: SplitPosition
[2025-11-05T06:35:29.674993000Z DEBUG solana_runtime::message_processor::stable_log] Program log: AnchorError caused by account: first_position. Error Code: SamePosition. Error Number: 6046. Error Message: Same position.
[2025-11-05T06:35:29.675003000Z DEBUG solana_runtime::message_processor::stable_log] Program ASmKWt93JEMHxbdE6j7znD9y2FcdPboCzC3xtSTJvN7S consumed 7381 of 200000 compute units
[2025-11-05T06:35:29.675014000Z DEBUG solana_runtime::message_processor::stable_log] Program ASmKWt93JEMHxbdE6j7znD9y2FcdPboCzC3xtSTJvN7S failed: custom program error: 0x179e
    ✔ Cannot split two same position
[2025-11-05T06:35:29.676707000Z INFO  solana_program_test] "cp_amm" SBF program from ./target/deploy/cp_amm.so, modified 24 minutes, 37 seconds, 24 ms, 22 µs and 203 ns ago
[2025-11-05T06:35:29.676877000Z INFO  solana_program_test] "fee_router" SBF program from ./target/deploy/fee_router.so, modified 39 seconds, 761 ms, 135 µs and 331 ns ago
[2025-11-05T06:35:29.677008000Z INFO  solana_program_test] "transfer_hook_counter" SBF program from tests/fixtures/transfer_hook_counter.so, modified 3 weeks, 22 hours, 59 minutes, 4 seconds, 502 ms, 607 µs and 196 ns ago
[2025-11-05T06:35:29.677231000Z INFO  solana_program_test] "alpha_vault" SBF program from tests/fixtures/alpha_vault.so, modified 3 weeks, 22 hours, 59 minutes, 4 seconds, 503 ms, 517 µs and 72 ns ago
[2025-11-05T06:35:29.677542000Z INFO  solana_program_test] "streamflow" SBF program from tests/fixtures/streamflow.so, modified 3 weeks, 6 hours, 59 minutes, 14 seconds, 388 ms, 458 µs and 387 ns ago
[2025-11-05T06:35:29.677866000Z INFO  solana_program_test] "cp_amm" SBF program from ./target/deploy/cp_amm.so, modified 24 minutes, 37 seconds, 25 ms, 184 µs and 203 ns ago
[2025-11-05T06:35:29.678103000Z INFO  solana_program_test] "fee_router" SBF program from ./target/deploy/fee_router.so, modified 39 seconds, 762 ms, 362 µs and 331 ns ago
[2025-11-05T06:35:29.699368000Z INFO  solana_program_test] Overriding account at ASmKWt93JEMHxbdE6j7znD9y2FcdPboCzC3xtSTJvN7S
[2025-11-05T06:35:29.699383000Z INFO  solana_program_test] Overriding account at 5B57SJ3g2YoNXUpsZqqjEQkRSxyKtVTQRXdgAirz6bio
[2025-11-05T06:35:29.711441000Z DEBUG solana_runtime::message_processor::stable_log] Program 11111111111111111111111111111111 invoke [1]
[2025-11-05T06:35:29.711453000Z DEBUG solana_runtime::message_processor::stable_log] Program 11111111111111111111111111111111 success
[2025-11-05T06:35:29.715575000Z DEBUG solana_runtime::message_processor::stable_log] Program 11111111111111111111111111111111 invoke [1]
[2025-11-05T06:35:29.715589000Z DEBUG solana_runtime::message_processor::stable_log] Program 11111111111111111111111111111111 success
[2025-11-05T06:35:29.720140000Z DEBUG solana_runtime::message_processor::stable_log] Program 11111111111111111111111111111111 invoke [1]
[2025-11-05T06:35:29.720155000Z DEBUG solana_runtime::message_processor::stable_log] Program 11111111111111111111111111111111 success
[2025-11-05T06:35:29.728573000Z DEBUG solana_runtime::message_processor::stable_log] Program 11111111111111111111111111111111 invoke [1]
[2025-11-05T06:35:29.728591000Z DEBUG solana_runtime::message_processor::stable_log] Program 11111111111111111111111111111111 success
[2025-11-05T06:35:29.728596000Z DEBUG solana_runtime::message_processor::stable_log] Program TokenkegQfeZyiNwAJbNbGKPFXCWuBvf9Ss623VQ5DA invoke [1]
[2025-11-05T06:35:29.728693000Z DEBUG solana_runtime::message_processor::stable_log] Program log: Instruction: InitializeMint2
[2025-11-05T06:35:29.728737000Z DEBUG solana_runtime::message_processor::stable_log] Program TokenkegQfeZyiNwAJbNbGKPFXCWuBvf9Ss623VQ5DA consumed 2779 of 399850 compute units
[2025-11-05T06:35:29.728748000Z DEBUG solana_runtime::message_processor::stable_log] Program TokenkegQfeZyiNwAJbNbGKPFXCWuBvf9Ss623VQ5DA success
[2025-11-05T06:35:29.736891000Z DEBUG solana_runtime::message_processor::stable_log] Program 11111111111111111111111111111111 invoke [1]
[2025-11-05T06:35:29.736907000Z DEBUG solana_runtime::message_processor::stable_log] Program 11111111111111111111111111111111 success
[2025-11-05T06:35:29.736911000Z DEBUG solana_runtime::message_processor::stable_log] Program TokenkegQfeZyiNwAJbNbGKPFXCWuBvf9Ss623VQ5DA invoke [1]
[2025-11-05T06:35:29.736971000Z DEBUG solana_runtime::message_processor::stable_log] Program log: Instruction: InitializeMint2
[2025-11-05T06:35:29.737009000Z DEBUG solana_runtime::message_processor::stable_log] Program TokenkegQfeZyiNwAJbNbGKPFXCWuBvf9Ss623VQ5DA consumed 2779 of 399850 compute units
[2025-11-05T06:35:29.737021000Z DEBUG solana_runtime::message_processor::stable_log] Program TokenkegQfeZyiNwAJbNbGKPFXCWuBvf9Ss623VQ5DA success
[2025-11-05T06:35:29.743402000Z DEBUG solana_runtime::message_processor::stable_log] Program ATokenGPvbdGVxr1b2hvZbsiqW5xWH25efTNsLJA8knL invoke [1]
[2025-11-05T06:35:29.743481000Z DEBUG solana_runtime::message_processor::stable_log] Program log: Create
[2025-11-05T06:35:29.743561000Z DEBUG solana_runtime::message_processor::stable_log] Program TokenkegQfeZyiNwAJbNbGKPFXCWuBvf9Ss623VQ5DA invoke [2]
[2025-11-05T06:35:29.743589000Z DEBUG solana_runtime::message_processor::stable_log] Program log: Instruction: GetAccountDataSize
[2025-11-05T06:35:29.743609000Z DEBUG solana_runtime::message_processor::stable_log] Program TokenkegQfeZyiNwAJbNbGKPFXCWuBvf9Ss623VQ5DA consumed 1595 of 190055 compute units
[2025-11-05T06:35:29.743617000Z DEBUG solana_runtime::message_processor::stable_log] Program return: TokenkegQfeZyiNwAJbNbGKPFXCWuBvf9Ss623VQ5DA pQAAAAAAAAA=
[2025-11-05T06:35:29.743629000Z DEBUG solana_runtime::message_processor::stable_log] Program TokenkegQfeZyiNwAJbNbGKPFXCWuBvf9Ss623VQ5DA success
[2025-11-05T06:35:29.743693000Z DEBUG solana_runtime::message_processor::stable_log] Program 11111111111111111111111111111111 invoke [2]
[2025-11-05T06:35:29.743699000Z DEBUG solana_runtime::message_processor::stable_log] Program 11111111111111111111111111111111 success
[2025-11-05T06:35:29.743705000Z DEBUG solana_runtime::message_processor::stable_log] Program log: Initialize the associated token account
[2025-11-05T06:35:29.743725000Z DEBUG solana_runtime::message_processor::stable_log] Program TokenkegQfeZyiNwAJbNbGKPFXCWuBvf9Ss623VQ5DA invoke [2]
[2025-11-05T06:35:29.743748000Z DEBUG solana_runtime::message_processor::stable_log] Program log: Instruction: InitializeImmutableOwner
[2025-11-05T06:35:29.743760000Z DEBUG solana_runtime::message_processor::stable_log] Program log: Please upgrade to SPL Token 2022 for immutable owner support
[2025-11-05T06:35:29.743764000Z DEBUG solana_runtime::message_processor::stable_log] Program TokenkegQfeZyiNwAJbNbGKPFXCWuBvf9Ss623VQ5DA consumed 1405 of 183442 compute units
[2025-11-05T06:35:29.743772000Z DEBUG solana_runtime::message_processor::stable_log] Program TokenkegQfeZyiNwAJbNbGKPFXCWuBvf9Ss623VQ5DA success
[2025-11-05T06:35:29.743902000Z DEBUG solana_runtime::message_processor::stable_log] Program TokenkegQfeZyiNwAJbNbGKPFXCWuBvf9Ss623VQ5DA invoke [2]
[2025-11-05T06:35:29.743935000Z DEBUG solana_runtime::message_processor::stable_log] Program log: Instruction: InitializeAccount3
[2025-11-05T06:35:29.744003000Z DEBUG solana_runtime::message_processor::stable_log] Program TokenkegQfeZyiNwAJbNbGKPFXCWuBvf9Ss623VQ5DA consumed 4214 of 179558 compute units
[2025-11-05T06:35:29.744012000Z DEBUG solana_runtime::message_processor::stable_log] Program TokenkegQfeZyiNwAJbNbGKPFXCWuBvf9Ss623VQ5DA success
[2025-11-05T06:35:29.744026000Z DEBUG solana_runtime::message_processor::stable_log] Program ATokenGPvbdGVxr1b2hvZbsiqW5xWH25efTNsLJA8knL consumed 24960 of 200000 compute units
[2025-11-05T06:35:29.744038000Z DEBUG solana_runtime::message_processor::stable_log] Program ATokenGPvbdGVxr1b2hvZbsiqW5xWH25efTNsLJA8knL success
[2025-11-05T06:35:29.747777000Z DEBUG solana_runtime::message_processor::stable_log] Program TokenkegQfeZyiNwAJbNbGKPFXCWuBvf9Ss623VQ5DA invoke [1]
[2025-11-05T06:35:29.747832000Z DEBUG solana_runtime::message_processor::stable_log] Program log: Instruction: MintTo
[2025-11-05T06:35:29.747900000Z DEBUG solana_runtime::message_processor::stable_log] Program TokenkegQfeZyiNwAJbNbGKPFXCWuBvf9Ss623VQ5DA consumed 4491 of 200000 compute units
[2025-11-05T06:35:29.747911000Z DEBUG solana_runtime::message_processor::stable_log] Program TokenkegQfeZyiNwAJbNbGKPFXCWuBvf9Ss623VQ5DA success
[2025-11-05T06:35:29.754224000Z DEBUG solana_runtime::message_processor::stable_log] Program ATokenGPvbdGVxr1b2hvZbsiqW5xWH25efTNsLJA8knL invoke [1]
[2025-11-05T06:35:29.754308000Z DEBUG solana_runtime::message_processor::stable_log] Program log: Create
[2025-11-05T06:35:29.754373000Z DEBUG solana_runtime::message_processor::stable_log] Program TokenkegQfeZyiNwAJbNbGKPFXCWuBvf9Ss623VQ5DA invoke [2]
[2025-11-05T06:35:29.754430000Z DEBUG solana_runtime::message_processor::stable_log] Program log: Instruction: GetAccountDataSize
[2025-11-05T06:35:29.754450000Z DEBUG solana_runtime::message_processor::stable_log] Program TokenkegQfeZyiNwAJbNbGKPFXCWuBvf9Ss623VQ5DA consumed 1595 of 193055 compute units
[2025-11-05T06:35:29.754459000Z DEBUG solana_runtime::message_processor::stable_log] Program return: TokenkegQfeZyiNwAJbNbGKPFXCWuBvf9Ss623VQ5DA pQAAAAAAAAA=
[2025-11-05T06:35:29.754469000Z DEBUG solana_runtime::message_processor::stable_log] Program TokenkegQfeZyiNwAJbNbGKPFXCWuBvf9Ss623VQ5DA success
[2025-11-05T06:35:29.754529000Z DEBUG solana_runtime::message_processor::stable_log] Program 11111111111111111111111111111111 invoke [2]
[2025-11-05T06:35:29.754538000Z DEBUG solana_runtime::message_processor::stable_log] Program 11111111111111111111111111111111 success
[2025-11-05T06:35:29.754544000Z DEBUG solana_runtime::message_processor::stable_log] Program log: Initialize the associated token account
[2025-11-05T06:35:29.754564000Z DEBUG solana_runtime::message_processor::stable_log] Program TokenkegQfeZyiNwAJbNbGKPFXCWuBvf9Ss623VQ5DA invoke [2]
[2025-11-05T06:35:29.754587000Z DEBUG solana_runtime::message_processor::stable_log] Program log: Instruction: InitializeImmutableOwner
[2025-11-05T06:35:29.754598000Z DEBUG solana_runtime::message_processor::stable_log] Program log: Please upgrade to SPL Token 2022 for immutable owner support
[2025-11-05T06:35:29.754602000Z DEBUG solana_runtime::message_processor::stable_log] Program TokenkegQfeZyiNwAJbNbGKPFXCWuBvf9Ss623VQ5DA consumed 1405 of 186442 compute units
[2025-11-05T06:35:29.754611000Z DEBUG solana_runtime::message_processor::stable_log] Program TokenkegQfeZyiNwAJbNbGKPFXCWuBvf9Ss623VQ5DA success
[2025-11-05T06:35:29.754648000Z DEBUG solana_runtime::message_processor::stable_log] Program TokenkegQfeZyiNwAJbNbGKPFXCWuBvf9Ss623VQ5DA invoke [2]
[2025-11-05T06:35:29.754677000Z DEBUG solana_runtime::message_processor::stable_log] Program log: Instruction: InitializeAccount3
[2025-11-05T06:35:29.754737000Z DEBUG solana_runtime::message_processor::stable_log] Program TokenkegQfeZyiNwAJbNbGKPFXCWuBvf9Ss623VQ5DA consumed 4214 of 182558 compute units
[2025-11-05T06:35:29.754747000Z DEBUG solana_runtime::message_processor::stable_log] Program TokenkegQfeZyiNwAJbNbGKPFXCWuBvf9Ss623VQ5DA success
[2025-11-05T06:35:29.754761000Z DEBUG solana_runtime::message_processor::stable_log] Program ATokenGPvbdGVxr1b2hvZbsiqW5xWH25efTNsLJA8knL consumed 21960 of 200000 compute units
[2025-11-05T06:35:29.754770000Z DEBUG solana_runtime::message_processor::stable_log] Program ATokenGPvbdGVxr1b2hvZbsiqW5xWH25efTNsLJA8knL success
[2025-11-05T06:35:29.758665000Z DEBUG solana_runtime::message_processor::stable_log] Program TokenkegQfeZyiNwAJbNbGKPFXCWuBvf9Ss623VQ5DA invoke [1]
[2025-11-05T06:35:29.758720000Z DEBUG solana_runtime::message_processor::stable_log] Program log: Instruction: MintTo
[2025-11-05T06:35:29.758854000Z DEBUG solana_runtime::message_processor::stable_log] Program TokenkegQfeZyiNwAJbNbGKPFXCWuBvf9Ss623VQ5DA consumed 4491 of 200000 compute units
[2025-11-05T06:35:29.758867000Z DEBUG solana_runtime::message_processor::stable_log] Program TokenkegQfeZyiNwAJbNbGKPFXCWuBvf9Ss623VQ5DA success
[2025-11-05T06:35:29.764221000Z DEBUG solana_runtime::message_processor::stable_log] Program ATokenGPvbdGVxr1b2hvZbsiqW5xWH25efTNsLJA8knL invoke [1]
[2025-11-05T06:35:29.764295000Z DEBUG solana_runtime::message_processor::stable_log] Program log: Create
[2025-11-05T06:35:29.764405000Z DEBUG solana_runtime::message_processor::stable_log] Program TokenkegQfeZyiNwAJbNbGKPFXCWuBvf9Ss623VQ5DA invoke [2]
[2025-11-05T06:35:29.764441000Z DEBUG solana_runtime::message_processor::stable_log] Program log: Instruction: GetAccountDataSize
[2025-11-05T06:35:29.764460000Z DEBUG solana_runtime::message_processor::stable_log] Program TokenkegQfeZyiNwAJbNbGKPFXCWuBvf9Ss623VQ5DA consumed 1595 of 194555 compute units
[2025-11-05T06:35:29.764469000Z DEBUG solana_runtime::message_processor::stable_log] Program return: TokenkegQfeZyiNwAJbNbGKPFXCWuBvf9Ss623VQ5DA pQAAAAAAAAA=
[2025-11-05T06:35:29.764479000Z DEBUG solana_runtime::message_processor::stable_log] Program TokenkegQfeZyiNwAJbNbGKPFXCWuBvf9Ss623VQ5DA success
[2025-11-05T06:35:29.764592000Z DEBUG solana_runtime::message_processor::stable_log] Program 11111111111111111111111111111111 invoke [2]
[2025-11-05T06:35:29.764602000Z DEBUG solana_runtime::message_processor::stable_log] Program 11111111111111111111111111111111 success
[2025-11-05T06:35:29.764612000Z DEBUG solana_runtime::message_processor::stable_log] Program log: Initialize the associated token account
[2025-11-05T06:35:29.764634000Z DEBUG solana_runtime::message_processor::stable_log] Program TokenkegQfeZyiNwAJbNbGKPFXCWuBvf9Ss623VQ5DA invoke [2]
[2025-11-05T06:35:29.764656000Z DEBUG solana_runtime::message_processor::stable_log] Program log: Instruction: InitializeImmutableOwner
[2025-11-05T06:35:29.764670000Z DEBUG solana_runtime::message_processor::stable_log] Program log: Please upgrade to SPL Token 2022 for immutable owner support
[2025-11-05T06:35:29.764673000Z DEBUG solana_runtime::message_processor::stable_log] Program TokenkegQfeZyiNwAJbNbGKPFXCWuBvf9Ss623VQ5DA consumed 1405 of 187942 compute units
[2025-11-05T06:35:29.764681000Z DEBUG solana_runtime::message_processor::stable_log] Program TokenkegQfeZyiNwAJbNbGKPFXCWuBvf9Ss623VQ5DA success
[2025-11-05T06:35:29.764720000Z DEBUG solana_runtime::message_processor::stable_log] Program TokenkegQfeZyiNwAJbNbGKPFXCWuBvf9Ss623VQ5DA invoke [2]
[2025-11-05T06:35:29.764747000Z DEBUG solana_runtime::message_processor::stable_log] Program log: Instruction: InitializeAccount3
[2025-11-05T06:35:29.764807000Z DEBUG solana_runtime::message_processor::stable_log] Program TokenkegQfeZyiNwAJbNbGKPFXCWuBvf9Ss623VQ5DA consumed 4214 of 184058 compute units
[2025-11-05T06:35:29.764819000Z DEBUG solana_runtime::message_processor::stable_log] Program TokenkegQfeZyiNwAJbNbGKPFXCWuBvf9Ss623VQ5DA success
[2025-11-05T06:35:29.764833000Z DEBUG solana_runtime::message_processor::stable_log] Program ATokenGPvbdGVxr1b2hvZbsiqW5xWH25efTNsLJA8knL consumed 20460 of 200000 compute units
[2025-11-05T06:35:29.764844000Z DEBUG solana_runtime::message_processor::stable_log] Program ATokenGPvbdGVxr1b2hvZbsiqW5xWH25efTNsLJA8knL success
[2025-11-05T06:35:29.768861000Z DEBUG solana_runtime::message_processor::stable_log] Program TokenkegQfeZyiNwAJbNbGKPFXCWuBvf9Ss623VQ5DA invoke [1]
[2025-11-05T06:35:29.768926000Z DEBUG solana_runtime::message_processor::stable_log] Program log: Instruction: MintTo
[2025-11-05T06:35:29.768994000Z DEBUG solana_runtime::message_processor::stable_log] Program TokenkegQfeZyiNwAJbNbGKPFXCWuBvf9Ss623VQ5DA consumed 4491 of 200000 compute units
[2025-11-05T06:35:29.769008000Z DEBUG solana_runtime::message_processor::stable_log] Program TokenkegQfeZyiNwAJbNbGKPFXCWuBvf9Ss623VQ5DA success
[2025-11-05T06:35:29.774994000Z DEBUG solana_runtime::message_processor::stable_log] Program ATokenGPvbdGVxr1b2hvZbsiqW5xWH25efTNsLJA8knL invoke [1]
[2025-11-05T06:35:29.775067000Z DEBUG solana_runtime::message_processor::stable_log] Program log: Create
[2025-11-05T06:35:29.775140000Z DEBUG solana_runtime::message_processor::stable_log] Program TokenkegQfeZyiNwAJbNbGKPFXCWuBvf9Ss623VQ5DA invoke [2]
[2025-11-05T06:35:29.775174000Z DEBUG solana_runtime::message_processor::stable_log] Program log: Instruction: GetAccountDataSize
[2025-11-05T06:35:29.775192000Z DEBUG solana_runtime::message_processor::stable_log] Program TokenkegQfeZyiNwAJbNbGKPFXCWuBvf9Ss623VQ5DA consumed 1595 of 191555 compute units
[2025-11-05T06:35:29.775202000Z DEBUG solana_runtime::message_processor::stable_log] Program return: TokenkegQfeZyiNwAJbNbGKPFXCWuBvf9Ss623VQ5DA pQAAAAAAAAA=
[2025-11-05T06:35:29.775211000Z DEBUG solana_runtime::message_processor::stable_log] Program TokenkegQfeZyiNwAJbNbGKPFXCWuBvf9Ss623VQ5DA success
[2025-11-05T06:35:29.775269000Z DEBUG solana_runtime::message_processor::stable_log] Program 11111111111111111111111111111111 invoke [2]
[2025-11-05T06:35:29.775277000Z DEBUG solana_runtime::message_processor::stable_log] Program 11111111111111111111111111111111 success
[2025-11-05T06:35:29.775283000Z DEBUG solana_runtime::message_processor::stable_log] Program log: Initialize the associated token account
[2025-11-05T06:35:29.775303000Z DEBUG solana_runtime::message_processor::stable_log] Program TokenkegQfeZyiNwAJbNbGKPFXCWuBvf9Ss623VQ5DA invoke [2]
[2025-11-05T06:35:29.775325000Z DEBUG solana_runtime::message_processor::stable_log] Program log: Instruction: InitializeImmutableOwner
[2025-11-05T06:35:29.775337000Z DEBUG solana_runtime::message_processor::stable_log] Program log: Please upgrade to SPL Token 2022 for immutable owner support
[2025-11-05T06:35:29.775340000Z DEBUG solana_runtime::message_processor::stable_log] Program TokenkegQfeZyiNwAJbNbGKPFXCWuBvf9Ss623VQ5DA consumed 1405 of 184942 compute units
[2025-11-05T06:35:29.775348000Z DEBUG solana_runtime::message_processor::stable_log] Program TokenkegQfeZyiNwAJbNbGKPFXCWuBvf9Ss623VQ5DA success
[2025-11-05T06:35:29.775385000Z DEBUG solana_runtime::message_processor::stable_log] Program TokenkegQfeZyiNwAJbNbGKPFXCWuBvf9Ss623VQ5DA invoke [2]
[2025-11-05T06:35:29.775415000Z DEBUG solana_runtime::message_processor::stable_log] Program log: Instruction: InitializeAccount3
[2025-11-05T06:35:29.775473000Z DEBUG solana_runtime::message_processor::stable_log] Program TokenkegQfeZyiNwAJbNbGKPFXCWuBvf9Ss623VQ5DA consumed 4214 of 181058 compute units
[2025-11-05T06:35:29.775481000Z DEBUG solana_runtime::message_processor::stable_log] Program TokenkegQfeZyiNwAJbNbGKPFXCWuBvf9Ss623VQ5DA success
[2025-11-05T06:35:29.775495000Z DEBUG solana_runtime::message_processor::stable_log] Program ATokenGPvbdGVxr1b2hvZbsiqW5xWH25efTNsLJA8knL consumed 23460 of 200000 compute units
[2025-11-05T06:35:29.775505000Z DEBUG solana_runtime::message_processor::stable_log] Program ATokenGPvbdGVxr1b2hvZbsiqW5xWH25efTNsLJA8knL success
[2025-11-05T06:35:29.779934000Z DEBUG solana_runtime::message_processor::stable_log] Program TokenkegQfeZyiNwAJbNbGKPFXCWuBvf9Ss623VQ5DA invoke [1]
[2025-11-05T06:35:29.780025000Z DEBUG solana_runtime::message_processor::stable_log] Program log: Instruction: MintTo
[2025-11-05T06:35:29.780150000Z DEBUG solana_runtime::message_processor::stable_log] Program TokenkegQfeZyiNwAJbNbGKPFXCWuBvf9Ss623VQ5DA consumed 4491 of 200000 compute units
[2025-11-05T06:35:29.780173000Z DEBUG solana_runtime::message_processor::stable_log] Program TokenkegQfeZyiNwAJbNbGKPFXCWuBvf9Ss623VQ5DA success
[2025-11-05T06:35:29.794355000Z DEBUG solana_runtime::message_processor::stable_log] Program ASmKWt93JEMHxbdE6j7znD9y2FcdPboCzC3xtSTJvN7S invoke [1]
[2025-11-05T06:35:29.794488000Z DEBUG solana_runtime::message_processor::stable_log] Program log: Instruction: CreateConfig
[2025-11-05T06:35:29.794584000Z DEBUG solana_runtime::message_processor::stable_log] Program 11111111111111111111111111111111 invoke [2]
[2025-11-05T06:35:29.794600000Z DEBUG solana_runtime::message_processor::stable_log] Program 11111111111111111111111111111111 success
[2025-11-05T06:35:29.794711000Z DEBUG solana_runtime::message_processor::stable_log] Program ASmKWt93JEMHxbdE6j7znD9y2FcdPboCzC3xtSTJvN7S invoke [2]
[2025-11-05T06:35:29.794756000Z DEBUG solana_runtime::message_processor::stable_log] Program ASmKWt93JEMHxbdE6j7znD9y2FcdPboCzC3xtSTJvN7S consumed 2069 of 186098 compute units
[2025-11-05T06:35:29.794766000Z DEBUG solana_runtime::message_processor::stable_log] Program ASmKWt93JEMHxbdE6j7znD9y2FcdPboCzC3xtSTJvN7S success
[2025-11-05T06:35:29.794782000Z DEBUG solana_runtime::message_processor::stable_log] Program ASmKWt93JEMHxbdE6j7znD9y2FcdPboCzC3xtSTJvN7S consumed 16276 of 200000 compute units
[2025-11-05T06:35:29.794794000Z DEBUG solana_runtime::message_processor::stable_log] Program ASmKWt93JEMHxbdE6j7znD9y2FcdPboCzC3xtSTJvN7S success
[2025-11-05T06:35:29.823638000Z DEBUG solana_runtime::message_processor::stable_log] Program ASmKWt93JEMHxbdE6j7znD9y2FcdPboCzC3xtSTJvN7S invoke [1]
[2025-11-05T06:35:29.823773000Z DEBUG solana_runtime::message_processor::stable_log] Program log: Instruction: InitializePool
[2025-11-05T06:35:29.823930000Z DEBUG solana_runtime::message_processor::stable_log] Program 11111111111111111111111111111111 invoke [2]
[2025-11-05T06:35:29.823939000Z DEBUG solana_runtime::message_processor::stable_log] Program 11111111111111111111111111111111 success
[2025-11-05T06:35:29.823975000Z DEBUG solana_runtime::message_processor::stable_log] Program TokenzQdBNbLqP5VEhdkAS6EPFLC1PHnBqCXEpPxuEb invoke [2]
[2025-11-05T06:35:29.824005000Z DEBUG solana_runtime::message_processor::stable_log] Program log: MetadataPointerInstruction::Initialize
[2025-11-05T06:35:29.824043000Z DEBUG solana_runtime::message_processor::stable_log] Program TokenzQdBNbLqP5VEhdkAS6EPFLC1PHnBqCXEpPxuEb consumed 2442 of 334963 compute units
[2025-11-05T06:35:29.824055000Z DEBUG solana_runtime::message_processor::stable_log] Program TokenzQdBNbLqP5VEhdkAS6EPFLC1PHnBqCXEpPxuEb success
[2025-11-05T06:35:29.824088000Z DEBUG solana_runtime::message_processor::stable_log] Program TokenzQdBNbLqP5VEhdkAS6EPFLC1PHnBqCXEpPxuEb invoke [2]
[2025-11-05T06:35:29.824112000Z DEBUG solana_runtime::message_processor::stable_log] Program log: Instruction: InitializeMintCloseAuthority
[2025-11-05T06:35:29.824147000Z DEBUG solana_runtime::message_processor::stable_log] Program TokenzQdBNbLqP5VEhdkAS6EPFLC1PHnBqCXEpPxuEb consumed 2570 of 330543 compute units
[2025-11-05T06:35:29.824155000Z DEBUG solana_runtime::message_processor::stable_log] Program TokenzQdBNbLqP5VEhdkAS6EPFLC1PHnBqCXEpPxuEb success
[2025-11-05T06:35:29.824187000Z DEBUG solana_runtime::message_processor::stable_log] Program TokenzQdBNbLqP5VEhdkAS6EPFLC1PHnBqCXEpPxuEb invoke [2]
[2025-11-05T06:35:29.824212000Z DEBUG solana_runtime::message_processor::stable_log] Program log: Instruction: InitializeMint2
[2025-11-05T06:35:29.824276000Z DEBUG solana_runtime::message_processor::stable_log] Program TokenzQdBNbLqP5VEhdkAS6EPFLC1PHnBqCXEpPxuEb consumed 4078 of 326031 compute units
[2025-11-05T06:35:29.824284000Z DEBUG solana_runtime::message_processor::stable_log] Program TokenzQdBNbLqP5VEhdkAS6EPFLC1PHnBqCXEpPxuEb success
[2025-11-05T06:35:29.824416000Z DEBUG solana_runtime::message_processor::stable_log] Program 11111111111111111111111111111111 invoke [2]
[2025-11-05T06:35:29.824421000Z DEBUG solana_runtime::message_processor::stable_log] Program 11111111111111111111111111111111 success
[2025-11-05T06:35:29.824477000Z DEBUG solana_runtime::message_processor::stable_log] Program TokenzQdBNbLqP5VEhdkAS6EPFLC1PHnBqCXEpPxuEb invoke [2]
[2025-11-05T06:35:29.824517000Z DEBUG solana_runtime::message_processor::stable_log] Program log: Instruction: InitializeAccount3
[2025-11-05T06:35:29.824605000Z DEBUG solana_runtime::message_processor::stable_log] Program TokenzQdBNbLqP5VEhdkAS6EPFLC1PHnBqCXEpPxuEb consumed 5137 of 312347 compute units
[2025-11-05T06:35:29.824615000Z DEBUG solana_runtime::message_processor::stable_log] Program TokenzQdBNbLqP5VEhdkAS6EPFLC1PHnBqCXEpPxuEb success
[2025-11-05T06:35:29.824794000Z DEBUG solana_runtime::message_processor::stable_log] Program 11111111111111111111111111111111 invoke [2]
[2025-11-05T06:35:29.824804000Z DEBUG solana_runtime::message_processor::stable_log] Program 11111111111111111111111111111111 success
[2025-11-05T06:35:29.824912000Z DEBUG solana_runtime::message_processor::stable_log] Program 11111111111111111111111111111111 invoke [2]
[2025-11-05T06:35:29.824916000Z DEBUG solana_runtime::message_processor::stable_log] Program 11111111111111111111111111111111 success
[2025-11-05T06:35:29.825056000Z DEBUG solana_runtime::message_processor::stable_log] Program 11111111111111111111111111111111 invoke [2]
[2025-11-05T06:35:29.825061000Z DEBUG solana_runtime::message_processor::stable_log] Program 11111111111111111111111111111111 success
[2025-11-05T06:35:29.825091000Z DEBUG solana_runtime::message_processor::stable_log] Program TokenkegQfeZyiNwAJbNbGKPFXCWuBvf9Ss623VQ5DA invoke [2]
[2025-11-05T06:35:29.825125000Z DEBUG solana_runtime::message_processor::stable_log] Program log: Instruction: InitializeAccount3
[2025-11-05T06:35:29.825188000Z DEBUG solana_runtime::message_processor::stable_log] Program TokenkegQfeZyiNwAJbNbGKPFXCWuBvf9Ss623VQ5DA consumed 4214 of 284244 compute units
[2025-11-05T06:35:29.825198000Z DEBUG solana_runtime::message_processor::stable_log] Program TokenkegQfeZyiNwAJbNbGKPFXCWuBvf9Ss623VQ5DA success
[2025-11-05T06:35:29.825302000Z DEBUG solana_runtime::message_processor::stable_log] Program 11111111111111111111111111111111 invoke [2]
[2025-11-05T06:35:29.825305000Z DEBUG solana_runtime::message_processor::stable_log] Program 11111111111111111111111111111111 success
[2025-11-05T06:35:29.825334000Z DEBUG solana_runtime::message_processor::stable_log] Program TokenkegQfeZyiNwAJbNbGKPFXCWuBvf9Ss623VQ5DA invoke [2]
[2025-11-05T06:35:29.825363000Z DEBUG solana_runtime::message_processor::stable_log] Program log: Instruction: InitializeAccount3
[2025-11-05T06:35:29.825419000Z DEBUG solana_runtime::message_processor::stable_log] Program TokenkegQfeZyiNwAJbNbGKPFXCWuBvf9Ss623VQ5DA consumed 4214 of 271105 compute units
[2025-11-05T06:35:29.825428000Z DEBUG solana_runtime::message_processor::stable_log] Program TokenkegQfeZyiNwAJbNbGKPFXCWuBvf9Ss623VQ5DA success
[2025-11-05T06:35:29.825663000Z DEBUG solana_runtime::message_processor::stable_log] Program TokenzQdBNbLqP5VEhdkAS6EPFLC1PHnBqCXEpPxuEb invoke [2]
[2025-11-05T06:35:29.825720000Z DEBUG solana_runtime::message_processor::stable_log] Program log: TokenMetadataInstruction: Initialize
[2025-11-05T06:35:29.825857000Z DEBUG solana_runtime::message_processor::stable_log] Program TokenzQdBNbLqP5VEhdkAS6EPFLC1PHnBqCXEpPxuEb consumed 9900 of 254973 compute units
[2025-11-05T06:35:29.825866000Z DEBUG solana_runtime::message_processor::stable_log] Program TokenzQdBNbLqP5VEhdkAS6EPFLC1PHnBqCXEpPxuEb success
[2025-11-05T06:35:29.825912000Z DEBUG solana_runtime::message_processor::stable_log] Program 11111111111111111111111111111111 invoke [2]
[2025-11-05T06:35:29.825916000Z DEBUG solana_runtime::message_processor::stable_log] Program 11111111111111111111111111111111 success
[2025-11-05T06:35:29.825984000Z DEBUG solana_runtime::message_processor::stable_log] Program TokenzQdBNbLqP5VEhdkAS6EPFLC1PHnBqCXEpPxuEb invoke [2]
[2025-11-05T06:35:29.826078000Z DEBUG solana_runtime::message_processor::stable_log] Program log: Instruction: MintTo
[2025-11-05T06:35:29.826169000Z DEBUG solana_runtime::message_processor::stable_log] Program TokenzQdBNbLqP5VEhdkAS6EPFLC1PHnBqCXEpPxuEb consumed 5540 of 240011 compute units
[2025-11-05T06:35:29.826177000Z DEBUG solana_runtime::message_processor::stable_log] Program TokenzQdBNbLqP5VEhdkAS6EPFLC1PHnBqCXEpPxuEb success
[2025-11-05T06:35:29.826233000Z DEBUG solana_runtime::message_processor::stable_log] Program ASmKWt93JEMHxbdE6j7znD9y2FcdPboCzC3xtSTJvN7S invoke [2]
[2025-11-05T06:35:29.826275000Z DEBUG solana_runtime::message_processor::stable_log] Program ASmKWt93JEMHxbdE6j7znD9y2FcdPboCzC3xtSTJvN7S consumed 2069 of 231406 compute units
[2025-11-05T06:35:29.826283000Z DEBUG solana_runtime::message_processor::stable_log] Program ASmKWt93JEMHxbdE6j7znD9y2FcdPboCzC3xtSTJvN7S success
[2025-11-05T06:35:29.826331000Z DEBUG solana_runtime::message_processor::stable_log] Program TokenkegQfeZyiNwAJbNbGKPFXCWuBvf9Ss623VQ5DA invoke [2]
[2025-11-05T06:35:29.826371000Z DEBUG solana_runtime::message_processor::stable_log] Program log: Instruction: TransferChecked
[2025-11-05T06:35:29.826457000Z DEBUG solana_runtime::message_processor::stable_log] Program TokenkegQfeZyiNwAJbNbGKPFXCWuBvf9Ss623VQ5DA consumed 6174 of 226865 compute units
[2025-11-05T06:35:29.826466000Z DEBUG solana_runtime::message_processor::stable_log] Program TokenkegQfeZyiNwAJbNbGKPFXCWuBvf9Ss623VQ5DA success
[2025-11-05T06:35:29.826511000Z DEBUG solana_runtime::message_processor::stable_log] Program TokenkegQfeZyiNwAJbNbGKPFXCWuBvf9Ss623VQ5DA invoke [2]
[2025-11-05T06:35:29.826545000Z DEBUG solana_runtime::message_processor::stable_log] Program log: Instruction: TransferChecked
[2025-11-05T06:35:29.826622000Z DEBUG solana_runtime::message_processor::stable_log] Program TokenkegQfeZyiNwAJbNbGKPFXCWuBvf9Ss623VQ5DA consumed 6269 of 218281 compute units
[2025-11-05T06:35:29.826632000Z DEBUG solana_runtime::message_processor::stable_log] Program TokenkegQfeZyiNwAJbNbGKPFXCWuBvf9Ss623VQ5DA success
[2025-11-05T06:35:29.826718000Z DEBUG solana_runtime::message_processor::stable_log] Program ASmKWt93JEMHxbdE6j7znD9y2FcdPboCzC3xtSTJvN7S invoke [2]
[2025-11-05T06:35:29.826750000Z DEBUG solana_runtime::message_processor::stable_log] Program ASmKWt93JEMHxbdE6j7znD9y2FcdPboCzC3xtSTJvN7S consumed 2069 of 206931 compute units
[2025-11-05T06:35:29.826758000Z DEBUG solana_runtime::message_processor::stable_log] Program ASmKWt93JEMHxbdE6j7znD9y2FcdPboCzC3xtSTJvN7S success
[2025-11-05T06:35:29.826784000Z DEBUG solana_runtime::message_processor::stable_log] Program ASmKWt93JEMHxbdE6j7znD9y2FcdPboCzC3xtSTJvN7S consumed 145932 of 350000 compute units
[2025-11-05T06:35:29.826795000Z DEBUG solana_runtime::message_processor::stable_log] Program ASmKWt93JEMHxbdE6j7znD9y2FcdPboCzC3xtSTJvN7S success
[2025-11-05T06:35:29.826804000Z DEBUG solana_runtime::message_processor::stable_log] Program ComputeBudget111111111111111111111111111111 invoke [1]
[2025-11-05T06:35:29.826812000Z DEBUG solana_runtime::message_processor::stable_log] Program ComputeBudget111111111111111111111111111111 success
[2025-11-05T06:35:29.847444000Z DEBUG solana_runtime::message_processor::stable_log] Program ASmKWt93JEMHxbdE6j7znD9y2FcdPboCzC3xtSTJvN7S invoke [1]
[2025-11-05T06:35:29.847640000Z DEBUG solana_runtime::message_processor::stable_log] Program log: Instruction: CreatePosition
[2025-11-05T06:35:29.847725000Z DEBUG solana_runtime::message_processor::stable_log] Program 11111111111111111111111111111111 invoke [2]
[2025-11-05T06:35:29.847734000Z DEBUG solana_runtime::message_processor::stable_log] Program 11111111111111111111111111111111 success
[2025-11-05T06:35:29.847768000Z DEBUG solana_runtime::message_processor::stable_log] Program TokenzQdBNbLqP5VEhdkAS6EPFLC1PHnBqCXEpPxuEb invoke [2]
[2025-11-05T06:35:29.847804000Z DEBUG solana_runtime::message_processor::stable_log] Program log: MetadataPointerInstruction::Initialize
[2025-11-05T06:35:29.847838000Z DEBUG solana_runtime::message_processor::stable_log] Program TokenzQdBNbLqP5VEhdkAS6EPFLC1PHnBqCXEpPxuEb consumed 2442 of 191116 compute units
[2025-11-05T06:35:29.847847000Z DEBUG solana_runtime::message_processor::stable_log] Program TokenzQdBNbLqP5VEhdkAS6EPFLC1PHnBqCXEpPxuEb success
[2025-11-05T06:35:29.847876000Z DEBUG solana_runtime::message_processor::stable_log] Program TokenzQdBNbLqP5VEhdkAS6EPFLC1PHnBqCXEpPxuEb invoke [2]
[2025-11-05T06:35:29.847899000Z DEBUG solana_runtime::message_processor::stable_log] Program log: Instruction: InitializeMintCloseAuthority
[2025-11-05T06:35:29.847931000Z DEBUG solana_runtime::message_processor::stable_log] Program TokenzQdBNbLqP5VEhdkAS6EPFLC1PHnBqCXEpPxuEb consumed 2570 of 186696 compute units
[2025-11-05T06:35:29.847938000Z DEBUG solana_runtime::message_processor::stable_log] Program TokenzQdBNbLqP5VEhdkAS6EPFLC1PHnBqCXEpPxuEb success
[2025-11-05T06:35:29.847966000Z DEBUG solana_runtime::message_processor::stable_log] Program TokenzQdBNbLqP5VEhdkAS6EPFLC1PHnBqCXEpPxuEb invoke [2]
[2025-11-05T06:35:29.847991000Z DEBUG solana_runtime::message_processor::stable_log] Program log: Instruction: InitializeMint2
[2025-11-05T06:35:29.848049000Z DEBUG solana_runtime::message_processor::stable_log] Program TokenzQdBNbLqP5VEhdkAS6EPFLC1PHnBqCXEpPxuEb consumed 4078 of 182183 compute units
[2025-11-05T06:35:29.848057000Z DEBUG solana_runtime::message_processor::stable_log] Program TokenzQdBNbLqP5VEhdkAS6EPFLC1PHnBqCXEpPxuEb success
[2025-11-05T06:35:29.848208000Z DEBUG solana_runtime::message_processor::stable_log] Program 11111111111111111111111111111111 invoke [2]
[2025-11-05T06:35:29.848214000Z DEBUG solana_runtime::message_processor::stable_log] Program 11111111111111111111111111111111 success
[2025-11-05T06:35:29.848242000Z DEBUG solana_runtime::message_processor::stable_log] Program TokenzQdBNbLqP5VEhdkAS6EPFLC1PHnBqCXEpPxuEb invoke [2]
[2025-11-05T06:35:29.848270000Z DEBUG solana_runtime::message_processor::stable_log] Program log: Instruction: InitializeAccount3
[2025-11-05T06:35:29.848345000Z DEBUG solana_runtime::message_processor::stable_log] Program TokenzQdBNbLqP5VEhdkAS6EPFLC1PHnBqCXEpPxuEb consumed 5137 of 163999 compute units
[2025-11-05T06:35:29.848356000Z DEBUG solana_runtime::message_processor::stable_log] Program TokenzQdBNbLqP5VEhdkAS6EPFLC1PHnBqCXEpPxuEb success
[2025-11-05T06:35:29.848487000Z DEBUG solana_runtime::message_processor::stable_log] Program 11111111111111111111111111111111 invoke [2]
[2025-11-05T06:35:29.848492000Z DEBUG solana_runtime::message_processor::stable_log] Program 11111111111111111111111111111111 success
[2025-11-05T06:35:29.848589000Z DEBUG solana_runtime::message_processor::stable_log] Program TokenzQdBNbLqP5VEhdkAS6EPFLC1PHnBqCXEpPxuEb invoke [2]
[2025-11-05T06:35:29.848643000Z DEBUG solana_runtime::message_processor::stable_log] Program log: TokenMetadataInstruction: Initialize
[2025-11-05T06:35:29.848763000Z DEBUG solana_runtime::message_processor::stable_log] Program TokenzQdBNbLqP5VEhdkAS6EPFLC1PHnBqCXEpPxuEb consumed 9900 of 141269 compute units
[2025-11-05T06:35:29.848773000Z DEBUG solana_runtime::message_processor::stable_log] Program TokenzQdBNbLqP5VEhdkAS6EPFLC1PHnBqCXEpPxuEb success
[2025-11-05T06:35:29.848856000Z DEBUG solana_runtime::message_processor::stable_log] Program 11111111111111111111111111111111 invoke [2]
[2025-11-05T06:35:29.848866000Z DEBUG solana_runtime::message_processor::stable_log] Program 11111111111111111111111111111111 success
[2025-11-05T06:35:29.848923000Z DEBUG solana_runtime::message_processor::stable_log] Program TokenzQdBNbLqP5VEhdkAS6EPFLC1PHnBqCXEpPxuEb invoke [2]
[2025-11-05T06:35:29.848954000Z DEBUG solana_runtime::message_processor::stable_log] Program log: Instruction: MintTo
[2025-11-05T06:35:29.849024000Z DEBUG solana_runtime::message_processor::stable_log] Program TokenzQdBNbLqP5VEhdkAS6EPFLC1PHnBqCXEpPxuEb consumed 5540 of 126307 compute units
[2025-11-05T06:35:29.849036000Z DEBUG solana_runtime::message_processor::stable_log] Program TokenzQdBNbLqP5VEhdkAS6EPFLC1PHnBqCXEpPxuEb success
[2025-11-05T06:35:29.849086000Z DEBUG solana_runtime::message_processor::stable_log] Program ASmKWt93JEMHxbdE6j7znD9y2FcdPboCzC3xtSTJvN7S invoke [2]
[2025-11-05T06:35:29.849119000Z DEBUG solana_runtime::message_processor::stable_log] Program ASmKWt93JEMHxbdE6j7znD9y2FcdPboCzC3xtSTJvN7S consumed 2069 of 117701 compute units
[2025-11-05T06:35:29.849127000Z DEBUG solana_runtime::message_processor::stable_log] Program ASmKWt93JEMHxbdE6j7znD9y2FcdPboCzC3xtSTJvN7S success
[2025-11-05T06:35:29.849146000Z DEBUG solana_runtime::message_processor::stable_log] Program ASmKWt93JEMHxbdE6j7znD9y2FcdPboCzC3xtSTJvN7S consumed 84933 of 200000 compute units
[2025-11-05T06:35:29.849155000Z DEBUG solana_runtime::message_processor::stable_log] Program ASmKWt93JEMHxbdE6j7znD9y2FcdPboCzC3xtSTJvN7S success
[2025-11-05T06:35:29.881856000Z DEBUG solana_runtime::message_processor::stable_log] Program ASmKWt93JEMHxbdE6j7znD9y2FcdPboCzC3xtSTJvN7S invoke [1]
[2025-11-05T06:35:29.881952000Z DEBUG solana_runtime::message_processor::stable_log] Program log: Instruction: SplitPosition
[2025-11-05T06:35:29.882180000Z DEBUG solana_runtime::message_processor::stable_log] Program log: AnchorError thrown in programs/cp-amm/src/instructions/ix_split_position.rs:72. Error Code: InvalidSplitPositionParameters. Error Number: 6044. Error Message: Invalid parameters for split position.
[2025-11-05T06:35:29.882190000Z DEBUG solana_runtime::message_processor::stable_log] Program ASmKWt93JEMHxbdE6j7znD9y2FcdPboCzC3xtSTJvN7S consumed 10091 of 200000 compute units
[2025-11-05T06:35:29.882201000Z DEBUG solana_runtime::message_processor::stable_log] Program ASmKWt93JEMHxbdE6j7znD9y2FcdPboCzC3xtSTJvN7S failed: custom program error: 0x179c
    ✔ Invalid parameters (53ms)
[2025-11-05T06:35:29.887965000Z INFO  solana_program_test] "cp_amm" SBF program from ./target/deploy/cp_amm.so, modified 24 minutes, 37 seconds, 235 ms, 278 µs and 203 ns ago
[2025-11-05T06:35:29.888152000Z INFO  solana_program_test] "fee_router" SBF program from ./target/deploy/fee_router.so, modified 39 seconds, 972 ms, 411 µs and 331 ns ago
[2025-11-05T06:35:29.888291000Z INFO  solana_program_test] "transfer_hook_counter" SBF program from tests/fixtures/transfer_hook_counter.so, modified 3 weeks, 22 hours, 59 minutes, 4 seconds, 713 ms, 890 µs and 196 ns ago
[2025-11-05T06:35:29.888488000Z INFO  solana_program_test] "alpha_vault" SBF program from tests/fixtures/alpha_vault.so, modified 3 weeks, 22 hours, 59 minutes, 4 seconds, 714 ms, 775 µs and 72 ns ago
[2025-11-05T06:35:29.888758000Z INFO  solana_program_test] "streamflow" SBF program from tests/fixtures/streamflow.so, modified 3 weeks, 6 hours, 59 minutes, 14 seconds, 599 ms, 674 µs and 387 ns ago
[2025-11-05T06:35:29.889125000Z INFO  solana_program_test] "cp_amm" SBF program from ./target/deploy/cp_amm.so, modified 24 minutes, 37 seconds, 236 ms, 444 µs and 203 ns ago
[2025-11-05T06:35:29.889257000Z INFO  solana_program_test] "fee_router" SBF program from ./target/deploy/fee_router.so, modified 39 seconds, 973 ms, 517 µs and 331 ns ago
[2025-11-05T06:35:29.908157000Z INFO  solana_program_test] Overriding account at ASmKWt93JEMHxbdE6j7znD9y2FcdPboCzC3xtSTJvN7S
[2025-11-05T06:35:29.908172000Z INFO  solana_program_test] Overriding account at 5B57SJ3g2YoNXUpsZqqjEQkRSxyKtVTQRXdgAirz6bio
[2025-11-05T06:35:29.919047000Z DEBUG solana_runtime::message_processor::stable_log] Program 11111111111111111111111111111111 invoke [1]
[2025-11-05T06:35:29.919059000Z DEBUG solana_runtime::message_processor::stable_log] Program 11111111111111111111111111111111 success
[2025-11-05T06:35:29.922638000Z DEBUG solana_runtime::message_processor::stable_log] Program 11111111111111111111111111111111 invoke [1]
[2025-11-05T06:35:29.922646000Z DEBUG solana_runtime::message_processor::stable_log] Program 11111111111111111111111111111111 success
[2025-11-05T06:35:29.926290000Z DEBUG solana_runtime::message_processor::stable_log] Program 11111111111111111111111111111111 invoke [1]
[2025-11-05T06:35:29.926301000Z DEBUG solana_runtime::message_processor::stable_log] Program 11111111111111111111111111111111 success
[2025-11-05T06:35:29.934124000Z DEBUG solana_runtime::message_processor::stable_log] Program 11111111111111111111111111111111 invoke [1]
[2025-11-05T06:35:29.934148000Z DEBUG solana_runtime::message_processor::stable_log] Program 11111111111111111111111111111111 success
[2025-11-05T06:35:29.934156000Z DEBUG solana_runtime::message_processor::stable_log] Program TokenkegQfeZyiNwAJbNbGKPFXCWuBvf9Ss623VQ5DA invoke [1]
[2025-11-05T06:35:29.934202000Z DEBUG solana_runtime::message_processor::stable_log] Program log: Instruction: InitializeMint2
[2025-11-05T06:35:29.934235000Z DEBUG solana_runtime::message_processor::stable_log] Program TokenkegQfeZyiNwAJbNbGKPFXCWuBvf9Ss623VQ5DA consumed 2779 of 399850 compute units
[2025-11-05T06:35:29.934244000Z DEBUG solana_runtime::message_processor::stable_log] Program TokenkegQfeZyiNwAJbNbGKPFXCWuBvf9Ss623VQ5DA success
[2025-11-05T06:35:29.941204000Z DEBUG solana_runtime::message_processor::stable_log] Program 11111111111111111111111111111111 invoke [1]
[2025-11-05T06:35:29.941217000Z DEBUG solana_runtime::message_processor::stable_log] Program 11111111111111111111111111111111 success
[2025-11-05T06:35:29.941221000Z DEBUG solana_runtime::message_processor::stable_log] Program TokenkegQfeZyiNwAJbNbGKPFXCWuBvf9Ss623VQ5DA invoke [1]
[2025-11-05T06:35:29.941275000Z DEBUG solana_runtime::message_processor::stable_log] Program log: Instruction: InitializeMint2
[2025-11-05T06:35:29.941305000Z DEBUG solana_runtime::message_processor::stable_log] Program TokenkegQfeZyiNwAJbNbGKPFXCWuBvf9Ss623VQ5DA consumed 2779 of 399850 compute units
[2025-11-05T06:35:29.941315000Z DEBUG solana_runtime::message_processor::stable_log] Program TokenkegQfeZyiNwAJbNbGKPFXCWuBvf9Ss623VQ5DA success
[2025-11-05T06:35:29.946603000Z DEBUG solana_runtime::message_processor::stable_log] Program ATokenGPvbdGVxr1b2hvZbsiqW5xWH25efTNsLJA8knL invoke [1]
[2025-11-05T06:35:29.946690000Z DEBUG solana_runtime::message_processor::stable_log] Program log: Create
[2025-11-05T06:35:29.946848000Z DEBUG solana_runtime::message_processor::stable_log] Program TokenkegQfeZyiNwAJbNbGKPFXCWuBvf9Ss623VQ5DA invoke [2]
[2025-11-05T06:35:29.946875000Z DEBUG solana_runtime::message_processor::stable_log] Program log: Instruction: GetAccountDataSize
[2025-11-05T06:35:29.946892000Z DEBUG solana_runtime::message_processor::stable_log] Program TokenkegQfeZyiNwAJbNbGKPFXCWuBvf9Ss623VQ5DA consumed 1595 of 194555 compute units
[2025-11-05T06:35:29.946900000Z DEBUG solana_runtime::message_processor::stable_log] Program return: TokenkegQfeZyiNwAJbNbGKPFXCWuBvf9Ss623VQ5DA pQAAAAAAAAA=
[2025-11-05T06:35:29.946908000Z DEBUG solana_runtime::message_processor::stable_log] Program TokenkegQfeZyiNwAJbNbGKPFXCWuBvf9Ss623VQ5DA success
[2025-11-05T06:35:29.946961000Z DEBUG solana_runtime::message_processor::stable_log] Program 11111111111111111111111111111111 invoke [2]
[2025-11-05T06:35:29.946967000Z DEBUG solana_runtime::message_processor::stable_log] Program 11111111111111111111111111111111 success
[2025-11-05T06:35:29.946973000Z DEBUG solana_runtime::message_processor::stable_log] Program log: Initialize the associated token account
[2025-11-05T06:35:29.946990000Z DEBUG solana_runtime::message_processor::stable_log] Program TokenkegQfeZyiNwAJbNbGKPFXCWuBvf9Ss623VQ5DA invoke [2]
[2025-11-05T06:35:29.947010000Z DEBUG solana_runtime::message_processor::stable_log] Program log: Instruction: InitializeImmutableOwner
[2025-11-05T06:35:29.947020000Z DEBUG solana_runtime::message_processor::stable_log] Program log: Please upgrade to SPL Token 2022 for immutable owner support
[2025-11-05T06:35:29.947023000Z DEBUG solana_runtime::message_processor::stable_log] Program TokenkegQfeZyiNwAJbNbGKPFXCWuBvf9Ss623VQ5DA consumed 1405 of 187942 compute units
[2025-11-05T06:35:29.947031000Z DEBUG solana_runtime::message_processor::stable_log] Program TokenkegQfeZyiNwAJbNbGKPFXCWuBvf9Ss623VQ5DA success
[2025-11-05T06:35:29.947063000Z DEBUG solana_runtime::message_processor::stable_log] Program TokenkegQfeZyiNwAJbNbGKPFXCWuBvf9Ss623VQ5DA invoke [2]
[2025-11-05T06:35:29.947088000Z DEBUG solana_runtime::message_processor::stable_log] Program log: Instruction: InitializeAccount3
[2025-11-05T06:35:29.947143000Z DEBUG solana_runtime::message_processor::stable_log] Program TokenkegQfeZyiNwAJbNbGKPFXCWuBvf9Ss623VQ5DA consumed 4214 of 184058 compute units
[2025-11-05T06:35:29.947150000Z DEBUG solana_runtime::message_processor::stable_log] Program TokenkegQfeZyiNwAJbNbGKPFXCWuBvf9Ss623VQ5DA success
[2025-11-05T06:35:29.947163000Z DEBUG solana_runtime::message_processor::stable_log] Program ATokenGPvbdGVxr1b2hvZbsiqW5xWH25efTNsLJA8knL consumed 20460 of 200000 compute units
[2025-11-05T06:35:29.947172000Z DEBUG solana_runtime::message_processor::stable_log] Program ATokenGPvbdGVxr1b2hvZbsiqW5xWH25efTNsLJA8knL success
[2025-11-05T06:35:29.950382000Z DEBUG solana_runtime::message_processor::stable_log] Program TokenkegQfeZyiNwAJbNbGKPFXCWuBvf9Ss623VQ5DA invoke [1]
[2025-11-05T06:35:29.950438000Z DEBUG solana_runtime::message_processor::stable_log] Program log: Instruction: MintTo
[2025-11-05T06:35:29.950499000Z DEBUG solana_runtime::message_processor::stable_log] Program TokenkegQfeZyiNwAJbNbGKPFXCWuBvf9Ss623VQ5DA consumed 4491 of 200000 compute units
[2025-11-05T06:35:29.950512000Z DEBUG solana_runtime::message_processor::stable_log] Program TokenkegQfeZyiNwAJbNbGKPFXCWuBvf9Ss623VQ5DA success
[2025-11-05T06:35:29.955554000Z DEBUG solana_runtime::message_processor::stable_log] Program ATokenGPvbdGVxr1b2hvZbsiqW5xWH25efTNsLJA8knL invoke [1]
[2025-11-05T06:35:29.955652000Z DEBUG solana_runtime::message_processor::stable_log] Program log: Create
[2025-11-05T06:35:29.955706000Z DEBUG solana_runtime::message_processor::stable_log] Program TokenkegQfeZyiNwAJbNbGKPFXCWuBvf9Ss623VQ5DA invoke [2]
[2025-11-05T06:35:29.955742000Z DEBUG solana_runtime::message_processor::stable_log] Program log: Instruction: GetAccountDataSize
[2025-11-05T06:35:29.955760000Z DEBUG solana_runtime::message_processor::stable_log] Program TokenkegQfeZyiNwAJbNbGKPFXCWuBvf9Ss623VQ5DA consumed 1595 of 194555 compute units
[2025-11-05T06:35:29.955771000Z DEBUG solana_runtime::message_processor::stable_log] Program return: TokenkegQfeZyiNwAJbNbGKPFXCWuBvf9Ss623VQ5DA pQAAAAAAAAA=
[2025-11-05T06:35:29.955781000Z DEBUG solana_runtime::message_processor::stable_log] Program TokenkegQfeZyiNwAJbNbGKPFXCWuBvf9Ss623VQ5DA success
[2025-11-05T06:35:29.955835000Z DEBUG solana_runtime::message_processor::stable_log] Program 11111111111111111111111111111111 invoke [2]
[2025-11-05T06:35:29.955848000Z DEBUG solana_runtime::message_processor::stable_log] Program 11111111111111111111111111111111 success
[2025-11-05T06:35:29.955853000Z DEBUG solana_runtime::message_processor::stable_log] Program log: Initialize the associated token account
[2025-11-05T06:35:29.955872000Z DEBUG solana_runtime::message_processor::stable_log] Program TokenkegQfeZyiNwAJbNbGKPFXCWuBvf9Ss623VQ5DA invoke [2]
[2025-11-05T06:35:29.955894000Z DEBUG solana_runtime::message_processor::stable_log] Program log: Instruction: InitializeImmutableOwner
[2025-11-05T06:35:29.955905000Z DEBUG solana_runtime::message_processor::stable_log] Program log: Please upgrade to SPL Token 2022 for immutable owner support
[2025-11-05T06:35:29.955908000Z DEBUG solana_runtime::message_processor::stable_log] Program TokenkegQfeZyiNwAJbNbGKPFXCWuBvf9Ss623VQ5DA consumed 1405 of 187942 compute units
[2025-11-05T06:35:29.955915000Z DEBUG solana_runtime::message_processor::stable_log] Program TokenkegQfeZyiNwAJbNbGKPFXCWuBvf9Ss623VQ5DA success
[2025-11-05T06:35:29.955949000Z DEBUG solana_runtime::message_processor::stable_log] Program TokenkegQfeZyiNwAJbNbGKPFXCWuBvf9Ss623VQ5DA invoke [2]
[2025-11-05T06:35:29.955978000Z DEBUG solana_runtime::message_processor::stable_log] Program log: Instruction: InitializeAccount3
[2025-11-05T06:35:29.956046000Z DEBUG solana_runtime::message_processor::stable_log] Program TokenkegQfeZyiNwAJbNbGKPFXCWuBvf9Ss623VQ5DA consumed 4214 of 184058 compute units
[2025-11-05T06:35:29.956057000Z DEBUG solana_runtime::message_processor::stable_log] Program TokenkegQfeZyiNwAJbNbGKPFXCWuBvf9Ss623VQ5DA success
[2025-11-05T06:35:29.956070000Z DEBUG solana_runtime::message_processor::stable_log] Program ATokenGPvbdGVxr1b2hvZbsiqW5xWH25efTNsLJA8knL consumed 20460 of 200000 compute units
[2025-11-05T06:35:29.956079000Z DEBUG solana_runtime::message_processor::stable_log] Program ATokenGPvbdGVxr1b2hvZbsiqW5xWH25efTNsLJA8knL success
[2025-11-05T06:35:29.959435000Z DEBUG solana_runtime::message_processor::stable_log] Program TokenkegQfeZyiNwAJbNbGKPFXCWuBvf9Ss623VQ5DA invoke [1]
[2025-11-05T06:35:29.959489000Z DEBUG solana_runtime::message_processor::stable_log] Program log: Instruction: MintTo
[2025-11-05T06:35:29.959546000Z DEBUG solana_runtime::message_processor::stable_log] Program TokenkegQfeZyiNwAJbNbGKPFXCWuBvf9Ss623VQ5DA consumed 4491 of 200000 compute units
[2025-11-05T06:35:29.959555000Z DEBUG solana_runtime::message_processor::stable_log] Program TokenkegQfeZyiNwAJbNbGKPFXCWuBvf9Ss623VQ5DA success
[2025-11-05T06:35:29.964230000Z DEBUG solana_runtime::message_processor::stable_log] Program ATokenGPvbdGVxr1b2hvZbsiqW5xWH25efTNsLJA8knL invoke [1]
[2025-11-05T06:35:29.964321000Z DEBUG solana_runtime::message_processor::stable_log] Program log: Create
[2025-11-05T06:35:29.964391000Z DEBUG solana_runtime::message_processor::stable_log] Program TokenkegQfeZyiNwAJbNbGKPFXCWuBvf9Ss623VQ5DA invoke [2]
[2025-11-05T06:35:29.964429000Z DEBUG solana_runtime::message_processor::stable_log] Program log: Instruction: GetAccountDataSize
[2025-11-05T06:35:29.964448000Z DEBUG solana_runtime::message_processor::stable_log] Program TokenkegQfeZyiNwAJbNbGKPFXCWuBvf9Ss623VQ5DA consumed 1595 of 194555 compute units
[2025-11-05T06:35:29.964455000Z DEBUG solana_runtime::message_processor::stable_log] Program return: TokenkegQfeZyiNwAJbNbGKPFXCWuBvf9Ss623VQ5DA pQAAAAAAAAA=
[2025-11-05T06:35:29.964464000Z DEBUG solana_runtime::message_processor::stable_log] Program TokenkegQfeZyiNwAJbNbGKPFXCWuBvf9Ss623VQ5DA success
[2025-11-05T06:35:29.964521000Z DEBUG solana_runtime::message_processor::stable_log] Program 11111111111111111111111111111111 invoke [2]
[2025-11-05T06:35:29.964548000Z DEBUG solana_runtime::message_processor::stable_log] Program 11111111111111111111111111111111 success
[2025-11-05T06:35:29.964554000Z DEBUG solana_runtime::message_processor::stable_log] Program log: Initialize the associated token account
[2025-11-05T06:35:29.964572000Z DEBUG solana_runtime::message_processor::stable_log] Program TokenkegQfeZyiNwAJbNbGKPFXCWuBvf9Ss623VQ5DA invoke [2]
[2025-11-05T06:35:29.964593000Z DEBUG solana_runtime::message_processor::stable_log] Program log: Instruction: InitializeImmutableOwner
[2025-11-05T06:35:29.964603000Z DEBUG solana_runtime::message_processor::stable_log] Program log: Please upgrade to SPL Token 2022 for immutable owner support
[2025-11-05T06:35:29.964607000Z DEBUG solana_runtime::message_processor::stable_log] Program TokenkegQfeZyiNwAJbNbGKPFXCWuBvf9Ss623VQ5DA consumed 1405 of 187942 compute units
[2025-11-05T06:35:29.964614000Z DEBUG solana_runtime::message_processor::stable_log] Program TokenkegQfeZyiNwAJbNbGKPFXCWuBvf9Ss623VQ5DA success
[2025-11-05T06:35:29.964646000Z DEBUG solana_runtime::message_processor::stable_log] Program TokenkegQfeZyiNwAJbNbGKPFXCWuBvf9Ss623VQ5DA invoke [2]
[2025-11-05T06:35:29.964673000Z DEBUG solana_runtime::message_processor::stable_log] Program log: Instruction: InitializeAccount3
[2025-11-05T06:35:29.964727000Z DEBUG solana_runtime::message_processor::stable_log] Program TokenkegQfeZyiNwAJbNbGKPFXCWuBvf9Ss623VQ5DA consumed 4214 of 184058 compute units
[2025-11-05T06:35:29.964735000Z DEBUG solana_runtime::message_processor::stable_log] Program TokenkegQfeZyiNwAJbNbGKPFXCWuBvf9Ss623VQ5DA success
[2025-11-05T06:35:29.964747000Z DEBUG solana_runtime::message_processor::stable_log] Program ATokenGPvbdGVxr1b2hvZbsiqW5xWH25efTNsLJA8knL consumed 20460 of 200000 compute units
[2025-11-05T06:35:29.964756000Z DEBUG solana_runtime::message_processor::stable_log] Program ATokenGPvbdGVxr1b2hvZbsiqW5xWH25efTNsLJA8knL success
[2025-11-05T06:35:29.968509000Z DEBUG solana_runtime::message_processor::stable_log] Program TokenkegQfeZyiNwAJbNbGKPFXCWuBvf9Ss623VQ5DA invoke [1]
[2025-11-05T06:35:29.968573000Z DEBUG solana_runtime::message_processor::stable_log] Program log: Instruction: MintTo
[2025-11-05T06:35:29.968631000Z DEBUG solana_runtime::message_processor::stable_log] Program TokenkegQfeZyiNwAJbNbGKPFXCWuBvf9Ss623VQ5DA consumed 4491 of 200000 compute units
[2025-11-05T06:35:29.968643000Z DEBUG solana_runtime::message_processor::stable_log] Program TokenkegQfeZyiNwAJbNbGKPFXCWuBvf9Ss623VQ5DA success
[2025-11-05T06:35:29.973700000Z DEBUG solana_runtime::message_processor::stable_log] Program ATokenGPvbdGVxr1b2hvZbsiqW5xWH25efTNsLJA8knL invoke [1]
[2025-11-05T06:35:29.973766000Z DEBUG solana_runtime::message_processor::stable_log] Program log: Create
[2025-11-05T06:35:29.973821000Z DEBUG solana_runtime::message_processor::stable_log] Program TokenkegQfeZyiNwAJbNbGKPFXCWuBvf9Ss623VQ5DA invoke [2]
[2025-11-05T06:35:29.973852000Z DEBUG solana_runtime::message_processor::stable_log] Program log: Instruction: GetAccountDataSize
[2025-11-05T06:35:29.973869000Z DEBUG solana_runtime::message_processor::stable_log] Program TokenkegQfeZyiNwAJbNbGKPFXCWuBvf9Ss623VQ5DA consumed 1595 of 193055 compute units
[2025-11-05T06:35:29.973876000Z DEBUG solana_runtime::message_processor::stable_log] Program return: TokenkegQfeZyiNwAJbNbGKPFXCWuBvf9Ss623VQ5DA pQAAAAAAAAA=
[2025-11-05T06:35:29.973884000Z DEBUG solana_runtime::message_processor::stable_log] Program TokenkegQfeZyiNwAJbNbGKPFXCWuBvf9Ss623VQ5DA success
[2025-11-05T06:35:29.973937000Z DEBUG solana_runtime::message_processor::stable_log] Program 11111111111111111111111111111111 invoke [2]
[2025-11-05T06:35:29.973944000Z DEBUG solana_runtime::message_processor::stable_log] Program 11111111111111111111111111111111 success
[2025-11-05T06:35:29.973949000Z DEBUG solana_runtime::message_processor::stable_log] Program log: Initialize the associated token account
[2025-11-05T06:35:29.973966000Z DEBUG solana_runtime::message_processor::stable_log] Program TokenkegQfeZyiNwAJbNbGKPFXCWuBvf9Ss623VQ5DA invoke [2]
[2025-11-05T06:35:29.973985000Z DEBUG solana_runtime::message_processor::stable_log] Program log: Instruction: InitializeImmutableOwner
[2025-11-05T06:35:29.973996000Z DEBUG solana_runtime::message_processor::stable_log] Program log: Please upgrade to SPL Token 2022 for immutable owner support
[2025-11-05T06:35:29.973999000Z DEBUG solana_runtime::message_processor::stable_log] Program TokenkegQfeZyiNwAJbNbGKPFXCWuBvf9Ss623VQ5DA consumed 1405 of 186442 compute units
[2025-11-05T06:35:29.974006000Z DEBUG solana_runtime::message_processor::stable_log] Program TokenkegQfeZyiNwAJbNbGKPFXCWuBvf9Ss623VQ5DA success
[2025-11-05T06:35:29.974043000Z DEBUG solana_runtime::message_processor::stable_log] Program TokenkegQfeZyiNwAJbNbGKPFXCWuBvf9Ss623VQ5DA invoke [2]
[2025-11-05T06:35:29.974067000Z DEBUG solana_runtime::message_processor::stable_log] Program log: Instruction: InitializeAccount3
[2025-11-05T06:35:29.974120000Z DEBUG solana_runtime::message_processor::stable_log] Program TokenkegQfeZyiNwAJbNbGKPFXCWuBvf9Ss623VQ5DA consumed 4214 of 182558 compute units
[2025-11-05T06:35:29.974128000Z DEBUG solana_runtime::message_processor::stable_log] Program TokenkegQfeZyiNwAJbNbGKPFXCWuBvf9Ss623VQ5DA success
[2025-11-05T06:35:29.974140000Z DEBUG solana_runtime::message_processor::stable_log] Program ATokenGPvbdGVxr1b2hvZbsiqW5xWH25efTNsLJA8knL consumed 21960 of 200000 compute units
[2025-11-05T06:35:29.974149000Z DEBUG solana_runtime::message_processor::stable_log] Program ATokenGPvbdGVxr1b2hvZbsiqW5xWH25efTNsLJA8knL success
[2025-11-05T06:35:29.977409000Z DEBUG solana_runtime::message_processor::stable_log] Program TokenkegQfeZyiNwAJbNbGKPFXCWuBvf9Ss623VQ5DA invoke [1]
[2025-11-05T06:35:29.977456000Z DEBUG solana_runtime::message_processor::stable_log] Program log: Instruction: MintTo
[2025-11-05T06:35:29.977516000Z DEBUG solana_runtime::message_processor::stable_log] Program TokenkegQfeZyiNwAJbNbGKPFXCWuBvf9Ss623VQ5DA consumed 4491 of 200000 compute units
[2025-11-05T06:35:29.977525000Z DEBUG solana_runtime::message_processor::stable_log] Program TokenkegQfeZyiNwAJbNbGKPFXCWuBvf9Ss623VQ5DA success
[2025-11-05T06:35:29.992198000Z DEBUG solana_runtime::message_processor::stable_log] Program ASmKWt93JEMHxbdE6j7znD9y2FcdPboCzC3xtSTJvN7S invoke [1]
[2025-11-05T06:35:29.992258000Z DEBUG solana_runtime::message_processor::stable_log] Program log: Instruction: CreateConfig
[2025-11-05T06:35:29.992345000Z DEBUG solana_runtime::message_processor::stable_log] Program 11111111111111111111111111111111 invoke [2]
[2025-11-05T06:35:29.992354000Z DEBUG solana_runtime::message_processor::stable_log] Program 11111111111111111111111111111111 success
[2025-11-05T06:35:29.992450000Z DEBUG solana_runtime::message_processor::stable_log] Program ASmKWt93JEMHxbdE6j7znD9y2FcdPboCzC3xtSTJvN7S invoke [2]
[2025-11-05T06:35:29.992484000Z DEBUG solana_runtime::message_processor::stable_log] Program ASmKWt93JEMHxbdE6j7znD9y2FcdPboCzC3xtSTJvN7S consumed 2069 of 186098 compute units
[2025-11-05T06:35:29.992494000Z DEBUG solana_runtime::message_processor::stable_log] Program ASmKWt93JEMHxbdE6j7znD9y2FcdPboCzC3xtSTJvN7S success
[2025-11-05T06:35:29.992508000Z DEBUG solana_runtime::message_processor::stable_log] Program ASmKWt93JEMHxbdE6j7znD9y2FcdPboCzC3xtSTJvN7S consumed 16276 of 200000 compute units
[2025-11-05T06:35:29.992517000Z DEBUG solana_runtime::message_processor::stable_log] Program ASmKWt93JEMHxbdE6j7znD9y2FcdPboCzC3xtSTJvN7S success
[2025-11-05T06:35:30.017847000Z DEBUG solana_runtime::message_processor::stable_log] Program ASmKWt93JEMHxbdE6j7znD9y2FcdPboCzC3xtSTJvN7S invoke [1]
[2025-11-05T06:35:30.017964000Z DEBUG solana_runtime::message_processor::stable_log] Program log: Instruction: InitializePool
[2025-11-05T06:35:30.018100000Z DEBUG solana_runtime::message_processor::stable_log] Program 11111111111111111111111111111111 invoke [2]
[2025-11-05T06:35:30.018109000Z DEBUG solana_runtime::message_processor::stable_log] Program 11111111111111111111111111111111 success
[2025-11-05T06:35:30.018140000Z DEBUG solana_runtime::message_processor::stable_log] Program TokenzQdBNbLqP5VEhdkAS6EPFLC1PHnBqCXEpPxuEb invoke [2]
[2025-11-05T06:35:30.018234000Z DEBUG solana_runtime::message_processor::stable_log] Program log: MetadataPointerInstruction::Initialize
[2025-11-05T06:35:30.018268000Z DEBUG solana_runtime::message_processor::stable_log] Program TokenzQdBNbLqP5VEhdkAS6EPFLC1PHnBqCXEpPxuEb consumed 2442 of 334963 compute units
[2025-11-05T06:35:30.018278000Z DEBUG solana_runtime::message_processor::stable_log] Program TokenzQdBNbLqP5VEhdkAS6EPFLC1PHnBqCXEpPxuEb success
[2025-11-05T06:35:30.018311000Z DEBUG solana_runtime::message_processor::stable_log] Program TokenzQdBNbLqP5VEhdkAS6EPFLC1PHnBqCXEpPxuEb invoke [2]
[2025-11-05T06:35:30.018334000Z DEBUG solana_runtime::message_processor::stable_log] Program log: Instruction: InitializeMintCloseAuthority
[2025-11-05T06:35:30.018368000Z DEBUG solana_runtime::message_processor::stable_log] Program TokenzQdBNbLqP5VEhdkAS6EPFLC1PHnBqCXEpPxuEb consumed 2570 of 330543 compute units
[2025-11-05T06:35:30.018376000Z DEBUG solana_runtime::message_processor::stable_log] Program TokenzQdBNbLqP5VEhdkAS6EPFLC1PHnBqCXEpPxuEb success
[2025-11-05T06:35:30.018405000Z DEBUG solana_runtime::message_processor::stable_log] Program TokenzQdBNbLqP5VEhdkAS6EPFLC1PHnBqCXEpPxuEb invoke [2]
[2025-11-05T06:35:30.018429000Z DEBUG solana_runtime::message_processor::stable_log] Program log: Instruction: InitializeMint2
[2025-11-05T06:35:30.018504000Z DEBUG solana_runtime::message_processor::stable_log] Program TokenzQdBNbLqP5VEhdkAS6EPFLC1PHnBqCXEpPxuEb consumed 4078 of 326031 compute units
[2025-11-05T06:35:30.018516000Z DEBUG solana_runtime::message_processor::stable_log] Program TokenzQdBNbLqP5VEhdkAS6EPFLC1PHnBqCXEpPxuEb success
[2025-11-05T06:35:30.018671000Z DEBUG solana_runtime::message_processor::stable_log] Program 11111111111111111111111111111111 invoke [2]
[2025-11-05T06:35:30.018684000Z DEBUG solana_runtime::message_processor::stable_log] Program 11111111111111111111111111111111 success
[2025-11-05T06:35:30.018718000Z DEBUG solana_runtime::message_processor::stable_log] Program TokenzQdBNbLqP5VEhdkAS6EPFLC1PHnBqCXEpPxuEb invoke [2]
[2025-11-05T06:35:30.018751000Z DEBUG solana_runtime::message_processor::stable_log] Program log: Instruction: InitializeAccount3
[2025-11-05T06:35:30.018823000Z DEBUG solana_runtime::message_processor::stable_log] Program TokenzQdBNbLqP5VEhdkAS6EPFLC1PHnBqCXEpPxuEb consumed 5137 of 312347 compute units
[2025-11-05T06:35:30.018831000Z DEBUG solana_runtime::message_processor::stable_log] Program TokenzQdBNbLqP5VEhdkAS6EPFLC1PHnBqCXEpPxuEb success
[2025-11-05T06:35:30.018930000Z DEBUG solana_runtime::message_processor::stable_log] Program 11111111111111111111111111111111 invoke [2]
[2025-11-05T06:35:30.018935000Z DEBUG solana_runtime::message_processor::stable_log] Program 11111111111111111111111111111111 success
[2025-11-05T06:35:30.019006000Z DEBUG solana_runtime::message_processor::stable_log] Program 11111111111111111111111111111111 invoke [2]
[2025-11-05T06:35:30.019009000Z DEBUG solana_runtime::message_processor::stable_log] Program 11111111111111111111111111111111 success
[2025-11-05T06:35:30.019080000Z DEBUG solana_runtime::message_processor::stable_log] Program 11111111111111111111111111111111 invoke [2]
[2025-11-05T06:35:30.019083000Z DEBUG solana_runtime::message_processor::stable_log] Program 11111111111111111111111111111111 success
[2025-11-05T06:35:30.019110000Z DEBUG solana_runtime::message_processor::stable_log] Program TokenkegQfeZyiNwAJbNbGKPFXCWuBvf9Ss623VQ5DA invoke [2]
[2025-11-05T06:35:30.019139000Z DEBUG solana_runtime::message_processor::stable_log] Program log: Instruction: InitializeAccount3
[2025-11-05T06:35:30.019195000Z DEBUG solana_runtime::message_processor::stable_log] Program TokenkegQfeZyiNwAJbNbGKPFXCWuBvf9Ss623VQ5DA consumed 4214 of 284248 compute units
[2025-11-05T06:35:30.019203000Z DEBUG solana_runtime::message_processor::stable_log] Program TokenkegQfeZyiNwAJbNbGKPFXCWuBvf9Ss623VQ5DA success
[2025-11-05T06:35:30.019293000Z DEBUG solana_runtime::message_processor::stable_log] Program 11111111111111111111111111111111 invoke [2]
[2025-11-05T06:35:30.019298000Z DEBUG solana_runtime::message_processor::stable_log] Program 11111111111111111111111111111111 success
[2025-11-05T06:35:30.019323000Z DEBUG solana_runtime::message_processor::stable_log] Program TokenkegQfeZyiNwAJbNbGKPFXCWuBvf9Ss623VQ5DA invoke [2]
[2025-11-05T06:35:30.019347000Z DEBUG solana_runtime::message_processor::stable_log] Program log: Instruction: InitializeAccount3
[2025-11-05T06:35:30.019397000Z DEBUG solana_runtime::message_processor::stable_log] Program TokenkegQfeZyiNwAJbNbGKPFXCWuBvf9Ss623VQ5DA consumed 4214 of 271109 compute units
[2025-11-05T06:35:30.019405000Z DEBUG solana_runtime::message_processor::stable_log] Program TokenkegQfeZyiNwAJbNbGKPFXCWuBvf9Ss623VQ5DA success
[2025-11-05T06:35:30.019628000Z DEBUG solana_runtime::message_processor::stable_log] Program TokenzQdBNbLqP5VEhdkAS6EPFLC1PHnBqCXEpPxuEb invoke [2]
[2025-11-05T06:35:30.019680000Z DEBUG solana_runtime::message_processor::stable_log] Program log: TokenMetadataInstruction: Initialize
[2025-11-05T06:35:30.019803000Z DEBUG solana_runtime::message_processor::stable_log] Program TokenzQdBNbLqP5VEhdkAS6EPFLC1PHnBqCXEpPxuEb consumed 9900 of 254977 compute units
[2025-11-05T06:35:30.019814000Z DEBUG solana_runtime::message_processor::stable_log] Program TokenzQdBNbLqP5VEhdkAS6EPFLC1PHnBqCXEpPxuEb success
[2025-11-05T06:35:30.019858000Z DEBUG solana_runtime::message_processor::stable_log] Program 11111111111111111111111111111111 invoke [2]
[2025-11-05T06:35:30.019862000Z DEBUG solana_runtime::message_processor::stable_log] Program 11111111111111111111111111111111 success
[2025-11-05T06:35:30.019902000Z DEBUG solana_runtime::message_processor::stable_log] Program TokenzQdBNbLqP5VEhdkAS6EPFLC1PHnBqCXEpPxuEb invoke [2]
[2025-11-05T06:35:30.019934000Z DEBUG solana_runtime::message_processor::stable_log] Program log: Instruction: MintTo
[2025-11-05T06:35:30.020014000Z DEBUG solana_runtime::message_processor::stable_log] Program TokenzQdBNbLqP5VEhdkAS6EPFLC1PHnBqCXEpPxuEb consumed 5540 of 240015 compute units
[2025-11-05T06:35:30.020022000Z DEBUG solana_runtime::message_processor::stable_log] Program TokenzQdBNbLqP5VEhdkAS6EPFLC1PHnBqCXEpPxuEb success
[2025-11-05T06:35:30.020074000Z DEBUG solana_runtime::message_processor::stable_log] Program ASmKWt93JEMHxbdE6j7znD9y2FcdPboCzC3xtSTJvN7S invoke [2]
[2025-11-05T06:35:30.020110000Z DEBUG solana_runtime::message_processor::stable_log] Program ASmKWt93JEMHxbdE6j7znD9y2FcdPboCzC3xtSTJvN7S consumed 2069 of 231410 compute units
[2025-11-05T06:35:30.020119000Z DEBUG solana_runtime::message_processor::stable_log] Program ASmKWt93JEMHxbdE6j7znD9y2FcdPboCzC3xtSTJvN7S success
[2025-11-05T06:35:30.020222000Z DEBUG solana_runtime::message_processor::stable_log] Program TokenkegQfeZyiNwAJbNbGKPFXCWuBvf9Ss623VQ5DA invoke [2]
[2025-11-05T06:35:30.020272000Z DEBUG solana_runtime::message_processor::stable_log] Program log: Instruction: TransferChecked
[2025-11-05T06:35:30.020348000Z DEBUG solana_runtime::message_processor::stable_log] Program TokenkegQfeZyiNwAJbNbGKPFXCWuBvf9Ss623VQ5DA consumed 6174 of 226869 compute units
[2025-11-05T06:35:30.020359000Z DEBUG solana_runtime::message_processor::stable_log] Program TokenkegQfeZyiNwAJbNbGKPFXCWuBvf9Ss623VQ5DA success
[2025-11-05T06:35:30.020402000Z DEBUG solana_runtime::message_processor::stable_log] Program TokenkegQfeZyiNwAJbNbGKPFXCWuBvf9Ss623VQ5DA invoke [2]
[2025-11-05T06:35:30.020433000Z DEBUG solana_runtime::message_processor::stable_log] Program log: Instruction: TransferChecked
[2025-11-05T06:35:30.020506000Z DEBUG solana_runtime::message_processor::stable_log] Program TokenkegQfeZyiNwAJbNbGKPFXCWuBvf9Ss623VQ5DA consumed 6269 of 218285 compute units
[2025-11-05T06:35:30.020516000Z DEBUG solana_runtime::message_processor::stable_log] Program TokenkegQfeZyiNwAJbNbGKPFXCWuBvf9Ss623VQ5DA success
[2025-11-05T06:35:30.020602000Z DEBUG solana_runtime::message_processor::stable_log] Program ASmKWt93JEMHxbdE6j7znD9y2FcdPboCzC3xtSTJvN7S invoke [2]
[2025-11-05T06:35:30.020638000Z DEBUG solana_runtime::message_processor::stable_log] Program ASmKWt93JEMHxbdE6j7znD9y2FcdPboCzC3xtSTJvN7S consumed 2069 of 206935 compute units
[2025-11-05T06:35:30.020646000Z DEBUG solana_runtime::message_processor::stable_log] Program ASmKWt93JEMHxbdE6j7znD9y2FcdPboCzC3xtSTJvN7S success
[2025-11-05T06:35:30.020671000Z DEBUG solana_runtime::message_processor::stable_log] Program ASmKWt93JEMHxbdE6j7znD9y2FcdPboCzC3xtSTJvN7S consumed 145928 of 350000 compute units
[2025-11-05T06:35:30.020682000Z DEBUG solana_runtime::message_processor::stable_log] Program ASmKWt93JEMHxbdE6j7znD9y2FcdPboCzC3xtSTJvN7S success
[2025-11-05T06:35:30.020690000Z DEBUG solana_runtime::message_processor::stable_log] Program ComputeBudget111111111111111111111111111111 invoke [1]
[2025-11-05T06:35:30.020697000Z DEBUG solana_runtime::message_processor::stable_log] Program ComputeBudget111111111111111111111111111111 success
[2025-11-05T06:35:30.047979000Z DEBUG solana_runtime::message_processor::stable_log] Program ASmKWt93JEMHxbdE6j7znD9y2FcdPboCzC3xtSTJvN7S invoke [1]
[2025-11-05T06:35:30.048108000Z DEBUG solana_runtime::message_processor::stable_log] Program log: Instruction: Swap
[2025-11-05T06:35:30.048400000Z DEBUG solana_runtime::message_processor::stable_log] Program TokenkegQfeZyiNwAJbNbGKPFXCWuBvf9Ss623VQ5DA invoke [2]
[2025-11-05T06:35:30.048446000Z DEBUG solana_runtime::message_processor::stable_log] Program log: Instruction: TransferChecked
[2025-11-05T06:35:30.048527000Z DEBUG solana_runtime::message_processor::stable_log] Program TokenkegQfeZyiNwAJbNbGKPFXCWuBvf9Ss623VQ5DA consumed 6174 of 179211 compute units
[2025-11-05T06:35:30.048538000Z DEBUG solana_runtime::message_processor::stable_log] Program TokenkegQfeZyiNwAJbNbGKPFXCWuBvf9Ss623VQ5DA success
[2025-11-05T06:35:30.048590000Z DEBUG solana_runtime::message_processor::stable_log] Program TokenkegQfeZyiNwAJbNbGKPFXCWuBvf9Ss623VQ5DA invoke [2]
[2025-11-05T06:35:30.048622000Z DEBUG solana_runtime::message_processor::stable_log] Program log: Instruction: TransferChecked
[2025-11-05T06:35:30.048693000Z DEBUG solana_runtime::message_processor::stable_log] Program TokenkegQfeZyiNwAJbNbGKPFXCWuBvf9Ss623VQ5DA consumed 6269 of 170573 compute units
[2025-11-05T06:35:30.048702000Z DEBUG solana_runtime::message_processor::stable_log] Program TokenkegQfeZyiNwAJbNbGKPFXCWuBvf9Ss623VQ5DA success
[2025-11-05T06:35:30.048832000Z DEBUG solana_runtime::message_processor::stable_log] Program ASmKWt93JEMHxbdE6j7znD9y2FcdPboCzC3xtSTJvN7S invoke [2]
[2025-11-05T06:35:30.048868000Z DEBUG solana_runtime::message_processor::stable_log] Program ASmKWt93JEMHxbdE6j7znD9y2FcdPboCzC3xtSTJvN7S consumed 2069 of 158571 compute units
[2025-11-05T06:35:30.048876000Z DEBUG solana_runtime::message_processor::stable_log] Program ASmKWt93JEMHxbdE6j7znD9y2FcdPboCzC3xtSTJvN7S success
[2025-11-05T06:35:30.048929000Z DEBUG solana_runtime::message_processor::stable_log] Program ASmKWt93JEMHxbdE6j7znD9y2FcdPboCzC3xtSTJvN7S invoke [2]
[2025-11-05T06:35:30.048961000Z DEBUG solana_runtime::message_processor::stable_log] Program ASmKWt93JEMHxbdE6j7znD9y2FcdPboCzC3xtSTJvN7S consumed 2069 of 152873 compute units
[2025-11-05T06:35:30.048968000Z DEBUG solana_runtime::message_processor::stable_log] Program ASmKWt93JEMHxbdE6j7znD9y2FcdPboCzC3xtSTJvN7S success
[2025-11-05T06:35:30.048986000Z DEBUG solana_runtime::message_processor::stable_log] Program ASmKWt93JEMHxbdE6j7znD9y2FcdPboCzC3xtSTJvN7S consumed 49730 of 200000 compute units
[2025-11-05T06:35:30.048998000Z DEBUG solana_runtime::message_processor::stable_log] Program ASmKWt93JEMHxbdE6j7znD9y2FcdPboCzC3xtSTJvN7S success
[2025-11-05T06:35:30.073643000Z DEBUG solana_runtime::message_processor::stable_log] Program ASmKWt93JEMHxbdE6j7znD9y2FcdPboCzC3xtSTJvN7S invoke [1]
[2025-11-05T06:35:30.073753000Z DEBUG solana_runtime::message_processor::stable_log] Program log: Instruction: Swap
[2025-11-05T06:35:30.074165000Z DEBUG solana_runtime::message_processor::stable_log] Program TokenkegQfeZyiNwAJbNbGKPFXCWuBvf9Ss623VQ5DA invoke [2]
[2025-11-05T06:35:30.074218000Z DEBUG solana_runtime::message_processor::stable_log] Program log: Instruction: TransferChecked
[2025-11-05T06:35:30.074346000Z DEBUG solana_runtime::message_processor::stable_log] Program TokenkegQfeZyiNwAJbNbGKPFXCWuBvf9Ss623VQ5DA consumed 6174 of 177363 compute units
[2025-11-05T06:35:30.074358000Z DEBUG solana_runtime::message_processor::stable_log] Program TokenkegQfeZyiNwAJbNbGKPFXCWuBvf9Ss623VQ5DA success
[2025-11-05T06:35:30.074410000Z DEBUG solana_runtime::message_processor::stable_log] Program TokenkegQfeZyiNwAJbNbGKPFXCWuBvf9Ss623VQ5DA invoke [2]
[2025-11-05T06:35:30.074442000Z DEBUG solana_runtime::message_processor::stable_log] Program log: Instruction: TransferChecked
[2025-11-05T06:35:30.074519000Z DEBUG solana_runtime::message_processor::stable_log] Program TokenkegQfeZyiNwAJbNbGKPFXCWuBvf9Ss623VQ5DA consumed 6174 of 168725 compute units
[2025-11-05T06:35:30.074528000Z DEBUG solana_runtime::message_processor::stable_log] Program TokenkegQfeZyiNwAJbNbGKPFXCWuBvf9Ss623VQ5DA success
[2025-11-05T06:35:30.074630000Z DEBUG solana_runtime::message_processor::stable_log] Program ASmKWt93JEMHxbdE6j7znD9y2FcdPboCzC3xtSTJvN7S invoke [2]
[2025-11-05T06:35:30.074665000Z DEBUG solana_runtime::message_processor::stable_log] Program ASmKWt93JEMHxbdE6j7znD9y2FcdPboCzC3xtSTJvN7S consumed 2069 of 156500 compute units
[2025-11-05T06:35:30.074673000Z DEBUG solana_runtime::message_processor::stable_log] Program ASmKWt93JEMHxbdE6j7znD9y2FcdPboCzC3xtSTJvN7S success
[2025-11-05T06:35:30.074728000Z DEBUG solana_runtime::message_processor::stable_log] Program ASmKWt93JEMHxbdE6j7znD9y2FcdPboCzC3xtSTJvN7S invoke [2]
[2025-11-05T06:35:30.074763000Z DEBUG solana_runtime::message_processor::stable_log] Program ASmKWt93JEMHxbdE6j7znD9y2FcdPboCzC3xtSTJvN7S consumed 2069 of 150802 compute units
[2025-11-05T06:35:30.074771000Z DEBUG solana_runtime::message_processor::stable_log] Program ASmKWt93JEMHxbdE6j7znD9y2FcdPboCzC3xtSTJvN7S success
[2025-11-05T06:35:30.074789000Z DEBUG solana_runtime::message_processor::stable_log] Program ASmKWt93JEMHxbdE6j7znD9y2FcdPboCzC3xtSTJvN7S consumed 51801 of 200000 compute units
[2025-11-05T06:35:30.074798000Z DEBUG solana_runtime::message_processor::stable_log] Program ASmKWt93JEMHxbdE6j7znD9y2FcdPboCzC3xtSTJvN7S success
[2025-11-05T06:35:30.094774000Z DEBUG solana_runtime::message_processor::stable_log] Program ASmKWt93JEMHxbdE6j7znD9y2FcdPboCzC3xtSTJvN7S invoke [1]
[2025-11-05T06:35:30.094873000Z DEBUG solana_runtime::message_processor::stable_log] Program log: Instruction: CreatePosition
[2025-11-05T06:35:30.094944000Z DEBUG solana_runtime::message_processor::stable_log] Program 11111111111111111111111111111111 invoke [2]
[2025-11-05T06:35:30.094953000Z DEBUG solana_runtime::message_processor::stable_log] Program 11111111111111111111111111111111 success
[2025-11-05T06:35:30.094985000Z DEBUG solana_runtime::message_processor::stable_log] Program TokenzQdBNbLqP5VEhdkAS6EPFLC1PHnBqCXEpPxuEb invoke [2]
[2025-11-05T06:35:30.095027000Z DEBUG solana_runtime::message_processor::stable_log] Program log: MetadataPointerInstruction::Initialize
[2025-11-05T06:35:30.095068000Z DEBUG solana_runtime::message_processor::stable_log] Program TokenzQdBNbLqP5VEhdkAS6EPFLC1PHnBqCXEpPxuEb consumed 2442 of 191116 compute units
[2025-11-05T06:35:30.095076000Z DEBUG solana_runtime::message_processor::stable_log] Program TokenzQdBNbLqP5VEhdkAS6EPFLC1PHnBqCXEpPxuEb success
[2025-11-05T06:35:30.095105000Z DEBUG solana_runtime::message_processor::stable_log] Program TokenzQdBNbLqP5VEhdkAS6EPFLC1PHnBqCXEpPxuEb invoke [2]
[2025-11-05T06:35:30.095129000Z DEBUG solana_runtime::message_processor::stable_log] Program log: Instruction: InitializeMintCloseAuthority
[2025-11-05T06:35:30.095163000Z DEBUG solana_runtime::message_processor::stable_log] Program TokenzQdBNbLqP5VEhdkAS6EPFLC1PHnBqCXEpPxuEb consumed 2570 of 186696 compute units
[2025-11-05T06:35:30.095170000Z DEBUG solana_runtime::message_processor::stable_log] Program TokenzQdBNbLqP5VEhdkAS6EPFLC1PHnBqCXEpPxuEb success
[2025-11-05T06:35:30.095198000Z DEBUG solana_runtime::message_processor::stable_log] Program TokenzQdBNbLqP5VEhdkAS6EPFLC1PHnBqCXEpPxuEb invoke [2]
[2025-11-05T06:35:30.095221000Z DEBUG solana_runtime::message_processor::stable_log] Program log: Instruction: InitializeMint2
[2025-11-05T06:35:30.095300000Z DEBUG solana_runtime::message_processor::stable_log] Program TokenzQdBNbLqP5VEhdkAS6EPFLC1PHnBqCXEpPxuEb consumed 4078 of 182183 compute units
[2025-11-05T06:35:30.095310000Z DEBUG solana_runtime::message_processor::stable_log] Program TokenzQdBNbLqP5VEhdkAS6EPFLC1PHnBqCXEpPxuEb success
[2025-11-05T06:35:30.095503000Z DEBUG solana_runtime::message_processor::stable_log] Program 11111111111111111111111111111111 invoke [2]
[2025-11-05T06:35:30.095511000Z DEBUG solana_runtime::message_processor::stable_log] Program 11111111111111111111111111111111 success
[2025-11-05T06:35:30.095540000Z DEBUG solana_runtime::message_processor::stable_log] Program TokenzQdBNbLqP5VEhdkAS6EPFLC1PHnBqCXEpPxuEb invoke [2]
[2025-11-05T06:35:30.095574000Z DEBUG solana_runtime::message_processor::stable_log] Program log: Instruction: InitializeAccount3
[2025-11-05T06:35:30.095649000Z DEBUG solana_runtime::message_processor::stable_log] Program TokenzQdBNbLqP5VEhdkAS6EPFLC1PHnBqCXEpPxuEb consumed 5137 of 163999 compute units
[2025-11-05T06:35:30.095658000Z DEBUG solana_runtime::message_processor::stable_log] Program TokenzQdBNbLqP5VEhdkAS6EPFLC1PHnBqCXEpPxuEb success
[2025-11-05T06:35:30.095781000Z DEBUG solana_runtime::message_processor::stable_log] Program 11111111111111111111111111111111 invoke [2]
[2025-11-05T06:35:30.095785000Z DEBUG solana_runtime::message_processor::stable_log] Program 11111111111111111111111111111111 success
[2025-11-05T06:35:30.095880000Z DEBUG solana_runtime::message_processor::stable_log] Program TokenzQdBNbLqP5VEhdkAS6EPFLC1PHnBqCXEpPxuEb invoke [2]
[2025-11-05T06:35:30.095938000Z DEBUG solana_runtime::message_processor::stable_log] Program log: TokenMetadataInstruction: Initialize
[2025-11-05T06:35:30.096058000Z DEBUG solana_runtime::message_processor::stable_log] Program TokenzQdBNbLqP5VEhdkAS6EPFLC1PHnBqCXEpPxuEb consumed 9900 of 142769 compute units
[2025-11-05T06:35:30.096066000Z DEBUG solana_runtime::message_processor::stable_log] Program TokenzQdBNbLqP5VEhdkAS6EPFLC1PHnBqCXEpPxuEb success
[2025-11-05T06:35:30.096104000Z DEBUG solana_runtime::message_processor::stable_log] Program 11111111111111111111111111111111 invoke [2]
[2025-11-05T06:35:30.096108000Z DEBUG solana_runtime::message_processor::stable_log] Program 11111111111111111111111111111111 success
[2025-11-05T06:35:30.096146000Z DEBUG solana_runtime::message_processor::stable_log] Program TokenzQdBNbLqP5VEhdkAS6EPFLC1PHnBqCXEpPxuEb invoke [2]
[2025-11-05T06:35:30.096178000Z DEBUG solana_runtime::message_processor::stable_log] Program log: Instruction: MintTo
[2025-11-05T06:35:30.096253000Z DEBUG solana_runtime::message_processor::stable_log] Program TokenzQdBNbLqP5VEhdkAS6EPFLC1PHnBqCXEpPxuEb consumed 5540 of 127807 compute units
[2025-11-05T06:35:30.096261000Z DEBUG solana_runtime::message_processor::stable_log] Program TokenzQdBNbLqP5VEhdkAS6EPFLC1PHnBqCXEpPxuEb success
[2025-11-05T06:35:30.096309000Z DEBUG solana_runtime::message_processor::stable_log] Program ASmKWt93JEMHxbdE6j7znD9y2FcdPboCzC3xtSTJvN7S invoke [2]
[2025-11-05T06:35:30.096342000Z DEBUG solana_runtime::message_processor::stable_log] Program ASmKWt93JEMHxbdE6j7znD9y2FcdPboCzC3xtSTJvN7S consumed 2069 of 119201 compute units
[2025-11-05T06:35:30.096350000Z DEBUG solana_runtime::message_processor::stable_log] Program ASmKWt93JEMHxbdE6j7znD9y2FcdPboCzC3xtSTJvN7S success
[2025-11-05T06:35:30.096369000Z DEBUG solana_runtime::message_processor::stable_log] Program ASmKWt93JEMHxbdE6j7znD9y2FcdPboCzC3xtSTJvN7S consumed 83433 of 200000 compute units
[2025-11-05T06:35:30.096379000Z DEBUG solana_runtime::message_processor::stable_log] Program ASmKWt93JEMHxbdE6j7znD9y2FcdPboCzC3xtSTJvN7S success
[2025-11-05T06:35:30.143950000Z DEBUG solana_runtime::message_processor::stable_log] Program ASmKWt93JEMHxbdE6j7znD9y2FcdPboCzC3xtSTJvN7S invoke [1]
[2025-11-05T06:35:30.144051000Z DEBUG solana_runtime::message_processor::stable_log] Program log: Instruction: SplitPosition
[2025-11-05T06:35:30.144304000Z DEBUG solana_runtime::message_processor::stable_log] Program ASmKWt93JEMHxbdE6j7znD9y2FcdPboCzC3xtSTJvN7S invoke [2]
[2025-11-05T06:35:30.144346000Z DEBUG solana_runtime::message_processor::stable_log] Program ASmKWt93JEMHxbdE6j7znD9y2FcdPboCzC3xtSTJvN7S consumed 2069 of 182320 compute units
[2025-11-05T06:35:30.144356000Z DEBUG solana_runtime::message_processor::stable_log] Program ASmKWt93JEMHxbdE6j7znD9y2FcdPboCzC3xtSTJvN7S success
[2025-11-05T06:35:30.144380000Z DEBUG solana_runtime::message_processor::stable_log] Program ASmKWt93JEMHxbdE6j7znD9y2FcdPboCzC3xtSTJvN7S consumed 20394 of 200000 compute units
[2025-11-05T06:35:30.144390000Z DEBUG solana_runtime::message_processor::stable_log] Program ASmKWt93JEMHxbdE6j7znD9y2FcdPboCzC3xtSTJvN7S success
    ✔ Split position into two position (132ms)
[2025-11-05T06:35:30.159880000Z INFO  solana_program_test] "cp_amm" SBF program from ./target/deploy/cp_amm.so, modified 24 minutes, 37 seconds, 507 ms, 196 µs and 203 ns ago
[2025-11-05T06:35:30.160055000Z INFO  solana_program_test] "fee_router" SBF program from ./target/deploy/fee_router.so, modified 40 seconds, 244 ms, 314 µs and 331 ns ago
[2025-11-05T06:35:30.160178000Z INFO  solana_program_test] "transfer_hook_counter" SBF program from tests/fixtures/transfer_hook_counter.so, modified 3 weeks, 22 hours, 59 minutes, 4 seconds, 985 ms, 777 µs and 196 ns ago
[2025-11-05T06:35:30.160390000Z INFO  solana_program_test] "alpha_vault" SBF program from tests/fixtures/alpha_vault.so, modified 3 weeks, 22 hours, 59 minutes, 4 seconds, 986 ms, 676 µs and 72 ns ago
[2025-11-05T06:35:30.160656000Z INFO  solana_program_test] "streamflow" SBF program from tests/fixtures/streamflow.so, modified 3 weeks, 6 hours, 59 minutes, 14 seconds, 871 ms, 571 µs and 387 ns ago
[2025-11-05T06:35:30.161038000Z INFO  solana_program_test] "cp_amm" SBF program from ./target/deploy/cp_amm.so, modified 24 minutes, 37 seconds, 508 ms, 356 µs and 203 ns ago
[2025-11-05T06:35:30.161174000Z INFO  solana_program_test] "fee_router" SBF program from ./target/deploy/fee_router.so, modified 40 seconds, 245 ms, 434 µs and 331 ns ago
[2025-11-05T06:35:30.187705000Z INFO  solana_program_test] Overriding account at ASmKWt93JEMHxbdE6j7znD9y2FcdPboCzC3xtSTJvN7S
[2025-11-05T06:35:30.187718000Z INFO  solana_program_test] Overriding account at 5B57SJ3g2YoNXUpsZqqjEQkRSxyKtVTQRXdgAirz6bio
[2025-11-05T06:35:30.202477000Z DEBUG solana_runtime::message_processor::stable_log] Program 11111111111111111111111111111111 invoke [1]
[2025-11-05T06:35:30.202494000Z DEBUG solana_runtime::message_processor::stable_log] Program 11111111111111111111111111111111 success
[2025-11-05T06:35:30.207820000Z DEBUG solana_runtime::message_processor::stable_log] Program 11111111111111111111111111111111 invoke [1]
[2025-11-05T06:35:30.207832000Z DEBUG solana_runtime::message_processor::stable_log] Program 11111111111111111111111111111111 success
[2025-11-05T06:35:30.214005000Z DEBUG solana_runtime::message_processor::stable_log] Program 11111111111111111111111111111111 invoke [1]
[2025-11-05T06:35:30.214020000Z DEBUG solana_runtime::message_processor::stable_log] Program 11111111111111111111111111111111 success
[2025-11-05T06:35:30.230049000Z DEBUG solana_runtime::message_processor::stable_log] Program 11111111111111111111111111111111 invoke [1]
[2025-11-05T06:35:30.230065000Z DEBUG solana_runtime::message_processor::stable_log] Program 11111111111111111111111111111111 success
[2025-11-05T06:35:30.230070000Z DEBUG solana_runtime::message_processor::stable_log] Program TokenkegQfeZyiNwAJbNbGKPFXCWuBvf9Ss623VQ5DA invoke [1]
[2025-11-05T06:35:30.230115000Z DEBUG solana_runtime::message_processor::stable_log] Program log: Instruction: InitializeMint2
[2025-11-05T06:35:30.230150000Z DEBUG solana_runtime::message_processor::stable_log] Program TokenkegQfeZyiNwAJbNbGKPFXCWuBvf9Ss623VQ5DA consumed 2779 of 399850 compute units
[2025-11-05T06:35:30.230160000Z DEBUG solana_runtime::message_processor::stable_log] Program TokenkegQfeZyiNwAJbNbGKPFXCWuBvf9Ss623VQ5DA success
[2025-11-05T06:35:30.239581000Z DEBUG solana_runtime::message_processor::stable_log] Program 11111111111111111111111111111111 invoke [1]
[2025-11-05T06:35:30.239597000Z DEBUG solana_runtime::message_processor::stable_log] Program 11111111111111111111111111111111 success
[2025-11-05T06:35:30.239601000Z DEBUG solana_runtime::message_processor::stable_log] Program TokenkegQfeZyiNwAJbNbGKPFXCWuBvf9Ss623VQ5DA invoke [1]
[2025-11-05T06:35:30.239650000Z DEBUG solana_runtime::message_processor::stable_log] Program log: Instruction: InitializeMint2
[2025-11-05T06:35:30.239685000Z DEBUG solana_runtime::message_processor::stable_log] Program TokenkegQfeZyiNwAJbNbGKPFXCWuBvf9Ss623VQ5DA consumed 2779 of 399850 compute units
[2025-11-05T06:35:30.239694000Z DEBUG solana_runtime::message_processor::stable_log] Program TokenkegQfeZyiNwAJbNbGKPFXCWuBvf9Ss623VQ5DA success
[2025-11-05T06:35:30.247666000Z DEBUG solana_runtime::message_processor::stable_log] Program ATokenGPvbdGVxr1b2hvZbsiqW5xWH25efTNsLJA8knL invoke [1]
[2025-11-05T06:35:30.247752000Z DEBUG solana_runtime::message_processor::stable_log] Program log: Create
[2025-11-05T06:35:30.247817000Z DEBUG solana_runtime::message_processor::stable_log] Program TokenkegQfeZyiNwAJbNbGKPFXCWuBvf9Ss623VQ5DA invoke [2]
[2025-11-05T06:35:30.247854000Z DEBUG solana_runtime::message_processor::stable_log] Program log: Instruction: GetAccountDataSize
[2025-11-05T06:35:30.247872000Z DEBUG solana_runtime::message_processor::stable_log] Program TokenkegQfeZyiNwAJbNbGKPFXCWuBvf9Ss623VQ5DA consumed 1595 of 191555 compute units
[2025-11-05T06:35:30.247879000Z DEBUG solana_runtime::message_processor::stable_log] Program return: TokenkegQfeZyiNwAJbNbGKPFXCWuBvf9Ss623VQ5DA pQAAAAAAAAA=
[2025-11-05T06:35:30.247887000Z DEBUG solana_runtime::message_processor::stable_log] Program TokenkegQfeZyiNwAJbNbGKPFXCWuBvf9Ss623VQ5DA success
[2025-11-05T06:35:30.247941000Z DEBUG solana_runtime::message_processor::stable_log] Program 11111111111111111111111111111111 invoke [2]
[2025-11-05T06:35:30.247950000Z DEBUG solana_runtime::message_processor::stable_log] Program 11111111111111111111111111111111 success
[2025-11-05T06:35:30.247956000Z DEBUG solana_runtime::message_processor::stable_log] Program log: Initialize the associated token account
[2025-11-05T06:35:30.247973000Z DEBUG solana_runtime::message_processor::stable_log] Program TokenkegQfeZyiNwAJbNbGKPFXCWuBvf9Ss623VQ5DA invoke [2]
[2025-11-05T06:35:30.248034000Z DEBUG solana_runtime::message_processor::stable_log] Program log: Instruction: InitializeImmutableOwner
[2025-11-05T06:35:30.248049000Z DEBUG solana_runtime::message_processor::stable_log] Program log: Please upgrade to SPL Token 2022 for immutable owner support
[2025-11-05T06:35:30.248052000Z DEBUG solana_runtime::message_processor::stable_log] Program TokenkegQfeZyiNwAJbNbGKPFXCWuBvf9Ss623VQ5DA consumed 1405 of 184942 compute units
[2025-11-05T06:35:30.248063000Z DEBUG solana_runtime::message_processor::stable_log] Program TokenkegQfeZyiNwAJbNbGKPFXCWuBvf9Ss623VQ5DA success
[2025-11-05T06:35:30.248097000Z DEBUG solana_runtime::message_processor::stable_log] Program TokenkegQfeZyiNwAJbNbGKPFXCWuBvf9Ss623VQ5DA invoke [2]
[2025-11-05T06:35:30.248124000Z DEBUG solana_runtime::message_processor::stable_log] Program log: Instruction: InitializeAccount3
[2025-11-05T06:35:30.248177000Z DEBUG solana_runtime::message_processor::stable_log] Program TokenkegQfeZyiNwAJbNbGKPFXCWuBvf9Ss623VQ5DA consumed 4214 of 181058 compute units
[2025-11-05T06:35:30.248185000Z DEBUG solana_runtime::message_processor::stable_log] Program TokenkegQfeZyiNwAJbNbGKPFXCWuBvf9Ss623VQ5DA success
[2025-11-05T06:35:30.248198000Z DEBUG solana_runtime::message_processor::stable_log] Program ATokenGPvbdGVxr1b2hvZbsiqW5xWH25efTNsLJA8knL consumed 23460 of 200000 compute units
[2025-11-05T06:35:30.248206000Z DEBUG solana_runtime::message_processor::stable_log] Program ATokenGPvbdGVxr1b2hvZbsiqW5xWH25efTNsLJA8knL success
[2025-11-05T06:35:30.252663000Z DEBUG solana_runtime::message_processor::stable_log] Program TokenkegQfeZyiNwAJbNbGKPFXCWuBvf9Ss623VQ5DA invoke [1]
[2025-11-05T06:35:30.252741000Z DEBUG solana_runtime::message_processor::stable_log] Program log: Instruction: MintTo
[2025-11-05T06:35:30.252807000Z DEBUG solana_runtime::message_processor::stable_log] Program TokenkegQfeZyiNwAJbNbGKPFXCWuBvf9Ss623VQ5DA consumed 4491 of 200000 compute units
[2025-11-05T06:35:30.252817000Z DEBUG solana_runtime::message_processor::stable_log] Program TokenkegQfeZyiNwAJbNbGKPFXCWuBvf9Ss623VQ5DA success
[2025-11-05T06:35:30.259345000Z DEBUG solana_runtime::message_processor::stable_log] Program ATokenGPvbdGVxr1b2hvZbsiqW5xWH25efTNsLJA8knL invoke [1]
[2025-11-05T06:35:30.259422000Z DEBUG solana_runtime::message_processor::stable_log] Program log: Create
[2025-11-05T06:35:30.259475000Z DEBUG solana_runtime::message_processor::stable_log] Program TokenkegQfeZyiNwAJbNbGKPFXCWuBvf9Ss623VQ5DA invoke [2]
[2025-11-05T06:35:30.259513000Z DEBUG solana_runtime::message_processor::stable_log] Program log: Instruction: GetAccountDataSize
[2025-11-05T06:35:30.259533000Z DEBUG solana_runtime::message_processor::stable_log] Program TokenkegQfeZyiNwAJbNbGKPFXCWuBvf9Ss623VQ5DA consumed 1595 of 194555 compute units
[2025-11-05T06:35:30.259540000Z DEBUG solana_runtime::message_processor::stable_log] Program return: TokenkegQfeZyiNwAJbNbGKPFXCWuBvf9Ss623VQ5DA pQAAAAAAAAA=
[2025-11-05T06:35:30.259549000Z DEBUG solana_runtime::message_processor::stable_log] Program TokenkegQfeZyiNwAJbNbGKPFXCWuBvf9Ss623VQ5DA success
[2025-11-05T06:35:30.259644000Z DEBUG solana_runtime::message_processor::stable_log] Program 11111111111111111111111111111111 invoke [2]
[2025-11-05T06:35:30.259654000Z DEBUG solana_runtime::message_processor::stable_log] Program 11111111111111111111111111111111 success
[2025-11-05T06:35:30.259660000Z DEBUG solana_runtime::message_processor::stable_log] Program log: Initialize the associated token account
[2025-11-05T06:35:30.259677000Z DEBUG solana_runtime::message_processor::stable_log] Program TokenkegQfeZyiNwAJbNbGKPFXCWuBvf9Ss623VQ5DA invoke [2]
[2025-11-05T06:35:30.259699000Z DEBUG solana_runtime::message_processor::stable_log] Program log: Instruction: InitializeImmutableOwner
[2025-11-05T06:35:30.259710000Z DEBUG solana_runtime::message_processor::stable_log] Program log: Please upgrade to SPL Token 2022 for immutable owner support
[2025-11-05T06:35:30.259714000Z DEBUG solana_runtime::message_processor::stable_log] Program TokenkegQfeZyiNwAJbNbGKPFXCWuBvf9Ss623VQ5DA consumed 1405 of 187942 compute units
[2025-11-05T06:35:30.259721000Z DEBUG solana_runtime::message_processor::stable_log] Program TokenkegQfeZyiNwAJbNbGKPFXCWuBvf9Ss623VQ5DA success
[2025-11-05T06:35:30.259753000Z DEBUG solana_runtime::message_processor::stable_log] Program TokenkegQfeZyiNwAJbNbGKPFXCWuBvf9Ss623VQ5DA invoke [2]
[2025-11-05T06:35:30.259781000Z DEBUG solana_runtime::message_processor::stable_log] Program log: Instruction: InitializeAccount3
[2025-11-05T06:35:30.259838000Z DEBUG solana_runtime::message_processor::stable_log] Program TokenkegQfeZyiNwAJbNbGKPFXCWuBvf9Ss623VQ5DA consumed 4214 of 184058 compute units
[2025-11-05T06:35:30.259847000Z DEBUG solana_runtime::message_processor::stable_log] Program TokenkegQfeZyiNwAJbNbGKPFXCWuBvf9Ss623VQ5DA success
[2025-11-05T06:35:30.259860000Z DEBUG solana_runtime::message_processor::stable_log] Program ATokenGPvbdGVxr1b2hvZbsiqW5xWH25efTNsLJA8knL consumed 20460 of 200000 compute units
[2025-11-05T06:35:30.259868000Z DEBUG solana_runtime::message_processor::stable_log] Program ATokenGPvbdGVxr1b2hvZbsiqW5xWH25efTNsLJA8knL success
[2025-11-05T06:35:30.264484000Z DEBUG solana_runtime::message_processor::stable_log] Program TokenkegQfeZyiNwAJbNbGKPFXCWuBvf9Ss623VQ5DA invoke [1]
[2025-11-05T06:35:30.264543000Z DEBUG solana_runtime::message_processor::stable_log] Program log: Instruction: MintTo
[2025-11-05T06:35:30.264605000Z DEBUG solana_runtime::message_processor::stable_log] Program TokenkegQfeZyiNwAJbNbGKPFXCWuBvf9Ss623VQ5DA consumed 4491 of 200000 compute units
[2025-11-05T06:35:30.264615000Z DEBUG solana_runtime::message_processor::stable_log] Program TokenkegQfeZyiNwAJbNbGKPFXCWuBvf9Ss623VQ5DA success
[2025-11-05T06:35:30.273086000Z DEBUG solana_runtime::message_processor::stable_log] Program ATokenGPvbdGVxr1b2hvZbsiqW5xWH25efTNsLJA8knL invoke [1]
[2025-11-05T06:35:30.273161000Z DEBUG solana_runtime::message_processor::stable_log] Program log: Create
[2025-11-05T06:35:30.273219000Z DEBUG solana_runtime::message_processor::stable_log] Program TokenkegQfeZyiNwAJbNbGKPFXCWuBvf9Ss623VQ5DA invoke [2]
[2025-11-05T06:35:30.273265000Z DEBUG solana_runtime::message_processor::stable_log] Program log: Instruction: GetAccountDataSize
[2025-11-05T06:35:30.273282000Z DEBUG solana_runtime::message_processor::stable_log] Program TokenkegQfeZyiNwAJbNbGKPFXCWuBvf9Ss623VQ5DA consumed 1595 of 193055 compute units
[2025-11-05T06:35:30.273290000Z DEBUG solana_runtime::message_processor::stable_log] Program return: TokenkegQfeZyiNwAJbNbGKPFXCWuBvf9Ss623VQ5DA pQAAAAAAAAA=
[2025-11-05T06:35:30.273299000Z DEBUG solana_runtime::message_processor::stable_log] Program TokenkegQfeZyiNwAJbNbGKPFXCWuBvf9Ss623VQ5DA success
[2025-11-05T06:35:30.273353000Z DEBUG solana_runtime::message_processor::stable_log] Program 11111111111111111111111111111111 invoke [2]
[2025-11-05T06:35:30.273360000Z DEBUG solana_runtime::message_processor::stable_log] Program 11111111111111111111111111111111 success
[2025-11-05T06:35:30.273366000Z DEBUG solana_runtime::message_processor::stable_log] Program log: Initialize the associated token account
[2025-11-05T06:35:30.273470000Z DEBUG solana_runtime::message_processor::stable_log] Program TokenkegQfeZyiNwAJbNbGKPFXCWuBvf9Ss623VQ5DA invoke [2]
[2025-11-05T06:35:30.273505000Z DEBUG solana_runtime::message_processor::stable_log] Program log: Instruction: InitializeImmutableOwner
[2025-11-05T06:35:30.273523000Z DEBUG solana_runtime::message_processor::stable_log] Program log: Please upgrade to SPL Token 2022 for immutable owner support
[2025-11-05T06:35:30.273537000Z DEBUG solana_runtime::message_processor::stable_log] Program TokenkegQfeZyiNwAJbNbGKPFXCWuBvf9Ss623VQ5DA consumed 1405 of 186442 compute units
[2025-11-05T06:35:30.273547000Z DEBUG solana_runtime::message_processor::stable_log] Program TokenkegQfeZyiNwAJbNbGKPFXCWuBvf9Ss623VQ5DA success
[2025-11-05T06:35:30.273582000Z DEBUG solana_runtime::message_processor::stable_log] Program TokenkegQfeZyiNwAJbNbGKPFXCWuBvf9Ss623VQ5DA invoke [2]
[2025-11-05T06:35:30.273611000Z DEBUG solana_runtime::message_processor::stable_log] Program log: Instruction: InitializeAccount3
[2025-11-05T06:35:30.273665000Z DEBUG solana_runtime::message_processor::stable_log] Program TokenkegQfeZyiNwAJbNbGKPFXCWuBvf9Ss623VQ5DA consumed 4214 of 182558 compute units
[2025-11-05T06:35:30.273675000Z DEBUG solana_runtime::message_processor::stable_log] Program TokenkegQfeZyiNwAJbNbGKPFXCWuBvf9Ss623VQ5DA success
[2025-11-05T06:35:30.273688000Z DEBUG solana_runtime::message_processor::stable_log] Program ATokenGPvbdGVxr1b2hvZbsiqW5xWH25efTNsLJA8knL consumed 21960 of 200000 compute units
[2025-11-05T06:35:30.273698000Z DEBUG solana_runtime::message_processor::stable_log] Program ATokenGPvbdGVxr1b2hvZbsiqW5xWH25efTNsLJA8knL success
[2025-11-05T06:35:30.278998000Z DEBUG solana_runtime::message_processor::stable_log] Program TokenkegQfeZyiNwAJbNbGKPFXCWuBvf9Ss623VQ5DA invoke [1]
[2025-11-05T06:35:30.279069000Z DEBUG solana_runtime::message_processor::stable_log] Program log: Instruction: MintTo
[2025-11-05T06:35:30.279132000Z DEBUG solana_runtime::message_processor::stable_log] Program TokenkegQfeZyiNwAJbNbGKPFXCWuBvf9Ss623VQ5DA consumed 4491 of 200000 compute units
[2025-11-05T06:35:30.279142000Z DEBUG solana_runtime::message_processor::stable_log] Program TokenkegQfeZyiNwAJbNbGKPFXCWuBvf9Ss623VQ5DA success
[2025-11-05T06:35:30.287147000Z DEBUG solana_runtime::message_processor::stable_log] Program ATokenGPvbdGVxr1b2hvZbsiqW5xWH25efTNsLJA8knL invoke [1]
[2025-11-05T06:35:30.287222000Z DEBUG solana_runtime::message_processor::stable_log] Program log: Create
[2025-11-05T06:35:30.287294000Z DEBUG solana_runtime::message_processor::stable_log] Program TokenkegQfeZyiNwAJbNbGKPFXCWuBvf9Ss623VQ5DA invoke [2]
[2025-11-05T06:35:30.287327000Z DEBUG solana_runtime::message_processor::stable_log] Program log: Instruction: GetAccountDataSize
[2025-11-05T06:35:30.287344000Z DEBUG solana_runtime::message_processor::stable_log] Program TokenkegQfeZyiNwAJbNbGKPFXCWuBvf9Ss623VQ5DA consumed 1595 of 190055 compute units
[2025-11-05T06:35:30.287351000Z DEBUG solana_runtime::message_processor::stable_log] Program return: TokenkegQfeZyiNwAJbNbGKPFXCWuBvf9Ss623VQ5DA pQAAAAAAAAA=
[2025-11-05T06:35:30.287360000Z DEBUG solana_runtime::message_processor::stable_log] Program TokenkegQfeZyiNwAJbNbGKPFXCWuBvf9Ss623VQ5DA success
[2025-11-05T06:35:30.287520000Z DEBUG solana_runtime::message_processor::stable_log] Program 11111111111111111111111111111111 invoke [2]
[2025-11-05T06:35:30.287533000Z DEBUG solana_runtime::message_processor::stable_log] Program 11111111111111111111111111111111 success
[2025-11-05T06:35:30.287539000Z DEBUG solana_runtime::message_processor::stable_log] Program log: Initialize the associated token account
[2025-11-05T06:35:30.287557000Z DEBUG solana_runtime::message_processor::stable_log] Program TokenkegQfeZyiNwAJbNbGKPFXCWuBvf9Ss623VQ5DA invoke [2]
[2025-11-05T06:35:30.287579000Z DEBUG solana_runtime::message_processor::stable_log] Program log: Instruction: InitializeImmutableOwner
[2025-11-05T06:35:30.287590000Z DEBUG solana_runtime::message_processor::stable_log] Program log: Please upgrade to SPL Token 2022 for immutable owner support
[2025-11-05T06:35:30.287593000Z DEBUG solana_runtime::message_processor::stable_log] Program TokenkegQfeZyiNwAJbNbGKPFXCWuBvf9Ss623VQ5DA consumed 1405 of 183442 compute units
[2025-11-05T06:35:30.287601000Z DEBUG solana_runtime::message_processor::stable_log] Program TokenkegQfeZyiNwAJbNbGKPFXCWuBvf9Ss623VQ5DA success
[2025-11-05T06:35:30.287634000Z DEBUG solana_runtime::message_processor::stable_log] Program TokenkegQfeZyiNwAJbNbGKPFXCWuBvf9Ss623VQ5DA invoke [2]
[2025-11-05T06:35:30.287663000Z DEBUG solana_runtime::message_processor::stable_log] Program log: Instruction: InitializeAccount3
[2025-11-05T06:35:30.287728000Z DEBUG solana_runtime::message_processor::stable_log] Program TokenkegQfeZyiNwAJbNbGKPFXCWuBvf9Ss623VQ5DA consumed 4214 of 179558 compute units
[2025-11-05T06:35:30.287735000Z DEBUG solana_runtime::message_processor::stable_log] Program TokenkegQfeZyiNwAJbNbGKPFXCWuBvf9Ss623VQ5DA success
[2025-11-05T06:35:30.287747000Z DEBUG solana_runtime::message_processor::stable_log] Program ATokenGPvbdGVxr1b2hvZbsiqW5xWH25efTNsLJA8knL consumed 24960 of 200000 compute units
[2025-11-05T06:35:30.287756000Z DEBUG solana_runtime::message_processor::stable_log] Program ATokenGPvbdGVxr1b2hvZbsiqW5xWH25efTNsLJA8knL success
[2025-11-05T06:35:30.293165000Z DEBUG solana_runtime::message_processor::stable_log] Program TokenkegQfeZyiNwAJbNbGKPFXCWuBvf9Ss623VQ5DA invoke [1]
[2025-11-05T06:35:30.293228000Z DEBUG solana_runtime::message_processor::stable_log] Program log: Instruction: MintTo
[2025-11-05T06:35:30.293312000Z DEBUG solana_runtime::message_processor::stable_log] Program TokenkegQfeZyiNwAJbNbGKPFXCWuBvf9Ss623VQ5DA consumed 4491 of 200000 compute units
[2025-11-05T06:35:30.293323000Z DEBUG solana_runtime::message_processor::stable_log] Program TokenkegQfeZyiNwAJbNbGKPFXCWuBvf9Ss623VQ5DA success
[2025-11-05T06:35:30.311343000Z DEBUG solana_runtime::message_processor::stable_log] Program ASmKWt93JEMHxbdE6j7znD9y2FcdPboCzC3xtSTJvN7S invoke [1]
[2025-11-05T06:35:30.311424000Z DEBUG solana_runtime::message_processor::stable_log] Program log: Instruction: CreateConfig
[2025-11-05T06:35:30.311511000Z DEBUG solana_runtime::message_processor::stable_log] Program 11111111111111111111111111111111 invoke [2]
[2025-11-05T06:35:30.311520000Z DEBUG solana_runtime::message_processor::stable_log] Program 11111111111111111111111111111111 success
[2025-11-05T06:35:30.311630000Z DEBUG solana_runtime::message_processor::stable_log] Program ASmKWt93JEMHxbdE6j7znD9y2FcdPboCzC3xtSTJvN7S invoke [2]
[2025-11-05T06:35:30.311691000Z DEBUG solana_runtime::message_processor::stable_log] Program ASmKWt93JEMHxbdE6j7znD9y2FcdPboCzC3xtSTJvN7S consumed 2069 of 186098 compute units
[2025-11-05T06:35:30.311705000Z DEBUG solana_runtime::message_processor::stable_log] Program ASmKWt93JEMHxbdE6j7znD9y2FcdPboCzC3xtSTJvN7S success
[2025-11-05T06:35:30.311734000Z DEBUG solana_runtime::message_processor::stable_log] Program ASmKWt93JEMHxbdE6j7znD9y2FcdPboCzC3xtSTJvN7S consumed 16276 of 200000 compute units
[2025-11-05T06:35:30.311745000Z DEBUG solana_runtime::message_processor::stable_log] Program ASmKWt93JEMHxbdE6j7znD9y2FcdPboCzC3xtSTJvN7S success
[2025-11-05T06:35:30.354217000Z DEBUG solana_runtime::message_processor::stable_log] Program ASmKWt93JEMHxbdE6j7znD9y2FcdPboCzC3xtSTJvN7S invoke [1]
[2025-11-05T06:35:30.354404000Z DEBUG solana_runtime::message_processor::stable_log] Program log: Instruction: InitializePool
[2025-11-05T06:35:30.354560000Z DEBUG solana_runtime::message_processor::stable_log] Program 11111111111111111111111111111111 invoke [2]
[2025-11-05T06:35:30.354569000Z DEBUG solana_runtime::message_processor::stable_log] Program 11111111111111111111111111111111 success
[2025-11-05T06:35:30.354605000Z DEBUG solana_runtime::message_processor::stable_log] Program TokenzQdBNbLqP5VEhdkAS6EPFLC1PHnBqCXEpPxuEb invoke [2]
[2025-11-05T06:35:30.354681000Z DEBUG solana_runtime::message_processor::stable_log] Program log: MetadataPointerInstruction::Initialize
[2025-11-05T06:35:30.354734000Z DEBUG solana_runtime::message_processor::stable_log] Program TokenzQdBNbLqP5VEhdkAS6EPFLC1PHnBqCXEpPxuEb consumed 2442 of 334963 compute units
[2025-11-05T06:35:30.354745000Z DEBUG solana_runtime::message_processor::stable_log] Program TokenzQdBNbLqP5VEhdkAS6EPFLC1PHnBqCXEpPxuEb success
[2025-11-05T06:35:30.354777000Z DEBUG solana_runtime::message_processor::stable_log] Program TokenzQdBNbLqP5VEhdkAS6EPFLC1PHnBqCXEpPxuEb invoke [2]
[2025-11-05T06:35:30.354802000Z DEBUG solana_runtime::message_processor::stable_log] Program log: Instruction: InitializeMintCloseAuthority
[2025-11-05T06:35:30.354836000Z DEBUG solana_runtime::message_processor::stable_log] Program TokenzQdBNbLqP5VEhdkAS6EPFLC1PHnBqCXEpPxuEb consumed 2570 of 330543 compute units
[2025-11-05T06:35:30.354845000Z DEBUG solana_runtime::message_processor::stable_log] Program TokenzQdBNbLqP5VEhdkAS6EPFLC1PHnBqCXEpPxuEb success
[2025-11-05T06:35:30.354878000Z DEBUG solana_runtime::message_processor::stable_log] Program TokenzQdBNbLqP5VEhdkAS6EPFLC1PHnBqCXEpPxuEb invoke [2]
[2025-11-05T06:35:30.354903000Z DEBUG solana_runtime::message_processor::stable_log] Program log: Instruction: InitializeMint2
[2025-11-05T06:35:30.354967000Z DEBUG solana_runtime::message_processor::stable_log] Program TokenzQdBNbLqP5VEhdkAS6EPFLC1PHnBqCXEpPxuEb consumed 4078 of 326031 compute units
[2025-11-05T06:35:30.354975000Z DEBUG solana_runtime::message_processor::stable_log] Program TokenzQdBNbLqP5VEhdkAS6EPFLC1PHnBqCXEpPxuEb success
[2025-11-05T06:35:30.355114000Z DEBUG solana_runtime::message_processor::stable_log] Program 11111111111111111111111111111111 invoke [2]
[2025-11-05T06:35:30.355118000Z DEBUG solana_runtime::message_processor::stable_log] Program 11111111111111111111111111111111 success
[2025-11-05T06:35:30.355221000Z DEBUG solana_runtime::message_processor::stable_log] Program TokenzQdBNbLqP5VEhdkAS6EPFLC1PHnBqCXEpPxuEb invoke [2]
[2025-11-05T06:35:30.355257000Z DEBUG solana_runtime::message_processor::stable_log] Program log: Instruction: InitializeAccount3
[2025-11-05T06:35:30.355357000Z DEBUG solana_runtime::message_processor::stable_log] Program TokenzQdBNbLqP5VEhdkAS6EPFLC1PHnBqCXEpPxuEb consumed 5137 of 310847 compute units
[2025-11-05T06:35:30.355366000Z DEBUG solana_runtime::message_processor::stable_log] Program TokenzQdBNbLqP5VEhdkAS6EPFLC1PHnBqCXEpPxuEb success
[2025-11-05T06:35:30.355488000Z DEBUG solana_runtime::message_processor::stable_log] Program 11111111111111111111111111111111 invoke [2]
[2025-11-05T06:35:30.355493000Z DEBUG solana_runtime::message_processor::stable_log] Program 11111111111111111111111111111111 success
[2025-11-05T06:35:30.355565000Z DEBUG solana_runtime::message_processor::stable_log] Program 11111111111111111111111111111111 invoke [2]
[2025-11-05T06:35:30.355569000Z DEBUG solana_runtime::message_processor::stable_log] Program 11111111111111111111111111111111 success
[2025-11-05T06:35:30.355653000Z DEBUG solana_runtime::message_processor::stable_log] Program 11111111111111111111111111111111 invoke [2]
[2025-11-05T06:35:30.355658000Z DEBUG solana_runtime::message_processor::stable_log] Program 11111111111111111111111111111111 success
[2025-11-05T06:35:30.355689000Z DEBUG solana_runtime::message_processor::stable_log] Program TokenkegQfeZyiNwAJbNbGKPFXCWuBvf9Ss623VQ5DA invoke [2]
[2025-11-05T06:35:30.355723000Z DEBUG solana_runtime::message_processor::stable_log] Program log: Instruction: InitializeAccount3
[2025-11-05T06:35:30.355786000Z DEBUG solana_runtime::message_processor::stable_log] Program TokenkegQfeZyiNwAJbNbGKPFXCWuBvf9Ss623VQ5DA consumed 4214 of 284244 compute units
[2025-11-05T06:35:30.355794000Z DEBUG solana_runtime::message_processor::stable_log] Program TokenkegQfeZyiNwAJbNbGKPFXCWuBvf9Ss623VQ5DA success
[2025-11-05T06:35:30.355896000Z DEBUG solana_runtime::message_processor::stable_log] Program 11111111111111111111111111111111 invoke [2]
[2025-11-05T06:35:30.355900000Z DEBUG solana_runtime::message_processor::stable_log] Program 11111111111111111111111111111111 success
[2025-11-05T06:35:30.355963000Z DEBUG solana_runtime::message_processor::stable_log] Program TokenkegQfeZyiNwAJbNbGKPFXCWuBvf9Ss623VQ5DA invoke [2]
[2025-11-05T06:35:30.356006000Z DEBUG solana_runtime::message_processor::stable_log] Program log: Instruction: InitializeAccount3
[2025-11-05T06:35:30.356063000Z DEBUG solana_runtime::message_processor::stable_log] Program TokenkegQfeZyiNwAJbNbGKPFXCWuBvf9Ss623VQ5DA consumed 4214 of 271105 compute units
[2025-11-05T06:35:30.356071000Z DEBUG solana_runtime::message_processor::stable_log] Program TokenkegQfeZyiNwAJbNbGKPFXCWuBvf9Ss623VQ5DA success
[2025-11-05T06:35:30.356293000Z DEBUG solana_runtime::message_processor::stable_log] Program TokenzQdBNbLqP5VEhdkAS6EPFLC1PHnBqCXEpPxuEb invoke [2]
[2025-11-05T06:35:30.356347000Z DEBUG solana_runtime::message_processor::stable_log] Program log: TokenMetadataInstruction: Initialize
[2025-11-05T06:35:30.356552000Z DEBUG solana_runtime::message_processor::stable_log] Program TokenzQdBNbLqP5VEhdkAS6EPFLC1PHnBqCXEpPxuEb consumed 9900 of 254973 compute units
[2025-11-05T06:35:30.356566000Z DEBUG solana_runtime::message_processor::stable_log] Program TokenzQdBNbLqP5VEhdkAS6EPFLC1PHnBqCXEpPxuEb success
[2025-11-05T06:35:30.356611000Z DEBUG solana_runtime::message_processor::stable_log] Program 11111111111111111111111111111111 invoke [2]
[2025-11-05T06:35:30.356615000Z DEBUG solana_runtime::message_processor::stable_log] Program 11111111111111111111111111111111 success
[2025-11-05T06:35:30.356657000Z DEBUG solana_runtime::message_processor::stable_log] Program TokenzQdBNbLqP5VEhdkAS6EPFLC1PHnBqCXEpPxuEb invoke [2]
[2025-11-05T06:35:30.356688000Z DEBUG solana_runtime::message_processor::stable_log] Program log: Instruction: MintTo
[2025-11-05T06:35:30.356772000Z DEBUG solana_runtime::message_processor::stable_log] Program TokenzQdBNbLqP5VEhdkAS6EPFLC1PHnBqCXEpPxuEb consumed 5540 of 240011 compute units
[2025-11-05T06:35:30.356781000Z DEBUG solana_runtime::message_processor::stable_log] Program TokenzQdBNbLqP5VEhdkAS6EPFLC1PHnBqCXEpPxuEb success
[2025-11-05T06:35:30.356835000Z DEBUG solana_runtime::message_processor::stable_log] Program ASmKWt93JEMHxbdE6j7znD9y2FcdPboCzC3xtSTJvN7S invoke [2]
[2025-11-05T06:35:30.356871000Z DEBUG solana_runtime::message_processor::stable_log] Program ASmKWt93JEMHxbdE6j7znD9y2FcdPboCzC3xtSTJvN7S consumed 2069 of 231406 compute units
[2025-11-05T06:35:30.356880000Z DEBUG solana_runtime::message_processor::stable_log] Program ASmKWt93JEMHxbdE6j7znD9y2FcdPboCzC3xtSTJvN7S success
[2025-11-05T06:35:30.356928000Z DEBUG solana_runtime::message_processor::stable_log] Program TokenkegQfeZyiNwAJbNbGKPFXCWuBvf9Ss623VQ5DA invoke [2]
[2025-11-05T06:35:30.356966000Z DEBUG solana_runtime::message_processor::stable_log] Program log: Instruction: TransferChecked
[2025-11-05T06:35:30.357047000Z DEBUG solana_runtime::message_processor::stable_log] Program TokenkegQfeZyiNwAJbNbGKPFXCWuBvf9Ss623VQ5DA consumed 6174 of 226865 compute units
[2025-11-05T06:35:30.357060000Z DEBUG solana_runtime::message_processor::stable_log] Program TokenkegQfeZyiNwAJbNbGKPFXCWuBvf9Ss623VQ5DA success
[2025-11-05T06:35:30.357104000Z DEBUG solana_runtime::message_processor::stable_log] Program TokenkegQfeZyiNwAJbNbGKPFXCWuBvf9Ss623VQ5DA invoke [2]
[2025-11-05T06:35:30.357137000Z DEBUG solana_runtime::message_processor::stable_log] Program log: Instruction: TransferChecked
[2025-11-05T06:35:30.357218000Z DEBUG solana_runtime::message_processor::stable_log] Program TokenkegQfeZyiNwAJbNbGKPFXCWuBvf9Ss623VQ5DA consumed 6269 of 218281 compute units
[2025-11-05T06:35:30.357227000Z DEBUG solana_runtime::message_processor::stable_log] Program TokenkegQfeZyiNwAJbNbGKPFXCWuBvf9Ss623VQ5DA success
[2025-11-05T06:35:30.357312000Z DEBUG solana_runtime::message_processor::stable_log] Program ASmKWt93JEMHxbdE6j7znD9y2FcdPboCzC3xtSTJvN7S invoke [2]
[2025-11-05T06:35:30.357347000Z DEBUG solana_runtime::message_processor::stable_log] Program ASmKWt93JEMHxbdE6j7znD9y2FcdPboCzC3xtSTJvN7S consumed 2069 of 206931 compute units
[2025-11-05T06:35:30.357358000Z DEBUG solana_runtime::message_processor::stable_log] Program ASmKWt93JEMHxbdE6j7znD9y2FcdPboCzC3xtSTJvN7S success
[2025-11-05T06:35:30.357390000Z DEBUG solana_runtime::message_processor::stable_log] Program ASmKWt93JEMHxbdE6j7znD9y2FcdPboCzC3xtSTJvN7S consumed 145932 of 350000 compute units
[2025-11-05T06:35:30.357402000Z DEBUG solana_runtime::message_processor::stable_log] Program ASmKWt93JEMHxbdE6j7znD9y2FcdPboCzC3xtSTJvN7S success
[2025-11-05T06:35:30.357411000Z DEBUG solana_runtime::message_processor::stable_log] Program ComputeBudget111111111111111111111111111111 invoke [1]
[2025-11-05T06:35:30.357420000Z DEBUG solana_runtime::message_processor::stable_log] Program ComputeBudget111111111111111111111111111111 success
[2025-11-05T06:35:30.380862000Z DEBUG solana_runtime::message_processor::stable_log] Program ASmKWt93JEMHxbdE6j7znD9y2FcdPboCzC3xtSTJvN7S invoke [1]
[2025-11-05T06:35:30.380955000Z DEBUG solana_runtime::message_processor::stable_log] Program log: Instruction: PermanentLockPosition
[2025-11-05T06:35:30.381092000Z DEBUG solana_runtime::message_processor::stable_log] Program ASmKWt93JEMHxbdE6j7znD9y2FcdPboCzC3xtSTJvN7S invoke [2]
[2025-11-05T06:35:30.381134000Z DEBUG solana_runtime::message_processor::stable_log] Program ASmKWt93JEMHxbdE6j7znD9y2FcdPboCzC3xtSTJvN7S consumed 2069 of 191054 compute units
[2025-11-05T06:35:30.381146000Z DEBUG solana_runtime::message_processor::stable_log] Program ASmKWt93JEMHxbdE6j7znD9y2FcdPboCzC3xtSTJvN7S success
[2025-11-05T06:35:30.381167000Z DEBUG solana_runtime::message_processor::stable_log] Program ASmKWt93JEMHxbdE6j7znD9y2FcdPboCzC3xtSTJvN7S consumed 11463 of 200000 compute units
[2025-11-05T06:35:30.381178000Z DEBUG solana_runtime::message_processor::stable_log] Program ASmKWt93JEMHxbdE6j7znD9y2FcdPboCzC3xtSTJvN7S success
[2025-11-05T06:35:30.397259000Z DEBUG solana_runtime::message_processor::stable_log] Program ASmKWt93JEMHxbdE6j7znD9y2FcdPboCzC3xtSTJvN7S invoke [1]
[2025-11-05T06:35:30.397374000Z DEBUG solana_runtime::message_processor::stable_log] Program log: Instruction: CreatePosition
[2025-11-05T06:35:30.397455000Z DEBUG solana_runtime::message_processor::stable_log] Program 11111111111111111111111111111111 invoke [2]
[2025-11-05T06:35:30.397464000Z DEBUG solana_runtime::message_processor::stable_log] Program 11111111111111111111111111111111 success
[2025-11-05T06:35:30.397501000Z DEBUG solana_runtime::message_processor::stable_log] Program TokenzQdBNbLqP5VEhdkAS6EPFLC1PHnBqCXEpPxuEb invoke [2]
[2025-11-05T06:35:30.397555000Z DEBUG solana_runtime::message_processor::stable_log] Program log: MetadataPointerInstruction::Initialize
[2025-11-05T06:35:30.397594000Z DEBUG solana_runtime::message_processor::stable_log] Program TokenzQdBNbLqP5VEhdkAS6EPFLC1PHnBqCXEpPxuEb consumed 2442 of 191116 compute units
[2025-11-05T06:35:30.397606000Z DEBUG solana_runtime::message_processor::stable_log] Program TokenzQdBNbLqP5VEhdkAS6EPFLC1PHnBqCXEpPxuEb success
[2025-11-05T06:35:30.397640000Z DEBUG solana_runtime::message_processor::stable_log] Program TokenzQdBNbLqP5VEhdkAS6EPFLC1PHnBqCXEpPxuEb invoke [2]
[2025-11-05T06:35:30.397668000Z DEBUG solana_runtime::message_processor::stable_log] Program log: Instruction: InitializeMintCloseAuthority
[2025-11-05T06:35:30.397705000Z DEBUG solana_runtime::message_processor::stable_log] Program TokenzQdBNbLqP5VEhdkAS6EPFLC1PHnBqCXEpPxuEb consumed 2570 of 186696 compute units
[2025-11-05T06:35:30.397713000Z DEBUG solana_runtime::message_processor::stable_log] Program TokenzQdBNbLqP5VEhdkAS6EPFLC1PHnBqCXEpPxuEb success
[2025-11-05T06:35:30.397745000Z DEBUG solana_runtime::message_processor::stable_log] Program TokenzQdBNbLqP5VEhdkAS6EPFLC1PHnBqCXEpPxuEb invoke [2]
[2025-11-05T06:35:30.397771000Z DEBUG solana_runtime::message_processor::stable_log] Program log: Instruction: InitializeMint2
[2025-11-05T06:35:30.397836000Z DEBUG solana_runtime::message_processor::stable_log] Program TokenzQdBNbLqP5VEhdkAS6EPFLC1PHnBqCXEpPxuEb consumed 4078 of 182183 compute units
[2025-11-05T06:35:30.397844000Z DEBUG solana_runtime::message_processor::stable_log] Program TokenzQdBNbLqP5VEhdkAS6EPFLC1PHnBqCXEpPxuEb success
[2025-11-05T06:35:30.398156000Z DEBUG solana_runtime::message_processor::stable_log] Program 11111111111111111111111111111111 invoke [2]
[2025-11-05T06:35:30.398162000Z DEBUG solana_runtime::message_processor::stable_log] Program 11111111111111111111111111111111 success
[2025-11-05T06:35:30.398195000Z DEBUG solana_runtime::message_processor::stable_log] Program TokenzQdBNbLqP5VEhdkAS6EPFLC1PHnBqCXEpPxuEb invoke [2]
[2025-11-05T06:35:30.398228000Z DEBUG solana_runtime::message_processor::stable_log] Program log: Instruction: InitializeAccount3
[2025-11-05T06:35:30.398319000Z DEBUG solana_runtime::message_processor::stable_log] Program TokenzQdBNbLqP5VEhdkAS6EPFLC1PHnBqCXEpPxuEb consumed 5137 of 168499 compute units
[2025-11-05T06:35:30.398328000Z DEBUG solana_runtime::message_processor::stable_log] Program TokenzQdBNbLqP5VEhdkAS6EPFLC1PHnBqCXEpPxuEb success
[2025-11-05T06:35:30.398431000Z DEBUG solana_runtime::message_processor::stable_log] Program 11111111111111111111111111111111 invoke [2]
[2025-11-05T06:35:30.398436000Z DEBUG solana_runtime::message_processor::stable_log] Program 11111111111111111111111111111111 success
[2025-11-05T06:35:30.398545000Z DEBUG solana_runtime::message_processor::stable_log] Program TokenzQdBNbLqP5VEhdkAS6EPFLC1PHnBqCXEpPxuEb invoke [2]
[2025-11-05T06:35:30.398602000Z DEBUG solana_runtime::message_processor::stable_log] Program log: TokenMetadataInstruction: Initialize
[2025-11-05T06:35:30.398735000Z DEBUG solana_runtime::message_processor::stable_log] Program TokenzQdBNbLqP5VEhdkAS6EPFLC1PHnBqCXEpPxuEb consumed 9900 of 150269 compute units
[2025-11-05T06:35:30.398744000Z DEBUG solana_runtime::message_processor::stable_log] Program TokenzQdBNbLqP5VEhdkAS6EPFLC1PHnBqCXEpPxuEb success
[2025-11-05T06:35:30.398788000Z DEBUG solana_runtime::message_processor::stable_log] Program 11111111111111111111111111111111 invoke [2]
[2025-11-05T06:35:30.398793000Z DEBUG solana_runtime::message_processor::stable_log] Program 11111111111111111111111111111111 success
[2025-11-05T06:35:30.398838000Z DEBUG solana_runtime::message_processor::stable_log] Program TokenzQdBNbLqP5VEhdkAS6EPFLC1PHnBqCXEpPxuEb invoke [2]
[2025-11-05T06:35:30.398873000Z DEBUG solana_runtime::message_processor::stable_log] Program log: Instruction: MintTo
[2025-11-05T06:35:30.398952000Z DEBUG solana_runtime::message_processor::stable_log] Program TokenzQdBNbLqP5VEhdkAS6EPFLC1PHnBqCXEpPxuEb consumed 5540 of 135307 compute units
[2025-11-05T06:35:30.398961000Z DEBUG solana_runtime::message_processor::stable_log] Program TokenzQdBNbLqP5VEhdkAS6EPFLC1PHnBqCXEpPxuEb success
[2025-11-05T06:35:30.399017000Z DEBUG solana_runtime::message_processor::stable_log] Program ASmKWt93JEMHxbdE6j7znD9y2FcdPboCzC3xtSTJvN7S invoke [2]
[2025-11-05T06:35:30.399058000Z DEBUG solana_runtime::message_processor::stable_log] Program ASmKWt93JEMHxbdE6j7znD9y2FcdPboCzC3xtSTJvN7S consumed 2069 of 126701 compute units
[2025-11-05T06:35:30.399067000Z DEBUG solana_runtime::message_processor::stable_log] Program ASmKWt93JEMHxbdE6j7znD9y2FcdPboCzC3xtSTJvN7S success
[2025-11-05T06:35:30.399088000Z DEBUG solana_runtime::message_processor::stable_log] Program ASmKWt93JEMHxbdE6j7znD9y2FcdPboCzC3xtSTJvN7S consumed 75933 of 200000 compute units
[2025-11-05T06:35:30.399098000Z DEBUG solana_runtime::message_processor::stable_log] Program ASmKWt93JEMHxbdE6j7znD9y2FcdPboCzC3xtSTJvN7S success
[2025-11-05T06:35:30.434358000Z DEBUG solana_runtime::message_processor::stable_log] Program ASmKWt93JEMHxbdE6j7znD9y2FcdPboCzC3xtSTJvN7S invoke [1]
[2025-11-05T06:35:30.434446000Z DEBUG solana_runtime::message_processor::stable_log] Program log: Instruction: SplitPosition
[2025-11-05T06:35:30.434793000Z DEBUG solana_runtime::message_processor::stable_log] Program ASmKWt93JEMHxbdE6j7znD9y2FcdPboCzC3xtSTJvN7S invoke [2]
[2025-11-05T06:35:30.434836000Z DEBUG solana_runtime::message_processor::stable_log] Program ASmKWt93JEMHxbdE6j7znD9y2FcdPboCzC3xtSTJvN7S consumed 2069 of 182989 compute units
[2025-11-05T06:35:30.434846000Z DEBUG solana_runtime::message_processor::stable_log] Program ASmKWt93JEMHxbdE6j7znD9y2FcdPboCzC3xtSTJvN7S success
[2025-11-05T06:35:30.434868000Z DEBUG solana_runtime::message_processor::stable_log] Program ASmKWt93JEMHxbdE6j7znD9y2FcdPboCzC3xtSTJvN7S consumed 19725 of 200000 compute units
[2025-11-05T06:35:30.434877000Z DEBUG solana_runtime::message_processor::stable_log] Program ASmKWt93JEMHxbdE6j7znD9y2FcdPboCzC3xtSTJvN7S success
    ✔ Split permanent locked liquidity position (81ms)
[2025-11-05T06:35:30.445652000Z INFO  solana_program_test] "cp_amm" SBF program from ./target/deploy/cp_amm.so, modified 24 minutes, 37 seconds, 792 ms, 967 µs and 203 ns ago
[2025-11-05T06:35:30.445860000Z INFO  solana_program_test] "fee_router" SBF program from ./target/deploy/fee_router.so, modified 40 seconds, 530 ms, 119 µs and 331 ns ago
[2025-11-05T06:35:30.446006000Z INFO  solana_program_test] "transfer_hook_counter" SBF program from tests/fixtures/transfer_hook_counter.so, modified 3 weeks, 22 hours, 59 minutes, 5 seconds, 271 ms, 605 µs and 196 ns ago
[2025-11-05T06:35:30.446359000Z INFO  solana_program_test] "alpha_vault" SBF program from tests/fixtures/alpha_vault.so, modified 3 weeks, 22 hours, 59 minutes, 5 seconds, 272 ms, 645 µs and 72 ns ago
[2025-11-05T06:35:30.446685000Z INFO  solana_program_test] "streamflow" SBF program from tests/fixtures/streamflow.so, modified 3 weeks, 6 hours, 59 minutes, 15 seconds, 157 ms, 600 µs and 387 ns ago
[2025-11-05T06:35:30.447042000Z INFO  solana_program_test] "cp_amm" SBF program from ./target/deploy/cp_amm.so, modified 24 minutes, 37 seconds, 794 ms, 360 µs and 203 ns ago
[2025-11-05T06:35:30.447189000Z INFO  solana_program_test] "fee_router" SBF program from ./target/deploy/fee_router.so, modified 40 seconds, 531 ms, 448 µs and 331 ns ago
[2025-11-05T06:35:30.465862000Z INFO  solana_program_test] Overriding account at ASmKWt93JEMHxbdE6j7znD9y2FcdPboCzC3xtSTJvN7S
[2025-11-05T06:35:30.465881000Z INFO  solana_program_test] Overriding account at 5B57SJ3g2YoNXUpsZqqjEQkRSxyKtVTQRXdgAirz6bio
[2025-11-05T06:35:30.477976000Z DEBUG solana_runtime::message_processor::stable_log] Program 11111111111111111111111111111111 invoke [1]
[2025-11-05T06:35:30.477989000Z DEBUG solana_runtime::message_processor::stable_log] Program 11111111111111111111111111111111 success
[2025-11-05T06:35:30.482067000Z DEBUG solana_runtime::message_processor::stable_log] Program 11111111111111111111111111111111 invoke [1]
[2025-11-05T06:35:30.482083000Z DEBUG solana_runtime::message_processor::stable_log] Program 11111111111111111111111111111111 success
[2025-11-05T06:35:30.487151000Z DEBUG solana_runtime::message_processor::stable_log] Program 11111111111111111111111111111111 invoke [1]
[2025-11-05T06:35:30.487163000Z DEBUG solana_runtime::message_processor::stable_log] Program 11111111111111111111111111111111 success
[2025-11-05T06:35:30.498439000Z DEBUG solana_runtime::message_processor::stable_log] Program 11111111111111111111111111111111 invoke [1]
[2025-11-05T06:35:30.498458000Z DEBUG solana_runtime::message_processor::stable_log] Program 11111111111111111111111111111111 success
[2025-11-05T06:35:30.498463000Z DEBUG solana_runtime::message_processor::stable_log] Program TokenkegQfeZyiNwAJbNbGKPFXCWuBvf9Ss623VQ5DA invoke [1]
[2025-11-05T06:35:30.498513000Z DEBUG solana_runtime::message_processor::stable_log] Program log: Instruction: InitializeMint2
[2025-11-05T06:35:30.498552000Z DEBUG solana_runtime::message_processor::stable_log] Program TokenkegQfeZyiNwAJbNbGKPFXCWuBvf9Ss623VQ5DA consumed 2779 of 399850 compute units
[2025-11-05T06:35:30.498572000Z DEBUG solana_runtime::message_processor::stable_log] Program TokenkegQfeZyiNwAJbNbGKPFXCWuBvf9Ss623VQ5DA success
[2025-11-05T06:35:30.509460000Z DEBUG solana_runtime::message_processor::stable_log] Program 11111111111111111111111111111111 invoke [1]
[2025-11-05T06:35:30.509483000Z DEBUG solana_runtime::message_processor::stable_log] Program 11111111111111111111111111111111 success
[2025-11-05T06:35:30.509494000Z DEBUG solana_runtime::message_processor::stable_log] Program TokenkegQfeZyiNwAJbNbGKPFXCWuBvf9Ss623VQ5DA invoke [1]
[2025-11-05T06:35:30.509593000Z DEBUG solana_runtime::message_processor::stable_log] Program log: Instruction: InitializeMint2
[2025-11-05T06:35:30.509631000Z DEBUG solana_runtime::message_processor::stable_log] Program TokenkegQfeZyiNwAJbNbGKPFXCWuBvf9Ss623VQ5DA consumed 2779 of 399850 compute units
[2025-11-05T06:35:30.509641000Z DEBUG solana_runtime::message_processor::stable_log] Program TokenkegQfeZyiNwAJbNbGKPFXCWuBvf9Ss623VQ5DA success
[2025-11-05T06:35:30.516196000Z DEBUG solana_runtime::message_processor::stable_log] Program ATokenGPvbdGVxr1b2hvZbsiqW5xWH25efTNsLJA8knL invoke [1]
[2025-11-05T06:35:30.516268000Z DEBUG solana_runtime::message_processor::stable_log] Program log: Create
[2025-11-05T06:35:30.516319000Z DEBUG solana_runtime::message_processor::stable_log] Program TokenkegQfeZyiNwAJbNbGKPFXCWuBvf9Ss623VQ5DA invoke [2]
[2025-11-05T06:35:30.516351000Z DEBUG solana_runtime::message_processor::stable_log] Program log: Instruction: GetAccountDataSize
[2025-11-05T06:35:30.516368000Z DEBUG solana_runtime::message_processor::stable_log] Program TokenkegQfeZyiNwAJbNbGKPFXCWuBvf9Ss623VQ5DA consumed 1595 of 194555 compute units
[2025-11-05T06:35:30.516376000Z DEBUG solana_runtime::message_processor::stable_log] Program return: TokenkegQfeZyiNwAJbNbGKPFXCWuBvf9Ss623VQ5DA pQAAAAAAAAA=
[2025-11-05T06:35:30.516384000Z DEBUG solana_runtime::message_processor::stable_log] Program TokenkegQfeZyiNwAJbNbGKPFXCWuBvf9Ss623VQ5DA success
[2025-11-05T06:35:30.516446000Z DEBUG solana_runtime::message_processor::stable_log] Program 11111111111111111111111111111111 invoke [2]
[2025-11-05T06:35:30.516454000Z DEBUG solana_runtime::message_processor::stable_log] Program 11111111111111111111111111111111 success
[2025-11-05T06:35:30.516474000Z DEBUG solana_runtime::message_processor::stable_log] Program log: Initialize the associated token account
[2025-11-05T06:35:30.516503000Z DEBUG solana_runtime::message_processor::stable_log] Program TokenkegQfeZyiNwAJbNbGKPFXCWuBvf9Ss623VQ5DA invoke [2]
[2025-11-05T06:35:30.516533000Z DEBUG solana_runtime::message_processor::stable_log] Program log: Instruction: InitializeImmutableOwner
[2025-11-05T06:35:30.516544000Z DEBUG solana_runtime::message_processor::stable_log] Program log: Please upgrade to SPL Token 2022 for immutable owner support
[2025-11-05T06:35:30.516548000Z DEBUG solana_runtime::message_processor::stable_log] Program TokenkegQfeZyiNwAJbNbGKPFXCWuBvf9Ss623VQ5DA consumed 1405 of 187942 compute units
[2025-11-05T06:35:30.516556000Z DEBUG solana_runtime::message_processor::stable_log] Program TokenkegQfeZyiNwAJbNbGKPFXCWuBvf9Ss623VQ5DA success
[2025-11-05T06:35:30.516591000Z DEBUG solana_runtime::message_processor::stable_log] Program TokenkegQfeZyiNwAJbNbGKPFXCWuBvf9Ss623VQ5DA invoke [2]
[2025-11-05T06:35:30.516624000Z DEBUG solana_runtime::message_processor::stable_log] Program log: Instruction: InitializeAccount3
[2025-11-05T06:35:30.516682000Z DEBUG solana_runtime::message_processor::stable_log] Program TokenkegQfeZyiNwAJbNbGKPFXCWuBvf9Ss623VQ5DA consumed 4214 of 184058 compute units
[2025-11-05T06:35:30.516690000Z DEBUG solana_runtime::message_processor::stable_log] Program TokenkegQfeZyiNwAJbNbGKPFXCWuBvf9Ss623VQ5DA success
[2025-11-05T06:35:30.516703000Z DEBUG solana_runtime::message_processor::stable_log] Program ATokenGPvbdGVxr1b2hvZbsiqW5xWH25efTNsLJA8knL consumed 20460 of 200000 compute units
[2025-11-05T06:35:30.516712000Z DEBUG solana_runtime::message_processor::stable_log] Program ATokenGPvbdGVxr1b2hvZbsiqW5xWH25efTNsLJA8knL success
[2025-11-05T06:35:30.521274000Z DEBUG solana_runtime::message_processor::stable_log] Program TokenkegQfeZyiNwAJbNbGKPFXCWuBvf9Ss623VQ5DA invoke [1]
[2025-11-05T06:35:30.521336000Z DEBUG solana_runtime::message_processor::stable_log] Program log: Instruction: MintTo
[2025-11-05T06:35:30.521393000Z DEBUG solana_runtime::message_processor::stable_log] Program TokenkegQfeZyiNwAJbNbGKPFXCWuBvf9Ss623VQ5DA consumed 4491 of 200000 compute units
[2025-11-05T06:35:30.521403000Z DEBUG solana_runtime::message_processor::stable_log] Program TokenkegQfeZyiNwAJbNbGKPFXCWuBvf9Ss623VQ5DA success
[2025-11-05T06:35:30.527736000Z DEBUG solana_runtime::message_processor::stable_log] Program ATokenGPvbdGVxr1b2hvZbsiqW5xWH25efTNsLJA8knL invoke [1]
[2025-11-05T06:35:30.527813000Z DEBUG solana_runtime::message_processor::stable_log] Program log: Create
[2025-11-05T06:35:30.527862000Z DEBUG solana_runtime::message_processor::stable_log] Program TokenkegQfeZyiNwAJbNbGKPFXCWuBvf9Ss623VQ5DA invoke [2]
[2025-11-05T06:35:30.527900000Z DEBUG solana_runtime::message_processor::stable_log] Program log: Instruction: GetAccountDataSize
[2025-11-05T06:35:30.527917000Z DEBUG solana_runtime::message_processor::stable_log] Program TokenkegQfeZyiNwAJbNbGKPFXCWuBvf9Ss623VQ5DA consumed 1595 of 194555 compute units
[2025-11-05T06:35:30.527924000Z DEBUG solana_runtime::message_processor::stable_log] Program return: TokenkegQfeZyiNwAJbNbGKPFXCWuBvf9Ss623VQ5DA pQAAAAAAAAA=
[2025-11-05T06:35:30.527934000Z DEBUG solana_runtime::message_processor::stable_log] Program TokenkegQfeZyiNwAJbNbGKPFXCWuBvf9Ss623VQ5DA success
[2025-11-05T06:35:30.527989000Z DEBUG solana_runtime::message_processor::stable_log] Program 11111111111111111111111111111111 invoke [2]
[2025-11-05T06:35:30.528002000Z DEBUG solana_runtime::message_processor::stable_log] Program 11111111111111111111111111111111 success
[2025-11-05T06:35:30.528008000Z DEBUG solana_runtime::message_processor::stable_log] Program log: Initialize the associated token account
[2025-11-05T06:35:30.528025000Z DEBUG solana_runtime::message_processor::stable_log] Program TokenkegQfeZyiNwAJbNbGKPFXCWuBvf9Ss623VQ5DA invoke [2]
[2025-11-05T06:35:30.528047000Z DEBUG solana_runtime::message_processor::stable_log] Program log: Instruction: InitializeImmutableOwner
[2025-11-05T06:35:30.528058000Z DEBUG solana_runtime::message_processor::stable_log] Program log: Please upgrade to SPL Token 2022 for immutable owner support
[2025-11-05T06:35:30.528061000Z DEBUG solana_runtime::message_processor::stable_log] Program TokenkegQfeZyiNwAJbNbGKPFXCWuBvf9Ss623VQ5DA consumed 1405 of 187942 compute units
[2025-11-05T06:35:30.528069000Z DEBUG solana_runtime::message_processor::stable_log] Program TokenkegQfeZyiNwAJbNbGKPFXCWuBvf9Ss623VQ5DA success
[2025-11-05T06:35:30.528238000Z DEBUG solana_runtime::message_processor::stable_log] Program TokenkegQfeZyiNwAJbNbGKPFXCWuBvf9Ss623VQ5DA invoke [2]
[2025-11-05T06:35:30.528276000Z DEBUG solana_runtime::message_processor::stable_log] Program log: Instruction: InitializeAccount3
[2025-11-05T06:35:30.528330000Z DEBUG solana_runtime::message_processor::stable_log] Program TokenkegQfeZyiNwAJbNbGKPFXCWuBvf9Ss623VQ5DA consumed 4214 of 184058 compute units
[2025-11-05T06:35:30.528338000Z DEBUG solana_runtime::message_processor::stable_log] Program TokenkegQfeZyiNwAJbNbGKPFXCWuBvf9Ss623VQ5DA success
[2025-11-05T06:35:30.528354000Z DEBUG solana_runtime::message_processor::stable_log] Program ATokenGPvbdGVxr1b2hvZbsiqW5xWH25efTNsLJA8knL consumed 20460 of 200000 compute units
[2025-11-05T06:35:30.528363000Z DEBUG solana_runtime::message_processor::stable_log] Program ATokenGPvbdGVxr1b2hvZbsiqW5xWH25efTNsLJA8knL success
[2025-11-05T06:35:30.533532000Z DEBUG solana_runtime::message_processor::stable_log] Program TokenkegQfeZyiNwAJbNbGKPFXCWuBvf9Ss623VQ5DA invoke [1]
[2025-11-05T06:35:30.533595000Z DEBUG solana_runtime::message_processor::stable_log] Program log: Instruction: MintTo
[2025-11-05T06:35:30.533658000Z DEBUG solana_runtime::message_processor::stable_log] Program TokenkegQfeZyiNwAJbNbGKPFXCWuBvf9Ss623VQ5DA consumed 4491 of 200000 compute units
[2025-11-05T06:35:30.533674000Z DEBUG solana_runtime::message_processor::stable_log] Program TokenkegQfeZyiNwAJbNbGKPFXCWuBvf9Ss623VQ5DA success
[2025-11-05T06:35:30.541530000Z DEBUG solana_runtime::message_processor::stable_log] Program ATokenGPvbdGVxr1b2hvZbsiqW5xWH25efTNsLJA8knL invoke [1]
[2025-11-05T06:35:30.541609000Z DEBUG solana_runtime::message_processor::stable_log] Program log: Create
[2025-11-05T06:35:30.541681000Z DEBUG solana_runtime::message_processor::stable_log] Program TokenkegQfeZyiNwAJbNbGKPFXCWuBvf9Ss623VQ5DA invoke [2]
[2025-11-05T06:35:30.541774000Z DEBUG solana_runtime::message_processor::stable_log] Program log: Instruction: GetAccountDataSize
[2025-11-05T06:35:30.541799000Z DEBUG solana_runtime::message_processor::stable_log] Program TokenkegQfeZyiNwAJbNbGKPFXCWuBvf9Ss623VQ5DA consumed 1595 of 191555 compute units
[2025-11-05T06:35:30.541832000Z DEBUG solana_runtime::message_processor::stable_log] Program return: TokenkegQfeZyiNwAJbNbGKPFXCWuBvf9Ss623VQ5DA pQAAAAAAAAA=
[2025-11-05T06:35:30.541848000Z DEBUG solana_runtime::message_processor::stable_log] Program TokenkegQfeZyiNwAJbNbGKPFXCWuBvf9Ss623VQ5DA success
[2025-11-05T06:35:30.541906000Z DEBUG solana_runtime::message_processor::stable_log] Program 11111111111111111111111111111111 invoke [2]
[2025-11-05T06:35:30.541914000Z DEBUG solana_runtime::message_processor::stable_log] Program 11111111111111111111111111111111 success
[2025-11-05T06:35:30.541920000Z DEBUG solana_runtime::message_processor::stable_log] Program log: Initialize the associated token account
[2025-11-05T06:35:30.541940000Z DEBUG solana_runtime::message_processor::stable_log] Program TokenkegQfeZyiNwAJbNbGKPFXCWuBvf9Ss623VQ5DA invoke [2]
[2025-11-05T06:35:30.541983000Z DEBUG solana_runtime::message_processor::stable_log] Program log: Instruction: InitializeImmutableOwner
[2025-11-05T06:35:30.541994000Z DEBUG solana_runtime::message_processor::stable_log] Program log: Please upgrade to SPL Token 2022 for immutable owner support
[2025-11-05T06:35:30.541997000Z DEBUG solana_runtime::message_processor::stable_log] Program TokenkegQfeZyiNwAJbNbGKPFXCWuBvf9Ss623VQ5DA consumed 1405 of 184942 compute units
[2025-11-05T06:35:30.542005000Z DEBUG solana_runtime::message_processor::stable_log] Program TokenkegQfeZyiNwAJbNbGKPFXCWuBvf9Ss623VQ5DA success
[2025-11-05T06:35:30.542042000Z DEBUG solana_runtime::message_processor::stable_log] Program TokenkegQfeZyiNwAJbNbGKPFXCWuBvf9Ss623VQ5DA invoke [2]
[2025-11-05T06:35:30.542074000Z DEBUG solana_runtime::message_processor::stable_log] Program log: Instruction: InitializeAccount3
[2025-11-05T06:35:30.542131000Z DEBUG solana_runtime::message_processor::stable_log] Program TokenkegQfeZyiNwAJbNbGKPFXCWuBvf9Ss623VQ5DA consumed 4214 of 181058 compute units
[2025-11-05T06:35:30.542141000Z DEBUG solana_runtime::message_processor::stable_log] Program TokenkegQfeZyiNwAJbNbGKPFXCWuBvf9Ss623VQ5DA success
[2025-11-05T06:35:30.542153000Z DEBUG solana_runtime::message_processor::stable_log] Program ATokenGPvbdGVxr1b2hvZbsiqW5xWH25efTNsLJA8knL consumed 23460 of 200000 compute units
[2025-11-05T06:35:30.542162000Z DEBUG solana_runtime::message_processor::stable_log] Program ATokenGPvbdGVxr1b2hvZbsiqW5xWH25efTNsLJA8knL success
[2025-11-05T06:35:30.546361000Z DEBUG solana_runtime::message_processor::stable_log] Program TokenkegQfeZyiNwAJbNbGKPFXCWuBvf9Ss623VQ5DA invoke [1]
[2025-11-05T06:35:30.546420000Z DEBUG solana_runtime::message_processor::stable_log] Program log: Instruction: MintTo
[2025-11-05T06:35:30.546478000Z DEBUG solana_runtime::message_processor::stable_log] Program TokenkegQfeZyiNwAJbNbGKPFXCWuBvf9Ss623VQ5DA consumed 4491 of 200000 compute units
[2025-11-05T06:35:30.546487000Z DEBUG solana_runtime::message_processor::stable_log] Program TokenkegQfeZyiNwAJbNbGKPFXCWuBvf9Ss623VQ5DA success
[2025-11-05T06:35:30.553589000Z DEBUG solana_runtime::message_processor::stable_log] Program ATokenGPvbdGVxr1b2hvZbsiqW5xWH25efTNsLJA8knL invoke [1]
[2025-11-05T06:35:30.553665000Z DEBUG solana_runtime::message_processor::stable_log] Program log: Create
[2025-11-05T06:35:30.553749000Z DEBUG solana_runtime::message_processor::stable_log] Program TokenkegQfeZyiNwAJbNbGKPFXCWuBvf9Ss623VQ5DA invoke [2]
[2025-11-05T06:35:30.553785000Z DEBUG solana_runtime::message_processor::stable_log] Program log: Instruction: GetAccountDataSize
[2025-11-05T06:35:30.553801000Z DEBUG solana_runtime::message_processor::stable_log] Program TokenkegQfeZyiNwAJbNbGKPFXCWuBvf9Ss623VQ5DA consumed 1595 of 191555 compute units
[2025-11-05T06:35:30.553808000Z DEBUG solana_runtime::message_processor::stable_log] Program return: TokenkegQfeZyiNwAJbNbGKPFXCWuBvf9Ss623VQ5DA pQAAAAAAAAA=
[2025-11-05T06:35:30.553817000Z DEBUG solana_runtime::message_processor::stable_log] Program TokenkegQfeZyiNwAJbNbGKPFXCWuBvf9Ss623VQ5DA success
[2025-11-05T06:35:30.553879000Z DEBUG solana_runtime::message_processor::stable_log] Program 11111111111111111111111111111111 invoke [2]
[2025-11-05T06:35:30.553888000Z DEBUG solana_runtime::message_processor::stable_log] Program 11111111111111111111111111111111 success
[2025-11-05T06:35:30.553894000Z DEBUG solana_runtime::message_processor::stable_log] Program log: Initialize the associated token account
[2025-11-05T06:35:30.553912000Z DEBUG solana_runtime::message_processor::stable_log] Program TokenkegQfeZyiNwAJbNbGKPFXCWuBvf9Ss623VQ5DA invoke [2]
[2025-11-05T06:35:30.553934000Z DEBUG solana_runtime::message_processor::stable_log] Program log: Instruction: InitializeImmutableOwner
[2025-11-05T06:35:30.553945000Z DEBUG solana_runtime::message_processor::stable_log] Program log: Please upgrade to SPL Token 2022 for immutable owner support
[2025-11-05T06:35:30.553948000Z DEBUG solana_runtime::message_processor::stable_log] Program TokenkegQfeZyiNwAJbNbGKPFXCWuBvf9Ss623VQ5DA consumed 1405 of 184942 compute units
[2025-11-05T06:35:30.553955000Z DEBUG solana_runtime::message_processor::stable_log] Program TokenkegQfeZyiNwAJbNbGKPFXCWuBvf9Ss623VQ5DA success
[2025-11-05T06:35:30.553988000Z DEBUG solana_runtime::message_processor::stable_log] Program TokenkegQfeZyiNwAJbNbGKPFXCWuBvf9Ss623VQ5DA invoke [2]
[2025-11-05T06:35:30.554014000Z DEBUG solana_runtime::message_processor::stable_log] Program log: Instruction: InitializeAccount3
[2025-11-05T06:35:30.554067000Z DEBUG solana_runtime::message_processor::stable_log] Program TokenkegQfeZyiNwAJbNbGKPFXCWuBvf9Ss623VQ5DA consumed 4214 of 181058 compute units
[2025-11-05T06:35:30.554074000Z DEBUG solana_runtime::message_processor::stable_log] Program TokenkegQfeZyiNwAJbNbGKPFXCWuBvf9Ss623VQ5DA success
[2025-11-05T06:35:30.554087000Z DEBUG solana_runtime::message_processor::stable_log] Program ATokenGPvbdGVxr1b2hvZbsiqW5xWH25efTNsLJA8knL consumed 23460 of 200000 compute units
[2025-11-05T06:35:30.554096000Z DEBUG solana_runtime::message_processor::stable_log] Program ATokenGPvbdGVxr1b2hvZbsiqW5xWH25efTNsLJA8knL success
[2025-11-05T06:35:30.558919000Z DEBUG solana_runtime::message_processor::stable_log] Program TokenkegQfeZyiNwAJbNbGKPFXCWuBvf9Ss623VQ5DA invoke [1]
[2025-11-05T06:35:30.559006000Z DEBUG solana_runtime::message_processor::stable_log] Program log: Instruction: MintTo
[2025-11-05T06:35:30.559162000Z DEBUG solana_runtime::message_processor::stable_log] Program TokenkegQfeZyiNwAJbNbGKPFXCWuBvf9Ss623VQ5DA consumed 4491 of 200000 compute units
[2025-11-05T06:35:30.559180000Z DEBUG solana_runtime::message_processor::stable_log] Program TokenkegQfeZyiNwAJbNbGKPFXCWuBvf9Ss623VQ5DA success
[2025-11-05T06:35:30.575799000Z DEBUG solana_runtime::message_processor::stable_log] Program ASmKWt93JEMHxbdE6j7znD9y2FcdPboCzC3xtSTJvN7S invoke [1]
[2025-11-05T06:35:30.575861000Z DEBUG solana_runtime::message_processor::stable_log] Program log: Instruction: CreateConfig
[2025-11-05T06:35:30.575945000Z DEBUG solana_runtime::message_processor::stable_log] Program 11111111111111111111111111111111 invoke [2]
[2025-11-05T06:35:30.575953000Z DEBUG solana_runtime::message_processor::stable_log] Program 11111111111111111111111111111111 success
[2025-11-05T06:35:30.576048000Z DEBUG solana_runtime::message_processor::stable_log] Program ASmKWt93JEMHxbdE6j7znD9y2FcdPboCzC3xtSTJvN7S invoke [2]
[2025-11-05T06:35:30.576082000Z DEBUG solana_runtime::message_processor::stable_log] Program ASmKWt93JEMHxbdE6j7znD9y2FcdPboCzC3xtSTJvN7S consumed 2069 of 186098 compute units
[2025-11-05T06:35:30.576092000Z DEBUG solana_runtime::message_processor::stable_log] Program ASmKWt93JEMHxbdE6j7znD9y2FcdPboCzC3xtSTJvN7S success
[2025-11-05T06:35:30.576106000Z DEBUG solana_runtime::message_processor::stable_log] Program ASmKWt93JEMHxbdE6j7znD9y2FcdPboCzC3xtSTJvN7S consumed 16276 of 200000 compute units
[2025-11-05T06:35:30.576115000Z DEBUG solana_runtime::message_processor::stable_log] Program ASmKWt93JEMHxbdE6j7znD9y2FcdPboCzC3xtSTJvN7S success
[2025-11-05T06:35:30.611544000Z DEBUG solana_runtime::message_processor::stable_log] Program ASmKWt93JEMHxbdE6j7znD9y2FcdPboCzC3xtSTJvN7S invoke [1]
[2025-11-05T06:35:30.611704000Z DEBUG solana_runtime::message_processor::stable_log] Program log: Instruction: InitializePool
[2025-11-05T06:35:30.611844000Z DEBUG solana_runtime::message_processor::stable_log] Program 11111111111111111111111111111111 invoke [2]
[2025-11-05T06:35:30.611854000Z DEBUG solana_runtime::message_processor::stable_log] Program 11111111111111111111111111111111 success
[2025-11-05T06:35:30.611885000Z DEBUG solana_runtime::message_processor::stable_log] Program TokenzQdBNbLqP5VEhdkAS6EPFLC1PHnBqCXEpPxuEb invoke [2]
[2025-11-05T06:35:30.611922000Z DEBUG solana_runtime::message_processor::stable_log] Program log: MetadataPointerInstruction::Initialize
[2025-11-05T06:35:30.611954000Z DEBUG solana_runtime::message_processor::stable_log] Program TokenzQdBNbLqP5VEhdkAS6EPFLC1PHnBqCXEpPxuEb consumed 2442 of 334963 compute units
[2025-11-05T06:35:30.611963000Z DEBUG solana_runtime::message_processor::stable_log] Program TokenzQdBNbLqP5VEhdkAS6EPFLC1PHnBqCXEpPxuEb success
[2025-11-05T06:35:30.611992000Z DEBUG solana_runtime::message_processor::stable_log] Program TokenzQdBNbLqP5VEhdkAS6EPFLC1PHnBqCXEpPxuEb invoke [2]
[2025-11-05T06:35:30.612015000Z DEBUG solana_runtime::message_processor::stable_log] Program log: Instruction: InitializeMintCloseAuthority
[2025-11-05T06:35:30.612046000Z DEBUG solana_runtime::message_processor::stable_log] Program TokenzQdBNbLqP5VEhdkAS6EPFLC1PHnBqCXEpPxuEb consumed 2570 of 330543 compute units
[2025-11-05T06:35:30.612053000Z DEBUG solana_runtime::message_processor::stable_log] Program TokenzQdBNbLqP5VEhdkAS6EPFLC1PHnBqCXEpPxuEb success
[2025-11-05T06:35:30.612082000Z DEBUG solana_runtime::message_processor::stable_log] Program TokenzQdBNbLqP5VEhdkAS6EPFLC1PHnBqCXEpPxuEb invoke [2]
[2025-11-05T06:35:30.612107000Z DEBUG solana_runtime::message_processor::stable_log] Program log: Instruction: InitializeMint2
[2025-11-05T06:35:30.612164000Z DEBUG solana_runtime::message_processor::stable_log] Program TokenzQdBNbLqP5VEhdkAS6EPFLC1PHnBqCXEpPxuEb consumed 4078 of 326031 compute units
[2025-11-05T06:35:30.612172000Z DEBUG solana_runtime::message_processor::stable_log] Program TokenzQdBNbLqP5VEhdkAS6EPFLC1PHnBqCXEpPxuEb success
[2025-11-05T06:35:30.612332000Z DEBUG solana_runtime::message_processor::stable_log] Program 11111111111111111111111111111111 invoke [2]
[2025-11-05T06:35:30.612337000Z DEBUG solana_runtime::message_processor::stable_log] Program 11111111111111111111111111111111 success
[2025-11-05T06:35:30.612364000Z DEBUG solana_runtime::message_processor::stable_log] Program TokenzQdBNbLqP5VEhdkAS6EPFLC1PHnBqCXEpPxuEb invoke [2]
[2025-11-05T06:35:30.612395000Z DEBUG solana_runtime::message_processor::stable_log] Program log: Instruction: InitializeAccount3
[2025-11-05T06:35:30.612526000Z DEBUG solana_runtime::message_processor::stable_log] Program TokenzQdBNbLqP5VEhdkAS6EPFLC1PHnBqCXEpPxuEb consumed 5137 of 301847 compute units
[2025-11-05T06:35:30.612537000Z DEBUG solana_runtime::message_processor::stable_log] Program TokenzQdBNbLqP5VEhdkAS6EPFLC1PHnBqCXEpPxuEb success
[2025-11-05T06:35:30.612633000Z DEBUG solana_runtime::message_processor::stable_log] Program 11111111111111111111111111111111 invoke [2]
[2025-11-05T06:35:30.612641000Z DEBUG solana_runtime::message_processor::stable_log] Program 11111111111111111111111111111111 success
[2025-11-05T06:35:30.612738000Z DEBUG solana_runtime::message_processor::stable_log] Program 11111111111111111111111111111111 invoke [2]
[2025-11-05T06:35:30.612747000Z DEBUG solana_runtime::message_processor::stable_log] Program 11111111111111111111111111111111 success
[2025-11-05T06:35:30.612816000Z DEBUG solana_runtime::message_processor::stable_log] Program 11111111111111111111111111111111 invoke [2]
[2025-11-05T06:35:30.612820000Z DEBUG solana_runtime::message_processor::stable_log] Program 11111111111111111111111111111111 success
[2025-11-05T06:35:30.612894000Z DEBUG solana_runtime::message_processor::stable_log] Program TokenkegQfeZyiNwAJbNbGKPFXCWuBvf9Ss623VQ5DA invoke [2]
[2025-11-05T06:35:30.612940000Z DEBUG solana_runtime::message_processor::stable_log] Program log: Instruction: InitializeAccount3
[2025-11-05T06:35:30.613048000Z DEBUG solana_runtime::message_processor::stable_log] Program TokenkegQfeZyiNwAJbNbGKPFXCWuBvf9Ss623VQ5DA consumed 4214 of 276748 compute units
[2025-11-05T06:35:30.613057000Z DEBUG solana_runtime::message_processor::stable_log] Program TokenkegQfeZyiNwAJbNbGKPFXCWuBvf9Ss623VQ5DA success
[2025-11-05T06:35:30.613157000Z DEBUG solana_runtime::message_processor::stable_log] Program 11111111111111111111111111111111 invoke [2]
[2025-11-05T06:35:30.613164000Z DEBUG solana_runtime::message_processor::stable_log] Program 11111111111111111111111111111111 success
[2025-11-05T06:35:30.613190000Z DEBUG solana_runtime::message_processor::stable_log] Program TokenkegQfeZyiNwAJbNbGKPFXCWuBvf9Ss623VQ5DA invoke [2]
[2025-11-05T06:35:30.613217000Z DEBUG solana_runtime::message_processor::stable_log] Program log: Instruction: InitializeAccount3
[2025-11-05T06:35:30.613269000Z DEBUG solana_runtime::message_processor::stable_log] Program TokenkegQfeZyiNwAJbNbGKPFXCWuBvf9Ss623VQ5DA consumed 4214 of 262109 compute units
[2025-11-05T06:35:30.613276000Z DEBUG solana_runtime::message_processor::stable_log] Program TokenkegQfeZyiNwAJbNbGKPFXCWuBvf9Ss623VQ5DA success
[2025-11-05T06:35:30.613484000Z DEBUG solana_runtime::message_processor::stable_log] Program TokenzQdBNbLqP5VEhdkAS6EPFLC1PHnBqCXEpPxuEb invoke [2]
[2025-11-05T06:35:30.613536000Z DEBUG solana_runtime::message_processor::stable_log] Program log: TokenMetadataInstruction: Initialize
[2025-11-05T06:35:30.613742000Z DEBUG solana_runtime::message_processor::stable_log] Program TokenzQdBNbLqP5VEhdkAS6EPFLC1PHnBqCXEpPxuEb consumed 9900 of 245977 compute units
[2025-11-05T06:35:30.613755000Z DEBUG solana_runtime::message_processor::stable_log] Program TokenzQdBNbLqP5VEhdkAS6EPFLC1PHnBqCXEpPxuEb success
[2025-11-05T06:35:30.613795000Z DEBUG solana_runtime::message_processor::stable_log] Program 11111111111111111111111111111111 invoke [2]
[2025-11-05T06:35:30.613798000Z DEBUG solana_runtime::message_processor::stable_log] Program 11111111111111111111111111111111 success
[2025-11-05T06:35:30.613837000Z DEBUG solana_runtime::message_processor::stable_log] Program TokenzQdBNbLqP5VEhdkAS6EPFLC1PHnBqCXEpPxuEb invoke [2]
[2025-11-05T06:35:30.613867000Z DEBUG solana_runtime::message_processor::stable_log] Program log: Instruction: MintTo
[2025-11-05T06:35:30.613940000Z DEBUG solana_runtime::message_processor::stable_log] Program TokenzQdBNbLqP5VEhdkAS6EPFLC1PHnBqCXEpPxuEb consumed 5540 of 231015 compute units
[2025-11-05T06:35:30.613948000Z DEBUG solana_runtime::message_processor::stable_log] Program TokenzQdBNbLqP5VEhdkAS6EPFLC1PHnBqCXEpPxuEb success
[2025-11-05T06:35:30.613997000Z DEBUG solana_runtime::message_processor::stable_log] Program ASmKWt93JEMHxbdE6j7znD9y2FcdPboCzC3xtSTJvN7S invoke [2]
[2025-11-05T06:35:30.614030000Z DEBUG solana_runtime::message_processor::stable_log] Program ASmKWt93JEMHxbdE6j7znD9y2FcdPboCzC3xtSTJvN7S consumed 2069 of 222410 compute units
[2025-11-05T06:35:30.614037000Z DEBUG solana_runtime::message_processor::stable_log] Program ASmKWt93JEMHxbdE6j7znD9y2FcdPboCzC3xtSTJvN7S success
[2025-11-05T06:35:30.614080000Z DEBUG solana_runtime::message_processor::stable_log] Program TokenkegQfeZyiNwAJbNbGKPFXCWuBvf9Ss623VQ5DA invoke [2]
[2025-11-05T06:35:30.614115000Z DEBUG solana_runtime::message_processor::stable_log] Program log: Instruction: TransferChecked
[2025-11-05T06:35:30.614236000Z DEBUG solana_runtime::message_processor::stable_log] Program TokenkegQfeZyiNwAJbNbGKPFXCWuBvf9Ss623VQ5DA consumed 6174 of 217869 compute units
[2025-11-05T06:35:30.614256000Z DEBUG solana_runtime::message_processor::stable_log] Program TokenkegQfeZyiNwAJbNbGKPFXCWuBvf9Ss623VQ5DA success
[2025-11-05T06:35:30.614296000Z DEBUG solana_runtime::message_processor::stable_log] Program TokenkegQfeZyiNwAJbNbGKPFXCWuBvf9Ss623VQ5DA invoke [2]
[2025-11-05T06:35:30.614329000Z DEBUG solana_runtime::message_processor::stable_log] Program log: Instruction: TransferChecked
[2025-11-05T06:35:30.614408000Z DEBUG solana_runtime::message_processor::stable_log] Program TokenkegQfeZyiNwAJbNbGKPFXCWuBvf9Ss623VQ5DA consumed 6269 of 209285 compute units
[2025-11-05T06:35:30.614420000Z DEBUG solana_runtime::message_processor::stable_log] Program TokenkegQfeZyiNwAJbNbGKPFXCWuBvf9Ss623VQ5DA success
[2025-11-05T06:35:30.614493000Z DEBUG solana_runtime::message_processor::stable_log] Program ASmKWt93JEMHxbdE6j7znD9y2FcdPboCzC3xtSTJvN7S invoke [2]
[2025-11-05T06:35:30.614525000Z DEBUG solana_runtime::message_processor::stable_log] Program ASmKWt93JEMHxbdE6j7znD9y2FcdPboCzC3xtSTJvN7S consumed 2069 of 197935 compute units
[2025-11-05T06:35:30.614533000Z DEBUG solana_runtime::message_processor::stable_log] Program ASmKWt93JEMHxbdE6j7znD9y2FcdPboCzC3xtSTJvN7S success
[2025-11-05T06:35:30.614557000Z DEBUG solana_runtime::message_processor::stable_log] Program ASmKWt93JEMHxbdE6j7znD9y2FcdPboCzC3xtSTJvN7S consumed 154928 of 350000 compute units
[2025-11-05T06:35:30.614567000Z DEBUG solana_runtime::message_processor::stable_log] Program ASmKWt93JEMHxbdE6j7znD9y2FcdPboCzC3xtSTJvN7S success
[2025-11-05T06:35:30.614575000Z DEBUG solana_runtime::message_processor::stable_log] Program ComputeBudget111111111111111111111111111111 invoke [1]
[2025-11-05T06:35:30.614582000Z DEBUG solana_runtime::message_processor::stable_log] Program ComputeBudget111111111111111111111111111111 success
[2025-11-05T06:35:30.636192000Z DEBUG solana_runtime::message_processor::stable_log] Program ASmKWt93JEMHxbdE6j7znD9y2FcdPboCzC3xtSTJvN7S invoke [1]
[2025-11-05T06:35:30.636293000Z DEBUG solana_runtime::message_processor::stable_log] Program log: Instruction: CreatePosition
[2025-11-05T06:35:30.636366000Z DEBUG solana_runtime::message_processor::stable_log] Program 11111111111111111111111111111111 invoke [2]
[2025-11-05T06:35:30.636374000Z DEBUG solana_runtime::message_processor::stable_log] Program 11111111111111111111111111111111 success
[2025-11-05T06:35:30.636406000Z DEBUG solana_runtime::message_processor::stable_log] Program TokenzQdBNbLqP5VEhdkAS6EPFLC1PHnBqCXEpPxuEb invoke [2]
[2025-11-05T06:35:30.636441000Z DEBUG solana_runtime::message_processor::stable_log] Program log: MetadataPointerInstruction::Initialize
[2025-11-05T06:35:30.636476000Z DEBUG solana_runtime::message_processor::stable_log] Program TokenzQdBNbLqP5VEhdkAS6EPFLC1PHnBqCXEpPxuEb consumed 2442 of 191116 compute units
[2025-11-05T06:35:30.636486000Z DEBUG solana_runtime::message_processor::stable_log] Program TokenzQdBNbLqP5VEhdkAS6EPFLC1PHnBqCXEpPxuEb success
[2025-11-05T06:35:30.636515000Z DEBUG solana_runtime::message_processor::stable_log] Program TokenzQdBNbLqP5VEhdkAS6EPFLC1PHnBqCXEpPxuEb invoke [2]
[2025-11-05T06:35:30.636540000Z DEBUG solana_runtime::message_processor::stable_log] Program log: Instruction: InitializeMintCloseAuthority
[2025-11-05T06:35:30.636585000Z DEBUG solana_runtime::message_processor::stable_log] Program TokenzQdBNbLqP5VEhdkAS6EPFLC1PHnBqCXEpPxuEb consumed 2570 of 186696 compute units
[2025-11-05T06:35:30.636606000Z DEBUG solana_runtime::message_processor::stable_log] Program TokenzQdBNbLqP5VEhdkAS6EPFLC1PHnBqCXEpPxuEb success
[2025-11-05T06:35:30.636647000Z DEBUG solana_runtime::message_processor::stable_log] Program TokenzQdBNbLqP5VEhdkAS6EPFLC1PHnBqCXEpPxuEb invoke [2]
[2025-11-05T06:35:30.636676000Z DEBUG solana_runtime::message_processor::stable_log] Program log: Instruction: InitializeMint2
[2025-11-05T06:35:30.636751000Z DEBUG solana_runtime::message_processor::stable_log] Program TokenzQdBNbLqP5VEhdkAS6EPFLC1PHnBqCXEpPxuEb consumed 4078 of 182183 compute units
[2025-11-05T06:35:30.636760000Z DEBUG solana_runtime::message_processor::stable_log] Program TokenzQdBNbLqP5VEhdkAS6EPFLC1PHnBqCXEpPxuEb success
[2025-11-05T06:35:30.636915000Z DEBUG solana_runtime::message_processor::stable_log] Program 11111111111111111111111111111111 invoke [2]
[2025-11-05T06:35:30.636919000Z DEBUG solana_runtime::message_processor::stable_log] Program 11111111111111111111111111111111 success
[2025-11-05T06:35:30.636971000Z DEBUG solana_runtime::message_processor::stable_log] Program TokenzQdBNbLqP5VEhdkAS6EPFLC1PHnBqCXEpPxuEb invoke [2]
[2025-11-05T06:35:30.637001000Z DEBUG solana_runtime::message_processor::stable_log] Program log: Instruction: InitializeAccount3
[2025-11-05T06:35:30.637075000Z DEBUG solana_runtime::message_processor::stable_log] Program TokenzQdBNbLqP5VEhdkAS6EPFLC1PHnBqCXEpPxuEb consumed 5137 of 159499 compute units
[2025-11-05T06:35:30.637087000Z DEBUG solana_runtime::message_processor::stable_log] Program TokenzQdBNbLqP5VEhdkAS6EPFLC1PHnBqCXEpPxuEb success
[2025-11-05T06:35:30.637183000Z DEBUG solana_runtime::message_processor::stable_log] Program 11111111111111111111111111111111 invoke [2]
[2025-11-05T06:35:30.637186000Z DEBUG solana_runtime::message_processor::stable_log] Program 11111111111111111111111111111111 success
[2025-11-05T06:35:30.637283000Z DEBUG solana_runtime::message_processor::stable_log] Program TokenzQdBNbLqP5VEhdkAS6EPFLC1PHnBqCXEpPxuEb invoke [2]
[2025-11-05T06:35:30.637335000Z DEBUG solana_runtime::message_processor::stable_log] Program log: TokenMetadataInstruction: Initialize
[2025-11-05T06:35:30.637463000Z DEBUG solana_runtime::message_processor::stable_log] Program TokenzQdBNbLqP5VEhdkAS6EPFLC1PHnBqCXEpPxuEb consumed 9900 of 139769 compute units
[2025-11-05T06:35:30.637472000Z DEBUG solana_runtime::message_processor::stable_log] Program TokenzQdBNbLqP5VEhdkAS6EPFLC1PHnBqCXEpPxuEb success
[2025-11-05T06:35:30.637510000Z DEBUG solana_runtime::message_processor::stable_log] Program 11111111111111111111111111111111 invoke [2]
[2025-11-05T06:35:30.637514000Z DEBUG solana_runtime::message_processor::stable_log] Program 11111111111111111111111111111111 success
[2025-11-05T06:35:30.637551000Z DEBUG solana_runtime::message_processor::stable_log] Program TokenzQdBNbLqP5VEhdkAS6EPFLC1PHnBqCXEpPxuEb invoke [2]
[2025-11-05T06:35:30.637581000Z DEBUG solana_runtime::message_processor::stable_log] Program log: Instruction: MintTo
[2025-11-05T06:35:30.637651000Z DEBUG solana_runtime::message_processor::stable_log] Program TokenzQdBNbLqP5VEhdkAS6EPFLC1PHnBqCXEpPxuEb consumed 5540 of 124807 compute units
[2025-11-05T06:35:30.637660000Z DEBUG solana_runtime::message_processor::stable_log] Program TokenzQdBNbLqP5VEhdkAS6EPFLC1PHnBqCXEpPxuEb success
[2025-11-05T06:35:30.637708000Z DEBUG solana_runtime::message_processor::stable_log] Program ASmKWt93JEMHxbdE6j7znD9y2FcdPboCzC3xtSTJvN7S invoke [2]
[2025-11-05T06:35:30.637740000Z DEBUG solana_runtime::message_processor::stable_log] Program ASmKWt93JEMHxbdE6j7znD9y2FcdPboCzC3xtSTJvN7S consumed 2069 of 116201 compute units
[2025-11-05T06:35:30.637748000Z DEBUG solana_runtime::message_processor::stable_log] Program ASmKWt93JEMHxbdE6j7znD9y2FcdPboCzC3xtSTJvN7S success
[2025-11-05T06:35:30.637766000Z DEBUG solana_runtime::message_processor::stable_log] Program ASmKWt93JEMHxbdE6j7znD9y2FcdPboCzC3xtSTJvN7S consumed 86433 of 200000 compute units
[2025-11-05T06:35:30.637776000Z DEBUG solana_runtime::message_processor::stable_log] Program ASmKWt93JEMHxbdE6j7znD9y2FcdPboCzC3xtSTJvN7S success
[2025-11-05T06:35:30.665336000Z DEBUG solana_runtime::message_processor::stable_log] Program ASmKWt93JEMHxbdE6j7znD9y2FcdPboCzC3xtSTJvN7S invoke [1]
[2025-11-05T06:35:30.665450000Z DEBUG solana_runtime::message_processor::stable_log] Program log: Instruction: AddLiquidity
[2025-11-05T06:35:30.665850000Z DEBUG solana_runtime::message_processor::stable_log] Program TokenkegQfeZyiNwAJbNbGKPFXCWuBvf9Ss623VQ5DA invoke [2]
[2025-11-05T06:35:30.665908000Z DEBUG solana_runtime::message_processor::stable_log] Program log: Instruction: TransferChecked
[2025-11-05T06:35:30.665985000Z DEBUG solana_runtime::message_processor::stable_log] Program TokenkegQfeZyiNwAJbNbGKPFXCWuBvf9Ss623VQ5DA consumed 6174 of 178932 compute units
[2025-11-05T06:35:30.665999000Z DEBUG solana_runtime::message_processor::stable_log] Program TokenkegQfeZyiNwAJbNbGKPFXCWuBvf9Ss623VQ5DA success
[2025-11-05T06:35:30.666047000Z DEBUG solana_runtime::message_processor::stable_log] Program TokenkegQfeZyiNwAJbNbGKPFXCWuBvf9Ss623VQ5DA invoke [2]
[2025-11-05T06:35:30.666083000Z DEBUG solana_runtime::message_processor::stable_log] Program log: Instruction: TransferChecked
[2025-11-05T06:35:30.666156000Z DEBUG solana_runtime::message_processor::stable_log] Program TokenkegQfeZyiNwAJbNbGKPFXCWuBvf9Ss623VQ5DA consumed 6269 of 170348 compute units
[2025-11-05T06:35:30.666165000Z DEBUG solana_runtime::message_processor::stable_log] Program TokenkegQfeZyiNwAJbNbGKPFXCWuBvf9Ss623VQ5DA success
[2025-11-05T06:35:30.666237000Z DEBUG solana_runtime::message_processor::stable_log] Program ASmKWt93JEMHxbdE6j7znD9y2FcdPboCzC3xtSTJvN7S invoke [2]
[2025-11-05T06:35:30.666275000Z DEBUG solana_runtime::message_processor::stable_log] Program ASmKWt93JEMHxbdE6j7znD9y2FcdPboCzC3xtSTJvN7S consumed 2069 of 160825 compute units
[2025-11-05T06:35:30.666285000Z DEBUG solana_runtime::message_processor::stable_log] Program ASmKWt93JEMHxbdE6j7znD9y2FcdPboCzC3xtSTJvN7S success
[2025-11-05T06:35:30.666377000Z DEBUG solana_runtime::message_processor::stable_log] Program ASmKWt93JEMHxbdE6j7znD9y2FcdPboCzC3xtSTJvN7S invoke [2]
[2025-11-05T06:35:30.666407000Z DEBUG solana_runtime::message_processor::stable_log] Program ASmKWt93JEMHxbdE6j7znD9y2FcdPboCzC3xtSTJvN7S consumed 2069 of 152618 compute units
[2025-11-05T06:35:30.666428000Z DEBUG solana_runtime::message_processor::stable_log] Program ASmKWt93JEMHxbdE6j7znD9y2FcdPboCzC3xtSTJvN7S success
[2025-11-05T06:35:30.666450000Z DEBUG solana_runtime::message_processor::stable_log] Program ASmKWt93JEMHxbdE6j7znD9y2FcdPboCzC3xtSTJvN7S consumed 50092 of 200000 compute units
[2025-11-05T06:35:30.666460000Z DEBUG solana_runtime::message_processor::stable_log] Program ASmKWt93JEMHxbdE6j7znD9y2FcdPboCzC3xtSTJvN7S success
[2025-11-05T06:35:30.680293000Z DEBUG solana_runtime::message_processor::stable_log] Program ASmKWt93JEMHxbdE6j7znD9y2FcdPboCzC3xtSTJvN7S invoke [1]
[2025-11-05T06:35:30.680384000Z DEBUG solana_runtime::message_processor::stable_log] Program log: Instruction: CreatePosition
[2025-11-05T06:35:30.680459000Z DEBUG solana_runtime::message_processor::stable_log] Program 11111111111111111111111111111111 invoke [2]
[2025-11-05T06:35:30.680468000Z DEBUG solana_runtime::message_processor::stable_log] Program 11111111111111111111111111111111 success
[2025-11-05T06:35:30.680502000Z DEBUG solana_runtime::message_processor::stable_log] Program TokenzQdBNbLqP5VEhdkAS6EPFLC1PHnBqCXEpPxuEb invoke [2]
[2025-11-05T06:35:30.680543000Z DEBUG solana_runtime::message_processor::stable_log] Program log: MetadataPointerInstruction::Initialize
[2025-11-05T06:35:30.680577000Z DEBUG solana_runtime::message_processor::stable_log] Program TokenzQdBNbLqP5VEhdkAS6EPFLC1PHnBqCXEpPxuEb consumed 2442 of 191116 compute units
[2025-11-05T06:35:30.680587000Z DEBUG solana_runtime::message_processor::stable_log] Program TokenzQdBNbLqP5VEhdkAS6EPFLC1PHnBqCXEpPxuEb success
[2025-11-05T06:35:30.680617000Z DEBUG solana_runtime::message_processor::stable_log] Program TokenzQdBNbLqP5VEhdkAS6EPFLC1PHnBqCXEpPxuEb invoke [2]
[2025-11-05T06:35:30.680640000Z DEBUG solana_runtime::message_processor::stable_log] Program log: Instruction: InitializeMintCloseAuthority
[2025-11-05T06:35:30.680670000Z DEBUG solana_runtime::message_processor::stable_log] Program TokenzQdBNbLqP5VEhdkAS6EPFLC1PHnBqCXEpPxuEb consumed 2570 of 186696 compute units
[2025-11-05T06:35:30.680678000Z DEBUG solana_runtime::message_processor::stable_log] Program TokenzQdBNbLqP5VEhdkAS6EPFLC1PHnBqCXEpPxuEb success
[2025-11-05T06:35:30.680707000Z DEBUG solana_runtime::message_processor::stable_log] Program TokenzQdBNbLqP5VEhdkAS6EPFLC1PHnBqCXEpPxuEb invoke [2]
[2025-11-05T06:35:30.680730000Z DEBUG solana_runtime::message_processor::stable_log] Program log: Instruction: InitializeMint2
[2025-11-05T06:35:30.680788000Z DEBUG solana_runtime::message_processor::stable_log] Program TokenzQdBNbLqP5VEhdkAS6EPFLC1PHnBqCXEpPxuEb consumed 4078 of 182183 compute units
[2025-11-05T06:35:30.680796000Z DEBUG solana_runtime::message_processor::stable_log] Program TokenzQdBNbLqP5VEhdkAS6EPFLC1PHnBqCXEpPxuEb success
[2025-11-05T06:35:30.680971000Z DEBUG solana_runtime::message_processor::stable_log] Program 11111111111111111111111111111111 invoke [2]
[2025-11-05T06:35:30.680978000Z DEBUG solana_runtime::message_processor::stable_log] Program 11111111111111111111111111111111 success
[2025-11-05T06:35:30.681006000Z DEBUG solana_runtime::message_processor::stable_log] Program TokenzQdBNbLqP5VEhdkAS6EPFLC1PHnBqCXEpPxuEb invoke [2]
[2025-11-05T06:35:30.681035000Z DEBUG solana_runtime::message_processor::stable_log] Program log: Instruction: InitializeAccount3
[2025-11-05T06:35:30.681111000Z DEBUG solana_runtime::message_processor::stable_log] Program TokenzQdBNbLqP5VEhdkAS6EPFLC1PHnBqCXEpPxuEb consumed 5137 of 166999 compute units
[2025-11-05T06:35:30.681121000Z DEBUG solana_runtime::message_processor::stable_log] Program TokenzQdBNbLqP5VEhdkAS6EPFLC1PHnBqCXEpPxuEb success
[2025-11-05T06:35:30.681214000Z DEBUG solana_runtime::message_processor::stable_log] Program 11111111111111111111111111111111 invoke [2]
[2025-11-05T06:35:30.681218000Z DEBUG solana_runtime::message_processor::stable_log] Program 11111111111111111111111111111111 success
[2025-11-05T06:35:30.681332000Z DEBUG solana_runtime::message_processor::stable_log] Program TokenzQdBNbLqP5VEhdkAS6EPFLC1PHnBqCXEpPxuEb invoke [2]
[2025-11-05T06:35:30.681389000Z DEBUG solana_runtime::message_processor::stable_log] Program log: TokenMetadataInstruction: Initialize
[2025-11-05T06:35:30.681511000Z DEBUG solana_runtime::message_processor::stable_log] Program TokenzQdBNbLqP5VEhdkAS6EPFLC1PHnBqCXEpPxuEb consumed 9900 of 148769 compute units
[2025-11-05T06:35:30.681520000Z DEBUG solana_runtime::message_processor::stable_log] Program TokenzQdBNbLqP5VEhdkAS6EPFLC1PHnBqCXEpPxuEb success
[2025-11-05T06:35:30.681559000Z DEBUG solana_runtime::message_processor::stable_log] Program 11111111111111111111111111111111 invoke [2]
[2025-11-05T06:35:30.681561000Z DEBUG solana_runtime::message_processor::stable_log] Program 11111111111111111111111111111111 success
[2025-11-05T06:35:30.681599000Z DEBUG solana_runtime::message_processor::stable_log] Program TokenzQdBNbLqP5VEhdkAS6EPFLC1PHnBqCXEpPxuEb invoke [2]
[2025-11-05T06:35:30.681629000Z DEBUG solana_runtime::message_processor::stable_log] Program log: Instruction: MintTo
[2025-11-05T06:35:30.681701000Z DEBUG solana_runtime::message_processor::stable_log] Program TokenzQdBNbLqP5VEhdkAS6EPFLC1PHnBqCXEpPxuEb consumed 5540 of 133807 compute units
[2025-11-05T06:35:30.681711000Z DEBUG solana_runtime::message_processor::stable_log] Program TokenzQdBNbLqP5VEhdkAS6EPFLC1PHnBqCXEpPxuEb success
[2025-11-05T06:35:30.681768000Z DEBUG solana_runtime::message_processor::stable_log] Program ASmKWt93JEMHxbdE6j7znD9y2FcdPboCzC3xtSTJvN7S invoke [2]
[2025-11-05T06:35:30.681807000Z DEBUG solana_runtime::message_processor::stable_log] Program ASmKWt93JEMHxbdE6j7znD9y2FcdPboCzC3xtSTJvN7S consumed 2069 of 125201 compute units
[2025-11-05T06:35:30.681817000Z DEBUG solana_runtime::message_processor::stable_log] Program ASmKWt93JEMHxbdE6j7znD9y2FcdPboCzC3xtSTJvN7S success
[2025-11-05T06:35:30.681836000Z DEBUG solana_runtime::message_processor::stable_log] Program ASmKWt93JEMHxbdE6j7znD9y2FcdPboCzC3xtSTJvN7S consumed 77433 of 200000 compute units
[2025-11-05T06:35:30.681846000Z DEBUG solana_runtime::message_processor::stable_log] Program ASmKWt93JEMHxbdE6j7znD9y2FcdPboCzC3xtSTJvN7S success
[2025-11-05T06:35:30.712905000Z DEBUG solana_runtime::message_processor::stable_log] Program ASmKWt93JEMHxbdE6j7znD9y2FcdPboCzC3xtSTJvN7S invoke [1]
[2025-11-05T06:35:30.712996000Z DEBUG solana_runtime::message_processor::stable_log] Program log: Instruction: SplitPosition
[2025-11-05T06:35:30.713243000Z DEBUG solana_runtime::message_processor::stable_log] Program ASmKWt93JEMHxbdE6j7znD9y2FcdPboCzC3xtSTJvN7S invoke [2]
[2025-11-05T06:35:30.713286000Z DEBUG solana_runtime::message_processor::stable_log] Program ASmKWt93JEMHxbdE6j7znD9y2FcdPboCzC3xtSTJvN7S consumed 2069 of 182012 compute units
[2025-11-05T06:35:30.713295000Z DEBUG solana_runtime::message_processor::stable_log] Program ASmKWt93JEMHxbdE6j7znD9y2FcdPboCzC3xtSTJvN7S success
[2025-11-05T06:35:30.713391000Z DEBUG solana_runtime::message_processor::stable_log] Program ASmKWt93JEMHxbdE6j7znD9y2FcdPboCzC3xtSTJvN7S consumed 20702 of 200000 compute units
[2025-11-05T06:35:30.713405000Z DEBUG solana_runtime::message_processor::stable_log] Program ASmKWt93JEMHxbdE6j7znD9y2FcdPboCzC3xtSTJvN7S success
    ✔ Merge two position (103ms)

  Split position 2
[2025-11-05T06:35:30.725776000Z INFO  solana_program_test] "cp_amm" SBF program from ./target/deploy/cp_amm.so, modified 24 minutes, 38 seconds, 73 ms, 92 µs and 203 ns ago
[2025-11-05T06:35:30.725940000Z INFO  solana_program_test] "fee_router" SBF program from ./target/deploy/fee_router.so, modified 40 seconds, 810 ms, 200 µs and 331 ns ago
[2025-11-05T06:35:30.726107000Z INFO  solana_program_test] "transfer_hook_counter" SBF program from tests/fixtures/transfer_hook_counter.so, modified 3 weeks, 22 hours, 59 minutes, 5 seconds, 551 ms, 707 µs and 196 ns ago
[2025-11-05T06:35:30.726396000Z INFO  solana_program_test] "alpha_vault" SBF program from tests/fixtures/alpha_vault.so, modified 3 weeks, 22 hours, 59 minutes, 5 seconds, 552 ms, 682 µs and 72 ns ago
[2025-11-05T06:35:30.727542000Z INFO  solana_program_test] "streamflow" SBF program from tests/fixtures/streamflow.so, modified 3 weeks, 6 hours, 59 minutes, 15 seconds, 438 ms, 449 µs and 387 ns ago
[2025-11-05T06:35:30.728706000Z INFO  solana_program_test] "cp_amm" SBF program from ./target/deploy/cp_amm.so, modified 24 minutes, 38 seconds, 76 ms, 20 µs and 203 ns ago
[2025-11-05T06:35:30.728990000Z INFO  solana_program_test] "fee_router" SBF program from ./target/deploy/fee_router.so, modified 40 seconds, 813 ms, 248 µs and 331 ns ago
[2025-11-05T06:35:30.750217000Z INFO  solana_program_test] Overriding account at ASmKWt93JEMHxbdE6j7znD9y2FcdPboCzC3xtSTJvN7S
[2025-11-05T06:35:30.750233000Z INFO  solana_program_test] Overriding account at 5B57SJ3g2YoNXUpsZqqjEQkRSxyKtVTQRXdgAirz6bio
[2025-11-05T06:35:30.760561000Z DEBUG solana_runtime::message_processor::stable_log] Program 11111111111111111111111111111111 invoke [1]
[2025-11-05T06:35:30.760586000Z DEBUG solana_runtime::message_processor::stable_log] Program 11111111111111111111111111111111 success
[2025-11-05T06:35:30.764716000Z DEBUG solana_runtime::message_processor::stable_log] Program 11111111111111111111111111111111 invoke [1]
[2025-11-05T06:35:30.764729000Z DEBUG solana_runtime::message_processor::stable_log] Program 11111111111111111111111111111111 success
[2025-11-05T06:35:30.769315000Z DEBUG solana_runtime::message_processor::stable_log] Program 11111111111111111111111111111111 invoke [1]
[2025-11-05T06:35:30.769328000Z DEBUG solana_runtime::message_processor::stable_log] Program 11111111111111111111111111111111 success
[2025-11-05T06:35:30.777697000Z DEBUG solana_runtime::message_processor::stable_log] Program 11111111111111111111111111111111 invoke [1]
[2025-11-05T06:35:30.777715000Z DEBUG solana_runtime::message_processor::stable_log] Program 11111111111111111111111111111111 success
[2025-11-05T06:35:30.777719000Z DEBUG solana_runtime::message_processor::stable_log] Program TokenkegQfeZyiNwAJbNbGKPFXCWuBvf9Ss623VQ5DA invoke [1]
[2025-11-05T06:35:30.777768000Z DEBUG solana_runtime::message_processor::stable_log] Program log: Instruction: InitializeMint2
[2025-11-05T06:35:30.777803000Z DEBUG solana_runtime::message_processor::stable_log] Program TokenkegQfeZyiNwAJbNbGKPFXCWuBvf9Ss623VQ5DA consumed 2779 of 399850 compute units
[2025-11-05T06:35:30.777817000Z DEBUG solana_runtime::message_processor::stable_log] Program TokenkegQfeZyiNwAJbNbGKPFXCWuBvf9Ss623VQ5DA success
[2025-11-05T06:35:30.784820000Z DEBUG solana_runtime::message_processor::stable_log] Program 11111111111111111111111111111111 invoke [1]
[2025-11-05T06:35:30.784833000Z DEBUG solana_runtime::message_processor::stable_log] Program 11111111111111111111111111111111 success
[2025-11-05T06:35:30.784837000Z DEBUG solana_runtime::message_processor::stable_log] Program TokenkegQfeZyiNwAJbNbGKPFXCWuBvf9Ss623VQ5DA invoke [1]
[2025-11-05T06:35:30.784888000Z DEBUG solana_runtime::message_processor::stable_log] Program log: Instruction: InitializeMint2
[2025-11-05T06:35:30.784922000Z DEBUG solana_runtime::message_processor::stable_log] Program TokenkegQfeZyiNwAJbNbGKPFXCWuBvf9Ss623VQ5DA consumed 2779 of 399850 compute units
[2025-11-05T06:35:30.784931000Z DEBUG solana_runtime::message_processor::stable_log] Program TokenkegQfeZyiNwAJbNbGKPFXCWuBvf9Ss623VQ5DA success
[2025-11-05T06:35:30.791382000Z DEBUG solana_runtime::message_processor::stable_log] Program ATokenGPvbdGVxr1b2hvZbsiqW5xWH25efTNsLJA8knL invoke [1]
[2025-11-05T06:35:30.791461000Z DEBUG solana_runtime::message_processor::stable_log] Program log: Create
[2025-11-05T06:35:30.791554000Z DEBUG solana_runtime::message_processor::stable_log] Program TokenkegQfeZyiNwAJbNbGKPFXCWuBvf9Ss623VQ5DA invoke [2]
[2025-11-05T06:35:30.791593000Z DEBUG solana_runtime::message_processor::stable_log] Program log: Instruction: GetAccountDataSize
[2025-11-05T06:35:30.791612000Z DEBUG solana_runtime::message_processor::stable_log] Program TokenkegQfeZyiNwAJbNbGKPFXCWuBvf9Ss623VQ5DA consumed 1595 of 187055 compute units
[2025-11-05T06:35:30.791621000Z DEBUG solana_runtime::message_processor::stable_log] Program return: TokenkegQfeZyiNwAJbNbGKPFXCWuBvf9Ss623VQ5DA pQAAAAAAAAA=
[2025-11-05T06:35:30.791630000Z DEBUG solana_runtime::message_processor::stable_log] Program TokenkegQfeZyiNwAJbNbGKPFXCWuBvf9Ss623VQ5DA success
[2025-11-05T06:35:30.791690000Z DEBUG solana_runtime::message_processor::stable_log] Program 11111111111111111111111111111111 invoke [2]
[2025-11-05T06:35:30.791697000Z DEBUG solana_runtime::message_processor::stable_log] Program 11111111111111111111111111111111 success
[2025-11-05T06:35:30.791703000Z DEBUG solana_runtime::message_processor::stable_log] Program log: Initialize the associated token account
[2025-11-05T06:35:30.791723000Z DEBUG solana_runtime::message_processor::stable_log] Program TokenkegQfeZyiNwAJbNbGKPFXCWuBvf9Ss623VQ5DA invoke [2]
[2025-11-05T06:35:30.791750000Z DEBUG solana_runtime::message_processor::stable_log] Program log: Instruction: InitializeImmutableOwner
[2025-11-05T06:35:30.791763000Z DEBUG solana_runtime::message_processor::stable_log] Program log: Please upgrade to SPL Token 2022 for immutable owner support
[2025-11-05T06:35:30.791768000Z DEBUG solana_runtime::message_processor::stable_log] Program TokenkegQfeZyiNwAJbNbGKPFXCWuBvf9Ss623VQ5DA consumed 1405 of 180442 compute units
[2025-11-05T06:35:30.791958000Z DEBUG solana_runtime::message_processor::stable_log] Program TokenkegQfeZyiNwAJbNbGKPFXCWuBvf9Ss623VQ5DA success
[2025-11-05T06:35:30.791996000Z DEBUG solana_runtime::message_processor::stable_log] Program TokenkegQfeZyiNwAJbNbGKPFXCWuBvf9Ss623VQ5DA invoke [2]
[2025-11-05T06:35:30.792026000Z DEBUG solana_runtime::message_processor::stable_log] Program log: Instruction: InitializeAccount3
[2025-11-05T06:35:30.792087000Z DEBUG solana_runtime::message_processor::stable_log] Program TokenkegQfeZyiNwAJbNbGKPFXCWuBvf9Ss623VQ5DA consumed 4214 of 176558 compute units
[2025-11-05T06:35:30.792096000Z DEBUG solana_runtime::message_processor::stable_log] Program TokenkegQfeZyiNwAJbNbGKPFXCWuBvf9Ss623VQ5DA success
[2025-11-05T06:35:30.792109000Z DEBUG solana_runtime::message_processor::stable_log] Program ATokenGPvbdGVxr1b2hvZbsiqW5xWH25efTNsLJA8knL consumed 27960 of 200000 compute units
[2025-11-05T06:35:30.792120000Z DEBUG solana_runtime::message_processor::stable_log] Program ATokenGPvbdGVxr1b2hvZbsiqW5xWH25efTNsLJA8knL success
[2025-11-05T06:35:30.795744000Z DEBUG solana_runtime::message_processor::stable_log] Program TokenkegQfeZyiNwAJbNbGKPFXCWuBvf9Ss623VQ5DA invoke [1]
[2025-11-05T06:35:30.795864000Z DEBUG solana_runtime::message_processor::stable_log] Program log: Instruction: MintTo
[2025-11-05T06:35:30.795932000Z DEBUG solana_runtime::message_processor::stable_log] Program TokenkegQfeZyiNwAJbNbGKPFXCWuBvf9Ss623VQ5DA consumed 4491 of 200000 compute units
[2025-11-05T06:35:30.795948000Z DEBUG solana_runtime::message_processor::stable_log] Program TokenkegQfeZyiNwAJbNbGKPFXCWuBvf9Ss623VQ5DA success
[2025-11-05T06:35:30.802232000Z DEBUG solana_runtime::message_processor::stable_log] Program ATokenGPvbdGVxr1b2hvZbsiqW5xWH25efTNsLJA8knL invoke [1]
[2025-11-05T06:35:30.802375000Z DEBUG solana_runtime::message_processor::stable_log] Program log: Create
[2025-11-05T06:35:30.802463000Z DEBUG solana_runtime::message_processor::stable_log] Program TokenkegQfeZyiNwAJbNbGKPFXCWuBvf9Ss623VQ5DA invoke [2]
[2025-11-05T06:35:30.802504000Z DEBUG solana_runtime::message_processor::stable_log] Program log: Instruction: GetAccountDataSize
[2025-11-05T06:35:30.802521000Z DEBUG solana_runtime::message_processor::stable_log] Program TokenkegQfeZyiNwAJbNbGKPFXCWuBvf9Ss623VQ5DA consumed 1595 of 185555 compute units
[2025-11-05T06:35:30.802528000Z DEBUG solana_runtime::message_processor::stable_log] Program return: TokenkegQfeZyiNwAJbNbGKPFXCWuBvf9Ss623VQ5DA pQAAAAAAAAA=
[2025-11-05T06:35:30.802536000Z DEBUG solana_runtime::message_processor::stable_log] Program TokenkegQfeZyiNwAJbNbGKPFXCWuBvf9Ss623VQ5DA success
[2025-11-05T06:35:30.802592000Z DEBUG solana_runtime::message_processor::stable_log] Program 11111111111111111111111111111111 invoke [2]
[2025-11-05T06:35:30.802598000Z DEBUG solana_runtime::message_processor::stable_log] Program 11111111111111111111111111111111 success
[2025-11-05T06:35:30.802604000Z DEBUG solana_runtime::message_processor::stable_log] Program log: Initialize the associated token account
[2025-11-05T06:35:30.802623000Z DEBUG solana_runtime::message_processor::stable_log] Program TokenkegQfeZyiNwAJbNbGKPFXCWuBvf9Ss623VQ5DA invoke [2]
[2025-11-05T06:35:30.802644000Z DEBUG solana_runtime::message_processor::stable_log] Program log: Instruction: InitializeImmutableOwner
[2025-11-05T06:35:30.802655000Z DEBUG solana_runtime::message_processor::stable_log] Program log: Please upgrade to SPL Token 2022 for immutable owner support
[2025-11-05T06:35:30.802659000Z DEBUG solana_runtime::message_processor::stable_log] Program TokenkegQfeZyiNwAJbNbGKPFXCWuBvf9Ss623VQ5DA consumed 1405 of 178942 compute units
[2025-11-05T06:35:30.802666000Z DEBUG solana_runtime::message_processor::stable_log] Program TokenkegQfeZyiNwAJbNbGKPFXCWuBvf9Ss623VQ5DA success
[2025-11-05T06:35:30.802698000Z DEBUG solana_runtime::message_processor::stable_log] Program TokenkegQfeZyiNwAJbNbGKPFXCWuBvf9Ss623VQ5DA invoke [2]
[2025-11-05T06:35:30.802724000Z DEBUG solana_runtime::message_processor::stable_log] Program log: Instruction: InitializeAccount3
[2025-11-05T06:35:30.802840000Z DEBUG solana_runtime::message_processor::stable_log] Program TokenkegQfeZyiNwAJbNbGKPFXCWuBvf9Ss623VQ5DA consumed 4214 of 175058 compute units
[2025-11-05T06:35:30.802851000Z DEBUG solana_runtime::message_processor::stable_log] Program TokenkegQfeZyiNwAJbNbGKPFXCWuBvf9Ss623VQ5DA success
[2025-11-05T06:35:30.802865000Z DEBUG solana_runtime::message_processor::stable_log] Program ATokenGPvbdGVxr1b2hvZbsiqW5xWH25efTNsLJA8knL consumed 29460 of 200000 compute units
[2025-11-05T06:35:30.802874000Z DEBUG solana_runtime::message_processor::stable_log] Program ATokenGPvbdGVxr1b2hvZbsiqW5xWH25efTNsLJA8knL success
[2025-11-05T06:35:30.806216000Z DEBUG solana_runtime::message_processor::stable_log] Program TokenkegQfeZyiNwAJbNbGKPFXCWuBvf9Ss623VQ5DA invoke [1]
[2025-11-05T06:35:30.806279000Z DEBUG solana_runtime::message_processor::stable_log] Program log: Instruction: MintTo
[2025-11-05T06:35:30.806338000Z DEBUG solana_runtime::message_processor::stable_log] Program TokenkegQfeZyiNwAJbNbGKPFXCWuBvf9Ss623VQ5DA consumed 4491 of 200000 compute units
[2025-11-05T06:35:30.806348000Z DEBUG solana_runtime::message_processor::stable_log] Program TokenkegQfeZyiNwAJbNbGKPFXCWuBvf9Ss623VQ5DA success
[2025-11-05T06:35:30.811130000Z DEBUG solana_runtime::message_processor::stable_log] Program ATokenGPvbdGVxr1b2hvZbsiqW5xWH25efTNsLJA8knL invoke [1]
[2025-11-05T06:35:30.811197000Z DEBUG solana_runtime::message_processor::stable_log] Program log: Create
[2025-11-05T06:35:30.811248000Z DEBUG solana_runtime::message_processor::stable_log] Program TokenkegQfeZyiNwAJbNbGKPFXCWuBvf9Ss623VQ5DA invoke [2]
[2025-11-05T06:35:30.811285000Z DEBUG solana_runtime::message_processor::stable_log] Program log: Instruction: GetAccountDataSize
[2025-11-05T06:35:30.811303000Z DEBUG solana_runtime::message_processor::stable_log] Program TokenkegQfeZyiNwAJbNbGKPFXCWuBvf9Ss623VQ5DA consumed 1595 of 194555 compute units
[2025-11-05T06:35:30.811310000Z DEBUG solana_runtime::message_processor::stable_log] Program return: TokenkegQfeZyiNwAJbNbGKPFXCWuBvf9Ss623VQ5DA pQAAAAAAAAA=
[2025-11-05T06:35:30.811318000Z DEBUG solana_runtime::message_processor::stable_log] Program TokenkegQfeZyiNwAJbNbGKPFXCWuBvf9Ss623VQ5DA success
[2025-11-05T06:35:30.811371000Z DEBUG solana_runtime::message_processor::stable_log] Program 11111111111111111111111111111111 invoke [2]
[2025-11-05T06:35:30.811379000Z DEBUG solana_runtime::message_processor::stable_log] Program 11111111111111111111111111111111 success
[2025-11-05T06:35:30.811385000Z DEBUG solana_runtime::message_processor::stable_log] Program log: Initialize the associated token account
[2025-11-05T06:35:30.811405000Z DEBUG solana_runtime::message_processor::stable_log] Program TokenkegQfeZyiNwAJbNbGKPFXCWuBvf9Ss623VQ5DA invoke [2]
[2025-11-05T06:35:30.811428000Z DEBUG solana_runtime::message_processor::stable_log] Program log: Instruction: InitializeImmutableOwner
[2025-11-05T06:35:30.811439000Z DEBUG solana_runtime::message_processor::stable_log] Program log: Please upgrade to SPL Token 2022 for immutable owner support
[2025-11-05T06:35:30.811442000Z DEBUG solana_runtime::message_processor::stable_log] Program TokenkegQfeZyiNwAJbNbGKPFXCWuBvf9Ss623VQ5DA consumed 1405 of 187942 compute units
[2025-11-05T06:35:30.811452000Z DEBUG solana_runtime::message_processor::stable_log] Program TokenkegQfeZyiNwAJbNbGKPFXCWuBvf9Ss623VQ5DA success
[2025-11-05T06:35:30.811485000Z DEBUG solana_runtime::message_processor::stable_log] Program TokenkegQfeZyiNwAJbNbGKPFXCWuBvf9Ss623VQ5DA invoke [2]
[2025-11-05T06:35:30.811513000Z DEBUG solana_runtime::message_processor::stable_log] Program log: Instruction: InitializeAccount3
[2025-11-05T06:35:30.811565000Z DEBUG solana_runtime::message_processor::stable_log] Program TokenkegQfeZyiNwAJbNbGKPFXCWuBvf9Ss623VQ5DA consumed 4214 of 184058 compute units
[2025-11-05T06:35:30.811578000Z DEBUG solana_runtime::message_processor::stable_log] Program TokenkegQfeZyiNwAJbNbGKPFXCWuBvf9Ss623VQ5DA success
[2025-11-05T06:35:30.811590000Z DEBUG solana_runtime::message_processor::stable_log] Program ATokenGPvbdGVxr1b2hvZbsiqW5xWH25efTNsLJA8knL consumed 20460 of 200000 compute units
[2025-11-05T06:35:30.811602000Z DEBUG solana_runtime::message_processor::stable_log] Program ATokenGPvbdGVxr1b2hvZbsiqW5xWH25efTNsLJA8knL success
[2025-11-05T06:35:30.815546000Z DEBUG solana_runtime::message_processor::stable_log] Program TokenkegQfeZyiNwAJbNbGKPFXCWuBvf9Ss623VQ5DA invoke [1]
[2025-11-05T06:35:30.815604000Z DEBUG solana_runtime::message_processor::stable_log] Program log: Instruction: MintTo
[2025-11-05T06:35:30.815667000Z DEBUG solana_runtime::message_processor::stable_log] Program TokenkegQfeZyiNwAJbNbGKPFXCWuBvf9Ss623VQ5DA consumed 4491 of 200000 compute units
[2025-11-05T06:35:30.815678000Z DEBUG solana_runtime::message_processor::stable_log] Program TokenkegQfeZyiNwAJbNbGKPFXCWuBvf9Ss623VQ5DA success
[2025-11-05T06:35:30.821637000Z DEBUG solana_runtime::message_processor::stable_log] Program ATokenGPvbdGVxr1b2hvZbsiqW5xWH25efTNsLJA8knL invoke [1]
[2025-11-05T06:35:30.821726000Z DEBUG solana_runtime::message_processor::stable_log] Program log: Create
[2025-11-05T06:35:30.821781000Z DEBUG solana_runtime::message_processor::stable_log] Program TokenkegQfeZyiNwAJbNbGKPFXCWuBvf9Ss623VQ5DA invoke [2]
[2025-11-05T06:35:30.821824000Z DEBUG solana_runtime::message_processor::stable_log] Program log: Instruction: GetAccountDataSize
[2025-11-05T06:35:30.821847000Z DEBUG solana_runtime::message_processor::stable_log] Program TokenkegQfeZyiNwAJbNbGKPFXCWuBvf9Ss623VQ5DA consumed 1595 of 194555 compute units
[2025-11-05T06:35:30.821856000Z DEBUG solana_runtime::message_processor::stable_log] Program return: TokenkegQfeZyiNwAJbNbGKPFXCWuBvf9Ss623VQ5DA pQAAAAAAAAA=
[2025-11-05T06:35:30.821868000Z DEBUG solana_runtime::message_processor::stable_log] Program TokenkegQfeZyiNwAJbNbGKPFXCWuBvf9Ss623VQ5DA success
[2025-11-05T06:35:30.822045000Z DEBUG solana_runtime::message_processor::stable_log] Program 11111111111111111111111111111111 invoke [2]
[2025-11-05T06:35:30.822059000Z DEBUG solana_runtime::message_processor::stable_log] Program 11111111111111111111111111111111 success
[2025-11-05T06:35:30.822070000Z DEBUG solana_runtime::message_processor::stable_log] Program log: Initialize the associated token account
[2025-11-05T06:35:30.822092000Z DEBUG solana_runtime::message_processor::stable_log] Program TokenkegQfeZyiNwAJbNbGKPFXCWuBvf9Ss623VQ5DA invoke [2]
[2025-11-05T06:35:30.822120000Z DEBUG solana_runtime::message_processor::stable_log] Program log: Instruction: InitializeImmutableOwner
[2025-11-05T06:35:30.822134000Z DEBUG solana_runtime::message_processor::stable_log] Program log: Please upgrade to SPL Token 2022 for immutable owner support
[2025-11-05T06:35:30.822141000Z DEBUG solana_runtime::message_processor::stable_log] Program TokenkegQfeZyiNwAJbNbGKPFXCWuBvf9Ss623VQ5DA consumed 1405 of 187942 compute units
[2025-11-05T06:35:30.822155000Z DEBUG solana_runtime::message_processor::stable_log] Program TokenkegQfeZyiNwAJbNbGKPFXCWuBvf9Ss623VQ5DA success
[2025-11-05T06:35:30.822195000Z DEBUG solana_runtime::message_processor::stable_log] Program TokenkegQfeZyiNwAJbNbGKPFXCWuBvf9Ss623VQ5DA invoke [2]
[2025-11-05T06:35:30.822227000Z DEBUG solana_runtime::message_processor::stable_log] Program log: Instruction: InitializeAccount3
[2025-11-05T06:35:30.822287000Z DEBUG solana_runtime::message_processor::stable_log] Program TokenkegQfeZyiNwAJbNbGKPFXCWuBvf9Ss623VQ5DA consumed 4214 of 184058 compute units
[2025-11-05T06:35:30.822297000Z DEBUG solana_runtime::message_processor::stable_log] Program TokenkegQfeZyiNwAJbNbGKPFXCWuBvf9Ss623VQ5DA success
[2025-11-05T06:35:30.822311000Z DEBUG solana_runtime::message_processor::stable_log] Program ATokenGPvbdGVxr1b2hvZbsiqW5xWH25efTNsLJA8knL consumed 20460 of 200000 compute units
[2025-11-05T06:35:30.822321000Z DEBUG solana_runtime::message_processor::stable_log] Program ATokenGPvbdGVxr1b2hvZbsiqW5xWH25efTNsLJA8knL success
[2025-11-05T06:35:30.826167000Z DEBUG solana_runtime::message_processor::stable_log] Program TokenkegQfeZyiNwAJbNbGKPFXCWuBvf9Ss623VQ5DA invoke [1]
[2025-11-05T06:35:30.826224000Z DEBUG solana_runtime::message_processor::stable_log] Program log: Instruction: MintTo
[2025-11-05T06:35:30.826334000Z DEBUG solana_runtime::message_processor::stable_log] Program TokenkegQfeZyiNwAJbNbGKPFXCWuBvf9Ss623VQ5DA consumed 4491 of 200000 compute units
[2025-11-05T06:35:30.826351000Z DEBUG solana_runtime::message_processor::stable_log] Program TokenkegQfeZyiNwAJbNbGKPFXCWuBvf9Ss623VQ5DA success
[2025-11-05T06:35:30.839695000Z DEBUG solana_runtime::message_processor::stable_log] Program ASmKWt93JEMHxbdE6j7znD9y2FcdPboCzC3xtSTJvN7S invoke [1]
[2025-11-05T06:35:30.839787000Z DEBUG solana_runtime::message_processor::stable_log] Program log: Instruction: CreateConfig
[2025-11-05T06:35:30.839879000Z DEBUG solana_runtime::message_processor::stable_log] Program 11111111111111111111111111111111 invoke [2]
[2025-11-05T06:35:30.839887000Z DEBUG solana_runtime::message_processor::stable_log] Program 11111111111111111111111111111111 success
[2025-11-05T06:35:30.839982000Z DEBUG solana_runtime::message_processor::stable_log] Program ASmKWt93JEMHxbdE6j7znD9y2FcdPboCzC3xtSTJvN7S invoke [2]
[2025-11-05T06:35:30.840016000Z DEBUG solana_runtime::message_processor::stable_log] Program ASmKWt93JEMHxbdE6j7znD9y2FcdPboCzC3xtSTJvN7S consumed 2069 of 186098 compute units
[2025-11-05T06:35:30.840025000Z DEBUG solana_runtime::message_processor::stable_log] Program ASmKWt93JEMHxbdE6j7znD9y2FcdPboCzC3xtSTJvN7S success
[2025-11-05T06:35:30.840039000Z DEBUG solana_runtime::message_processor::stable_log] Program ASmKWt93JEMHxbdE6j7znD9y2FcdPboCzC3xtSTJvN7S consumed 16276 of 200000 compute units
[2025-11-05T06:35:30.840048000Z DEBUG solana_runtime::message_processor::stable_log] Program ASmKWt93JEMHxbdE6j7znD9y2FcdPboCzC3xtSTJvN7S success
[2025-11-05T06:35:30.871844000Z DEBUG solana_runtime::message_processor::stable_log] Program ASmKWt93JEMHxbdE6j7znD9y2FcdPboCzC3xtSTJvN7S invoke [1]
[2025-11-05T06:35:30.871959000Z DEBUG solana_runtime::message_processor::stable_log] Program log: Instruction: InitializePool
[2025-11-05T06:35:30.872093000Z DEBUG solana_runtime::message_processor::stable_log] Program 11111111111111111111111111111111 invoke [2]
[2025-11-05T06:35:30.872101000Z DEBUG solana_runtime::message_processor::stable_log] Program 11111111111111111111111111111111 success
[2025-11-05T06:35:30.872133000Z DEBUG solana_runtime::message_processor::stable_log] Program TokenzQdBNbLqP5VEhdkAS6EPFLC1PHnBqCXEpPxuEb invoke [2]
[2025-11-05T06:35:30.872161000Z DEBUG solana_runtime::message_processor::stable_log] Program log: MetadataPointerInstruction::Initialize
[2025-11-05T06:35:30.872205000Z DEBUG solana_runtime::message_processor::stable_log] Program TokenzQdBNbLqP5VEhdkAS6EPFLC1PHnBqCXEpPxuEb consumed 2442 of 334963 compute units
[2025-11-05T06:35:30.872216000Z DEBUG solana_runtime::message_processor::stable_log] Program TokenzQdBNbLqP5VEhdkAS6EPFLC1PHnBqCXEpPxuEb success
[2025-11-05T06:35:30.872247000Z DEBUG solana_runtime::message_processor::stable_log] Program TokenzQdBNbLqP5VEhdkAS6EPFLC1PHnBqCXEpPxuEb invoke [2]
[2025-11-05T06:35:30.872282000Z DEBUG solana_runtime::message_processor::stable_log] Program log: Instruction: InitializeMintCloseAuthority
[2025-11-05T06:35:30.872348000Z DEBUG solana_runtime::message_processor::stable_log] Program TokenzQdBNbLqP5VEhdkAS6EPFLC1PHnBqCXEpPxuEb consumed 2570 of 330543 compute units
[2025-11-05T06:35:30.872384000Z DEBUG solana_runtime::message_processor::stable_log] Program TokenzQdBNbLqP5VEhdkAS6EPFLC1PHnBqCXEpPxuEb success
[2025-11-05T06:35:30.872455000Z DEBUG solana_runtime::message_processor::stable_log] Program TokenzQdBNbLqP5VEhdkAS6EPFLC1PHnBqCXEpPxuEb invoke [2]
[2025-11-05T06:35:30.872486000Z DEBUG solana_runtime::message_processor::stable_log] Program log: Instruction: InitializeMint2
[2025-11-05T06:35:30.872542000Z DEBUG solana_runtime::message_processor::stable_log] Program TokenzQdBNbLqP5VEhdkAS6EPFLC1PHnBqCXEpPxuEb consumed 4078 of 326031 compute units
[2025-11-05T06:35:30.872552000Z DEBUG solana_runtime::message_processor::stable_log] Program TokenzQdBNbLqP5VEhdkAS6EPFLC1PHnBqCXEpPxuEb success
[2025-11-05T06:35:30.872689000Z DEBUG solana_runtime::message_processor::stable_log] Program 11111111111111111111111111111111 invoke [2]
[2025-11-05T06:35:30.872694000Z DEBUG solana_runtime::message_processor::stable_log] Program 11111111111111111111111111111111 success
[2025-11-05T06:35:30.872721000Z DEBUG solana_runtime::message_processor::stable_log] Program TokenzQdBNbLqP5VEhdkAS6EPFLC1PHnBqCXEpPxuEb invoke [2]
[2025-11-05T06:35:30.872745000Z DEBUG solana_runtime::message_processor::stable_log] Program log: Instruction: InitializeAccount3
[2025-11-05T06:35:30.872818000Z DEBUG solana_runtime::message_processor::stable_log] Program TokenzQdBNbLqP5VEhdkAS6EPFLC1PHnBqCXEpPxuEb consumed 5137 of 307847 compute units
[2025-11-05T06:35:30.872825000Z DEBUG solana_runtime::message_processor::stable_log] Program TokenzQdBNbLqP5VEhdkAS6EPFLC1PHnBqCXEpPxuEb success
[2025-11-05T06:35:30.872920000Z DEBUG solana_runtime::message_processor::stable_log] Program 11111111111111111111111111111111 invoke [2]
[2025-11-05T06:35:30.872924000Z DEBUG solana_runtime::message_processor::stable_log] Program 11111111111111111111111111111111 success
[2025-11-05T06:35:30.873001000Z DEBUG solana_runtime::message_processor::stable_log] Program 11111111111111111111111111111111 invoke [2]
[2025-11-05T06:35:30.873004000Z DEBUG solana_runtime::message_processor::stable_log] Program 11111111111111111111111111111111 success
[2025-11-05T06:35:30.873069000Z DEBUG solana_runtime::message_processor::stable_log] Program 11111111111111111111111111111111 invoke [2]
[2025-11-05T06:35:30.873077000Z DEBUG solana_runtime::message_processor::stable_log] Program 11111111111111111111111111111111 success
[2025-11-05T06:35:30.873103000Z DEBUG solana_runtime::message_processor::stable_log] Program TokenkegQfeZyiNwAJbNbGKPFXCWuBvf9Ss623VQ5DA invoke [2]
[2025-11-05T06:35:30.873132000Z DEBUG solana_runtime::message_processor::stable_log] Program log: Instruction: InitializeAccount3
[2025-11-05T06:35:30.873187000Z DEBUG solana_runtime::message_processor::stable_log] Program TokenkegQfeZyiNwAJbNbGKPFXCWuBvf9Ss623VQ5DA consumed 4214 of 279748 compute units
[2025-11-05T06:35:30.873195000Z DEBUG solana_runtime::message_processor::stable_log] Program TokenkegQfeZyiNwAJbNbGKPFXCWuBvf9Ss623VQ5DA success
[2025-11-05T06:35:30.873291000Z DEBUG solana_runtime::message_processor::stable_log] Program 11111111111111111111111111111111 invoke [2]
[2025-11-05T06:35:30.873295000Z DEBUG solana_runtime::message_processor::stable_log] Program 11111111111111111111111111111111 success
[2025-11-05T06:35:30.873319000Z DEBUG solana_runtime::message_processor::stable_log] Program TokenkegQfeZyiNwAJbNbGKPFXCWuBvf9Ss623VQ5DA invoke [2]
[2025-11-05T06:35:30.873344000Z DEBUG solana_runtime::message_processor::stable_log] Program log: Instruction: InitializeAccount3
[2025-11-05T06:35:30.873394000Z DEBUG solana_runtime::message_processor::stable_log] Program TokenkegQfeZyiNwAJbNbGKPFXCWuBvf9Ss623VQ5DA consumed 4214 of 265109 compute units
[2025-11-05T06:35:30.873401000Z DEBUG solana_runtime::message_processor::stable_log] Program TokenkegQfeZyiNwAJbNbGKPFXCWuBvf9Ss623VQ5DA success
[2025-11-05T06:35:30.873675000Z DEBUG solana_runtime::message_processor::stable_log] Program TokenzQdBNbLqP5VEhdkAS6EPFLC1PHnBqCXEpPxuEb invoke [2]
[2025-11-05T06:35:30.873726000Z DEBUG solana_runtime::message_processor::stable_log] Program log: TokenMetadataInstruction: Initialize
[2025-11-05T06:35:30.873855000Z DEBUG solana_runtime::message_processor::stable_log] Program TokenzQdBNbLqP5VEhdkAS6EPFLC1PHnBqCXEpPxuEb consumed 9900 of 248977 compute units
[2025-11-05T06:35:30.873864000Z DEBUG solana_runtime::message_processor::stable_log] Program TokenzQdBNbLqP5VEhdkAS6EPFLC1PHnBqCXEpPxuEb success
[2025-11-05T06:35:30.873904000Z DEBUG solana_runtime::message_processor::stable_log] Program 11111111111111111111111111111111 invoke [2]
[2025-11-05T06:35:30.873908000Z DEBUG solana_runtime::message_processor::stable_log] Program 11111111111111111111111111111111 success
[2025-11-05T06:35:30.873945000Z DEBUG solana_runtime::message_processor::stable_log] Program TokenzQdBNbLqP5VEhdkAS6EPFLC1PHnBqCXEpPxuEb invoke [2]
[2025-11-05T06:35:30.873973000Z DEBUG solana_runtime::message_processor::stable_log] Program log: Instruction: MintTo
[2025-11-05T06:35:30.874042000Z DEBUG solana_runtime::message_processor::stable_log] Program TokenzQdBNbLqP5VEhdkAS6EPFLC1PHnBqCXEpPxuEb consumed 5540 of 234015 compute units
[2025-11-05T06:35:30.874049000Z DEBUG solana_runtime::message_processor::stable_log] Program TokenzQdBNbLqP5VEhdkAS6EPFLC1PHnBqCXEpPxuEb success
[2025-11-05T06:35:30.874098000Z DEBUG solana_runtime::message_processor::stable_log] Program ASmKWt93JEMHxbdE6j7znD9y2FcdPboCzC3xtSTJvN7S invoke [2]
[2025-11-05T06:35:30.874129000Z DEBUG solana_runtime::message_processor::stable_log] Program ASmKWt93JEMHxbdE6j7znD9y2FcdPboCzC3xtSTJvN7S consumed 2069 of 225410 compute units
[2025-11-05T06:35:30.874137000Z DEBUG solana_runtime::message_processor::stable_log] Program ASmKWt93JEMHxbdE6j7znD9y2FcdPboCzC3xtSTJvN7S success
[2025-11-05T06:35:30.874180000Z DEBUG solana_runtime::message_processor::stable_log] Program TokenkegQfeZyiNwAJbNbGKPFXCWuBvf9Ss623VQ5DA invoke [2]
[2025-11-05T06:35:30.874213000Z DEBUG solana_runtime::message_processor::stable_log] Program log: Instruction: TransferChecked
[2025-11-05T06:35:30.874285000Z DEBUG solana_runtime::message_processor::stable_log] Program TokenkegQfeZyiNwAJbNbGKPFXCWuBvf9Ss623VQ5DA consumed 6174 of 220869 compute units
[2025-11-05T06:35:30.874293000Z DEBUG solana_runtime::message_processor::stable_log] Program TokenkegQfeZyiNwAJbNbGKPFXCWuBvf9Ss623VQ5DA success
[2025-11-05T06:35:30.874332000Z DEBUG solana_runtime::message_processor::stable_log] Program TokenkegQfeZyiNwAJbNbGKPFXCWuBvf9Ss623VQ5DA invoke [2]
[2025-11-05T06:35:30.874366000Z DEBUG solana_runtime::message_processor::stable_log] Program log: Instruction: TransferChecked
[2025-11-05T06:35:30.874439000Z DEBUG solana_runtime::message_processor::stable_log] Program TokenkegQfeZyiNwAJbNbGKPFXCWuBvf9Ss623VQ5DA consumed 6269 of 212285 compute units
[2025-11-05T06:35:30.874447000Z DEBUG solana_runtime::message_processor::stable_log] Program TokenkegQfeZyiNwAJbNbGKPFXCWuBvf9Ss623VQ5DA success
[2025-11-05T06:35:30.874520000Z DEBUG solana_runtime::message_processor::stable_log] Program ASmKWt93JEMHxbdE6j7znD9y2FcdPboCzC3xtSTJvN7S invoke [2]
[2025-11-05T06:35:30.874551000Z DEBUG solana_runtime::message_processor::stable_log] Program ASmKWt93JEMHxbdE6j7znD9y2FcdPboCzC3xtSTJvN7S consumed 2069 of 200935 compute units
[2025-11-05T06:35:30.874559000Z DEBUG solana_runtime::message_processor::stable_log] Program ASmKWt93JEMHxbdE6j7znD9y2FcdPboCzC3xtSTJvN7S success
[2025-11-05T06:35:30.874583000Z DEBUG solana_runtime::message_processor::stable_log] Program ASmKWt93JEMHxbdE6j7znD9y2FcdPboCzC3xtSTJvN7S consumed 151928 of 350000 compute units
[2025-11-05T06:35:30.874593000Z DEBUG solana_runtime::message_processor::stable_log] Program ASmKWt93JEMHxbdE6j7znD9y2FcdPboCzC3xtSTJvN7S success
[2025-11-05T06:35:30.874602000Z DEBUG solana_runtime::message_processor::stable_log] Program ComputeBudget111111111111111111111111111111 invoke [1]
[2025-11-05T06:35:30.874609000Z DEBUG solana_runtime::message_processor::stable_log] Program ComputeBudget111111111111111111111111111111 success
[2025-11-05T06:35:30.906192000Z DEBUG solana_runtime::message_processor::stable_log] Program ASmKWt93JEMHxbdE6j7znD9y2FcdPboCzC3xtSTJvN7S invoke [1]
[2025-11-05T06:35:30.906297000Z DEBUG solana_runtime::message_processor::stable_log] Program log: Instruction: SplitPosition2
[2025-11-05T06:35:30.906398000Z DEBUG solana_runtime::message_processor::stable_log] Program log: AnchorError caused by account: first_position. Error Code: SamePosition. Error Number: 6046. Error Message: Same position.
[2025-11-05T06:35:30.906412000Z DEBUG solana_runtime::message_processor::stable_log] Program ASmKWt93JEMHxbdE6j7znD9y2FcdPboCzC3xtSTJvN7S consumed 7323 of 200000 compute units
[2025-11-05T06:35:30.906423000Z DEBUG solana_runtime::message_processor::stable_log] Program ASmKWt93JEMHxbdE6j7znD9y2FcdPboCzC3xtSTJvN7S failed: custom program error: 0x179e
    ✔ Cannot split two same position
[2025-11-05T06:35:30.908075000Z INFO  solana_program_test] "cp_amm" SBF program from ./target/deploy/cp_amm.so, modified 24 minutes, 38 seconds, 255 ms, 391 µs and 203 ns ago
[2025-11-05T06:35:30.908231000Z INFO  solana_program_test] "fee_router" SBF program from ./target/deploy/fee_router.so, modified 40 seconds, 992 ms, 491 µs and 331 ns ago
[2025-11-05T06:35:30.908358000Z INFO  solana_program_test] "transfer_hook_counter" SBF program from tests/fixtures/transfer_hook_counter.so, modified 3 weeks, 22 hours, 59 minutes, 5 seconds, 733 ms, 958 µs and 196 ns ago
[2025-11-05T06:35:30.908599000Z INFO  solana_program_test] "alpha_vault" SBF program from tests/fixtures/alpha_vault.so, modified 3 weeks, 22 hours, 59 minutes, 5 seconds, 734 ms, 868 µs and 72 ns ago
[2025-11-05T06:35:30.909110000Z INFO  solana_program_test] "streamflow" SBF program from tests/fixtures/streamflow.so, modified 3 weeks, 6 hours, 59 minutes, 15 seconds, 620 ms, 23 µs and 387 ns ago
[2025-11-05T06:35:30.909539000Z INFO  solana_program_test] "cp_amm" SBF program from ./target/deploy/cp_amm.so, modified 24 minutes, 38 seconds, 256 ms, 857 µs and 203 ns ago
[2025-11-05T06:35:30.909766000Z INFO  solana_program_test] "fee_router" SBF program from ./target/deploy/fee_router.so, modified 40 seconds, 994 ms, 25 µs and 331 ns ago
[2025-11-05T06:35:30.928173000Z INFO  solana_program_test] Overriding account at ASmKWt93JEMHxbdE6j7znD9y2FcdPboCzC3xtSTJvN7S
[2025-11-05T06:35:30.928186000Z INFO  solana_program_test] Overriding account at 5B57SJ3g2YoNXUpsZqqjEQkRSxyKtVTQRXdgAirz6bio
[2025-11-05T06:35:30.942935000Z DEBUG solana_runtime::message_processor::stable_log] Program 11111111111111111111111111111111 invoke [1]
[2025-11-05T06:35:30.942949000Z DEBUG solana_runtime::message_processor::stable_log] Program 11111111111111111111111111111111 success
[2025-11-05T06:35:30.948369000Z DEBUG solana_runtime::message_processor::stable_log] Program 11111111111111111111111111111111 invoke [1]
[2025-11-05T06:35:30.948380000Z DEBUG solana_runtime::message_processor::stable_log] Program 11111111111111111111111111111111 success
[2025-11-05T06:35:30.953708000Z DEBUG solana_runtime::message_processor::stable_log] Program 11111111111111111111111111111111 invoke [1]
[2025-11-05T06:35:30.953721000Z DEBUG solana_runtime::message_processor::stable_log] Program 11111111111111111111111111111111 success
[2025-11-05T06:35:30.963322000Z DEBUG solana_runtime::message_processor::stable_log] Program 11111111111111111111111111111111 invoke [1]
[2025-11-05T06:35:30.963336000Z DEBUG solana_runtime::message_processor::stable_log] Program 11111111111111111111111111111111 success
[2025-11-05T06:35:30.963341000Z DEBUG solana_runtime::message_processor::stable_log] Program TokenkegQfeZyiNwAJbNbGKPFXCWuBvf9Ss623VQ5DA invoke [1]
[2025-11-05T06:35:30.963382000Z DEBUG solana_runtime::message_processor::stable_log] Program log: Instruction: InitializeMint2
[2025-11-05T06:35:30.963415000Z DEBUG solana_runtime::message_processor::stable_log] Program TokenkegQfeZyiNwAJbNbGKPFXCWuBvf9Ss623VQ5DA consumed 2779 of 399850 compute units
[2025-11-05T06:35:30.963425000Z DEBUG solana_runtime::message_processor::stable_log] Program TokenkegQfeZyiNwAJbNbGKPFXCWuBvf9Ss623VQ5DA success
[2025-11-05T06:35:30.973733000Z DEBUG solana_runtime::message_processor::stable_log] Program 11111111111111111111111111111111 invoke [1]
[2025-11-05T06:35:30.973748000Z DEBUG solana_runtime::message_processor::stable_log] Program 11111111111111111111111111111111 success
[2025-11-05T06:35:30.973752000Z DEBUG solana_runtime::message_processor::stable_log] Program TokenkegQfeZyiNwAJbNbGKPFXCWuBvf9Ss623VQ5DA invoke [1]
[2025-11-05T06:35:30.973825000Z DEBUG solana_runtime::message_processor::stable_log] Program log: Instruction: InitializeMint2
[2025-11-05T06:35:30.973875000Z DEBUG solana_runtime::message_processor::stable_log] Program TokenkegQfeZyiNwAJbNbGKPFXCWuBvf9Ss623VQ5DA consumed 2779 of 399850 compute units
[2025-11-05T06:35:30.973901000Z DEBUG solana_runtime::message_processor::stable_log] Program TokenkegQfeZyiNwAJbNbGKPFXCWuBvf9Ss623VQ5DA success
[2025-11-05T06:35:30.980610000Z DEBUG solana_runtime::message_processor::stable_log] Program ATokenGPvbdGVxr1b2hvZbsiqW5xWH25efTNsLJA8knL invoke [1]
[2025-11-05T06:35:30.980691000Z DEBUG solana_runtime::message_processor::stable_log] Program log: Create
[2025-11-05T06:35:30.980747000Z DEBUG solana_runtime::message_processor::stable_log] Program TokenkegQfeZyiNwAJbNbGKPFXCWuBvf9Ss623VQ5DA invoke [2]
[2025-11-05T06:35:30.980784000Z DEBUG solana_runtime::message_processor::stable_log] Program log: Instruction: GetAccountDataSize
[2025-11-05T06:35:30.980803000Z DEBUG solana_runtime::message_processor::stable_log] Program TokenkegQfeZyiNwAJbNbGKPFXCWuBvf9Ss623VQ5DA consumed 1595 of 194555 compute units
[2025-11-05T06:35:30.980811000Z DEBUG solana_runtime::message_processor::stable_log] Program return: TokenkegQfeZyiNwAJbNbGKPFXCWuBvf9Ss623VQ5DA pQAAAAAAAAA=
[2025-11-05T06:35:30.980819000Z DEBUG solana_runtime::message_processor::stable_log] Program TokenkegQfeZyiNwAJbNbGKPFXCWuBvf9Ss623VQ5DA success
[2025-11-05T06:35:30.980873000Z DEBUG solana_runtime::message_processor::stable_log] Program 11111111111111111111111111111111 invoke [2]
[2025-11-05T06:35:30.980881000Z DEBUG solana_runtime::message_processor::stable_log] Program 11111111111111111111111111111111 success
[2025-11-05T06:35:30.980887000Z DEBUG solana_runtime::message_processor::stable_log] Program log: Initialize the associated token account
[2025-11-05T06:35:30.980905000Z DEBUG solana_runtime::message_processor::stable_log] Program TokenkegQfeZyiNwAJbNbGKPFXCWuBvf9Ss623VQ5DA invoke [2]
[2025-11-05T06:35:30.980927000Z DEBUG solana_runtime::message_processor::stable_log] Program log: Instruction: InitializeImmutableOwner
[2025-11-05T06:35:30.980938000Z DEBUG solana_runtime::message_processor::stable_log] Program log: Please upgrade to SPL Token 2022 for immutable owner support
[2025-11-05T06:35:30.980942000Z DEBUG solana_runtime::message_processor::stable_log] Program TokenkegQfeZyiNwAJbNbGKPFXCWuBvf9Ss623VQ5DA consumed 1405 of 187942 compute units
[2025-11-05T06:35:30.980949000Z DEBUG solana_runtime::message_processor::stable_log] Program TokenkegQfeZyiNwAJbNbGKPFXCWuBvf9Ss623VQ5DA success
[2025-11-05T06:35:30.980982000Z DEBUG solana_runtime::message_processor::stable_log] Program TokenkegQfeZyiNwAJbNbGKPFXCWuBvf9Ss623VQ5DA invoke [2]
[2025-11-05T06:35:30.981008000Z DEBUG solana_runtime::message_processor::stable_log] Program log: Instruction: InitializeAccount3
[2025-11-05T06:35:30.981062000Z DEBUG solana_runtime::message_processor::stable_log] Program TokenkegQfeZyiNwAJbNbGKPFXCWuBvf9Ss623VQ5DA consumed 4214 of 184058 compute units
[2025-11-05T06:35:30.981070000Z DEBUG solana_runtime::message_processor::stable_log] Program TokenkegQfeZyiNwAJbNbGKPFXCWuBvf9Ss623VQ5DA success
[2025-11-05T06:35:30.981082000Z DEBUG solana_runtime::message_processor::stable_log] Program ATokenGPvbdGVxr1b2hvZbsiqW5xWH25efTNsLJA8knL consumed 20460 of 200000 compute units
[2025-11-05T06:35:30.981092000Z DEBUG solana_runtime::message_processor::stable_log] Program ATokenGPvbdGVxr1b2hvZbsiqW5xWH25efTNsLJA8knL success
[2025-11-05T06:35:30.984657000Z DEBUG solana_runtime::message_processor::stable_log] Program TokenkegQfeZyiNwAJbNbGKPFXCWuBvf9Ss623VQ5DA invoke [1]
[2025-11-05T06:35:30.984712000Z DEBUG solana_runtime::message_processor::stable_log] Program log: Instruction: MintTo
[2025-11-05T06:35:30.984771000Z DEBUG solana_runtime::message_processor::stable_log] Program TokenkegQfeZyiNwAJbNbGKPFXCWuBvf9Ss623VQ5DA consumed 4491 of 200000 compute units
[2025-11-05T06:35:30.984782000Z DEBUG solana_runtime::message_processor::stable_log] Program TokenkegQfeZyiNwAJbNbGKPFXCWuBvf9Ss623VQ5DA success
[2025-11-05T06:35:30.989780000Z DEBUG solana_runtime::message_processor::stable_log] Program ATokenGPvbdGVxr1b2hvZbsiqW5xWH25efTNsLJA8knL invoke [1]
[2025-11-05T06:35:30.989853000Z DEBUG solana_runtime::message_processor::stable_log] Program log: Create
[2025-11-05T06:35:30.989903000Z DEBUG solana_runtime::message_processor::stable_log] Program TokenkegQfeZyiNwAJbNbGKPFXCWuBvf9Ss623VQ5DA invoke [2]
[2025-11-05T06:35:30.989939000Z DEBUG solana_runtime::message_processor::stable_log] Program log: Instruction: GetAccountDataSize
[2025-11-05T06:35:30.989957000Z DEBUG solana_runtime::message_processor::stable_log] Program TokenkegQfeZyiNwAJbNbGKPFXCWuBvf9Ss623VQ5DA consumed 1595 of 194555 compute units
[2025-11-05T06:35:30.989965000Z DEBUG solana_runtime::message_processor::stable_log] Program return: TokenkegQfeZyiNwAJbNbGKPFXCWuBvf9Ss623VQ5DA pQAAAAAAAAA=
[2025-11-05T06:35:30.989973000Z DEBUG solana_runtime::message_processor::stable_log] Program TokenkegQfeZyiNwAJbNbGKPFXCWuBvf9Ss623VQ5DA success
[2025-11-05T06:35:30.990027000Z DEBUG solana_runtime::message_processor::stable_log] Program 11111111111111111111111111111111 invoke [2]
[2025-11-05T06:35:30.990035000Z DEBUG solana_runtime::message_processor::stable_log] Program 11111111111111111111111111111111 success
[2025-11-05T06:35:30.990040000Z DEBUG solana_runtime::message_processor::stable_log] Program log: Initialize the associated token account
[2025-11-05T06:35:30.990065000Z DEBUG solana_runtime::message_processor::stable_log] Program TokenkegQfeZyiNwAJbNbGKPFXCWuBvf9Ss623VQ5DA invoke [2]
[2025-11-05T06:35:30.990092000Z DEBUG solana_runtime::message_processor::stable_log] Program log: Instruction: InitializeImmutableOwner
[2025-11-05T06:35:30.990103000Z DEBUG solana_runtime::message_processor::stable_log] Program log: Please upgrade to SPL Token 2022 for immutable owner support
[2025-11-05T06:35:30.990107000Z DEBUG solana_runtime::message_processor::stable_log] Program TokenkegQfeZyiNwAJbNbGKPFXCWuBvf9Ss623VQ5DA consumed 1405 of 187942 compute units
[2025-11-05T06:35:30.990114000Z DEBUG solana_runtime::message_processor::stable_log] Program TokenkegQfeZyiNwAJbNbGKPFXCWuBvf9Ss623VQ5DA success
[2025-11-05T06:35:30.990148000Z DEBUG solana_runtime::message_processor::stable_log] Program TokenkegQfeZyiNwAJbNbGKPFXCWuBvf9Ss623VQ5DA invoke [2]
[2025-11-05T06:35:30.990174000Z DEBUG solana_runtime::message_processor::stable_log] Program log: Instruction: InitializeAccount3
[2025-11-05T06:35:30.990227000Z DEBUG solana_runtime::message_processor::stable_log] Program TokenkegQfeZyiNwAJbNbGKPFXCWuBvf9Ss623VQ5DA consumed 4214 of 184058 compute units
[2025-11-05T06:35:30.990235000Z DEBUG solana_runtime::message_processor::stable_log] Program TokenkegQfeZyiNwAJbNbGKPFXCWuBvf9Ss623VQ5DA success
[2025-11-05T06:35:30.990247000Z DEBUG solana_runtime::message_processor::stable_log] Program ATokenGPvbdGVxr1b2hvZbsiqW5xWH25efTNsLJA8knL consumed 20460 of 200000 compute units
[2025-11-05T06:35:30.990257000Z DEBUG solana_runtime::message_processor::stable_log] Program ATokenGPvbdGVxr1b2hvZbsiqW5xWH25efTNsLJA8knL success
[2025-11-05T06:35:30.993620000Z DEBUG solana_runtime::message_processor::stable_log] Program TokenkegQfeZyiNwAJbNbGKPFXCWuBvf9Ss623VQ5DA invoke [1]
[2025-11-05T06:35:30.993665000Z DEBUG solana_runtime::message_processor::stable_log] Program log: Instruction: MintTo
[2025-11-05T06:35:30.993721000Z DEBUG solana_runtime::message_processor::stable_log] Program TokenkegQfeZyiNwAJbNbGKPFXCWuBvf9Ss623VQ5DA consumed 4491 of 200000 compute units
[2025-11-05T06:35:30.993729000Z DEBUG solana_runtime::message_processor::stable_log] Program TokenkegQfeZyiNwAJbNbGKPFXCWuBvf9Ss623VQ5DA success
[2025-11-05T06:35:30.998489000Z DEBUG solana_runtime::message_processor::stable_log] Program ATokenGPvbdGVxr1b2hvZbsiqW5xWH25efTNsLJA8knL invoke [1]
[2025-11-05T06:35:30.998553000Z DEBUG solana_runtime::message_processor::stable_log] Program log: Create
[2025-11-05T06:35:30.998602000Z DEBUG solana_runtime::message_processor::stable_log] Program TokenkegQfeZyiNwAJbNbGKPFXCWuBvf9Ss623VQ5DA invoke [2]
[2025-11-05T06:35:30.998636000Z DEBUG solana_runtime::message_processor::stable_log] Program log: Instruction: GetAccountDataSize
[2025-11-05T06:35:30.998653000Z DEBUG solana_runtime::message_processor::stable_log] Program TokenkegQfeZyiNwAJbNbGKPFXCWuBvf9Ss623VQ5DA consumed 1595 of 194555 compute units
[2025-11-05T06:35:30.998660000Z DEBUG solana_runtime::message_processor::stable_log] Program return: TokenkegQfeZyiNwAJbNbGKPFXCWuBvf9Ss623VQ5DA pQAAAAAAAAA=
[2025-11-05T06:35:30.998668000Z DEBUG solana_runtime::message_processor::stable_log] Program TokenkegQfeZyiNwAJbNbGKPFXCWuBvf9Ss623VQ5DA success
[2025-11-05T06:35:30.998722000Z DEBUG solana_runtime::message_processor::stable_log] Program 11111111111111111111111111111111 invoke [2]
[2025-11-05T06:35:30.998729000Z DEBUG solana_runtime::message_processor::stable_log] Program 11111111111111111111111111111111 success
[2025-11-05T06:35:30.998734000Z DEBUG solana_runtime::message_processor::stable_log] Program log: Initialize the associated token account
[2025-11-05T06:35:30.998752000Z DEBUG solana_runtime::message_processor::stable_log] Program TokenkegQfeZyiNwAJbNbGKPFXCWuBvf9Ss623VQ5DA invoke [2]
[2025-11-05T06:35:30.998774000Z DEBUG solana_runtime::message_processor::stable_log] Program log: Instruction: InitializeImmutableOwner
[2025-11-05T06:35:30.998786000Z DEBUG solana_runtime::message_processor::stable_log] Program log: Please upgrade to SPL Token 2022 for immutable owner support
[2025-11-05T06:35:30.998790000Z DEBUG solana_runtime::message_processor::stable_log] Program TokenkegQfeZyiNwAJbNbGKPFXCWuBvf9Ss623VQ5DA consumed 1405 of 187942 compute units
[2025-11-05T06:35:30.998797000Z DEBUG solana_runtime::message_processor::stable_log] Program TokenkegQfeZyiNwAJbNbGKPFXCWuBvf9Ss623VQ5DA success
[2025-11-05T06:35:30.998830000Z DEBUG solana_runtime::message_processor::stable_log] Program TokenkegQfeZyiNwAJbNbGKPFXCWuBvf9Ss623VQ5DA invoke [2]
[2025-11-05T06:35:30.998857000Z DEBUG solana_runtime::message_processor::stable_log] Program log: Instruction: InitializeAccount3
[2025-11-05T06:35:30.998909000Z DEBUG solana_runtime::message_processor::stable_log] Program TokenkegQfeZyiNwAJbNbGKPFXCWuBvf9Ss623VQ5DA consumed 4214 of 184058 compute units
[2025-11-05T06:35:30.998937000Z DEBUG solana_runtime::message_processor::stable_log] Program TokenkegQfeZyiNwAJbNbGKPFXCWuBvf9Ss623VQ5DA success
[2025-11-05T06:35:30.998950000Z DEBUG solana_runtime::message_processor::stable_log] Program ATokenGPvbdGVxr1b2hvZbsiqW5xWH25efTNsLJA8knL consumed 20460 of 200000 compute units
[2025-11-05T06:35:30.998958000Z DEBUG solana_runtime::message_processor::stable_log] Program ATokenGPvbdGVxr1b2hvZbsiqW5xWH25efTNsLJA8knL success
[2025-11-05T06:35:31.002498000Z DEBUG solana_runtime::message_processor::stable_log] Program TokenkegQfeZyiNwAJbNbGKPFXCWuBvf9Ss623VQ5DA invoke [1]
[2025-11-05T06:35:31.002550000Z DEBUG solana_runtime::message_processor::stable_log] Program log: Instruction: MintTo
[2025-11-05T06:35:31.002612000Z DEBUG solana_runtime::message_processor::stable_log] Program TokenkegQfeZyiNwAJbNbGKPFXCWuBvf9Ss623VQ5DA consumed 4491 of 200000 compute units
[2025-11-05T06:35:31.002622000Z DEBUG solana_runtime::message_processor::stable_log] Program TokenkegQfeZyiNwAJbNbGKPFXCWuBvf9Ss623VQ5DA success
[2025-11-05T06:35:31.007370000Z DEBUG solana_runtime::message_processor::stable_log] Program ATokenGPvbdGVxr1b2hvZbsiqW5xWH25efTNsLJA8knL invoke [1]
[2025-11-05T06:35:31.007455000Z DEBUG solana_runtime::message_processor::stable_log] Program log: Create
[2025-11-05T06:35:31.007507000Z DEBUG solana_runtime::message_processor::stable_log] Program TokenkegQfeZyiNwAJbNbGKPFXCWuBvf9Ss623VQ5DA invoke [2]
[2025-11-05T06:35:31.007542000Z DEBUG solana_runtime::message_processor::stable_log] Program log: Instruction: GetAccountDataSize
[2025-11-05T06:35:31.007560000Z DEBUG solana_runtime::message_processor::stable_log] Program TokenkegQfeZyiNwAJbNbGKPFXCWuBvf9Ss623VQ5DA consumed 1595 of 194555 compute units
[2025-11-05T06:35:31.007568000Z DEBUG solana_runtime::message_processor::stable_log] Program return: TokenkegQfeZyiNwAJbNbGKPFXCWuBvf9Ss623VQ5DA pQAAAAAAAAA=
[2025-11-05T06:35:31.007576000Z DEBUG solana_runtime::message_processor::stable_log] Program TokenkegQfeZyiNwAJbNbGKPFXCWuBvf9Ss623VQ5DA success
[2025-11-05T06:35:31.007631000Z DEBUG solana_runtime::message_processor::stable_log] Program 11111111111111111111111111111111 invoke [2]
[2025-11-05T06:35:31.007643000Z DEBUG solana_runtime::message_processor::stable_log] Program 11111111111111111111111111111111 success
[2025-11-05T06:35:31.007648000Z DEBUG solana_runtime::message_processor::stable_log] Program log: Initialize the associated token account
[2025-11-05T06:35:31.007666000Z DEBUG solana_runtime::message_processor::stable_log] Program TokenkegQfeZyiNwAJbNbGKPFXCWuBvf9Ss623VQ5DA invoke [2]
[2025-11-05T06:35:31.007689000Z DEBUG solana_runtime::message_processor::stable_log] Program log: Instruction: InitializeImmutableOwner
[2025-11-05T06:35:31.007699000Z DEBUG solana_runtime::message_processor::stable_log] Program log: Please upgrade to SPL Token 2022 for immutable owner support
[2025-11-05T06:35:31.007702000Z DEBUG solana_runtime::message_processor::stable_log] Program TokenkegQfeZyiNwAJbNbGKPFXCWuBvf9Ss623VQ5DA consumed 1405 of 187942 compute units
[2025-11-05T06:35:31.007710000Z DEBUG solana_runtime::message_processor::stable_log] Program TokenkegQfeZyiNwAJbNbGKPFXCWuBvf9Ss623VQ5DA success
[2025-11-05T06:35:31.007763000Z DEBUG solana_runtime::message_processor::stable_log] Program TokenkegQfeZyiNwAJbNbGKPFXCWuBvf9Ss623VQ5DA invoke [2]
[2025-11-05T06:35:31.007790000Z DEBUG solana_runtime::message_processor::stable_log] Program log: Instruction: InitializeAccount3
[2025-11-05T06:35:31.007846000Z DEBUG solana_runtime::message_processor::stable_log] Program TokenkegQfeZyiNwAJbNbGKPFXCWuBvf9Ss623VQ5DA consumed 4214 of 184058 compute units
[2025-11-05T06:35:31.007854000Z DEBUG solana_runtime::message_processor::stable_log] Program TokenkegQfeZyiNwAJbNbGKPFXCWuBvf9Ss623VQ5DA success
[2025-11-05T06:35:31.007867000Z DEBUG solana_runtime::message_processor::stable_log] Program ATokenGPvbdGVxr1b2hvZbsiqW5xWH25efTNsLJA8knL consumed 20460 of 200000 compute units
[2025-11-05T06:35:31.007876000Z DEBUG solana_runtime::message_processor::stable_log] Program ATokenGPvbdGVxr1b2hvZbsiqW5xWH25efTNsLJA8knL success
[2025-11-05T06:35:31.011553000Z DEBUG solana_runtime::message_processor::stable_log] Program TokenkegQfeZyiNwAJbNbGKPFXCWuBvf9Ss623VQ5DA invoke [1]
[2025-11-05T06:35:31.011646000Z DEBUG solana_runtime::message_processor::stable_log] Program log: Instruction: MintTo
[2025-11-05T06:35:31.011754000Z DEBUG solana_runtime::message_processor::stable_log] Program TokenkegQfeZyiNwAJbNbGKPFXCWuBvf9Ss623VQ5DA consumed 4491 of 200000 compute units
[2025-11-05T06:35:31.011770000Z DEBUG solana_runtime::message_processor::stable_log] Program TokenkegQfeZyiNwAJbNbGKPFXCWuBvf9Ss623VQ5DA success
[2025-11-05T06:35:31.027360000Z DEBUG solana_runtime::message_processor::stable_log] Program ASmKWt93JEMHxbdE6j7znD9y2FcdPboCzC3xtSTJvN7S invoke [1]
[2025-11-05T06:35:31.027428000Z DEBUG solana_runtime::message_processor::stable_log] Program log: Instruction: CreateConfig
[2025-11-05T06:35:31.027625000Z DEBUG solana_runtime::message_processor::stable_log] Program 11111111111111111111111111111111 invoke [2]
[2025-11-05T06:35:31.027638000Z DEBUG solana_runtime::message_processor::stable_log] Program 11111111111111111111111111111111 success
[2025-11-05T06:35:31.027747000Z DEBUG solana_runtime::message_processor::stable_log] Program ASmKWt93JEMHxbdE6j7znD9y2FcdPboCzC3xtSTJvN7S invoke [2]
[2025-11-05T06:35:31.027784000Z DEBUG solana_runtime::message_processor::stable_log] Program ASmKWt93JEMHxbdE6j7znD9y2FcdPboCzC3xtSTJvN7S consumed 2069 of 186098 compute units
[2025-11-05T06:35:31.027794000Z DEBUG solana_runtime::message_processor::stable_log] Program ASmKWt93JEMHxbdE6j7znD9y2FcdPboCzC3xtSTJvN7S success
[2025-11-05T06:35:31.027810000Z DEBUG solana_runtime::message_processor::stable_log] Program ASmKWt93JEMHxbdE6j7znD9y2FcdPboCzC3xtSTJvN7S consumed 16276 of 200000 compute units
[2025-11-05T06:35:31.027819000Z DEBUG solana_runtime::message_processor::stable_log] Program ASmKWt93JEMHxbdE6j7znD9y2FcdPboCzC3xtSTJvN7S success
[2025-11-05T06:35:31.052427000Z DEBUG solana_runtime::message_processor::stable_log] Program ASmKWt93JEMHxbdE6j7znD9y2FcdPboCzC3xtSTJvN7S invoke [1]
[2025-11-05T06:35:31.052541000Z DEBUG solana_runtime::message_processor::stable_log] Program log: Instruction: InitializePool
[2025-11-05T06:35:31.052677000Z DEBUG solana_runtime::message_processor::stable_log] Program 11111111111111111111111111111111 invoke [2]
[2025-11-05T06:35:31.052686000Z DEBUG solana_runtime::message_processor::stable_log] Program 11111111111111111111111111111111 success
[2025-11-05T06:35:31.052718000Z DEBUG solana_runtime::message_processor::stable_log] Program TokenzQdBNbLqP5VEhdkAS6EPFLC1PHnBqCXEpPxuEb invoke [2]
[2025-11-05T06:35:31.052748000Z DEBUG solana_runtime::message_processor::stable_log] Program log: MetadataPointerInstruction::Initialize
[2025-11-05T06:35:31.052782000Z DEBUG solana_runtime::message_processor::stable_log] Program TokenzQdBNbLqP5VEhdkAS6EPFLC1PHnBqCXEpPxuEb consumed 2442 of 334963 compute units
[2025-11-05T06:35:31.052791000Z DEBUG solana_runtime::message_processor::stable_log] Program TokenzQdBNbLqP5VEhdkAS6EPFLC1PHnBqCXEpPxuEb success
[2025-11-05T06:35:31.052820000Z DEBUG solana_runtime::message_processor::stable_log] Program TokenzQdBNbLqP5VEhdkAS6EPFLC1PHnBqCXEpPxuEb invoke [2]
[2025-11-05T06:35:31.052841000Z DEBUG solana_runtime::message_processor::stable_log] Program log: Instruction: InitializeMintCloseAuthority
[2025-11-05T06:35:31.052913000Z DEBUG solana_runtime::message_processor::stable_log] Program TokenzQdBNbLqP5VEhdkAS6EPFLC1PHnBqCXEpPxuEb consumed 2570 of 330543 compute units
[2025-11-05T06:35:31.052921000Z DEBUG solana_runtime::message_processor::stable_log] Program TokenzQdBNbLqP5VEhdkAS6EPFLC1PHnBqCXEpPxuEb success
[2025-11-05T06:35:31.052950000Z DEBUG solana_runtime::message_processor::stable_log] Program TokenzQdBNbLqP5VEhdkAS6EPFLC1PHnBqCXEpPxuEb invoke [2]
[2025-11-05T06:35:31.052972000Z DEBUG solana_runtime::message_processor::stable_log] Program log: Instruction: InitializeMint2
[2025-11-05T06:35:31.053031000Z DEBUG solana_runtime::message_processor::stable_log] Program TokenzQdBNbLqP5VEhdkAS6EPFLC1PHnBqCXEpPxuEb consumed 4078 of 326031 compute units
[2025-11-05T06:35:31.053038000Z DEBUG solana_runtime::message_processor::stable_log] Program TokenzQdBNbLqP5VEhdkAS6EPFLC1PHnBqCXEpPxuEb success
[2025-11-05T06:35:31.053153000Z DEBUG solana_runtime::message_processor::stable_log] Program 11111111111111111111111111111111 invoke [2]
[2025-11-05T06:35:31.053156000Z DEBUG solana_runtime::message_processor::stable_log] Program 11111111111111111111111111111111 success
[2025-11-05T06:35:31.053183000Z DEBUG solana_runtime::message_processor::stable_log] Program TokenzQdBNbLqP5VEhdkAS6EPFLC1PHnBqCXEpPxuEb invoke [2]
[2025-11-05T06:35:31.053208000Z DEBUG solana_runtime::message_processor::stable_log] Program log: Instruction: InitializeAccount3
[2025-11-05T06:35:31.053281000Z DEBUG solana_runtime::message_processor::stable_log] Program TokenzQdBNbLqP5VEhdkAS6EPFLC1PHnBqCXEpPxuEb consumed 5137 of 312347 compute units
[2025-11-05T06:35:31.053289000Z DEBUG solana_runtime::message_processor::stable_log] Program TokenzQdBNbLqP5VEhdkAS6EPFLC1PHnBqCXEpPxuEb success
[2025-11-05T06:35:31.053412000Z DEBUG solana_runtime::message_processor::stable_log] Program 11111111111111111111111111111111 invoke [2]
[2025-11-05T06:35:31.053417000Z DEBUG solana_runtime::message_processor::stable_log] Program 11111111111111111111111111111111 success
[2025-11-05T06:35:31.053488000Z DEBUG solana_runtime::message_processor::stable_log] Program 11111111111111111111111111111111 invoke [2]
[2025-11-05T06:35:31.053491000Z DEBUG solana_runtime::message_processor::stable_log] Program 11111111111111111111111111111111 success
[2025-11-05T06:35:31.053570000Z DEBUG solana_runtime::message_processor::stable_log] Program 11111111111111111111111111111111 invoke [2]
[2025-11-05T06:35:31.053574000Z DEBUG solana_runtime::message_processor::stable_log] Program 11111111111111111111111111111111 success
[2025-11-05T06:35:31.053600000Z DEBUG solana_runtime::message_processor::stable_log] Program TokenkegQfeZyiNwAJbNbGKPFXCWuBvf9Ss623VQ5DA invoke [2]
[2025-11-05T06:35:31.053628000Z DEBUG solana_runtime::message_processor::stable_log] Program log: Instruction: InitializeAccount3
[2025-11-05T06:35:31.053683000Z DEBUG solana_runtime::message_processor::stable_log] Program TokenkegQfeZyiNwAJbNbGKPFXCWuBvf9Ss623VQ5DA consumed 4214 of 285744 compute units
[2025-11-05T06:35:31.053691000Z DEBUG solana_runtime::message_processor::stable_log] Program TokenkegQfeZyiNwAJbNbGKPFXCWuBvf9Ss623VQ5DA success
[2025-11-05T06:35:31.053781000Z DEBUG solana_runtime::message_processor::stable_log] Program 11111111111111111111111111111111 invoke [2]
[2025-11-05T06:35:31.053784000Z DEBUG solana_runtime::message_processor::stable_log] Program 11111111111111111111111111111111 success
[2025-11-05T06:35:31.053809000Z DEBUG solana_runtime::message_processor::stable_log] Program TokenkegQfeZyiNwAJbNbGKPFXCWuBvf9Ss623VQ5DA invoke [2]
[2025-11-05T06:35:31.053835000Z DEBUG solana_runtime::message_processor::stable_log] Program log: Instruction: InitializeAccount3
[2025-11-05T06:35:31.053886000Z DEBUG solana_runtime::message_processor::stable_log] Program TokenkegQfeZyiNwAJbNbGKPFXCWuBvf9Ss623VQ5DA consumed 4214 of 272605 compute units
[2025-11-05T06:35:31.053897000Z DEBUG solana_runtime::message_processor::stable_log] Program TokenkegQfeZyiNwAJbNbGKPFXCWuBvf9Ss623VQ5DA success
[2025-11-05T06:35:31.054093000Z DEBUG solana_runtime::message_processor::stable_log] Program TokenzQdBNbLqP5VEhdkAS6EPFLC1PHnBqCXEpPxuEb invoke [2]
[2025-11-05T06:35:31.054152000Z DEBUG solana_runtime::message_processor::stable_log] Program log: TokenMetadataInstruction: Initialize
[2025-11-05T06:35:31.054286000Z DEBUG solana_runtime::message_processor::stable_log] Program TokenzQdBNbLqP5VEhdkAS6EPFLC1PHnBqCXEpPxuEb consumed 9900 of 256473 compute units
[2025-11-05T06:35:31.054297000Z DEBUG solana_runtime::message_processor::stable_log] Program TokenzQdBNbLqP5VEhdkAS6EPFLC1PHnBqCXEpPxuEb success
[2025-11-05T06:35:31.054338000Z DEBUG solana_runtime::message_processor::stable_log] Program 11111111111111111111111111111111 invoke [2]
[2025-11-05T06:35:31.054342000Z DEBUG solana_runtime::message_processor::stable_log] Program 11111111111111111111111111111111 success
[2025-11-05T06:35:31.054380000Z DEBUG solana_runtime::message_processor::stable_log] Program TokenzQdBNbLqP5VEhdkAS6EPFLC1PHnBqCXEpPxuEb invoke [2]
[2025-11-05T06:35:31.054409000Z DEBUG solana_runtime::message_processor::stable_log] Program log: Instruction: MintTo
[2025-11-05T06:35:31.054479000Z DEBUG solana_runtime::message_processor::stable_log] Program TokenzQdBNbLqP5VEhdkAS6EPFLC1PHnBqCXEpPxuEb consumed 5540 of 241511 compute units
[2025-11-05T06:35:31.054488000Z DEBUG solana_runtime::message_processor::stable_log] Program TokenzQdBNbLqP5VEhdkAS6EPFLC1PHnBqCXEpPxuEb success
[2025-11-05T06:35:31.054536000Z DEBUG solana_runtime::message_processor::stable_log] Program ASmKWt93JEMHxbdE6j7znD9y2FcdPboCzC3xtSTJvN7S invoke [2]
[2025-11-05T06:35:31.054570000Z DEBUG solana_runtime::message_processor::stable_log] Program ASmKWt93JEMHxbdE6j7znD9y2FcdPboCzC3xtSTJvN7S consumed 2069 of 232906 compute units
[2025-11-05T06:35:31.054578000Z DEBUG solana_runtime::message_processor::stable_log] Program ASmKWt93JEMHxbdE6j7znD9y2FcdPboCzC3xtSTJvN7S success
[2025-11-05T06:35:31.054621000Z DEBUG solana_runtime::message_processor::stable_log] Program TokenkegQfeZyiNwAJbNbGKPFXCWuBvf9Ss623VQ5DA invoke [2]
[2025-11-05T06:35:31.054654000Z DEBUG solana_runtime::message_processor::stable_log] Program log: Instruction: TransferChecked
[2025-11-05T06:35:31.054798000Z DEBUG solana_runtime::message_processor::stable_log] Program TokenkegQfeZyiNwAJbNbGKPFXCWuBvf9Ss623VQ5DA consumed 6174 of 228365 compute units
[2025-11-05T06:35:31.054807000Z DEBUG solana_runtime::message_processor::stable_log] Program TokenkegQfeZyiNwAJbNbGKPFXCWuBvf9Ss623VQ5DA success
[2025-11-05T06:35:31.054846000Z DEBUG solana_runtime::message_processor::stable_log] Program TokenkegQfeZyiNwAJbNbGKPFXCWuBvf9Ss623VQ5DA invoke [2]
[2025-11-05T06:35:31.054875000Z DEBUG solana_runtime::message_processor::stable_log] Program log: Instruction: TransferChecked
[2025-11-05T06:35:31.054947000Z DEBUG solana_runtime::message_processor::stable_log] Program TokenkegQfeZyiNwAJbNbGKPFXCWuBvf9Ss623VQ5DA consumed 6269 of 219781 compute units
[2025-11-05T06:35:31.054959000Z DEBUG solana_runtime::message_processor::stable_log] Program TokenkegQfeZyiNwAJbNbGKPFXCWuBvf9Ss623VQ5DA success
[2025-11-05T06:35:31.055031000Z DEBUG solana_runtime::message_processor::stable_log] Program ASmKWt93JEMHxbdE6j7znD9y2FcdPboCzC3xtSTJvN7S invoke [2]
[2025-11-05T06:35:31.055062000Z DEBUG solana_runtime::message_processor::stable_log] Program ASmKWt93JEMHxbdE6j7znD9y2FcdPboCzC3xtSTJvN7S consumed 2069 of 208431 compute units
[2025-11-05T06:35:31.055069000Z DEBUG solana_runtime::message_processor::stable_log] Program ASmKWt93JEMHxbdE6j7znD9y2FcdPboCzC3xtSTJvN7S success
[2025-11-05T06:35:31.055092000Z DEBUG solana_runtime::message_processor::stable_log] Program ASmKWt93JEMHxbdE6j7znD9y2FcdPboCzC3xtSTJvN7S consumed 144432 of 350000 compute units
[2025-11-05T06:35:31.055102000Z DEBUG solana_runtime::message_processor::stable_log] Program ASmKWt93JEMHxbdE6j7znD9y2FcdPboCzC3xtSTJvN7S success
[2025-11-05T06:35:31.055110000Z DEBUG solana_runtime::message_processor::stable_log] Program ComputeBudget111111111111111111111111111111 invoke [1]
[2025-11-05T06:35:31.055117000Z DEBUG solana_runtime::message_processor::stable_log] Program ComputeBudget111111111111111111111111111111 success
[2025-11-05T06:35:31.075521000Z DEBUG solana_runtime::message_processor::stable_log] Program ASmKWt93JEMHxbdE6j7znD9y2FcdPboCzC3xtSTJvN7S invoke [1]
[2025-11-05T06:35:31.075621000Z DEBUG solana_runtime::message_processor::stable_log] Program log: Instruction: CreatePosition
[2025-11-05T06:35:31.075711000Z DEBUG solana_runtime::message_processor::stable_log] Program 11111111111111111111111111111111 invoke [2]
[2025-11-05T06:35:31.075720000Z DEBUG solana_runtime::message_processor::stable_log] Program 11111111111111111111111111111111 success
[2025-11-05T06:35:31.075752000Z DEBUG solana_runtime::message_processor::stable_log] Program TokenzQdBNbLqP5VEhdkAS6EPFLC1PHnBqCXEpPxuEb invoke [2]
[2025-11-05T06:35:31.075788000Z DEBUG solana_runtime::message_processor::stable_log] Program log: MetadataPointerInstruction::Initialize
[2025-11-05T06:35:31.075822000Z DEBUG solana_runtime::message_processor::stable_log] Program TokenzQdBNbLqP5VEhdkAS6EPFLC1PHnBqCXEpPxuEb consumed 2442 of 191116 compute units
[2025-11-05T06:35:31.075832000Z DEBUG solana_runtime::message_processor::stable_log] Program TokenzQdBNbLqP5VEhdkAS6EPFLC1PHnBqCXEpPxuEb success
[2025-11-05T06:35:31.075861000Z DEBUG solana_runtime::message_processor::stable_log] Program TokenzQdBNbLqP5VEhdkAS6EPFLC1PHnBqCXEpPxuEb invoke [2]
[2025-11-05T06:35:31.075884000Z DEBUG solana_runtime::message_processor::stable_log] Program log: Instruction: InitializeMintCloseAuthority
[2025-11-05T06:35:31.075916000Z DEBUG solana_runtime::message_processor::stable_log] Program TokenzQdBNbLqP5VEhdkAS6EPFLC1PHnBqCXEpPxuEb consumed 2570 of 186696 compute units
[2025-11-05T06:35:31.075925000Z DEBUG solana_runtime::message_processor::stable_log] Program TokenzQdBNbLqP5VEhdkAS6EPFLC1PHnBqCXEpPxuEb success
[2025-11-05T06:35:31.075968000Z DEBUG solana_runtime::message_processor::stable_log] Program TokenzQdBNbLqP5VEhdkAS6EPFLC1PHnBqCXEpPxuEb invoke [2]
[2025-11-05T06:35:31.075998000Z DEBUG solana_runtime::message_processor::stable_log] Program log: Instruction: InitializeMint2
[2025-11-05T06:35:31.076061000Z DEBUG solana_runtime::message_processor::stable_log] Program TokenzQdBNbLqP5VEhdkAS6EPFLC1PHnBqCXEpPxuEb consumed 4078 of 182183 compute units
[2025-11-05T06:35:31.076071000Z DEBUG solana_runtime::message_processor::stable_log] Program TokenzQdBNbLqP5VEhdkAS6EPFLC1PHnBqCXEpPxuEb success
[2025-11-05T06:35:31.076189000Z DEBUG solana_runtime::message_processor::stable_log] Program 11111111111111111111111111111111 invoke [2]
[2025-11-05T06:35:31.076194000Z DEBUG solana_runtime::message_processor::stable_log] Program 11111111111111111111111111111111 success
[2025-11-05T06:35:31.076222000Z DEBUG solana_runtime::message_processor::stable_log] Program TokenzQdBNbLqP5VEhdkAS6EPFLC1PHnBqCXEpPxuEb invoke [2]
[2025-11-05T06:35:31.076254000Z DEBUG solana_runtime::message_processor::stable_log] Program log: Instruction: InitializeAccount3
[2025-11-05T06:35:31.076365000Z DEBUG solana_runtime::message_processor::stable_log] Program TokenzQdBNbLqP5VEhdkAS6EPFLC1PHnBqCXEpPxuEb consumed 5137 of 168499 compute units
[2025-11-05T06:35:31.076375000Z DEBUG solana_runtime::message_processor::stable_log] Program TokenzQdBNbLqP5VEhdkAS6EPFLC1PHnBqCXEpPxuEb success
[2025-11-05T06:35:31.076473000Z DEBUG solana_runtime::message_processor::stable_log] Program 11111111111111111111111111111111 invoke [2]
[2025-11-05T06:35:31.076478000Z DEBUG solana_runtime::message_processor::stable_log] Program 11111111111111111111111111111111 success
[2025-11-05T06:35:31.076584000Z DEBUG solana_runtime::message_processor::stable_log] Program TokenzQdBNbLqP5VEhdkAS6EPFLC1PHnBqCXEpPxuEb invoke [2]
[2025-11-05T06:35:31.076636000Z DEBUG solana_runtime::message_processor::stable_log] Program log: TokenMetadataInstruction: Initialize
[2025-11-05T06:35:31.076776000Z DEBUG solana_runtime::message_processor::stable_log] Program TokenzQdBNbLqP5VEhdkAS6EPFLC1PHnBqCXEpPxuEb consumed 9900 of 148769 compute units
[2025-11-05T06:35:31.076785000Z DEBUG solana_runtime::message_processor::stable_log] Program TokenzQdBNbLqP5VEhdkAS6EPFLC1PHnBqCXEpPxuEb success
[2025-11-05T06:35:31.076824000Z DEBUG solana_runtime::message_processor::stable_log] Program 11111111111111111111111111111111 invoke [2]
[2025-11-05T06:35:31.076827000Z DEBUG solana_runtime::message_processor::stable_log] Program 11111111111111111111111111111111 success
[2025-11-05T06:35:31.076917000Z DEBUG solana_runtime::message_processor::stable_log] Program TokenzQdBNbLqP5VEhdkAS6EPFLC1PHnBqCXEpPxuEb invoke [2]
[2025-11-05T06:35:31.076949000Z DEBUG solana_runtime::message_processor::stable_log] Program log: Instruction: MintTo
[2025-11-05T06:35:31.077020000Z DEBUG solana_runtime::message_processor::stable_log] Program TokenzQdBNbLqP5VEhdkAS6EPFLC1PHnBqCXEpPxuEb consumed 5540 of 133807 compute units
[2025-11-05T06:35:31.077029000Z DEBUG solana_runtime::message_processor::stable_log] Program TokenzQdBNbLqP5VEhdkAS6EPFLC1PHnBqCXEpPxuEb success
[2025-11-05T06:35:31.077078000Z DEBUG solana_runtime::message_processor::stable_log] Program ASmKWt93JEMHxbdE6j7znD9y2FcdPboCzC3xtSTJvN7S invoke [2]
[2025-11-05T06:35:31.077122000Z DEBUG solana_runtime::message_processor::stable_log] Program ASmKWt93JEMHxbdE6j7znD9y2FcdPboCzC3xtSTJvN7S consumed 2069 of 125201 compute units
[2025-11-05T06:35:31.077130000Z DEBUG solana_runtime::message_processor::stable_log] Program ASmKWt93JEMHxbdE6j7znD9y2FcdPboCzC3xtSTJvN7S success
[2025-11-05T06:35:31.077149000Z DEBUG solana_runtime::message_processor::stable_log] Program ASmKWt93JEMHxbdE6j7znD9y2FcdPboCzC3xtSTJvN7S consumed 77433 of 200000 compute units
[2025-11-05T06:35:31.077159000Z DEBUG solana_runtime::message_processor::stable_log] Program ASmKWt93JEMHxbdE6j7znD9y2FcdPboCzC3xtSTJvN7S success
[2025-11-05T06:35:31.104949000Z DEBUG solana_runtime::message_processor::stable_log] Program ASmKWt93JEMHxbdE6j7znD9y2FcdPboCzC3xtSTJvN7S invoke [1]
[2025-11-05T06:35:31.105035000Z DEBUG solana_runtime::message_processor::stable_log] Program log: Instruction: SplitPosition2
[2025-11-05T06:35:31.105161000Z DEBUG solana_runtime::message_processor::stable_log] Program log: AnchorError thrown in programs/cp-amm/src/instructions/ix_split_position2.rs:47. Error Code: InvalidSplitPositionParameters. Error Number: 6044. Error Message: Invalid parameters for split position.
[2025-11-05T06:35:31.105170000Z DEBUG solana_runtime::message_processor::stable_log] Program ASmKWt93JEMHxbdE6j7znD9y2FcdPboCzC3xtSTJvN7S consumed 10600 of 200000 compute units
[2025-11-05T06:35:31.105180000Z DEBUG solana_runtime::message_processor::stable_log] Program ASmKWt93JEMHxbdE6j7znD9y2FcdPboCzC3xtSTJvN7S failed: custom program error: 0x179c
    ✔ Invalid parameters (44ms)
[2025-11-05T06:35:31.106917000Z INFO  solana_program_test] "cp_amm" SBF program from ./target/deploy/cp_amm.so, modified 24 minutes, 38 seconds, 454 ms, 233 µs and 203 ns ago
[2025-11-05T06:35:31.107072000Z INFO  solana_program_test] "fee_router" SBF program from ./target/deploy/fee_router.so, modified 41 seconds, 191 ms, 331 µs and 331 ns ago
[2025-11-05T06:35:31.107208000Z INFO  solana_program_test] "transfer_hook_counter" SBF program from tests/fixtures/transfer_hook_counter.so, modified 3 weeks, 22 hours, 59 minutes, 5 seconds, 932 ms, 808 µs and 196 ns ago
[2025-11-05T06:35:31.107432000Z INFO  solana_program_test] "alpha_vault" SBF program from tests/fixtures/alpha_vault.so, modified 3 weeks, 22 hours, 59 minutes, 5 seconds, 933 ms, 719 µs and 72 ns ago
[2025-11-05T06:35:31.107702000Z INFO  solana_program_test] "streamflow" SBF program from tests/fixtures/streamflow.so, modified 3 weeks, 6 hours, 59 minutes, 15 seconds, 818 ms, 618 µs and 387 ns ago
[2025-11-05T06:35:31.108046000Z INFO  solana_program_test] "cp_amm" SBF program from ./target/deploy/cp_amm.so, modified 24 minutes, 38 seconds, 455 ms, 361 µs and 203 ns ago
[2025-11-05T06:35:31.108248000Z INFO  solana_program_test] "fee_router" SBF program from ./target/deploy/fee_router.so, modified 41 seconds, 192 ms, 508 µs and 331 ns ago
[2025-11-05T06:35:31.127517000Z INFO  solana_program_test] Overriding account at ASmKWt93JEMHxbdE6j7znD9y2FcdPboCzC3xtSTJvN7S
[2025-11-05T06:35:31.127533000Z INFO  solana_program_test] Overriding account at 5B57SJ3g2YoNXUpsZqqjEQkRSxyKtVTQRXdgAirz6bio
[2025-11-05T06:35:31.143928000Z DEBUG solana_runtime::message_processor::stable_log] Program 11111111111111111111111111111111 invoke [1]
[2025-11-05T06:35:31.143943000Z DEBUG solana_runtime::message_processor::stable_log] Program 11111111111111111111111111111111 success
[2025-11-05T06:35:31.150506000Z DEBUG solana_runtime::message_processor::stable_log] Program 11111111111111111111111111111111 invoke [1]
[2025-11-05T06:35:31.150523000Z DEBUG solana_runtime::message_processor::stable_log] Program 11111111111111111111111111111111 success
[2025-11-05T06:35:31.157231000Z DEBUG solana_runtime::message_processor::stable_log] Program 11111111111111111111111111111111 invoke [1]
[2025-11-05T06:35:31.157248000Z DEBUG solana_runtime::message_processor::stable_log] Program 11111111111111111111111111111111 success
[2025-11-05T06:35:31.168033000Z DEBUG solana_runtime::message_processor::stable_log] Program 11111111111111111111111111111111 invoke [1]
[2025-11-05T06:35:31.168090000Z DEBUG solana_runtime::message_processor::stable_log] Program 11111111111111111111111111111111 success
[2025-11-05T06:35:31.168142000Z DEBUG solana_runtime::message_processor::stable_log] Program TokenkegQfeZyiNwAJbNbGKPFXCWuBvf9Ss623VQ5DA invoke [1]
[2025-11-05T06:35:31.168204000Z DEBUG solana_runtime::message_processor::stable_log] Program log: Instruction: InitializeMint2
[2025-11-05T06:35:31.168440000Z DEBUG solana_runtime::message_processor::stable_log] Program TokenkegQfeZyiNwAJbNbGKPFXCWuBvf9Ss623VQ5DA consumed 2779 of 399850 compute units
[2025-11-05T06:35:31.168474000Z DEBUG solana_runtime::message_processor::stable_log] Program TokenkegQfeZyiNwAJbNbGKPFXCWuBvf9Ss623VQ5DA success
[2025-11-05T06:35:31.180999000Z DEBUG solana_runtime::message_processor::stable_log] Program 11111111111111111111111111111111 invoke [1]
[2025-11-05T06:35:31.181015000Z DEBUG solana_runtime::message_processor::stable_log] Program 11111111111111111111111111111111 success
[2025-11-05T06:35:31.181019000Z DEBUG solana_runtime::message_processor::stable_log] Program TokenkegQfeZyiNwAJbNbGKPFXCWuBvf9Ss623VQ5DA invoke [1]
[2025-11-05T06:35:31.181071000Z DEBUG solana_runtime::message_processor::stable_log] Program log: Instruction: InitializeMint2
[2025-11-05T06:35:31.181106000Z DEBUG solana_runtime::message_processor::stable_log] Program TokenkegQfeZyiNwAJbNbGKPFXCWuBvf9Ss623VQ5DA consumed 2779 of 399850 compute units
[2025-11-05T06:35:31.181115000Z DEBUG solana_runtime::message_processor::stable_log] Program TokenkegQfeZyiNwAJbNbGKPFXCWuBvf9Ss623VQ5DA success
[2025-11-05T06:35:31.190051000Z DEBUG solana_runtime::message_processor::stable_log] Program ATokenGPvbdGVxr1b2hvZbsiqW5xWH25efTNsLJA8knL invoke [1]
[2025-11-05T06:35:31.190131000Z DEBUG solana_runtime::message_processor::stable_log] Program log: Create
[2025-11-05T06:35:31.190180000Z DEBUG solana_runtime::message_processor::stable_log] Program TokenkegQfeZyiNwAJbNbGKPFXCWuBvf9Ss623VQ5DA invoke [2]
[2025-11-05T06:35:31.190213000Z DEBUG solana_runtime::message_processor::stable_log] Program log: Instruction: GetAccountDataSize
[2025-11-05T06:35:31.190231000Z DEBUG solana_runtime::message_processor::stable_log] Program TokenkegQfeZyiNwAJbNbGKPFXCWuBvf9Ss623VQ5DA consumed 1595 of 194555 compute units
[2025-11-05T06:35:31.190239000Z DEBUG solana_runtime::message_processor::stable_log] Program return: TokenkegQfeZyiNwAJbNbGKPFXCWuBvf9Ss623VQ5DA pQAAAAAAAAA=
[2025-11-05T06:35:31.190249000Z DEBUG solana_runtime::message_processor::stable_log] Program TokenkegQfeZyiNwAJbNbGKPFXCWuBvf9Ss623VQ5DA success
[2025-11-05T06:35:31.190340000Z DEBUG solana_runtime::message_processor::stable_log] Program 11111111111111111111111111111111 invoke [2]
[2025-11-05T06:35:31.190348000Z DEBUG solana_runtime::message_processor::stable_log] Program 11111111111111111111111111111111 success
[2025-11-05T06:35:31.190354000Z DEBUG solana_runtime::message_processor::stable_log] Program log: Initialize the associated token account
[2025-11-05T06:35:31.190371000Z DEBUG solana_runtime::message_processor::stable_log] Program TokenkegQfeZyiNwAJbNbGKPFXCWuBvf9Ss623VQ5DA invoke [2]
[2025-11-05T06:35:31.190394000Z DEBUG solana_runtime::message_processor::stable_log] Program log: Instruction: InitializeImmutableOwner
[2025-11-05T06:35:31.190408000Z DEBUG solana_runtime::message_processor::stable_log] Program log: Please upgrade to SPL Token 2022 for immutable owner support
[2025-11-05T06:35:31.190411000Z DEBUG solana_runtime::message_processor::stable_log] Program TokenkegQfeZyiNwAJbNbGKPFXCWuBvf9Ss623VQ5DA consumed 1405 of 187942 compute units
[2025-11-05T06:35:31.190418000Z DEBUG solana_runtime::message_processor::stable_log] Program TokenkegQfeZyiNwAJbNbGKPFXCWuBvf9Ss623VQ5DA success
[2025-11-05T06:35:31.190451000Z DEBUG solana_runtime::message_processor::stable_log] Program TokenkegQfeZyiNwAJbNbGKPFXCWuBvf9Ss623VQ5DA invoke [2]
[2025-11-05T06:35:31.190479000Z DEBUG solana_runtime::message_processor::stable_log] Program log: Instruction: InitializeAccount3
[2025-11-05T06:35:31.190535000Z DEBUG solana_runtime::message_processor::stable_log] Program TokenkegQfeZyiNwAJbNbGKPFXCWuBvf9Ss623VQ5DA consumed 4214 of 184058 compute units
[2025-11-05T06:35:31.190542000Z DEBUG solana_runtime::message_processor::stable_log] Program TokenkegQfeZyiNwAJbNbGKPFXCWuBvf9Ss623VQ5DA success
[2025-11-05T06:35:31.190555000Z DEBUG solana_runtime::message_processor::stable_log] Program ATokenGPvbdGVxr1b2hvZbsiqW5xWH25efTNsLJA8knL consumed 20460 of 200000 compute units
[2025-11-05T06:35:31.190564000Z DEBUG solana_runtime::message_processor::stable_log] Program ATokenGPvbdGVxr1b2hvZbsiqW5xWH25efTNsLJA8knL success
[2025-11-05T06:35:31.195689000Z DEBUG solana_runtime::message_processor::stable_log] Program TokenkegQfeZyiNwAJbNbGKPFXCWuBvf9Ss623VQ5DA invoke [1]
[2025-11-05T06:35:31.195997000Z DEBUG solana_runtime::message_processor::stable_log] Program log: Instruction: MintTo
[2025-11-05T06:35:31.196062000Z DEBUG solana_runtime::message_processor::stable_log] Program TokenkegQfeZyiNwAJbNbGKPFXCWuBvf9Ss623VQ5DA consumed 4491 of 200000 compute units
[2025-11-05T06:35:31.196073000Z DEBUG solana_runtime::message_processor::stable_log] Program TokenkegQfeZyiNwAJbNbGKPFXCWuBvf9Ss623VQ5DA success
[2025-11-05T06:35:31.202968000Z DEBUG solana_runtime::message_processor::stable_log] Program ATokenGPvbdGVxr1b2hvZbsiqW5xWH25efTNsLJA8knL invoke [1]
[2025-11-05T06:35:31.203046000Z DEBUG solana_runtime::message_processor::stable_log] Program log: Create
[2025-11-05T06:35:31.203099000Z DEBUG solana_runtime::message_processor::stable_log] Program TokenkegQfeZyiNwAJbNbGKPFXCWuBvf9Ss623VQ5DA invoke [2]
[2025-11-05T06:35:31.203253000Z DEBUG solana_runtime::message_processor::stable_log] Program log: Instruction: GetAccountDataSize
[2025-11-05T06:35:31.203280000Z DEBUG solana_runtime::message_processor::stable_log] Program TokenkegQfeZyiNwAJbNbGKPFXCWuBvf9Ss623VQ5DA consumed 1595 of 194555 compute units
[2025-11-05T06:35:31.203291000Z DEBUG solana_runtime::message_processor::stable_log] Program return: TokenkegQfeZyiNwAJbNbGKPFXCWuBvf9Ss623VQ5DA pQAAAAAAAAA=
[2025-11-05T06:35:31.203301000Z DEBUG solana_runtime::message_processor::stable_log] Program TokenkegQfeZyiNwAJbNbGKPFXCWuBvf9Ss623VQ5DA success
[2025-11-05T06:35:31.203363000Z DEBUG solana_runtime::message_processor::stable_log] Program 11111111111111111111111111111111 invoke [2]
[2025-11-05T06:35:31.203371000Z DEBUG solana_runtime::message_processor::stable_log] Program 11111111111111111111111111111111 success
[2025-11-05T06:35:31.203378000Z DEBUG solana_runtime::message_processor::stable_log] Program log: Initialize the associated token account
[2025-11-05T06:35:31.203398000Z DEBUG solana_runtime::message_processor::stable_log] Program TokenkegQfeZyiNwAJbNbGKPFXCWuBvf9Ss623VQ5DA invoke [2]
[2025-11-05T06:35:31.203422000Z DEBUG solana_runtime::message_processor::stable_log] Program log: Instruction: InitializeImmutableOwner
[2025-11-05T06:35:31.203435000Z DEBUG solana_runtime::message_processor::stable_log] Program log: Please upgrade to SPL Token 2022 for immutable owner support
[2025-11-05T06:35:31.203438000Z DEBUG solana_runtime::message_processor::stable_log] Program TokenkegQfeZyiNwAJbNbGKPFXCWuBvf9Ss623VQ5DA consumed 1405 of 187942 compute units
[2025-11-05T06:35:31.203446000Z DEBUG solana_runtime::message_processor::stable_log] Program TokenkegQfeZyiNwAJbNbGKPFXCWuBvf9Ss623VQ5DA success
[2025-11-05T06:35:31.203484000Z DEBUG solana_runtime::message_processor::stable_log] Program TokenkegQfeZyiNwAJbNbGKPFXCWuBvf9Ss623VQ5DA invoke [2]
[2025-11-05T06:35:31.203517000Z DEBUG solana_runtime::message_processor::stable_log] Program log: Instruction: InitializeAccount3
[2025-11-05T06:35:31.203578000Z DEBUG solana_runtime::message_processor::stable_log] Program TokenkegQfeZyiNwAJbNbGKPFXCWuBvf9Ss623VQ5DA consumed 4214 of 184058 compute units
[2025-11-05T06:35:31.203586000Z DEBUG solana_runtime::message_processor::stable_log] Program TokenkegQfeZyiNwAJbNbGKPFXCWuBvf9Ss623VQ5DA success
[2025-11-05T06:35:31.203600000Z DEBUG solana_runtime::message_processor::stable_log] Program ATokenGPvbdGVxr1b2hvZbsiqW5xWH25efTNsLJA8knL consumed 20460 of 200000 compute units
[2025-11-05T06:35:31.203611000Z DEBUG solana_runtime::message_processor::stable_log] Program ATokenGPvbdGVxr1b2hvZbsiqW5xWH25efTNsLJA8knL success
[2025-11-05T06:35:31.209694000Z DEBUG solana_runtime::message_processor::stable_log] Program TokenkegQfeZyiNwAJbNbGKPFXCWuBvf9Ss623VQ5DA invoke [1]
[2025-11-05T06:35:31.209756000Z DEBUG solana_runtime::message_processor::stable_log] Program log: Instruction: MintTo
[2025-11-05T06:35:31.209821000Z DEBUG solana_runtime::message_processor::stable_log] Program TokenkegQfeZyiNwAJbNbGKPFXCWuBvf9Ss623VQ5DA consumed 4491 of 200000 compute units
[2025-11-05T06:35:31.209832000Z DEBUG solana_runtime::message_processor::stable_log] Program TokenkegQfeZyiNwAJbNbGKPFXCWuBvf9Ss623VQ5DA success
[2025-11-05T06:35:31.219073000Z DEBUG solana_runtime::message_processor::stable_log] Program ATokenGPvbdGVxr1b2hvZbsiqW5xWH25efTNsLJA8knL invoke [1]
[2025-11-05T06:35:31.219153000Z DEBUG solana_runtime::message_processor::stable_log] Program log: Create
[2025-11-05T06:35:31.219219000Z DEBUG solana_runtime::message_processor::stable_log] Program TokenkegQfeZyiNwAJbNbGKPFXCWuBvf9Ss623VQ5DA invoke [2]
[2025-11-05T06:35:31.219251000Z DEBUG solana_runtime::message_processor::stable_log] Program log: Instruction: GetAccountDataSize
[2025-11-05T06:35:31.219269000Z DEBUG solana_runtime::message_processor::stable_log] Program TokenkegQfeZyiNwAJbNbGKPFXCWuBvf9Ss623VQ5DA consumed 1595 of 191555 compute units
[2025-11-05T06:35:31.219277000Z DEBUG solana_runtime::message_processor::stable_log] Program return: TokenkegQfeZyiNwAJbNbGKPFXCWuBvf9Ss623VQ5DA pQAAAAAAAAA=
[2025-11-05T06:35:31.219285000Z DEBUG solana_runtime::message_processor::stable_log] Program TokenkegQfeZyiNwAJbNbGKPFXCWuBvf9Ss623VQ5DA success
[2025-11-05T06:35:31.219588000Z DEBUG solana_runtime::message_processor::stable_log] Program 11111111111111111111111111111111 invoke [2]
[2025-11-05T06:35:31.219596000Z DEBUG solana_runtime::message_processor::stable_log] Program 11111111111111111111111111111111 success
[2025-11-05T06:35:31.219602000Z DEBUG solana_runtime::message_processor::stable_log] Program log: Initialize the associated token account
[2025-11-05T06:35:31.219620000Z DEBUG solana_runtime::message_processor::stable_log] Program TokenkegQfeZyiNwAJbNbGKPFXCWuBvf9Ss623VQ5DA invoke [2]
[2025-11-05T06:35:31.219643000Z DEBUG solana_runtime::message_processor::stable_log] Program log: Instruction: InitializeImmutableOwner
[2025-11-05T06:35:31.219654000Z DEBUG solana_runtime::message_processor::stable_log] Program log: Please upgrade to SPL Token 2022 for immutable owner support
[2025-11-05T06:35:31.219658000Z DEBUG solana_runtime::message_processor::stable_log] Program TokenkegQfeZyiNwAJbNbGKPFXCWuBvf9Ss623VQ5DA consumed 1405 of 184942 compute units
[2025-11-05T06:35:31.219666000Z DEBUG solana_runtime::message_processor::stable_log] Program TokenkegQfeZyiNwAJbNbGKPFXCWuBvf9Ss623VQ5DA success
[2025-11-05T06:35:31.219700000Z DEBUG solana_runtime::message_processor::stable_log] Program TokenkegQfeZyiNwAJbNbGKPFXCWuBvf9Ss623VQ5DA invoke [2]
[2025-11-05T06:35:31.219727000Z DEBUG solana_runtime::message_processor::stable_log] Program log: Instruction: InitializeAccount3
[2025-11-05T06:35:31.219781000Z DEBUG solana_runtime::message_processor::stable_log] Program TokenkegQfeZyiNwAJbNbGKPFXCWuBvf9Ss623VQ5DA consumed 4214 of 181058 compute units
[2025-11-05T06:35:31.219789000Z DEBUG solana_runtime::message_processor::stable_log] Program TokenkegQfeZyiNwAJbNbGKPFXCWuBvf9Ss623VQ5DA success
[2025-11-05T06:35:31.219801000Z DEBUG solana_runtime::message_processor::stable_log] Program ATokenGPvbdGVxr1b2hvZbsiqW5xWH25efTNsLJA8knL consumed 23460 of 200000 compute units
[2025-11-05T06:35:31.219809000Z DEBUG solana_runtime::message_processor::stable_log] Program ATokenGPvbdGVxr1b2hvZbsiqW5xWH25efTNsLJA8knL success
[2025-11-05T06:35:31.224828000Z DEBUG solana_runtime::message_processor::stable_log] Program TokenkegQfeZyiNwAJbNbGKPFXCWuBvf9Ss623VQ5DA invoke [1]
[2025-11-05T06:35:31.224880000Z DEBUG solana_runtime::message_processor::stable_log] Program log: Instruction: MintTo
[2025-11-05T06:35:31.224937000Z DEBUG solana_runtime::message_processor::stable_log] Program TokenkegQfeZyiNwAJbNbGKPFXCWuBvf9Ss623VQ5DA consumed 4491 of 200000 compute units
[2025-11-05T06:35:31.224947000Z DEBUG solana_runtime::message_processor::stable_log] Program TokenkegQfeZyiNwAJbNbGKPFXCWuBvf9Ss623VQ5DA success
[2025-11-05T06:35:31.231687000Z DEBUG solana_runtime::message_processor::stable_log] Program ATokenGPvbdGVxr1b2hvZbsiqW5xWH25efTNsLJA8knL invoke [1]
[2025-11-05T06:35:31.231767000Z DEBUG solana_runtime::message_processor::stable_log] Program log: Create
[2025-11-05T06:35:31.231816000Z DEBUG solana_runtime::message_processor::stable_log] Program TokenkegQfeZyiNwAJbNbGKPFXCWuBvf9Ss623VQ5DA invoke [2]
[2025-11-05T06:35:31.231950000Z DEBUG solana_runtime::message_processor::stable_log] Program log: Instruction: GetAccountDataSize
[2025-11-05T06:35:31.231971000Z DEBUG solana_runtime::message_processor::stable_log] Program TokenkegQfeZyiNwAJbNbGKPFXCWuBvf9Ss623VQ5DA consumed 1595 of 194555 compute units
[2025-11-05T06:35:31.231979000Z DEBUG solana_runtime::message_processor::stable_log] Program return: TokenkegQfeZyiNwAJbNbGKPFXCWuBvf9Ss623VQ5DA pQAAAAAAAAA=
[2025-11-05T06:35:31.231987000Z DEBUG solana_runtime::message_processor::stable_log] Program TokenkegQfeZyiNwAJbNbGKPFXCWuBvf9Ss623VQ5DA success
[2025-11-05T06:35:31.232046000Z DEBUG solana_runtime::message_processor::stable_log] Program 11111111111111111111111111111111 invoke [2]
[2025-11-05T06:35:31.232054000Z DEBUG solana_runtime::message_processor::stable_log] Program 11111111111111111111111111111111 success
[2025-11-05T06:35:31.232059000Z DEBUG solana_runtime::message_processor::stable_log] Program log: Initialize the associated token account
[2025-11-05T06:35:31.232077000Z DEBUG solana_runtime::message_processor::stable_log] Program TokenkegQfeZyiNwAJbNbGKPFXCWuBvf9Ss623VQ5DA invoke [2]
[2025-11-05T06:35:31.232099000Z DEBUG solana_runtime::message_processor::stable_log] Program log: Instruction: InitializeImmutableOwner
[2025-11-05T06:35:31.232125000Z DEBUG solana_runtime::message_processor::stable_log] Program log: Please upgrade to SPL Token 2022 for immutable owner support
[2025-11-05T06:35:31.232131000Z DEBUG solana_runtime::message_processor::stable_log] Program TokenkegQfeZyiNwAJbNbGKPFXCWuBvf9Ss623VQ5DA consumed 1405 of 187942 compute units
[2025-11-05T06:35:31.232142000Z DEBUG solana_runtime::message_processor::stable_log] Program TokenkegQfeZyiNwAJbNbGKPFXCWuBvf9Ss623VQ5DA success
[2025-11-05T06:35:31.232181000Z DEBUG solana_runtime::message_processor::stable_log] Program TokenkegQfeZyiNwAJbNbGKPFXCWuBvf9Ss623VQ5DA invoke [2]
[2025-11-05T06:35:31.232216000Z DEBUG solana_runtime::message_processor::stable_log] Program log: Instruction: InitializeAccount3
[2025-11-05T06:35:31.232272000Z DEBUG solana_runtime::message_processor::stable_log] Program TokenkegQfeZyiNwAJbNbGKPFXCWuBvf9Ss623VQ5DA consumed 4214 of 184058 compute units
[2025-11-05T06:35:31.232282000Z DEBUG solana_runtime::message_processor::stable_log] Program TokenkegQfeZyiNwAJbNbGKPFXCWuBvf9Ss623VQ5DA success
[2025-11-05T06:35:31.232294000Z DEBUG solana_runtime::message_processor::stable_log] Program ATokenGPvbdGVxr1b2hvZbsiqW5xWH25efTNsLJA8knL consumed 20460 of 200000 compute units
[2025-11-05T06:35:31.232303000Z DEBUG solana_runtime::message_processor::stable_log] Program ATokenGPvbdGVxr1b2hvZbsiqW5xWH25efTNsLJA8knL success
[2025-11-05T06:35:31.236239000Z DEBUG solana_runtime::message_processor::stable_log] Program TokenkegQfeZyiNwAJbNbGKPFXCWuBvf9Ss623VQ5DA invoke [1]
[2025-11-05T06:35:31.236301000Z DEBUG solana_runtime::message_processor::stable_log] Program log: Instruction: MintTo
[2025-11-05T06:35:31.236360000Z DEBUG solana_runtime::message_processor::stable_log] Program TokenkegQfeZyiNwAJbNbGKPFXCWuBvf9Ss623VQ5DA consumed 4491 of 200000 compute units
[2025-11-05T06:35:31.236370000Z DEBUG solana_runtime::message_processor::stable_log] Program TokenkegQfeZyiNwAJbNbGKPFXCWuBvf9Ss623VQ5DA success
[2025-11-05T06:35:31.248806000Z DEBUG solana_runtime::message_processor::stable_log] Program ASmKWt93JEMHxbdE6j7znD9y2FcdPboCzC3xtSTJvN7S invoke [1]
[2025-11-05T06:35:31.248869000Z DEBUG solana_runtime::message_processor::stable_log] Program log: Instruction: CreateConfig
[2025-11-05T06:35:31.248965000Z DEBUG solana_runtime::message_processor::stable_log] Program 11111111111111111111111111111111 invoke [2]
[2025-11-05T06:35:31.248980000Z DEBUG solana_runtime::message_processor::stable_log] Program 11111111111111111111111111111111 success
[2025-11-05T06:35:31.249095000Z DEBUG solana_runtime::message_processor::stable_log] Program ASmKWt93JEMHxbdE6j7znD9y2FcdPboCzC3xtSTJvN7S invoke [2]
[2025-11-05T06:35:31.249135000Z DEBUG solana_runtime::message_processor::stable_log] Program ASmKWt93JEMHxbdE6j7znD9y2FcdPboCzC3xtSTJvN7S consumed 2069 of 186098 compute units
[2025-11-05T06:35:31.249146000Z DEBUG solana_runtime::message_processor::stable_log] Program ASmKWt93JEMHxbdE6j7znD9y2FcdPboCzC3xtSTJvN7S success
[2025-11-05T06:35:31.249162000Z DEBUG solana_runtime::message_processor::stable_log] Program ASmKWt93JEMHxbdE6j7znD9y2FcdPboCzC3xtSTJvN7S consumed 16276 of 200000 compute units
[2025-11-05T06:35:31.249173000Z DEBUG solana_runtime::message_processor::stable_log] Program ASmKWt93JEMHxbdE6j7znD9y2FcdPboCzC3xtSTJvN7S success
[2025-11-05T06:35:31.277696000Z DEBUG solana_runtime::message_processor::stable_log] Program ASmKWt93JEMHxbdE6j7znD9y2FcdPboCzC3xtSTJvN7S invoke [1]
[2025-11-05T06:35:31.277855000Z DEBUG solana_runtime::message_processor::stable_log] Program log: Instruction: InitializePool
[2025-11-05T06:35:31.278005000Z DEBUG solana_runtime::message_processor::stable_log] Program 11111111111111111111111111111111 invoke [2]
[2025-11-05T06:35:31.278014000Z DEBUG solana_runtime::message_processor::stable_log] Program 11111111111111111111111111111111 success
[2025-11-05T06:35:31.278050000Z DEBUG solana_runtime::message_processor::stable_log] Program TokenzQdBNbLqP5VEhdkAS6EPFLC1PHnBqCXEpPxuEb invoke [2]
[2025-11-05T06:35:31.278084000Z DEBUG solana_runtime::message_processor::stable_log] Program log: MetadataPointerInstruction::Initialize
[2025-11-05T06:35:31.278181000Z DEBUG solana_runtime::message_processor::stable_log] Program TokenzQdBNbLqP5VEhdkAS6EPFLC1PHnBqCXEpPxuEb consumed 2442 of 334963 compute units
[2025-11-05T06:35:31.278202000Z DEBUG solana_runtime::message_processor::stable_log] Program TokenzQdBNbLqP5VEhdkAS6EPFLC1PHnBqCXEpPxuEb success
[2025-11-05T06:35:31.278242000Z DEBUG solana_runtime::message_processor::stable_log] Program TokenzQdBNbLqP5VEhdkAS6EPFLC1PHnBqCXEpPxuEb invoke [2]
[2025-11-05T06:35:31.278268000Z DEBUG solana_runtime::message_processor::stable_log] Program log: Instruction: InitializeMintCloseAuthority
[2025-11-05T06:35:31.278303000Z DEBUG solana_runtime::message_processor::stable_log] Program TokenzQdBNbLqP5VEhdkAS6EPFLC1PHnBqCXEpPxuEb consumed 2570 of 330543 compute units
[2025-11-05T06:35:31.278313000Z DEBUG solana_runtime::message_processor::stable_log] Program TokenzQdBNbLqP5VEhdkAS6EPFLC1PHnBqCXEpPxuEb success
[2025-11-05T06:35:31.278344000Z DEBUG solana_runtime::message_processor::stable_log] Program TokenzQdBNbLqP5VEhdkAS6EPFLC1PHnBqCXEpPxuEb invoke [2]
[2025-11-05T06:35:31.278371000Z DEBUG solana_runtime::message_processor::stable_log] Program log: Instruction: InitializeMint2
[2025-11-05T06:35:31.278434000Z DEBUG solana_runtime::message_processor::stable_log] Program TokenzQdBNbLqP5VEhdkAS6EPFLC1PHnBqCXEpPxuEb consumed 4078 of 326031 compute units
[2025-11-05T06:35:31.278443000Z DEBUG solana_runtime::message_processor::stable_log] Program TokenzQdBNbLqP5VEhdkAS6EPFLC1PHnBqCXEpPxuEb success
[2025-11-05T06:35:31.278656000Z DEBUG solana_runtime::message_processor::stable_log] Program 11111111111111111111111111111111 invoke [2]
[2025-11-05T06:35:31.278662000Z DEBUG solana_runtime::message_processor::stable_log] Program 11111111111111111111111111111111 success
[2025-11-05T06:35:31.278693000Z DEBUG solana_runtime::message_processor::stable_log] Program TokenzQdBNbLqP5VEhdkAS6EPFLC1PHnBqCXEpPxuEb invoke [2]
[2025-11-05T06:35:31.278723000Z DEBUG solana_runtime::message_processor::stable_log] Program log: Instruction: InitializeAccount3
[2025-11-05T06:35:31.278806000Z DEBUG solana_runtime::message_processor::stable_log] Program TokenzQdBNbLqP5VEhdkAS6EPFLC1PHnBqCXEpPxuEb consumed 5137 of 310847 compute units
[2025-11-05T06:35:31.278815000Z DEBUG solana_runtime::message_processor::stable_log] Program TokenzQdBNbLqP5VEhdkAS6EPFLC1PHnBqCXEpPxuEb success
[2025-11-05T06:35:31.278924000Z DEBUG solana_runtime::message_processor::stable_log] Program 11111111111111111111111111111111 invoke [2]
[2025-11-05T06:35:31.278933000Z DEBUG solana_runtime::message_processor::stable_log] Program 11111111111111111111111111111111 success
[2025-11-05T06:35:31.279013000Z DEBUG solana_runtime::message_processor::stable_log] Program 11111111111111111111111111111111 invoke [2]
[2025-11-05T06:35:31.279016000Z DEBUG solana_runtime::message_processor::stable_log] Program 11111111111111111111111111111111 success
[2025-11-05T06:35:31.279090000Z DEBUG solana_runtime::message_processor::stable_log] Program 11111111111111111111111111111111 invoke [2]
[2025-11-05T06:35:31.279093000Z DEBUG solana_runtime::message_processor::stable_log] Program 11111111111111111111111111111111 success
[2025-11-05T06:35:31.279123000Z DEBUG solana_runtime::message_processor::stable_log] Program TokenkegQfeZyiNwAJbNbGKPFXCWuBvf9Ss623VQ5DA invoke [2]
[2025-11-05T06:35:31.279160000Z DEBUG solana_runtime::message_processor::stable_log] Program log: Instruction: InitializeAccount3
[2025-11-05T06:35:31.279224000Z DEBUG solana_runtime::message_processor::stable_log] Program TokenkegQfeZyiNwAJbNbGKPFXCWuBvf9Ss623VQ5DA consumed 4214 of 284244 compute units
[2025-11-05T06:35:31.279233000Z DEBUG solana_runtime::message_processor::stable_log] Program TokenkegQfeZyiNwAJbNbGKPFXCWuBvf9Ss623VQ5DA success
[2025-11-05T06:35:31.279333000Z DEBUG solana_runtime::message_processor::stable_log] Program 11111111111111111111111111111111 invoke [2]
[2025-11-05T06:35:31.279336000Z DEBUG solana_runtime::message_processor::stable_log] Program 11111111111111111111111111111111 success
[2025-11-05T06:35:31.279365000Z DEBUG solana_runtime::message_processor::stable_log] Program TokenkegQfeZyiNwAJbNbGKPFXCWuBvf9Ss623VQ5DA invoke [2]
[2025-11-05T06:35:31.279394000Z DEBUG solana_runtime::message_processor::stable_log] Program log: Instruction: InitializeAccount3
[2025-11-05T06:35:31.279497000Z DEBUG solana_runtime::message_processor::stable_log] Program TokenkegQfeZyiNwAJbNbGKPFXCWuBvf9Ss623VQ5DA consumed 4214 of 271105 compute units
[2025-11-05T06:35:31.279507000Z DEBUG solana_runtime::message_processor::stable_log] Program TokenkegQfeZyiNwAJbNbGKPFXCWuBvf9Ss623VQ5DA success
[2025-11-05T06:35:31.279728000Z DEBUG solana_runtime::message_processor::stable_log] Program TokenzQdBNbLqP5VEhdkAS6EPFLC1PHnBqCXEpPxuEb invoke [2]
[2025-11-05T06:35:31.279789000Z DEBUG solana_runtime::message_processor::stable_log] Program log: TokenMetadataInstruction: Initialize
[2025-11-05T06:35:31.279974000Z DEBUG solana_runtime::message_processor::stable_log] Program TokenzQdBNbLqP5VEhdkAS6EPFLC1PHnBqCXEpPxuEb consumed 9900 of 254973 compute units
[2025-11-05T06:35:31.279986000Z DEBUG solana_runtime::message_processor::stable_log] Program TokenzQdBNbLqP5VEhdkAS6EPFLC1PHnBqCXEpPxuEb success
[2025-11-05T06:35:31.280033000Z DEBUG solana_runtime::message_processor::stable_log] Program 11111111111111111111111111111111 invoke [2]
[2025-11-05T06:35:31.280036000Z DEBUG solana_runtime::message_processor::stable_log] Program 11111111111111111111111111111111 success
[2025-11-05T06:35:31.280080000Z DEBUG solana_runtime::message_processor::stable_log] Program TokenzQdBNbLqP5VEhdkAS6EPFLC1PHnBqCXEpPxuEb invoke [2]
[2025-11-05T06:35:31.280116000Z DEBUG solana_runtime::message_processor::stable_log] Program log: Instruction: MintTo
[2025-11-05T06:35:31.280198000Z DEBUG solana_runtime::message_processor::stable_log] Program TokenzQdBNbLqP5VEhdkAS6EPFLC1PHnBqCXEpPxuEb consumed 5540 of 240011 compute units
[2025-11-05T06:35:31.280207000Z DEBUG solana_runtime::message_processor::stable_log] Program TokenzQdBNbLqP5VEhdkAS6EPFLC1PHnBqCXEpPxuEb success
[2025-11-05T06:35:31.280261000Z DEBUG solana_runtime::message_processor::stable_log] Program ASmKWt93JEMHxbdE6j7znD9y2FcdPboCzC3xtSTJvN7S invoke [2]
[2025-11-05T06:35:31.280298000Z DEBUG solana_runtime::message_processor::stable_log] Program ASmKWt93JEMHxbdE6j7znD9y2FcdPboCzC3xtSTJvN7S consumed 2069 of 231406 compute units
[2025-11-05T06:35:31.280306000Z DEBUG solana_runtime::message_processor::stable_log] Program ASmKWt93JEMHxbdE6j7znD9y2FcdPboCzC3xtSTJvN7S success
[2025-11-05T06:35:31.280353000Z DEBUG solana_runtime::message_processor::stable_log] Program TokenkegQfeZyiNwAJbNbGKPFXCWuBvf9Ss623VQ5DA invoke [2]
[2025-11-05T06:35:31.280393000Z DEBUG solana_runtime::message_processor::stable_log] Program log: Instruction: TransferChecked
[2025-11-05T06:35:31.280475000Z DEBUG solana_runtime::message_processor::stable_log] Program TokenkegQfeZyiNwAJbNbGKPFXCWuBvf9Ss623VQ5DA consumed 6174 of 226865 compute units
[2025-11-05T06:35:31.280488000Z DEBUG solana_runtime::message_processor::stable_log] Program TokenkegQfeZyiNwAJbNbGKPFXCWuBvf9Ss623VQ5DA success
[2025-11-05T06:35:31.280533000Z DEBUG solana_runtime::message_processor::stable_log] Program TokenkegQfeZyiNwAJbNbGKPFXCWuBvf9Ss623VQ5DA invoke [2]
[2025-11-05T06:35:31.280566000Z DEBUG solana_runtime::message_processor::stable_log] Program log: Instruction: TransferChecked
[2025-11-05T06:35:31.280646000Z DEBUG solana_runtime::message_processor::stable_log] Program TokenkegQfeZyiNwAJbNbGKPFXCWuBvf9Ss623VQ5DA consumed 6269 of 218281 compute units
[2025-11-05T06:35:31.280656000Z DEBUG solana_runtime::message_processor::stable_log] Program TokenkegQfeZyiNwAJbNbGKPFXCWuBvf9Ss623VQ5DA success
[2025-11-05T06:35:31.280755000Z DEBUG solana_runtime::message_processor::stable_log] Program ASmKWt93JEMHxbdE6j7znD9y2FcdPboCzC3xtSTJvN7S invoke [2]
[2025-11-05T06:35:31.280808000Z DEBUG solana_runtime::message_processor::stable_log] Program ASmKWt93JEMHxbdE6j7znD9y2FcdPboCzC3xtSTJvN7S consumed 2069 of 206931 compute units
[2025-11-05T06:35:31.280818000Z DEBUG solana_runtime::message_processor::stable_log] Program ASmKWt93JEMHxbdE6j7znD9y2FcdPboCzC3xtSTJvN7S success
[2025-11-05T06:35:31.280845000Z DEBUG solana_runtime::message_processor::stable_log] Program ASmKWt93JEMHxbdE6j7znD9y2FcdPboCzC3xtSTJvN7S consumed 145932 of 350000 compute units
[2025-11-05T06:35:31.280857000Z DEBUG solana_runtime::message_processor::stable_log] Program ASmKWt93JEMHxbdE6j7znD9y2FcdPboCzC3xtSTJvN7S success
[2025-11-05T06:35:31.280866000Z DEBUG solana_runtime::message_processor::stable_log] Program ComputeBudget111111111111111111111111111111 invoke [1]
[2025-11-05T06:35:31.280874000Z DEBUG solana_runtime::message_processor::stable_log] Program ComputeBudget111111111111111111111111111111 success
[2025-11-05T06:35:31.308731000Z DEBUG solana_runtime::message_processor::stable_log] Program ASmKWt93JEMHxbdE6j7znD9y2FcdPboCzC3xtSTJvN7S invoke [1]
[2025-11-05T06:35:31.308947000Z DEBUG solana_runtime::message_processor::stable_log] Program log: Instruction: Swap
[2025-11-05T06:35:31.309474000Z DEBUG solana_runtime::message_processor::stable_log] Program TokenkegQfeZyiNwAJbNbGKPFXCWuBvf9Ss623VQ5DA invoke [2]
[2025-11-05T06:35:31.309557000Z DEBUG solana_runtime::message_processor::stable_log] Program log: Instruction: TransferChecked
[2025-11-05T06:35:31.309727000Z DEBUG solana_runtime::message_processor::stable_log] Program TokenkegQfeZyiNwAJbNbGKPFXCWuBvf9Ss623VQ5DA consumed 6174 of 179211 compute units
[2025-11-05T06:35:31.309745000Z DEBUG solana_runtime::message_processor::stable_log] Program TokenkegQfeZyiNwAJbNbGKPFXCWuBvf9Ss623VQ5DA success
[2025-11-05T06:35:31.309827000Z DEBUG solana_runtime::message_processor::stable_log] Program TokenkegQfeZyiNwAJbNbGKPFXCWuBvf9Ss623VQ5DA invoke [2]
[2025-11-05T06:35:31.309879000Z DEBUG solana_runtime::message_processor::stable_log] Program log: Instruction: TransferChecked
[2025-11-05T06:35:31.310023000Z DEBUG solana_runtime::message_processor::stable_log] Program TokenkegQfeZyiNwAJbNbGKPFXCWuBvf9Ss623VQ5DA consumed 6269 of 170573 compute units
[2025-11-05T06:35:31.310039000Z DEBUG solana_runtime::message_processor::stable_log] Program TokenkegQfeZyiNwAJbNbGKPFXCWuBvf9Ss623VQ5DA success
[2025-11-05T06:35:31.310192000Z DEBUG solana_runtime::message_processor::stable_log] Program ASmKWt93JEMHxbdE6j7znD9y2FcdPboCzC3xtSTJvN7S invoke [2]
[2025-11-05T06:35:31.310268000Z DEBUG solana_runtime::message_processor::stable_log] Program ASmKWt93JEMHxbdE6j7znD9y2FcdPboCzC3xtSTJvN7S consumed 2069 of 158571 compute units
[2025-11-05T06:35:31.310282000Z DEBUG solana_runtime::message_processor::stable_log] Program ASmKWt93JEMHxbdE6j7znD9y2FcdPboCzC3xtSTJvN7S success
[2025-11-05T06:35:31.310345000Z DEBUG solana_runtime::message_processor::stable_log] Program ASmKWt93JEMHxbdE6j7znD9y2FcdPboCzC3xtSTJvN7S invoke [2]
[2025-11-05T06:35:31.310379000Z DEBUG solana_runtime::message_processor::stable_log] Program ASmKWt93JEMHxbdE6j7znD9y2FcdPboCzC3xtSTJvN7S consumed 2069 of 152873 compute units
[2025-11-05T06:35:31.310388000Z DEBUG solana_runtime::message_processor::stable_log] Program ASmKWt93JEMHxbdE6j7znD9y2FcdPboCzC3xtSTJvN7S success
[2025-11-05T06:35:31.310409000Z DEBUG solana_runtime::message_processor::stable_log] Program ASmKWt93JEMHxbdE6j7znD9y2FcdPboCzC3xtSTJvN7S consumed 49730 of 200000 compute units
[2025-11-05T06:35:31.310421000Z DEBUG solana_runtime::message_processor::stable_log] Program ASmKWt93JEMHxbdE6j7znD9y2FcdPboCzC3xtSTJvN7S success
[2025-11-05T06:35:31.331639000Z DEBUG solana_runtime::message_processor::stable_log] Program ASmKWt93JEMHxbdE6j7znD9y2FcdPboCzC3xtSTJvN7S invoke [1]
[2025-11-05T06:35:31.331762000Z DEBUG solana_runtime::message_processor::stable_log] Program log: Instruction: Swap
[2025-11-05T06:35:31.332141000Z DEBUG solana_runtime::message_processor::stable_log] Program TokenkegQfeZyiNwAJbNbGKPFXCWuBvf9Ss623VQ5DA invoke [2]
[2025-11-05T06:35:31.332198000Z DEBUG solana_runtime::message_processor::stable_log] Program log: Instruction: TransferChecked
[2025-11-05T06:35:31.332293000Z DEBUG solana_runtime::message_processor::stable_log] Program TokenkegQfeZyiNwAJbNbGKPFXCWuBvf9Ss623VQ5DA consumed 6174 of 177363 compute units
[2025-11-05T06:35:31.332306000Z DEBUG solana_runtime::message_processor::stable_log] Program TokenkegQfeZyiNwAJbNbGKPFXCWuBvf9Ss623VQ5DA success
[2025-11-05T06:35:31.332363000Z DEBUG solana_runtime::message_processor::stable_log] Program TokenkegQfeZyiNwAJbNbGKPFXCWuBvf9Ss623VQ5DA invoke [2]
[2025-11-05T06:35:31.332408000Z DEBUG solana_runtime::message_processor::stable_log] Program log: Instruction: TransferChecked
[2025-11-05T06:35:31.332518000Z DEBUG solana_runtime::message_processor::stable_log] Program TokenkegQfeZyiNwAJbNbGKPFXCWuBvf9Ss623VQ5DA consumed 6174 of 168725 compute units
[2025-11-05T06:35:31.332534000Z DEBUG solana_runtime::message_processor::stable_log] Program TokenkegQfeZyiNwAJbNbGKPFXCWuBvf9Ss623VQ5DA success
[2025-11-05T06:35:31.332759000Z DEBUG solana_runtime::message_processor::stable_log] Program ASmKWt93JEMHxbdE6j7znD9y2FcdPboCzC3xtSTJvN7S invoke [2]
[2025-11-05T06:35:31.332856000Z DEBUG solana_runtime::message_processor::stable_log] Program ASmKWt93JEMHxbdE6j7znD9y2FcdPboCzC3xtSTJvN7S consumed 2069 of 156500 compute units
[2025-11-05T06:35:31.332875000Z DEBUG solana_runtime::message_processor::stable_log] Program ASmKWt93JEMHxbdE6j7znD9y2FcdPboCzC3xtSTJvN7S success
[2025-11-05T06:35:31.332939000Z DEBUG solana_runtime::message_processor::stable_log] Program ASmKWt93JEMHxbdE6j7znD9y2FcdPboCzC3xtSTJvN7S invoke [2]
[2025-11-05T06:35:31.332976000Z DEBUG solana_runtime::message_processor::stable_log] Program ASmKWt93JEMHxbdE6j7znD9y2FcdPboCzC3xtSTJvN7S consumed 2069 of 150802 compute units
[2025-11-05T06:35:31.332986000Z DEBUG solana_runtime::message_processor::stable_log] Program ASmKWt93JEMHxbdE6j7znD9y2FcdPboCzC3xtSTJvN7S success
[2025-11-05T06:35:31.333007000Z DEBUG solana_runtime::message_processor::stable_log] Program ASmKWt93JEMHxbdE6j7znD9y2FcdPboCzC3xtSTJvN7S consumed 51801 of 200000 compute units
[2025-11-05T06:35:31.333020000Z DEBUG solana_runtime::message_processor::stable_log] Program ASmKWt93JEMHxbdE6j7znD9y2FcdPboCzC3xtSTJvN7S success
[2025-11-05T06:35:31.349541000Z DEBUG solana_runtime::message_processor::stable_log] Program ASmKWt93JEMHxbdE6j7znD9y2FcdPboCzC3xtSTJvN7S invoke [1]
[2025-11-05T06:35:31.349645000Z DEBUG solana_runtime::message_processor::stable_log] Program log: Instruction: CreatePosition
[2025-11-05T06:35:31.349724000Z DEBUG solana_runtime::message_processor::stable_log] Program 11111111111111111111111111111111 invoke [2]
[2025-11-05T06:35:31.349733000Z DEBUG solana_runtime::message_processor::stable_log] Program 11111111111111111111111111111111 success
[2025-11-05T06:35:31.349861000Z DEBUG solana_runtime::message_processor::stable_log] Program TokenzQdBNbLqP5VEhdkAS6EPFLC1PHnBqCXEpPxuEb invoke [2]
[2025-11-05T06:35:31.349967000Z DEBUG solana_runtime::message_processor::stable_log] Program log: MetadataPointerInstruction::Initialize
[2025-11-05T06:35:31.350034000Z DEBUG solana_runtime::message_processor::stable_log] Program TokenzQdBNbLqP5VEhdkAS6EPFLC1PHnBqCXEpPxuEb consumed 2442 of 191116 compute units
[2025-11-05T06:35:31.350049000Z DEBUG solana_runtime::message_processor::stable_log] Program TokenzQdBNbLqP5VEhdkAS6EPFLC1PHnBqCXEpPxuEb success
[2025-11-05T06:35:31.350140000Z DEBUG solana_runtime::message_processor::stable_log] Program TokenzQdBNbLqP5VEhdkAS6EPFLC1PHnBqCXEpPxuEb invoke [2]
[2025-11-05T06:35:31.350179000Z DEBUG solana_runtime::message_processor::stable_log] Program log: Instruction: InitializeMintCloseAuthority
[2025-11-05T06:35:31.350239000Z DEBUG solana_runtime::message_processor::stable_log] Program TokenzQdBNbLqP5VEhdkAS6EPFLC1PHnBqCXEpPxuEb consumed 2570 of 186696 compute units
[2025-11-05T06:35:31.350249000Z DEBUG solana_runtime::message_processor::stable_log] Program TokenzQdBNbLqP5VEhdkAS6EPFLC1PHnBqCXEpPxuEb success
[2025-11-05T06:35:31.350296000Z DEBUG solana_runtime::message_processor::stable_log] Program TokenzQdBNbLqP5VEhdkAS6EPFLC1PHnBqCXEpPxuEb invoke [2]
[2025-11-05T06:35:31.350335000Z DEBUG solana_runtime::message_processor::stable_log] Program log: Instruction: InitializeMint2
[2025-11-05T06:35:31.350448000Z DEBUG solana_runtime::message_processor::stable_log] Program TokenzQdBNbLqP5VEhdkAS6EPFLC1PHnBqCXEpPxuEb consumed 4078 of 182183 compute units
[2025-11-05T06:35:31.350460000Z DEBUG solana_runtime::message_processor::stable_log] Program TokenzQdBNbLqP5VEhdkAS6EPFLC1PHnBqCXEpPxuEb success
[2025-11-05T06:35:31.350654000Z DEBUG solana_runtime::message_processor::stable_log] Program 11111111111111111111111111111111 invoke [2]
[2025-11-05T06:35:31.350666000Z DEBUG solana_runtime::message_processor::stable_log] Program 11111111111111111111111111111111 success
[2025-11-05T06:35:31.350715000Z DEBUG solana_runtime::message_processor::stable_log] Program TokenzQdBNbLqP5VEhdkAS6EPFLC1PHnBqCXEpPxuEb invoke [2]
[2025-11-05T06:35:31.350798000Z DEBUG solana_runtime::message_processor::stable_log] Program log: Instruction: InitializeAccount3
[2025-11-05T06:35:31.350928000Z DEBUG solana_runtime::message_processor::stable_log] Program TokenzQdBNbLqP5VEhdkAS6EPFLC1PHnBqCXEpPxuEb consumed 5137 of 168499 compute units
[2025-11-05T06:35:31.350938000Z DEBUG solana_runtime::message_processor::stable_log] Program TokenzQdBNbLqP5VEhdkAS6EPFLC1PHnBqCXEpPxuEb success
[2025-11-05T06:35:31.351138000Z DEBUG solana_runtime::message_processor::stable_log] Program 11111111111111111111111111111111 invoke [2]
[2025-11-05T06:35:31.351150000Z DEBUG solana_runtime::message_processor::stable_log] Program 11111111111111111111111111111111 success
[2025-11-05T06:35:31.351313000Z DEBUG solana_runtime::message_processor::stable_log] Program TokenzQdBNbLqP5VEhdkAS6EPFLC1PHnBqCXEpPxuEb invoke [2]
[2025-11-05T06:35:31.351404000Z DEBUG solana_runtime::message_processor::stable_log] Program log: TokenMetadataInstruction: Initialize
[2025-11-05T06:35:31.351629000Z DEBUG solana_runtime::message_processor::stable_log] Program TokenzQdBNbLqP5VEhdkAS6EPFLC1PHnBqCXEpPxuEb consumed 9900 of 147269 compute units
[2025-11-05T06:35:31.351644000Z DEBUG solana_runtime::message_processor::stable_log] Program TokenzQdBNbLqP5VEhdkAS6EPFLC1PHnBqCXEpPxuEb success
[2025-11-05T06:35:31.351708000Z DEBUG solana_runtime::message_processor::stable_log] Program 11111111111111111111111111111111 invoke [2]
[2025-11-05T06:35:31.351713000Z DEBUG solana_runtime::message_processor::stable_log] Program 11111111111111111111111111111111 success
[2025-11-05T06:35:31.351778000Z DEBUG solana_runtime::message_processor::stable_log] Program TokenzQdBNbLqP5VEhdkAS6EPFLC1PHnBqCXEpPxuEb invoke [2]
[2025-11-05T06:35:31.351826000Z DEBUG solana_runtime::message_processor::stable_log] Program log: Instruction: MintTo
[2025-11-05T06:35:31.351960000Z DEBUG solana_runtime::message_processor::stable_log] Program TokenzQdBNbLqP5VEhdkAS6EPFLC1PHnBqCXEpPxuEb consumed 5540 of 132307 compute units
[2025-11-05T06:35:31.351971000Z DEBUG solana_runtime::message_processor::stable_log] Program TokenzQdBNbLqP5VEhdkAS6EPFLC1PHnBqCXEpPxuEb success
[2025-11-05T06:35:31.352050000Z DEBUG solana_runtime::message_processor::stable_log] Program ASmKWt93JEMHxbdE6j7znD9y2FcdPboCzC3xtSTJvN7S invoke [2]
[2025-11-05T06:35:31.352099000Z DEBUG solana_runtime::message_processor::stable_log] Program ASmKWt93JEMHxbdE6j7znD9y2FcdPboCzC3xtSTJvN7S consumed 2069 of 123701 compute units
[2025-11-05T06:35:31.352110000Z DEBUG solana_runtime::message_processor::stable_log] Program ASmKWt93JEMHxbdE6j7znD9y2FcdPboCzC3xtSTJvN7S success
[2025-11-05T06:35:31.352140000Z DEBUG solana_runtime::message_processor::stable_log] Program ASmKWt93JEMHxbdE6j7znD9y2FcdPboCzC3xtSTJvN7S consumed 78933 of 200000 compute units
[2025-11-05T06:35:31.352154000Z DEBUG solana_runtime::message_processor::stable_log] Program ASmKWt93JEMHxbdE6j7znD9y2FcdPboCzC3xtSTJvN7S success
[2025-11-05T06:35:31.409485000Z DEBUG solana_runtime::message_processor::stable_log] Program ASmKWt93JEMHxbdE6j7znD9y2FcdPboCzC3xtSTJvN7S invoke [1]
[2025-11-05T06:35:31.409672000Z DEBUG solana_runtime::message_processor::stable_log] Program log: Instruction: SplitPosition2
[2025-11-05T06:35:31.409960000Z DEBUG solana_runtime::message_processor::stable_log] Program ASmKWt93JEMHxbdE6j7znD9y2FcdPboCzC3xtSTJvN7S invoke [2]
[2025-11-05T06:35:31.410023000Z DEBUG solana_runtime::message_processor::stable_log] Program ASmKWt93JEMHxbdE6j7znD9y2FcdPboCzC3xtSTJvN7S consumed 2069 of 181978 compute units
[2025-11-05T06:35:31.410036000Z DEBUG solana_runtime::message_processor::stable_log] Program ASmKWt93JEMHxbdE6j7znD9y2FcdPboCzC3xtSTJvN7S success
[2025-11-05T06:35:31.410062000Z DEBUG solana_runtime::message_processor::stable_log] Program ASmKWt93JEMHxbdE6j7znD9y2FcdPboCzC3xtSTJvN7S consumed 20735 of 200000 compute units
[2025-11-05T06:35:31.410073000Z DEBUG solana_runtime::message_processor::stable_log] Program ASmKWt93JEMHxbdE6j7znD9y2FcdPboCzC3xtSTJvN7S success
    ✔ Split position into two position (142ms)
[2025-11-05T06:35:31.431845000Z INFO  solana_program_test] "cp_amm" SBF program from ./target/deploy/cp_amm.so, modified 24 minutes, 38 seconds, 779 ms, 158 µs and 203 ns ago
[2025-11-05T06:35:31.432065000Z INFO  solana_program_test] "fee_router" SBF program from ./target/deploy/fee_router.so, modified 41 seconds, 516 ms, 324 µs and 331 ns ago
[2025-11-05T06:35:31.432210000Z INFO  solana_program_test] "transfer_hook_counter" SBF program from tests/fixtures/transfer_hook_counter.so, modified 3 weeks, 22 hours, 59 minutes, 6 seconds, 257 ms, 809 µs and 196 ns ago
[2025-11-05T06:35:31.432633000Z INFO  solana_program_test] "alpha_vault" SBF program from tests/fixtures/alpha_vault.so, modified 3 weeks, 22 hours, 59 minutes, 6 seconds, 258 ms, 919 µs and 72 ns ago
[2025-11-05T06:35:31.432958000Z INFO  solana_program_test] "streamflow" SBF program from tests/fixtures/streamflow.so, modified 3 weeks, 6 hours, 59 minutes, 16 seconds, 143 ms, 873 µs and 387 ns ago
[2025-11-05T06:35:31.433282000Z INFO  solana_program_test] "cp_amm" SBF program from ./target/deploy/cp_amm.so, modified 24 minutes, 38 seconds, 780 ms, 601 µs and 203 ns ago
[2025-11-05T06:35:31.433459000Z INFO  solana_program_test] "fee_router" SBF program from ./target/deploy/fee_router.so, modified 41 seconds, 517 ms, 718 µs and 331 ns ago
[2025-11-05T06:35:31.459704000Z INFO  solana_program_test] Overriding account at ASmKWt93JEMHxbdE6j7znD9y2FcdPboCzC3xtSTJvN7S
[2025-11-05T06:35:31.459717000Z INFO  solana_program_test] Overriding account at 5B57SJ3g2YoNXUpsZqqjEQkRSxyKtVTQRXdgAirz6bio
[2025-11-05T06:35:31.474959000Z DEBUG solana_runtime::message_processor::stable_log] Program 11111111111111111111111111111111 invoke [1]
[2025-11-05T06:35:31.474975000Z DEBUG solana_runtime::message_processor::stable_log] Program 11111111111111111111111111111111 success
[2025-11-05T06:35:31.480930000Z DEBUG solana_runtime::message_processor::stable_log] Program 11111111111111111111111111111111 invoke [1]
[2025-11-05T06:35:31.480944000Z DEBUG solana_runtime::message_processor::stable_log] Program 11111111111111111111111111111111 success
[2025-11-05T06:35:31.486877000Z DEBUG solana_runtime::message_processor::stable_log] Program 11111111111111111111111111111111 invoke [1]
[2025-11-05T06:35:31.486892000Z DEBUG solana_runtime::message_processor::stable_log] Program 11111111111111111111111111111111 success
[2025-11-05T06:35:31.498435000Z DEBUG solana_runtime::message_processor::stable_log] Program 11111111111111111111111111111111 invoke [1]
[2025-11-05T06:35:31.498452000Z DEBUG solana_runtime::message_processor::stable_log] Program 11111111111111111111111111111111 success
[2025-11-05T06:35:31.498457000Z DEBUG solana_runtime::message_processor::stable_log] Program TokenkegQfeZyiNwAJbNbGKPFXCWuBvf9Ss623VQ5DA invoke [1]
[2025-11-05T06:35:31.498500000Z DEBUG solana_runtime::message_processor::stable_log] Program log: Instruction: InitializeMint2
[2025-11-05T06:35:31.498538000Z DEBUG solana_runtime::message_processor::stable_log] Program TokenkegQfeZyiNwAJbNbGKPFXCWuBvf9Ss623VQ5DA consumed 2779 of 399850 compute units
[2025-11-05T06:35:31.498549000Z DEBUG solana_runtime::message_processor::stable_log] Program TokenkegQfeZyiNwAJbNbGKPFXCWuBvf9Ss623VQ5DA success
[2025-11-05T06:35:31.508901000Z DEBUG solana_runtime::message_processor::stable_log] Program 11111111111111111111111111111111 invoke [1]
[2025-11-05T06:35:31.508933000Z DEBUG solana_runtime::message_processor::stable_log] Program 11111111111111111111111111111111 success
[2025-11-05T06:35:31.508938000Z DEBUG solana_runtime::message_processor::stable_log] Program TokenkegQfeZyiNwAJbNbGKPFXCWuBvf9Ss623VQ5DA invoke [1]
[2025-11-05T06:35:31.508980000Z DEBUG solana_runtime::message_processor::stable_log] Program log: Instruction: InitializeMint2
[2025-11-05T06:35:31.509013000Z DEBUG solana_runtime::message_processor::stable_log] Program TokenkegQfeZyiNwAJbNbGKPFXCWuBvf9Ss623VQ5DA consumed 2779 of 399850 compute units
[2025-11-05T06:35:31.509023000Z DEBUG solana_runtime::message_processor::stable_log] Program TokenkegQfeZyiNwAJbNbGKPFXCWuBvf9Ss623VQ5DA success
[2025-11-05T06:35:31.517667000Z DEBUG solana_runtime::message_processor::stable_log] Program ATokenGPvbdGVxr1b2hvZbsiqW5xWH25efTNsLJA8knL invoke [1]
[2025-11-05T06:35:31.517732000Z DEBUG solana_runtime::message_processor::stable_log] Program log: Create
[2025-11-05T06:35:31.517780000Z DEBUG solana_runtime::message_processor::stable_log] Program TokenkegQfeZyiNwAJbNbGKPFXCWuBvf9Ss623VQ5DA invoke [2]
[2025-11-05T06:35:31.517809000Z DEBUG solana_runtime::message_processor::stable_log] Program log: Instruction: GetAccountDataSize
[2025-11-05T06:35:31.517828000Z DEBUG solana_runtime::message_processor::stable_log] Program TokenkegQfeZyiNwAJbNbGKPFXCWuBvf9Ss623VQ5DA consumed 1595 of 194555 compute units
[2025-11-05T06:35:31.517836000Z DEBUG solana_runtime::message_processor::stable_log] Program return: TokenkegQfeZyiNwAJbNbGKPFXCWuBvf9Ss623VQ5DA pQAAAAAAAAA=
[2025-11-05T06:35:31.517844000Z DEBUG solana_runtime::message_processor::stable_log] Program TokenkegQfeZyiNwAJbNbGKPFXCWuBvf9Ss623VQ5DA success
[2025-11-05T06:35:31.517898000Z DEBUG solana_runtime::message_processor::stable_log] Program 11111111111111111111111111111111 invoke [2]
[2025-11-05T06:35:31.517908000Z DEBUG solana_runtime::message_processor::stable_log] Program 11111111111111111111111111111111 success
[2025-11-05T06:35:31.517913000Z DEBUG solana_runtime::message_processor::stable_log] Program log: Initialize the associated token account
[2025-11-05T06:35:31.517930000Z DEBUG solana_runtime::message_processor::stable_log] Program TokenkegQfeZyiNwAJbNbGKPFXCWuBvf9Ss623VQ5DA invoke [2]
[2025-11-05T06:35:31.517952000Z DEBUG solana_runtime::message_processor::stable_log] Program log: Instruction: InitializeImmutableOwner
[2025-11-05T06:35:31.517971000Z DEBUG solana_runtime::message_processor::stable_log] Program log: Please upgrade to SPL Token 2022 for immutable owner support
[2025-11-05T06:35:31.517975000Z DEBUG solana_runtime::message_processor::stable_log] Program TokenkegQfeZyiNwAJbNbGKPFXCWuBvf9Ss623VQ5DA consumed 1405 of 187942 compute units
[2025-11-05T06:35:31.517982000Z DEBUG solana_runtime::message_processor::stable_log] Program TokenkegQfeZyiNwAJbNbGKPFXCWuBvf9Ss623VQ5DA success
[2025-11-05T06:35:31.518025000Z DEBUG solana_runtime::message_processor::stable_log] Program TokenkegQfeZyiNwAJbNbGKPFXCWuBvf9Ss623VQ5DA invoke [2]
[2025-11-05T06:35:31.518064000Z DEBUG solana_runtime::message_processor::stable_log] Program log: Instruction: InitializeAccount3
[2025-11-05T06:35:31.518154000Z DEBUG solana_runtime::message_processor::stable_log] Program TokenkegQfeZyiNwAJbNbGKPFXCWuBvf9Ss623VQ5DA consumed 4214 of 184058 compute units
[2025-11-05T06:35:31.518162000Z DEBUG solana_runtime::message_processor::stable_log] Program TokenkegQfeZyiNwAJbNbGKPFXCWuBvf9Ss623VQ5DA success
[2025-11-05T06:35:31.518175000Z DEBUG solana_runtime::message_processor::stable_log] Program ATokenGPvbdGVxr1b2hvZbsiqW5xWH25efTNsLJA8knL consumed 20460 of 200000 compute units
[2025-11-05T06:35:31.518183000Z DEBUG solana_runtime::message_processor::stable_log] Program ATokenGPvbdGVxr1b2hvZbsiqW5xWH25efTNsLJA8knL success
[2025-11-05T06:35:31.523051000Z DEBUG solana_runtime::message_processor::stable_log] Program TokenkegQfeZyiNwAJbNbGKPFXCWuBvf9Ss623VQ5DA invoke [1]
[2025-11-05T06:35:31.523099000Z DEBUG solana_runtime::message_processor::stable_log] Program log: Instruction: MintTo
[2025-11-05T06:35:31.523299000Z DEBUG solana_runtime::message_processor::stable_log] Program TokenkegQfeZyiNwAJbNbGKPFXCWuBvf9Ss623VQ5DA consumed 4491 of 200000 compute units
[2025-11-05T06:35:31.523312000Z DEBUG solana_runtime::message_processor::stable_log] Program TokenkegQfeZyiNwAJbNbGKPFXCWuBvf9Ss623VQ5DA success
[2025-11-05T06:35:31.531280000Z DEBUG solana_runtime::message_processor::stable_log] Program ATokenGPvbdGVxr1b2hvZbsiqW5xWH25efTNsLJA8knL invoke [1]
[2025-11-05T06:35:31.531350000Z DEBUG solana_runtime::message_processor::stable_log] Program log: Create
[2025-11-05T06:35:31.531649000Z DEBUG solana_runtime::message_processor::stable_log] Program TokenkegQfeZyiNwAJbNbGKPFXCWuBvf9Ss623VQ5DA invoke [2]
[2025-11-05T06:35:31.531714000Z DEBUG solana_runtime::message_processor::stable_log] Program log: Instruction: GetAccountDataSize
[2025-11-05T06:35:31.531738000Z DEBUG solana_runtime::message_processor::stable_log] Program TokenkegQfeZyiNwAJbNbGKPFXCWuBvf9Ss623VQ5DA consumed 1595 of 193055 compute units
[2025-11-05T06:35:31.531748000Z DEBUG solana_runtime::message_processor::stable_log] Program return: TokenkegQfeZyiNwAJbNbGKPFXCWuBvf9Ss623VQ5DA pQAAAAAAAAA=
[2025-11-05T06:35:31.531858000Z DEBUG solana_runtime::message_processor::stable_log] Program TokenkegQfeZyiNwAJbNbGKPFXCWuBvf9Ss623VQ5DA success
[2025-11-05T06:35:31.531955000Z DEBUG solana_runtime::message_processor::stable_log] Program 11111111111111111111111111111111 invoke [2]
[2025-11-05T06:35:31.531972000Z DEBUG solana_runtime::message_processor::stable_log] Program 11111111111111111111111111111111 success
[2025-11-05T06:35:31.531984000Z DEBUG solana_runtime::message_processor::stable_log] Program log: Initialize the associated token account
[2025-11-05T06:35:31.532009000Z DEBUG solana_runtime::message_processor::stable_log] Program TokenkegQfeZyiNwAJbNbGKPFXCWuBvf9Ss623VQ5DA invoke [2]
[2025-11-05T06:35:31.532044000Z DEBUG solana_runtime::message_processor::stable_log] Program log: Instruction: InitializeImmutableOwner
[2025-11-05T06:35:31.532057000Z DEBUG solana_runtime::message_processor::stable_log] Program log: Please upgrade to SPL Token 2022 for immutable owner support
[2025-11-05T06:35:31.532061000Z DEBUG solana_runtime::message_processor::stable_log] Program TokenkegQfeZyiNwAJbNbGKPFXCWuBvf9Ss623VQ5DA consumed 1405 of 186442 compute units
[2025-11-05T06:35:31.532070000Z DEBUG solana_runtime::message_processor::stable_log] Program TokenkegQfeZyiNwAJbNbGKPFXCWuBvf9Ss623VQ5DA success
[2025-11-05T06:35:31.532110000Z DEBUG solana_runtime::message_processor::stable_log] Program TokenkegQfeZyiNwAJbNbGKPFXCWuBvf9Ss623VQ5DA invoke [2]
[2025-11-05T06:35:31.532141000Z DEBUG solana_runtime::message_processor::stable_log] Program log: Instruction: InitializeAccount3
[2025-11-05T06:35:31.532208000Z DEBUG solana_runtime::message_processor::stable_log] Program TokenkegQfeZyiNwAJbNbGKPFXCWuBvf9Ss623VQ5DA consumed 4214 of 182558 compute units
[2025-11-05T06:35:31.532218000Z DEBUG solana_runtime::message_processor::stable_log] Program TokenkegQfeZyiNwAJbNbGKPFXCWuBvf9Ss623VQ5DA success
[2025-11-05T06:35:31.532232000Z DEBUG solana_runtime::message_processor::stable_log] Program ATokenGPvbdGVxr1b2hvZbsiqW5xWH25efTNsLJA8knL consumed 21960 of 200000 compute units
[2025-11-05T06:35:31.532243000Z DEBUG solana_runtime::message_processor::stable_log] Program ATokenGPvbdGVxr1b2hvZbsiqW5xWH25efTNsLJA8knL success
[2025-11-05T06:35:31.538359000Z DEBUG solana_runtime::message_processor::stable_log] Program TokenkegQfeZyiNwAJbNbGKPFXCWuBvf9Ss623VQ5DA invoke [1]
[2025-11-05T06:35:31.538415000Z DEBUG solana_runtime::message_processor::stable_log] Program log: Instruction: MintTo
[2025-11-05T06:35:31.538474000Z DEBUG solana_runtime::message_processor::stable_log] Program TokenkegQfeZyiNwAJbNbGKPFXCWuBvf9Ss623VQ5DA consumed 4491 of 200000 compute units
[2025-11-05T06:35:31.538484000Z DEBUG solana_runtime::message_processor::stable_log] Program TokenkegQfeZyiNwAJbNbGKPFXCWuBvf9Ss623VQ5DA success
[2025-11-05T06:35:31.545480000Z DEBUG solana_runtime::message_processor::stable_log] Program ATokenGPvbdGVxr1b2hvZbsiqW5xWH25efTNsLJA8knL invoke [1]
[2025-11-05T06:35:31.545555000Z DEBUG solana_runtime::message_processor::stable_log] Program log: Create
[2025-11-05T06:35:31.545608000Z DEBUG solana_runtime::message_processor::stable_log] Program TokenkegQfeZyiNwAJbNbGKPFXCWuBvf9Ss623VQ5DA invoke [2]
[2025-11-05T06:35:31.545636000Z DEBUG solana_runtime::message_processor::stable_log] Program log: Instruction: GetAccountDataSize
[2025-11-05T06:35:31.545654000Z DEBUG solana_runtime::message_processor::stable_log] Program TokenkegQfeZyiNwAJbNbGKPFXCWuBvf9Ss623VQ5DA consumed 1595 of 194555 compute units
[2025-11-05T06:35:31.545662000Z DEBUG solana_runtime::message_processor::stable_log] Program return: TokenkegQfeZyiNwAJbNbGKPFXCWuBvf9Ss623VQ5DA pQAAAAAAAAA=
[2025-11-05T06:35:31.545671000Z DEBUG solana_runtime::message_processor::stable_log] Program TokenkegQfeZyiNwAJbNbGKPFXCWuBvf9Ss623VQ5DA success
[2025-11-05T06:35:31.545724000Z DEBUG solana_runtime::message_processor::stable_log] Program 11111111111111111111111111111111 invoke [2]
[2025-11-05T06:35:31.545732000Z DEBUG solana_runtime::message_processor::stable_log] Program 11111111111111111111111111111111 success
[2025-11-05T06:35:31.545737000Z DEBUG solana_runtime::message_processor::stable_log] Program log: Initialize the associated token account
[2025-11-05T06:35:31.545755000Z DEBUG solana_runtime::message_processor::stable_log] Program TokenkegQfeZyiNwAJbNbGKPFXCWuBvf9Ss623VQ5DA invoke [2]
[2025-11-05T06:35:31.545775000Z DEBUG solana_runtime::message_processor::stable_log] Program log: Instruction: InitializeImmutableOwner
[2025-11-05T06:35:31.545786000Z DEBUG solana_runtime::message_processor::stable_log] Program log: Please upgrade to SPL Token 2022 for immutable owner support
[2025-11-05T06:35:31.545800000Z DEBUG solana_runtime::message_processor::stable_log] Program TokenkegQfeZyiNwAJbNbGKPFXCWuBvf9Ss623VQ5DA consumed 1405 of 187942 compute units
[2025-11-05T06:35:31.545810000Z DEBUG solana_runtime::message_processor::stable_log] Program TokenkegQfeZyiNwAJbNbGKPFXCWuBvf9Ss623VQ5DA success
[2025-11-05T06:35:31.545847000Z DEBUG solana_runtime::message_processor::stable_log] Program TokenkegQfeZyiNwAJbNbGKPFXCWuBvf9Ss623VQ5DA invoke [2]
[2025-11-05T06:35:31.545880000Z DEBUG solana_runtime::message_processor::stable_log] Program log: Instruction: InitializeAccount3
[2025-11-05T06:35:31.545948000Z DEBUG solana_runtime::message_processor::stable_log] Program TokenkegQfeZyiNwAJbNbGKPFXCWuBvf9Ss623VQ5DA consumed 4214 of 184058 compute units
[2025-11-05T06:35:31.545960000Z DEBUG solana_runtime::message_processor::stable_log] Program TokenkegQfeZyiNwAJbNbGKPFXCWuBvf9Ss623VQ5DA success
[2025-11-05T06:35:31.545974000Z DEBUG solana_runtime::message_processor::stable_log] Program ATokenGPvbdGVxr1b2hvZbsiqW5xWH25efTNsLJA8knL consumed 20460 of 200000 compute units
[2025-11-05T06:35:31.545984000Z DEBUG solana_runtime::message_processor::stable_log] Program ATokenGPvbdGVxr1b2hvZbsiqW5xWH25efTNsLJA8knL success
[2025-11-05T06:35:31.550682000Z DEBUG solana_runtime::message_processor::stable_log] Program TokenkegQfeZyiNwAJbNbGKPFXCWuBvf9Ss623VQ5DA invoke [1]
[2025-11-05T06:35:31.550894000Z DEBUG solana_runtime::message_processor::stable_log] Program log: Instruction: MintTo
[2025-11-05T06:35:31.550955000Z DEBUG solana_runtime::message_processor::stable_log] Program TokenkegQfeZyiNwAJbNbGKPFXCWuBvf9Ss623VQ5DA consumed 4491 of 200000 compute units
[2025-11-05T06:35:31.550965000Z DEBUG solana_runtime::message_processor::stable_log] Program TokenkegQfeZyiNwAJbNbGKPFXCWuBvf9Ss623VQ5DA success
[2025-11-05T06:35:31.557968000Z DEBUG solana_runtime::message_processor::stable_log] Program ATokenGPvbdGVxr1b2hvZbsiqW5xWH25efTNsLJA8knL invoke [1]
[2025-11-05T06:35:31.558035000Z DEBUG solana_runtime::message_processor::stable_log] Program log: Create
[2025-11-05T06:35:31.558090000Z DEBUG solana_runtime::message_processor::stable_log] Program TokenkegQfeZyiNwAJbNbGKPFXCWuBvf9Ss623VQ5DA invoke [2]
[2025-11-05T06:35:31.558116000Z DEBUG solana_runtime::message_processor::stable_log] Program log: Instruction: GetAccountDataSize
[2025-11-05T06:35:31.558133000Z DEBUG solana_runtime::message_processor::stable_log] Program TokenkegQfeZyiNwAJbNbGKPFXCWuBvf9Ss623VQ5DA consumed 1595 of 193055 compute units
[2025-11-05T06:35:31.558140000Z DEBUG solana_runtime::message_processor::stable_log] Program return: TokenkegQfeZyiNwAJbNbGKPFXCWuBvf9Ss623VQ5DA pQAAAAAAAAA=
[2025-11-05T06:35:31.558148000Z DEBUG solana_runtime::message_processor::stable_log] Program TokenkegQfeZyiNwAJbNbGKPFXCWuBvf9Ss623VQ5DA success
[2025-11-05T06:35:31.558225000Z DEBUG solana_runtime::message_processor::stable_log] Program 11111111111111111111111111111111 invoke [2]
[2025-11-05T06:35:31.558237000Z DEBUG solana_runtime::message_processor::stable_log] Program 11111111111111111111111111111111 success
[2025-11-05T06:35:31.558243000Z DEBUG solana_runtime::message_processor::stable_log] Program log: Initialize the associated token account
[2025-11-05T06:35:31.558262000Z DEBUG solana_runtime::message_processor::stable_log] Program TokenkegQfeZyiNwAJbNbGKPFXCWuBvf9Ss623VQ5DA invoke [2]
[2025-11-05T06:35:31.558286000Z DEBUG solana_runtime::message_processor::stable_log] Program log: Instruction: InitializeImmutableOwner
[2025-11-05T06:35:31.558297000Z DEBUG solana_runtime::message_processor::stable_log] Program log: Please upgrade to SPL Token 2022 for immutable owner support
[2025-11-05T06:35:31.558301000Z DEBUG solana_runtime::message_processor::stable_log] Program TokenkegQfeZyiNwAJbNbGKPFXCWuBvf9Ss623VQ5DA consumed 1405 of 186442 compute units
[2025-11-05T06:35:31.558309000Z DEBUG solana_runtime::message_processor::stable_log] Program TokenkegQfeZyiNwAJbNbGKPFXCWuBvf9Ss623VQ5DA success
[2025-11-05T06:35:31.558343000Z DEBUG solana_runtime::message_processor::stable_log] Program TokenkegQfeZyiNwAJbNbGKPFXCWuBvf9Ss623VQ5DA invoke [2]
[2025-11-05T06:35:31.558369000Z DEBUG solana_runtime::message_processor::stable_log] Program log: Instruction: InitializeAccount3
[2025-11-05T06:35:31.558424000Z DEBUG solana_runtime::message_processor::stable_log] Program TokenkegQfeZyiNwAJbNbGKPFXCWuBvf9Ss623VQ5DA consumed 4214 of 182558 compute units
[2025-11-05T06:35:31.558431000Z DEBUG solana_runtime::message_processor::stable_log] Program TokenkegQfeZyiNwAJbNbGKPFXCWuBvf9Ss623VQ5DA success
[2025-11-05T06:35:31.558443000Z DEBUG solana_runtime::message_processor::stable_log] Program ATokenGPvbdGVxr1b2hvZbsiqW5xWH25efTNsLJA8knL consumed 21960 of 200000 compute units
[2025-11-05T06:35:31.558452000Z DEBUG solana_runtime::message_processor::stable_log] Program ATokenGPvbdGVxr1b2hvZbsiqW5xWH25efTNsLJA8knL success
[2025-11-05T06:35:31.563915000Z DEBUG solana_runtime::message_processor::stable_log] Program TokenkegQfeZyiNwAJbNbGKPFXCWuBvf9Ss623VQ5DA invoke [1]
[2025-11-05T06:35:31.563978000Z DEBUG solana_runtime::message_processor::stable_log] Program log: Instruction: MintTo
[2025-11-05T06:35:31.564055000Z DEBUG solana_runtime::message_processor::stable_log] Program TokenkegQfeZyiNwAJbNbGKPFXCWuBvf9Ss623VQ5DA consumed 4491 of 200000 compute units
[2025-11-05T06:35:31.564081000Z DEBUG solana_runtime::message_processor::stable_log] Program TokenkegQfeZyiNwAJbNbGKPFXCWuBvf9Ss623VQ5DA success
[2025-11-05T06:35:31.582978000Z DEBUG solana_runtime::message_processor::stable_log] Program ASmKWt93JEMHxbdE6j7znD9y2FcdPboCzC3xtSTJvN7S invoke [1]
[2025-11-05T06:35:31.583047000Z DEBUG solana_runtime::message_processor::stable_log] Program log: Instruction: CreateConfig
[2025-11-05T06:35:31.583139000Z DEBUG solana_runtime::message_processor::stable_log] Program 11111111111111111111111111111111 invoke [2]
[2025-11-05T06:35:31.583149000Z DEBUG solana_runtime::message_processor::stable_log] Program 11111111111111111111111111111111 success
[2025-11-05T06:35:31.583263000Z DEBUG solana_runtime::message_processor::stable_log] Program ASmKWt93JEMHxbdE6j7znD9y2FcdPboCzC3xtSTJvN7S invoke [2]
[2025-11-05T06:35:31.583305000Z DEBUG solana_runtime::message_processor::stable_log] Program ASmKWt93JEMHxbdE6j7znD9y2FcdPboCzC3xtSTJvN7S consumed 2069 of 186098 compute units
[2025-11-05T06:35:31.583316000Z DEBUG solana_runtime::message_processor::stable_log] Program ASmKWt93JEMHxbdE6j7znD9y2FcdPboCzC3xtSTJvN7S success
[2025-11-05T06:35:31.583332000Z DEBUG solana_runtime::message_processor::stable_log] Program ASmKWt93JEMHxbdE6j7znD9y2FcdPboCzC3xtSTJvN7S consumed 16276 of 200000 compute units
[2025-11-05T06:35:31.583341000Z DEBUG solana_runtime::message_processor::stable_log] Program ASmKWt93JEMHxbdE6j7znD9y2FcdPboCzC3xtSTJvN7S success
[2025-11-05T06:35:31.619514000Z DEBUG solana_runtime::message_processor::stable_log] Program ASmKWt93JEMHxbdE6j7znD9y2FcdPboCzC3xtSTJvN7S invoke [1]
[2025-11-05T06:35:31.619994000Z DEBUG solana_runtime::message_processor::stable_log] Program log: Instruction: InitializePool
[2025-11-05T06:35:31.620129000Z DEBUG solana_runtime::message_processor::stable_log] Program 11111111111111111111111111111111 invoke [2]
[2025-11-05T06:35:31.620139000Z DEBUG solana_runtime::message_processor::stable_log] Program 11111111111111111111111111111111 success
[2025-11-05T06:35:31.620170000Z DEBUG solana_runtime::message_processor::stable_log] Program TokenzQdBNbLqP5VEhdkAS6EPFLC1PHnBqCXEpPxuEb invoke [2]
[2025-11-05T06:35:31.620312000Z DEBUG solana_runtime::message_processor::stable_log] Program log: MetadataPointerInstruction::Initialize
[2025-11-05T06:35:31.620349000Z DEBUG solana_runtime::message_processor::stable_log] Program TokenzQdBNbLqP5VEhdkAS6EPFLC1PHnBqCXEpPxuEb consumed 2442 of 334963 compute units
[2025-11-05T06:35:31.620359000Z DEBUG solana_runtime::message_processor::stable_log] Program TokenzQdBNbLqP5VEhdkAS6EPFLC1PHnBqCXEpPxuEb success
[2025-11-05T06:35:31.620394000Z DEBUG solana_runtime::message_processor::stable_log] Program TokenzQdBNbLqP5VEhdkAS6EPFLC1PHnBqCXEpPxuEb invoke [2]
[2025-11-05T06:35:31.620416000Z DEBUG solana_runtime::message_processor::stable_log] Program log: Instruction: InitializeMintCloseAuthority
[2025-11-05T06:35:31.620447000Z DEBUG solana_runtime::message_processor::stable_log] Program TokenzQdBNbLqP5VEhdkAS6EPFLC1PHnBqCXEpPxuEb consumed 2570 of 330543 compute units
[2025-11-05T06:35:31.620455000Z DEBUG solana_runtime::message_processor::stable_log] Program TokenzQdBNbLqP5VEhdkAS6EPFLC1PHnBqCXEpPxuEb success
[2025-11-05T06:35:31.620483000Z DEBUG solana_runtime::message_processor::stable_log] Program TokenzQdBNbLqP5VEhdkAS6EPFLC1PHnBqCXEpPxuEb invoke [2]
[2025-11-05T06:35:31.620506000Z DEBUG solana_runtime::message_processor::stable_log] Program log: Instruction: InitializeMint2
[2025-11-05T06:35:31.620562000Z DEBUG solana_runtime::message_processor::stable_log] Program TokenzQdBNbLqP5VEhdkAS6EPFLC1PHnBqCXEpPxuEb consumed 4078 of 326031 compute units
[2025-11-05T06:35:31.620569000Z DEBUG solana_runtime::message_processor::stable_log] Program TokenzQdBNbLqP5VEhdkAS6EPFLC1PHnBqCXEpPxuEb success
[2025-11-05T06:35:31.620686000Z DEBUG solana_runtime::message_processor::stable_log] Program 11111111111111111111111111111111 invoke [2]
[2025-11-05T06:35:31.620691000Z DEBUG solana_runtime::message_processor::stable_log] Program 11111111111111111111111111111111 success
[2025-11-05T06:35:31.620719000Z DEBUG solana_runtime::message_processor::stable_log] Program TokenzQdBNbLqP5VEhdkAS6EPFLC1PHnBqCXEpPxuEb invoke [2]
[2025-11-05T06:35:31.620744000Z DEBUG solana_runtime::message_processor::stable_log] Program log: Instruction: InitializeAccount3
[2025-11-05T06:35:31.620818000Z DEBUG solana_runtime::message_processor::stable_log] Program TokenzQdBNbLqP5VEhdkAS6EPFLC1PHnBqCXEpPxuEb consumed 5137 of 312347 compute units
[2025-11-05T06:35:31.620826000Z DEBUG solana_runtime::message_processor::stable_log] Program TokenzQdBNbLqP5VEhdkAS6EPFLC1PHnBqCXEpPxuEb success
[2025-11-05T06:35:31.621055000Z DEBUG solana_runtime::message_processor::stable_log] Program 11111111111111111111111111111111 invoke [2]
[2025-11-05T06:35:31.621061000Z DEBUG solana_runtime::message_processor::stable_log] Program 11111111111111111111111111111111 success
[2025-11-05T06:35:31.621162000Z DEBUG solana_runtime::message_processor::stable_log] Program 11111111111111111111111111111111 invoke [2]
[2025-11-05T06:35:31.621169000Z DEBUG solana_runtime::message_processor::stable_log] Program 11111111111111111111111111111111 success
[2025-11-05T06:35:31.621247000Z DEBUG solana_runtime::message_processor::stable_log] Program 11111111111111111111111111111111 invoke [2]
[2025-11-05T06:35:31.621255000Z DEBUG solana_runtime::message_processor::stable_log] Program 11111111111111111111111111111111 success
[2025-11-05T06:35:31.621286000Z DEBUG solana_runtime::message_processor::stable_log] Program TokenkegQfeZyiNwAJbNbGKPFXCWuBvf9Ss623VQ5DA invoke [2]
[2025-11-05T06:35:31.621320000Z DEBUG solana_runtime::message_processor::stable_log] Program log: Instruction: InitializeAccount3
[2025-11-05T06:35:31.621388000Z DEBUG solana_runtime::message_processor::stable_log] Program TokenkegQfeZyiNwAJbNbGKPFXCWuBvf9Ss623VQ5DA consumed 4214 of 276744 compute units
[2025-11-05T06:35:31.621402000Z DEBUG solana_runtime::message_processor::stable_log] Program TokenkegQfeZyiNwAJbNbGKPFXCWuBvf9Ss623VQ5DA success
[2025-11-05T06:35:31.621521000Z DEBUG solana_runtime::message_processor::stable_log] Program 11111111111111111111111111111111 invoke [2]
[2025-11-05T06:35:31.621525000Z DEBUG solana_runtime::message_processor::stable_log] Program 11111111111111111111111111111111 success
[2025-11-05T06:35:31.621551000Z DEBUG solana_runtime::message_processor::stable_log] Program TokenkegQfeZyiNwAJbNbGKPFXCWuBvf9Ss623VQ5DA invoke [2]
[2025-11-05T06:35:31.621576000Z DEBUG solana_runtime::message_processor::stable_log] Program log: Instruction: InitializeAccount3
[2025-11-05T06:35:31.621627000Z DEBUG solana_runtime::message_processor::stable_log] Program TokenkegQfeZyiNwAJbNbGKPFXCWuBvf9Ss623VQ5DA consumed 4214 of 257605 compute units
[2025-11-05T06:35:31.621636000Z DEBUG solana_runtime::message_processor::stable_log] Program TokenkegQfeZyiNwAJbNbGKPFXCWuBvf9Ss623VQ5DA success
[2025-11-05T06:35:31.621832000Z DEBUG solana_runtime::message_processor::stable_log] Program TokenzQdBNbLqP5VEhdkAS6EPFLC1PHnBqCXEpPxuEb invoke [2]
[2025-11-05T06:35:31.621952000Z DEBUG solana_runtime::message_processor::stable_log] Program log: TokenMetadataInstruction: Initialize
[2025-11-05T06:35:31.622076000Z DEBUG solana_runtime::message_processor::stable_log] Program TokenzQdBNbLqP5VEhdkAS6EPFLC1PHnBqCXEpPxuEb consumed 9900 of 241473 compute units
[2025-11-05T06:35:31.622088000Z DEBUG solana_runtime::message_processor::stable_log] Program TokenzQdBNbLqP5VEhdkAS6EPFLC1PHnBqCXEpPxuEb success
[2025-11-05T06:35:31.622254000Z DEBUG solana_runtime::message_processor::stable_log] Program 11111111111111111111111111111111 invoke [2]
[2025-11-05T06:35:31.622265000Z DEBUG solana_runtime::message_processor::stable_log] Program 11111111111111111111111111111111 success
[2025-11-05T06:35:31.622307000Z DEBUG solana_runtime::message_processor::stable_log] Program TokenzQdBNbLqP5VEhdkAS6EPFLC1PHnBqCXEpPxuEb invoke [2]
[2025-11-05T06:35:31.622340000Z DEBUG solana_runtime::message_processor::stable_log] Program log: Instruction: MintTo
[2025-11-05T06:35:31.622414000Z DEBUG solana_runtime::message_processor::stable_log] Program TokenzQdBNbLqP5VEhdkAS6EPFLC1PHnBqCXEpPxuEb consumed 5540 of 226511 compute units
[2025-11-05T06:35:31.622423000Z DEBUG solana_runtime::message_processor::stable_log] Program TokenzQdBNbLqP5VEhdkAS6EPFLC1PHnBqCXEpPxuEb success
[2025-11-05T06:35:31.622473000Z DEBUG solana_runtime::message_processor::stable_log] Program ASmKWt93JEMHxbdE6j7znD9y2FcdPboCzC3xtSTJvN7S invoke [2]
[2025-11-05T06:35:31.622506000Z DEBUG solana_runtime::message_processor::stable_log] Program ASmKWt93JEMHxbdE6j7znD9y2FcdPboCzC3xtSTJvN7S consumed 2069 of 217906 compute units
[2025-11-05T06:35:31.622518000Z DEBUG solana_runtime::message_processor::stable_log] Program ASmKWt93JEMHxbdE6j7znD9y2FcdPboCzC3xtSTJvN7S success
[2025-11-05T06:35:31.622562000Z DEBUG solana_runtime::message_processor::stable_log] Program TokenkegQfeZyiNwAJbNbGKPFXCWuBvf9Ss623VQ5DA invoke [2]
[2025-11-05T06:35:31.622599000Z DEBUG solana_runtime::message_processor::stable_log] Program log: Instruction: TransferChecked
[2025-11-05T06:35:31.622673000Z DEBUG solana_runtime::message_processor::stable_log] Program TokenkegQfeZyiNwAJbNbGKPFXCWuBvf9Ss623VQ5DA consumed 6174 of 213365 compute units
[2025-11-05T06:35:31.622681000Z DEBUG solana_runtime::message_processor::stable_log] Program TokenkegQfeZyiNwAJbNbGKPFXCWuBvf9Ss623VQ5DA success
[2025-11-05T06:35:31.622721000Z DEBUG solana_runtime::message_processor::stable_log] Program TokenkegQfeZyiNwAJbNbGKPFXCWuBvf9Ss623VQ5DA invoke [2]
[2025-11-05T06:35:31.622752000Z DEBUG solana_runtime::message_processor::stable_log] Program log: Instruction: TransferChecked
[2025-11-05T06:35:31.622828000Z DEBUG solana_runtime::message_processor::stable_log] Program TokenkegQfeZyiNwAJbNbGKPFXCWuBvf9Ss623VQ5DA consumed 6269 of 204781 compute units
[2025-11-05T06:35:31.622836000Z DEBUG solana_runtime::message_processor::stable_log] Program TokenkegQfeZyiNwAJbNbGKPFXCWuBvf9Ss623VQ5DA success
[2025-11-05T06:35:31.622909000Z DEBUG solana_runtime::message_processor::stable_log] Program ASmKWt93JEMHxbdE6j7znD9y2FcdPboCzC3xtSTJvN7S invoke [2]
[2025-11-05T06:35:31.622941000Z DEBUG solana_runtime::message_processor::stable_log] Program ASmKWt93JEMHxbdE6j7znD9y2FcdPboCzC3xtSTJvN7S consumed 2069 of 193431 compute units
[2025-11-05T06:35:31.622951000Z DEBUG solana_runtime::message_processor::stable_log] Program ASmKWt93JEMHxbdE6j7znD9y2FcdPboCzC3xtSTJvN7S success
[2025-11-05T06:35:31.622978000Z DEBUG solana_runtime::message_processor::stable_log] Program ASmKWt93JEMHxbdE6j7znD9y2FcdPboCzC3xtSTJvN7S consumed 159432 of 350000 compute units
[2025-11-05T06:35:31.622988000Z DEBUG solana_runtime::message_processor::stable_log] Program ASmKWt93JEMHxbdE6j7znD9y2FcdPboCzC3xtSTJvN7S success
[2025-11-05T06:35:31.622995000Z DEBUG solana_runtime::message_processor::stable_log] Program ComputeBudget111111111111111111111111111111 invoke [1]
[2025-11-05T06:35:31.623002000Z DEBUG solana_runtime::message_processor::stable_log] Program ComputeBudget111111111111111111111111111111 success
[2025-11-05T06:35:31.645583000Z DEBUG solana_runtime::message_processor::stable_log] Program ASmKWt93JEMHxbdE6j7znD9y2FcdPboCzC3xtSTJvN7S invoke [1]
[2025-11-05T06:35:31.645660000Z DEBUG solana_runtime::message_processor::stable_log] Program log: Instruction: PermanentLockPosition
[2025-11-05T06:35:31.645773000Z DEBUG solana_runtime::message_processor::stable_log] Program ASmKWt93JEMHxbdE6j7znD9y2FcdPboCzC3xtSTJvN7S invoke [2]
[2025-11-05T06:35:31.645814000Z DEBUG solana_runtime::message_processor::stable_log] Program ASmKWt93JEMHxbdE6j7znD9y2FcdPboCzC3xtSTJvN7S consumed 2069 of 191054 compute units
[2025-11-05T06:35:31.645824000Z DEBUG solana_runtime::message_processor::stable_log] Program ASmKWt93JEMHxbdE6j7znD9y2FcdPboCzC3xtSTJvN7S success
[2025-11-05T06:35:31.645842000Z DEBUG solana_runtime::message_processor::stable_log] Program ASmKWt93JEMHxbdE6j7znD9y2FcdPboCzC3xtSTJvN7S consumed 11463 of 200000 compute units
[2025-11-05T06:35:31.645850000Z DEBUG solana_runtime::message_processor::stable_log] Program ASmKWt93JEMHxbdE6j7znD9y2FcdPboCzC3xtSTJvN7S success
[2025-11-05T06:35:31.661534000Z DEBUG solana_runtime::message_processor::stable_log] Program ASmKWt93JEMHxbdE6j7znD9y2FcdPboCzC3xtSTJvN7S invoke [1]
[2025-11-05T06:35:31.661631000Z DEBUG solana_runtime::message_processor::stable_log] Program log: Instruction: CreatePosition
[2025-11-05T06:35:31.661701000Z DEBUG solana_runtime::message_processor::stable_log] Program 11111111111111111111111111111111 invoke [2]
[2025-11-05T06:35:31.661708000Z DEBUG solana_runtime::message_processor::stable_log] Program 11111111111111111111111111111111 success
[2025-11-05T06:35:31.661740000Z DEBUG solana_runtime::message_processor::stable_log] Program TokenzQdBNbLqP5VEhdkAS6EPFLC1PHnBqCXEpPxuEb invoke [2]
[2025-11-05T06:35:31.661773000Z DEBUG solana_runtime::message_processor::stable_log] Program log: MetadataPointerInstruction::Initialize
[2025-11-05T06:35:31.661806000Z DEBUG solana_runtime::message_processor::stable_log] Program TokenzQdBNbLqP5VEhdkAS6EPFLC1PHnBqCXEpPxuEb consumed 2442 of 191116 compute units
[2025-11-05T06:35:31.661818000Z DEBUG solana_runtime::message_processor::stable_log] Program TokenzQdBNbLqP5VEhdkAS6EPFLC1PHnBqCXEpPxuEb success
[2025-11-05T06:35:31.661847000Z DEBUG solana_runtime::message_processor::stable_log] Program TokenzQdBNbLqP5VEhdkAS6EPFLC1PHnBqCXEpPxuEb invoke [2]
[2025-11-05T06:35:31.661869000Z DEBUG solana_runtime::message_processor::stable_log] Program log: Instruction: InitializeMintCloseAuthority
[2025-11-05T06:35:31.661900000Z DEBUG solana_runtime::message_processor::stable_log] Program TokenzQdBNbLqP5VEhdkAS6EPFLC1PHnBqCXEpPxuEb consumed 2570 of 186696 compute units
[2025-11-05T06:35:31.661908000Z DEBUG solana_runtime::message_processor::stable_log] Program TokenzQdBNbLqP5VEhdkAS6EPFLC1PHnBqCXEpPxuEb success
[2025-11-05T06:35:31.661935000Z DEBUG solana_runtime::message_processor::stable_log] Program TokenzQdBNbLqP5VEhdkAS6EPFLC1PHnBqCXEpPxuEb invoke [2]
[2025-11-05T06:35:31.661958000Z DEBUG solana_runtime::message_processor::stable_log] Program log: Instruction: InitializeMint2
[2025-11-05T06:35:31.662017000Z DEBUG solana_runtime::message_processor::stable_log] Program TokenzQdBNbLqP5VEhdkAS6EPFLC1PHnBqCXEpPxuEb consumed 4078 of 182183 compute units
[2025-11-05T06:35:31.662024000Z DEBUG solana_runtime::message_processor::stable_log] Program TokenzQdBNbLqP5VEhdkAS6EPFLC1PHnBqCXEpPxuEb success
[2025-11-05T06:35:31.662158000Z DEBUG solana_runtime::message_processor::stable_log] Program 11111111111111111111111111111111 invoke [2]
[2025-11-05T06:35:31.662163000Z DEBUG solana_runtime::message_processor::stable_log] Program 11111111111111111111111111111111 success
[2025-11-05T06:35:31.662319000Z DEBUG solana_runtime::message_processor::stable_log] Program TokenzQdBNbLqP5VEhdkAS6EPFLC1PHnBqCXEpPxuEb invoke [2]
[2025-11-05T06:35:31.662351000Z DEBUG solana_runtime::message_processor::stable_log] Program log: Instruction: InitializeAccount3
[2025-11-05T06:35:31.662426000Z DEBUG solana_runtime::message_processor::stable_log] Program TokenzQdBNbLqP5VEhdkAS6EPFLC1PHnBqCXEpPxuEb consumed 5137 of 163999 compute units
[2025-11-05T06:35:31.662434000Z DEBUG solana_runtime::message_processor::stable_log] Program TokenzQdBNbLqP5VEhdkAS6EPFLC1PHnBqCXEpPxuEb success
[2025-11-05T06:35:31.662524000Z DEBUG solana_runtime::message_processor::stable_log] Program 11111111111111111111111111111111 invoke [2]
[2025-11-05T06:35:31.662528000Z DEBUG solana_runtime::message_processor::stable_log] Program 11111111111111111111111111111111 success
[2025-11-05T06:35:31.662642000Z DEBUG solana_runtime::message_processor::stable_log] Program TokenzQdBNbLqP5VEhdkAS6EPFLC1PHnBqCXEpPxuEb invoke [2]
[2025-11-05T06:35:31.662695000Z DEBUG solana_runtime::message_processor::stable_log] Program log: TokenMetadataInstruction: Initialize
[2025-11-05T06:35:31.662812000Z DEBUG solana_runtime::message_processor::stable_log] Program TokenzQdBNbLqP5VEhdkAS6EPFLC1PHnBqCXEpPxuEb consumed 9900 of 145769 compute units
[2025-11-05T06:35:31.662819000Z DEBUG solana_runtime::message_processor::stable_log] Program TokenzQdBNbLqP5VEhdkAS6EPFLC1PHnBqCXEpPxuEb success
[2025-11-05T06:35:31.662858000Z DEBUG solana_runtime::message_processor::stable_log] Program 11111111111111111111111111111111 invoke [2]
[2025-11-05T06:35:31.662861000Z DEBUG solana_runtime::message_processor::stable_log] Program 11111111111111111111111111111111 success
[2025-11-05T06:35:31.662899000Z DEBUG solana_runtime::message_processor::stable_log] Program TokenzQdBNbLqP5VEhdkAS6EPFLC1PHnBqCXEpPxuEb invoke [2]
[2025-11-05T06:35:31.662926000Z DEBUG solana_runtime::message_processor::stable_log] Program log: Instruction: MintTo
[2025-11-05T06:35:31.662997000Z DEBUG solana_runtime::message_processor::stable_log] Program TokenzQdBNbLqP5VEhdkAS6EPFLC1PHnBqCXEpPxuEb consumed 5540 of 130807 compute units
[2025-11-05T06:35:31.663004000Z DEBUG solana_runtime::message_processor::stable_log] Program TokenzQdBNbLqP5VEhdkAS6EPFLC1PHnBqCXEpPxuEb success
[2025-11-05T06:35:31.663052000Z DEBUG solana_runtime::message_processor::stable_log] Program ASmKWt93JEMHxbdE6j7znD9y2FcdPboCzC3xtSTJvN7S invoke [2]
[2025-11-05T06:35:31.663087000Z DEBUG solana_runtime::message_processor::stable_log] Program ASmKWt93JEMHxbdE6j7znD9y2FcdPboCzC3xtSTJvN7S consumed 2069 of 122201 compute units
[2025-11-05T06:35:31.663095000Z DEBUG solana_runtime::message_processor::stable_log] Program ASmKWt93JEMHxbdE6j7znD9y2FcdPboCzC3xtSTJvN7S success
[2025-11-05T06:35:31.663113000Z DEBUG solana_runtime::message_processor::stable_log] Program ASmKWt93JEMHxbdE6j7znD9y2FcdPboCzC3xtSTJvN7S consumed 80433 of 200000 compute units
[2025-11-05T06:35:31.663123000Z DEBUG solana_runtime::message_processor::stable_log] Program ASmKWt93JEMHxbdE6j7znD9y2FcdPboCzC3xtSTJvN7S success
[2025-11-05T06:35:31.706520000Z DEBUG solana_runtime::message_processor::stable_log] Program ASmKWt93JEMHxbdE6j7znD9y2FcdPboCzC3xtSTJvN7S invoke [1]
[2025-11-05T06:35:31.706613000Z DEBUG solana_runtime::message_processor::stable_log] Program log: Instruction: SplitPosition2
[2025-11-05T06:35:31.706916000Z DEBUG solana_runtime::message_processor::stable_log] Program ASmKWt93JEMHxbdE6j7znD9y2FcdPboCzC3xtSTJvN7S invoke [2]
[2025-11-05T06:35:31.706963000Z DEBUG solana_runtime::message_processor::stable_log] Program ASmKWt93JEMHxbdE6j7znD9y2FcdPboCzC3xtSTJvN7S consumed 2069 of 182109 compute units
[2025-11-05T06:35:31.706973000Z DEBUG solana_runtime::message_processor::stable_log] Program ASmKWt93JEMHxbdE6j7znD9y2FcdPboCzC3xtSTJvN7S success
[2025-11-05T06:35:31.706996000Z DEBUG solana_runtime::message_processor::stable_log] Program ASmKWt93JEMHxbdE6j7znD9y2FcdPboCzC3xtSTJvN7S consumed 20604 of 200000 compute units
[2025-11-05T06:35:31.707007000Z DEBUG solana_runtime::message_processor::stable_log] Program ASmKWt93JEMHxbdE6j7znD9y2FcdPboCzC3xtSTJvN7S success
    ✔ Split permanent locked liquidity position (90ms)
[2025-11-05T06:35:31.721056000Z INFO  solana_program_test] "cp_amm" SBF program from ./target/deploy/cp_amm.so, modified 24 minutes, 39 seconds, 68 ms, 372 µs and 203 ns ago
[2025-11-05T06:35:31.721256000Z INFO  solana_program_test] "fee_router" SBF program from ./target/deploy/fee_router.so, modified 41 seconds, 805 ms, 515 µs and 331 ns ago
[2025-11-05T06:35:31.721371000Z INFO  solana_program_test] "transfer_hook_counter" SBF program from tests/fixtures/transfer_hook_counter.so, modified 3 weeks, 22 hours, 59 minutes, 6 seconds, 546 ms, 970 µs and 196 ns ago
[2025-11-05T06:35:31.721701000Z INFO  solana_program_test] "alpha_vault" SBF program from tests/fixtures/alpha_vault.so, modified 3 weeks, 22 hours, 59 minutes, 6 seconds, 547 ms, 987 µs and 72 ns ago
[2025-11-05T06:35:31.722032000Z INFO  solana_program_test] "streamflow" SBF program from tests/fixtures/streamflow.so, modified 3 weeks, 6 hours, 59 minutes, 16 seconds, 432 ms, 947 µs and 387 ns ago
[2025-11-05T06:35:31.722860000Z INFO  solana_program_test] "cp_amm" SBF program from ./target/deploy/cp_amm.so, modified 24 minutes, 39 seconds, 70 ms, 176 µs and 203 ns ago
[2025-11-05T06:35:31.723198000Z INFO  solana_program_test] "fee_router" SBF program from ./target/deploy/fee_router.so, modified 41 seconds, 807 ms, 457 µs and 331 ns ago
[2025-11-05T06:35:31.741422000Z INFO  solana_program_test] Overriding account at ASmKWt93JEMHxbdE6j7znD9y2FcdPboCzC3xtSTJvN7S
[2025-11-05T06:35:31.741441000Z INFO  solana_program_test] Overriding account at 5B57SJ3g2YoNXUpsZqqjEQkRSxyKtVTQRXdgAirz6bio
[2025-11-05T06:35:31.754266000Z DEBUG solana_runtime::message_processor::stable_log] Program 11111111111111111111111111111111 invoke [1]
[2025-11-05T06:35:31.754283000Z DEBUG solana_runtime::message_processor::stable_log] Program 11111111111111111111111111111111 success
[2025-11-05T06:35:31.760752000Z DEBUG solana_runtime::message_processor::stable_log] Program 11111111111111111111111111111111 invoke [1]
[2025-11-05T06:35:31.760765000Z DEBUG solana_runtime::message_processor::stable_log] Program 11111111111111111111111111111111 success
[2025-11-05T06:35:31.765591000Z DEBUG solana_runtime::message_processor::stable_log] Program 11111111111111111111111111111111 invoke [1]
[2025-11-05T06:35:31.765599000Z DEBUG solana_runtime::message_processor::stable_log] Program 11111111111111111111111111111111 success
[2025-11-05T06:35:31.776558000Z DEBUG solana_runtime::message_processor::stable_log] Program 11111111111111111111111111111111 invoke [1]
[2025-11-05T06:35:31.776576000Z DEBUG solana_runtime::message_processor::stable_log] Program 11111111111111111111111111111111 success
[2025-11-05T06:35:31.776580000Z DEBUG solana_runtime::message_processor::stable_log] Program TokenkegQfeZyiNwAJbNbGKPFXCWuBvf9Ss623VQ5DA invoke [1]
[2025-11-05T06:35:31.776632000Z DEBUG solana_runtime::message_processor::stable_log] Program log: Instruction: InitializeMint2
[2025-11-05T06:35:31.776670000Z DEBUG solana_runtime::message_processor::stable_log] Program TokenkegQfeZyiNwAJbNbGKPFXCWuBvf9Ss623VQ5DA consumed 2779 of 399850 compute units
[2025-11-05T06:35:31.776679000Z DEBUG solana_runtime::message_processor::stable_log] Program TokenkegQfeZyiNwAJbNbGKPFXCWuBvf9Ss623VQ5DA success
[2025-11-05T06:35:31.787063000Z DEBUG solana_runtime::message_processor::stable_log] Program 11111111111111111111111111111111 invoke [1]
[2025-11-05T06:35:31.787109000Z DEBUG solana_runtime::message_processor::stable_log] Program 11111111111111111111111111111111 success
[2025-11-05T06:35:31.787113000Z DEBUG solana_runtime::message_processor::stable_log] Program TokenkegQfeZyiNwAJbNbGKPFXCWuBvf9Ss623VQ5DA invoke [1]
[2025-11-05T06:35:31.787163000Z DEBUG solana_runtime::message_processor::stable_log] Program log: Instruction: InitializeMint2
[2025-11-05T06:35:31.787198000Z DEBUG solana_runtime::message_processor::stable_log] Program TokenkegQfeZyiNwAJbNbGKPFXCWuBvf9Ss623VQ5DA consumed 2779 of 399850 compute units
[2025-11-05T06:35:31.787208000Z DEBUG solana_runtime::message_processor::stable_log] Program TokenkegQfeZyiNwAJbNbGKPFXCWuBvf9Ss623VQ5DA success
[2025-11-05T06:35:31.794579000Z DEBUG solana_runtime::message_processor::stable_log] Program ATokenGPvbdGVxr1b2hvZbsiqW5xWH25efTNsLJA8knL invoke [1]
[2025-11-05T06:35:31.794650000Z DEBUG solana_runtime::message_processor::stable_log] Program log: Create
[2025-11-05T06:35:31.794698000Z DEBUG solana_runtime::message_processor::stable_log] Program TokenkegQfeZyiNwAJbNbGKPFXCWuBvf9Ss623VQ5DA invoke [2]
[2025-11-05T06:35:31.794730000Z DEBUG solana_runtime::message_processor::stable_log] Program log: Instruction: GetAccountDataSize
[2025-11-05T06:35:31.794748000Z DEBUG solana_runtime::message_processor::stable_log] Program TokenkegQfeZyiNwAJbNbGKPFXCWuBvf9Ss623VQ5DA consumed 1595 of 194555 compute units
[2025-11-05T06:35:31.794756000Z DEBUG solana_runtime::message_processor::stable_log] Program return: TokenkegQfeZyiNwAJbNbGKPFXCWuBvf9Ss623VQ5DA pQAAAAAAAAA=
[2025-11-05T06:35:31.794765000Z DEBUG solana_runtime::message_processor::stable_log] Program TokenkegQfeZyiNwAJbNbGKPFXCWuBvf9Ss623VQ5DA success
[2025-11-05T06:35:31.794921000Z DEBUG solana_runtime::message_processor::stable_log] Program 11111111111111111111111111111111 invoke [2]
[2025-11-05T06:35:31.795005000Z DEBUG solana_runtime::message_processor::stable_log] Program 11111111111111111111111111111111 success
[2025-11-05T06:35:31.795018000Z DEBUG solana_runtime::message_processor::stable_log] Program log: Initialize the associated token account
[2025-11-05T06:35:31.795038000Z DEBUG solana_runtime::message_processor::stable_log] Program TokenkegQfeZyiNwAJbNbGKPFXCWuBvf9Ss623VQ5DA invoke [2]
[2025-11-05T06:35:31.795063000Z DEBUG solana_runtime::message_processor::stable_log] Program log: Instruction: InitializeImmutableOwner
[2025-11-05T06:35:31.795077000Z DEBUG solana_runtime::message_processor::stable_log] Program log: Please upgrade to SPL Token 2022 for immutable owner support
[2025-11-05T06:35:31.795080000Z DEBUG solana_runtime::message_processor::stable_log] Program TokenkegQfeZyiNwAJbNbGKPFXCWuBvf9Ss623VQ5DA consumed 1405 of 187933 compute units
[2025-11-05T06:35:31.795089000Z DEBUG solana_runtime::message_processor::stable_log] Program TokenkegQfeZyiNwAJbNbGKPFXCWuBvf9Ss623VQ5DA success
[2025-11-05T06:35:31.795131000Z DEBUG solana_runtime::message_processor::stable_log] Program TokenkegQfeZyiNwAJbNbGKPFXCWuBvf9Ss623VQ5DA invoke [2]
[2025-11-05T06:35:31.795165000Z DEBUG solana_runtime::message_processor::stable_log] Program log: Instruction: InitializeAccount3
[2025-11-05T06:35:31.795248000Z DEBUG solana_runtime::message_processor::stable_log] Program TokenkegQfeZyiNwAJbNbGKPFXCWuBvf9Ss623VQ5DA consumed 4214 of 184049 compute units
[2025-11-05T06:35:31.795258000Z DEBUG solana_runtime::message_processor::stable_log] Program TokenkegQfeZyiNwAJbNbGKPFXCWuBvf9Ss623VQ5DA success
[2025-11-05T06:35:31.795273000Z DEBUG solana_runtime::message_processor::stable_log] Program ATokenGPvbdGVxr1b2hvZbsiqW5xWH25efTNsLJA8knL consumed 20469 of 200000 compute units
[2025-11-05T06:35:31.795282000Z DEBUG solana_runtime::message_processor::stable_log] Program ATokenGPvbdGVxr1b2hvZbsiqW5xWH25efTNsLJA8knL success
[2025-11-05T06:35:31.800622000Z DEBUG solana_runtime::message_processor::stable_log] Program TokenkegQfeZyiNwAJbNbGKPFXCWuBvf9Ss623VQ5DA invoke [1]
[2025-11-05T06:35:31.800690000Z DEBUG solana_runtime::message_processor::stable_log] Program log: Instruction: MintTo
[2025-11-05T06:35:31.800748000Z DEBUG solana_runtime::message_processor::stable_log] Program TokenkegQfeZyiNwAJbNbGKPFXCWuBvf9Ss623VQ5DA consumed 4491 of 200000 compute units
[2025-11-05T06:35:31.800758000Z DEBUG solana_runtime::message_processor::stable_log] Program TokenkegQfeZyiNwAJbNbGKPFXCWuBvf9Ss623VQ5DA success
[2025-11-05T06:35:31.808090000Z DEBUG solana_runtime::message_processor::stable_log] Program ATokenGPvbdGVxr1b2hvZbsiqW5xWH25efTNsLJA8knL invoke [1]
[2025-11-05T06:35:31.808174000Z DEBUG solana_runtime::message_processor::stable_log] Program log: Create
[2025-11-05T06:35:31.808231000Z DEBUG solana_runtime::message_processor::stable_log] Program TokenkegQfeZyiNwAJbNbGKPFXCWuBvf9Ss623VQ5DA invoke [2]
[2025-11-05T06:35:31.808268000Z DEBUG solana_runtime::message_processor::stable_log] Program log: Instruction: GetAccountDataSize
[2025-11-05T06:35:31.808289000Z DEBUG solana_runtime::message_processor::stable_log] Program TokenkegQfeZyiNwAJbNbGKPFXCWuBvf9Ss623VQ5DA consumed 1595 of 193055 compute units
[2025-11-05T06:35:31.808297000Z DEBUG solana_runtime::message_processor::stable_log] Program return: TokenkegQfeZyiNwAJbNbGKPFXCWuBvf9Ss623VQ5DA pQAAAAAAAAA=
[2025-11-05T06:35:31.808307000Z DEBUG solana_runtime::message_processor::stable_log] Program TokenkegQfeZyiNwAJbNbGKPFXCWuBvf9Ss623VQ5DA success
[2025-11-05T06:35:31.808361000Z DEBUG solana_runtime::message_processor::stable_log] Program 11111111111111111111111111111111 invoke [2]
[2025-11-05T06:35:31.808368000Z DEBUG solana_runtime::message_processor::stable_log] Program 11111111111111111111111111111111 success
[2025-11-05T06:35:31.808373000Z DEBUG solana_runtime::message_processor::stable_log] Program log: Initialize the associated token account
[2025-11-05T06:35:31.808391000Z DEBUG solana_runtime::message_processor::stable_log] Program TokenkegQfeZyiNwAJbNbGKPFXCWuBvf9Ss623VQ5DA invoke [2]
[2025-11-05T06:35:31.808413000Z DEBUG solana_runtime::message_processor::stable_log] Program log: Instruction: InitializeImmutableOwner
[2025-11-05T06:35:31.808424000Z DEBUG solana_runtime::message_processor::stable_log] Program log: Please upgrade to SPL Token 2022 for immutable owner support
[2025-11-05T06:35:31.808427000Z DEBUG solana_runtime::message_processor::stable_log] Program TokenkegQfeZyiNwAJbNbGKPFXCWuBvf9Ss623VQ5DA consumed 1405 of 186442 compute units
[2025-11-05T06:35:31.808434000Z DEBUG solana_runtime::message_processor::stable_log] Program TokenkegQfeZyiNwAJbNbGKPFXCWuBvf9Ss623VQ5DA success
[2025-11-05T06:35:31.808468000Z DEBUG solana_runtime::message_processor::stable_log] Program TokenkegQfeZyiNwAJbNbGKPFXCWuBvf9Ss623VQ5DA invoke [2]
[2025-11-05T06:35:31.808495000Z DEBUG solana_runtime::message_processor::stable_log] Program log: Instruction: InitializeAccount3
[2025-11-05T06:35:31.808548000Z DEBUG solana_runtime::message_processor::stable_log] Program TokenkegQfeZyiNwAJbNbGKPFXCWuBvf9Ss623VQ5DA consumed 4214 of 182558 compute units
[2025-11-05T06:35:31.808556000Z DEBUG solana_runtime::message_processor::stable_log] Program TokenkegQfeZyiNwAJbNbGKPFXCWuBvf9Ss623VQ5DA success
[2025-11-05T06:35:31.808568000Z DEBUG solana_runtime::message_processor::stable_log] Program ATokenGPvbdGVxr1b2hvZbsiqW5xWH25efTNsLJA8knL consumed 21960 of 200000 compute units
[2025-11-05T06:35:31.808577000Z DEBUG solana_runtime::message_processor::stable_log] Program ATokenGPvbdGVxr1b2hvZbsiqW5xWH25efTNsLJA8knL success
[2025-11-05T06:35:31.814273000Z DEBUG solana_runtime::message_processor::stable_log] Program TokenkegQfeZyiNwAJbNbGKPFXCWuBvf9Ss623VQ5DA invoke [1]
[2025-11-05T06:35:31.814329000Z DEBUG solana_runtime::message_processor::stable_log] Program log: Instruction: MintTo
[2025-11-05T06:35:31.814469000Z DEBUG solana_runtime::message_processor::stable_log] Program TokenkegQfeZyiNwAJbNbGKPFXCWuBvf9Ss623VQ5DA consumed 4491 of 200000 compute units
[2025-11-05T06:35:31.814500000Z DEBUG solana_runtime::message_processor::stable_log] Program TokenkegQfeZyiNwAJbNbGKPFXCWuBvf9Ss623VQ5DA success
[2025-11-05T06:35:31.822436000Z DEBUG solana_runtime::message_processor::stable_log] Program ATokenGPvbdGVxr1b2hvZbsiqW5xWH25efTNsLJA8knL invoke [1]
[2025-11-05T06:35:31.822515000Z DEBUG solana_runtime::message_processor::stable_log] Program log: Create
[2025-11-05T06:35:31.823290000Z DEBUG solana_runtime::message_processor::stable_log] Program TokenkegQfeZyiNwAJbNbGKPFXCWuBvf9Ss623VQ5DA invoke [2]
[2025-11-05T06:35:31.823333000Z DEBUG solana_runtime::message_processor::stable_log] Program log: Instruction: GetAccountDataSize
[2025-11-05T06:35:31.823350000Z DEBUG solana_runtime::message_processor::stable_log] Program TokenkegQfeZyiNwAJbNbGKPFXCWuBvf9Ss623VQ5DA consumed 1595 of 194555 compute units
[2025-11-05T06:35:31.823358000Z DEBUG solana_runtime::message_processor::stable_log] Program return: TokenkegQfeZyiNwAJbNbGKPFXCWuBvf9Ss623VQ5DA pQAAAAAAAAA=
[2025-11-05T06:35:31.823367000Z DEBUG solana_runtime::message_processor::stable_log] Program TokenkegQfeZyiNwAJbNbGKPFXCWuBvf9Ss623VQ5DA success
[2025-11-05T06:35:31.823422000Z DEBUG solana_runtime::message_processor::stable_log] Program 11111111111111111111111111111111 invoke [2]
[2025-11-05T06:35:31.823430000Z DEBUG solana_runtime::message_processor::stable_log] Program 11111111111111111111111111111111 success
[2025-11-05T06:35:31.823436000Z DEBUG solana_runtime::message_processor::stable_log] Program log: Initialize the associated token account
[2025-11-05T06:35:31.823454000Z DEBUG solana_runtime::message_processor::stable_log] Program TokenkegQfeZyiNwAJbNbGKPFXCWuBvf9Ss623VQ5DA invoke [2]
[2025-11-05T06:35:31.823476000Z DEBUG solana_runtime::message_processor::stable_log] Program log: Instruction: InitializeImmutableOwner
[2025-11-05T06:35:31.823488000Z DEBUG solana_runtime::message_processor::stable_log] Program log: Please upgrade to SPL Token 2022 for immutable owner support
[2025-11-05T06:35:31.823491000Z DEBUG solana_runtime::message_processor::stable_log] Program TokenkegQfeZyiNwAJbNbGKPFXCWuBvf9Ss623VQ5DA consumed 1405 of 187933 compute units
[2025-11-05T06:35:31.823498000Z DEBUG solana_runtime::message_processor::stable_log] Program TokenkegQfeZyiNwAJbNbGKPFXCWuBvf9Ss623VQ5DA success
[2025-11-05T06:35:31.823532000Z DEBUG solana_runtime::message_processor::stable_log] Program TokenkegQfeZyiNwAJbNbGKPFXCWuBvf9Ss623VQ5DA invoke [2]
[2025-11-05T06:35:31.823559000Z DEBUG solana_runtime::message_processor::stable_log] Program log: Instruction: InitializeAccount3
[2025-11-05T06:35:31.823615000Z DEBUG solana_runtime::message_processor::stable_log] Program TokenkegQfeZyiNwAJbNbGKPFXCWuBvf9Ss623VQ5DA consumed 4214 of 184049 compute units
[2025-11-05T06:35:31.823623000Z DEBUG solana_runtime::message_processor::stable_log] Program TokenkegQfeZyiNwAJbNbGKPFXCWuBvf9Ss623VQ5DA success
[2025-11-05T06:35:31.823635000Z DEBUG solana_runtime::message_processor::stable_log] Program ATokenGPvbdGVxr1b2hvZbsiqW5xWH25efTNsLJA8knL consumed 20469 of 200000 compute units
[2025-11-05T06:35:31.823671000Z DEBUG solana_runtime::message_processor::stable_log] Program ATokenGPvbdGVxr1b2hvZbsiqW5xWH25efTNsLJA8knL success
[2025-11-05T06:35:31.828737000Z DEBUG solana_runtime::message_processor::stable_log] Program TokenkegQfeZyiNwAJbNbGKPFXCWuBvf9Ss623VQ5DA invoke [1]
[2025-11-05T06:35:31.828896000Z DEBUG solana_runtime::message_processor::stable_log] Program log: Instruction: MintTo
[2025-11-05T06:35:31.828956000Z DEBUG solana_runtime::message_processor::stable_log] Program TokenkegQfeZyiNwAJbNbGKPFXCWuBvf9Ss623VQ5DA consumed 4491 of 200000 compute units
[2025-11-05T06:35:31.828966000Z DEBUG solana_runtime::message_processor::stable_log] Program TokenkegQfeZyiNwAJbNbGKPFXCWuBvf9Ss623VQ5DA success
[2025-11-05T06:35:31.836139000Z DEBUG solana_runtime::message_processor::stable_log] Program ATokenGPvbdGVxr1b2hvZbsiqW5xWH25efTNsLJA8knL invoke [1]
[2025-11-05T06:35:31.836227000Z DEBUG solana_runtime::message_processor::stable_log] Program log: Create
[2025-11-05T06:35:31.836324000Z DEBUG solana_runtime::message_processor::stable_log] Program TokenkegQfeZyiNwAJbNbGKPFXCWuBvf9Ss623VQ5DA invoke [2]
[2025-11-05T06:35:31.836360000Z DEBUG solana_runtime::message_processor::stable_log] Program log: Instruction: GetAccountDataSize
[2025-11-05T06:35:31.836377000Z DEBUG solana_runtime::message_processor::stable_log] Program TokenkegQfeZyiNwAJbNbGKPFXCWuBvf9Ss623VQ5DA consumed 1595 of 194555 compute units
[2025-11-05T06:35:31.836384000Z DEBUG solana_runtime::message_processor::stable_log] Program return: TokenkegQfeZyiNwAJbNbGKPFXCWuBvf9Ss623VQ5DA pQAAAAAAAAA=
[2025-11-05T06:35:31.836393000Z DEBUG solana_runtime::message_processor::stable_log] Program TokenkegQfeZyiNwAJbNbGKPFXCWuBvf9Ss623VQ5DA success
[2025-11-05T06:35:31.836447000Z DEBUG solana_runtime::message_processor::stable_log] Program 11111111111111111111111111111111 invoke [2]
[2025-11-05T06:35:31.836455000Z DEBUG solana_runtime::message_processor::stable_log] Program 11111111111111111111111111111111 success
[2025-11-05T06:35:31.836460000Z DEBUG solana_runtime::message_processor::stable_log] Program log: Initialize the associated token account
[2025-11-05T06:35:31.836477000Z DEBUG solana_runtime::message_processor::stable_log] Program TokenkegQfeZyiNwAJbNbGKPFXCWuBvf9Ss623VQ5DA invoke [2]
[2025-11-05T06:35:31.836503000Z DEBUG solana_runtime::message_processor::stable_log] Program log: Instruction: InitializeImmutableOwner
[2025-11-05T06:35:31.836515000Z DEBUG solana_runtime::message_processor::stable_log] Program log: Please upgrade to SPL Token 2022 for immutable owner support
[2025-11-05T06:35:31.836518000Z DEBUG solana_runtime::message_processor::stable_log] Program TokenkegQfeZyiNwAJbNbGKPFXCWuBvf9Ss623VQ5DA consumed 1405 of 187942 compute units
[2025-11-05T06:35:31.836525000Z DEBUG solana_runtime::message_processor::stable_log] Program TokenkegQfeZyiNwAJbNbGKPFXCWuBvf9Ss623VQ5DA success
[2025-11-05T06:35:31.836559000Z DEBUG solana_runtime::message_processor::stable_log] Program TokenkegQfeZyiNwAJbNbGKPFXCWuBvf9Ss623VQ5DA invoke [2]
[2025-11-05T06:35:31.836586000Z DEBUG solana_runtime::message_processor::stable_log] Program log: Instruction: InitializeAccount3
[2025-11-05T06:35:31.836639000Z DEBUG solana_runtime::message_processor::stable_log] Program TokenkegQfeZyiNwAJbNbGKPFXCWuBvf9Ss623VQ5DA consumed 4214 of 184058 compute units
[2025-11-05T06:35:31.836647000Z DEBUG solana_runtime::message_processor::stable_log] Program TokenkegQfeZyiNwAJbNbGKPFXCWuBvf9Ss623VQ5DA success
[2025-11-05T06:35:31.836659000Z DEBUG solana_runtime::message_processor::stable_log] Program ATokenGPvbdGVxr1b2hvZbsiqW5xWH25efTNsLJA8knL consumed 20460 of 200000 compute units
[2025-11-05T06:35:31.836668000Z DEBUG solana_runtime::message_processor::stable_log] Program ATokenGPvbdGVxr1b2hvZbsiqW5xWH25efTNsLJA8knL success
[2025-11-05T06:35:31.841793000Z DEBUG solana_runtime::message_processor::stable_log] Program TokenkegQfeZyiNwAJbNbGKPFXCWuBvf9Ss623VQ5DA invoke [1]
[2025-11-05T06:35:31.841861000Z DEBUG solana_runtime::message_processor::stable_log] Program log: Instruction: MintTo
[2025-11-05T06:35:31.841934000Z DEBUG solana_runtime::message_processor::stable_log] Program TokenkegQfeZyiNwAJbNbGKPFXCWuBvf9Ss623VQ5DA consumed 4491 of 200000 compute units
[2025-11-05T06:35:31.841949000Z DEBUG solana_runtime::message_processor::stable_log] Program TokenkegQfeZyiNwAJbNbGKPFXCWuBvf9Ss623VQ5DA success
[2025-11-05T06:35:31.858479000Z DEBUG solana_runtime::message_processor::stable_log] Program ASmKWt93JEMHxbdE6j7znD9y2FcdPboCzC3xtSTJvN7S invoke [1]
[2025-11-05T06:35:31.858541000Z DEBUG solana_runtime::message_processor::stable_log] Program log: Instruction: CreateConfig
[2025-11-05T06:35:31.858631000Z DEBUG solana_runtime::message_processor::stable_log] Program 11111111111111111111111111111111 invoke [2]
[2025-11-05T06:35:31.858641000Z DEBUG solana_runtime::message_processor::stable_log] Program 11111111111111111111111111111111 success
[2025-11-05T06:35:31.858737000Z DEBUG solana_runtime::message_processor::stable_log] Program ASmKWt93JEMHxbdE6j7znD9y2FcdPboCzC3xtSTJvN7S invoke [2]
[2025-11-05T06:35:31.858769000Z DEBUG solana_runtime::message_processor::stable_log] Program ASmKWt93JEMHxbdE6j7znD9y2FcdPboCzC3xtSTJvN7S consumed 2069 of 186098 compute units
[2025-11-05T06:35:31.858778000Z DEBUG solana_runtime::message_processor::stable_log] Program ASmKWt93JEMHxbdE6j7znD9y2FcdPboCzC3xtSTJvN7S success
[2025-11-05T06:35:31.858792000Z DEBUG solana_runtime::message_processor::stable_log] Program ASmKWt93JEMHxbdE6j7znD9y2FcdPboCzC3xtSTJvN7S consumed 16276 of 200000 compute units
[2025-11-05T06:35:31.858801000Z DEBUG solana_runtime::message_processor::stable_log] Program ASmKWt93JEMHxbdE6j7znD9y2FcdPboCzC3xtSTJvN7S success
[2025-11-05T06:35:31.884406000Z DEBUG solana_runtime::message_processor::stable_log] Program ASmKWt93JEMHxbdE6j7znD9y2FcdPboCzC3xtSTJvN7S invoke [1]
[2025-11-05T06:35:31.884547000Z DEBUG solana_runtime::message_processor::stable_log] Program log: Instruction: InitializePool
[2025-11-05T06:35:31.884682000Z DEBUG solana_runtime::message_processor::stable_log] Program 11111111111111111111111111111111 invoke [2]
[2025-11-05T06:35:31.884690000Z DEBUG solana_runtime::message_processor::stable_log] Program 11111111111111111111111111111111 success
[2025-11-05T06:35:31.884723000Z DEBUG solana_runtime::message_processor::stable_log] Program TokenzQdBNbLqP5VEhdkAS6EPFLC1PHnBqCXEpPxuEb invoke [2]
[2025-11-05T06:35:31.884753000Z DEBUG solana_runtime::message_processor::stable_log] Program log: MetadataPointerInstruction::Initialize
[2025-11-05T06:35:31.884786000Z DEBUG solana_runtime::message_processor::stable_log] Program TokenzQdBNbLqP5VEhdkAS6EPFLC1PHnBqCXEpPxuEb consumed 2442 of 334963 compute units
[2025-11-05T06:35:31.884798000Z DEBUG solana_runtime::message_processor::stable_log] Program TokenzQdBNbLqP5VEhdkAS6EPFLC1PHnBqCXEpPxuEb success
[2025-11-05T06:35:31.884827000Z DEBUG solana_runtime::message_processor::stable_log] Program TokenzQdBNbLqP5VEhdkAS6EPFLC1PHnBqCXEpPxuEb invoke [2]
[2025-11-05T06:35:31.884850000Z DEBUG solana_runtime::message_processor::stable_log] Program log: Instruction: InitializeMintCloseAuthority
[2025-11-05T06:35:31.884882000Z DEBUG solana_runtime::message_processor::stable_log] Program TokenzQdBNbLqP5VEhdkAS6EPFLC1PHnBqCXEpPxuEb consumed 2570 of 330543 compute units
[2025-11-05T06:35:31.884889000Z DEBUG solana_runtime::message_processor::stable_log] Program TokenzQdBNbLqP5VEhdkAS6EPFLC1PHnBqCXEpPxuEb success
[2025-11-05T06:35:31.884917000Z DEBUG solana_runtime::message_processor::stable_log] Program TokenzQdBNbLqP5VEhdkAS6EPFLC1PHnBqCXEpPxuEb invoke [2]
[2025-11-05T06:35:31.884941000Z DEBUG solana_runtime::message_processor::stable_log] Program log: Instruction: InitializeMint2
[2025-11-05T06:35:31.885004000Z DEBUG solana_runtime::message_processor::stable_log] Program TokenzQdBNbLqP5VEhdkAS6EPFLC1PHnBqCXEpPxuEb consumed 4078 of 326031 compute units
[2025-11-05T06:35:31.885012000Z DEBUG solana_runtime::message_processor::stable_log] Program TokenzQdBNbLqP5VEhdkAS6EPFLC1PHnBqCXEpPxuEb success
[2025-11-05T06:35:31.885146000Z DEBUG solana_runtime::message_processor::stable_log] Program 11111111111111111111111111111111 invoke [2]
[2025-11-05T06:35:31.885152000Z DEBUG solana_runtime::message_processor::stable_log] Program 11111111111111111111111111111111 success
[2025-11-05T06:35:31.885184000Z DEBUG solana_runtime::message_processor::stable_log] Program TokenzQdBNbLqP5VEhdkAS6EPFLC1PHnBqCXEpPxuEb invoke [2]
[2025-11-05T06:35:31.885211000Z DEBUG solana_runtime::message_processor::stable_log] Program log: Instruction: InitializeAccount3
[2025-11-05T06:35:31.885285000Z DEBUG solana_runtime::message_processor::stable_log] Program TokenzQdBNbLqP5VEhdkAS6EPFLC1PHnBqCXEpPxuEb consumed 5137 of 312347 compute units
[2025-11-05T06:35:31.885293000Z DEBUG solana_runtime::message_processor::stable_log] Program TokenzQdBNbLqP5VEhdkAS6EPFLC1PHnBqCXEpPxuEb success
[2025-11-05T06:35:31.885389000Z DEBUG solana_runtime::message_processor::stable_log] Program 11111111111111111111111111111111 invoke [2]
[2025-11-05T06:35:31.885392000Z DEBUG solana_runtime::message_processor::stable_log] Program 11111111111111111111111111111111 success
[2025-11-05T06:35:31.885470000Z DEBUG solana_runtime::message_processor::stable_log] Program 11111111111111111111111111111111 invoke [2]
[2025-11-05T06:35:31.885473000Z DEBUG solana_runtime::message_processor::stable_log] Program 11111111111111111111111111111111 success
[2025-11-05T06:35:31.885602000Z DEBUG solana_runtime::message_processor::stable_log] Program 11111111111111111111111111111111 invoke [2]
[2025-11-05T06:35:31.885611000Z DEBUG solana_runtime::message_processor::stable_log] Program 11111111111111111111111111111111 success
[2025-11-05T06:35:31.885638000Z DEBUG solana_runtime::message_processor::stable_log] Program TokenkegQfeZyiNwAJbNbGKPFXCWuBvf9Ss623VQ5DA invoke [2]
[2025-11-05T06:35:31.885668000Z DEBUG solana_runtime::message_processor::stable_log] Program log: Instruction: InitializeAccount3
[2025-11-05T06:35:31.885725000Z DEBUG solana_runtime::message_processor::stable_log] Program TokenkegQfeZyiNwAJbNbGKPFXCWuBvf9Ss623VQ5DA consumed 4214 of 282744 compute units
[2025-11-05T06:35:31.885733000Z DEBUG solana_runtime::message_processor::stable_log] Program TokenkegQfeZyiNwAJbNbGKPFXCWuBvf9Ss623VQ5DA success
[2025-11-05T06:35:31.885857000Z DEBUG solana_runtime::message_processor::stable_log] Program 11111111111111111111111111111111 invoke [2]
[2025-11-05T06:35:31.885861000Z DEBUG solana_runtime::message_processor::stable_log] Program 11111111111111111111111111111111 success
[2025-11-05T06:35:31.885891000Z DEBUG solana_runtime::message_processor::stable_log] Program TokenkegQfeZyiNwAJbNbGKPFXCWuBvf9Ss623VQ5DA invoke [2]
[2025-11-05T06:35:31.885918000Z DEBUG solana_runtime::message_processor::stable_log] Program log: Instruction: InitializeAccount3
[2025-11-05T06:35:31.885968000Z DEBUG solana_runtime::message_processor::stable_log] Program TokenkegQfeZyiNwAJbNbGKPFXCWuBvf9Ss623VQ5DA consumed 4214 of 262105 compute units
[2025-11-05T06:35:31.885976000Z DEBUG solana_runtime::message_processor::stable_log] Program TokenkegQfeZyiNwAJbNbGKPFXCWuBvf9Ss623VQ5DA success
[2025-11-05T06:35:31.886173000Z DEBUG solana_runtime::message_processor::stable_log] Program TokenzQdBNbLqP5VEhdkAS6EPFLC1PHnBqCXEpPxuEb invoke [2]
[2025-11-05T06:35:31.886246000Z DEBUG solana_runtime::message_processor::stable_log] Program log: TokenMetadataInstruction: Initialize
[2025-11-05T06:35:31.886394000Z DEBUG solana_runtime::message_processor::stable_log] Program TokenzQdBNbLqP5VEhdkAS6EPFLC1PHnBqCXEpPxuEb consumed 9900 of 245973 compute units
[2025-11-05T06:35:31.886404000Z DEBUG solana_runtime::message_processor::stable_log] Program TokenzQdBNbLqP5VEhdkAS6EPFLC1PHnBqCXEpPxuEb success
[2025-11-05T06:35:31.886443000Z DEBUG solana_runtime::message_processor::stable_log] Program 11111111111111111111111111111111 invoke [2]
[2025-11-05T06:35:31.886446000Z DEBUG solana_runtime::message_processor::stable_log] Program 11111111111111111111111111111111 success
[2025-11-05T06:35:31.886485000Z DEBUG solana_runtime::message_processor::stable_log] Program TokenzQdBNbLqP5VEhdkAS6EPFLC1PHnBqCXEpPxuEb invoke [2]
[2025-11-05T06:35:31.886516000Z DEBUG solana_runtime::message_processor::stable_log] Program log: Instruction: MintTo
[2025-11-05T06:35:31.886589000Z DEBUG solana_runtime::message_processor::stable_log] Program TokenzQdBNbLqP5VEhdkAS6EPFLC1PHnBqCXEpPxuEb consumed 5540 of 231011 compute units
[2025-11-05T06:35:31.886596000Z DEBUG solana_runtime::message_processor::stable_log] Program TokenzQdBNbLqP5VEhdkAS6EPFLC1PHnBqCXEpPxuEb success
[2025-11-05T06:35:31.886646000Z DEBUG solana_runtime::message_processor::stable_log] Program ASmKWt93JEMHxbdE6j7znD9y2FcdPboCzC3xtSTJvN7S invoke [2]
[2025-11-05T06:35:31.886680000Z DEBUG solana_runtime::message_processor::stable_log] Program ASmKWt93JEMHxbdE6j7znD9y2FcdPboCzC3xtSTJvN7S consumed 2069 of 222406 compute units
[2025-11-05T06:35:31.886688000Z DEBUG solana_runtime::message_processor::stable_log] Program ASmKWt93JEMHxbdE6j7znD9y2FcdPboCzC3xtSTJvN7S success
[2025-11-05T06:35:31.886753000Z DEBUG solana_runtime::message_processor::stable_log] Program TokenkegQfeZyiNwAJbNbGKPFXCWuBvf9Ss623VQ5DA invoke [2]
[2025-11-05T06:35:31.886791000Z DEBUG solana_runtime::message_processor::stable_log] Program log: Instruction: TransferChecked
[2025-11-05T06:35:31.886880000Z DEBUG solana_runtime::message_processor::stable_log] Program TokenkegQfeZyiNwAJbNbGKPFXCWuBvf9Ss623VQ5DA consumed 6174 of 217865 compute units
[2025-11-05T06:35:31.886899000Z DEBUG solana_runtime::message_processor::stable_log] Program TokenkegQfeZyiNwAJbNbGKPFXCWuBvf9Ss623VQ5DA success
[2025-11-05T06:35:31.886977000Z DEBUG solana_runtime::message_processor::stable_log] Program TokenkegQfeZyiNwAJbNbGKPFXCWuBvf9Ss623VQ5DA invoke [2]
[2025-11-05T06:35:31.887028000Z DEBUG solana_runtime::message_processor::stable_log] Program log: Instruction: TransferChecked
[2025-11-05T06:35:31.887109000Z DEBUG solana_runtime::message_processor::stable_log] Program TokenkegQfeZyiNwAJbNbGKPFXCWuBvf9Ss623VQ5DA consumed 6269 of 209281 compute units
[2025-11-05T06:35:31.887121000Z DEBUG solana_runtime::message_processor::stable_log] Program TokenkegQfeZyiNwAJbNbGKPFXCWuBvf9Ss623VQ5DA success
[2025-11-05T06:35:31.887211000Z DEBUG solana_runtime::message_processor::stable_log] Program ASmKWt93JEMHxbdE6j7znD9y2FcdPboCzC3xtSTJvN7S invoke [2]
[2025-11-05T06:35:31.887253000Z DEBUG solana_runtime::message_processor::stable_log] Program ASmKWt93JEMHxbdE6j7znD9y2FcdPboCzC3xtSTJvN7S consumed 2069 of 197931 compute units
[2025-11-05T06:35:31.887262000Z DEBUG solana_runtime::message_processor::stable_log] Program ASmKWt93JEMHxbdE6j7znD9y2FcdPboCzC3xtSTJvN7S success
[2025-11-05T06:35:31.887287000Z DEBUG solana_runtime::message_processor::stable_log] Program ASmKWt93JEMHxbdE6j7znD9y2FcdPboCzC3xtSTJvN7S consumed 154932 of 350000 compute units
[2025-11-05T06:35:31.887297000Z DEBUG solana_runtime::message_processor::stable_log] Program ASmKWt93JEMHxbdE6j7znD9y2FcdPboCzC3xtSTJvN7S success
[2025-11-05T06:35:31.887306000Z DEBUG solana_runtime::message_processor::stable_log] Program ComputeBudget111111111111111111111111111111 invoke [1]
[2025-11-05T06:35:31.887314000Z DEBUG solana_runtime::message_processor::stable_log] Program ComputeBudget111111111111111111111111111111 success
[2025-11-05T06:35:31.908159000Z DEBUG solana_runtime::message_processor::stable_log] Program ASmKWt93JEMHxbdE6j7znD9y2FcdPboCzC3xtSTJvN7S invoke [1]
[2025-11-05T06:35:31.908266000Z DEBUG solana_runtime::message_processor::stable_log] Program log: Instruction: CreatePosition
[2025-11-05T06:35:31.908346000Z DEBUG solana_runtime::message_processor::stable_log] Program 11111111111111111111111111111111 invoke [2]
[2025-11-05T06:35:31.908355000Z DEBUG solana_runtime::message_processor::stable_log] Program 11111111111111111111111111111111 success
[2025-11-05T06:35:31.908436000Z DEBUG solana_runtime::message_processor::stable_log] Program TokenzQdBNbLqP5VEhdkAS6EPFLC1PHnBqCXEpPxuEb invoke [2]
[2025-11-05T06:35:31.908472000Z DEBUG solana_runtime::message_processor::stable_log] Program log: MetadataPointerInstruction::Initialize
[2025-11-05T06:35:31.908506000Z DEBUG solana_runtime::message_processor::stable_log] Program TokenzQdBNbLqP5VEhdkAS6EPFLC1PHnBqCXEpPxuEb consumed 2442 of 191116 compute units
[2025-11-05T06:35:31.908515000Z DEBUG solana_runtime::message_processor::stable_log] Program TokenzQdBNbLqP5VEhdkAS6EPFLC1PHnBqCXEpPxuEb success
[2025-11-05T06:35:31.908544000Z DEBUG solana_runtime::message_processor::stable_log] Program TokenzQdBNbLqP5VEhdkAS6EPFLC1PHnBqCXEpPxuEb invoke [2]
[2025-11-05T06:35:31.908567000Z DEBUG solana_runtime::message_processor::stable_log] Program log: Instruction: InitializeMintCloseAuthority
[2025-11-05T06:35:31.908598000Z DEBUG solana_runtime::message_processor::stable_log] Program TokenzQdBNbLqP5VEhdkAS6EPFLC1PHnBqCXEpPxuEb consumed 2570 of 186696 compute units
[2025-11-05T06:35:31.908606000Z DEBUG solana_runtime::message_processor::stable_log] Program TokenzQdBNbLqP5VEhdkAS6EPFLC1PHnBqCXEpPxuEb success
[2025-11-05T06:35:31.908634000Z DEBUG solana_runtime::message_processor::stable_log] Program TokenzQdBNbLqP5VEhdkAS6EPFLC1PHnBqCXEpPxuEb invoke [2]
[2025-11-05T06:35:31.908658000Z DEBUG solana_runtime::message_processor::stable_log] Program log: Instruction: InitializeMint2
[2025-11-05T06:35:31.908717000Z DEBUG solana_runtime::message_processor::stable_log] Program TokenzQdBNbLqP5VEhdkAS6EPFLC1PHnBqCXEpPxuEb consumed 4078 of 182183 compute units
[2025-11-05T06:35:31.908724000Z DEBUG solana_runtime::message_processor::stable_log] Program TokenzQdBNbLqP5VEhdkAS6EPFLC1PHnBqCXEpPxuEb success
[2025-11-05T06:35:31.908845000Z DEBUG solana_runtime::message_processor::stable_log] Program 11111111111111111111111111111111 invoke [2]
[2025-11-05T06:35:31.908848000Z DEBUG solana_runtime::message_processor::stable_log] Program 11111111111111111111111111111111 success
[2025-11-05T06:35:31.908877000Z DEBUG solana_runtime::message_processor::stable_log] Program TokenzQdBNbLqP5VEhdkAS6EPFLC1PHnBqCXEpPxuEb invoke [2]
[2025-11-05T06:35:31.908921000Z DEBUG solana_runtime::message_processor::stable_log] Program log: Instruction: InitializeAccount3
[2025-11-05T06:35:31.908999000Z DEBUG solana_runtime::message_processor::stable_log] Program TokenzQdBNbLqP5VEhdkAS6EPFLC1PHnBqCXEpPxuEb consumed 5137 of 166999 compute units
[2025-11-05T06:35:31.909008000Z DEBUG solana_runtime::message_processor::stable_log] Program TokenzQdBNbLqP5VEhdkAS6EPFLC1PHnBqCXEpPxuEb success
[2025-11-05T06:35:31.909142000Z DEBUG solana_runtime::message_processor::stable_log] Program 11111111111111111111111111111111 invoke [2]
[2025-11-05T06:35:31.909146000Z DEBUG solana_runtime::message_processor::stable_log] Program 11111111111111111111111111111111 success
[2025-11-05T06:35:31.909243000Z DEBUG solana_runtime::message_processor::stable_log] Program TokenzQdBNbLqP5VEhdkAS6EPFLC1PHnBqCXEpPxuEb invoke [2]
[2025-11-05T06:35:31.909294000Z DEBUG solana_runtime::message_processor::stable_log] Program log: TokenMetadataInstruction: Initialize
[2025-11-05T06:35:31.909486000Z DEBUG solana_runtime::message_processor::stable_log] Program TokenzQdBNbLqP5VEhdkAS6EPFLC1PHnBqCXEpPxuEb consumed 9900 of 141269 compute units
[2025-11-05T06:35:31.909510000Z DEBUG solana_runtime::message_processor::stable_log] Program TokenzQdBNbLqP5VEhdkAS6EPFLC1PHnBqCXEpPxuEb success
[2025-11-05T06:35:31.909552000Z DEBUG solana_runtime::message_processor::stable_log] Program 11111111111111111111111111111111 invoke [2]
[2025-11-05T06:35:31.909555000Z DEBUG solana_runtime::message_processor::stable_log] Program 11111111111111111111111111111111 success
[2025-11-05T06:35:31.909592000Z DEBUG solana_runtime::message_processor::stable_log] Program TokenzQdBNbLqP5VEhdkAS6EPFLC1PHnBqCXEpPxuEb invoke [2]
[2025-11-05T06:35:31.909623000Z DEBUG solana_runtime::message_processor::stable_log] Program log: Instruction: MintTo
[2025-11-05T06:35:31.909693000Z DEBUG solana_runtime::message_processor::stable_log] Program TokenzQdBNbLqP5VEhdkAS6EPFLC1PHnBqCXEpPxuEb consumed 5540 of 126307 compute units
[2025-11-05T06:35:31.909701000Z DEBUG solana_runtime::message_processor::stable_log] Program TokenzQdBNbLqP5VEhdkAS6EPFLC1PHnBqCXEpPxuEb success
[2025-11-05T06:35:31.909750000Z DEBUG solana_runtime::message_processor::stable_log] Program ASmKWt93JEMHxbdE6j7znD9y2FcdPboCzC3xtSTJvN7S invoke [2]
[2025-11-05T06:35:31.909782000Z DEBUG solana_runtime::message_processor::stable_log] Program ASmKWt93JEMHxbdE6j7znD9y2FcdPboCzC3xtSTJvN7S consumed 2069 of 117701 compute units
[2025-11-05T06:35:31.909790000Z DEBUG solana_runtime::message_processor::stable_log] Program ASmKWt93JEMHxbdE6j7znD9y2FcdPboCzC3xtSTJvN7S success
[2025-11-05T06:35:31.909809000Z DEBUG solana_runtime::message_processor::stable_log] Program ASmKWt93JEMHxbdE6j7znD9y2FcdPboCzC3xtSTJvN7S consumed 84933 of 200000 compute units
[2025-11-05T06:35:31.909819000Z DEBUG solana_runtime::message_processor::stable_log] Program ASmKWt93JEMHxbdE6j7znD9y2FcdPboCzC3xtSTJvN7S success
[2025-11-05T06:35:31.936985000Z DEBUG solana_runtime::message_processor::stable_log] Program ASmKWt93JEMHxbdE6j7znD9y2FcdPboCzC3xtSTJvN7S invoke [1]
[2025-11-05T06:35:31.937222000Z DEBUG solana_runtime::message_processor::stable_log] Program log: Instruction: AddLiquidity
[2025-11-05T06:35:31.937511000Z DEBUG solana_runtime::message_processor::stable_log] Program TokenkegQfeZyiNwAJbNbGKPFXCWuBvf9Ss623VQ5DA invoke [2]
[2025-11-05T06:35:31.937561000Z DEBUG solana_runtime::message_processor::stable_log] Program log: Instruction: TransferChecked
[2025-11-05T06:35:31.937643000Z DEBUG solana_runtime::message_processor::stable_log] Program TokenkegQfeZyiNwAJbNbGKPFXCWuBvf9Ss623VQ5DA consumed 6174 of 178932 compute units
[2025-11-05T06:35:31.937659000Z DEBUG solana_runtime::message_processor::stable_log] Program TokenkegQfeZyiNwAJbNbGKPFXCWuBvf9Ss623VQ5DA success
[2025-11-05T06:35:31.937703000Z DEBUG solana_runtime::message_processor::stable_log] Program TokenkegQfeZyiNwAJbNbGKPFXCWuBvf9Ss623VQ5DA invoke [2]
[2025-11-05T06:35:31.937737000Z DEBUG solana_runtime::message_processor::stable_log] Program log: Instruction: TransferChecked
[2025-11-05T06:35:31.937888000Z DEBUG solana_runtime::message_processor::stable_log] Program TokenkegQfeZyiNwAJbNbGKPFXCWuBvf9Ss623VQ5DA consumed 6269 of 170348 compute units
[2025-11-05T06:35:31.937899000Z DEBUG solana_runtime::message_processor::stable_log] Program TokenkegQfeZyiNwAJbNbGKPFXCWuBvf9Ss623VQ5DA success
[2025-11-05T06:35:31.937950000Z DEBUG solana_runtime::message_processor::stable_log] Program ASmKWt93JEMHxbdE6j7znD9y2FcdPboCzC3xtSTJvN7S invoke [2]
[2025-11-05T06:35:31.937984000Z DEBUG solana_runtime::message_processor::stable_log] Program ASmKWt93JEMHxbdE6j7znD9y2FcdPboCzC3xtSTJvN7S consumed 2069 of 160825 compute units
[2025-11-05T06:35:31.937994000Z DEBUG solana_runtime::message_processor::stable_log] Program ASmKWt93JEMHxbdE6j7znD9y2FcdPboCzC3xtSTJvN7S success
[2025-11-05T06:35:31.938086000Z DEBUG solana_runtime::message_processor::stable_log] Program ASmKWt93JEMHxbdE6j7znD9y2FcdPboCzC3xtSTJvN7S invoke [2]
[2025-11-05T06:35:31.938115000Z DEBUG solana_runtime::message_processor::stable_log] Program ASmKWt93JEMHxbdE6j7znD9y2FcdPboCzC3xtSTJvN7S consumed 2069 of 152618 compute units
[2025-11-05T06:35:31.938123000Z DEBUG solana_runtime::message_processor::stable_log] Program ASmKWt93JEMHxbdE6j7znD9y2FcdPboCzC3xtSTJvN7S success
[2025-11-05T06:35:31.938143000Z DEBUG solana_runtime::message_processor::stable_log] Program ASmKWt93JEMHxbdE6j7znD9y2FcdPboCzC3xtSTJvN7S consumed 50092 of 200000 compute units
[2025-11-05T06:35:31.938153000Z DEBUG solana_runtime::message_processor::stable_log] Program ASmKWt93JEMHxbdE6j7znD9y2FcdPboCzC3xtSTJvN7S success
[2025-11-05T06:35:31.952503000Z DEBUG solana_runtime::message_processor::stable_log] Program ASmKWt93JEMHxbdE6j7znD9y2FcdPboCzC3xtSTJvN7S invoke [1]
[2025-11-05T06:35:31.952602000Z DEBUG solana_runtime::message_processor::stable_log] Program log: Instruction: CreatePosition
[2025-11-05T06:35:31.952680000Z DEBUG solana_runtime::message_processor::stable_log] Program 11111111111111111111111111111111 invoke [2]
[2025-11-05T06:35:31.952689000Z DEBUG solana_runtime::message_processor::stable_log] Program 11111111111111111111111111111111 success
[2025-11-05T06:35:31.952722000Z DEBUG solana_runtime::message_processor::stable_log] Program TokenzQdBNbLqP5VEhdkAS6EPFLC1PHnBqCXEpPxuEb invoke [2]
[2025-11-05T06:35:31.952759000Z DEBUG solana_runtime::message_processor::stable_log] Program log: MetadataPointerInstruction::Initialize
[2025-11-05T06:35:31.952795000Z DEBUG solana_runtime::message_processor::stable_log] Program TokenzQdBNbLqP5VEhdkAS6EPFLC1PHnBqCXEpPxuEb consumed 2442 of 191116 compute units
[2025-11-05T06:35:31.952806000Z DEBUG solana_runtime::message_processor::stable_log] Program TokenzQdBNbLqP5VEhdkAS6EPFLC1PHnBqCXEpPxuEb success
[2025-11-05T06:35:31.952836000Z DEBUG solana_runtime::message_processor::stable_log] Program TokenzQdBNbLqP5VEhdkAS6EPFLC1PHnBqCXEpPxuEb invoke [2]
[2025-11-05T06:35:31.952863000Z DEBUG solana_runtime::message_processor::stable_log] Program log: Instruction: InitializeMintCloseAuthority
[2025-11-05T06:35:31.952899000Z DEBUG solana_runtime::message_processor::stable_log] Program TokenzQdBNbLqP5VEhdkAS6EPFLC1PHnBqCXEpPxuEb consumed 2570 of 186696 compute units
[2025-11-05T06:35:31.952913000Z DEBUG solana_runtime::message_processor::stable_log] Program TokenzQdBNbLqP5VEhdkAS6EPFLC1PHnBqCXEpPxuEb success
[2025-11-05T06:35:31.953003000Z DEBUG solana_runtime::message_processor::stable_log] Program TokenzQdBNbLqP5VEhdkAS6EPFLC1PHnBqCXEpPxuEb invoke [2]
[2025-11-05T06:35:31.953028000Z DEBUG solana_runtime::message_processor::stable_log] Program log: Instruction: InitializeMint2
[2025-11-05T06:35:31.953088000Z DEBUG solana_runtime::message_processor::stable_log] Program TokenzQdBNbLqP5VEhdkAS6EPFLC1PHnBqCXEpPxuEb consumed 4078 of 182183 compute units
[2025-11-05T06:35:31.953097000Z DEBUG solana_runtime::message_processor::stable_log] Program TokenzQdBNbLqP5VEhdkAS6EPFLC1PHnBqCXEpPxuEb success
[2025-11-05T06:35:31.953216000Z DEBUG solana_runtime::message_processor::stable_log] Program 11111111111111111111111111111111 invoke [2]
[2025-11-05T06:35:31.953221000Z DEBUG solana_runtime::message_processor::stable_log] Program 11111111111111111111111111111111 success
[2025-11-05T06:35:31.953249000Z DEBUG solana_runtime::message_processor::stable_log] Program TokenzQdBNbLqP5VEhdkAS6EPFLC1PHnBqCXEpPxuEb invoke [2]
[2025-11-05T06:35:31.953276000Z DEBUG solana_runtime::message_processor::stable_log] Program log: Instruction: InitializeAccount3
[2025-11-05T06:35:31.953382000Z DEBUG solana_runtime::message_processor::stable_log] Program TokenzQdBNbLqP5VEhdkAS6EPFLC1PHnBqCXEpPxuEb consumed 5137 of 168499 compute units
[2025-11-05T06:35:31.953392000Z DEBUG solana_runtime::message_processor::stable_log] Program TokenzQdBNbLqP5VEhdkAS6EPFLC1PHnBqCXEpPxuEb success
[2025-11-05T06:35:31.953487000Z DEBUG solana_runtime::message_processor::stable_log] Program 11111111111111111111111111111111 invoke [2]
[2025-11-05T06:35:31.953491000Z DEBUG solana_runtime::message_processor::stable_log] Program 11111111111111111111111111111111 success
[2025-11-05T06:35:31.953588000Z DEBUG solana_runtime::message_processor::stable_log] Program TokenzQdBNbLqP5VEhdkAS6EPFLC1PHnBqCXEpPxuEb invoke [2]
[2025-11-05T06:35:31.953641000Z DEBUG solana_runtime::message_processor::stable_log] Program log: TokenMetadataInstruction: Initialize
[2025-11-05T06:35:31.953762000Z DEBUG solana_runtime::message_processor::stable_log] Program TokenzQdBNbLqP5VEhdkAS6EPFLC1PHnBqCXEpPxuEb consumed 9900 of 150269 compute units
[2025-11-05T06:35:31.953770000Z DEBUG solana_runtime::message_processor::stable_log] Program TokenzQdBNbLqP5VEhdkAS6EPFLC1PHnBqCXEpPxuEb success
[2025-11-05T06:35:31.953809000Z DEBUG solana_runtime::message_processor::stable_log] Program 11111111111111111111111111111111 invoke [2]
[2025-11-05T06:35:31.953812000Z DEBUG solana_runtime::message_processor::stable_log] Program 11111111111111111111111111111111 success
[2025-11-05T06:35:31.953850000Z DEBUG solana_runtime::message_processor::stable_log] Program TokenzQdBNbLqP5VEhdkAS6EPFLC1PHnBqCXEpPxuEb invoke [2]
[2025-11-05T06:35:31.953880000Z DEBUG solana_runtime::message_processor::stable_log] Program log: Instruction: MintTo
[2025-11-05T06:35:31.953950000Z DEBUG solana_runtime::message_processor::stable_log] Program TokenzQdBNbLqP5VEhdkAS6EPFLC1PHnBqCXEpPxuEb consumed 5540 of 135307 compute units
[2025-11-05T06:35:31.953958000Z DEBUG solana_runtime::message_processor::stable_log] Program TokenzQdBNbLqP5VEhdkAS6EPFLC1PHnBqCXEpPxuEb success
[2025-11-05T06:35:31.954006000Z DEBUG solana_runtime::message_processor::stable_log] Program ASmKWt93JEMHxbdE6j7znD9y2FcdPboCzC3xtSTJvN7S invoke [2]
[2025-11-05T06:35:31.954044000Z DEBUG solana_runtime::message_processor::stable_log] Program ASmKWt93JEMHxbdE6j7znD9y2FcdPboCzC3xtSTJvN7S consumed 2069 of 126701 compute units
[2025-11-05T06:35:31.954053000Z DEBUG solana_runtime::message_processor::stable_log] Program ASmKWt93JEMHxbdE6j7znD9y2FcdPboCzC3xtSTJvN7S success
[2025-11-05T06:35:31.954071000Z DEBUG solana_runtime::message_processor::stable_log] Program ASmKWt93JEMHxbdE6j7znD9y2FcdPboCzC3xtSTJvN7S consumed 75933 of 200000 compute units
[2025-11-05T06:35:31.954081000Z DEBUG solana_runtime::message_processor::stable_log] Program ASmKWt93JEMHxbdE6j7znD9y2FcdPboCzC3xtSTJvN7S success
[2025-11-05T06:35:31.981828000Z DEBUG solana_runtime::message_processor::stable_log] Program ASmKWt93JEMHxbdE6j7znD9y2FcdPboCzC3xtSTJvN7S invoke [1]
[2025-11-05T06:35:31.981917000Z DEBUG solana_runtime::message_processor::stable_log] Program log: Instruction: SplitPosition2
[2025-11-05T06:35:31.982169000Z DEBUG solana_runtime::message_processor::stable_log] Program ASmKWt93JEMHxbdE6j7znD9y2FcdPboCzC3xtSTJvN7S invoke [2]
[2025-11-05T06:35:31.982211000Z DEBUG solana_runtime::message_processor::stable_log] Program ASmKWt93JEMHxbdE6j7znD9y2FcdPboCzC3xtSTJvN7S consumed 2069 of 182114 compute units
[2025-11-05T06:35:31.982221000Z DEBUG solana_runtime::message_processor::stable_log] Program ASmKWt93JEMHxbdE6j7znD9y2FcdPboCzC3xtSTJvN7S success
[2025-11-05T06:35:31.982243000Z DEBUG solana_runtime::message_processor::stable_log] Program ASmKWt93JEMHxbdE6j7znD9y2FcdPboCzC3xtSTJvN7S consumed 20599 of 200000 compute units
[2025-11-05T06:35:31.982252000Z DEBUG solana_runtime::message_processor::stable_log] Program ASmKWt93JEMHxbdE6j7znD9y2FcdPboCzC3xtSTJvN7S success
    ✔ Merge two position (106ms)

  Swap token
    SPL Token
[2025-11-05T06:35:32.001325000Z INFO  solana_program_test] "cp_amm" SBF program from ./target/deploy/cp_amm.so, modified 24 minutes, 39 seconds, 348 ms, 641 µs and 203 ns ago
[2025-11-05T06:35:32.001559000Z INFO  solana_program_test] "fee_router" SBF program from ./target/deploy/fee_router.so, modified 42 seconds, 85 ms, 818 µs and 331 ns ago
[2025-11-05T06:35:32.001684000Z INFO  solana_program_test] "transfer_hook_counter" SBF program from tests/fixtures/transfer_hook_counter.so, modified 3 weeks, 22 hours, 59 minutes, 6 seconds, 827 ms, 284 µs and 196 ns ago
[2025-11-05T06:35:32.001879000Z INFO  solana_program_test] "alpha_vault" SBF program from tests/fixtures/alpha_vault.so, modified 3 weeks, 22 hours, 59 minutes, 6 seconds, 828 ms, 166 µs and 72 ns ago
[2025-11-05T06:35:32.002173000Z INFO  solana_program_test] "streamflow" SBF program from tests/fixtures/streamflow.so, modified 3 weeks, 6 hours, 59 minutes, 16 seconds, 713 ms, 88 µs and 387 ns ago
[2025-11-05T06:35:32.002486000Z INFO  solana_program_test] "cp_amm" SBF program from ./target/deploy/cp_amm.so, modified 24 minutes, 39 seconds, 349 ms, 805 µs and 203 ns ago
[2025-11-05T06:35:32.002619000Z INFO  solana_program_test] "fee_router" SBF program from ./target/deploy/fee_router.so, modified 42 seconds, 86 ms, 879 µs and 331 ns ago
[2025-11-05T06:35:32.025899000Z INFO  solana_program_test] Overriding account at ASmKWt93JEMHxbdE6j7znD9y2FcdPboCzC3xtSTJvN7S
[2025-11-05T06:35:32.025912000Z INFO  solana_program_test] Overriding account at 5B57SJ3g2YoNXUpsZqqjEQkRSxyKtVTQRXdgAirz6bio
[2025-11-05T06:35:32.040868000Z DEBUG solana_runtime::message_processor::stable_log] Program 11111111111111111111111111111111 invoke [1]
[2025-11-05T06:35:32.040883000Z DEBUG solana_runtime::message_processor::stable_log] Program 11111111111111111111111111111111 success
[2025-11-05T06:35:32.046687000Z DEBUG solana_runtime::message_processor::stable_log] Program 11111111111111111111111111111111 invoke [1]
[2025-11-05T06:35:32.046709000Z DEBUG solana_runtime::message_processor::stable_log] Program 11111111111111111111111111111111 success
[2025-11-05T06:35:32.052405000Z DEBUG solana_runtime::message_processor::stable_log] Program 11111111111111111111111111111111 invoke [1]
[2025-11-05T06:35:32.052419000Z DEBUG solana_runtime::message_processor::stable_log] Program 11111111111111111111111111111111 success
[2025-11-05T06:35:32.063207000Z DEBUG solana_runtime::message_processor::stable_log] Program 11111111111111111111111111111111 invoke [1]
[2025-11-05T06:35:32.063221000Z DEBUG solana_runtime::message_processor::stable_log] Program 11111111111111111111111111111111 success
[2025-11-05T06:35:32.063225000Z DEBUG solana_runtime::message_processor::stable_log] Program TokenkegQfeZyiNwAJbNbGKPFXCWuBvf9Ss623VQ5DA invoke [1]
[2025-11-05T06:35:32.063269000Z DEBUG solana_runtime::message_processor::stable_log] Program log: Instruction: InitializeMint2
[2025-11-05T06:35:32.063302000Z DEBUG solana_runtime::message_processor::stable_log] Program TokenkegQfeZyiNwAJbNbGKPFXCWuBvf9Ss623VQ5DA consumed 2779 of 399850 compute units
[2025-11-05T06:35:32.063312000Z DEBUG solana_runtime::message_processor::stable_log] Program TokenkegQfeZyiNwAJbNbGKPFXCWuBvf9Ss623VQ5DA success
[2025-11-05T06:35:32.073550000Z DEBUG solana_runtime::message_processor::stable_log] Program 11111111111111111111111111111111 invoke [1]
[2025-11-05T06:35:32.073569000Z DEBUG solana_runtime::message_processor::stable_log] Program 11111111111111111111111111111111 success
[2025-11-05T06:35:32.073574000Z DEBUG solana_runtime::message_processor::stable_log] Program TokenkegQfeZyiNwAJbNbGKPFXCWuBvf9Ss623VQ5DA invoke [1]
[2025-11-05T06:35:32.073624000Z DEBUG solana_runtime::message_processor::stable_log] Program log: Instruction: InitializeMint2
[2025-11-05T06:35:32.073658000Z DEBUG solana_runtime::message_processor::stable_log] Program TokenkegQfeZyiNwAJbNbGKPFXCWuBvf9Ss623VQ5DA consumed 2779 of 399850 compute units
[2025-11-05T06:35:32.073667000Z DEBUG solana_runtime::message_processor::stable_log] Program TokenkegQfeZyiNwAJbNbGKPFXCWuBvf9Ss623VQ5DA success
[2025-11-05T06:35:32.081513000Z DEBUG solana_runtime::message_processor::stable_log] Program ATokenGPvbdGVxr1b2hvZbsiqW5xWH25efTNsLJA8knL invoke [1]
[2025-11-05T06:35:32.081600000Z DEBUG solana_runtime::message_processor::stable_log] Program log: Create
[2025-11-05T06:35:32.081655000Z DEBUG solana_runtime::message_processor::stable_log] Program TokenkegQfeZyiNwAJbNbGKPFXCWuBvf9Ss623VQ5DA invoke [2]
[2025-11-05T06:35:32.081686000Z DEBUG solana_runtime::message_processor::stable_log] Program log: Instruction: GetAccountDataSize
[2025-11-05T06:35:32.081703000Z DEBUG solana_runtime::message_processor::stable_log] Program TokenkegQfeZyiNwAJbNbGKPFXCWuBvf9Ss623VQ5DA consumed 1595 of 193055 compute units
[2025-11-05T06:35:32.081710000Z DEBUG solana_runtime::message_processor::stable_log] Program return: TokenkegQfeZyiNwAJbNbGKPFXCWuBvf9Ss623VQ5DA pQAAAAAAAAA=
[2025-11-05T06:35:32.081720000Z DEBUG solana_runtime::message_processor::stable_log] Program TokenkegQfeZyiNwAJbNbGKPFXCWuBvf9Ss623VQ5DA success
[2025-11-05T06:35:32.081775000Z DEBUG solana_runtime::message_processor::stable_log] Program 11111111111111111111111111111111 invoke [2]
[2025-11-05T06:35:32.081783000Z DEBUG solana_runtime::message_processor::stable_log] Program 11111111111111111111111111111111 success
[2025-11-05T06:35:32.081789000Z DEBUG solana_runtime::message_processor::stable_log] Program log: Initialize the associated token account
[2025-11-05T06:35:32.081806000Z DEBUG solana_runtime::message_processor::stable_log] Program TokenkegQfeZyiNwAJbNbGKPFXCWuBvf9Ss623VQ5DA invoke [2]
[2025-11-05T06:35:32.081828000Z DEBUG solana_runtime::message_processor::stable_log] Program log: Instruction: InitializeImmutableOwner
[2025-11-05T06:35:32.081839000Z DEBUG solana_runtime::message_processor::stable_log] Program log: Please upgrade to SPL Token 2022 for immutable owner support
[2025-11-05T06:35:32.081842000Z DEBUG solana_runtime::message_processor::stable_log] Program TokenkegQfeZyiNwAJbNbGKPFXCWuBvf9Ss623VQ5DA consumed 1405 of 186442 compute units
[2025-11-05T06:35:32.081850000Z DEBUG solana_runtime::message_processor::stable_log] Program TokenkegQfeZyiNwAJbNbGKPFXCWuBvf9Ss623VQ5DA success
[2025-11-05T06:35:32.081884000Z DEBUG solana_runtime::message_processor::stable_log] Program TokenkegQfeZyiNwAJbNbGKPFXCWuBvf9Ss623VQ5DA invoke [2]
[2025-11-05T06:35:32.081911000Z DEBUG solana_runtime::message_processor::stable_log] Program log: Instruction: InitializeAccount3
[2025-11-05T06:35:32.081970000Z DEBUG solana_runtime::message_processor::stable_log] Program TokenkegQfeZyiNwAJbNbGKPFXCWuBvf9Ss623VQ5DA consumed 4214 of 182558 compute units
[2025-11-05T06:35:32.081979000Z DEBUG solana_runtime::message_processor::stable_log] Program TokenkegQfeZyiNwAJbNbGKPFXCWuBvf9Ss623VQ5DA success
[2025-11-05T06:35:32.081992000Z DEBUG solana_runtime::message_processor::stable_log] Program ATokenGPvbdGVxr1b2hvZbsiqW5xWH25efTNsLJA8knL consumed 21960 of 200000 compute units
[2025-11-05T06:35:32.082001000Z DEBUG solana_runtime::message_processor::stable_log] Program ATokenGPvbdGVxr1b2hvZbsiqW5xWH25efTNsLJA8knL success
[2025-11-05T06:35:32.087174000Z DEBUG solana_runtime::message_processor::stable_log] Program TokenkegQfeZyiNwAJbNbGKPFXCWuBvf9Ss623VQ5DA invoke [1]
[2025-11-05T06:35:32.087240000Z DEBUG solana_runtime::message_processor::stable_log] Program log: Instruction: MintTo
[2025-11-05T06:35:32.087306000Z DEBUG solana_runtime::message_processor::stable_log] Program TokenkegQfeZyiNwAJbNbGKPFXCWuBvf9Ss623VQ5DA consumed 4491 of 200000 compute units
[2025-11-05T06:35:32.087318000Z DEBUG solana_runtime::message_processor::stable_log] Program TokenkegQfeZyiNwAJbNbGKPFXCWuBvf9Ss623VQ5DA success
[2025-11-05T06:35:32.094112000Z DEBUG solana_runtime::message_processor::stable_log] Program ATokenGPvbdGVxr1b2hvZbsiqW5xWH25efTNsLJA8knL invoke [1]
[2025-11-05T06:35:32.094177000Z DEBUG solana_runtime::message_processor::stable_log] Program log: Create
[2025-11-05T06:35:32.094227000Z DEBUG solana_runtime::message_processor::stable_log] Program TokenkegQfeZyiNwAJbNbGKPFXCWuBvf9Ss623VQ5DA invoke [2]
[2025-11-05T06:35:32.094256000Z DEBUG solana_runtime::message_processor::stable_log] Program log: Instruction: GetAccountDataSize
[2025-11-05T06:35:32.094273000Z DEBUG solana_runtime::message_processor::stable_log] Program TokenkegQfeZyiNwAJbNbGKPFXCWuBvf9Ss623VQ5DA consumed 1595 of 194555 compute units
[2025-11-05T06:35:32.094280000Z DEBUG solana_runtime::message_processor::stable_log] Program return: TokenkegQfeZyiNwAJbNbGKPFXCWuBvf9Ss623VQ5DA pQAAAAAAAAA=
[2025-11-05T06:35:32.094288000Z DEBUG solana_runtime::message_processor::stable_log] Program TokenkegQfeZyiNwAJbNbGKPFXCWuBvf9Ss623VQ5DA success
[2025-11-05T06:35:32.094570000Z DEBUG solana_runtime::message_processor::stable_log] Program 11111111111111111111111111111111 invoke [2]
[2025-11-05T06:35:32.094582000Z DEBUG solana_runtime::message_processor::stable_log] Program 11111111111111111111111111111111 success
[2025-11-05T06:35:32.094588000Z DEBUG solana_runtime::message_processor::stable_log] Program log: Initialize the associated token account
[2025-11-05T06:35:32.094606000Z DEBUG solana_runtime::message_processor::stable_log] Program TokenkegQfeZyiNwAJbNbGKPFXCWuBvf9Ss623VQ5DA invoke [2]
[2025-11-05T06:35:32.094627000Z DEBUG solana_runtime::message_processor::stable_log] Program log: Instruction: InitializeImmutableOwner
[2025-11-05T06:35:32.094638000Z DEBUG solana_runtime::message_processor::stable_log] Program log: Please upgrade to SPL Token 2022 for immutable owner support
[2025-11-05T06:35:32.094641000Z DEBUG solana_runtime::message_processor::stable_log] Program TokenkegQfeZyiNwAJbNbGKPFXCWuBvf9Ss623VQ5DA consumed 1405 of 187942 compute units
[2025-11-05T06:35:32.094649000Z DEBUG solana_runtime::message_processor::stable_log] Program TokenkegQfeZyiNwAJbNbGKPFXCWuBvf9Ss623VQ5DA success
[2025-11-05T06:35:32.094700000Z DEBUG solana_runtime::message_processor::stable_log] Program TokenkegQfeZyiNwAJbNbGKPFXCWuBvf9Ss623VQ5DA invoke [2]
[2025-11-05T06:35:32.094726000Z DEBUG solana_runtime::message_processor::stable_log] Program log: Instruction: InitializeAccount3
[2025-11-05T06:35:32.094779000Z DEBUG solana_runtime::message_processor::stable_log] Program TokenkegQfeZyiNwAJbNbGKPFXCWuBvf9Ss623VQ5DA consumed 4214 of 184058 compute units
[2025-11-05T06:35:32.094786000Z DEBUG solana_runtime::message_processor::stable_log] Program TokenkegQfeZyiNwAJbNbGKPFXCWuBvf9Ss623VQ5DA success
[2025-11-05T06:35:32.094799000Z DEBUG solana_runtime::message_processor::stable_log] Program ATokenGPvbdGVxr1b2hvZbsiqW5xWH25efTNsLJA8knL consumed 20460 of 200000 compute units
[2025-11-05T06:35:32.094808000Z DEBUG solana_runtime::message_processor::stable_log] Program ATokenGPvbdGVxr1b2hvZbsiqW5xWH25efTNsLJA8knL success
[2025-11-05T06:35:32.099663000Z DEBUG solana_runtime::message_processor::stable_log] Program TokenkegQfeZyiNwAJbNbGKPFXCWuBvf9Ss623VQ5DA invoke [1]
[2025-11-05T06:35:32.099897000Z DEBUG solana_runtime::message_processor::stable_log] Program log: Instruction: MintTo
[2025-11-05T06:35:32.099959000Z DEBUG solana_runtime::message_processor::stable_log] Program TokenkegQfeZyiNwAJbNbGKPFXCWuBvf9Ss623VQ5DA consumed 4491 of 200000 compute units
[2025-11-05T06:35:32.099970000Z DEBUG solana_runtime::message_processor::stable_log] Program TokenkegQfeZyiNwAJbNbGKPFXCWuBvf9Ss623VQ5DA success
[2025-11-05T06:35:32.107410000Z DEBUG solana_runtime::message_processor::stable_log] Program ATokenGPvbdGVxr1b2hvZbsiqW5xWH25efTNsLJA8knL invoke [1]
[2025-11-05T06:35:32.107516000Z DEBUG solana_runtime::message_processor::stable_log] Program log: Create
[2025-11-05T06:35:32.107565000Z DEBUG solana_runtime::message_processor::stable_log] Program TokenkegQfeZyiNwAJbNbGKPFXCWuBvf9Ss623VQ5DA invoke [2]
[2025-11-05T06:35:32.107592000Z DEBUG solana_runtime::message_processor::stable_log] Program log: Instruction: GetAccountDataSize
[2025-11-05T06:35:32.107608000Z DEBUG solana_runtime::message_processor::stable_log] Program TokenkegQfeZyiNwAJbNbGKPFXCWuBvf9Ss623VQ5DA consumed 1595 of 194555 compute units
[2025-11-05T06:35:32.107616000Z DEBUG solana_runtime::message_processor::stable_log] Program return: TokenkegQfeZyiNwAJbNbGKPFXCWuBvf9Ss623VQ5DA pQAAAAAAAAA=
[2025-11-05T06:35:32.107624000Z DEBUG solana_runtime::message_processor::stable_log] Program TokenkegQfeZyiNwAJbNbGKPFXCWuBvf9Ss623VQ5DA success
[2025-11-05T06:35:32.107677000Z DEBUG solana_runtime::message_processor::stable_log] Program 11111111111111111111111111111111 invoke [2]
[2025-11-05T06:35:32.107685000Z DEBUG solana_runtime::message_processor::stable_log] Program 11111111111111111111111111111111 success
[2025-11-05T06:35:32.107691000Z DEBUG solana_runtime::message_processor::stable_log] Program log: Initialize the associated token account
[2025-11-05T06:35:32.107709000Z DEBUG solana_runtime::message_processor::stable_log] Program TokenkegQfeZyiNwAJbNbGKPFXCWuBvf9Ss623VQ5DA invoke [2]
[2025-11-05T06:35:32.107729000Z DEBUG solana_runtime::message_processor::stable_log] Program log: Instruction: InitializeImmutableOwner
[2025-11-05T06:35:32.107740000Z DEBUG solana_runtime::message_processor::stable_log] Program log: Please upgrade to SPL Token 2022 for immutable owner support
[2025-11-05T06:35:32.107743000Z DEBUG solana_runtime::message_processor::stable_log] Program TokenkegQfeZyiNwAJbNbGKPFXCWuBvf9Ss623VQ5DA consumed 1405 of 187942 compute units
[2025-11-05T06:35:32.107750000Z DEBUG solana_runtime::message_processor::stable_log] Program TokenkegQfeZyiNwAJbNbGKPFXCWuBvf9Ss623VQ5DA success
[2025-11-05T06:35:32.107783000Z DEBUG solana_runtime::message_processor::stable_log] Program TokenkegQfeZyiNwAJbNbGKPFXCWuBvf9Ss623VQ5DA invoke [2]
[2025-11-05T06:35:32.107809000Z DEBUG solana_runtime::message_processor::stable_log] Program log: Instruction: InitializeAccount3
[2025-11-05T06:35:32.107861000Z DEBUG solana_runtime::message_processor::stable_log] Program TokenkegQfeZyiNwAJbNbGKPFXCWuBvf9Ss623VQ5DA consumed 4214 of 184058 compute units
[2025-11-05T06:35:32.107869000Z DEBUG solana_runtime::message_processor::stable_log] Program TokenkegQfeZyiNwAJbNbGKPFXCWuBvf9Ss623VQ5DA success
[2025-11-05T06:35:32.107881000Z DEBUG solana_runtime::message_processor::stable_log] Program ATokenGPvbdGVxr1b2hvZbsiqW5xWH25efTNsLJA8knL consumed 20460 of 200000 compute units
[2025-11-05T06:35:32.107889000Z DEBUG solana_runtime::message_processor::stable_log] Program ATokenGPvbdGVxr1b2hvZbsiqW5xWH25efTNsLJA8knL success
[2025-11-05T06:35:32.113168000Z DEBUG solana_runtime::message_processor::stable_log] Program TokenkegQfeZyiNwAJbNbGKPFXCWuBvf9Ss623VQ5DA invoke [1]
[2025-11-05T06:35:32.113235000Z DEBUG solana_runtime::message_processor::stable_log] Program log: Instruction: MintTo
[2025-11-05T06:35:32.113296000Z DEBUG solana_runtime::message_processor::stable_log] Program TokenkegQfeZyiNwAJbNbGKPFXCWuBvf9Ss623VQ5DA consumed 4491 of 200000 compute units
[2025-11-05T06:35:32.113305000Z DEBUG solana_runtime::message_processor::stable_log] Program TokenkegQfeZyiNwAJbNbGKPFXCWuBvf9Ss623VQ5DA success
[2025-11-05T06:35:32.120484000Z DEBUG solana_runtime::message_processor::stable_log] Program ATokenGPvbdGVxr1b2hvZbsiqW5xWH25efTNsLJA8knL invoke [1]
[2025-11-05T06:35:32.120552000Z DEBUG solana_runtime::message_processor::stable_log] Program log: Create
[2025-11-05T06:35:32.120602000Z DEBUG solana_runtime::message_processor::stable_log] Program TokenkegQfeZyiNwAJbNbGKPFXCWuBvf9Ss623VQ5DA invoke [2]
[2025-11-05T06:35:32.120675000Z DEBUG solana_runtime::message_processor::stable_log] Program log: Instruction: GetAccountDataSize
[2025-11-05T06:35:32.120693000Z DEBUG solana_runtime::message_processor::stable_log] Program TokenkegQfeZyiNwAJbNbGKPFXCWuBvf9Ss623VQ5DA consumed 1595 of 194555 compute units
[2025-11-05T06:35:32.120701000Z DEBUG solana_runtime::message_processor::stable_log] Program return: TokenkegQfeZyiNwAJbNbGKPFXCWuBvf9Ss623VQ5DA pQAAAAAAAAA=
[2025-11-05T06:35:32.120710000Z DEBUG solana_runtime::message_processor::stable_log] Program TokenkegQfeZyiNwAJbNbGKPFXCWuBvf9Ss623VQ5DA success
[2025-11-05T06:35:32.120766000Z DEBUG solana_runtime::message_processor::stable_log] Program 11111111111111111111111111111111 invoke [2]
[2025-11-05T06:35:32.120774000Z DEBUG solana_runtime::message_processor::stable_log] Program 11111111111111111111111111111111 success
[2025-11-05T06:35:32.120779000Z DEBUG solana_runtime::message_processor::stable_log] Program log: Initialize the associated token account
[2025-11-05T06:35:32.120797000Z DEBUG solana_runtime::message_processor::stable_log] Program TokenkegQfeZyiNwAJbNbGKPFXCWuBvf9Ss623VQ5DA invoke [2]
[2025-11-05T06:35:32.120818000Z DEBUG solana_runtime::message_processor::stable_log] Program log: Instruction: InitializeImmutableOwner
[2025-11-05T06:35:32.120829000Z DEBUG solana_runtime::message_processor::stable_log] Program log: Please upgrade to SPL Token 2022 for immutable owner support
[2025-11-05T06:35:32.120833000Z DEBUG solana_runtime::message_processor::stable_log] Program TokenkegQfeZyiNwAJbNbGKPFXCWuBvf9Ss623VQ5DA consumed 1405 of 187942 compute units
[2025-11-05T06:35:32.120840000Z DEBUG solana_runtime::message_processor::stable_log] Program TokenkegQfeZyiNwAJbNbGKPFXCWuBvf9Ss623VQ5DA success
[2025-11-05T06:35:32.120874000Z DEBUG solana_runtime::message_processor::stable_log] Program TokenkegQfeZyiNwAJbNbGKPFXCWuBvf9Ss623VQ5DA invoke [2]
[2025-11-05T06:35:32.120900000Z DEBUG solana_runtime::message_processor::stable_log] Program log: Instruction: InitializeAccount3
[2025-11-05T06:35:32.120953000Z DEBUG solana_runtime::message_processor::stable_log] Program TokenkegQfeZyiNwAJbNbGKPFXCWuBvf9Ss623VQ5DA consumed 4214 of 184058 compute units
[2025-11-05T06:35:32.120960000Z DEBUG solana_runtime::message_processor::stable_log] Program TokenkegQfeZyiNwAJbNbGKPFXCWuBvf9Ss623VQ5DA success
[2025-11-05T06:35:32.120972000Z DEBUG solana_runtime::message_processor::stable_log] Program ATokenGPvbdGVxr1b2hvZbsiqW5xWH25efTNsLJA8knL consumed 20460 of 200000 compute units
[2025-11-05T06:35:32.120981000Z DEBUG solana_runtime::message_processor::stable_log] Program ATokenGPvbdGVxr1b2hvZbsiqW5xWH25efTNsLJA8knL success
[2025-11-05T06:35:32.126860000Z DEBUG solana_runtime::message_processor::stable_log] Program TokenkegQfeZyiNwAJbNbGKPFXCWuBvf9Ss623VQ5DA invoke [1]
[2025-11-05T06:35:32.126909000Z DEBUG solana_runtime::message_processor::stable_log] Program log: Instruction: MintTo
[2025-11-05T06:35:32.126968000Z DEBUG solana_runtime::message_processor::stable_log] Program TokenkegQfeZyiNwAJbNbGKPFXCWuBvf9Ss623VQ5DA consumed 4491 of 200000 compute units
[2025-11-05T06:35:32.126978000Z DEBUG solana_runtime::message_processor::stable_log] Program TokenkegQfeZyiNwAJbNbGKPFXCWuBvf9Ss623VQ5DA success
[2025-11-05T06:35:32.146363000Z DEBUG solana_runtime::message_processor::stable_log] Program ASmKWt93JEMHxbdE6j7znD9y2FcdPboCzC3xtSTJvN7S invoke [1]
[2025-11-05T06:35:32.146432000Z DEBUG solana_runtime::message_processor::stable_log] Program log: Instruction: CreateConfig
[2025-11-05T06:35:32.146539000Z DEBUG solana_runtime::message_processor::stable_log] Program 11111111111111111111111111111111 invoke [2]
[2025-11-05T06:35:32.146561000Z DEBUG solana_runtime::message_processor::stable_log] Program 11111111111111111111111111111111 success
[2025-11-05T06:35:32.146727000Z DEBUG solana_runtime::message_processor::stable_log] Program ASmKWt93JEMHxbdE6j7znD9y2FcdPboCzC3xtSTJvN7S invoke [2]
[2025-11-05T06:35:32.146763000Z DEBUG solana_runtime::message_processor::stable_log] Program ASmKWt93JEMHxbdE6j7znD9y2FcdPboCzC3xtSTJvN7S consumed 2069 of 181598 compute units
[2025-11-05T06:35:32.146772000Z DEBUG solana_runtime::message_processor::stable_log] Program ASmKWt93JEMHxbdE6j7znD9y2FcdPboCzC3xtSTJvN7S success
[2025-11-05T06:35:32.146788000Z DEBUG solana_runtime::message_processor::stable_log] Program ASmKWt93JEMHxbdE6j7znD9y2FcdPboCzC3xtSTJvN7S consumed 20776 of 200000 compute units
[2025-11-05T06:35:32.146796000Z DEBUG solana_runtime::message_processor::stable_log] Program ASmKWt93JEMHxbdE6j7znD9y2FcdPboCzC3xtSTJvN7S success
[2025-11-05T06:35:32.180856000Z DEBUG solana_runtime::message_processor::stable_log] Program ASmKWt93JEMHxbdE6j7znD9y2FcdPboCzC3xtSTJvN7S invoke [1]
[2025-11-05T06:35:32.180971000Z DEBUG solana_runtime::message_processor::stable_log] Program log: Instruction: InitializePool
[2025-11-05T06:35:32.181153000Z DEBUG solana_runtime::message_processor::stable_log] Program 11111111111111111111111111111111 invoke [2]
[2025-11-05T06:35:32.181163000Z DEBUG solana_runtime::message_processor::stable_log] Program 11111111111111111111111111111111 success
[2025-11-05T06:35:32.181197000Z DEBUG solana_runtime::message_processor::stable_log] Program TokenzQdBNbLqP5VEhdkAS6EPFLC1PHnBqCXEpPxuEb invoke [2]
[2025-11-05T06:35:32.181229000Z DEBUG solana_runtime::message_processor::stable_log] Program log: MetadataPointerInstruction::Initialize
[2025-11-05T06:35:32.181265000Z DEBUG solana_runtime::message_processor::stable_log] Program TokenzQdBNbLqP5VEhdkAS6EPFLC1PHnBqCXEpPxuEb consumed 2442 of 334963 compute units
[2025-11-05T06:35:32.181274000Z DEBUG solana_runtime::message_processor::stable_log] Program TokenzQdBNbLqP5VEhdkAS6EPFLC1PHnBqCXEpPxuEb success
[2025-11-05T06:35:32.181304000Z DEBUG solana_runtime::message_processor::stable_log] Program TokenzQdBNbLqP5VEhdkAS6EPFLC1PHnBqCXEpPxuEb invoke [2]
[2025-11-05T06:35:32.181325000Z DEBUG solana_runtime::message_processor::stable_log] Program log: Instruction: InitializeMintCloseAuthority
[2025-11-05T06:35:32.181359000Z DEBUG solana_runtime::message_processor::stable_log] Program TokenzQdBNbLqP5VEhdkAS6EPFLC1PHnBqCXEpPxuEb consumed 2570 of 330543 compute units
[2025-11-05T06:35:32.181367000Z DEBUG solana_runtime::message_processor::stable_log] Program TokenzQdBNbLqP5VEhdkAS6EPFLC1PHnBqCXEpPxuEb success
[2025-11-05T06:35:32.181398000Z DEBUG solana_runtime::message_processor::stable_log] Program TokenzQdBNbLqP5VEhdkAS6EPFLC1PHnBqCXEpPxuEb invoke [2]
[2025-11-05T06:35:32.181420000Z DEBUG solana_runtime::message_processor::stable_log] Program log: Instruction: InitializeMint2
[2025-11-05T06:35:32.181479000Z DEBUG solana_runtime::message_processor::stable_log] Program TokenzQdBNbLqP5VEhdkAS6EPFLC1PHnBqCXEpPxuEb consumed 4078 of 326031 compute units
[2025-11-05T06:35:32.181488000Z DEBUG solana_runtime::message_processor::stable_log] Program TokenzQdBNbLqP5VEhdkAS6EPFLC1PHnBqCXEpPxuEb success
[2025-11-05T06:35:32.181634000Z DEBUG solana_runtime::message_processor::stable_log] Program 11111111111111111111111111111111 invoke [2]
[2025-11-05T06:35:32.181640000Z DEBUG solana_runtime::message_processor::stable_log] Program 11111111111111111111111111111111 success
[2025-11-05T06:35:32.181668000Z DEBUG solana_runtime::message_processor::stable_log] Program TokenzQdBNbLqP5VEhdkAS6EPFLC1PHnBqCXEpPxuEb invoke [2]
[2025-11-05T06:35:32.181696000Z DEBUG solana_runtime::message_processor::stable_log] Program log: Instruction: InitializeAccount3
[2025-11-05T06:35:32.181769000Z DEBUG solana_runtime::message_processor::stable_log] Program TokenzQdBNbLqP5VEhdkAS6EPFLC1PHnBqCXEpPxuEb consumed 5137 of 312347 compute units
[2025-11-05T06:35:32.181780000Z DEBUG solana_runtime::message_processor::stable_log] Program TokenzQdBNbLqP5VEhdkAS6EPFLC1PHnBqCXEpPxuEb success
[2025-11-05T06:35:32.181886000Z DEBUG solana_runtime::message_processor::stable_log] Program 11111111111111111111111111111111 invoke [2]
[2025-11-05T06:35:32.181891000Z DEBUG solana_runtime::message_processor::stable_log] Program 11111111111111111111111111111111 success
[2025-11-05T06:35:32.181972000Z DEBUG solana_runtime::message_processor::stable_log] Program 11111111111111111111111111111111 invoke [2]
[2025-11-05T06:35:32.181977000Z DEBUG solana_runtime::message_processor::stable_log] Program 11111111111111111111111111111111 success
[2025-11-05T06:35:32.182042000Z DEBUG solana_runtime::message_processor::stable_log] Program 11111111111111111111111111111111 invoke [2]
[2025-11-05T06:35:32.182045000Z DEBUG solana_runtime::message_processor::stable_log] Program 11111111111111111111111111111111 success
[2025-11-05T06:35:32.182071000Z DEBUG solana_runtime::message_processor::stable_log] Program TokenkegQfeZyiNwAJbNbGKPFXCWuBvf9Ss623VQ5DA invoke [2]
[2025-11-05T06:35:32.182104000Z DEBUG solana_runtime::message_processor::stable_log] Program log: Instruction: InitializeAccount3
[2025-11-05T06:35:32.182162000Z DEBUG solana_runtime::message_processor::stable_log] Program TokenkegQfeZyiNwAJbNbGKPFXCWuBvf9Ss623VQ5DA consumed 4214 of 284244 compute units
[2025-11-05T06:35:32.182170000Z DEBUG solana_runtime::message_processor::stable_log] Program TokenkegQfeZyiNwAJbNbGKPFXCWuBvf9Ss623VQ5DA success
[2025-11-05T06:35:32.182270000Z DEBUG solana_runtime::message_processor::stable_log] Program 11111111111111111111111111111111 invoke [2]
[2025-11-05T06:35:32.182274000Z DEBUG solana_runtime::message_processor::stable_log] Program 11111111111111111111111111111111 success
[2025-11-05T06:35:32.182310000Z DEBUG solana_runtime::message_processor::stable_log] Program TokenkegQfeZyiNwAJbNbGKPFXCWuBvf9Ss623VQ5DA invoke [2]
[2025-11-05T06:35:32.182357000Z DEBUG solana_runtime::message_processor::stable_log] Program log: Instruction: InitializeAccount3
[2025-11-05T06:35:32.182416000Z DEBUG solana_runtime::message_processor::stable_log] Program TokenkegQfeZyiNwAJbNbGKPFXCWuBvf9Ss623VQ5DA consumed 4214 of 269605 compute units
[2025-11-05T06:35:32.182423000Z DEBUG solana_runtime::message_processor::stable_log] Program TokenkegQfeZyiNwAJbNbGKPFXCWuBvf9Ss623VQ5DA success
[2025-11-05T06:35:32.182646000Z DEBUG solana_runtime::message_processor::stable_log] Program TokenzQdBNbLqP5VEhdkAS6EPFLC1PHnBqCXEpPxuEb invoke [2]
[2025-11-05T06:35:32.182698000Z DEBUG solana_runtime::message_processor::stable_log] Program log: TokenMetadataInstruction: Initialize
[2025-11-05T06:35:32.182824000Z DEBUG solana_runtime::message_processor::stable_log] Program TokenzQdBNbLqP5VEhdkAS6EPFLC1PHnBqCXEpPxuEb consumed 9900 of 253103 compute units
[2025-11-05T06:35:32.182834000Z DEBUG solana_runtime::message_processor::stable_log] Program TokenzQdBNbLqP5VEhdkAS6EPFLC1PHnBqCXEpPxuEb success
[2025-11-05T06:35:32.182891000Z DEBUG solana_runtime::message_processor::stable_log] Program 11111111111111111111111111111111 invoke [2]
[2025-11-05T06:35:32.182900000Z DEBUG solana_runtime::message_processor::stable_log] Program 11111111111111111111111111111111 success
[2025-11-05T06:35:32.182999000Z DEBUG solana_runtime::message_processor::stable_log] Program TokenzQdBNbLqP5VEhdkAS6EPFLC1PHnBqCXEpPxuEb invoke [2]
[2025-11-05T06:35:32.183181000Z DEBUG solana_runtime::message_processor::stable_log] Program log: Instruction: MintTo
[2025-11-05T06:35:32.183295000Z DEBUG solana_runtime::message_processor::stable_log] Program TokenzQdBNbLqP5VEhdkAS6EPFLC1PHnBqCXEpPxuEb consumed 5540 of 238141 compute units
[2025-11-05T06:35:32.183309000Z DEBUG solana_runtime::message_processor::stable_log] Program TokenzQdBNbLqP5VEhdkAS6EPFLC1PHnBqCXEpPxuEb success
[2025-11-05T06:35:32.183372000Z DEBUG solana_runtime::message_processor::stable_log] Program ASmKWt93JEMHxbdE6j7znD9y2FcdPboCzC3xtSTJvN7S invoke [2]
[2025-11-05T06:35:32.183409000Z DEBUG solana_runtime::message_processor::stable_log] Program ASmKWt93JEMHxbdE6j7znD9y2FcdPboCzC3xtSTJvN7S consumed 2069 of 229536 compute units
[2025-11-05T06:35:32.183417000Z DEBUG solana_runtime::message_processor::stable_log] Program ASmKWt93JEMHxbdE6j7znD9y2FcdPboCzC3xtSTJvN7S success
[2025-11-05T06:35:32.183496000Z DEBUG solana_runtime::message_processor::stable_log] Program TokenkegQfeZyiNwAJbNbGKPFXCWuBvf9Ss623VQ5DA invoke [2]
[2025-11-05T06:35:32.183533000Z DEBUG solana_runtime::message_processor::stable_log] Program log: Instruction: TransferChecked
[2025-11-05T06:35:32.183615000Z DEBUG solana_runtime::message_processor::stable_log] Program TokenkegQfeZyiNwAJbNbGKPFXCWuBvf9Ss623VQ5DA consumed 6174 of 224923 compute units
[2025-11-05T06:35:32.183627000Z DEBUG solana_runtime::message_processor::stable_log] Program TokenkegQfeZyiNwAJbNbGKPFXCWuBvf9Ss623VQ5DA success
[2025-11-05T06:35:32.183674000Z DEBUG solana_runtime::message_processor::stable_log] Program TokenkegQfeZyiNwAJbNbGKPFXCWuBvf9Ss623VQ5DA invoke [2]
[2025-11-05T06:35:32.183705000Z DEBUG solana_runtime::message_processor::stable_log] Program log: Instruction: TransferChecked
[2025-11-05T06:35:32.183778000Z DEBUG solana_runtime::message_processor::stable_log] Program TokenkegQfeZyiNwAJbNbGKPFXCWuBvf9Ss623VQ5DA consumed 6174 of 216339 compute units
[2025-11-05T06:35:32.183786000Z DEBUG solana_runtime::message_processor::stable_log] Program TokenkegQfeZyiNwAJbNbGKPFXCWuBvf9Ss623VQ5DA success
[2025-11-05T06:35:32.183863000Z DEBUG solana_runtime::message_processor::stable_log] Program ASmKWt93JEMHxbdE6j7znD9y2FcdPboCzC3xtSTJvN7S invoke [2]
[2025-11-05T06:35:32.183896000Z DEBUG solana_runtime::message_processor::stable_log] Program ASmKWt93JEMHxbdE6j7znD9y2FcdPboCzC3xtSTJvN7S consumed 2069 of 205084 compute units
[2025-11-05T06:35:32.183904000Z DEBUG solana_runtime::message_processor::stable_log] Program ASmKWt93JEMHxbdE6j7znD9y2FcdPboCzC3xtSTJvN7S success
[2025-11-05T06:35:32.183928000Z DEBUG solana_runtime::message_processor::stable_log] Program ASmKWt93JEMHxbdE6j7znD9y2FcdPboCzC3xtSTJvN7S consumed 147779 of 350000 compute units
[2025-11-05T06:35:32.183939000Z DEBUG solana_runtime::message_processor::stable_log] Program ASmKWt93JEMHxbdE6j7znD9y2FcdPboCzC3xtSTJvN7S success
[2025-11-05T06:35:32.183947000Z DEBUG solana_runtime::message_processor::stable_log] Program ComputeBudget111111111111111111111111111111 invoke [1]
[2025-11-05T06:35:32.183955000Z DEBUG solana_runtime::message_processor::stable_log] Program ComputeBudget111111111111111111111111111111 success
[2025-11-05T06:35:32.215214000Z DEBUG solana_runtime::message_processor::stable_log] Program ASmKWt93JEMHxbdE6j7znD9y2FcdPboCzC3xtSTJvN7S invoke [1]
[2025-11-05T06:35:32.215320000Z DEBUG solana_runtime::message_processor::stable_log] Program log: Instruction: CreatePosition
[2025-11-05T06:35:32.215394000Z DEBUG solana_runtime::message_processor::stable_log] Program 11111111111111111111111111111111 invoke [2]
[2025-11-05T06:35:32.215402000Z DEBUG solana_runtime::message_processor::stable_log] Program 11111111111111111111111111111111 success
[2025-11-05T06:35:32.215434000Z DEBUG solana_runtime::message_processor::stable_log] Program TokenzQdBNbLqP5VEhdkAS6EPFLC1PHnBqCXEpPxuEb invoke [2]
[2025-11-05T06:35:32.215470000Z DEBUG solana_runtime::message_processor::stable_log] Program log: MetadataPointerInstruction::Initialize
[2025-11-05T06:35:32.215503000Z DEBUG solana_runtime::message_processor::stable_log] Program TokenzQdBNbLqP5VEhdkAS6EPFLC1PHnBqCXEpPxuEb consumed 2442 of 191116 compute units
[2025-11-05T06:35:32.215513000Z DEBUG solana_runtime::message_processor::stable_log] Program TokenzQdBNbLqP5VEhdkAS6EPFLC1PHnBqCXEpPxuEb success
[2025-11-05T06:35:32.215542000Z DEBUG solana_runtime::message_processor::stable_log] Program TokenzQdBNbLqP5VEhdkAS6EPFLC1PHnBqCXEpPxuEb invoke [2]
[2025-11-05T06:35:32.215565000Z DEBUG solana_runtime::message_processor::stable_log] Program log: Instruction: InitializeMintCloseAuthority
[2025-11-05T06:35:32.215596000Z DEBUG solana_runtime::message_processor::stable_log] Program TokenzQdBNbLqP5VEhdkAS6EPFLC1PHnBqCXEpPxuEb consumed 2570 of 186696 compute units
[2025-11-05T06:35:32.215604000Z DEBUG solana_runtime::message_processor::stable_log] Program TokenzQdBNbLqP5VEhdkAS6EPFLC1PHnBqCXEpPxuEb success
[2025-11-05T06:35:32.215632000Z DEBUG solana_runtime::message_processor::stable_log] Program TokenzQdBNbLqP5VEhdkAS6EPFLC1PHnBqCXEpPxuEb invoke [2]
[2025-11-05T06:35:32.215655000Z DEBUG solana_runtime::message_processor::stable_log] Program log: Instruction: InitializeMint2
[2025-11-05T06:35:32.215713000Z DEBUG solana_runtime::message_processor::stable_log] Program TokenzQdBNbLqP5VEhdkAS6EPFLC1PHnBqCXEpPxuEb consumed 4078 of 182183 compute units
[2025-11-05T06:35:32.215720000Z DEBUG solana_runtime::message_processor::stable_log] Program TokenzQdBNbLqP5VEhdkAS6EPFLC1PHnBqCXEpPxuEb success
[2025-11-05T06:35:32.216527000Z DEBUG solana_runtime::message_processor::stable_log] Program 11111111111111111111111111111111 invoke [2]
[2025-11-05T06:35:32.216552000Z DEBUG solana_runtime::message_processor::stable_log] Program 11111111111111111111111111111111 success
[2025-11-05T06:35:32.216603000Z DEBUG solana_runtime::message_processor::stable_log] Program TokenzQdBNbLqP5VEhdkAS6EPFLC1PHnBqCXEpPxuEb invoke [2]
[2025-11-05T06:35:32.216665000Z DEBUG solana_runtime::message_processor::stable_log] Program log: Instruction: InitializeAccount3
[2025-11-05T06:35:32.216800000Z DEBUG solana_runtime::message_processor::stable_log] Program TokenzQdBNbLqP5VEhdkAS6EPFLC1PHnBqCXEpPxuEb consumed 5137 of 165499 compute units
[2025-11-05T06:35:32.216813000Z DEBUG solana_runtime::message_processor::stable_log] Program TokenzQdBNbLqP5VEhdkAS6EPFLC1PHnBqCXEpPxuEb success
[2025-11-05T06:35:32.216967000Z DEBUG solana_runtime::message_processor::stable_log] Program 11111111111111111111111111111111 invoke [2]
[2025-11-05T06:35:32.216976000Z DEBUG solana_runtime::message_processor::stable_log] Program 11111111111111111111111111111111 success
[2025-11-05T06:35:32.217691000Z DEBUG solana_runtime::message_processor::stable_log] Program TokenzQdBNbLqP5VEhdkAS6EPFLC1PHnBqCXEpPxuEb invoke [2]
[2025-11-05T06:35:32.217777000Z DEBUG solana_runtime::message_processor::stable_log] Program log: TokenMetadataInstruction: Initialize
[2025-11-05T06:35:32.217899000Z DEBUG solana_runtime::message_processor::stable_log] Program TokenzQdBNbLqP5VEhdkAS6EPFLC1PHnBqCXEpPxuEb consumed 9900 of 147269 compute units
[2025-11-05T06:35:32.217913000Z DEBUG solana_runtime::message_processor::stable_log] Program TokenzQdBNbLqP5VEhdkAS6EPFLC1PHnBqCXEpPxuEb success
[2025-11-05T06:35:32.217962000Z DEBUG solana_runtime::message_processor::stable_log] Program 11111111111111111111111111111111 invoke [2]
[2025-11-05T06:35:32.217967000Z DEBUG solana_runtime::message_processor::stable_log] Program 11111111111111111111111111111111 success
[2025-11-05T06:35:32.218011000Z DEBUG solana_runtime::message_processor::stable_log] Program TokenzQdBNbLqP5VEhdkAS6EPFLC1PHnBqCXEpPxuEb invoke [2]
[2025-11-05T06:35:32.218042000Z DEBUG solana_runtime::message_processor::stable_log] Program log: Instruction: MintTo
[2025-11-05T06:35:32.218117000Z DEBUG solana_runtime::message_processor::stable_log] Program TokenzQdBNbLqP5VEhdkAS6EPFLC1PHnBqCXEpPxuEb consumed 5540 of 132307 compute units
[2025-11-05T06:35:32.218125000Z DEBUG solana_runtime::message_processor::stable_log] Program TokenzQdBNbLqP5VEhdkAS6EPFLC1PHnBqCXEpPxuEb success
[2025-11-05T06:35:32.218179000Z DEBUG solana_runtime::message_processor::stable_log] Program ASmKWt93JEMHxbdE6j7znD9y2FcdPboCzC3xtSTJvN7S invoke [2]
[2025-11-05T06:35:32.218219000Z DEBUG solana_runtime::message_processor::stable_log] Program ASmKWt93JEMHxbdE6j7znD9y2FcdPboCzC3xtSTJvN7S consumed 2069 of 123701 compute units
[2025-11-05T06:35:32.218227000Z DEBUG solana_runtime::message_processor::stable_log] Program ASmKWt93JEMHxbdE6j7znD9y2FcdPboCzC3xtSTJvN7S success
[2025-11-05T06:35:32.218246000Z DEBUG solana_runtime::message_processor::stable_log] Program ASmKWt93JEMHxbdE6j7znD9y2FcdPboCzC3xtSTJvN7S consumed 78933 of 200000 compute units
[2025-11-05T06:35:32.218255000Z DEBUG solana_runtime::message_processor::stable_log] Program ASmKWt93JEMHxbdE6j7znD9y2FcdPboCzC3xtSTJvN7S success
[2025-11-05T06:35:32.254846000Z DEBUG solana_runtime::message_processor::stable_log] Program ASmKWt93JEMHxbdE6j7znD9y2FcdPboCzC3xtSTJvN7S invoke [1]
[2025-11-05T06:35:32.254983000Z DEBUG solana_runtime::message_processor::stable_log] Program log: Instruction: AddLiquidity
[2025-11-05T06:35:32.255278000Z DEBUG solana_runtime::message_processor::stable_log] Program TokenkegQfeZyiNwAJbNbGKPFXCWuBvf9Ss623VQ5DA invoke [2]
[2025-11-05T06:35:32.255323000Z DEBUG solana_runtime::message_processor::stable_log] Program log: Instruction: TransferChecked
[2025-11-05T06:35:32.255400000Z DEBUG solana_runtime::message_processor::stable_log] Program TokenkegQfeZyiNwAJbNbGKPFXCWuBvf9Ss623VQ5DA consumed 6174 of 178459 compute units
[2025-11-05T06:35:32.255412000Z DEBUG solana_runtime::message_processor::stable_log] Program TokenkegQfeZyiNwAJbNbGKPFXCWuBvf9Ss623VQ5DA success
[2025-11-05T06:35:32.255455000Z DEBUG solana_runtime::message_processor::stable_log] Program TokenkegQfeZyiNwAJbNbGKPFXCWuBvf9Ss623VQ5DA invoke [2]
[2025-11-05T06:35:32.255487000Z DEBUG solana_runtime::message_processor::stable_log] Program log: Instruction: TransferChecked
[2025-11-05T06:35:32.255559000Z DEBUG solana_runtime::message_processor::stable_log] Program TokenkegQfeZyiNwAJbNbGKPFXCWuBvf9Ss623VQ5DA consumed 6174 of 169875 compute units
[2025-11-05T06:35:32.255570000Z DEBUG solana_runtime::message_processor::stable_log] Program TokenkegQfeZyiNwAJbNbGKPFXCWuBvf9Ss623VQ5DA success
[2025-11-05T06:35:32.255621000Z DEBUG solana_runtime::message_processor::stable_log] Program ASmKWt93JEMHxbdE6j7znD9y2FcdPboCzC3xtSTJvN7S invoke [2]
[2025-11-05T06:35:32.255654000Z DEBUG solana_runtime::message_processor::stable_log] Program ASmKWt93JEMHxbdE6j7znD9y2FcdPboCzC3xtSTJvN7S consumed 2069 of 160447 compute units
[2025-11-05T06:35:32.255662000Z DEBUG solana_runtime::message_processor::stable_log] Program ASmKWt93JEMHxbdE6j7znD9y2FcdPboCzC3xtSTJvN7S success
[2025-11-05T06:35:32.255765000Z DEBUG solana_runtime::message_processor::stable_log] Program ASmKWt93JEMHxbdE6j7znD9y2FcdPboCzC3xtSTJvN7S invoke [2]
[2025-11-05T06:35:32.255793000Z DEBUG solana_runtime::message_processor::stable_log] Program ASmKWt93JEMHxbdE6j7znD9y2FcdPboCzC3xtSTJvN7S consumed 2069 of 151677 compute units
[2025-11-05T06:35:32.255800000Z DEBUG solana_runtime::message_processor::stable_log] Program ASmKWt93JEMHxbdE6j7znD9y2FcdPboCzC3xtSTJvN7S success
[2025-11-05T06:35:32.255821000Z DEBUG solana_runtime::message_processor::stable_log] Program ASmKWt93JEMHxbdE6j7znD9y2FcdPboCzC3xtSTJvN7S consumed 51033 of 200000 compute units
[2025-11-05T06:35:32.255831000Z DEBUG solana_runtime::message_processor::stable_log] Program ASmKWt93JEMHxbdE6j7znD9y2FcdPboCzC3xtSTJvN7S success
[2025-11-05T06:35:32.277712000Z DEBUG solana_runtime::message_processor::stable_log] Program ASmKWt93JEMHxbdE6j7znD9y2FcdPboCzC3xtSTJvN7S invoke [1]
[2025-11-05T06:35:32.277817000Z DEBUG solana_runtime::message_processor::stable_log] Program log: Instruction: Swap
[2025-11-05T06:35:32.278097000Z DEBUG solana_runtime::message_processor::stable_log] Program TokenkegQfeZyiNwAJbNbGKPFXCWuBvf9Ss623VQ5DA invoke [2]
[2025-11-05T06:35:32.278139000Z DEBUG solana_runtime::message_processor::stable_log] Program log: Instruction: TransferChecked
[2025-11-05T06:35:32.278214000Z DEBUG solana_runtime::message_processor::stable_log] Program TokenkegQfeZyiNwAJbNbGKPFXCWuBvf9Ss623VQ5DA consumed 6174 of 179168 compute units
[2025-11-05T06:35:32.278225000Z DEBUG solana_runtime::message_processor::stable_log] Program TokenkegQfeZyiNwAJbNbGKPFXCWuBvf9Ss623VQ5DA success
[2025-11-05T06:35:32.278327000Z DEBUG solana_runtime::message_processor::stable_log] Program TokenkegQfeZyiNwAJbNbGKPFXCWuBvf9Ss623VQ5DA invoke [2]
[2025-11-05T06:35:32.278362000Z DEBUG solana_runtime::message_processor::stable_log] Program log: Instruction: TransferChecked
[2025-11-05T06:35:32.278433000Z DEBUG solana_runtime::message_processor::stable_log] Program TokenkegQfeZyiNwAJbNbGKPFXCWuBvf9Ss623VQ5DA consumed 6269 of 170530 compute units
[2025-11-05T06:35:32.278443000Z DEBUG solana_runtime::message_processor::stable_log] Program TokenkegQfeZyiNwAJbNbGKPFXCWuBvf9Ss623VQ5DA success
[2025-11-05T06:35:32.278548000Z DEBUG solana_runtime::message_processor::stable_log] Program ASmKWt93JEMHxbdE6j7znD9y2FcdPboCzC3xtSTJvN7S invoke [2]
[2025-11-05T06:35:32.278580000Z DEBUG solana_runtime::message_processor::stable_log] Program ASmKWt93JEMHxbdE6j7znD9y2FcdPboCzC3xtSTJvN7S consumed 2069 of 157964 compute units
[2025-11-05T06:35:32.278587000Z DEBUG solana_runtime::message_processor::stable_log] Program ASmKWt93JEMHxbdE6j7znD9y2FcdPboCzC3xtSTJvN7S success
[2025-11-05T06:35:32.278666000Z DEBUG solana_runtime::message_processor::stable_log] Program ASmKWt93JEMHxbdE6j7znD9y2FcdPboCzC3xtSTJvN7S invoke [2]
[2025-11-05T06:35:32.278712000Z DEBUG solana_runtime::message_processor::stable_log] Program ASmKWt93JEMHxbdE6j7znD9y2FcdPboCzC3xtSTJvN7S consumed 2069 of 152266 compute units
[2025-11-05T06:35:32.278719000Z DEBUG solana_runtime::message_processor::stable_log] Program ASmKWt93JEMHxbdE6j7znD9y2FcdPboCzC3xtSTJvN7S success
[2025-11-05T06:35:32.278738000Z DEBUG solana_runtime::message_processor::stable_log] Program ASmKWt93JEMHxbdE6j7znD9y2FcdPboCzC3xtSTJvN7S consumed 50337 of 200000 compute units
[2025-11-05T06:35:32.278748000Z DEBUG solana_runtime::message_processor::stable_log] Program ASmKWt93JEMHxbdE6j7znD9y2FcdPboCzC3xtSTJvN7S success
      ✔ User swap A->B (51ms)
    Token 2022
[2025-11-05T06:35:32.280845000Z INFO  solana_program_test] "cp_amm" SBF program from ./target/deploy/cp_amm.so, modified 24 minutes, 39 seconds, 628 ms, 161 µs and 203 ns ago
[2025-11-05T06:35:32.280982000Z INFO  solana_program_test] "fee_router" SBF program from ./target/deploy/fee_router.so, modified 42 seconds, 365 ms, 242 µs and 331 ns ago
[2025-11-05T06:35:32.281102000Z INFO  solana_program_test] "transfer_hook_counter" SBF program from tests/fixtures/transfer_hook_counter.so, modified 3 weeks, 22 hours, 59 minutes, 7 seconds, 106 ms, 701 µs and 196 ns ago
[2025-11-05T06:35:32.281467000Z INFO  solana_program_test] "alpha_vault" SBF program from tests/fixtures/alpha_vault.so, modified 3 weeks, 22 hours, 59 minutes, 7 seconds, 107 ms, 751 µs and 72 ns ago
[2025-11-05T06:35:32.281764000Z INFO  solana_program_test] "streamflow" SBF program from tests/fixtures/streamflow.so, modified 3 weeks, 6 hours, 59 minutes, 16 seconds, 992 ms, 679 µs and 387 ns ago
[2025-11-05T06:35:32.282028000Z INFO  solana_program_test] "cp_amm" SBF program from ./target/deploy/cp_amm.so, modified 24 minutes, 39 seconds, 629 ms, 346 µs and 203 ns ago
[2025-11-05T06:35:32.282201000Z INFO  solana_program_test] "fee_router" SBF program from ./target/deploy/fee_router.so, modified 42 seconds, 366 ms, 460 µs and 331 ns ago
[2025-11-05T06:35:32.302444000Z INFO  solana_program_test] Overriding account at ASmKWt93JEMHxbdE6j7znD9y2FcdPboCzC3xtSTJvN7S
[2025-11-05T06:35:32.302457000Z INFO  solana_program_test] Overriding account at 5B57SJ3g2YoNXUpsZqqjEQkRSxyKtVTQRXdgAirz6bio
[2025-11-05T06:35:32.318226000Z DEBUG solana_runtime::message_processor::stable_log] Program 11111111111111111111111111111111 invoke [1]
[2025-11-05T06:35:32.318242000Z DEBUG solana_runtime::message_processor::stable_log] Program 11111111111111111111111111111111 success
[2025-11-05T06:35:32.324309000Z DEBUG solana_runtime::message_processor::stable_log] Program 11111111111111111111111111111111 invoke [1]
[2025-11-05T06:35:32.324322000Z DEBUG solana_runtime::message_processor::stable_log] Program 11111111111111111111111111111111 success
[2025-11-05T06:35:32.330014000Z DEBUG solana_runtime::message_processor::stable_log] Program 11111111111111111111111111111111 invoke [1]
[2025-11-05T06:35:32.330026000Z DEBUG solana_runtime::message_processor::stable_log] Program 11111111111111111111111111111111 success
[2025-11-05T06:35:32.341372000Z DEBUG solana_runtime::message_processor::stable_log] Program 11111111111111111111111111111111 invoke [1]
[2025-11-05T06:35:32.341388000Z DEBUG solana_runtime::message_processor::stable_log] Program 11111111111111111111111111111111 success
[2025-11-05T06:35:32.341393000Z DEBUG solana_runtime::message_processor::stable_log] Program TokenzQdBNbLqP5VEhdkAS6EPFLC1PHnBqCXEpPxuEb invoke [1]
[2025-11-05T06:35:32.341550000Z DEBUG solana_runtime::message_processor::stable_log] Program TokenzQdBNbLqP5VEhdkAS6EPFLC1PHnBqCXEpPxuEb consumed 3479 of 599850 compute units
[2025-11-05T06:35:32.341563000Z DEBUG solana_runtime::message_processor::stable_log] Program TokenzQdBNbLqP5VEhdkAS6EPFLC1PHnBqCXEpPxuEb success
[2025-11-05T06:35:32.341570000Z DEBUG solana_runtime::message_processor::stable_log] Program TokenzQdBNbLqP5VEhdkAS6EPFLC1PHnBqCXEpPxuEb invoke [1]
[2025-11-05T06:35:32.341596000Z DEBUG solana_runtime::message_processor::stable_log] Program log: Instruction: InitializeMint2
[2025-11-05T06:35:32.341653000Z DEBUG solana_runtime::message_processor::stable_log] Program TokenzQdBNbLqP5VEhdkAS6EPFLC1PHnBqCXEpPxuEb consumed 3868 of 596371 compute units
[2025-11-05T06:35:32.341661000Z DEBUG solana_runtime::message_processor::stable_log] Program TokenzQdBNbLqP5VEhdkAS6EPFLC1PHnBqCXEpPxuEb success
[2025-11-05T06:35:32.350453000Z DEBUG solana_runtime::message_processor::stable_log] Program 11111111111111111111111111111111 invoke [1]
[2025-11-05T06:35:32.350472000Z DEBUG solana_runtime::message_processor::stable_log] Program 11111111111111111111111111111111 success
[2025-11-05T06:35:32.350482000Z DEBUG solana_runtime::message_processor::stable_log] Program TokenzQdBNbLqP5VEhdkAS6EPFLC1PHnBqCXEpPxuEb invoke [1]
[2025-11-05T06:35:32.350755000Z DEBUG solana_runtime::message_processor::stable_log] Program TokenzQdBNbLqP5VEhdkAS6EPFLC1PHnBqCXEpPxuEb consumed 3479 of 599850 compute units
[2025-11-05T06:35:32.350800000Z DEBUG solana_runtime::message_processor::stable_log] Program TokenzQdBNbLqP5VEhdkAS6EPFLC1PHnBqCXEpPxuEb success
[2025-11-05T06:35:32.350815000Z DEBUG solana_runtime::message_processor::stable_log] Program TokenzQdBNbLqP5VEhdkAS6EPFLC1PHnBqCXEpPxuEb invoke [1]
[2025-11-05T06:35:32.350872000Z DEBUG solana_runtime::message_processor::stable_log] Program log: Instruction: InitializeMint2
[2025-11-05T06:35:32.351010000Z DEBUG solana_runtime::message_processor::stable_log] Program TokenzQdBNbLqP5VEhdkAS6EPFLC1PHnBqCXEpPxuEb consumed 3868 of 596371 compute units
[2025-11-05T06:35:32.351021000Z DEBUG solana_runtime::message_processor::stable_log] Program TokenzQdBNbLqP5VEhdkAS6EPFLC1PHnBqCXEpPxuEb success
[2025-11-05T06:35:32.357269000Z DEBUG solana_runtime::message_processor::stable_log] Program ATokenGPvbdGVxr1b2hvZbsiqW5xWH25efTNsLJA8knL invoke [1]
[2025-11-05T06:35:32.357349000Z DEBUG solana_runtime::message_processor::stable_log] Program log: Create
[2025-11-05T06:35:32.357409000Z DEBUG solana_runtime::message_processor::stable_log] Program TokenzQdBNbLqP5VEhdkAS6EPFLC1PHnBqCXEpPxuEb invoke [2]
[2025-11-05T06:35:32.357448000Z DEBUG solana_runtime::message_processor::stable_log] Program log: Instruction: GetAccountDataSize
[2025-11-05T06:35:32.357493000Z DEBUG solana_runtime::message_processor::stable_log] Program TokenzQdBNbLqP5VEhdkAS6EPFLC1PHnBqCXEpPxuEb consumed 2917 of 193142 compute units
[2025-11-05T06:35:32.357501000Z DEBUG solana_runtime::message_processor::stable_log] Program return: TokenzQdBNbLqP5VEhdkAS6EPFLC1PHnBqCXEpPxuEb tgAAAAAAAAA=
[2025-11-05T06:35:32.357509000Z DEBUG solana_runtime::message_processor::stable_log] Program TokenzQdBNbLqP5VEhdkAS6EPFLC1PHnBqCXEpPxuEb success
[2025-11-05T06:35:32.357564000Z DEBUG solana_runtime::message_processor::stable_log] Program 11111111111111111111111111111111 invoke [2]
[2025-11-05T06:35:32.357572000Z DEBUG solana_runtime::message_processor::stable_log] Program 11111111111111111111111111111111 success
[2025-11-05T06:35:32.357578000Z DEBUG solana_runtime::message_processor::stable_log] Program log: Initialize the associated token account
[2025-11-05T06:35:32.357595000Z DEBUG solana_runtime::message_processor::stable_log] Program TokenzQdBNbLqP5VEhdkAS6EPFLC1PHnBqCXEpPxuEb invoke [2]
[2025-11-05T06:35:32.357662000Z DEBUG solana_runtime::message_processor::stable_log] Program log: Instruction: InitializeImmutableOwner
[2025-11-05T06:35:32.357704000Z DEBUG solana_runtime::message_processor::stable_log] Program TokenzQdBNbLqP5VEhdkAS6EPFLC1PHnBqCXEpPxuEb consumed 1924 of 185295 compute units
[2025-11-05T06:35:32.357715000Z DEBUG solana_runtime::message_processor::stable_log] Program TokenzQdBNbLqP5VEhdkAS6EPFLC1PHnBqCXEpPxuEb success
[2025-11-05T06:35:32.357757000Z DEBUG solana_runtime::message_processor::stable_log] Program TokenzQdBNbLqP5VEhdkAS6EPFLC1PHnBqCXEpPxuEb invoke [2]
[2025-11-05T06:35:32.357790000Z DEBUG solana_runtime::message_processor::stable_log] Program log: Instruction: InitializeAccount3
[2025-11-05T06:35:32.357878000Z DEBUG solana_runtime::message_processor::stable_log] Program TokenzQdBNbLqP5VEhdkAS6EPFLC1PHnBqCXEpPxuEb consumed 5446 of 180981 compute units
[2025-11-05T06:35:32.357887000Z DEBUG solana_runtime::message_processor::stable_log] Program TokenzQdBNbLqP5VEhdkAS6EPFLC1PHnBqCXEpPxuEb success
[2025-11-05T06:35:32.357900000Z DEBUG solana_runtime::message_processor::stable_log] Program ATokenGPvbdGVxr1b2hvZbsiqW5xWH25efTNsLJA8knL consumed 24769 of 200000 compute units
[2025-11-05T06:35:32.357910000Z DEBUG solana_runtime::message_processor::stable_log] Program ATokenGPvbdGVxr1b2hvZbsiqW5xWH25efTNsLJA8knL success
[2025-11-05T06:35:32.362099000Z DEBUG solana_runtime::message_processor::stable_log] Program TokenzQdBNbLqP5VEhdkAS6EPFLC1PHnBqCXEpPxuEb invoke [1]
[2025-11-05T06:35:32.362190000Z DEBUG solana_runtime::message_processor::stable_log] Program log: Instruction: MintTo
[2025-11-05T06:35:32.362283000Z DEBUG solana_runtime::message_processor::stable_log] Program TokenzQdBNbLqP5VEhdkAS6EPFLC1PHnBqCXEpPxuEb consumed 5403 of 200000 compute units
[2025-11-05T06:35:32.362296000Z DEBUG solana_runtime::message_processor::stable_log] Program TokenzQdBNbLqP5VEhdkAS6EPFLC1PHnBqCXEpPxuEb success
[2025-11-05T06:35:32.368111000Z DEBUG solana_runtime::message_processor::stable_log] Program ATokenGPvbdGVxr1b2hvZbsiqW5xWH25efTNsLJA8knL invoke [1]
[2025-11-05T06:35:32.368216000Z DEBUG solana_runtime::message_processor::stable_log] Program log: Create
[2025-11-05T06:35:32.368267000Z DEBUG solana_runtime::message_processor::stable_log] Program TokenzQdBNbLqP5VEhdkAS6EPFLC1PHnBqCXEpPxuEb invoke [2]
[2025-11-05T06:35:32.368322000Z DEBUG solana_runtime::message_processor::stable_log] Program log: Instruction: GetAccountDataSize
[2025-11-05T06:35:32.368375000Z DEBUG solana_runtime::message_processor::stable_log] Program TokenzQdBNbLqP5VEhdkAS6EPFLC1PHnBqCXEpPxuEb consumed 2917 of 194642 compute units
[2025-11-05T06:35:32.368384000Z DEBUG solana_runtime::message_processor::stable_log] Program return: TokenzQdBNbLqP5VEhdkAS6EPFLC1PHnBqCXEpPxuEb tgAAAAAAAAA=
[2025-11-05T06:35:32.368395000Z DEBUG solana_runtime::message_processor::stable_log] Program TokenzQdBNbLqP5VEhdkAS6EPFLC1PHnBqCXEpPxuEb success
[2025-11-05T06:35:32.368479000Z DEBUG solana_runtime::message_processor::stable_log] Program 11111111111111111111111111111111 invoke [2]
[2025-11-05T06:35:32.368491000Z DEBUG solana_runtime::message_processor::stable_log] Program 11111111111111111111111111111111 success
[2025-11-05T06:35:32.368498000Z DEBUG solana_runtime::message_processor::stable_log] Program log: Initialize the associated token account
[2025-11-05T06:35:32.368519000Z DEBUG solana_runtime::message_processor::stable_log] Program TokenzQdBNbLqP5VEhdkAS6EPFLC1PHnBqCXEpPxuEb invoke [2]
[2025-11-05T06:35:32.368551000Z DEBUG solana_runtime::message_processor::stable_log] Program log: Instruction: InitializeImmutableOwner
[2025-11-05T06:35:32.368588000Z DEBUG solana_runtime::message_processor::stable_log] Program TokenzQdBNbLqP5VEhdkAS6EPFLC1PHnBqCXEpPxuEb consumed 1924 of 186795 compute units
[2025-11-05T06:35:32.368598000Z DEBUG solana_runtime::message_processor::stable_log] Program TokenzQdBNbLqP5VEhdkAS6EPFLC1PHnBqCXEpPxuEb success
[2025-11-05T06:35:32.368637000Z DEBUG solana_runtime::message_processor::stable_log] Program TokenzQdBNbLqP5VEhdkAS6EPFLC1PHnBqCXEpPxuEb invoke [2]
[2025-11-05T06:35:32.368694000Z DEBUG solana_runtime::message_processor::stable_log] Program log: Instruction: InitializeAccount3
[2025-11-05T06:35:32.368802000Z DEBUG solana_runtime::message_processor::stable_log] Program TokenzQdBNbLqP5VEhdkAS6EPFLC1PHnBqCXEpPxuEb consumed 5446 of 182481 compute units
[2025-11-05T06:35:32.368814000Z DEBUG solana_runtime::message_processor::stable_log] Program TokenzQdBNbLqP5VEhdkAS6EPFLC1PHnBqCXEpPxuEb success
[2025-11-05T06:35:32.368832000Z DEBUG solana_runtime::message_processor::stable_log] Program ATokenGPvbdGVxr1b2hvZbsiqW5xWH25efTNsLJA8knL consumed 23269 of 200000 compute units
[2025-11-05T06:35:32.368847000Z DEBUG solana_runtime::message_processor::stable_log] Program ATokenGPvbdGVxr1b2hvZbsiqW5xWH25efTNsLJA8knL success
[2025-11-05T06:35:32.374802000Z DEBUG solana_runtime::message_processor::stable_log] Program TokenzQdBNbLqP5VEhdkAS6EPFLC1PHnBqCXEpPxuEb invoke [1]
[2025-11-05T06:35:32.374871000Z DEBUG solana_runtime::message_processor::stable_log] Program log: Instruction: MintTo
[2025-11-05T06:35:32.374979000Z DEBUG solana_runtime::message_processor::stable_log] Program TokenzQdBNbLqP5VEhdkAS6EPFLC1PHnBqCXEpPxuEb consumed 5403 of 200000 compute units
[2025-11-05T06:35:32.374997000Z DEBUG solana_runtime::message_processor::stable_log] Program TokenzQdBNbLqP5VEhdkAS6EPFLC1PHnBqCXEpPxuEb success
[2025-11-05T06:35:32.383018000Z DEBUG solana_runtime::message_processor::stable_log] Program ATokenGPvbdGVxr1b2hvZbsiqW5xWH25efTNsLJA8knL invoke [1]
[2025-11-05T06:35:32.383115000Z DEBUG solana_runtime::message_processor::stable_log] Program log: Create
[2025-11-05T06:35:32.383188000Z DEBUG solana_runtime::message_processor::stable_log] Program TokenzQdBNbLqP5VEhdkAS6EPFLC1PHnBqCXEpPxuEb invoke [2]
[2025-11-05T06:35:32.383229000Z DEBUG solana_runtime::message_processor::stable_log] Program log: Instruction: GetAccountDataSize
[2025-11-05T06:35:32.383286000Z DEBUG solana_runtime::message_processor::stable_log] Program TokenzQdBNbLqP5VEhdkAS6EPFLC1PHnBqCXEpPxuEb consumed 2917 of 191642 compute units
[2025-11-05T06:35:32.383296000Z DEBUG solana_runtime::message_processor::stable_log] Program return: TokenzQdBNbLqP5VEhdkAS6EPFLC1PHnBqCXEpPxuEb tgAAAAAAAAA=
[2025-11-05T06:35:32.383306000Z DEBUG solana_runtime::message_processor::stable_log] Program TokenzQdBNbLqP5VEhdkAS6EPFLC1PHnBqCXEpPxuEb success
[2025-11-05T06:35:32.383371000Z DEBUG solana_runtime::message_processor::stable_log] Program 11111111111111111111111111111111 invoke [2]
[2025-11-05T06:35:32.383380000Z DEBUG solana_runtime::message_processor::stable_log] Program 11111111111111111111111111111111 success
[2025-11-05T06:35:32.383388000Z DEBUG solana_runtime::message_processor::stable_log] Program log: Initialize the associated token account
[2025-11-05T06:35:32.383426000Z DEBUG solana_runtime::message_processor::stable_log] Program TokenzQdBNbLqP5VEhdkAS6EPFLC1PHnBqCXEpPxuEb invoke [2]
[2025-11-05T06:35:32.383465000Z DEBUG solana_runtime::message_processor::stable_log] Program log: Instruction: InitializeImmutableOwner
[2025-11-05T06:35:32.383495000Z DEBUG solana_runtime::message_processor::stable_log] Program TokenzQdBNbLqP5VEhdkAS6EPFLC1PHnBqCXEpPxuEb consumed 1924 of 183795 compute units
[2025-11-05T06:35:32.383505000Z DEBUG solana_runtime::message_processor::stable_log] Program TokenzQdBNbLqP5VEhdkAS6EPFLC1PHnBqCXEpPxuEb success
[2025-11-05T06:35:32.383546000Z DEBUG solana_runtime::message_processor::stable_log] Program TokenzQdBNbLqP5VEhdkAS6EPFLC1PHnBqCXEpPxuEb invoke [2]
[2025-11-05T06:35:32.383582000Z DEBUG solana_runtime::message_processor::stable_log] Program log: Instruction: InitializeAccount3
[2025-11-05T06:35:32.383727000Z DEBUG solana_runtime::message_processor::stable_log] Program TokenzQdBNbLqP5VEhdkAS6EPFLC1PHnBqCXEpPxuEb consumed 5446 of 179481 compute units
[2025-11-05T06:35:32.383736000Z DEBUG solana_runtime::message_processor::stable_log] Program TokenzQdBNbLqP5VEhdkAS6EPFLC1PHnBqCXEpPxuEb success
[2025-11-05T06:35:32.383752000Z DEBUG solana_runtime::message_processor::stable_log] Program ATokenGPvbdGVxr1b2hvZbsiqW5xWH25efTNsLJA8knL consumed 26269 of 200000 compute units
[2025-11-05T06:35:32.383763000Z DEBUG solana_runtime::message_processor::stable_log] Program ATokenGPvbdGVxr1b2hvZbsiqW5xWH25efTNsLJA8knL success
[2025-11-05T06:35:32.390707000Z DEBUG solana_runtime::message_processor::stable_log] Program TokenzQdBNbLqP5VEhdkAS6EPFLC1PHnBqCXEpPxuEb invoke [1]
[2025-11-05T06:35:32.390775000Z DEBUG solana_runtime::message_processor::stable_log] Program log: Instruction: MintTo
[2025-11-05T06:35:32.390867000Z DEBUG solana_runtime::message_processor::stable_log] Program TokenzQdBNbLqP5VEhdkAS6EPFLC1PHnBqCXEpPxuEb consumed 5403 of 200000 compute units
[2025-11-05T06:35:32.390885000Z DEBUG solana_runtime::message_processor::stable_log] Program TokenzQdBNbLqP5VEhdkAS6EPFLC1PHnBqCXEpPxuEb success
[2025-11-05T06:35:32.396450000Z DEBUG solana_runtime::message_processor::stable_log] Program ATokenGPvbdGVxr1b2hvZbsiqW5xWH25efTNsLJA8knL invoke [1]
[2025-11-05T06:35:32.396536000Z DEBUG solana_runtime::message_processor::stable_log] Program log: Create
[2025-11-05T06:35:32.396615000Z DEBUG solana_runtime::message_processor::stable_log] Program TokenzQdBNbLqP5VEhdkAS6EPFLC1PHnBqCXEpPxuEb invoke [2]
[2025-11-05T06:35:32.396668000Z DEBUG solana_runtime::message_processor::stable_log] Program log: Instruction: GetAccountDataSize
[2025-11-05T06:35:32.396719000Z DEBUG solana_runtime::message_processor::stable_log] Program TokenzQdBNbLqP5VEhdkAS6EPFLC1PHnBqCXEpPxuEb consumed 2917 of 194642 compute units
[2025-11-05T06:35:32.396729000Z DEBUG solana_runtime::message_processor::stable_log] Program return: TokenzQdBNbLqP5VEhdkAS6EPFLC1PHnBqCXEpPxuEb tgAAAAAAAAA=
[2025-11-05T06:35:32.396751000Z DEBUG solana_runtime::message_processor::stable_log] Program TokenzQdBNbLqP5VEhdkAS6EPFLC1PHnBqCXEpPxuEb success
[2025-11-05T06:35:32.396819000Z DEBUG solana_runtime::message_processor::stable_log] Program 11111111111111111111111111111111 invoke [2]
[2025-11-05T06:35:32.396828000Z DEBUG solana_runtime::message_processor::stable_log] Program 11111111111111111111111111111111 success
[2025-11-05T06:35:32.396835000Z DEBUG solana_runtime::message_processor::stable_log] Program log: Initialize the associated token account
[2025-11-05T06:35:32.396855000Z DEBUG solana_runtime::message_processor::stable_log] Program TokenzQdBNbLqP5VEhdkAS6EPFLC1PHnBqCXEpPxuEb invoke [2]
[2025-11-05T06:35:32.396885000Z DEBUG solana_runtime::message_processor::stable_log] Program log: Instruction: InitializeImmutableOwner
[2025-11-05T06:35:32.396917000Z DEBUG solana_runtime::message_processor::stable_log] Program TokenzQdBNbLqP5VEhdkAS6EPFLC1PHnBqCXEpPxuEb consumed 1924 of 186795 compute units
[2025-11-05T06:35:32.396928000Z DEBUG solana_runtime::message_processor::stable_log] Program TokenzQdBNbLqP5VEhdkAS6EPFLC1PHnBqCXEpPxuEb success
[2025-11-05T06:35:32.396965000Z DEBUG solana_runtime::message_processor::stable_log] Program TokenzQdBNbLqP5VEhdkAS6EPFLC1PHnBqCXEpPxuEb invoke [2]
[2025-11-05T06:35:32.397022000Z DEBUG solana_runtime::message_processor::stable_log] Program log: Instruction: InitializeAccount3
[2025-11-05T06:35:32.397127000Z DEBUG solana_runtime::message_processor::stable_log] Program TokenzQdBNbLqP5VEhdkAS6EPFLC1PHnBqCXEpPxuEb consumed 5446 of 182481 compute units
[2025-11-05T06:35:32.397139000Z DEBUG solana_runtime::message_processor::stable_log] Program TokenzQdBNbLqP5VEhdkAS6EPFLC1PHnBqCXEpPxuEb success
[2025-11-05T06:35:32.397155000Z DEBUG solana_runtime::message_processor::stable_log] Program ATokenGPvbdGVxr1b2hvZbsiqW5xWH25efTNsLJA8knL consumed 23269 of 200000 compute units
[2025-11-05T06:35:32.397168000Z DEBUG solana_runtime::message_processor::stable_log] Program ATokenGPvbdGVxr1b2hvZbsiqW5xWH25efTNsLJA8knL success
[2025-11-05T06:35:32.402050000Z DEBUG solana_runtime::message_processor::stable_log] Program TokenzQdBNbLqP5VEhdkAS6EPFLC1PHnBqCXEpPxuEb invoke [1]
[2025-11-05T06:35:32.402162000Z DEBUG solana_runtime::message_processor::stable_log] Program log: Instruction: MintTo
[2025-11-05T06:35:32.402309000Z DEBUG solana_runtime::message_processor::stable_log] Program TokenzQdBNbLqP5VEhdkAS6EPFLC1PHnBqCXEpPxuEb consumed 5403 of 200000 compute units
[2025-11-05T06:35:32.402329000Z DEBUG solana_runtime::message_processor::stable_log] Program TokenzQdBNbLqP5VEhdkAS6EPFLC1PHnBqCXEpPxuEb success
[2025-11-05T06:35:32.418896000Z DEBUG solana_runtime::message_processor::stable_log] Program ASmKWt93JEMHxbdE6j7znD9y2FcdPboCzC3xtSTJvN7S invoke [1]
[2025-11-05T06:35:32.419056000Z DEBUG solana_runtime::message_processor::stable_log] Program log: Instruction: CreateConfig
[2025-11-05T06:35:32.419262000Z DEBUG solana_runtime::message_processor::stable_log] Program 11111111111111111111111111111111 invoke [2]
[2025-11-05T06:35:32.419279000Z DEBUG solana_runtime::message_processor::stable_log] Program 11111111111111111111111111111111 success
[2025-11-05T06:35:32.419415000Z DEBUG solana_runtime::message_processor::stable_log] Program ASmKWt93JEMHxbdE6j7znD9y2FcdPboCzC3xtSTJvN7S invoke [2]
[2025-11-05T06:35:32.419506000Z DEBUG solana_runtime::message_processor::stable_log] Program ASmKWt93JEMHxbdE6j7znD9y2FcdPboCzC3xtSTJvN7S consumed 2069 of 186098 compute units
[2025-11-05T06:35:32.419520000Z DEBUG solana_runtime::message_processor::stable_log] Program ASmKWt93JEMHxbdE6j7znD9y2FcdPboCzC3xtSTJvN7S success
[2025-11-05T06:35:32.419538000Z DEBUG solana_runtime::message_processor::stable_log] Program ASmKWt93JEMHxbdE6j7znD9y2FcdPboCzC3xtSTJvN7S consumed 16276 of 200000 compute units
[2025-11-05T06:35:32.419549000Z DEBUG solana_runtime::message_processor::stable_log] Program ASmKWt93JEMHxbdE6j7znD9y2FcdPboCzC3xtSTJvN7S success
[2025-11-05T06:35:32.448808000Z DEBUG solana_runtime::message_processor::stable_log] Program ASmKWt93JEMHxbdE6j7znD9y2FcdPboCzC3xtSTJvN7S invoke [1]
[2025-11-05T06:35:32.448971000Z DEBUG solana_runtime::message_processor::stable_log] Program log: Instruction: InitializePool
[2025-11-05T06:35:32.449164000Z DEBUG solana_runtime::message_processor::stable_log] Program 11111111111111111111111111111111 invoke [2]
[2025-11-05T06:35:32.449178000Z DEBUG solana_runtime::message_processor::stable_log] Program 11111111111111111111111111111111 success
[2025-11-05T06:35:32.449216000Z DEBUG solana_runtime::message_processor::stable_log] Program TokenzQdBNbLqP5VEhdkAS6EPFLC1PHnBqCXEpPxuEb invoke [2]
[2025-11-05T06:35:32.449279000Z DEBUG solana_runtime::message_processor::stable_log] Program log: MetadataPointerInstruction::Initialize
[2025-11-05T06:35:32.449325000Z DEBUG solana_runtime::message_processor::stable_log] Program TokenzQdBNbLqP5VEhdkAS6EPFLC1PHnBqCXEpPxuEb consumed 2442 of 334481 compute units
[2025-11-05T06:35:32.449337000Z DEBUG solana_runtime::message_processor::stable_log] Program TokenzQdBNbLqP5VEhdkAS6EPFLC1PHnBqCXEpPxuEb success
[2025-11-05T06:35:32.449378000Z DEBUG solana_runtime::message_processor::stable_log] Program TokenzQdBNbLqP5VEhdkAS6EPFLC1PHnBqCXEpPxuEb invoke [2]
[2025-11-05T06:35:32.449411000Z DEBUG solana_runtime::message_processor::stable_log] Program log: Instruction: InitializeMintCloseAuthority
[2025-11-05T06:35:32.449453000Z DEBUG solana_runtime::message_processor::stable_log] Program TokenzQdBNbLqP5VEhdkAS6EPFLC1PHnBqCXEpPxuEb consumed 2570 of 330061 compute units
[2025-11-05T06:35:32.449462000Z DEBUG solana_runtime::message_processor::stable_log] Program TokenzQdBNbLqP5VEhdkAS6EPFLC1PHnBqCXEpPxuEb success
[2025-11-05T06:35:32.449498000Z DEBUG solana_runtime::message_processor::stable_log] Program TokenzQdBNbLqP5VEhdkAS6EPFLC1PHnBqCXEpPxuEb invoke [2]
[2025-11-05T06:35:32.449528000Z DEBUG solana_runtime::message_processor::stable_log] Program log: Instruction: InitializeMint2
[2025-11-05T06:35:32.449603000Z DEBUG solana_runtime::message_processor::stable_log] Program TokenzQdBNbLqP5VEhdkAS6EPFLC1PHnBqCXEpPxuEb consumed 4078 of 325549 compute units
[2025-11-05T06:35:32.449612000Z DEBUG solana_runtime::message_processor::stable_log] Program TokenzQdBNbLqP5VEhdkAS6EPFLC1PHnBqCXEpPxuEb success
[2025-11-05T06:35:32.449765000Z DEBUG solana_runtime::message_processor::stable_log] Program 11111111111111111111111111111111 invoke [2]
[2025-11-05T06:35:32.449773000Z DEBUG solana_runtime::message_processor::stable_log] Program 11111111111111111111111111111111 success
[2025-11-05T06:35:32.449805000Z DEBUG solana_runtime::message_processor::stable_log] Program TokenzQdBNbLqP5VEhdkAS6EPFLC1PHnBqCXEpPxuEb invoke [2]
[2025-11-05T06:35:32.449839000Z DEBUG solana_runtime::message_processor::stable_log] Program log: Instruction: InitializeAccount3
[2025-11-05T06:35:32.449983000Z DEBUG solana_runtime::message_processor::stable_log] Program TokenzQdBNbLqP5VEhdkAS6EPFLC1PHnBqCXEpPxuEb consumed 5137 of 310365 compute units
[2025-11-05T06:35:32.450012000Z DEBUG solana_runtime::message_processor::stable_log] Program TokenzQdBNbLqP5VEhdkAS6EPFLC1PHnBqCXEpPxuEb success
[2025-11-05T06:35:32.450203000Z DEBUG solana_runtime::message_processor::stable_log] Program 11111111111111111111111111111111 invoke [2]
[2025-11-05T06:35:32.450218000Z DEBUG solana_runtime::message_processor::stable_log] Program 11111111111111111111111111111111 success
[2025-11-05T06:35:32.450392000Z DEBUG solana_runtime::message_processor::stable_log] Program 11111111111111111111111111111111 invoke [2]
[2025-11-05T06:35:32.450408000Z DEBUG solana_runtime::message_processor::stable_log] Program 11111111111111111111111111111111 success
[2025-11-05T06:35:32.450547000Z DEBUG solana_runtime::message_processor::stable_log] Program 11111111111111111111111111111111 invoke [2]
[2025-11-05T06:35:32.450554000Z DEBUG solana_runtime::message_processor::stable_log] Program 11111111111111111111111111111111 success
[2025-11-05T06:35:32.450604000Z DEBUG solana_runtime::message_processor::stable_log] Program TokenzQdBNbLqP5VEhdkAS6EPFLC1PHnBqCXEpPxuEb invoke [2]
[2025-11-05T06:35:32.450653000Z DEBUG solana_runtime::message_processor::stable_log] Program log: Instruction: InitializeAccount3
[2025-11-05T06:35:32.450750000Z DEBUG solana_runtime::message_processor::stable_log] Program TokenzQdBNbLqP5VEhdkAS6EPFLC1PHnBqCXEpPxuEb consumed 5379 of 282495 compute units
[2025-11-05T06:35:32.450761000Z DEBUG solana_runtime::message_processor::stable_log] Program TokenzQdBNbLqP5VEhdkAS6EPFLC1PHnBqCXEpPxuEb success
[2025-11-05T06:35:32.450927000Z DEBUG solana_runtime::message_processor::stable_log] Program 11111111111111111111111111111111 invoke [2]
[2025-11-05T06:35:32.450934000Z DEBUG solana_runtime::message_processor::stable_log] Program 11111111111111111111111111111111 success
[2025-11-05T06:35:32.450967000Z DEBUG solana_runtime::message_processor::stable_log] Program TokenzQdBNbLqP5VEhdkAS6EPFLC1PHnBqCXEpPxuEb invoke [2]
[2025-11-05T06:35:32.451002000Z DEBUG solana_runtime::message_processor::stable_log] Program log: Instruction: InitializeAccount3
[2025-11-05T06:35:32.451093000Z DEBUG solana_runtime::message_processor::stable_log] Program TokenzQdBNbLqP5VEhdkAS6EPFLC1PHnBqCXEpPxuEb consumed 5379 of 263910 compute units
[2025-11-05T06:35:32.451104000Z DEBUG solana_runtime::message_processor::stable_log] Program TokenzQdBNbLqP5VEhdkAS6EPFLC1PHnBqCXEpPxuEb success
[2025-11-05T06:35:32.451475000Z DEBUG solana_runtime::message_processor::stable_log] Program TokenzQdBNbLqP5VEhdkAS6EPFLC1PHnBqCXEpPxuEb invoke [2]
[2025-11-05T06:35:32.451601000Z DEBUG solana_runtime::message_processor::stable_log] Program log: TokenMetadataInstruction: Initialize
[2025-11-05T06:35:32.451745000Z DEBUG solana_runtime::message_processor::stable_log] Program TokenzQdBNbLqP5VEhdkAS6EPFLC1PHnBqCXEpPxuEb consumed 9900 of 243381 compute units
[2025-11-05T06:35:32.451755000Z DEBUG solana_runtime::message_processor::stable_log] Program TokenzQdBNbLqP5VEhdkAS6EPFLC1PHnBqCXEpPxuEb success
[2025-11-05T06:35:32.451804000Z DEBUG solana_runtime::message_processor::stable_log] Program 11111111111111111111111111111111 invoke [2]
[2025-11-05T06:35:32.451808000Z DEBUG solana_runtime::message_processor::stable_log] Program 11111111111111111111111111111111 success
[2025-11-05T06:35:32.451857000Z DEBUG solana_runtime::message_processor::stable_log] Program TokenzQdBNbLqP5VEhdkAS6EPFLC1PHnBqCXEpPxuEb invoke [2]
[2025-11-05T06:35:32.451898000Z DEBUG solana_runtime::message_processor::stable_log] Program log: Instruction: MintTo
[2025-11-05T06:35:32.451991000Z DEBUG solana_runtime::message_processor::stable_log] Program TokenzQdBNbLqP5VEhdkAS6EPFLC1PHnBqCXEpPxuEb consumed 5540 of 228419 compute units
[2025-11-05T06:35:32.452003000Z DEBUG solana_runtime::message_processor::stable_log] Program TokenzQdBNbLqP5VEhdkAS6EPFLC1PHnBqCXEpPxuEb success
[2025-11-05T06:35:32.452062000Z DEBUG solana_runtime::message_processor::stable_log] Program ASmKWt93JEMHxbdE6j7znD9y2FcdPboCzC3xtSTJvN7S invoke [2]
[2025-11-05T06:35:32.452104000Z DEBUG solana_runtime::message_processor::stable_log] Program ASmKWt93JEMHxbdE6j7znD9y2FcdPboCzC3xtSTJvN7S consumed 2069 of 219814 compute units
[2025-11-05T06:35:32.452115000Z DEBUG solana_runtime::message_processor::stable_log] Program ASmKWt93JEMHxbdE6j7znD9y2FcdPboCzC3xtSTJvN7S success
[2025-11-05T06:35:32.452272000Z DEBUG solana_runtime::message_processor::stable_log] Program TokenzQdBNbLqP5VEhdkAS6EPFLC1PHnBqCXEpPxuEb invoke [2]
[2025-11-05T06:35:32.452365000Z DEBUG solana_runtime::message_processor::stable_log] Program log: Instruction: TransferChecked
[2025-11-05T06:35:32.452632000Z DEBUG solana_runtime::message_processor::stable_log] Program TokenzQdBNbLqP5VEhdkAS6EPFLC1PHnBqCXEpPxuEb consumed 9156 of 211150 compute units
[2025-11-05T06:35:32.452646000Z DEBUG solana_runtime::message_processor::stable_log] Program TokenzQdBNbLqP5VEhdkAS6EPFLC1PHnBqCXEpPxuEb success
[2025-11-05T06:35:32.452697000Z DEBUG solana_runtime::message_processor::stable_log] Program TokenzQdBNbLqP5VEhdkAS6EPFLC1PHnBqCXEpPxuEb invoke [2]
[2025-11-05T06:35:32.452737000Z DEBUG solana_runtime::message_processor::stable_log] Program log: Instruction: TransferChecked
[2025-11-05T06:35:32.452890000Z DEBUG solana_runtime::message_processor::stable_log] Program TokenzQdBNbLqP5VEhdkAS6EPFLC1PHnBqCXEpPxuEb consumed 9156 of 199589 compute units
[2025-11-05T06:35:32.452900000Z DEBUG solana_runtime::message_processor::stable_log] Program TokenzQdBNbLqP5VEhdkAS6EPFLC1PHnBqCXEpPxuEb success
[2025-11-05T06:35:32.452986000Z DEBUG solana_runtime::message_processor::stable_log] Program ASmKWt93JEMHxbdE6j7znD9y2FcdPboCzC3xtSTJvN7S invoke [2]
[2025-11-05T06:35:32.453025000Z DEBUG solana_runtime::message_processor::stable_log] Program ASmKWt93JEMHxbdE6j7znD9y2FcdPboCzC3xtSTJvN7S consumed 2069 of 185352 compute units
[2025-11-05T06:35:32.453034000Z DEBUG solana_runtime::message_processor::stable_log] Program ASmKWt93JEMHxbdE6j7znD9y2FcdPboCzC3xtSTJvN7S success
[2025-11-05T06:35:32.453064000Z DEBUG solana_runtime::message_processor::stable_log] Program ASmKWt93JEMHxbdE6j7znD9y2FcdPboCzC3xtSTJvN7S consumed 167504 of 350000 compute units
[2025-11-05T06:35:32.453078000Z DEBUG solana_runtime::message_processor::stable_log] Program ASmKWt93JEMHxbdE6j7znD9y2FcdPboCzC3xtSTJvN7S success
[2025-11-05T06:35:32.453088000Z DEBUG solana_runtime::message_processor::stable_log] Program ComputeBudget111111111111111111111111111111 invoke [1]
[2025-11-05T06:35:32.453097000Z DEBUG solana_runtime::message_processor::stable_log] Program ComputeBudget111111111111111111111111111111 success
[2025-11-05T06:35:32.476714000Z DEBUG solana_runtime::message_processor::stable_log] Program ASmKWt93JEMHxbdE6j7znD9y2FcdPboCzC3xtSTJvN7S invoke [1]
[2025-11-05T06:35:32.476824000Z DEBUG solana_runtime::message_processor::stable_log] Program log: Instruction: CreatePosition
[2025-11-05T06:35:32.476907000Z DEBUG solana_runtime::message_processor::stable_log] Program 11111111111111111111111111111111 invoke [2]
[2025-11-05T06:35:32.476918000Z DEBUG solana_runtime::message_processor::stable_log] Program 11111111111111111111111111111111 success
[2025-11-05T06:35:32.476955000Z DEBUG solana_runtime::message_processor::stable_log] Program TokenzQdBNbLqP5VEhdkAS6EPFLC1PHnBqCXEpPxuEb invoke [2]
[2025-11-05T06:35:32.476999000Z DEBUG solana_runtime::message_processor::stable_log] Program log: MetadataPointerInstruction::Initialize
[2025-11-05T06:35:32.477037000Z DEBUG solana_runtime::message_processor::stable_log] Program TokenzQdBNbLqP5VEhdkAS6EPFLC1PHnBqCXEpPxuEb consumed 2442 of 191116 compute units
[2025-11-05T06:35:32.477050000Z DEBUG solana_runtime::message_processor::stable_log] Program TokenzQdBNbLqP5VEhdkAS6EPFLC1PHnBqCXEpPxuEb success
[2025-11-05T06:35:32.477083000Z DEBUG solana_runtime::message_processor::stable_log] Program TokenzQdBNbLqP5VEhdkAS6EPFLC1PHnBqCXEpPxuEb invoke [2]
[2025-11-05T06:35:32.477109000Z DEBUG solana_runtime::message_processor::stable_log] Program log: Instruction: InitializeMintCloseAuthority
[2025-11-05T06:35:32.477144000Z DEBUG solana_runtime::message_processor::stable_log] Program TokenzQdBNbLqP5VEhdkAS6EPFLC1PHnBqCXEpPxuEb consumed 2570 of 186696 compute units
[2025-11-05T06:35:32.477159000Z DEBUG solana_runtime::message_processor::stable_log] Program TokenzQdBNbLqP5VEhdkAS6EPFLC1PHnBqCXEpPxuEb success
[2025-11-05T06:35:32.477191000Z DEBUG solana_runtime::message_processor::stable_log] Program TokenzQdBNbLqP5VEhdkAS6EPFLC1PHnBqCXEpPxuEb invoke [2]
[2025-11-05T06:35:32.477221000Z DEBUG solana_runtime::message_processor::stable_log] Program log: Instruction: InitializeMint2
[2025-11-05T06:35:32.477403000Z DEBUG solana_runtime::message_processor::stable_log] Program TokenzQdBNbLqP5VEhdkAS6EPFLC1PHnBqCXEpPxuEb consumed 4078 of 182183 compute units
[2025-11-05T06:35:32.477415000Z DEBUG solana_runtime::message_processor::stable_log] Program TokenzQdBNbLqP5VEhdkAS6EPFLC1PHnBqCXEpPxuEb success
[2025-11-05T06:35:32.477549000Z DEBUG solana_runtime::message_processor::stable_log] Program 11111111111111111111111111111111 invoke [2]
[2025-11-05T06:35:32.477553000Z DEBUG solana_runtime::message_processor::stable_log] Program 11111111111111111111111111111111 success
[2025-11-05T06:35:32.477587000Z DEBUG solana_runtime::message_processor::stable_log] Program TokenzQdBNbLqP5VEhdkAS6EPFLC1PHnBqCXEpPxuEb invoke [2]
[2025-11-05T06:35:32.477622000Z DEBUG solana_runtime::message_processor::stable_log] Program log: Instruction: InitializeAccount3
[2025-11-05T06:35:32.477724000Z DEBUG solana_runtime::message_processor::stable_log] Program TokenzQdBNbLqP5VEhdkAS6EPFLC1PHnBqCXEpPxuEb consumed 5137 of 168499 compute units
[2025-11-05T06:35:32.477735000Z DEBUG solana_runtime::message_processor::stable_log] Program TokenzQdBNbLqP5VEhdkAS6EPFLC1PHnBqCXEpPxuEb success
[2025-11-05T06:35:32.477853000Z DEBUG solana_runtime::message_processor::stable_log] Program 11111111111111111111111111111111 invoke [2]
[2025-11-05T06:35:32.477859000Z DEBUG solana_runtime::message_processor::stable_log] Program 11111111111111111111111111111111 success
[2025-11-05T06:35:32.477969000Z DEBUG solana_runtime::message_processor::stable_log] Program TokenzQdBNbLqP5VEhdkAS6EPFLC1PHnBqCXEpPxuEb invoke [2]
[2025-11-05T06:35:32.478031000Z DEBUG solana_runtime::message_processor::stable_log] Program log: TokenMetadataInstruction: Initialize
[2025-11-05T06:35:32.478181000Z DEBUG solana_runtime::message_processor::stable_log] Program TokenzQdBNbLqP5VEhdkAS6EPFLC1PHnBqCXEpPxuEb consumed 9900 of 147269 compute units
[2025-11-05T06:35:32.478192000Z DEBUG solana_runtime::message_processor::stable_log] Program TokenzQdBNbLqP5VEhdkAS6EPFLC1PHnBqCXEpPxuEb success
[2025-11-05T06:35:32.478237000Z DEBUG solana_runtime::message_processor::stable_log] Program 11111111111111111111111111111111 invoke [2]
[2025-11-05T06:35:32.478240000Z DEBUG solana_runtime::message_processor::stable_log] Program 11111111111111111111111111111111 success
[2025-11-05T06:35:32.478282000Z DEBUG solana_runtime::message_processor::stable_log] Program TokenzQdBNbLqP5VEhdkAS6EPFLC1PHnBqCXEpPxuEb invoke [2]
[2025-11-05T06:35:32.478319000Z DEBUG solana_runtime::message_processor::stable_log] Program log: Instruction: MintTo
[2025-11-05T06:35:32.478398000Z DEBUG solana_runtime::message_processor::stable_log] Program TokenzQdBNbLqP5VEhdkAS6EPFLC1PHnBqCXEpPxuEb consumed 5540 of 132307 compute units
[2025-11-05T06:35:32.478425000Z DEBUG solana_runtime::message_processor::stable_log] Program TokenzQdBNbLqP5VEhdkAS6EPFLC1PHnBqCXEpPxuEb success
[2025-11-05T06:35:32.478500000Z DEBUG solana_runtime::message_processor::stable_log] Program ASmKWt93JEMHxbdE6j7znD9y2FcdPboCzC3xtSTJvN7S invoke [2]
[2025-11-05T06:35:32.478543000Z DEBUG solana_runtime::message_processor::stable_log] Program ASmKWt93JEMHxbdE6j7znD9y2FcdPboCzC3xtSTJvN7S consumed 2069 of 123701 compute units
[2025-11-05T06:35:32.478552000Z DEBUG solana_runtime::message_processor::stable_log] Program ASmKWt93JEMHxbdE6j7znD9y2FcdPboCzC3xtSTJvN7S success
[2025-11-05T06:35:32.478573000Z DEBUG solana_runtime::message_processor::stable_log] Program ASmKWt93JEMHxbdE6j7znD9y2FcdPboCzC3xtSTJvN7S consumed 78933 of 200000 compute units
[2025-11-05T06:35:32.478583000Z DEBUG solana_runtime::message_processor::stable_log] Program ASmKWt93JEMHxbdE6j7znD9y2FcdPboCzC3xtSTJvN7S success
[2025-11-05T06:35:32.526218000Z DEBUG solana_runtime::message_processor::stable_log] Program ASmKWt93JEMHxbdE6j7znD9y2FcdPboCzC3xtSTJvN7S invoke [1]
[2025-11-05T06:35:32.526335000Z DEBUG solana_runtime::message_processor::stable_log] Program log: Instruction: AddLiquidity
[2025-11-05T06:35:32.527468000Z DEBUG solana_runtime::message_processor::stable_log] Program TokenzQdBNbLqP5VEhdkAS6EPFLC1PHnBqCXEpPxuEb invoke [2]
[2025-11-05T06:35:32.527527000Z DEBUG solana_runtime::message_processor::stable_log] Program log: Instruction: TransferChecked
[2025-11-05T06:35:32.527806000Z DEBUG solana_runtime::message_processor::stable_log] Program TokenzQdBNbLqP5VEhdkAS6EPFLC1PHnBqCXEpPxuEb consumed 9167 of 173993 compute units
[2025-11-05T06:35:32.527824000Z DEBUG solana_runtime::message_processor::stable_log] Program TokenzQdBNbLqP5VEhdkAS6EPFLC1PHnBqCXEpPxuEb success
[2025-11-05T06:35:32.527880000Z DEBUG solana_runtime::message_processor::stable_log] Program TokenzQdBNbLqP5VEhdkAS6EPFLC1PHnBqCXEpPxuEb invoke [2]
[2025-11-05T06:35:32.527922000Z DEBUG solana_runtime::message_processor::stable_log] Program log: Instruction: TransferChecked
[2025-11-05T06:35:32.528066000Z DEBUG solana_runtime::message_processor::stable_log] Program TokenzQdBNbLqP5VEhdkAS6EPFLC1PHnBqCXEpPxuEb consumed 9167 of 162421 compute units
[2025-11-05T06:35:32.528077000Z DEBUG solana_runtime::message_processor::stable_log] Program TokenzQdBNbLqP5VEhdkAS6EPFLC1PHnBqCXEpPxuEb success
[2025-11-05T06:35:32.528138000Z DEBUG solana_runtime::message_processor::stable_log] Program ASmKWt93JEMHxbdE6j7znD9y2FcdPboCzC3xtSTJvN7S invoke [2]
[2025-11-05T06:35:32.528179000Z DEBUG solana_runtime::message_processor::stable_log] Program ASmKWt93JEMHxbdE6j7znD9y2FcdPboCzC3xtSTJvN7S consumed 2069 of 150000 compute units
[2025-11-05T06:35:32.528188000Z DEBUG solana_runtime::message_processor::stable_log] Program ASmKWt93JEMHxbdE6j7znD9y2FcdPboCzC3xtSTJvN7S success
[2025-11-05T06:35:32.528485000Z DEBUG solana_runtime::message_processor::stable_log] Program ASmKWt93JEMHxbdE6j7znD9y2FcdPboCzC3xtSTJvN7S invoke [2]
[2025-11-05T06:35:32.528524000Z DEBUG solana_runtime::message_processor::stable_log] Program ASmKWt93JEMHxbdE6j7znD9y2FcdPboCzC3xtSTJvN7S consumed 2069 of 141233 compute units
[2025-11-05T06:35:32.528702000Z DEBUG solana_runtime::message_processor::stable_log] Program ASmKWt93JEMHxbdE6j7znD9y2FcdPboCzC3xtSTJvN7S success
[2025-11-05T06:35:32.528734000Z DEBUG solana_runtime::message_processor::stable_log] Program ASmKWt93JEMHxbdE6j7znD9y2FcdPboCzC3xtSTJvN7S consumed 61477 of 200000 compute units
[2025-11-05T06:35:32.528748000Z DEBUG solana_runtime::message_processor::stable_log] Program ASmKWt93JEMHxbdE6j7znD9y2FcdPboCzC3xtSTJvN7S success
[2025-11-05T06:35:32.560125000Z DEBUG solana_runtime::message_processor::stable_log] Program ASmKWt93JEMHxbdE6j7znD9y2FcdPboCzC3xtSTJvN7S invoke [1]
[2025-11-05T06:35:32.560264000Z DEBUG solana_runtime::message_processor::stable_log] Program log: Instruction: Swap
[2025-11-05T06:35:32.560673000Z DEBUG solana_runtime::message_processor::stable_log] Program TokenzQdBNbLqP5VEhdkAS6EPFLC1PHnBqCXEpPxuEb invoke [2]
[2025-11-05T06:35:32.560726000Z DEBUG solana_runtime::message_processor::stable_log] Program log: Instruction: TransferChecked
[2025-11-05T06:35:32.560890000Z DEBUG solana_runtime::message_processor::stable_log] Program TokenzQdBNbLqP5VEhdkAS6EPFLC1PHnBqCXEpPxuEb consumed 9167 of 174361 compute units
[2025-11-05T06:35:32.560905000Z DEBUG solana_runtime::message_processor::stable_log] Program TokenzQdBNbLqP5VEhdkAS6EPFLC1PHnBqCXEpPxuEb success
[2025-11-05T06:35:32.560965000Z DEBUG solana_runtime::message_processor::stable_log] Program TokenzQdBNbLqP5VEhdkAS6EPFLC1PHnBqCXEpPxuEb invoke [2]
[2025-11-05T06:35:32.561002000Z DEBUG solana_runtime::message_processor::stable_log] Program log: Instruction: TransferChecked
[2025-11-05T06:35:32.561131000Z DEBUG solana_runtime::message_processor::stable_log] Program TokenzQdBNbLqP5VEhdkAS6EPFLC1PHnBqCXEpPxuEb consumed 9227 of 162735 compute units
[2025-11-05T06:35:32.561141000Z DEBUG solana_runtime::message_processor::stable_log] Program TokenzQdBNbLqP5VEhdkAS6EPFLC1PHnBqCXEpPxuEb success
[2025-11-05T06:35:32.561292000Z DEBUG solana_runtime::message_processor::stable_log] Program ASmKWt93JEMHxbdE6j7znD9y2FcdPboCzC3xtSTJvN7S invoke [2]
[2025-11-05T06:35:32.561353000Z DEBUG solana_runtime::message_processor::stable_log] Program ASmKWt93JEMHxbdE6j7znD9y2FcdPboCzC3xtSTJvN7S consumed 2069 of 147203 compute units
[2025-11-05T06:35:32.561361000Z DEBUG solana_runtime::message_processor::stable_log] Program ASmKWt93JEMHxbdE6j7znD9y2FcdPboCzC3xtSTJvN7S success
[2025-11-05T06:35:32.561423000Z DEBUG solana_runtime::message_processor::stable_log] Program ASmKWt93JEMHxbdE6j7znD9y2FcdPboCzC3xtSTJvN7S invoke [2]
[2025-11-05T06:35:32.561472000Z DEBUG solana_runtime::message_processor::stable_log] Program ASmKWt93JEMHxbdE6j7znD9y2FcdPboCzC3xtSTJvN7S consumed 2069 of 141505 compute units
[2025-11-05T06:35:32.561481000Z DEBUG solana_runtime::message_processor::stable_log] Program ASmKWt93JEMHxbdE6j7znD9y2FcdPboCzC3xtSTJvN7S success
[2025-11-05T06:35:32.561502000Z DEBUG solana_runtime::message_processor::stable_log] Program ASmKWt93JEMHxbdE6j7znD9y2FcdPboCzC3xtSTJvN7S consumed 61098 of 200000 compute units
[2025-11-05T06:35:32.561512000Z DEBUG solana_runtime::message_processor::stable_log] Program ASmKWt93JEMHxbdE6j7znD9y2FcdPboCzC3xtSTJvN7S success
      ✔ User swap A->B (76ms)
      Swap2
        SwapExactIn
[2025-11-05T06:35:32.564026000Z INFO  solana_program_test] "cp_amm" SBF program from ./target/deploy/cp_amm.so, modified 24 minutes, 39 seconds, 911 ms, 340 µs and 203 ns ago
[2025-11-05T06:35:32.564322000Z INFO  solana_program_test] "fee_router" SBF program from ./target/deploy/fee_router.so, modified 42 seconds, 648 ms, 579 µs and 331 ns ago
[2025-11-05T06:35:32.564550000Z INFO  solana_program_test] "transfer_hook_counter" SBF program from tests/fixtures/transfer_hook_counter.so, modified 3 weeks, 22 hours, 59 minutes, 7 seconds, 390 ms, 147 µs and 196 ns ago
[2025-11-05T06:35:32.564801000Z INFO  solana_program_test] "alpha_vault" SBF program from tests/fixtures/alpha_vault.so, modified 3 weeks, 22 hours, 59 minutes, 7 seconds, 391 ms, 87 µs and 72 ns ago
[2025-11-05T06:35:32.565148000Z INFO  solana_program_test] "streamflow" SBF program from tests/fixtures/streamflow.so, modified 3 weeks, 6 hours, 59 minutes, 17 seconds, 276 ms, 60 µs and 387 ns ago
[2025-11-05T06:35:32.565531000Z INFO  solana_program_test] "cp_amm" SBF program from ./target/deploy/cp_amm.so, modified 24 minutes, 39 seconds, 912 ms, 849 µs and 203 ns ago
[2025-11-05T06:35:32.565683000Z INFO  solana_program_test] "fee_router" SBF program from ./target/deploy/fee_router.so, modified 42 seconds, 649 ms, 942 µs and 331 ns ago
[2025-11-05T06:35:32.599916000Z INFO  solana_program_test] Overriding account at ASmKWt93JEMHxbdE6j7znD9y2FcdPboCzC3xtSTJvN7S
[2025-11-05T06:35:32.599932000Z INFO  solana_program_test] Overriding account at 5B57SJ3g2YoNXUpsZqqjEQkRSxyKtVTQRXdgAirz6bio
[2025-11-05T06:35:32.622128000Z DEBUG solana_runtime::message_processor::stable_log] Program 11111111111111111111111111111111 invoke [1]
[2025-11-05T06:35:32.622145000Z DEBUG solana_runtime::message_processor::stable_log] Program 11111111111111111111111111111111 success
[2025-11-05T06:35:32.627399000Z DEBUG solana_runtime::message_processor::stable_log] Program 11111111111111111111111111111111 invoke [1]
[2025-11-05T06:35:32.627515000Z DEBUG solana_runtime::message_processor::stable_log] Program 11111111111111111111111111111111 success
[2025-11-05T06:35:32.635971000Z DEBUG solana_runtime::message_processor::stable_log] Program 11111111111111111111111111111111 invoke [1]
[2025-11-05T06:35:32.635987000Z DEBUG solana_runtime::message_processor::stable_log] Program 11111111111111111111111111111111 success
[2025-11-05T06:35:32.656765000Z DEBUG solana_runtime::message_processor::stable_log] Program 11111111111111111111111111111111 invoke [1]
[2025-11-05T06:35:32.656785000Z DEBUG solana_runtime::message_processor::stable_log] Program 11111111111111111111111111111111 success
[2025-11-05T06:35:32.656790000Z DEBUG solana_runtime::message_processor::stable_log] Program TokenzQdBNbLqP5VEhdkAS6EPFLC1PHnBqCXEpPxuEb invoke [1]
[2025-11-05T06:35:32.657393000Z DEBUG solana_runtime::message_processor::stable_log] Program TokenzQdBNbLqP5VEhdkAS6EPFLC1PHnBqCXEpPxuEb consumed 3479 of 599850 compute units
[2025-11-05T06:35:32.657411000Z DEBUG solana_runtime::message_processor::stable_log] Program TokenzQdBNbLqP5VEhdkAS6EPFLC1PHnBqCXEpPxuEb success
[2025-11-05T06:35:32.657421000Z DEBUG solana_runtime::message_processor::stable_log] Program TokenzQdBNbLqP5VEhdkAS6EPFLC1PHnBqCXEpPxuEb invoke [1]
[2025-11-05T06:35:32.657458000Z DEBUG solana_runtime::message_processor::stable_log] Program log: Instruction: InitializeMint2
[2025-11-05T06:35:32.657529000Z DEBUG solana_runtime::message_processor::stable_log] Program TokenzQdBNbLqP5VEhdkAS6EPFLC1PHnBqCXEpPxuEb consumed 3868 of 596371 compute units
[2025-11-05T06:35:32.657538000Z DEBUG solana_runtime::message_processor::stable_log] Program TokenzQdBNbLqP5VEhdkAS6EPFLC1PHnBqCXEpPxuEb success
[2025-11-05T06:35:32.669597000Z DEBUG solana_runtime::message_processor::stable_log] Program 11111111111111111111111111111111 invoke [1]
[2025-11-05T06:35:32.669620000Z DEBUG solana_runtime::message_processor::stable_log] Program 11111111111111111111111111111111 success
[2025-11-05T06:35:32.669626000Z DEBUG solana_runtime::message_processor::stable_log] Program TokenzQdBNbLqP5VEhdkAS6EPFLC1PHnBqCXEpPxuEb invoke [1]
[2025-11-05T06:35:32.669820000Z DEBUG solana_runtime::message_processor::stable_log] Program TokenzQdBNbLqP5VEhdkAS6EPFLC1PHnBqCXEpPxuEb consumed 3479 of 599850 compute units
[2025-11-05T06:35:32.669833000Z DEBUG solana_runtime::message_processor::stable_log] Program TokenzQdBNbLqP5VEhdkAS6EPFLC1PHnBqCXEpPxuEb success
[2025-11-05T06:35:32.669842000Z DEBUG solana_runtime::message_processor::stable_log] Program TokenzQdBNbLqP5VEhdkAS6EPFLC1PHnBqCXEpPxuEb invoke [1]
[2025-11-05T06:35:32.669875000Z DEBUG solana_runtime::message_processor::stable_log] Program log: Instruction: InitializeMint2
[2025-11-05T06:35:32.669948000Z DEBUG solana_runtime::message_processor::stable_log] Program TokenzQdBNbLqP5VEhdkAS6EPFLC1PHnBqCXEpPxuEb consumed 3868 of 596371 compute units
[2025-11-05T06:35:32.669960000Z DEBUG solana_runtime::message_processor::stable_log] Program TokenzQdBNbLqP5VEhdkAS6EPFLC1PHnBqCXEpPxuEb success
[2025-11-05T06:35:32.678833000Z DEBUG solana_runtime::message_processor::stable_log] Program ATokenGPvbdGVxr1b2hvZbsiqW5xWH25efTNsLJA8knL invoke [1]
[2025-11-05T06:35:32.678928000Z DEBUG solana_runtime::message_processor::stable_log] Program log: Create
[2025-11-05T06:35:32.678998000Z DEBUG solana_runtime::message_processor::stable_log] Program TokenzQdBNbLqP5VEhdkAS6EPFLC1PHnBqCXEpPxuEb invoke [2]
[2025-11-05T06:35:32.679049000Z DEBUG solana_runtime::message_processor::stable_log] Program log: Instruction: GetAccountDataSize
[2025-11-05T06:35:32.679164000Z DEBUG solana_runtime::message_processor::stable_log] Program TokenzQdBNbLqP5VEhdkAS6EPFLC1PHnBqCXEpPxuEb consumed 2917 of 193142 compute units
[2025-11-05T06:35:32.679181000Z DEBUG solana_runtime::message_processor::stable_log] Program return: TokenzQdBNbLqP5VEhdkAS6EPFLC1PHnBqCXEpPxuEb tgAAAAAAAAA=
[2025-11-05T06:35:32.679193000Z DEBUG solana_runtime::message_processor::stable_log] Program TokenzQdBNbLqP5VEhdkAS6EPFLC1PHnBqCXEpPxuEb success
[2025-11-05T06:35:32.679267000Z DEBUG solana_runtime::message_processor::stable_log] Program 11111111111111111111111111111111 invoke [2]
[2025-11-05T06:35:32.679276000Z DEBUG solana_runtime::message_processor::stable_log] Program 11111111111111111111111111111111 success
[2025-11-05T06:35:32.679283000Z DEBUG solana_runtime::message_processor::stable_log] Program log: Initialize the associated token account
[2025-11-05T06:35:32.679305000Z DEBUG solana_runtime::message_processor::stable_log] Program TokenzQdBNbLqP5VEhdkAS6EPFLC1PHnBqCXEpPxuEb invoke [2]
[2025-11-05T06:35:32.679337000Z DEBUG solana_runtime::message_processor::stable_log] Program log: Instruction: InitializeImmutableOwner
[2025-11-05T06:35:32.679368000Z DEBUG solana_runtime::message_processor::stable_log] Program TokenzQdBNbLqP5VEhdkAS6EPFLC1PHnBqCXEpPxuEb consumed 1924 of 185295 compute units
[2025-11-05T06:35:32.679379000Z DEBUG solana_runtime::message_processor::stable_log] Program TokenzQdBNbLqP5VEhdkAS6EPFLC1PHnBqCXEpPxuEb success
[2025-11-05T06:35:32.679422000Z DEBUG solana_runtime::message_processor::stable_log] Program TokenzQdBNbLqP5VEhdkAS6EPFLC1PHnBqCXEpPxuEb invoke [2]
[2025-11-05T06:35:32.679456000Z DEBUG solana_runtime::message_processor::stable_log] Program log: Instruction: InitializeAccount3
[2025-11-05T06:35:32.679566000Z DEBUG solana_runtime::message_processor::stable_log] Program TokenzQdBNbLqP5VEhdkAS6EPFLC1PHnBqCXEpPxuEb consumed 5446 of 180981 compute units
[2025-11-05T06:35:32.679866000Z DEBUG solana_runtime::message_processor::stable_log] Program TokenzQdBNbLqP5VEhdkAS6EPFLC1PHnBqCXEpPxuEb success
[2025-11-05T06:35:32.679890000Z DEBUG solana_runtime::message_processor::stable_log] Program ATokenGPvbdGVxr1b2hvZbsiqW5xWH25efTNsLJA8knL consumed 24769 of 200000 compute units
[2025-11-05T06:35:32.679902000Z DEBUG solana_runtime::message_processor::stable_log] Program ATokenGPvbdGVxr1b2hvZbsiqW5xWH25efTNsLJA8knL success
[2025-11-05T06:35:32.685311000Z DEBUG solana_runtime::message_processor::stable_log] Program TokenzQdBNbLqP5VEhdkAS6EPFLC1PHnBqCXEpPxuEb invoke [1]
[2025-11-05T06:35:32.685370000Z DEBUG solana_runtime::message_processor::stable_log] Program log: Instruction: MintTo
[2025-11-05T06:35:32.685511000Z DEBUG solana_runtime::message_processor::stable_log] Program TokenzQdBNbLqP5VEhdkAS6EPFLC1PHnBqCXEpPxuEb consumed 5403 of 200000 compute units
[2025-11-05T06:35:32.685527000Z DEBUG solana_runtime::message_processor::stable_log] Program TokenzQdBNbLqP5VEhdkAS6EPFLC1PHnBqCXEpPxuEb success
[2025-11-05T06:35:32.693018000Z DEBUG solana_runtime::message_processor::stable_log] Program ATokenGPvbdGVxr1b2hvZbsiqW5xWH25efTNsLJA8knL invoke [1]
[2025-11-05T06:35:32.693102000Z DEBUG solana_runtime::message_processor::stable_log] Program log: Create
[2025-11-05T06:35:32.693171000Z DEBUG solana_runtime::message_processor::stable_log] Program TokenzQdBNbLqP5VEhdkAS6EPFLC1PHnBqCXEpPxuEb invoke [2]
[2025-11-05T06:35:32.693215000Z DEBUG solana_runtime::message_processor::stable_log] Program log: Instruction: GetAccountDataSize
[2025-11-05T06:35:32.693291000Z DEBUG solana_runtime::message_processor::stable_log] Program TokenzQdBNbLqP5VEhdkAS6EPFLC1PHnBqCXEpPxuEb consumed 2917 of 193142 compute units
[2025-11-05T06:35:32.693331000Z DEBUG solana_runtime::message_processor::stable_log] Program return: TokenzQdBNbLqP5VEhdkAS6EPFLC1PHnBqCXEpPxuEb tgAAAAAAAAA=
[2025-11-05T06:35:32.693343000Z DEBUG solana_runtime::message_processor::stable_log] Program TokenzQdBNbLqP5VEhdkAS6EPFLC1PHnBqCXEpPxuEb success
[2025-11-05T06:35:32.693417000Z DEBUG solana_runtime::message_processor::stable_log] Program 11111111111111111111111111111111 invoke [2]
[2025-11-05T06:35:32.693431000Z DEBUG solana_runtime::message_processor::stable_log] Program 11111111111111111111111111111111 success
[2025-11-05T06:35:32.693438000Z DEBUG solana_runtime::message_processor::stable_log] Program log: Initialize the associated token account
[2025-11-05T06:35:32.693461000Z DEBUG solana_runtime::message_processor::stable_log] Program TokenzQdBNbLqP5VEhdkAS6EPFLC1PHnBqCXEpPxuEb invoke [2]
[2025-11-05T06:35:32.693493000Z DEBUG solana_runtime::message_processor::stable_log] Program log: Instruction: InitializeImmutableOwner
[2025-11-05T06:35:32.693525000Z DEBUG solana_runtime::message_processor::stable_log] Program TokenzQdBNbLqP5VEhdkAS6EPFLC1PHnBqCXEpPxuEb consumed 1924 of 185295 compute units
[2025-11-05T06:35:32.693537000Z DEBUG solana_runtime::message_processor::stable_log] Program TokenzQdBNbLqP5VEhdkAS6EPFLC1PHnBqCXEpPxuEb success
[2025-11-05T06:35:32.693580000Z DEBUG solana_runtime::message_processor::stable_log] Program TokenzQdBNbLqP5VEhdkAS6EPFLC1PHnBqCXEpPxuEb invoke [2]
[2025-11-05T06:35:32.693629000Z DEBUG solana_runtime::message_processor::stable_log] Program log: Instruction: InitializeAccount3
[2025-11-05T06:35:32.693815000Z DEBUG solana_runtime::message_processor::stable_log] Program TokenzQdBNbLqP5VEhdkAS6EPFLC1PHnBqCXEpPxuEb consumed 5446 of 180981 compute units
[2025-11-05T06:35:32.693841000Z DEBUG solana_runtime::message_processor::stable_log] Program TokenzQdBNbLqP5VEhdkAS6EPFLC1PHnBqCXEpPxuEb success
[2025-11-05T06:35:32.693867000Z DEBUG solana_runtime::message_processor::stable_log] Program ATokenGPvbdGVxr1b2hvZbsiqW5xWH25efTNsLJA8knL consumed 24769 of 200000 compute units
[2025-11-05T06:35:32.693880000Z DEBUG solana_runtime::message_processor::stable_log] Program ATokenGPvbdGVxr1b2hvZbsiqW5xWH25efTNsLJA8knL success
[2025-11-05T06:35:32.699210000Z DEBUG solana_runtime::message_processor::stable_log] Program TokenzQdBNbLqP5VEhdkAS6EPFLC1PHnBqCXEpPxuEb invoke [1]
[2025-11-05T06:35:32.699282000Z DEBUG solana_runtime::message_processor::stable_log] Program log: Instruction: MintTo
[2025-11-05T06:35:32.699420000Z DEBUG solana_runtime::message_processor::stable_log] Program TokenzQdBNbLqP5VEhdkAS6EPFLC1PHnBqCXEpPxuEb consumed 5403 of 200000 compute units
[2025-11-05T06:35:32.699449000Z DEBUG solana_runtime::message_processor::stable_log] Program TokenzQdBNbLqP5VEhdkAS6EPFLC1PHnBqCXEpPxuEb success
[2025-11-05T06:35:32.708832000Z DEBUG solana_runtime::message_processor::stable_log] Program ATokenGPvbdGVxr1b2hvZbsiqW5xWH25efTNsLJA8knL invoke [1]
[2025-11-05T06:35:32.708926000Z DEBUG solana_runtime::message_processor::stable_log] Program log: Create
[2025-11-05T06:35:32.708987000Z DEBUG solana_runtime::message_processor::stable_log] Program TokenzQdBNbLqP5VEhdkAS6EPFLC1PHnBqCXEpPxuEb invoke [2]
[2025-11-05T06:35:32.709052000Z DEBUG solana_runtime::message_processor::stable_log] Program log: Instruction: GetAccountDataSize
[2025-11-05T06:35:32.709232000Z DEBUG solana_runtime::message_processor::stable_log] Program TokenzQdBNbLqP5VEhdkAS6EPFLC1PHnBqCXEpPxuEb consumed 2917 of 194642 compute units
[2025-11-05T06:35:32.709244000Z DEBUG solana_runtime::message_processor::stable_log] Program return: TokenzQdBNbLqP5VEhdkAS6EPFLC1PHnBqCXEpPxuEb tgAAAAAAAAA=
[2025-11-05T06:35:32.709256000Z DEBUG solana_runtime::message_processor::stable_log] Program TokenzQdBNbLqP5VEhdkAS6EPFLC1PHnBqCXEpPxuEb success
[2025-11-05T06:35:32.709332000Z DEBUG solana_runtime::message_processor::stable_log] Program 11111111111111111111111111111111 invoke [2]
[2025-11-05T06:35:32.709341000Z DEBUG solana_runtime::message_processor::stable_log] Program 11111111111111111111111111111111 success
[2025-11-05T06:35:32.709348000Z DEBUG solana_runtime::message_processor::stable_log] Program log: Initialize the associated token account
[2025-11-05T06:35:32.709371000Z DEBUG solana_runtime::message_processor::stable_log] Program TokenzQdBNbLqP5VEhdkAS6EPFLC1PHnBqCXEpPxuEb invoke [2]
[2025-11-05T06:35:32.709510000Z DEBUG solana_runtime::message_processor::stable_log] Program log: Instruction: InitializeImmutableOwner
[2025-11-05T06:35:32.709544000Z DEBUG solana_runtime::message_processor::stable_log] Program TokenzQdBNbLqP5VEhdkAS6EPFLC1PHnBqCXEpPxuEb consumed 1924 of 186795 compute units
[2025-11-05T06:35:32.709555000Z DEBUG solana_runtime::message_processor::stable_log] Program TokenzQdBNbLqP5VEhdkAS6EPFLC1PHnBqCXEpPxuEb success
[2025-11-05T06:35:32.709599000Z DEBUG solana_runtime::message_processor::stable_log] Program TokenzQdBNbLqP5VEhdkAS6EPFLC1PHnBqCXEpPxuEb invoke [2]
[2025-11-05T06:35:32.709635000Z DEBUG solana_runtime::message_processor::stable_log] Program log: Instruction: InitializeAccount3
[2025-11-05T06:35:32.710122000Z DEBUG solana_runtime::message_processor::stable_log] Program TokenzQdBNbLqP5VEhdkAS6EPFLC1PHnBqCXEpPxuEb consumed 5446 of 182481 compute units
[2025-11-05T06:35:32.710138000Z DEBUG solana_runtime::message_processor::stable_log] Program TokenzQdBNbLqP5VEhdkAS6EPFLC1PHnBqCXEpPxuEb success
[2025-11-05T06:35:32.710156000Z DEBUG solana_runtime::message_processor::stable_log] Program ATokenGPvbdGVxr1b2hvZbsiqW5xWH25efTNsLJA8knL consumed 23269 of 200000 compute units
[2025-11-05T06:35:32.710167000Z DEBUG solana_runtime::message_processor::stable_log] Program ATokenGPvbdGVxr1b2hvZbsiqW5xWH25efTNsLJA8knL success
[2025-11-05T06:35:32.714947000Z DEBUG solana_runtime::message_processor::stable_log] Program TokenzQdBNbLqP5VEhdkAS6EPFLC1PHnBqCXEpPxuEb invoke [1]
[2025-11-05T06:35:32.714996000Z DEBUG solana_runtime::message_processor::stable_log] Program log: Instruction: MintTo
[2025-11-05T06:35:32.715078000Z DEBUG solana_runtime::message_processor::stable_log] Program TokenzQdBNbLqP5VEhdkAS6EPFLC1PHnBqCXEpPxuEb consumed 5403 of 200000 compute units
[2025-11-05T06:35:32.715091000Z DEBUG solana_runtime::message_processor::stable_log] Program TokenzQdBNbLqP5VEhdkAS6EPFLC1PHnBqCXEpPxuEb success
[2025-11-05T06:35:32.723134000Z DEBUG solana_runtime::message_processor::stable_log] Program ATokenGPvbdGVxr1b2hvZbsiqW5xWH25efTNsLJA8knL invoke [1]
[2025-11-05T06:35:32.723214000Z DEBUG solana_runtime::message_processor::stable_log] Program log: Create
[2025-11-05T06:35:32.723326000Z DEBUG solana_runtime::message_processor::stable_log] Program TokenzQdBNbLqP5VEhdkAS6EPFLC1PHnBqCXEpPxuEb invoke [2]
[2025-11-05T06:35:32.723373000Z DEBUG solana_runtime::message_processor::stable_log] Program log: Instruction: GetAccountDataSize
[2025-11-05T06:35:32.723422000Z DEBUG solana_runtime::message_processor::stable_log] Program TokenzQdBNbLqP5VEhdkAS6EPFLC1PHnBqCXEpPxuEb consumed 2917 of 194642 compute units
[2025-11-05T06:35:32.723430000Z DEBUG solana_runtime::message_processor::stable_log] Program return: TokenzQdBNbLqP5VEhdkAS6EPFLC1PHnBqCXEpPxuEb tgAAAAAAAAA=
[2025-11-05T06:35:32.723440000Z DEBUG solana_runtime::message_processor::stable_log] Program TokenzQdBNbLqP5VEhdkAS6EPFLC1PHnBqCXEpPxuEb success
[2025-11-05T06:35:32.723502000Z DEBUG solana_runtime::message_processor::stable_log] Program 11111111111111111111111111111111 invoke [2]
[2025-11-05T06:35:32.723510000Z DEBUG solana_runtime::message_processor::stable_log] Program 11111111111111111111111111111111 success
[2025-11-05T06:35:32.723516000Z DEBUG solana_runtime::message_processor::stable_log] Program log: Initialize the associated token account
[2025-11-05T06:35:32.723723000Z DEBUG solana_runtime::message_processor::stable_log] Program TokenzQdBNbLqP5VEhdkAS6EPFLC1PHnBqCXEpPxuEb invoke [2]
[2025-11-05T06:35:32.723755000Z DEBUG solana_runtime::message_processor::stable_log] Program log: Instruction: InitializeImmutableOwner
[2025-11-05T06:35:32.723782000Z DEBUG solana_runtime::message_processor::stable_log] Program TokenzQdBNbLqP5VEhdkAS6EPFLC1PHnBqCXEpPxuEb consumed 1924 of 186795 compute units
[2025-11-05T06:35:32.723792000Z DEBUG solana_runtime::message_processor::stable_log] Program TokenzQdBNbLqP5VEhdkAS6EPFLC1PHnBqCXEpPxuEb success
[2025-11-05T06:35:32.723831000Z DEBUG solana_runtime::message_processor::stable_log] Program TokenzQdBNbLqP5VEhdkAS6EPFLC1PHnBqCXEpPxuEb invoke [2]
[2025-11-05T06:35:32.723876000Z DEBUG solana_runtime::message_processor::stable_log] Program log: Instruction: InitializeAccount3
[2025-11-05T06:35:32.724129000Z DEBUG solana_runtime::message_processor::stable_log] Program TokenzQdBNbLqP5VEhdkAS6EPFLC1PHnBqCXEpPxuEb consumed 5446 of 182481 compute units
[2025-11-05T06:35:32.724145000Z DEBUG solana_runtime::message_processor::stable_log] Program TokenzQdBNbLqP5VEhdkAS6EPFLC1PHnBqCXEpPxuEb success
[2025-11-05T06:35:32.724161000Z DEBUG solana_runtime::message_processor::stable_log] Program ATokenGPvbdGVxr1b2hvZbsiqW5xWH25efTNsLJA8knL consumed 23269 of 200000 compute units
[2025-11-05T06:35:32.724172000Z DEBUG solana_runtime::message_processor::stable_log] Program ATokenGPvbdGVxr1b2hvZbsiqW5xWH25efTNsLJA8knL success
[2025-11-05T06:35:32.729293000Z DEBUG solana_runtime::message_processor::stable_log] Program TokenzQdBNbLqP5VEhdkAS6EPFLC1PHnBqCXEpPxuEb invoke [1]
[2025-11-05T06:35:32.729409000Z DEBUG solana_runtime::message_processor::stable_log] Program log: Instruction: MintTo
[2025-11-05T06:35:32.729534000Z DEBUG solana_runtime::message_processor::stable_log] Program TokenzQdBNbLqP5VEhdkAS6EPFLC1PHnBqCXEpPxuEb consumed 5403 of 200000 compute units
[2025-11-05T06:35:32.729548000Z DEBUG solana_runtime::message_processor::stable_log] Program TokenzQdBNbLqP5VEhdkAS6EPFLC1PHnBqCXEpPxuEb success
[2025-11-05T06:35:32.755407000Z DEBUG solana_runtime::message_processor::stable_log] Program ASmKWt93JEMHxbdE6j7znD9y2FcdPboCzC3xtSTJvN7S invoke [1]
[2025-11-05T06:35:32.755578000Z DEBUG solana_runtime::message_processor::stable_log] Program log: Instruction: CreateConfig
[2025-11-05T06:35:32.755679000Z DEBUG solana_runtime::message_processor::stable_log] Program 11111111111111111111111111111111 invoke [2]
[2025-11-05T06:35:32.755690000Z DEBUG solana_runtime::message_processor::stable_log] Program 11111111111111111111111111111111 success
[2025-11-05T06:35:32.755800000Z DEBUG solana_runtime::message_processor::stable_log] Program ASmKWt93JEMHxbdE6j7znD9y2FcdPboCzC3xtSTJvN7S invoke [2]
[2025-11-05T06:35:32.755847000Z DEBUG solana_runtime::message_processor::stable_log] Program ASmKWt93JEMHxbdE6j7znD9y2FcdPboCzC3xtSTJvN7S consumed 2069 of 186098 compute units
[2025-11-05T06:35:32.755858000Z DEBUG solana_runtime::message_processor::stable_log] Program ASmKWt93JEMHxbdE6j7znD9y2FcdPboCzC3xtSTJvN7S success
[2025-11-05T06:35:32.755876000Z DEBUG solana_runtime::message_processor::stable_log] Program ASmKWt93JEMHxbdE6j7znD9y2FcdPboCzC3xtSTJvN7S consumed 16276 of 200000 compute units
[2025-11-05T06:35:32.755887000Z DEBUG solana_runtime::message_processor::stable_log] Program ASmKWt93JEMHxbdE6j7znD9y2FcdPboCzC3xtSTJvN7S success
[2025-11-05T06:35:32.799679000Z DEBUG solana_runtime::message_processor::stable_log] Program ASmKWt93JEMHxbdE6j7znD9y2FcdPboCzC3xtSTJvN7S invoke [1]
[2025-11-05T06:35:32.799820000Z DEBUG solana_runtime::message_processor::stable_log] Program log: Instruction: InitializePool
[2025-11-05T06:35:32.800061000Z DEBUG solana_runtime::message_processor::stable_log] Program 11111111111111111111111111111111 invoke [2]
[2025-11-05T06:35:32.800072000Z DEBUG solana_runtime::message_processor::stable_log] Program 11111111111111111111111111111111 success
[2025-11-05T06:35:32.800110000Z DEBUG solana_runtime::message_processor::stable_log] Program TokenzQdBNbLqP5VEhdkAS6EPFLC1PHnBqCXEpPxuEb invoke [2]
[2025-11-05T06:35:32.800148000Z DEBUG solana_runtime::message_processor::stable_log] Program log: MetadataPointerInstruction::Initialize
[2025-11-05T06:35:32.800273000Z DEBUG solana_runtime::message_processor::stable_log] Program TokenzQdBNbLqP5VEhdkAS6EPFLC1PHnBqCXEpPxuEb consumed 2442 of 334481 compute units
[2025-11-05T06:35:32.800286000Z DEBUG solana_runtime::message_processor::stable_log] Program TokenzQdBNbLqP5VEhdkAS6EPFLC1PHnBqCXEpPxuEb success
[2025-11-05T06:35:32.800320000Z DEBUG solana_runtime::message_processor::stable_log] Program TokenzQdBNbLqP5VEhdkAS6EPFLC1PHnBqCXEpPxuEb invoke [2]
[2025-11-05T06:35:32.800343000Z DEBUG solana_runtime::message_processor::stable_log] Program log: Instruction: InitializeMintCloseAuthority
[2025-11-05T06:35:32.800379000Z DEBUG solana_runtime::message_processor::stable_log] Program TokenzQdBNbLqP5VEhdkAS6EPFLC1PHnBqCXEpPxuEb consumed 2570 of 330061 compute units
[2025-11-05T06:35:32.800389000Z DEBUG solana_runtime::message_processor::stable_log] Program TokenzQdBNbLqP5VEhdkAS6EPFLC1PHnBqCXEpPxuEb success
[2025-11-05T06:35:32.800441000Z DEBUG solana_runtime::message_processor::stable_log] Program TokenzQdBNbLqP5VEhdkAS6EPFLC1PHnBqCXEpPxuEb invoke [2]
[2025-11-05T06:35:32.800469000Z DEBUG solana_runtime::message_processor::stable_log] Program log: Instruction: InitializeMint2
[2025-11-05T06:35:32.800534000Z DEBUG solana_runtime::message_processor::stable_log] Program TokenzQdBNbLqP5VEhdkAS6EPFLC1PHnBqCXEpPxuEb consumed 4078 of 325549 compute units
[2025-11-05T06:35:32.800546000Z DEBUG solana_runtime::message_processor::stable_log] Program TokenzQdBNbLqP5VEhdkAS6EPFLC1PHnBqCXEpPxuEb success
[2025-11-05T06:35:32.800691000Z DEBUG solana_runtime::message_processor::stable_log] Program 11111111111111111111111111111111 invoke [2]
[2025-11-05T06:35:32.800698000Z DEBUG solana_runtime::message_processor::stable_log] Program 11111111111111111111111111111111 success
[2025-11-05T06:35:32.800730000Z DEBUG solana_runtime::message_processor::stable_log] Program TokenzQdBNbLqP5VEhdkAS6EPFLC1PHnBqCXEpPxuEb invoke [2]
[2025-11-05T06:35:32.800758000Z DEBUG solana_runtime::message_processor::stable_log] Program log: Instruction: InitializeAccount3
[2025-11-05T06:35:32.800851000Z DEBUG solana_runtime::message_processor::stable_log] Program TokenzQdBNbLqP5VEhdkAS6EPFLC1PHnBqCXEpPxuEb consumed 5137 of 308865 compute units
[2025-11-05T06:35:32.800863000Z DEBUG solana_runtime::message_processor::stable_log] Program TokenzQdBNbLqP5VEhdkAS6EPFLC1PHnBqCXEpPxuEb success
[2025-11-05T06:35:32.800989000Z DEBUG solana_runtime::message_processor::stable_log] Program 11111111111111111111111111111111 invoke [2]
[2025-11-05T06:35:32.800995000Z DEBUG solana_runtime::message_processor::stable_log] Program 11111111111111111111111111111111 success
[2025-11-05T06:35:32.801066000Z DEBUG solana_runtime::message_processor::stable_log] Program 11111111111111111111111111111111 invoke [2]
[2025-11-05T06:35:32.801073000Z DEBUG solana_runtime::message_processor::stable_log] Program 11111111111111111111111111111111 success
[2025-11-05T06:35:32.801190000Z DEBUG solana_runtime::message_processor::stable_log] Program 11111111111111111111111111111111 invoke [2]
[2025-11-05T06:35:32.801237000Z DEBUG solana_runtime::message_processor::stable_log] Program 11111111111111111111111111111111 success
[2025-11-05T06:35:32.801282000Z DEBUG solana_runtime::message_processor::stable_log] Program TokenzQdBNbLqP5VEhdkAS6EPFLC1PHnBqCXEpPxuEb invoke [2]
[2025-11-05T06:35:32.801309000Z DEBUG solana_runtime::message_processor::stable_log] Program log: Instruction: InitializeAccount3
[2025-11-05T06:35:32.801399000Z DEBUG solana_runtime::message_processor::stable_log] Program TokenzQdBNbLqP5VEhdkAS6EPFLC1PHnBqCXEpPxuEb consumed 5379 of 280999 compute units
[2025-11-05T06:35:32.801415000Z DEBUG solana_runtime::message_processor::stable_log] Program TokenzQdBNbLqP5VEhdkAS6EPFLC1PHnBqCXEpPxuEb success
[2025-11-05T06:35:32.801556000Z DEBUG solana_runtime::message_processor::stable_log] Program 11111111111111111111111111111111 invoke [2]
[2025-11-05T06:35:32.801579000Z DEBUG solana_runtime::message_processor::stable_log] Program 11111111111111111111111111111111 success
[2025-11-05T06:35:32.801625000Z DEBUG solana_runtime::message_processor::stable_log] Program TokenzQdBNbLqP5VEhdkAS6EPFLC1PHnBqCXEpPxuEb invoke [2]
[2025-11-05T06:35:32.801650000Z DEBUG solana_runtime::message_processor::stable_log] Program log: Instruction: InitializeAccount3
[2025-11-05T06:35:32.801736000Z DEBUG solana_runtime::message_processor::stable_log] Program TokenzQdBNbLqP5VEhdkAS6EPFLC1PHnBqCXEpPxuEb consumed 5379 of 265414 compute units
[2025-11-05T06:35:32.801746000Z DEBUG solana_runtime::message_processor::stable_log] Program TokenzQdBNbLqP5VEhdkAS6EPFLC1PHnBqCXEpPxuEb success
[2025-11-05T06:35:32.802029000Z DEBUG solana_runtime::message_processor::stable_log] Program TokenzQdBNbLqP5VEhdkAS6EPFLC1PHnBqCXEpPxuEb invoke [2]
[2025-11-05T06:35:32.802086000Z DEBUG solana_runtime::message_processor::stable_log] Program log: TokenMetadataInstruction: Initialize
[2025-11-05T06:35:32.802238000Z DEBUG solana_runtime::message_processor::stable_log] Program TokenzQdBNbLqP5VEhdkAS6EPFLC1PHnBqCXEpPxuEb consumed 9900 of 244885 compute units
[2025-11-05T06:35:32.802250000Z DEBUG solana_runtime::message_processor::stable_log] Program TokenzQdBNbLqP5VEhdkAS6EPFLC1PHnBqCXEpPxuEb success
[2025-11-05T06:35:32.802295000Z DEBUG solana_runtime::message_processor::stable_log] Program 11111111111111111111111111111111 invoke [2]
[2025-11-05T06:35:32.802300000Z DEBUG solana_runtime::message_processor::stable_log] Program 11111111111111111111111111111111 success
[2025-11-05T06:35:32.802346000Z DEBUG solana_runtime::message_processor::stable_log] Program TokenzQdBNbLqP5VEhdkAS6EPFLC1PHnBqCXEpPxuEb invoke [2]
[2025-11-05T06:35:32.802378000Z DEBUG solana_runtime::message_processor::stable_log] Program log: Instruction: MintTo
[2025-11-05T06:35:32.802458000Z DEBUG solana_runtime::message_processor::stable_log] Program TokenzQdBNbLqP5VEhdkAS6EPFLC1PHnBqCXEpPxuEb consumed 5540 of 229923 compute units
[2025-11-05T06:35:32.802474000Z DEBUG solana_runtime::message_processor::stable_log] Program TokenzQdBNbLqP5VEhdkAS6EPFLC1PHnBqCXEpPxuEb success
[2025-11-05T06:35:32.802589000Z DEBUG solana_runtime::message_processor::stable_log] Program ASmKWt93JEMHxbdE6j7znD9y2FcdPboCzC3xtSTJvN7S invoke [2]
[2025-11-05T06:35:32.802643000Z DEBUG solana_runtime::message_processor::stable_log] Program ASmKWt93JEMHxbdE6j7znD9y2FcdPboCzC3xtSTJvN7S consumed 2069 of 221318 compute units
[2025-11-05T06:35:32.802651000Z DEBUG solana_runtime::message_processor::stable_log] Program ASmKWt93JEMHxbdE6j7znD9y2FcdPboCzC3xtSTJvN7S success
[2025-11-05T06:35:32.802772000Z DEBUG solana_runtime::message_processor::stable_log] Program TokenzQdBNbLqP5VEhdkAS6EPFLC1PHnBqCXEpPxuEb invoke [2]
[2025-11-05T06:35:32.802810000Z DEBUG solana_runtime::message_processor::stable_log] Program log: Instruction: TransferChecked
[2025-11-05T06:35:32.802975000Z DEBUG solana_runtime::message_processor::stable_log] Program TokenzQdBNbLqP5VEhdkAS6EPFLC1PHnBqCXEpPxuEb consumed 9156 of 212654 compute units
[2025-11-05T06:35:32.802987000Z DEBUG solana_runtime::message_processor::stable_log] Program TokenzQdBNbLqP5VEhdkAS6EPFLC1PHnBqCXEpPxuEb success
[2025-11-05T06:35:32.803032000Z DEBUG solana_runtime::message_processor::stable_log] Program TokenzQdBNbLqP5VEhdkAS6EPFLC1PHnBqCXEpPxuEb invoke [2]
[2025-11-05T06:35:32.803063000Z DEBUG solana_runtime::message_processor::stable_log] Program log: Instruction: TransferChecked
[2025-11-05T06:35:32.803194000Z DEBUG solana_runtime::message_processor::stable_log] Program TokenzQdBNbLqP5VEhdkAS6EPFLC1PHnBqCXEpPxuEb consumed 9156 of 201093 compute units
[2025-11-05T06:35:32.803204000Z DEBUG solana_runtime::message_processor::stable_log] Program TokenzQdBNbLqP5VEhdkAS6EPFLC1PHnBqCXEpPxuEb success
[2025-11-05T06:35:32.803296000Z DEBUG solana_runtime::message_processor::stable_log] Program ASmKWt93JEMHxbdE6j7znD9y2FcdPboCzC3xtSTJvN7S invoke [2]
[2025-11-05T06:35:32.803331000Z DEBUG solana_runtime::message_processor::stable_log] Program ASmKWt93JEMHxbdE6j7znD9y2FcdPboCzC3xtSTJvN7S consumed 2069 of 186856 compute units
[2025-11-05T06:35:32.803340000Z DEBUG solana_runtime::message_processor::stable_log] Program ASmKWt93JEMHxbdE6j7znD9y2FcdPboCzC3xtSTJvN7S success
[2025-11-05T06:35:32.803367000Z DEBUG solana_runtime::message_processor::stable_log] Program ASmKWt93JEMHxbdE6j7znD9y2FcdPboCzC3xtSTJvN7S consumed 166000 of 350000 compute units
[2025-11-05T06:35:32.803377000Z DEBUG solana_runtime::message_processor::stable_log] Program ASmKWt93JEMHxbdE6j7znD9y2FcdPboCzC3xtSTJvN7S success
[2025-11-05T06:35:32.803387000Z DEBUG solana_runtime::message_processor::stable_log] Program ComputeBudget111111111111111111111111111111 invoke [1]
[2025-11-05T06:35:32.803395000Z DEBUG solana_runtime::message_processor::stable_log] Program ComputeBudget111111111111111111111111111111 success
[2025-11-05T06:35:32.841199000Z DEBUG solana_runtime::message_processor::stable_log] Program ASmKWt93JEMHxbdE6j7znD9y2FcdPboCzC3xtSTJvN7S invoke [1]
[2025-11-05T06:35:32.841302000Z DEBUG solana_runtime::message_processor::stable_log] Program log: Instruction: CreatePosition
[2025-11-05T06:35:32.841381000Z DEBUG solana_runtime::message_processor::stable_log] Program 11111111111111111111111111111111 invoke [2]
[2025-11-05T06:35:32.841390000Z DEBUG solana_runtime::message_processor::stable_log] Program 11111111111111111111111111111111 success
[2025-11-05T06:35:32.841427000Z DEBUG solana_runtime::message_processor::stable_log] Program TokenzQdBNbLqP5VEhdkAS6EPFLC1PHnBqCXEpPxuEb invoke [2]
[2025-11-05T06:35:32.841465000Z DEBUG solana_runtime::message_processor::stable_log] Program log: MetadataPointerInstruction::Initialize
[2025-11-05T06:35:32.841504000Z DEBUG solana_runtime::message_processor::stable_log] Program TokenzQdBNbLqP5VEhdkAS6EPFLC1PHnBqCXEpPxuEb consumed 2442 of 191116 compute units
[2025-11-05T06:35:32.841654000Z DEBUG solana_runtime::message_processor::stable_log] Program TokenzQdBNbLqP5VEhdkAS6EPFLC1PHnBqCXEpPxuEb success
[2025-11-05T06:35:32.841738000Z DEBUG solana_runtime::message_processor::stable_log] Program TokenzQdBNbLqP5VEhdkAS6EPFLC1PHnBqCXEpPxuEb invoke [2]
[2025-11-05T06:35:32.841795000Z DEBUG solana_runtime::message_processor::stable_log] Program log: Instruction: InitializeMintCloseAuthority
[2025-11-05T06:35:32.842007000Z DEBUG solana_runtime::message_processor::stable_log] Program TokenzQdBNbLqP5VEhdkAS6EPFLC1PHnBqCXEpPxuEb consumed 2570 of 186696 compute units
[2025-11-05T06:35:32.842024000Z DEBUG solana_runtime::message_processor::stable_log] Program TokenzQdBNbLqP5VEhdkAS6EPFLC1PHnBqCXEpPxuEb success
[2025-11-05T06:35:32.842064000Z DEBUG solana_runtime::message_processor::stable_log] Program TokenzQdBNbLqP5VEhdkAS6EPFLC1PHnBqCXEpPxuEb invoke [2]
[2025-11-05T06:35:32.842100000Z DEBUG solana_runtime::message_processor::stable_log] Program log: Instruction: InitializeMint2
[2025-11-05T06:35:32.842169000Z DEBUG solana_runtime::message_processor::stable_log] Program TokenzQdBNbLqP5VEhdkAS6EPFLC1PHnBqCXEpPxuEb consumed 4078 of 182183 compute units
[2025-11-05T06:35:32.842178000Z DEBUG solana_runtime::message_processor::stable_log] Program TokenzQdBNbLqP5VEhdkAS6EPFLC1PHnBqCXEpPxuEb success
[2025-11-05T06:35:32.842325000Z DEBUG solana_runtime::message_processor::stable_log] Program 11111111111111111111111111111111 invoke [2]
[2025-11-05T06:35:32.842331000Z DEBUG solana_runtime::message_processor::stable_log] Program 11111111111111111111111111111111 success
[2025-11-05T06:35:32.842364000Z DEBUG solana_runtime::message_processor::stable_log] Program TokenzQdBNbLqP5VEhdkAS6EPFLC1PHnBqCXEpPxuEb invoke [2]
[2025-11-05T06:35:32.842398000Z DEBUG solana_runtime::message_processor::stable_log] Program log: Instruction: InitializeAccount3
[2025-11-05T06:35:32.842482000Z DEBUG solana_runtime::message_processor::stable_log] Program TokenzQdBNbLqP5VEhdkAS6EPFLC1PHnBqCXEpPxuEb consumed 5137 of 165499 compute units
[2025-11-05T06:35:32.842490000Z DEBUG solana_runtime::message_processor::stable_log] Program TokenzQdBNbLqP5VEhdkAS6EPFLC1PHnBqCXEpPxuEb success
[2025-11-05T06:35:32.842616000Z DEBUG solana_runtime::message_processor::stable_log] Program 11111111111111111111111111111111 invoke [2]
[2025-11-05T06:35:32.842620000Z DEBUG solana_runtime::message_processor::stable_log] Program 11111111111111111111111111111111 success
[2025-11-05T06:35:32.842729000Z DEBUG solana_runtime::message_processor::stable_log] Program TokenzQdBNbLqP5VEhdkAS6EPFLC1PHnBqCXEpPxuEb invoke [2]
[2025-11-05T06:35:32.842786000Z DEBUG solana_runtime::message_processor::stable_log] Program log: TokenMetadataInstruction: Initialize
[2025-11-05T06:35:32.843619000Z DEBUG solana_runtime::message_processor::stable_log] Program TokenzQdBNbLqP5VEhdkAS6EPFLC1PHnBqCXEpPxuEb consumed 9900 of 142769 compute units
[2025-11-05T06:35:32.843635000Z DEBUG solana_runtime::message_processor::stable_log] Program TokenzQdBNbLqP5VEhdkAS6EPFLC1PHnBqCXEpPxuEb success
[2025-11-05T06:35:32.843689000Z DEBUG solana_runtime::message_processor::stable_log] Program 11111111111111111111111111111111 invoke [2]
[2025-11-05T06:35:32.843694000Z DEBUG solana_runtime::message_processor::stable_log] Program 11111111111111111111111111111111 success
[2025-11-05T06:35:32.843741000Z DEBUG solana_runtime::message_processor::stable_log] Program TokenzQdBNbLqP5VEhdkAS6EPFLC1PHnBqCXEpPxuEb invoke [2]
[2025-11-05T06:35:32.843782000Z DEBUG solana_runtime::message_processor::stable_log] Program log: Instruction: MintTo
[2025-11-05T06:35:32.843862000Z DEBUG solana_runtime::message_processor::stable_log] Program TokenzQdBNbLqP5VEhdkAS6EPFLC1PHnBqCXEpPxuEb consumed 5540 of 127807 compute units
[2025-11-05T06:35:32.843872000Z DEBUG solana_runtime::message_processor::stable_log] Program TokenzQdBNbLqP5VEhdkAS6EPFLC1PHnBqCXEpPxuEb success
[2025-11-05T06:35:32.843948000Z DEBUG solana_runtime::message_processor::stable_log] Program ASmKWt93JEMHxbdE6j7znD9y2FcdPboCzC3xtSTJvN7S invoke [2]
[2025-11-05T06:35:32.843992000Z DEBUG solana_runtime::message_processor::stable_log] Program ASmKWt93JEMHxbdE6j7znD9y2FcdPboCzC3xtSTJvN7S consumed 2069 of 119201 compute units
[2025-11-05T06:35:32.844001000Z DEBUG solana_runtime::message_processor::stable_log] Program ASmKWt93JEMHxbdE6j7znD9y2FcdPboCzC3xtSTJvN7S success
[2025-11-05T06:35:32.844023000Z DEBUG solana_runtime::message_processor::stable_log] Program ASmKWt93JEMHxbdE6j7znD9y2FcdPboCzC3xtSTJvN7S consumed 83433 of 200000 compute units
[2025-11-05T06:35:32.844052000Z DEBUG solana_runtime::message_processor::stable_log] Program ASmKWt93JEMHxbdE6j7znD9y2FcdPboCzC3xtSTJvN7S success
[2025-11-05T06:35:32.898618000Z DEBUG solana_runtime::message_processor::stable_log] Program ASmKWt93JEMHxbdE6j7znD9y2FcdPboCzC3xtSTJvN7S invoke [1]
[2025-11-05T06:35:32.898790000Z DEBUG solana_runtime::message_processor::stable_log] Program log: Instruction: AddLiquidity
[2025-11-05T06:35:32.899192000Z DEBUG solana_runtime::message_processor::stable_log] Program TokenzQdBNbLqP5VEhdkAS6EPFLC1PHnBqCXEpPxuEb invoke [2]
[2025-11-05T06:35:32.899244000Z DEBUG solana_runtime::message_processor::stable_log] Program log: Instruction: TransferChecked
[2025-11-05T06:35:32.899401000Z DEBUG solana_runtime::message_processor::stable_log] Program TokenzQdBNbLqP5VEhdkAS6EPFLC1PHnBqCXEpPxuEb consumed 9167 of 173993 compute units
[2025-11-05T06:35:32.899415000Z DEBUG solana_runtime::message_processor::stable_log] Program TokenzQdBNbLqP5VEhdkAS6EPFLC1PHnBqCXEpPxuEb success
[2025-11-05T06:35:32.899464000Z DEBUG solana_runtime::message_processor::stable_log] Program TokenzQdBNbLqP5VEhdkAS6EPFLC1PHnBqCXEpPxuEb invoke [2]
[2025-11-05T06:35:32.899502000Z DEBUG solana_runtime::message_processor::stable_log] Program log: Instruction: TransferChecked
[2025-11-05T06:35:32.899766000Z DEBUG solana_runtime::message_processor::stable_log] Program TokenzQdBNbLqP5VEhdkAS6EPFLC1PHnBqCXEpPxuEb consumed 9167 of 162421 compute units
[2025-11-05T06:35:32.899785000Z DEBUG solana_runtime::message_processor::stable_log] Program TokenzQdBNbLqP5VEhdkAS6EPFLC1PHnBqCXEpPxuEb success
[2025-11-05T06:35:32.899850000Z DEBUG solana_runtime::message_processor::stable_log] Program ASmKWt93JEMHxbdE6j7znD9y2FcdPboCzC3xtSTJvN7S invoke [2]
[2025-11-05T06:35:32.900037000Z DEBUG solana_runtime::message_processor::stable_log] Program ASmKWt93JEMHxbdE6j7znD9y2FcdPboCzC3xtSTJvN7S consumed 2069 of 150000 compute units
[2025-11-05T06:35:32.900055000Z DEBUG solana_runtime::message_processor::stable_log] Program ASmKWt93JEMHxbdE6j7znD9y2FcdPboCzC3xtSTJvN7S success
[2025-11-05T06:35:32.900186000Z DEBUG solana_runtime::message_processor::stable_log] Program ASmKWt93JEMHxbdE6j7znD9y2FcdPboCzC3xtSTJvN7S invoke [2]
[2025-11-05T06:35:32.900224000Z DEBUG solana_runtime::message_processor::stable_log] Program ASmKWt93JEMHxbdE6j7znD9y2FcdPboCzC3xtSTJvN7S consumed 2069 of 141233 compute units
[2025-11-05T06:35:32.900234000Z DEBUG solana_runtime::message_processor::stable_log] Program ASmKWt93JEMHxbdE6j7znD9y2FcdPboCzC3xtSTJvN7S success
[2025-11-05T06:35:32.900259000Z DEBUG solana_runtime::message_processor::stable_log] Program ASmKWt93JEMHxbdE6j7znD9y2FcdPboCzC3xtSTJvN7S consumed 61477 of 200000 compute units
[2025-11-05T06:35:32.900274000Z DEBUG solana_runtime::message_processor::stable_log] Program ASmKWt93JEMHxbdE6j7znD9y2FcdPboCzC3xtSTJvN7S success
[2025-11-05T06:35:32.933659000Z DEBUG solana_runtime::message_processor::stable_log] Program ASmKWt93JEMHxbdE6j7znD9y2FcdPboCzC3xtSTJvN7S invoke [1]
[2025-11-05T06:35:32.933790000Z DEBUG solana_runtime::message_processor::stable_log] Program log: Instruction: Swap2
[2025-11-05T06:35:32.934188000Z DEBUG solana_runtime::message_processor::stable_log] Program TokenzQdBNbLqP5VEhdkAS6EPFLC1PHnBqCXEpPxuEb invoke [2]
[2025-11-05T06:35:32.934326000Z DEBUG solana_runtime::message_processor::stable_log] Program log: Instruction: TransferChecked
[2025-11-05T06:35:32.934482000Z DEBUG solana_runtime::message_processor::stable_log] Program TokenzQdBNbLqP5VEhdkAS6EPFLC1PHnBqCXEpPxuEb consumed 9167 of 174361 compute units
[2025-11-05T06:35:32.934520000Z DEBUG solana_runtime::message_processor::stable_log] Program TokenzQdBNbLqP5VEhdkAS6EPFLC1PHnBqCXEpPxuEb success
[2025-11-05T06:35:32.934595000Z DEBUG solana_runtime::message_processor::stable_log] Program TokenzQdBNbLqP5VEhdkAS6EPFLC1PHnBqCXEpPxuEb invoke [2]
[2025-11-05T06:35:32.934630000Z DEBUG solana_runtime::message_processor::stable_log] Program log: Instruction: TransferChecked
[2025-11-05T06:35:32.934744000Z DEBUG solana_runtime::message_processor::stable_log] Program TokenzQdBNbLqP5VEhdkAS6EPFLC1PHnBqCXEpPxuEb consumed 9227 of 162735 compute units
[2025-11-05T06:35:32.934753000Z DEBUG solana_runtime::message_processor::stable_log] Program TokenzQdBNbLqP5VEhdkAS6EPFLC1PHnBqCXEpPxuEb success
[2025-11-05T06:35:32.934865000Z DEBUG solana_runtime::message_processor::stable_log] Program ASmKWt93JEMHxbdE6j7znD9y2FcdPboCzC3xtSTJvN7S invoke [2]
[2025-11-05T06:35:32.934899000Z DEBUG solana_runtime::message_processor::stable_log] Program ASmKWt93JEMHxbdE6j7znD9y2FcdPboCzC3xtSTJvN7S consumed 2069 of 147203 compute units
[2025-11-05T06:35:32.934906000Z DEBUG solana_runtime::message_processor::stable_log] Program ASmKWt93JEMHxbdE6j7znD9y2FcdPboCzC3xtSTJvN7S success
[2025-11-05T06:35:32.934959000Z DEBUG solana_runtime::message_processor::stable_log] Program ASmKWt93JEMHxbdE6j7znD9y2FcdPboCzC3xtSTJvN7S invoke [2]
[2025-11-05T06:35:32.934986000Z DEBUG solana_runtime::message_processor::stable_log] Program ASmKWt93JEMHxbdE6j7znD9y2FcdPboCzC3xtSTJvN7S consumed 2069 of 141505 compute units
[2025-11-05T06:35:32.934993000Z DEBUG solana_runtime::message_processor::stable_log] Program ASmKWt93JEMHxbdE6j7znD9y2FcdPboCzC3xtSTJvN7S success
[2025-11-05T06:35:32.935012000Z DEBUG solana_runtime::message_processor::stable_log] Program ASmKWt93JEMHxbdE6j7znD9y2FcdPboCzC3xtSTJvN7S consumed 61098 of 200000 compute units
[2025-11-05T06:35:32.935021000Z DEBUG solana_runtime::message_processor::stable_log] Program ASmKWt93JEMHxbdE6j7znD9y2FcdPboCzC3xtSTJvN7S success
[2025-11-05T06:35:32.969842000Z DEBUG solana_runtime::message_processor::stable_log] Program ASmKWt93JEMHxbdE6j7znD9y2FcdPboCzC3xtSTJvN7S invoke [1]
[2025-11-05T06:35:32.969963000Z DEBUG solana_runtime::message_processor::stable_log] Program log: Instruction: AddLiquidity
[2025-11-05T06:35:32.970464000Z DEBUG solana_runtime::message_processor::stable_log] Program TokenzQdBNbLqP5VEhdkAS6EPFLC1PHnBqCXEpPxuEb invoke [2]
[2025-11-05T06:35:32.970513000Z DEBUG solana_runtime::message_processor::stable_log] Program log: Instruction: TransferChecked
[2025-11-05T06:35:32.970644000Z DEBUG solana_runtime::message_processor::stable_log] Program TokenzQdBNbLqP5VEhdkAS6EPFLC1PHnBqCXEpPxuEb consumed 9167 of 172621 compute units
[2025-11-05T06:35:32.970660000Z DEBUG solana_runtime::message_processor::stable_log] Program TokenzQdBNbLqP5VEhdkAS6EPFLC1PHnBqCXEpPxuEb success
[2025-11-05T06:35:32.970709000Z DEBUG solana_runtime::message_processor::stable_log] Program TokenzQdBNbLqP5VEhdkAS6EPFLC1PHnBqCXEpPxuEb invoke [2]
[2025-11-05T06:35:32.970742000Z DEBUG solana_runtime::message_processor::stable_log] Program log: Instruction: TransferChecked
[2025-11-05T06:35:32.970865000Z DEBUG solana_runtime::message_processor::stable_log] Program TokenzQdBNbLqP5VEhdkAS6EPFLC1PHnBqCXEpPxuEb consumed 9167 of 161049 compute units
[2025-11-05T06:35:32.970878000Z DEBUG solana_runtime::message_processor::stable_log] Program TokenzQdBNbLqP5VEhdkAS6EPFLC1PHnBqCXEpPxuEb success
[2025-11-05T06:35:32.970929000Z DEBUG solana_runtime::message_processor::stable_log] Program ASmKWt93JEMHxbdE6j7znD9y2FcdPboCzC3xtSTJvN7S invoke [2]
[2025-11-05T06:35:32.970963000Z DEBUG solana_runtime::message_processor::stable_log] Program ASmKWt93JEMHxbdE6j7znD9y2FcdPboCzC3xtSTJvN7S consumed 2069 of 148628 compute units
[2025-11-05T06:35:32.970972000Z DEBUG solana_runtime::message_processor::stable_log] Program ASmKWt93JEMHxbdE6j7znD9y2FcdPboCzC3xtSTJvN7S success
[2025-11-05T06:35:32.971081000Z DEBUG solana_runtime::message_processor::stable_log] Program ASmKWt93JEMHxbdE6j7znD9y2FcdPboCzC3xtSTJvN7S invoke [2]
[2025-11-05T06:35:32.971112000Z DEBUG solana_runtime::message_processor::stable_log] Program ASmKWt93JEMHxbdE6j7znD9y2FcdPboCzC3xtSTJvN7S consumed 2069 of 139852 compute units
[2025-11-05T06:35:32.971122000Z DEBUG solana_runtime::message_processor::stable_log] Program ASmKWt93JEMHxbdE6j7znD9y2FcdPboCzC3xtSTJvN7S success
[2025-11-05T06:35:32.971142000Z DEBUG solana_runtime::message_processor::stable_log] Program ASmKWt93JEMHxbdE6j7znD9y2FcdPboCzC3xtSTJvN7S consumed 62858 of 200000 compute units
[2025-11-05T06:35:32.971152000Z DEBUG solana_runtime::message_processor::stable_log] Program ASmKWt93JEMHxbdE6j7znD9y2FcdPboCzC3xtSTJvN7S success
[2025-11-05T06:35:32.992598000Z DEBUG solana_runtime::message_processor::stable_log] Program ASmKWt93JEMHxbdE6j7znD9y2FcdPboCzC3xtSTJvN7S invoke [1]
[2025-11-05T06:35:32.992705000Z DEBUG solana_runtime::message_processor::stable_log] Program log: Instruction: Swap2
[2025-11-05T06:35:32.993136000Z DEBUG solana_runtime::message_processor::stable_log] Program TokenzQdBNbLqP5VEhdkAS6EPFLC1PHnBqCXEpPxuEb invoke [2]
[2025-11-05T06:35:32.993182000Z DEBUG solana_runtime::message_processor::stable_log] Program log: Instruction: TransferChecked
[2025-11-05T06:35:32.993314000Z DEBUG solana_runtime::message_processor::stable_log] Program TokenzQdBNbLqP5VEhdkAS6EPFLC1PHnBqCXEpPxuEb consumed 9167 of 173774 compute units
[2025-11-05T06:35:32.993332000Z DEBUG solana_runtime::message_processor::stable_log] Program TokenzQdBNbLqP5VEhdkAS6EPFLC1PHnBqCXEpPxuEb success
[2025-11-05T06:35:32.993384000Z DEBUG solana_runtime::message_processor::stable_log] Program TokenzQdBNbLqP5VEhdkAS6EPFLC1PHnBqCXEpPxuEb invoke [2]
[2025-11-05T06:35:32.993572000Z DEBUG solana_runtime::message_processor::stable_log] Program log: Instruction: TransferChecked
[2025-11-05T06:35:32.993715000Z DEBUG solana_runtime::message_processor::stable_log] Program TokenzQdBNbLqP5VEhdkAS6EPFLC1PHnBqCXEpPxuEb consumed 9227 of 162148 compute units
[2025-11-05T06:35:32.993725000Z DEBUG solana_runtime::message_processor::stable_log] Program TokenzQdBNbLqP5VEhdkAS6EPFLC1PHnBqCXEpPxuEb success
[2025-11-05T06:35:32.993833000Z DEBUG solana_runtime::message_processor::stable_log] Program ASmKWt93JEMHxbdE6j7znD9y2FcdPboCzC3xtSTJvN7S invoke [2]
[2025-11-05T06:35:32.993866000Z DEBUG solana_runtime::message_processor::stable_log] Program ASmKWt93JEMHxbdE6j7znD9y2FcdPboCzC3xtSTJvN7S consumed 2069 of 146300 compute units
[2025-11-05T06:35:32.993874000Z DEBUG solana_runtime::message_processor::stable_log] Program ASmKWt93JEMHxbdE6j7znD9y2FcdPboCzC3xtSTJvN7S success
[2025-11-05T06:35:32.993927000Z DEBUG solana_runtime::message_processor::stable_log] Program ASmKWt93JEMHxbdE6j7znD9y2FcdPboCzC3xtSTJvN7S invoke [2]
[2025-11-05T06:35:32.993957000Z DEBUG solana_runtime::message_processor::stable_log] Program ASmKWt93JEMHxbdE6j7znD9y2FcdPboCzC3xtSTJvN7S consumed 2069 of 140602 compute units
[2025-11-05T06:35:32.993968000Z DEBUG solana_runtime::message_processor::stable_log] Program ASmKWt93JEMHxbdE6j7znD9y2FcdPboCzC3xtSTJvN7S success
[2025-11-05T06:35:32.993988000Z DEBUG solana_runtime::message_processor::stable_log] Program ASmKWt93JEMHxbdE6j7znD9y2FcdPboCzC3xtSTJvN7S consumed 62001 of 200000 compute units
[2025-11-05T06:35:32.993998000Z DEBUG solana_runtime::message_processor::stable_log] Program ASmKWt93JEMHxbdE6j7znD9y2FcdPboCzC3xtSTJvN7S success
          ✔ Swap successfully (139ms)
        SwapPartialFill
[2025-11-05T06:35:32.996103000Z INFO  solana_program_test] "cp_amm" SBF program from ./target/deploy/cp_amm.so, modified 24 minutes, 40 seconds, 343 ms, 416 µs and 203 ns ago
[2025-11-05T06:35:32.996350000Z INFO  solana_program_test] "fee_router" SBF program from ./target/deploy/fee_router.so, modified 43 seconds, 80 ms, 609 µs and 331 ns ago
[2025-11-05T06:35:32.996552000Z INFO  solana_program_test] "transfer_hook_counter" SBF program from tests/fixtures/transfer_hook_counter.so, modified 3 weeks, 22 hours, 59 minutes, 7 seconds, 822 ms, 151 µs and 196 ns ago
[2025-11-05T06:35:32.996755000Z INFO  solana_program_test] "alpha_vault" SBF program from tests/fixtures/alpha_vault.so, modified 3 weeks, 22 hours, 59 minutes, 7 seconds, 823 ms, 42 µs and 72 ns ago
[2025-11-05T06:35:32.997019000Z INFO  solana_program_test] "streamflow" SBF program from tests/fixtures/streamflow.so, modified 3 weeks, 6 hours, 59 minutes, 17 seconds, 707 ms, 935 µs and 387 ns ago
[2025-11-05T06:35:32.997373000Z INFO  solana_program_test] "cp_amm" SBF program from ./target/deploy/cp_amm.so, modified 24 minutes, 40 seconds, 344 ms, 690 µs and 203 ns ago
[2025-11-05T06:35:32.997524000Z INFO  solana_program_test] "fee_router" SBF program from ./target/deploy/fee_router.so, modified 43 seconds, 81 ms, 784 µs and 331 ns ago
[2025-11-05T06:35:33.015853000Z INFO  solana_program_test] Overriding account at ASmKWt93JEMHxbdE6j7znD9y2FcdPboCzC3xtSTJvN7S
[2025-11-05T06:35:33.015868000Z INFO  solana_program_test] Overriding account at 5B57SJ3g2YoNXUpsZqqjEQkRSxyKtVTQRXdgAirz6bio
[2025-11-05T06:35:33.027903000Z DEBUG solana_runtime::message_processor::stable_log] Program 11111111111111111111111111111111 invoke [1]
[2025-11-05T06:35:33.027918000Z DEBUG solana_runtime::message_processor::stable_log] Program 11111111111111111111111111111111 success
[2025-11-05T06:35:33.031409000Z DEBUG solana_runtime::message_processor::stable_log] Program 11111111111111111111111111111111 invoke [1]
[2025-11-05T06:35:33.031419000Z DEBUG solana_runtime::message_processor::stable_log] Program 11111111111111111111111111111111 success
[2025-11-05T06:35:33.035975000Z DEBUG solana_runtime::message_processor::stable_log] Program 11111111111111111111111111111111 invoke [1]
[2025-11-05T06:35:33.035989000Z DEBUG solana_runtime::message_processor::stable_log] Program 11111111111111111111111111111111 success
[2025-11-05T06:35:33.043962000Z DEBUG solana_runtime::message_processor::stable_log] Program 11111111111111111111111111111111 invoke [1]
[2025-11-05T06:35:33.043976000Z DEBUG solana_runtime::message_processor::stable_log] Program 11111111111111111111111111111111 success
[2025-11-05T06:35:33.043981000Z DEBUG solana_runtime::message_processor::stable_log] Program TokenzQdBNbLqP5VEhdkAS6EPFLC1PHnBqCXEpPxuEb invoke [1]
[2025-11-05T06:35:33.044086000Z DEBUG solana_runtime::message_processor::stable_log] Program TokenzQdBNbLqP5VEhdkAS6EPFLC1PHnBqCXEpPxuEb consumed 3479 of 599850 compute units
[2025-11-05T06:35:33.044098000Z DEBUG solana_runtime::message_processor::stable_log] Program TokenzQdBNbLqP5VEhdkAS6EPFLC1PHnBqCXEpPxuEb success
[2025-11-05T06:35:33.044106000Z DEBUG solana_runtime::message_processor::stable_log] Program TokenzQdBNbLqP5VEhdkAS6EPFLC1PHnBqCXEpPxuEb invoke [1]
[2025-11-05T06:35:33.044131000Z DEBUG solana_runtime::message_processor::stable_log] Program log: Instruction: InitializeMint2
[2025-11-05T06:35:33.044185000Z DEBUG solana_runtime::message_processor::stable_log] Program TokenzQdBNbLqP5VEhdkAS6EPFLC1PHnBqCXEpPxuEb consumed 3868 of 596371 compute units
[2025-11-05T06:35:33.044192000Z DEBUG solana_runtime::message_processor::stable_log] Program TokenzQdBNbLqP5VEhdkAS6EPFLC1PHnBqCXEpPxuEb success
[2025-11-05T06:35:33.051547000Z DEBUG solana_runtime::message_processor::stable_log] Program 11111111111111111111111111111111 invoke [1]
[2025-11-05T06:35:33.051567000Z DEBUG solana_runtime::message_processor::stable_log] Program 11111111111111111111111111111111 success
[2025-11-05T06:35:33.051571000Z DEBUG solana_runtime::message_processor::stable_log] Program TokenzQdBNbLqP5VEhdkAS6EPFLC1PHnBqCXEpPxuEb invoke [1]
[2025-11-05T06:35:33.051749000Z DEBUG solana_runtime::message_processor::stable_log] Program TokenzQdBNbLqP5VEhdkAS6EPFLC1PHnBqCXEpPxuEb consumed 3479 of 599850 compute units
[2025-11-05T06:35:33.051761000Z DEBUG solana_runtime::message_processor::stable_log] Program TokenzQdBNbLqP5VEhdkAS6EPFLC1PHnBqCXEpPxuEb success
[2025-11-05T06:35:33.051768000Z DEBUG solana_runtime::message_processor::stable_log] Program TokenzQdBNbLqP5VEhdkAS6EPFLC1PHnBqCXEpPxuEb invoke [1]
[2025-11-05T06:35:33.051794000Z DEBUG solana_runtime::message_processor::stable_log] Program log: Instruction: InitializeMint2
[2025-11-05T06:35:33.051856000Z DEBUG solana_runtime::message_processor::stable_log] Program TokenzQdBNbLqP5VEhdkAS6EPFLC1PHnBqCXEpPxuEb consumed 3868 of 596371 compute units
[2025-11-05T06:35:33.051863000Z DEBUG solana_runtime::message_processor::stable_log] Program TokenzQdBNbLqP5VEhdkAS6EPFLC1PHnBqCXEpPxuEb success
[2025-11-05T06:35:33.057058000Z DEBUG solana_runtime::message_processor::stable_log] Program ATokenGPvbdGVxr1b2hvZbsiqW5xWH25efTNsLJA8knL invoke [1]
[2025-11-05T06:35:33.057122000Z DEBUG solana_runtime::message_processor::stable_log] Program log: Create
[2025-11-05T06:35:33.057173000Z DEBUG solana_runtime::message_processor::stable_log] Program TokenzQdBNbLqP5VEhdkAS6EPFLC1PHnBqCXEpPxuEb invoke [2]
[2025-11-05T06:35:33.057336000Z DEBUG solana_runtime::message_processor::stable_log] Program log: Instruction: GetAccountDataSize
[2025-11-05T06:35:33.057391000Z DEBUG solana_runtime::message_processor::stable_log] Program TokenzQdBNbLqP5VEhdkAS6EPFLC1PHnBqCXEpPxuEb consumed 2917 of 194642 compute units
[2025-11-05T06:35:33.057398000Z DEBUG solana_runtime::message_processor::stable_log] Program return: TokenzQdBNbLqP5VEhdkAS6EPFLC1PHnBqCXEpPxuEb tgAAAAAAAAA=
[2025-11-05T06:35:33.057407000Z DEBUG solana_runtime::message_processor::stable_log] Program TokenzQdBNbLqP5VEhdkAS6EPFLC1PHnBqCXEpPxuEb success
[2025-11-05T06:35:33.057471000Z DEBUG solana_runtime::message_processor::stable_log] Program 11111111111111111111111111111111 invoke [2]
[2025-11-05T06:35:33.057482000Z DEBUG solana_runtime::message_processor::stable_log] Program 11111111111111111111111111111111 success
[2025-11-05T06:35:33.057488000Z DEBUG solana_runtime::message_processor::stable_log] Program log: Initialize the associated token account
[2025-11-05T06:35:33.057507000Z DEBUG solana_runtime::message_processor::stable_log] Program TokenzQdBNbLqP5VEhdkAS6EPFLC1PHnBqCXEpPxuEb invoke [2]
[2025-11-05T06:35:33.057530000Z DEBUG solana_runtime::message_processor::stable_log] Program log: Instruction: InitializeImmutableOwner
[2025-11-05T06:35:33.057566000Z DEBUG solana_runtime::message_processor::stable_log] Program TokenzQdBNbLqP5VEhdkAS6EPFLC1PHnBqCXEpPxuEb consumed 1924 of 186795 compute units
[2025-11-05T06:35:33.057577000Z DEBUG solana_runtime::message_processor::stable_log] Program TokenzQdBNbLqP5VEhdkAS6EPFLC1PHnBqCXEpPxuEb success
[2025-11-05T06:35:33.057609000Z DEBUG solana_runtime::message_processor::stable_log] Program TokenzQdBNbLqP5VEhdkAS6EPFLC1PHnBqCXEpPxuEb invoke [2]
[2025-11-05T06:35:33.057637000Z DEBUG solana_runtime::message_processor::stable_log] Program log: Instruction: InitializeAccount3
[2025-11-05T06:35:33.057721000Z DEBUG solana_runtime::message_processor::stable_log] Program TokenzQdBNbLqP5VEhdkAS6EPFLC1PHnBqCXEpPxuEb consumed 5446 of 182481 compute units
[2025-11-05T06:35:33.057730000Z DEBUG solana_runtime::message_processor::stable_log] Program TokenzQdBNbLqP5VEhdkAS6EPFLC1PHnBqCXEpPxuEb success
[2025-11-05T06:35:33.057743000Z DEBUG solana_runtime::message_processor::stable_log] Program ATokenGPvbdGVxr1b2hvZbsiqW5xWH25efTNsLJA8knL consumed 23269 of 200000 compute units
[2025-11-05T06:35:33.057751000Z DEBUG solana_runtime::message_processor::stable_log] Program ATokenGPvbdGVxr1b2hvZbsiqW5xWH25efTNsLJA8knL success
[2025-11-05T06:35:33.061266000Z DEBUG solana_runtime::message_processor::stable_log] Program TokenzQdBNbLqP5VEhdkAS6EPFLC1PHnBqCXEpPxuEb invoke [1]
[2025-11-05T06:35:33.061350000Z DEBUG solana_runtime::message_processor::stable_log] Program log: Instruction: MintTo
[2025-11-05T06:35:33.061426000Z DEBUG solana_runtime::message_processor::stable_log] Program TokenzQdBNbLqP5VEhdkAS6EPFLC1PHnBqCXEpPxuEb consumed 5403 of 200000 compute units
[2025-11-05T06:35:33.061438000Z DEBUG solana_runtime::message_processor::stable_log] Program TokenzQdBNbLqP5VEhdkAS6EPFLC1PHnBqCXEpPxuEb success
[2025-11-05T06:35:33.066362000Z DEBUG solana_runtime::message_processor::stable_log] Program ATokenGPvbdGVxr1b2hvZbsiqW5xWH25efTNsLJA8knL invoke [1]
[2025-11-05T06:35:33.066509000Z DEBUG solana_runtime::message_processor::stable_log] Program log: Create
[2025-11-05T06:35:33.066589000Z DEBUG solana_runtime::message_processor::stable_log] Program TokenzQdBNbLqP5VEhdkAS6EPFLC1PHnBqCXEpPxuEb invoke [2]
[2025-11-05T06:35:33.066640000Z DEBUG solana_runtime::message_processor::stable_log] Program log: Instruction: GetAccountDataSize
[2025-11-05T06:35:33.066695000Z DEBUG solana_runtime::message_processor::stable_log] Program TokenzQdBNbLqP5VEhdkAS6EPFLC1PHnBqCXEpPxuEb consumed 2917 of 194642 compute units
[2025-11-05T06:35:33.066704000Z DEBUG solana_runtime::message_processor::stable_log] Program return: TokenzQdBNbLqP5VEhdkAS6EPFLC1PHnBqCXEpPxuEb tgAAAAAAAAA=
[2025-11-05T06:35:33.066713000Z DEBUG solana_runtime::message_processor::stable_log] Program TokenzQdBNbLqP5VEhdkAS6EPFLC1PHnBqCXEpPxuEb success
[2025-11-05T06:35:33.066777000Z DEBUG solana_runtime::message_processor::stable_log] Program 11111111111111111111111111111111 invoke [2]
[2025-11-05T06:35:33.066784000Z DEBUG solana_runtime::message_processor::stable_log] Program 11111111111111111111111111111111 success
[2025-11-05T06:35:33.066794000Z DEBUG solana_runtime::message_processor::stable_log] Program log: Initialize the associated token account
[2025-11-05T06:35:33.066812000Z DEBUG solana_runtime::message_processor::stable_log] Program TokenzQdBNbLqP5VEhdkAS6EPFLC1PHnBqCXEpPxuEb invoke [2]
[2025-11-05T06:35:33.066835000Z DEBUG solana_runtime::message_processor::stable_log] Program log: Instruction: InitializeImmutableOwner
[2025-11-05T06:35:33.066858000Z DEBUG solana_runtime::message_processor::stable_log] Program TokenzQdBNbLqP5VEhdkAS6EPFLC1PHnBqCXEpPxuEb consumed 1924 of 186795 compute units
[2025-11-05T06:35:33.066866000Z DEBUG solana_runtime::message_processor::stable_log] Program TokenzQdBNbLqP5VEhdkAS6EPFLC1PHnBqCXEpPxuEb success
[2025-11-05T06:35:33.066900000Z DEBUG solana_runtime::message_processor::stable_log] Program TokenzQdBNbLqP5VEhdkAS6EPFLC1PHnBqCXEpPxuEb invoke [2]
[2025-11-05T06:35:33.066930000Z DEBUG solana_runtime::message_processor::stable_log] Program log: Instruction: InitializeAccount3
[2025-11-05T06:35:33.067014000Z DEBUG solana_runtime::message_processor::stable_log] Program TokenzQdBNbLqP5VEhdkAS6EPFLC1PHnBqCXEpPxuEb consumed 5446 of 182481 compute units
[2025-11-05T06:35:33.067022000Z DEBUG solana_runtime::message_processor::stable_log] Program TokenzQdBNbLqP5VEhdkAS6EPFLC1PHnBqCXEpPxuEb success
[2025-11-05T06:35:33.067038000Z DEBUG solana_runtime::message_processor::stable_log] Program ATokenGPvbdGVxr1b2hvZbsiqW5xWH25efTNsLJA8knL consumed 23269 of 200000 compute units
[2025-11-05T06:35:33.067049000Z DEBUG solana_runtime::message_processor::stable_log] Program ATokenGPvbdGVxr1b2hvZbsiqW5xWH25efTNsLJA8knL success
[2025-11-05T06:35:33.070503000Z DEBUG solana_runtime::message_processor::stable_log] Program TokenzQdBNbLqP5VEhdkAS6EPFLC1PHnBqCXEpPxuEb invoke [1]
[2025-11-05T06:35:33.070563000Z DEBUG solana_runtime::message_processor::stable_log] Program log: Instruction: MintTo
[2025-11-05T06:35:33.070638000Z DEBUG solana_runtime::message_processor::stable_log] Program TokenzQdBNbLqP5VEhdkAS6EPFLC1PHnBqCXEpPxuEb consumed 5403 of 200000 compute units
[2025-11-05T06:35:33.070648000Z DEBUG solana_runtime::message_processor::stable_log] Program TokenzQdBNbLqP5VEhdkAS6EPFLC1PHnBqCXEpPxuEb success
[2025-11-05T06:35:33.075308000Z DEBUG solana_runtime::message_processor::stable_log] Program ATokenGPvbdGVxr1b2hvZbsiqW5xWH25efTNsLJA8knL invoke [1]
[2025-11-05T06:35:33.075443000Z DEBUG solana_runtime::message_processor::stable_log] Program log: Create
[2025-11-05T06:35:33.075506000Z DEBUG solana_runtime::message_processor::stable_log] Program TokenzQdBNbLqP5VEhdkAS6EPFLC1PHnBqCXEpPxuEb invoke [2]
[2025-11-05T06:35:33.075545000Z DEBUG solana_runtime::message_processor::stable_log] Program log: Instruction: GetAccountDataSize
[2025-11-05T06:35:33.075590000Z DEBUG solana_runtime::message_processor::stable_log] Program TokenzQdBNbLqP5VEhdkAS6EPFLC1PHnBqCXEpPxuEb consumed 2917 of 193142 compute units
[2025-11-05T06:35:33.075602000Z DEBUG solana_runtime::message_processor::stable_log] Program return: TokenzQdBNbLqP5VEhdkAS6EPFLC1PHnBqCXEpPxuEb tgAAAAAAAAA=
[2025-11-05T06:35:33.075610000Z DEBUG solana_runtime::message_processor::stable_log] Program TokenzQdBNbLqP5VEhdkAS6EPFLC1PHnBqCXEpPxuEb success
[2025-11-05T06:35:33.075665000Z DEBUG solana_runtime::message_processor::stable_log] Program 11111111111111111111111111111111 invoke [2]
[2025-11-05T06:35:33.075673000Z DEBUG solana_runtime::message_processor::stable_log] Program 11111111111111111111111111111111 success
[2025-11-05T06:35:33.075679000Z DEBUG solana_runtime::message_processor::stable_log] Program log: Initialize the associated token account
[2025-11-05T06:35:33.075695000Z DEBUG solana_runtime::message_processor::stable_log] Program TokenzQdBNbLqP5VEhdkAS6EPFLC1PHnBqCXEpPxuEb invoke [2]
[2025-11-05T06:35:33.075719000Z DEBUG solana_runtime::message_processor::stable_log] Program log: Instruction: InitializeImmutableOwner
[2025-11-05T06:35:33.075742000Z DEBUG solana_runtime::message_processor::stable_log] Program TokenzQdBNbLqP5VEhdkAS6EPFLC1PHnBqCXEpPxuEb consumed 1924 of 185295 compute units
[2025-11-05T06:35:33.075750000Z DEBUG solana_runtime::message_processor::stable_log] Program TokenzQdBNbLqP5VEhdkAS6EPFLC1PHnBqCXEpPxuEb success
[2025-11-05T06:35:33.075781000Z DEBUG solana_runtime::message_processor::stable_log] Program TokenzQdBNbLqP5VEhdkAS6EPFLC1PHnBqCXEpPxuEb invoke [2]
[2025-11-05T06:35:33.075812000Z DEBUG solana_runtime::message_processor::stable_log] Program log: Instruction: InitializeAccount3
[2025-11-05T06:35:33.075897000Z DEBUG solana_runtime::message_processor::stable_log] Program TokenzQdBNbLqP5VEhdkAS6EPFLC1PHnBqCXEpPxuEb consumed 5446 of 180981 compute units
[2025-11-05T06:35:33.075905000Z DEBUG solana_runtime::message_processor::stable_log] Program TokenzQdBNbLqP5VEhdkAS6EPFLC1PHnBqCXEpPxuEb success
[2025-11-05T06:35:33.075919000Z DEBUG solana_runtime::message_processor::stable_log] Program ATokenGPvbdGVxr1b2hvZbsiqW5xWH25efTNsLJA8knL consumed 24769 of 200000 compute units
[2025-11-05T06:35:33.075932000Z DEBUG solana_runtime::message_processor::stable_log] Program ATokenGPvbdGVxr1b2hvZbsiqW5xWH25efTNsLJA8knL success
[2025-11-05T06:35:33.079214000Z DEBUG solana_runtime::message_processor::stable_log] Program TokenzQdBNbLqP5VEhdkAS6EPFLC1PHnBqCXEpPxuEb invoke [1]
[2025-11-05T06:35:33.079267000Z DEBUG solana_runtime::message_processor::stable_log] Program log: Instruction: MintTo
[2025-11-05T06:35:33.079341000Z DEBUG solana_runtime::message_processor::stable_log] Program TokenzQdBNbLqP5VEhdkAS6EPFLC1PHnBqCXEpPxuEb consumed 5403 of 200000 compute units
[2025-11-05T06:35:33.079351000Z DEBUG solana_runtime::message_processor::stable_log] Program TokenzQdBNbLqP5VEhdkAS6EPFLC1PHnBqCXEpPxuEb success
[2025-11-05T06:35:33.084280000Z DEBUG solana_runtime::message_processor::stable_log] Program ATokenGPvbdGVxr1b2hvZbsiqW5xWH25efTNsLJA8knL invoke [1]
[2025-11-05T06:35:33.084422000Z DEBUG solana_runtime::message_processor::stable_log] Program log: Create
[2025-11-05T06:35:33.084483000Z DEBUG solana_runtime::message_processor::stable_log] Program TokenzQdBNbLqP5VEhdkAS6EPFLC1PHnBqCXEpPxuEb invoke [2]
[2025-11-05T06:35:33.084532000Z DEBUG solana_runtime::message_processor::stable_log] Program log: Instruction: GetAccountDataSize
[2025-11-05T06:35:33.084582000Z DEBUG solana_runtime::message_processor::stable_log] Program TokenzQdBNbLqP5VEhdkAS6EPFLC1PHnBqCXEpPxuEb consumed 2917 of 194642 compute units
[2025-11-05T06:35:33.084591000Z DEBUG solana_runtime::message_processor::stable_log] Program return: TokenzQdBNbLqP5VEhdkAS6EPFLC1PHnBqCXEpPxuEb tgAAAAAAAAA=
[2025-11-05T06:35:33.084630000Z DEBUG solana_runtime::message_processor::stable_log] Program TokenzQdBNbLqP5VEhdkAS6EPFLC1PHnBqCXEpPxuEb success
[2025-11-05T06:35:33.084779000Z DEBUG solana_runtime::message_processor::stable_log] Program 11111111111111111111111111111111 invoke [2]
[2025-11-05T06:35:33.084799000Z DEBUG solana_runtime::message_processor::stable_log] Program 11111111111111111111111111111111 success
[2025-11-05T06:35:33.084810000Z DEBUG solana_runtime::message_processor::stable_log] Program log: Initialize the associated token account
[2025-11-05T06:35:33.084842000Z DEBUG solana_runtime::message_processor::stable_log] Program TokenzQdBNbLqP5VEhdkAS6EPFLC1PHnBqCXEpPxuEb invoke [2]
[2025-11-05T06:35:33.084895000Z DEBUG solana_runtime::message_processor::stable_log] Program log: Instruction: InitializeImmutableOwner
[2025-11-05T06:35:33.084941000Z DEBUG solana_runtime::message_processor::stable_log] Program TokenzQdBNbLqP5VEhdkAS6EPFLC1PHnBqCXEpPxuEb consumed 1924 of 186795 compute units
[2025-11-05T06:35:33.084953000Z DEBUG solana_runtime::message_processor::stable_log] Program TokenzQdBNbLqP5VEhdkAS6EPFLC1PHnBqCXEpPxuEb success
[2025-11-05T06:35:33.085019000Z DEBUG solana_runtime::message_processor::stable_log] Program TokenzQdBNbLqP5VEhdkAS6EPFLC1PHnBqCXEpPxuEb invoke [2]
[2025-11-05T06:35:33.085057000Z DEBUG solana_runtime::message_processor::stable_log] Program log: Instruction: InitializeAccount3
[2025-11-05T06:35:33.085162000Z DEBUG solana_runtime::message_processor::stable_log] Program TokenzQdBNbLqP5VEhdkAS6EPFLC1PHnBqCXEpPxuEb consumed 5446 of 182481 compute units
[2025-11-05T06:35:33.085181000Z DEBUG solana_runtime::message_processor::stable_log] Program TokenzQdBNbLqP5VEhdkAS6EPFLC1PHnBqCXEpPxuEb success
[2025-11-05T06:35:33.085195000Z DEBUG solana_runtime::message_processor::stable_log] Program ATokenGPvbdGVxr1b2hvZbsiqW5xWH25efTNsLJA8knL consumed 23269 of 200000 compute units
[2025-11-05T06:35:33.085205000Z DEBUG solana_runtime::message_processor::stable_log] Program ATokenGPvbdGVxr1b2hvZbsiqW5xWH25efTNsLJA8knL success
[2025-11-05T06:35:33.089078000Z DEBUG solana_runtime::message_processor::stable_log] Program TokenzQdBNbLqP5VEhdkAS6EPFLC1PHnBqCXEpPxuEb invoke [1]
[2025-11-05T06:35:33.089136000Z DEBUG solana_runtime::message_processor::stable_log] Program log: Instruction: MintTo
[2025-11-05T06:35:33.089281000Z DEBUG solana_runtime::message_processor::stable_log] Program TokenzQdBNbLqP5VEhdkAS6EPFLC1PHnBqCXEpPxuEb consumed 5403 of 200000 compute units
[2025-11-05T06:35:33.089293000Z DEBUG solana_runtime::message_processor::stable_log] Program TokenzQdBNbLqP5VEhdkAS6EPFLC1PHnBqCXEpPxuEb success
[2025-11-05T06:35:33.102035000Z DEBUG solana_runtime::message_processor::stable_log] Program ASmKWt93JEMHxbdE6j7znD9y2FcdPboCzC3xtSTJvN7S invoke [1]
[2025-11-05T06:35:33.102115000Z DEBUG solana_runtime::message_processor::stable_log] Program log: Instruction: CreateConfig
[2025-11-05T06:35:33.102265000Z DEBUG solana_runtime::message_processor::stable_log] Program 11111111111111111111111111111111 invoke [2]
[2025-11-05T06:35:33.102274000Z DEBUG solana_runtime::message_processor::stable_log] Program 11111111111111111111111111111111 success
[2025-11-05T06:35:33.102372000Z DEBUG solana_runtime::message_processor::stable_log] Program ASmKWt93JEMHxbdE6j7znD9y2FcdPboCzC3xtSTJvN7S invoke [2]
[2025-11-05T06:35:33.102422000Z DEBUG solana_runtime::message_processor::stable_log] Program ASmKWt93JEMHxbdE6j7znD9y2FcdPboCzC3xtSTJvN7S consumed 2069 of 184598 compute units
[2025-11-05T06:35:33.102434000Z DEBUG solana_runtime::message_processor::stable_log] Program ASmKWt93JEMHxbdE6j7znD9y2FcdPboCzC3xtSTJvN7S success
[2025-11-05T06:35:33.102461000Z DEBUG solana_runtime::message_processor::stable_log] Program ASmKWt93JEMHxbdE6j7znD9y2FcdPboCzC3xtSTJvN7S consumed 17776 of 200000 compute units
[2025-11-05T06:35:33.102473000Z DEBUG solana_runtime::message_processor::stable_log] Program ASmKWt93JEMHxbdE6j7znD9y2FcdPboCzC3xtSTJvN7S success
[2025-11-05T06:35:33.136414000Z DEBUG solana_runtime::message_processor::stable_log] Program ASmKWt93JEMHxbdE6j7znD9y2FcdPboCzC3xtSTJvN7S invoke [1]
[2025-11-05T06:35:33.136602000Z DEBUG solana_runtime::message_processor::stable_log] Program log: Instruction: InitializePool
[2025-11-05T06:35:33.136772000Z DEBUG solana_runtime::message_processor::stable_log] Program 11111111111111111111111111111111 invoke [2]
[2025-11-05T06:35:33.136782000Z DEBUG solana_runtime::message_processor::stable_log] Program 11111111111111111111111111111111 success
[2025-11-05T06:35:33.136827000Z DEBUG solana_runtime::message_processor::stable_log] Program TokenzQdBNbLqP5VEhdkAS6EPFLC1PHnBqCXEpPxuEb invoke [2]
[2025-11-05T06:35:33.136872000Z DEBUG solana_runtime::message_processor::stable_log] Program log: MetadataPointerInstruction::Initialize
[2025-11-05T06:35:33.136908000Z DEBUG solana_runtime::message_processor::stable_log] Program TokenzQdBNbLqP5VEhdkAS6EPFLC1PHnBqCXEpPxuEb consumed 2442 of 334481 compute units
[2025-11-05T06:35:33.136917000Z DEBUG solana_runtime::message_processor::stable_log] Program TokenzQdBNbLqP5VEhdkAS6EPFLC1PHnBqCXEpPxuEb success
[2025-11-05T06:35:33.136948000Z DEBUG solana_runtime::message_processor::stable_log] Program TokenzQdBNbLqP5VEhdkAS6EPFLC1PHnBqCXEpPxuEb invoke [2]
[2025-11-05T06:35:33.136972000Z DEBUG solana_runtime::message_processor::stable_log] Program log: Instruction: InitializeMintCloseAuthority
[2025-11-05T06:35:33.137003000Z DEBUG solana_runtime::message_processor::stable_log] Program TokenzQdBNbLqP5VEhdkAS6EPFLC1PHnBqCXEpPxuEb consumed 2570 of 330061 compute units
[2025-11-05T06:35:33.137012000Z DEBUG solana_runtime::message_processor::stable_log] Program TokenzQdBNbLqP5VEhdkAS6EPFLC1PHnBqCXEpPxuEb success
[2025-11-05T06:35:33.137041000Z DEBUG solana_runtime::message_processor::stable_log] Program TokenzQdBNbLqP5VEhdkAS6EPFLC1PHnBqCXEpPxuEb invoke [2]
[2025-11-05T06:35:33.137066000Z DEBUG solana_runtime::message_processor::stable_log] Program log: Instruction: InitializeMint2
[2025-11-05T06:35:33.137127000Z DEBUG solana_runtime::message_processor::stable_log] Program TokenzQdBNbLqP5VEhdkAS6EPFLC1PHnBqCXEpPxuEb consumed 4078 of 325549 compute units
[2025-11-05T06:35:33.137135000Z DEBUG solana_runtime::message_processor::stable_log] Program TokenzQdBNbLqP5VEhdkAS6EPFLC1PHnBqCXEpPxuEb success
[2025-11-05T06:35:33.137259000Z DEBUG solana_runtime::message_processor::stable_log] Program 11111111111111111111111111111111 invoke [2]
[2025-11-05T06:35:33.137269000Z DEBUG solana_runtime::message_processor::stable_log] Program 11111111111111111111111111111111 success
[2025-11-05T06:35:33.137297000Z DEBUG solana_runtime::message_processor::stable_log] Program TokenzQdBNbLqP5VEhdkAS6EPFLC1PHnBqCXEpPxuEb invoke [2]
[2025-11-05T06:35:33.137326000Z DEBUG solana_runtime::message_processor::stable_log] Program log: Instruction: InitializeAccount3
[2025-11-05T06:35:33.137402000Z DEBUG solana_runtime::message_processor::stable_log] Program TokenzQdBNbLqP5VEhdkAS6EPFLC1PHnBqCXEpPxuEb consumed 5137 of 310365 compute units
[2025-11-05T06:35:33.137410000Z DEBUG solana_runtime::message_processor::stable_log] Program TokenzQdBNbLqP5VEhdkAS6EPFLC1PHnBqCXEpPxuEb success
[2025-11-05T06:35:33.137505000Z DEBUG solana_runtime::message_processor::stable_log] Program 11111111111111111111111111111111 invoke [2]
[2025-11-05T06:35:33.137510000Z DEBUG solana_runtime::message_processor::stable_log] Program 11111111111111111111111111111111 success
[2025-11-05T06:35:33.137579000Z DEBUG solana_runtime::message_processor::stable_log] Program 11111111111111111111111111111111 invoke [2]
[2025-11-05T06:35:33.137584000Z DEBUG solana_runtime::message_processor::stable_log] Program 11111111111111111111111111111111 success
[2025-11-05T06:35:33.137674000Z DEBUG solana_runtime::message_processor::stable_log] Program 11111111111111111111111111111111 invoke [2]
[2025-11-05T06:35:33.137677000Z DEBUG solana_runtime::message_processor::stable_log] Program 11111111111111111111111111111111 success
[2025-11-05T06:35:33.137703000Z DEBUG solana_runtime::message_processor::stable_log] Program TokenzQdBNbLqP5VEhdkAS6EPFLC1PHnBqCXEpPxuEb invoke [2]
[2025-11-05T06:35:33.137736000Z DEBUG solana_runtime::message_processor::stable_log] Program log: Instruction: InitializeAccount3
[2025-11-05T06:35:33.137869000Z DEBUG solana_runtime::message_processor::stable_log] Program TokenzQdBNbLqP5VEhdkAS6EPFLC1PHnBqCXEpPxuEb consumed 5379 of 283995 compute units
[2025-11-05T06:35:33.137881000Z DEBUG solana_runtime::message_processor::stable_log] Program TokenzQdBNbLqP5VEhdkAS6EPFLC1PHnBqCXEpPxuEb success
[2025-11-05T06:35:33.138028000Z DEBUG solana_runtime::message_processor::stable_log] Program 11111111111111111111111111111111 invoke [2]
[2025-11-05T06:35:33.138035000Z DEBUG solana_runtime::message_processor::stable_log] Program 11111111111111111111111111111111 success
[2025-11-05T06:35:33.138062000Z DEBUG solana_runtime::message_processor::stable_log] Program TokenzQdBNbLqP5VEhdkAS6EPFLC1PHnBqCXEpPxuEb invoke [2]
[2025-11-05T06:35:33.138089000Z DEBUG solana_runtime::message_processor::stable_log] Program log: Instruction: InitializeAccount3
[2025-11-05T06:35:33.138167000Z DEBUG solana_runtime::message_processor::stable_log] Program TokenzQdBNbLqP5VEhdkAS6EPFLC1PHnBqCXEpPxuEb consumed 5379 of 265410 compute units
[2025-11-05T06:35:33.138176000Z DEBUG solana_runtime::message_processor::stable_log] Program TokenzQdBNbLqP5VEhdkAS6EPFLC1PHnBqCXEpPxuEb success
[2025-11-05T06:35:33.138435000Z DEBUG solana_runtime::message_processor::stable_log] Program TokenzQdBNbLqP5VEhdkAS6EPFLC1PHnBqCXEpPxuEb invoke [2]
[2025-11-05T06:35:33.138487000Z DEBUG solana_runtime::message_processor::stable_log] Program log: TokenMetadataInstruction: Initialize
[2025-11-05T06:35:33.138611000Z DEBUG solana_runtime::message_processor::stable_log] Program TokenzQdBNbLqP5VEhdkAS6EPFLC1PHnBqCXEpPxuEb consumed 9900 of 244881 compute units
[2025-11-05T06:35:33.138619000Z DEBUG solana_runtime::message_processor::stable_log] Program TokenzQdBNbLqP5VEhdkAS6EPFLC1PHnBqCXEpPxuEb success
[2025-11-05T06:35:33.138660000Z DEBUG solana_runtime::message_processor::stable_log] Program 11111111111111111111111111111111 invoke [2]
[2025-11-05T06:35:33.138663000Z DEBUG solana_runtime::message_processor::stable_log] Program 11111111111111111111111111111111 success
[2025-11-05T06:35:33.138701000Z DEBUG solana_runtime::message_processor::stable_log] Program TokenzQdBNbLqP5VEhdkAS6EPFLC1PHnBqCXEpPxuEb invoke [2]
[2025-11-05T06:35:33.138730000Z DEBUG solana_runtime::message_processor::stable_log] Program log: Instruction: MintTo
[2025-11-05T06:35:33.138805000Z DEBUG solana_runtime::message_processor::stable_log] Program TokenzQdBNbLqP5VEhdkAS6EPFLC1PHnBqCXEpPxuEb consumed 5540 of 229919 compute units
[2025-11-05T06:35:33.138814000Z DEBUG solana_runtime::message_processor::stable_log] Program TokenzQdBNbLqP5VEhdkAS6EPFLC1PHnBqCXEpPxuEb success
[2025-11-05T06:35:33.138883000Z DEBUG solana_runtime::message_processor::stable_log] Program ASmKWt93JEMHxbdE6j7znD9y2FcdPboCzC3xtSTJvN7S invoke [2]
[2025-11-05T06:35:33.138916000Z DEBUG solana_runtime::message_processor::stable_log] Program ASmKWt93JEMHxbdE6j7znD9y2FcdPboCzC3xtSTJvN7S consumed 2069 of 221314 compute units
[2025-11-05T06:35:33.138928000Z DEBUG solana_runtime::message_processor::stable_log] Program ASmKWt93JEMHxbdE6j7znD9y2FcdPboCzC3xtSTJvN7S success
[2025-11-05T06:35:33.139035000Z DEBUG solana_runtime::message_processor::stable_log] Program TokenzQdBNbLqP5VEhdkAS6EPFLC1PHnBqCXEpPxuEb invoke [2]
[2025-11-05T06:35:33.139076000Z DEBUG solana_runtime::message_processor::stable_log] Program log: Instruction: TransferChecked
[2025-11-05T06:35:33.139230000Z DEBUG solana_runtime::message_processor::stable_log] Program TokenzQdBNbLqP5VEhdkAS6EPFLC1PHnBqCXEpPxuEb consumed 9156 of 212650 compute units
[2025-11-05T06:35:33.139239000Z DEBUG solana_runtime::message_processor::stable_log] Program TokenzQdBNbLqP5VEhdkAS6EPFLC1PHnBqCXEpPxuEb success
[2025-11-05T06:35:33.139280000Z DEBUG solana_runtime::message_processor::stable_log] Program TokenzQdBNbLqP5VEhdkAS6EPFLC1PHnBqCXEpPxuEb invoke [2]
[2025-11-05T06:35:33.139311000Z DEBUG solana_runtime::message_processor::stable_log] Program log: Instruction: TransferChecked
[2025-11-05T06:35:33.139432000Z DEBUG solana_runtime::message_processor::stable_log] Program TokenzQdBNbLqP5VEhdkAS6EPFLC1PHnBqCXEpPxuEb consumed 9156 of 201089 compute units
[2025-11-05T06:35:33.139440000Z DEBUG solana_runtime::message_processor::stable_log] Program TokenzQdBNbLqP5VEhdkAS6EPFLC1PHnBqCXEpPxuEb success
[2025-11-05T06:35:33.139517000Z DEBUG solana_runtime::message_processor::stable_log] Program ASmKWt93JEMHxbdE6j7znD9y2FcdPboCzC3xtSTJvN7S invoke [2]
[2025-11-05T06:35:33.139550000Z DEBUG solana_runtime::message_processor::stable_log] Program ASmKWt93JEMHxbdE6j7znD9y2FcdPboCzC3xtSTJvN7S consumed 2069 of 186852 compute units
[2025-11-05T06:35:33.139558000Z DEBUG solana_runtime::message_processor::stable_log] Program ASmKWt93JEMHxbdE6j7znD9y2FcdPboCzC3xtSTJvN7S success
[2025-11-05T06:35:33.139582000Z DEBUG solana_runtime::message_processor::stable_log] Program ASmKWt93JEMHxbdE6j7znD9y2FcdPboCzC3xtSTJvN7S consumed 166004 of 350000 compute units
[2025-11-05T06:35:33.139593000Z DEBUG solana_runtime::message_processor::stable_log] Program ASmKWt93JEMHxbdE6j7znD9y2FcdPboCzC3xtSTJvN7S success
[2025-11-05T06:35:33.139601000Z DEBUG solana_runtime::message_processor::stable_log] Program ComputeBudget111111111111111111111111111111 invoke [1]
[2025-11-05T06:35:33.139608000Z DEBUG solana_runtime::message_processor::stable_log] Program ComputeBudget111111111111111111111111111111 success
[2025-11-05T06:35:33.170358000Z DEBUG solana_runtime::message_processor::stable_log] Program ASmKWt93JEMHxbdE6j7znD9y2FcdPboCzC3xtSTJvN7S invoke [1]
[2025-11-05T06:35:33.170475000Z DEBUG solana_runtime::message_processor::stable_log] Program log: Instruction: CreatePosition
[2025-11-05T06:35:33.170551000Z DEBUG solana_runtime::message_processor::stable_log] Program 11111111111111111111111111111111 invoke [2]
[2025-11-05T06:35:33.170563000Z DEBUG solana_runtime::message_processor::stable_log] Program 11111111111111111111111111111111 success
[2025-11-05T06:35:33.170595000Z DEBUG solana_runtime::message_processor::stable_log] Program TokenzQdBNbLqP5VEhdkAS6EPFLC1PHnBqCXEpPxuEb invoke [2]
[2025-11-05T06:35:33.170636000Z DEBUG solana_runtime::message_processor::stable_log] Program log: MetadataPointerInstruction::Initialize
[2025-11-05T06:35:33.170669000Z DEBUG solana_runtime::message_processor::stable_log] Program TokenzQdBNbLqP5VEhdkAS6EPFLC1PHnBqCXEpPxuEb consumed 2442 of 191116 compute units
[2025-11-05T06:35:33.170679000Z DEBUG solana_runtime::message_processor::stable_log] Program TokenzQdBNbLqP5VEhdkAS6EPFLC1PHnBqCXEpPxuEb success
[2025-11-05T06:35:33.170839000Z DEBUG solana_runtime::message_processor::stable_log] Program TokenzQdBNbLqP5VEhdkAS6EPFLC1PHnBqCXEpPxuEb invoke [2]
[2025-11-05T06:35:33.170874000Z DEBUG solana_runtime::message_processor::stable_log] Program log: Instruction: InitializeMintCloseAuthority
[2025-11-05T06:35:33.170912000Z DEBUG solana_runtime::message_processor::stable_log] Program TokenzQdBNbLqP5VEhdkAS6EPFLC1PHnBqCXEpPxuEb consumed 2570 of 186696 compute units
[2025-11-05T06:35:33.170920000Z DEBUG solana_runtime::message_processor::stable_log] Program TokenzQdBNbLqP5VEhdkAS6EPFLC1PHnBqCXEpPxuEb success
[2025-11-05T06:35:33.170948000Z DEBUG solana_runtime::message_processor::stable_log] Program TokenzQdBNbLqP5VEhdkAS6EPFLC1PHnBqCXEpPxuEb invoke [2]
[2025-11-05T06:35:33.170972000Z DEBUG solana_runtime::message_processor::stable_log] Program log: Instruction: InitializeMint2
[2025-11-05T06:35:33.171030000Z DEBUG solana_runtime::message_processor::stable_log] Program TokenzQdBNbLqP5VEhdkAS6EPFLC1PHnBqCXEpPxuEb consumed 4078 of 182183 compute units
[2025-11-05T06:35:33.171038000Z DEBUG solana_runtime::message_processor::stable_log] Program TokenzQdBNbLqP5VEhdkAS6EPFLC1PHnBqCXEpPxuEb success
[2025-11-05T06:35:33.171166000Z DEBUG solana_runtime::message_processor::stable_log] Program 11111111111111111111111111111111 invoke [2]
[2025-11-05T06:35:33.171172000Z DEBUG solana_runtime::message_processor::stable_log] Program 11111111111111111111111111111111 success
[2025-11-05T06:35:33.171206000Z DEBUG solana_runtime::message_processor::stable_log] Program TokenzQdBNbLqP5VEhdkAS6EPFLC1PHnBqCXEpPxuEb invoke [2]
[2025-11-05T06:35:33.171236000Z DEBUG solana_runtime::message_processor::stable_log] Program log: Instruction: InitializeAccount3
[2025-11-05T06:35:33.171309000Z DEBUG solana_runtime::message_processor::stable_log] Program TokenzQdBNbLqP5VEhdkAS6EPFLC1PHnBqCXEpPxuEb consumed 5137 of 166999 compute units
[2025-11-05T06:35:33.171317000Z DEBUG solana_runtime::message_processor::stable_log] Program TokenzQdBNbLqP5VEhdkAS6EPFLC1PHnBqCXEpPxuEb success
[2025-11-05T06:35:33.171422000Z DEBUG solana_runtime::message_processor::stable_log] Program 11111111111111111111111111111111 invoke [2]
[2025-11-05T06:35:33.171425000Z DEBUG solana_runtime::message_processor::stable_log] Program 11111111111111111111111111111111 success
[2025-11-05T06:35:33.171522000Z DEBUG solana_runtime::message_processor::stable_log] Program TokenzQdBNbLqP5VEhdkAS6EPFLC1PHnBqCXEpPxuEb invoke [2]
[2025-11-05T06:35:33.171583000Z DEBUG solana_runtime::message_processor::stable_log] Program log: TokenMetadataInstruction: Initialize
[2025-11-05T06:35:33.171703000Z DEBUG solana_runtime::message_processor::stable_log] Program TokenzQdBNbLqP5VEhdkAS6EPFLC1PHnBqCXEpPxuEb consumed 9900 of 145769 compute units
[2025-11-05T06:35:33.171712000Z DEBUG solana_runtime::message_processor::stable_log] Program TokenzQdBNbLqP5VEhdkAS6EPFLC1PHnBqCXEpPxuEb success
[2025-11-05T06:35:33.171751000Z DEBUG solana_runtime::message_processor::stable_log] Program 11111111111111111111111111111111 invoke [2]
[2025-11-05T06:35:33.171754000Z DEBUG solana_runtime::message_processor::stable_log] Program 11111111111111111111111111111111 success
[2025-11-05T06:35:33.171792000Z DEBUG solana_runtime::message_processor::stable_log] Program TokenzQdBNbLqP5VEhdkAS6EPFLC1PHnBqCXEpPxuEb invoke [2]
[2025-11-05T06:35:33.171822000Z DEBUG solana_runtime::message_processor::stable_log] Program log: Instruction: MintTo
[2025-11-05T06:35:33.171892000Z DEBUG solana_runtime::message_processor::stable_log] Program TokenzQdBNbLqP5VEhdkAS6EPFLC1PHnBqCXEpPxuEb consumed 5540 of 130807 compute units
[2025-11-05T06:35:33.171899000Z DEBUG solana_runtime::message_processor::stable_log] Program TokenzQdBNbLqP5VEhdkAS6EPFLC1PHnBqCXEpPxuEb success
[2025-11-05T06:35:33.171951000Z DEBUG solana_runtime::message_processor::stable_log] Program ASmKWt93JEMHxbdE6j7znD9y2FcdPboCzC3xtSTJvN7S invoke [2]
[2025-11-05T06:35:33.171991000Z DEBUG solana_runtime::message_processor::stable_log] Program ASmKWt93JEMHxbdE6j7znD9y2FcdPboCzC3xtSTJvN7S consumed 2069 of 122201 compute units
[2025-11-05T06:35:33.172000000Z DEBUG solana_runtime::message_processor::stable_log] Program ASmKWt93JEMHxbdE6j7znD9y2FcdPboCzC3xtSTJvN7S success
[2025-11-05T06:35:33.172024000Z DEBUG solana_runtime::message_processor::stable_log] Program ASmKWt93JEMHxbdE6j7znD9y2FcdPboCzC3xtSTJvN7S consumed 80433 of 200000 compute units
[2025-11-05T06:35:33.172037000Z DEBUG solana_runtime::message_processor::stable_log] Program ASmKWt93JEMHxbdE6j7znD9y2FcdPboCzC3xtSTJvN7S success
[2025-11-05T06:35:33.218277000Z DEBUG solana_runtime::message_processor::stable_log] Program ASmKWt93JEMHxbdE6j7znD9y2FcdPboCzC3xtSTJvN7S invoke [1]
[2025-11-05T06:35:33.218418000Z DEBUG solana_runtime::message_processor::stable_log] Program log: Instruction: AddLiquidity
[2025-11-05T06:35:33.218807000Z DEBUG solana_runtime::message_processor::stable_log] Program TokenzQdBNbLqP5VEhdkAS6EPFLC1PHnBqCXEpPxuEb invoke [2]
[2025-11-05T06:35:33.218858000Z DEBUG solana_runtime::message_processor::stable_log] Program log: Instruction: TransferChecked
[2025-11-05T06:35:33.219046000Z DEBUG solana_runtime::message_processor::stable_log] Program TokenzQdBNbLqP5VEhdkAS6EPFLC1PHnBqCXEpPxuEb consumed 9167 of 173993 compute units
[2025-11-05T06:35:33.219059000Z DEBUG solana_runtime::message_processor::stable_log] Program TokenzQdBNbLqP5VEhdkAS6EPFLC1PHnBqCXEpPxuEb success
[2025-11-05T06:35:33.219105000Z DEBUG solana_runtime::message_processor::stable_log] Program TokenzQdBNbLqP5VEhdkAS6EPFLC1PHnBqCXEpPxuEb invoke [2]
[2025-11-05T06:35:33.219137000Z DEBUG solana_runtime::message_processor::stable_log] Program log: Instruction: TransferChecked
[2025-11-05T06:35:33.219259000Z DEBUG solana_runtime::message_processor::stable_log] Program TokenzQdBNbLqP5VEhdkAS6EPFLC1PHnBqCXEpPxuEb consumed 9167 of 162421 compute units
[2025-11-05T06:35:33.219269000Z DEBUG solana_runtime::message_processor::stable_log] Program TokenzQdBNbLqP5VEhdkAS6EPFLC1PHnBqCXEpPxuEb success
[2025-11-05T06:35:33.219346000Z DEBUG solana_runtime::message_processor::stable_log] Program ASmKWt93JEMHxbdE6j7znD9y2FcdPboCzC3xtSTJvN7S invoke [2]
[2025-11-05T06:35:33.219387000Z DEBUG solana_runtime::message_processor::stable_log] Program ASmKWt93JEMHxbdE6j7znD9y2FcdPboCzC3xtSTJvN7S consumed 2069 of 150000 compute units
[2025-11-05T06:35:33.219396000Z DEBUG solana_runtime::message_processor::stable_log] Program ASmKWt93JEMHxbdE6j7znD9y2FcdPboCzC3xtSTJvN7S success
[2025-11-05T06:35:33.219503000Z DEBUG solana_runtime::message_processor::stable_log] Program ASmKWt93JEMHxbdE6j7znD9y2FcdPboCzC3xtSTJvN7S invoke [2]
[2025-11-05T06:35:33.219538000Z DEBUG solana_runtime::message_processor::stable_log] Program ASmKWt93JEMHxbdE6j7znD9y2FcdPboCzC3xtSTJvN7S consumed 2069 of 141233 compute units
[2025-11-05T06:35:33.219548000Z DEBUG solana_runtime::message_processor::stable_log] Program ASmKWt93JEMHxbdE6j7znD9y2FcdPboCzC3xtSTJvN7S success
[2025-11-05T06:35:33.219570000Z DEBUG solana_runtime::message_processor::stable_log] Program ASmKWt93JEMHxbdE6j7znD9y2FcdPboCzC3xtSTJvN7S consumed 61477 of 200000 compute units
[2025-11-05T06:35:33.219579000Z DEBUG solana_runtime::message_processor::stable_log] Program ASmKWt93JEMHxbdE6j7znD9y2FcdPboCzC3xtSTJvN7S success
[2025-11-05T06:35:33.240958000Z DEBUG solana_runtime::message_processor::stable_log] Program ASmKWt93JEMHxbdE6j7znD9y2FcdPboCzC3xtSTJvN7S invoke [1]
[2025-11-05T06:35:33.241065000Z DEBUG solana_runtime::message_processor::stable_log] Program log: Instruction: Swap2
[2025-11-05T06:35:33.241482000Z DEBUG solana_runtime::message_processor::stable_log] Program TokenzQdBNbLqP5VEhdkAS6EPFLC1PHnBqCXEpPxuEb invoke [2]
[2025-11-05T06:35:33.241529000Z DEBUG solana_runtime::message_processor::stable_log] Program log: Instruction: TransferChecked
[2025-11-05T06:35:33.241700000Z DEBUG solana_runtime::message_processor::stable_log] Program TokenzQdBNbLqP5VEhdkAS6EPFLC1PHnBqCXEpPxuEb consumed 9156 of 172099 compute units
[2025-11-05T06:35:33.241711000Z DEBUG solana_runtime::message_processor::stable_log] Program TokenzQdBNbLqP5VEhdkAS6EPFLC1PHnBqCXEpPxuEb success
[2025-11-05T06:35:33.241770000Z DEBUG solana_runtime::message_processor::stable_log] Program TokenzQdBNbLqP5VEhdkAS6EPFLC1PHnBqCXEpPxuEb invoke [2]
[2025-11-05T06:35:33.241803000Z DEBUG solana_runtime::message_processor::stable_log] Program log: Instruction: TransferChecked
[2025-11-05T06:35:33.241916000Z DEBUG solana_runtime::message_processor::stable_log] Program TokenzQdBNbLqP5VEhdkAS6EPFLC1PHnBqCXEpPxuEb consumed 9216 of 160484 compute units
[2025-11-05T06:35:33.241925000Z DEBUG solana_runtime::message_processor::stable_log] Program TokenzQdBNbLqP5VEhdkAS6EPFLC1PHnBqCXEpPxuEb success
[2025-11-05T06:35:33.242044000Z DEBUG solana_runtime::message_processor::stable_log] Program ASmKWt93JEMHxbdE6j7znD9y2FcdPboCzC3xtSTJvN7S invoke [2]
[2025-11-05T06:35:33.242080000Z DEBUG solana_runtime::message_processor::stable_log] Program ASmKWt93JEMHxbdE6j7znD9y2FcdPboCzC3xtSTJvN7S consumed 2069 of 145340 compute units
[2025-11-05T06:35:33.242088000Z DEBUG solana_runtime::message_processor::stable_log] Program ASmKWt93JEMHxbdE6j7znD9y2FcdPboCzC3xtSTJvN7S success
[2025-11-05T06:35:33.242144000Z DEBUG solana_runtime::message_processor::stable_log] Program ASmKWt93JEMHxbdE6j7znD9y2FcdPboCzC3xtSTJvN7S invoke [2]
[2025-11-05T06:35:33.242172000Z DEBUG solana_runtime::message_processor::stable_log] Program ASmKWt93JEMHxbdE6j7znD9y2FcdPboCzC3xtSTJvN7S consumed 2069 of 139642 compute units
[2025-11-05T06:35:33.242179000Z DEBUG solana_runtime::message_processor::stable_log] Program ASmKWt93JEMHxbdE6j7znD9y2FcdPboCzC3xtSTJvN7S success
[2025-11-05T06:35:33.242197000Z DEBUG solana_runtime::message_processor::stable_log] Program ASmKWt93JEMHxbdE6j7znD9y2FcdPboCzC3xtSTJvN7S consumed 62961 of 200000 compute units
[2025-11-05T06:35:33.242206000Z DEBUG solana_runtime::message_processor::stable_log] Program ASmKWt93JEMHxbdE6j7znD9y2FcdPboCzC3xtSTJvN7S success
[2025-11-05T06:35:33.264972000Z DEBUG solana_runtime::message_processor::stable_log] Program ASmKWt93JEMHxbdE6j7znD9y2FcdPboCzC3xtSTJvN7S invoke [1]
[2025-11-05T06:35:33.265077000Z DEBUG solana_runtime::message_processor::stable_log] Program log: Instruction: AddLiquidity
[2025-11-05T06:35:33.265509000Z DEBUG solana_runtime::message_processor::stable_log] Program TokenzQdBNbLqP5VEhdkAS6EPFLC1PHnBqCXEpPxuEb invoke [2]
[2025-11-05T06:35:33.265563000Z DEBUG solana_runtime::message_processor::stable_log] Program log: Instruction: TransferChecked
[2025-11-05T06:35:33.265749000Z DEBUG solana_runtime::message_processor::stable_log] Program TokenzQdBNbLqP5VEhdkAS6EPFLC1PHnBqCXEpPxuEb consumed 9167 of 174845 compute units
[2025-11-05T06:35:33.265762000Z DEBUG solana_runtime::message_processor::stable_log] Program TokenzQdBNbLqP5VEhdkAS6EPFLC1PHnBqCXEpPxuEb success
[2025-11-05T06:35:33.265804000Z DEBUG solana_runtime::message_processor::stable_log] Program TokenzQdBNbLqP5VEhdkAS6EPFLC1PHnBqCXEpPxuEb invoke [2]
[2025-11-05T06:35:33.265835000Z DEBUG solana_runtime::message_processor::stable_log] Program log: Instruction: TransferChecked
[2025-11-05T06:35:33.265941000Z DEBUG solana_runtime::message_processor::stable_log] Program TokenzQdBNbLqP5VEhdkAS6EPFLC1PHnBqCXEpPxuEb consumed 8762 of 163273 compute units
[2025-11-05T06:35:33.265951000Z DEBUG solana_runtime::message_processor::stable_log] Program TokenzQdBNbLqP5VEhdkAS6EPFLC1PHnBqCXEpPxuEb success
[2025-11-05T06:35:33.266002000Z DEBUG solana_runtime::message_processor::stable_log] Program ASmKWt93JEMHxbdE6j7znD9y2FcdPboCzC3xtSTJvN7S invoke [2]
[2025-11-05T06:35:33.266035000Z DEBUG solana_runtime::message_processor::stable_log] Program ASmKWt93JEMHxbdE6j7znD9y2FcdPboCzC3xtSTJvN7S consumed 2069 of 151257 compute units
[2025-11-05T06:35:33.266042000Z DEBUG solana_runtime::message_processor::stable_log] Program ASmKWt93JEMHxbdE6j7znD9y2FcdPboCzC3xtSTJvN7S success
[2025-11-05T06:35:33.266143000Z DEBUG solana_runtime::message_processor::stable_log] Program ASmKWt93JEMHxbdE6j7znD9y2FcdPboCzC3xtSTJvN7S invoke [2]
[2025-11-05T06:35:33.266176000Z DEBUG solana_runtime::message_processor::stable_log] Program ASmKWt93JEMHxbdE6j7znD9y2FcdPboCzC3xtSTJvN7S consumed 2069 of 142856 compute units
[2025-11-05T06:35:33.266184000Z DEBUG solana_runtime::message_processor::stable_log] Program ASmKWt93JEMHxbdE6j7znD9y2FcdPboCzC3xtSTJvN7S success
[2025-11-05T06:35:33.266205000Z DEBUG solana_runtime::message_processor::stable_log] Program ASmKWt93JEMHxbdE6j7znD9y2FcdPboCzC3xtSTJvN7S consumed 59854 of 200000 compute units
[2025-11-05T06:35:33.266214000Z DEBUG solana_runtime::message_processor::stable_log] Program ASmKWt93JEMHxbdE6j7znD9y2FcdPboCzC3xtSTJvN7S success
[2025-11-05T06:35:33.284867000Z DEBUG solana_runtime::message_processor::stable_log] Program ASmKWt93JEMHxbdE6j7znD9y2FcdPboCzC3xtSTJvN7S invoke [1]
[2025-11-05T06:35:33.284984000Z DEBUG solana_runtime::message_processor::stable_log] Program log: Instruction: Swap2
[2025-11-05T06:35:33.285391000Z DEBUG solana_runtime::message_processor::stable_log] Program TokenzQdBNbLqP5VEhdkAS6EPFLC1PHnBqCXEpPxuEb invoke [2]
[2025-11-05T06:35:33.285438000Z DEBUG solana_runtime::message_processor::stable_log] Program log: Instruction: TransferChecked
[2025-11-05T06:35:33.285635000Z DEBUG solana_runtime::message_processor::stable_log] Program TokenzQdBNbLqP5VEhdkAS6EPFLC1PHnBqCXEpPxuEb consumed 9156 of 170747 compute units
[2025-11-05T06:35:33.285649000Z DEBUG solana_runtime::message_processor::stable_log] Program TokenzQdBNbLqP5VEhdkAS6EPFLC1PHnBqCXEpPxuEb success
[2025-11-05T06:35:33.285701000Z DEBUG solana_runtime::message_processor::stable_log] Program TokenzQdBNbLqP5VEhdkAS6EPFLC1PHnBqCXEpPxuEb invoke [2]
[2025-11-05T06:35:33.285733000Z DEBUG solana_runtime::message_processor::stable_log] Program log: Instruction: TransferChecked
[2025-11-05T06:35:33.285896000Z DEBUG solana_runtime::message_processor::stable_log] Program TokenzQdBNbLqP5VEhdkAS6EPFLC1PHnBqCXEpPxuEb consumed 9216 of 159132 compute units
[2025-11-05T06:35:33.285919000Z DEBUG solana_runtime::message_processor::stable_log] Program TokenzQdBNbLqP5VEhdkAS6EPFLC1PHnBqCXEpPxuEb success
[2025-11-05T06:35:33.286015000Z DEBUG solana_runtime::message_processor::stable_log] Program ASmKWt93JEMHxbdE6j7znD9y2FcdPboCzC3xtSTJvN7S invoke [2]
[2025-11-05T06:35:33.286053000Z DEBUG solana_runtime::message_processor::stable_log] Program ASmKWt93JEMHxbdE6j7znD9y2FcdPboCzC3xtSTJvN7S consumed 2069 of 144565 compute units
[2025-11-05T06:35:33.286062000Z DEBUG solana_runtime::message_processor::stable_log] Program ASmKWt93JEMHxbdE6j7znD9y2FcdPboCzC3xtSTJvN7S success
[2025-11-05T06:35:33.286117000Z DEBUG solana_runtime::message_processor::stable_log] Program ASmKWt93JEMHxbdE6j7znD9y2FcdPboCzC3xtSTJvN7S invoke [2]
[2025-11-05T06:35:33.286148000Z DEBUG solana_runtime::message_processor::stable_log] Program ASmKWt93JEMHxbdE6j7znD9y2FcdPboCzC3xtSTJvN7S consumed 2069 of 138867 compute units
[2025-11-05T06:35:33.286155000Z DEBUG solana_runtime::message_processor::stable_log] Program ASmKWt93JEMHxbdE6j7znD9y2FcdPboCzC3xtSTJvN7S success
[2025-11-05T06:35:33.286175000Z DEBUG solana_runtime::message_processor::stable_log] Program ASmKWt93JEMHxbdE6j7znD9y2FcdPboCzC3xtSTJvN7S consumed 63736 of 200000 compute units
[2025-11-05T06:35:33.286185000Z DEBUG solana_runtime::message_processor::stable_log] Program ASmKWt93JEMHxbdE6j7znD9y2FcdPboCzC3xtSTJvN7S success
          ✔ Swap successfully (106ms)
        SwapExactOut
[2025-11-05T06:35:33.288308000Z INFO  solana_program_test] "cp_amm" SBF program from ./target/deploy/cp_amm.so, modified 24 minutes, 40 seconds, 635 ms, 623 µs and 203 ns ago
[2025-11-05T06:35:33.288457000Z INFO  solana_program_test] "fee_router" SBF program from ./target/deploy/fee_router.so, modified 43 seconds, 372 ms, 716 µs and 331 ns ago
[2025-11-05T06:35:33.288613000Z INFO  solana_program_test] "transfer_hook_counter" SBF program from tests/fixtures/transfer_hook_counter.so, modified 3 weeks, 22 hours, 59 minutes, 8 seconds, 114 ms, 212 µs and 196 ns ago
[2025-11-05T06:35:33.288810000Z INFO  solana_program_test] "alpha_vault" SBF program from tests/fixtures/alpha_vault.so, modified 3 weeks, 22 hours, 59 minutes, 8 seconds, 115 ms, 96 µs and 72 ns ago
[2025-11-05T06:35:33.289088000Z INFO  solana_program_test] "streamflow" SBF program from tests/fixtures/streamflow.so, modified 3 weeks, 6 hours, 59 minutes, 18 seconds, 3 µs and 387 ns ago
[2025-11-05T06:35:33.289457000Z INFO  solana_program_test] "cp_amm" SBF program from ./target/deploy/cp_amm.so, modified 24 minutes, 40 seconds, 636 ms, 775 µs and 203 ns ago
[2025-11-05T06:35:33.289584000Z INFO  solana_program_test] "fee_router" SBF program from ./target/deploy/fee_router.so, modified 43 seconds, 373 ms, 844 µs and 331 ns ago
[2025-11-05T06:35:33.307873000Z INFO  solana_program_test] Overriding account at ASmKWt93JEMHxbdE6j7znD9y2FcdPboCzC3xtSTJvN7S
[2025-11-05T06:35:33.307887000Z INFO  solana_program_test] Overriding account at 5B57SJ3g2YoNXUpsZqqjEQkRSxyKtVTQRXdgAirz6bio
[2025-11-05T06:35:33.320261000Z DEBUG solana_runtime::message_processor::stable_log] Program 11111111111111111111111111111111 invoke [1]
[2025-11-05T06:35:33.320278000Z DEBUG solana_runtime::message_processor::stable_log] Program 11111111111111111111111111111111 success
[2025-11-05T06:35:33.324343000Z DEBUG solana_runtime::message_processor::stable_log] Program 11111111111111111111111111111111 invoke [1]
[2025-11-05T06:35:33.324360000Z DEBUG solana_runtime::message_processor::stable_log] Program 11111111111111111111111111111111 success
[2025-11-05T06:35:33.327983000Z DEBUG solana_runtime::message_processor::stable_log] Program 11111111111111111111111111111111 invoke [1]
[2025-11-05T06:35:33.328006000Z DEBUG solana_runtime::message_processor::stable_log] Program 11111111111111111111111111111111 success
[2025-11-05T06:35:33.336985000Z DEBUG solana_runtime::message_processor::stable_log] Program 11111111111111111111111111111111 invoke [1]
[2025-11-05T06:35:33.337000000Z DEBUG solana_runtime::message_processor::stable_log] Program 11111111111111111111111111111111 success
[2025-11-05T06:35:33.337004000Z DEBUG solana_runtime::message_processor::stable_log] Program TokenzQdBNbLqP5VEhdkAS6EPFLC1PHnBqCXEpPxuEb invoke [1]
[2025-11-05T06:35:33.337087000Z DEBUG solana_runtime::message_processor::stable_log] Program TokenzQdBNbLqP5VEhdkAS6EPFLC1PHnBqCXEpPxuEb consumed 3479 of 599850 compute units
[2025-11-05T06:35:33.337096000Z DEBUG solana_runtime::message_processor::stable_log] Program TokenzQdBNbLqP5VEhdkAS6EPFLC1PHnBqCXEpPxuEb success
[2025-11-05T06:35:33.337104000Z DEBUG solana_runtime::message_processor::stable_log] Program TokenzQdBNbLqP5VEhdkAS6EPFLC1PHnBqCXEpPxuEb invoke [1]
[2025-11-05T06:35:33.337130000Z DEBUG solana_runtime::message_processor::stable_log] Program log: Instruction: InitializeMint2
[2025-11-05T06:35:33.337206000Z DEBUG solana_runtime::message_processor::stable_log] Program TokenzQdBNbLqP5VEhdkAS6EPFLC1PHnBqCXEpPxuEb consumed 3868 of 596371 compute units
[2025-11-05T06:35:33.337218000Z DEBUG solana_runtime::message_processor::stable_log] Program TokenzQdBNbLqP5VEhdkAS6EPFLC1PHnBqCXEpPxuEb success
[2025-11-05T06:35:33.343854000Z DEBUG solana_runtime::message_processor::stable_log] Program 11111111111111111111111111111111 invoke [1]
[2025-11-05T06:35:33.343877000Z DEBUG solana_runtime::message_processor::stable_log] Program 11111111111111111111111111111111 success
[2025-11-05T06:35:33.343882000Z DEBUG solana_runtime::message_processor::stable_log] Program TokenzQdBNbLqP5VEhdkAS6EPFLC1PHnBqCXEpPxuEb invoke [1]
[2025-11-05T06:35:33.343982000Z DEBUG solana_runtime::message_processor::stable_log] Program TokenzQdBNbLqP5VEhdkAS6EPFLC1PHnBqCXEpPxuEb consumed 3479 of 599850 compute units
[2025-11-05T06:35:33.343991000Z DEBUG solana_runtime::message_processor::stable_log] Program TokenzQdBNbLqP5VEhdkAS6EPFLC1PHnBqCXEpPxuEb success
[2025-11-05T06:35:33.344028000Z DEBUG solana_runtime::message_processor::stable_log] Program TokenzQdBNbLqP5VEhdkAS6EPFLC1PHnBqCXEpPxuEb invoke [1]
[2025-11-05T06:35:33.344089000Z DEBUG solana_runtime::message_processor::stable_log] Program log: Instruction: InitializeMint2
[2025-11-05T06:35:33.344153000Z DEBUG solana_runtime::message_processor::stable_log] Program TokenzQdBNbLqP5VEhdkAS6EPFLC1PHnBqCXEpPxuEb consumed 3868 of 596371 compute units
[2025-11-05T06:35:33.344164000Z DEBUG solana_runtime::message_processor::stable_log] Program TokenzQdBNbLqP5VEhdkAS6EPFLC1PHnBqCXEpPxuEb success
[2025-11-05T06:35:33.349746000Z DEBUG solana_runtime::message_processor::stable_log] Program ATokenGPvbdGVxr1b2hvZbsiqW5xWH25efTNsLJA8knL invoke [1]
[2025-11-05T06:35:33.349835000Z DEBUG solana_runtime::message_processor::stable_log] Program log: Create
[2025-11-05T06:35:33.349895000Z DEBUG solana_runtime::message_processor::stable_log] Program TokenzQdBNbLqP5VEhdkAS6EPFLC1PHnBqCXEpPxuEb invoke [2]
[2025-11-05T06:35:33.349992000Z DEBUG solana_runtime::message_processor::stable_log] Program log: Instruction: GetAccountDataSize
[2025-11-05T06:35:33.350038000Z DEBUG solana_runtime::message_processor::stable_log] Program TokenzQdBNbLqP5VEhdkAS6EPFLC1PHnBqCXEpPxuEb consumed 2917 of 193142 compute units
[2025-11-05T06:35:33.350048000Z DEBUG solana_runtime::message_processor::stable_log] Program return: TokenzQdBNbLqP5VEhdkAS6EPFLC1PHnBqCXEpPxuEb tgAAAAAAAAA=
[2025-11-05T06:35:33.350057000Z DEBUG solana_runtime::message_processor::stable_log] Program TokenzQdBNbLqP5VEhdkAS6EPFLC1PHnBqCXEpPxuEb success
[2025-11-05T06:35:33.350111000Z DEBUG solana_runtime::message_processor::stable_log] Program 11111111111111111111111111111111 invoke [2]
[2025-11-05T06:35:33.350121000Z DEBUG solana_runtime::message_processor::stable_log] Program 11111111111111111111111111111111 success
[2025-11-05T06:35:33.350127000Z DEBUG solana_runtime::message_processor::stable_log] Program log: Initialize the associated token account
[2025-11-05T06:35:33.350145000Z DEBUG solana_runtime::message_processor::stable_log] Program TokenzQdBNbLqP5VEhdkAS6EPFLC1PHnBqCXEpPxuEb invoke [2]
[2025-11-05T06:35:33.350187000Z DEBUG solana_runtime::message_processor::stable_log] Program log: Instruction: InitializeImmutableOwner
[2025-11-05T06:35:33.350244000Z DEBUG solana_runtime::message_processor::stable_log] Program TokenzQdBNbLqP5VEhdkAS6EPFLC1PHnBqCXEpPxuEb consumed 1924 of 185295 compute units
[2025-11-05T06:35:33.350261000Z DEBUG solana_runtime::message_processor::stable_log] Program TokenzQdBNbLqP5VEhdkAS6EPFLC1PHnBqCXEpPxuEb success
[2025-11-05T06:35:33.350361000Z DEBUG solana_runtime::message_processor::stable_log] Program TokenzQdBNbLqP5VEhdkAS6EPFLC1PHnBqCXEpPxuEb invoke [2]
[2025-11-05T06:35:33.350436000Z DEBUG solana_runtime::message_processor::stable_log] Program log: Instruction: InitializeAccount3
[2025-11-05T06:35:33.350531000Z DEBUG solana_runtime::message_processor::stable_log] Program TokenzQdBNbLqP5VEhdkAS6EPFLC1PHnBqCXEpPxuEb consumed 5446 of 180981 compute units
[2025-11-05T06:35:33.350545000Z DEBUG solana_runtime::message_processor::stable_log] Program TokenzQdBNbLqP5VEhdkAS6EPFLC1PHnBqCXEpPxuEb success
[2025-11-05T06:35:33.350560000Z DEBUG solana_runtime::message_processor::stable_log] Program ATokenGPvbdGVxr1b2hvZbsiqW5xWH25efTNsLJA8knL consumed 24769 of 200000 compute units
[2025-11-05T06:35:33.350570000Z DEBUG solana_runtime::message_processor::stable_log] Program ATokenGPvbdGVxr1b2hvZbsiqW5xWH25efTNsLJA8knL success
[2025-11-05T06:35:33.354734000Z DEBUG solana_runtime::message_processor::stable_log] Program TokenzQdBNbLqP5VEhdkAS6EPFLC1PHnBqCXEpPxuEb invoke [1]
[2025-11-05T06:35:33.354807000Z DEBUG solana_runtime::message_processor::stable_log] Program log: Instruction: MintTo
[2025-11-05T06:35:33.354891000Z DEBUG solana_runtime::message_processor::stable_log] Program TokenzQdBNbLqP5VEhdkAS6EPFLC1PHnBqCXEpPxuEb consumed 5403 of 200000 compute units
[2025-11-05T06:35:33.354908000Z DEBUG solana_runtime::message_processor::stable_log] Program TokenzQdBNbLqP5VEhdkAS6EPFLC1PHnBqCXEpPxuEb success
[2025-11-05T06:35:33.360180000Z DEBUG solana_runtime::message_processor::stable_log] Program ATokenGPvbdGVxr1b2hvZbsiqW5xWH25efTNsLJA8knL invoke [1]
[2025-11-05T06:35:33.360265000Z DEBUG solana_runtime::message_processor::stable_log] Program log: Create
[2025-11-05T06:35:33.360321000Z DEBUG solana_runtime::message_processor::stable_log] Program TokenzQdBNbLqP5VEhdkAS6EPFLC1PHnBqCXEpPxuEb invoke [2]
[2025-11-05T06:35:33.360360000Z DEBUG solana_runtime::message_processor::stable_log] Program log: Instruction: GetAccountDataSize
[2025-11-05T06:35:33.360406000Z DEBUG solana_runtime::message_processor::stable_log] Program TokenzQdBNbLqP5VEhdkAS6EPFLC1PHnBqCXEpPxuEb consumed 2917 of 193142 compute units
[2025-11-05T06:35:33.360415000Z DEBUG solana_runtime::message_processor::stable_log] Program return: TokenzQdBNbLqP5VEhdkAS6EPFLC1PHnBqCXEpPxuEb tgAAAAAAAAA=
[2025-11-05T06:35:33.360423000Z DEBUG solana_runtime::message_processor::stable_log] Program TokenzQdBNbLqP5VEhdkAS6EPFLC1PHnBqCXEpPxuEb success
[2025-11-05T06:35:33.360480000Z DEBUG solana_runtime::message_processor::stable_log] Program 11111111111111111111111111111111 invoke [2]
[2025-11-05T06:35:33.360491000Z DEBUG solana_runtime::message_processor::stable_log] Program 11111111111111111111111111111111 success
[2025-11-05T06:35:33.360497000Z DEBUG solana_runtime::message_processor::stable_log] Program log: Initialize the associated token account
[2025-11-05T06:35:33.360513000Z DEBUG solana_runtime::message_processor::stable_log] Program TokenzQdBNbLqP5VEhdkAS6EPFLC1PHnBqCXEpPxuEb invoke [2]
[2025-11-05T06:35:33.360535000Z DEBUG solana_runtime::message_processor::stable_log] Program log: Instruction: InitializeImmutableOwner
[2025-11-05T06:35:33.360560000Z DEBUG solana_runtime::message_processor::stable_log] Program TokenzQdBNbLqP5VEhdkAS6EPFLC1PHnBqCXEpPxuEb consumed 1924 of 185295 compute units
[2025-11-05T06:35:33.360569000Z DEBUG solana_runtime::message_processor::stable_log] Program TokenzQdBNbLqP5VEhdkAS6EPFLC1PHnBqCXEpPxuEb success
[2025-11-05T06:35:33.360601000Z DEBUG solana_runtime::message_processor::stable_log] Program TokenzQdBNbLqP5VEhdkAS6EPFLC1PHnBqCXEpPxuEb invoke [2]
[2025-11-05T06:35:33.360629000Z DEBUG solana_runtime::message_processor::stable_log] Program log: Instruction: InitializeAccount3
[2025-11-05T06:35:33.360714000Z DEBUG solana_runtime::message_processor::stable_log] Program TokenzQdBNbLqP5VEhdkAS6EPFLC1PHnBqCXEpPxuEb consumed 5446 of 180981 compute units
[2025-11-05T06:35:33.360721000Z DEBUG solana_runtime::message_processor::stable_log] Program TokenzQdBNbLqP5VEhdkAS6EPFLC1PHnBqCXEpPxuEb success
[2025-11-05T06:35:33.360772000Z DEBUG solana_runtime::message_processor::stable_log] Program ATokenGPvbdGVxr1b2hvZbsiqW5xWH25efTNsLJA8knL consumed 24769 of 200000 compute units
[2025-11-05T06:35:33.360786000Z DEBUG solana_runtime::message_processor::stable_log] Program ATokenGPvbdGVxr1b2hvZbsiqW5xWH25efTNsLJA8knL success
[2025-11-05T06:35:33.364208000Z DEBUG solana_runtime::message_processor::stable_log] Program TokenzQdBNbLqP5VEhdkAS6EPFLC1PHnBqCXEpPxuEb invoke [1]
[2025-11-05T06:35:33.364266000Z DEBUG solana_runtime::message_processor::stable_log] Program log: Instruction: MintTo
[2025-11-05T06:35:33.364348000Z DEBUG solana_runtime::message_processor::stable_log] Program TokenzQdBNbLqP5VEhdkAS6EPFLC1PHnBqCXEpPxuEb consumed 5403 of 200000 compute units
[2025-11-05T06:35:33.364358000Z DEBUG solana_runtime::message_processor::stable_log] Program TokenzQdBNbLqP5VEhdkAS6EPFLC1PHnBqCXEpPxuEb success
[2025-11-05T06:35:33.369967000Z DEBUG solana_runtime::message_processor::stable_log] Program ATokenGPvbdGVxr1b2hvZbsiqW5xWH25efTNsLJA8knL invoke [1]
[2025-11-05T06:35:33.370052000Z DEBUG solana_runtime::message_processor::stable_log] Program log: Create
[2025-11-05T06:35:33.370102000Z DEBUG solana_runtime::message_processor::stable_log] Program TokenzQdBNbLqP5VEhdkAS6EPFLC1PHnBqCXEpPxuEb invoke [2]
[2025-11-05T06:35:33.370144000Z DEBUG solana_runtime::message_processor::stable_log] Program log: Instruction: GetAccountDataSize
[2025-11-05T06:35:33.370189000Z DEBUG solana_runtime::message_processor::stable_log] Program TokenzQdBNbLqP5VEhdkAS6EPFLC1PHnBqCXEpPxuEb consumed 2917 of 194642 compute units
[2025-11-05T06:35:33.370256000Z DEBUG solana_runtime::message_processor::stable_log] Program return: TokenzQdBNbLqP5VEhdkAS6EPFLC1PHnBqCXEpPxuEb tgAAAAAAAAA=
[2025-11-05T06:35:33.370269000Z DEBUG solana_runtime::message_processor::stable_log] Program TokenzQdBNbLqP5VEhdkAS6EPFLC1PHnBqCXEpPxuEb success
[2025-11-05T06:35:33.370344000Z DEBUG solana_runtime::message_processor::stable_log] Program 11111111111111111111111111111111 invoke [2]
[2025-11-05T06:35:33.370354000Z DEBUG solana_runtime::message_processor::stable_log] Program 11111111111111111111111111111111 success
[2025-11-05T06:35:33.370361000Z DEBUG solana_runtime::message_processor::stable_log] Program log: Initialize the associated token account
[2025-11-05T06:35:33.370379000Z DEBUG solana_runtime::message_processor::stable_log] Program TokenzQdBNbLqP5VEhdkAS6EPFLC1PHnBqCXEpPxuEb invoke [2]
[2025-11-05T06:35:33.370407000Z DEBUG solana_runtime::message_processor::stable_log] Program log: Instruction: InitializeImmutableOwner
[2025-11-05T06:35:33.370433000Z DEBUG solana_runtime::message_processor::stable_log] Program TokenzQdBNbLqP5VEhdkAS6EPFLC1PHnBqCXEpPxuEb consumed 1924 of 186795 compute units
[2025-11-05T06:35:33.370443000Z DEBUG solana_runtime::message_processor::stable_log] Program TokenzQdBNbLqP5VEhdkAS6EPFLC1PHnBqCXEpPxuEb success
[2025-11-05T06:35:33.370476000Z DEBUG solana_runtime::message_processor::stable_log] Program TokenzQdBNbLqP5VEhdkAS6EPFLC1PHnBqCXEpPxuEb invoke [2]
[2025-11-05T06:35:33.370504000Z DEBUG solana_runtime::message_processor::stable_log] Program log: Instruction: InitializeAccount3
[2025-11-05T06:35:33.370592000Z DEBUG solana_runtime::message_processor::stable_log] Program TokenzQdBNbLqP5VEhdkAS6EPFLC1PHnBqCXEpPxuEb consumed 5446 of 182481 compute units
[2025-11-05T06:35:33.370599000Z DEBUG solana_runtime::message_processor::stable_log] Program TokenzQdBNbLqP5VEhdkAS6EPFLC1PHnBqCXEpPxuEb success
[2025-11-05T06:35:33.370611000Z DEBUG solana_runtime::message_processor::stable_log] Program ATokenGPvbdGVxr1b2hvZbsiqW5xWH25efTNsLJA8knL consumed 23269 of 200000 compute units
[2025-11-05T06:35:33.370621000Z DEBUG solana_runtime::message_processor::stable_log] Program ATokenGPvbdGVxr1b2hvZbsiqW5xWH25efTNsLJA8knL success
[2025-11-05T06:35:33.374521000Z DEBUG solana_runtime::message_processor::stable_log] Program TokenzQdBNbLqP5VEhdkAS6EPFLC1PHnBqCXEpPxuEb invoke [1]
[2025-11-05T06:35:33.374693000Z DEBUG solana_runtime::message_processor::stable_log] Program log: Instruction: MintTo
[2025-11-05T06:35:33.374903000Z DEBUG solana_runtime::message_processor::stable_log] Program TokenzQdBNbLqP5VEhdkAS6EPFLC1PHnBqCXEpPxuEb consumed 5403 of 200000 compute units
[2025-11-05T06:35:33.374920000Z DEBUG solana_runtime::message_processor::stable_log] Program TokenzQdBNbLqP5VEhdkAS6EPFLC1PHnBqCXEpPxuEb success
[2025-11-05T06:35:33.380052000Z DEBUG solana_runtime::message_processor::stable_log] Program ATokenGPvbdGVxr1b2hvZbsiqW5xWH25efTNsLJA8knL invoke [1]
[2025-11-05T06:35:33.380134000Z DEBUG solana_runtime::message_processor::stable_log] Program log: Create
[2025-11-05T06:35:33.380184000Z DEBUG solana_runtime::message_processor::stable_log] Program TokenzQdBNbLqP5VEhdkAS6EPFLC1PHnBqCXEpPxuEb invoke [2]
[2025-11-05T06:35:33.380225000Z DEBUG solana_runtime::message_processor::stable_log] Program log: Instruction: GetAccountDataSize
[2025-11-05T06:35:33.380271000Z DEBUG solana_runtime::message_processor::stable_log] Program TokenzQdBNbLqP5VEhdkAS6EPFLC1PHnBqCXEpPxuEb consumed 2917 of 194642 compute units
[2025-11-05T06:35:33.380279000Z DEBUG solana_runtime::message_processor::stable_log] Program return: TokenzQdBNbLqP5VEhdkAS6EPFLC1PHnBqCXEpPxuEb tgAAAAAAAAA=
[2025-11-05T06:35:33.380288000Z DEBUG solana_runtime::message_processor::stable_log] Program TokenzQdBNbLqP5VEhdkAS6EPFLC1PHnBqCXEpPxuEb success
[2025-11-05T06:35:33.380347000Z DEBUG solana_runtime::message_processor::stable_log] Program 11111111111111111111111111111111 invoke [2]
[2025-11-05T06:35:33.380357000Z DEBUG solana_runtime::message_processor::stable_log] Program 11111111111111111111111111111111 success
[2025-11-05T06:35:33.380363000Z DEBUG solana_runtime::message_processor::stable_log] Program log: Initialize the associated token account
[2025-11-05T06:35:33.380380000Z DEBUG solana_runtime::message_processor::stable_log] Program TokenzQdBNbLqP5VEhdkAS6EPFLC1PHnBqCXEpPxuEb invoke [2]
[2025-11-05T06:35:33.380432000Z DEBUG solana_runtime::message_processor::stable_log] Program log: Instruction: InitializeImmutableOwner
[2025-11-05T06:35:33.380460000Z DEBUG solana_runtime::message_processor::stable_log] Program TokenzQdBNbLqP5VEhdkAS6EPFLC1PHnBqCXEpPxuEb consumed 1924 of 186795 compute units
[2025-11-05T06:35:33.380468000Z DEBUG solana_runtime::message_processor::stable_log] Program TokenzQdBNbLqP5VEhdkAS6EPFLC1PHnBqCXEpPxuEb success
[2025-11-05T06:35:33.380504000Z DEBUG solana_runtime::message_processor::stable_log] Program TokenzQdBNbLqP5VEhdkAS6EPFLC1PHnBqCXEpPxuEb invoke [2]
[2025-11-05T06:35:33.380535000Z DEBUG solana_runtime::message_processor::stable_log] Program log: Instruction: InitializeAccount3
[2025-11-05T06:35:33.380630000Z DEBUG solana_runtime::message_processor::stable_log] Program TokenzQdBNbLqP5VEhdkAS6EPFLC1PHnBqCXEpPxuEb consumed 5446 of 182481 compute units
[2025-11-05T06:35:33.380643000Z DEBUG solana_runtime::message_processor::stable_log] Program TokenzQdBNbLqP5VEhdkAS6EPFLC1PHnBqCXEpPxuEb success
[2025-11-05T06:35:33.380658000Z DEBUG solana_runtime::message_processor::stable_log] Program ATokenGPvbdGVxr1b2hvZbsiqW5xWH25efTNsLJA8knL consumed 23269 of 200000 compute units
[2025-11-05T06:35:33.380669000Z DEBUG solana_runtime::message_processor::stable_log] Program ATokenGPvbdGVxr1b2hvZbsiqW5xWH25efTNsLJA8knL success
[2025-11-05T06:35:33.384769000Z DEBUG solana_runtime::message_processor::stable_log] Program TokenzQdBNbLqP5VEhdkAS6EPFLC1PHnBqCXEpPxuEb invoke [1]
[2025-11-05T06:35:33.384867000Z DEBUG solana_runtime::message_processor::stable_log] Program log: Instruction: MintTo
[2025-11-05T06:35:33.384952000Z DEBUG solana_runtime::message_processor::stable_log] Program TokenzQdBNbLqP5VEhdkAS6EPFLC1PHnBqCXEpPxuEb consumed 5403 of 200000 compute units
[2025-11-05T06:35:33.384965000Z DEBUG solana_runtime::message_processor::stable_log] Program TokenzQdBNbLqP5VEhdkAS6EPFLC1PHnBqCXEpPxuEb success
[2025-11-05T06:35:33.397821000Z DEBUG solana_runtime::message_processor::stable_log] Program ASmKWt93JEMHxbdE6j7znD9y2FcdPboCzC3xtSTJvN7S invoke [1]
[2025-11-05T06:35:33.397886000Z DEBUG solana_runtime::message_processor::stable_log] Program log: Instruction: CreateConfig
[2025-11-05T06:35:33.397976000Z DEBUG solana_runtime::message_processor::stable_log] Program 11111111111111111111111111111111 invoke [2]
[2025-11-05T06:35:33.397985000Z DEBUG solana_runtime::message_processor::stable_log] Program 11111111111111111111111111111111 success
[2025-11-05T06:35:33.398090000Z DEBUG solana_runtime::message_processor::stable_log] Program ASmKWt93JEMHxbdE6j7znD9y2FcdPboCzC3xtSTJvN7S invoke [2]
[2025-11-05T06:35:33.398132000Z DEBUG solana_runtime::message_processor::stable_log] Program ASmKWt93JEMHxbdE6j7znD9y2FcdPboCzC3xtSTJvN7S consumed 2069 of 184598 compute units
[2025-11-05T06:35:33.398141000Z DEBUG solana_runtime::message_processor::stable_log] Program ASmKWt93JEMHxbdE6j7znD9y2FcdPboCzC3xtSTJvN7S success
[2025-11-05T06:35:33.398156000Z DEBUG solana_runtime::message_processor::stable_log] Program ASmKWt93JEMHxbdE6j7znD9y2FcdPboCzC3xtSTJvN7S consumed 17776 of 200000 compute units
[2025-11-05T06:35:33.398165000Z DEBUG solana_runtime::message_processor::stable_log] Program ASmKWt93JEMHxbdE6j7znD9y2FcdPboCzC3xtSTJvN7S success
[2025-11-05T06:35:33.422888000Z DEBUG solana_runtime::message_processor::stable_log] Program ASmKWt93JEMHxbdE6j7znD9y2FcdPboCzC3xtSTJvN7S invoke [1]
[2025-11-05T06:35:33.423043000Z DEBUG solana_runtime::message_processor::stable_log] Program log: Instruction: InitializePool
[2025-11-05T06:35:33.423210000Z DEBUG solana_runtime::message_processor::stable_log] Program 11111111111111111111111111111111 invoke [2]
[2025-11-05T06:35:33.423224000Z DEBUG solana_runtime::message_processor::stable_log] Program 11111111111111111111111111111111 success
[2025-11-05T06:35:33.423257000Z DEBUG solana_runtime::message_processor::stable_log] Program TokenzQdBNbLqP5VEhdkAS6EPFLC1PHnBqCXEpPxuEb invoke [2]
[2025-11-05T06:35:33.423305000Z DEBUG solana_runtime::message_processor::stable_log] Program log: MetadataPointerInstruction::Initialize
[2025-11-05T06:35:33.423341000Z DEBUG solana_runtime::message_processor::stable_log] Program TokenzQdBNbLqP5VEhdkAS6EPFLC1PHnBqCXEpPxuEb consumed 2442 of 334481 compute units
[2025-11-05T06:35:33.423350000Z DEBUG solana_runtime::message_processor::stable_log] Program TokenzQdBNbLqP5VEhdkAS6EPFLC1PHnBqCXEpPxuEb success
[2025-11-05T06:35:33.423388000Z DEBUG solana_runtime::message_processor::stable_log] Program TokenzQdBNbLqP5VEhdkAS6EPFLC1PHnBqCXEpPxuEb invoke [2]
[2025-11-05T06:35:33.423424000Z DEBUG solana_runtime::message_processor::stable_log] Program log: Instruction: InitializeMintCloseAuthority
[2025-11-05T06:35:33.423455000Z DEBUG solana_runtime::message_processor::stable_log] Program TokenzQdBNbLqP5VEhdkAS6EPFLC1PHnBqCXEpPxuEb consumed 2570 of 330061 compute units
[2025-11-05T06:35:33.423462000Z DEBUG solana_runtime::message_processor::stable_log] Program TokenzQdBNbLqP5VEhdkAS6EPFLC1PHnBqCXEpPxuEb success
[2025-11-05T06:35:33.423492000Z DEBUG solana_runtime::message_processor::stable_log] Program TokenzQdBNbLqP5VEhdkAS6EPFLC1PHnBqCXEpPxuEb invoke [2]
[2025-11-05T06:35:33.423519000Z DEBUG solana_runtime::message_processor::stable_log] Program log: Instruction: InitializeMint2
[2025-11-05T06:35:33.423577000Z DEBUG solana_runtime::message_processor::stable_log] Program TokenzQdBNbLqP5VEhdkAS6EPFLC1PHnBqCXEpPxuEb consumed 4078 of 325549 compute units
[2025-11-05T06:35:33.423585000Z DEBUG solana_runtime::message_processor::stable_log] Program TokenzQdBNbLqP5VEhdkAS6EPFLC1PHnBqCXEpPxuEb success
[2025-11-05T06:35:33.423739000Z DEBUG solana_runtime::message_processor::stable_log] Program 11111111111111111111111111111111 invoke [2]
[2025-11-05T06:35:33.423743000Z DEBUG solana_runtime::message_processor::stable_log] Program 11111111111111111111111111111111 success
[2025-11-05T06:35:33.423771000Z DEBUG solana_runtime::message_processor::stable_log] Program TokenzQdBNbLqP5VEhdkAS6EPFLC1PHnBqCXEpPxuEb invoke [2]
[2025-11-05T06:35:33.423799000Z DEBUG solana_runtime::message_processor::stable_log] Program log: Instruction: InitializeAccount3
[2025-11-05T06:35:33.423874000Z DEBUG solana_runtime::message_processor::stable_log] Program TokenzQdBNbLqP5VEhdkAS6EPFLC1PHnBqCXEpPxuEb consumed 5137 of 302865 compute units
[2025-11-05T06:35:33.423882000Z DEBUG solana_runtime::message_processor::stable_log] Program TokenzQdBNbLqP5VEhdkAS6EPFLC1PHnBqCXEpPxuEb success
[2025-11-05T06:35:33.423977000Z DEBUG solana_runtime::message_processor::stable_log] Program 11111111111111111111111111111111 invoke [2]
[2025-11-05T06:35:33.423981000Z DEBUG solana_runtime::message_processor::stable_log] Program 11111111111111111111111111111111 success
[2025-11-05T06:35:33.424080000Z DEBUG solana_runtime::message_processor::stable_log] Program 11111111111111111111111111111111 invoke [2]
[2025-11-05T06:35:33.424093000Z DEBUG solana_runtime::message_processor::stable_log] Program 11111111111111111111111111111111 success
[2025-11-05T06:35:33.424187000Z DEBUG solana_runtime::message_processor::stable_log] Program 11111111111111111111111111111111 invoke [2]
[2025-11-05T06:35:33.424191000Z DEBUG solana_runtime::message_processor::stable_log] Program 11111111111111111111111111111111 success
[2025-11-05T06:35:33.424217000Z DEBUG solana_runtime::message_processor::stable_log] Program TokenzQdBNbLqP5VEhdkAS6EPFLC1PHnBqCXEpPxuEb invoke [2]
[2025-11-05T06:35:33.424246000Z DEBUG solana_runtime::message_processor::stable_log] Program log: Instruction: InitializeAccount3
[2025-11-05T06:35:33.424364000Z DEBUG solana_runtime::message_processor::stable_log] Program TokenzQdBNbLqP5VEhdkAS6EPFLC1PHnBqCXEpPxuEb consumed 5379 of 274999 compute units
[2025-11-05T06:35:33.424382000Z DEBUG solana_runtime::message_processor::stable_log] Program TokenzQdBNbLqP5VEhdkAS6EPFLC1PHnBqCXEpPxuEb success
[2025-11-05T06:35:33.424500000Z DEBUG solana_runtime::message_processor::stable_log] Program 11111111111111111111111111111111 invoke [2]
[2025-11-05T06:35:33.424503000Z DEBUG solana_runtime::message_processor::stable_log] Program 11111111111111111111111111111111 success
[2025-11-05T06:35:33.424529000Z DEBUG solana_runtime::message_processor::stable_log] Program TokenzQdBNbLqP5VEhdkAS6EPFLC1PHnBqCXEpPxuEb invoke [2]
[2025-11-05T06:35:33.424554000Z DEBUG solana_runtime::message_processor::stable_log] Program log: Instruction: InitializeAccount3
[2025-11-05T06:35:33.424627000Z DEBUG solana_runtime::message_processor::stable_log] Program TokenzQdBNbLqP5VEhdkAS6EPFLC1PHnBqCXEpPxuEb consumed 5379 of 259414 compute units
[2025-11-05T06:35:33.424634000Z DEBUG solana_runtime::message_processor::stable_log] Program TokenzQdBNbLqP5VEhdkAS6EPFLC1PHnBqCXEpPxuEb success
[2025-11-05T06:35:33.424901000Z DEBUG solana_runtime::message_processor::stable_log] Program TokenzQdBNbLqP5VEhdkAS6EPFLC1PHnBqCXEpPxuEb invoke [2]
[2025-11-05T06:35:33.424954000Z DEBUG solana_runtime::message_processor::stable_log] Program log: TokenMetadataInstruction: Initialize
[2025-11-05T06:35:33.425078000Z DEBUG solana_runtime::message_processor::stable_log] Program TokenzQdBNbLqP5VEhdkAS6EPFLC1PHnBqCXEpPxuEb consumed 9900 of 238885 compute units
[2025-11-05T06:35:33.425088000Z DEBUG solana_runtime::message_processor::stable_log] Program TokenzQdBNbLqP5VEhdkAS6EPFLC1PHnBqCXEpPxuEb success
[2025-11-05T06:35:33.425127000Z DEBUG solana_runtime::message_processor::stable_log] Program 11111111111111111111111111111111 invoke [2]
[2025-11-05T06:35:33.425131000Z DEBUG solana_runtime::message_processor::stable_log] Program 11111111111111111111111111111111 success
[2025-11-05T06:35:33.425169000Z DEBUG solana_runtime::message_processor::stable_log] Program TokenzQdBNbLqP5VEhdkAS6EPFLC1PHnBqCXEpPxuEb invoke [2]
[2025-11-05T06:35:33.425198000Z DEBUG solana_runtime::message_processor::stable_log] Program log: Instruction: MintTo
[2025-11-05T06:35:33.425269000Z DEBUG solana_runtime::message_processor::stable_log] Program TokenzQdBNbLqP5VEhdkAS6EPFLC1PHnBqCXEpPxuEb consumed 5540 of 223923 compute units
[2025-11-05T06:35:33.425278000Z DEBUG solana_runtime::message_processor::stable_log] Program TokenzQdBNbLqP5VEhdkAS6EPFLC1PHnBqCXEpPxuEb success
[2025-11-05T06:35:33.425371000Z DEBUG solana_runtime::message_processor::stable_log] Program ASmKWt93JEMHxbdE6j7znD9y2FcdPboCzC3xtSTJvN7S invoke [2]
[2025-11-05T06:35:33.425407000Z DEBUG solana_runtime::message_processor::stable_log] Program ASmKWt93JEMHxbdE6j7znD9y2FcdPboCzC3xtSTJvN7S consumed 2069 of 215318 compute units
[2025-11-05T06:35:33.425416000Z DEBUG solana_runtime::message_processor::stable_log] Program ASmKWt93JEMHxbdE6j7znD9y2FcdPboCzC3xtSTJvN7S success
[2025-11-05T06:35:33.425521000Z DEBUG solana_runtime::message_processor::stable_log] Program TokenzQdBNbLqP5VEhdkAS6EPFLC1PHnBqCXEpPxuEb invoke [2]
[2025-11-05T06:35:33.425558000Z DEBUG solana_runtime::message_processor::stable_log] Program log: Instruction: TransferChecked
[2025-11-05T06:35:33.425694000Z DEBUG solana_runtime::message_processor::stable_log] Program TokenzQdBNbLqP5VEhdkAS6EPFLC1PHnBqCXEpPxuEb consumed 9156 of 206654 compute units
[2025-11-05T06:35:33.425717000Z DEBUG solana_runtime::message_processor::stable_log] Program TokenzQdBNbLqP5VEhdkAS6EPFLC1PHnBqCXEpPxuEb success
[2025-11-05T06:35:33.425775000Z DEBUG solana_runtime::message_processor::stable_log] Program TokenzQdBNbLqP5VEhdkAS6EPFLC1PHnBqCXEpPxuEb invoke [2]
[2025-11-05T06:35:33.425816000Z DEBUG solana_runtime::message_processor::stable_log] Program log: Instruction: TransferChecked
[2025-11-05T06:35:33.425936000Z DEBUG solana_runtime::message_processor::stable_log] Program TokenzQdBNbLqP5VEhdkAS6EPFLC1PHnBqCXEpPxuEb consumed 9156 of 195093 compute units
[2025-11-05T06:35:33.425945000Z DEBUG solana_runtime::message_processor::stable_log] Program TokenzQdBNbLqP5VEhdkAS6EPFLC1PHnBqCXEpPxuEb success
[2025-11-05T06:35:33.426027000Z DEBUG solana_runtime::message_processor::stable_log] Program ASmKWt93JEMHxbdE6j7znD9y2FcdPboCzC3xtSTJvN7S invoke [2]
[2025-11-05T06:35:33.426064000Z DEBUG solana_runtime::message_processor::stable_log] Program ASmKWt93JEMHxbdE6j7znD9y2FcdPboCzC3xtSTJvN7S consumed 2069 of 180856 compute units
[2025-11-05T06:35:33.426072000Z DEBUG solana_runtime::message_processor::stable_log] Program ASmKWt93JEMHxbdE6j7znD9y2FcdPboCzC3xtSTJvN7S success
[2025-11-05T06:35:33.426097000Z DEBUG solana_runtime::message_processor::stable_log] Program ASmKWt93JEMHxbdE6j7znD9y2FcdPboCzC3xtSTJvN7S consumed 172000 of 350000 compute units
[2025-11-05T06:35:33.426110000Z DEBUG solana_runtime::message_processor::stable_log] Program ASmKWt93JEMHxbdE6j7znD9y2FcdPboCzC3xtSTJvN7S success
[2025-11-05T06:35:33.426118000Z DEBUG solana_runtime::message_processor::stable_log] Program ComputeBudget111111111111111111111111111111 invoke [1]
[2025-11-05T06:35:33.426125000Z DEBUG solana_runtime::message_processor::stable_log] Program ComputeBudget111111111111111111111111111111 success
[2025-11-05T06:35:33.446491000Z DEBUG solana_runtime::message_processor::stable_log] Program ASmKWt93JEMHxbdE6j7znD9y2FcdPboCzC3xtSTJvN7S invoke [1]
[2025-11-05T06:35:33.446587000Z DEBUG solana_runtime::message_processor::stable_log] Program log: Instruction: CreatePosition
[2025-11-05T06:35:33.446659000Z DEBUG solana_runtime::message_processor::stable_log] Program 11111111111111111111111111111111 invoke [2]
[2025-11-05T06:35:33.446667000Z DEBUG solana_runtime::message_processor::stable_log] Program 11111111111111111111111111111111 success
[2025-11-05T06:35:33.446700000Z DEBUG solana_runtime::message_processor::stable_log] Program TokenzQdBNbLqP5VEhdkAS6EPFLC1PHnBqCXEpPxuEb invoke [2]
[2025-11-05T06:35:33.446820000Z DEBUG solana_runtime::message_processor::stable_log] Program log: MetadataPointerInstruction::Initialize
[2025-11-05T06:35:33.446868000Z DEBUG solana_runtime::message_processor::stable_log] Program TokenzQdBNbLqP5VEhdkAS6EPFLC1PHnBqCXEpPxuEb consumed 2442 of 191116 compute units
[2025-11-05T06:35:33.446878000Z DEBUG solana_runtime::message_processor::stable_log] Program TokenzQdBNbLqP5VEhdkAS6EPFLC1PHnBqCXEpPxuEb success
[2025-11-05T06:35:33.446908000Z DEBUG solana_runtime::message_processor::stable_log] Program TokenzQdBNbLqP5VEhdkAS6EPFLC1PHnBqCXEpPxuEb invoke [2]
[2025-11-05T06:35:33.446930000Z DEBUG solana_runtime::message_processor::stable_log] Program log: Instruction: InitializeMintCloseAuthority
[2025-11-05T06:35:33.446962000Z DEBUG solana_runtime::message_processor::stable_log] Program TokenzQdBNbLqP5VEhdkAS6EPFLC1PHnBqCXEpPxuEb consumed 2570 of 186696 compute units
[2025-11-05T06:35:33.446969000Z DEBUG solana_runtime::message_processor::stable_log] Program TokenzQdBNbLqP5VEhdkAS6EPFLC1PHnBqCXEpPxuEb success
[2025-11-05T06:35:33.446997000Z DEBUG solana_runtime::message_processor::stable_log] Program TokenzQdBNbLqP5VEhdkAS6EPFLC1PHnBqCXEpPxuEb invoke [2]
[2025-11-05T06:35:33.447021000Z DEBUG solana_runtime::message_processor::stable_log] Program log: Instruction: InitializeMint2
[2025-11-05T06:35:33.447080000Z DEBUG solana_runtime::message_processor::stable_log] Program TokenzQdBNbLqP5VEhdkAS6EPFLC1PHnBqCXEpPxuEb consumed 4078 of 182183 compute units
[2025-11-05T06:35:33.447087000Z DEBUG solana_runtime::message_processor::stable_log] Program TokenzQdBNbLqP5VEhdkAS6EPFLC1PHnBqCXEpPxuEb success
[2025-11-05T06:35:33.447329000Z DEBUG solana_runtime::message_processor::stable_log] Program 11111111111111111111111111111111 invoke [2]
[2025-11-05T06:35:33.447338000Z DEBUG solana_runtime::message_processor::stable_log] Program 11111111111111111111111111111111 success
[2025-11-05T06:35:33.447366000Z DEBUG solana_runtime::message_processor::stable_log] Program TokenzQdBNbLqP5VEhdkAS6EPFLC1PHnBqCXEpPxuEb invoke [2]
[2025-11-05T06:35:33.447394000Z DEBUG solana_runtime::message_processor::stable_log] Program log: Instruction: InitializeAccount3
[2025-11-05T06:35:33.447467000Z DEBUG solana_runtime::message_processor::stable_log] Program TokenzQdBNbLqP5VEhdkAS6EPFLC1PHnBqCXEpPxuEb consumed 5137 of 162499 compute units
[2025-11-05T06:35:33.447479000Z DEBUG solana_runtime::message_processor::stable_log] Program TokenzQdBNbLqP5VEhdkAS6EPFLC1PHnBqCXEpPxuEb success
[2025-11-05T06:35:33.447610000Z DEBUG solana_runtime::message_processor::stable_log] Program 11111111111111111111111111111111 invoke [2]
[2025-11-05T06:35:33.447614000Z DEBUG solana_runtime::message_processor::stable_log] Program 11111111111111111111111111111111 success
[2025-11-05T06:35:33.447712000Z DEBUG solana_runtime::message_processor::stable_log] Program TokenzQdBNbLqP5VEhdkAS6EPFLC1PHnBqCXEpPxuEb invoke [2]
[2025-11-05T06:35:33.447766000Z DEBUG solana_runtime::message_processor::stable_log] Program log: TokenMetadataInstruction: Initialize
[2025-11-05T06:35:33.447886000Z DEBUG solana_runtime::message_processor::stable_log] Program TokenzQdBNbLqP5VEhdkAS6EPFLC1PHnBqCXEpPxuEb consumed 9900 of 136769 compute units
[2025-11-05T06:35:33.447894000Z DEBUG solana_runtime::message_processor::stable_log] Program TokenzQdBNbLqP5VEhdkAS6EPFLC1PHnBqCXEpPxuEb success
[2025-11-05T06:35:33.447933000Z DEBUG solana_runtime::message_processor::stable_log] Program 11111111111111111111111111111111 invoke [2]
[2025-11-05T06:35:33.447936000Z DEBUG solana_runtime::message_processor::stable_log] Program 11111111111111111111111111111111 success
[2025-11-05T06:35:33.447973000Z DEBUG solana_runtime::message_processor::stable_log] Program TokenzQdBNbLqP5VEhdkAS6EPFLC1PHnBqCXEpPxuEb invoke [2]
[2025-11-05T06:35:33.448065000Z DEBUG solana_runtime::message_processor::stable_log] Program log: Instruction: MintTo
[2025-11-05T06:35:33.448139000Z DEBUG solana_runtime::message_processor::stable_log] Program TokenzQdBNbLqP5VEhdkAS6EPFLC1PHnBqCXEpPxuEb consumed 5540 of 121807 compute units
[2025-11-05T06:35:33.448149000Z DEBUG solana_runtime::message_processor::stable_log] Program TokenzQdBNbLqP5VEhdkAS6EPFLC1PHnBqCXEpPxuEb success
[2025-11-05T06:35:33.448197000Z DEBUG solana_runtime::message_processor::stable_log] Program ASmKWt93JEMHxbdE6j7znD9y2FcdPboCzC3xtSTJvN7S invoke [2]
[2025-11-05T06:35:33.448236000Z DEBUG solana_runtime::message_processor::stable_log] Program ASmKWt93JEMHxbdE6j7znD9y2FcdPboCzC3xtSTJvN7S consumed 2069 of 113201 compute units
[2025-11-05T06:35:33.448244000Z DEBUG solana_runtime::message_processor::stable_log] Program ASmKWt93JEMHxbdE6j7znD9y2FcdPboCzC3xtSTJvN7S success
[2025-11-05T06:35:33.448262000Z DEBUG solana_runtime::message_processor::stable_log] Program ASmKWt93JEMHxbdE6j7znD9y2FcdPboCzC3xtSTJvN7S consumed 89433 of 200000 compute units
[2025-11-05T06:35:33.448272000Z DEBUG solana_runtime::message_processor::stable_log] Program ASmKWt93JEMHxbdE6j7znD9y2FcdPboCzC3xtSTJvN7S success
[2025-11-05T06:35:33.478260000Z DEBUG solana_runtime::message_processor::stable_log] Program ASmKWt93JEMHxbdE6j7znD9y2FcdPboCzC3xtSTJvN7S invoke [1]
[2025-11-05T06:35:33.478392000Z DEBUG solana_runtime::message_processor::stable_log] Program log: Instruction: AddLiquidity
[2025-11-05T06:35:33.478788000Z DEBUG solana_runtime::message_processor::stable_log] Program TokenzQdBNbLqP5VEhdkAS6EPFLC1PHnBqCXEpPxuEb invoke [2]
[2025-11-05T06:35:33.478833000Z DEBUG solana_runtime::message_processor::stable_log] Program log: Instruction: TransferChecked
[2025-11-05T06:35:33.479124000Z DEBUG solana_runtime::message_processor::stable_log] Program TokenzQdBNbLqP5VEhdkAS6EPFLC1PHnBqCXEpPxuEb consumed 9156 of 172550 compute units
[2025-11-05T06:35:33.479139000Z DEBUG solana_runtime::message_processor::stable_log] Program TokenzQdBNbLqP5VEhdkAS6EPFLC1PHnBqCXEpPxuEb success
[2025-11-05T06:35:33.479184000Z DEBUG solana_runtime::message_processor::stable_log] Program TokenzQdBNbLqP5VEhdkAS6EPFLC1PHnBqCXEpPxuEb invoke [2]
[2025-11-05T06:35:33.479217000Z DEBUG solana_runtime::message_processor::stable_log] Program log: Instruction: TransferChecked
[2025-11-05T06:35:33.479337000Z DEBUG solana_runtime::message_processor::stable_log] Program TokenzQdBNbLqP5VEhdkAS6EPFLC1PHnBqCXEpPxuEb consumed 9156 of 160989 compute units
[2025-11-05T06:35:33.479348000Z DEBUG solana_runtime::message_processor::stable_log] Program TokenzQdBNbLqP5VEhdkAS6EPFLC1PHnBqCXEpPxuEb success
[2025-11-05T06:35:33.479399000Z DEBUG solana_runtime::message_processor::stable_log] Program ASmKWt93JEMHxbdE6j7znD9y2FcdPboCzC3xtSTJvN7S invoke [2]
[2025-11-05T06:35:33.479435000Z DEBUG solana_runtime::message_processor::stable_log] Program ASmKWt93JEMHxbdE6j7znD9y2FcdPboCzC3xtSTJvN7S consumed 2069 of 148579 compute units
[2025-11-05T06:35:33.479443000Z DEBUG solana_runtime::message_processor::stable_log] Program ASmKWt93JEMHxbdE6j7znD9y2FcdPboCzC3xtSTJvN7S success
[2025-11-05T06:35:33.479550000Z DEBUG solana_runtime::message_processor::stable_log] Program ASmKWt93JEMHxbdE6j7znD9y2FcdPboCzC3xtSTJvN7S invoke [2]
[2025-11-05T06:35:33.479582000Z DEBUG solana_runtime::message_processor::stable_log] Program ASmKWt93JEMHxbdE6j7znD9y2FcdPboCzC3xtSTJvN7S consumed 2069 of 139763 compute units
[2025-11-05T06:35:33.479590000Z DEBUG solana_runtime::message_processor::stable_log] Program ASmKWt93JEMHxbdE6j7znD9y2FcdPboCzC3xtSTJvN7S success
[2025-11-05T06:35:33.479610000Z DEBUG solana_runtime::message_processor::stable_log] Program ASmKWt93JEMHxbdE6j7znD9y2FcdPboCzC3xtSTJvN7S consumed 62947 of 200000 compute units
[2025-11-05T06:35:33.479620000Z DEBUG solana_runtime::message_processor::stable_log] Program ASmKWt93JEMHxbdE6j7znD9y2FcdPboCzC3xtSTJvN7S success
[2025-11-05T06:35:33.507362000Z DEBUG solana_runtime::message_processor::stable_log] Program ASmKWt93JEMHxbdE6j7znD9y2FcdPboCzC3xtSTJvN7S invoke [1]
[2025-11-05T06:35:33.507480000Z DEBUG solana_runtime::message_processor::stable_log] Program log: Instruction: Swap2
[2025-11-05T06:35:33.507870000Z DEBUG solana_runtime::message_processor::stable_log] Program TokenzQdBNbLqP5VEhdkAS6EPFLC1PHnBqCXEpPxuEb invoke [2]
[2025-11-05T06:35:33.507917000Z DEBUG solana_runtime::message_processor::stable_log] Program log: Instruction: TransferChecked
[2025-11-05T06:35:33.508049000Z DEBUG solana_runtime::message_processor::stable_log] Program TokenzQdBNbLqP5VEhdkAS6EPFLC1PHnBqCXEpPxuEb consumed 9156 of 172229 compute units
[2025-11-05T06:35:33.508060000Z DEBUG solana_runtime::message_processor::stable_log] Program TokenzQdBNbLqP5VEhdkAS6EPFLC1PHnBqCXEpPxuEb success
[2025-11-05T06:35:33.508172000Z DEBUG solana_runtime::message_processor::stable_log] Program TokenzQdBNbLqP5VEhdkAS6EPFLC1PHnBqCXEpPxuEb invoke [2]
[2025-11-05T06:35:33.508207000Z DEBUG solana_runtime::message_processor::stable_log] Program log: Instruction: TransferChecked
[2025-11-05T06:35:33.508321000Z DEBUG solana_runtime::message_processor::stable_log] Program TokenzQdBNbLqP5VEhdkAS6EPFLC1PHnBqCXEpPxuEb consumed 9216 of 160614 compute units
[2025-11-05T06:35:33.508330000Z DEBUG solana_runtime::message_processor::stable_log] Program TokenzQdBNbLqP5VEhdkAS6EPFLC1PHnBqCXEpPxuEb success
[2025-11-05T06:35:33.508443000Z DEBUG solana_runtime::message_processor::stable_log] Program ASmKWt93JEMHxbdE6j7znD9y2FcdPboCzC3xtSTJvN7S invoke [2]
[2025-11-05T06:35:33.508485000Z DEBUG solana_runtime::message_processor::stable_log] Program ASmKWt93JEMHxbdE6j7znD9y2FcdPboCzC3xtSTJvN7S consumed 2069 of 145036 compute units
[2025-11-05T06:35:33.508492000Z DEBUG solana_runtime::message_processor::stable_log] Program ASmKWt93JEMHxbdE6j7znD9y2FcdPboCzC3xtSTJvN7S success
[2025-11-05T06:35:33.508549000Z DEBUG solana_runtime::message_processor::stable_log] Program ASmKWt93JEMHxbdE6j7znD9y2FcdPboCzC3xtSTJvN7S invoke [2]
[2025-11-05T06:35:33.508601000Z DEBUG solana_runtime::message_processor::stable_log] Program ASmKWt93JEMHxbdE6j7znD9y2FcdPboCzC3xtSTJvN7S consumed 2069 of 139338 compute units
[2025-11-05T06:35:33.508609000Z DEBUG solana_runtime::message_processor::stable_log] Program ASmKWt93JEMHxbdE6j7znD9y2FcdPboCzC3xtSTJvN7S success
[2025-11-05T06:35:33.508628000Z DEBUG solana_runtime::message_processor::stable_log] Program ASmKWt93JEMHxbdE6j7znD9y2FcdPboCzC3xtSTJvN7S consumed 63265 of 200000 compute units
[2025-11-05T06:35:33.508637000Z DEBUG solana_runtime::message_processor::stable_log] Program ASmKWt93JEMHxbdE6j7znD9y2FcdPboCzC3xtSTJvN7S success
[2025-11-05T06:35:33.543593000Z DEBUG solana_runtime::message_processor::stable_log] Program ASmKWt93JEMHxbdE6j7znD9y2FcdPboCzC3xtSTJvN7S invoke [1]
[2025-11-05T06:35:33.543699000Z DEBUG solana_runtime::message_processor::stable_log] Program log: Instruction: AddLiquidity
[2025-11-05T06:35:33.544134000Z DEBUG solana_runtime::message_processor::stable_log] Program TokenzQdBNbLqP5VEhdkAS6EPFLC1PHnBqCXEpPxuEb invoke [2]
[2025-11-05T06:35:33.544235000Z DEBUG solana_runtime::message_processor::stable_log] Program log: Instruction: TransferChecked
[2025-11-05T06:35:33.544372000Z DEBUG solana_runtime::message_processor::stable_log] Program TokenzQdBNbLqP5VEhdkAS6EPFLC1PHnBqCXEpPxuEb consumed 9156 of 171183 compute units
[2025-11-05T06:35:33.544384000Z DEBUG solana_runtime::message_processor::stable_log] Program TokenzQdBNbLqP5VEhdkAS6EPFLC1PHnBqCXEpPxuEb success
[2025-11-05T06:35:33.544429000Z DEBUG solana_runtime::message_processor::stable_log] Program TokenzQdBNbLqP5VEhdkAS6EPFLC1PHnBqCXEpPxuEb invoke [2]
[2025-11-05T06:35:33.544464000Z DEBUG solana_runtime::message_processor::stable_log] Program log: Instruction: TransferChecked
[2025-11-05T06:35:33.544581000Z DEBUG solana_runtime::message_processor::stable_log] Program TokenzQdBNbLqP5VEhdkAS6EPFLC1PHnBqCXEpPxuEb consumed 9156 of 159622 compute units
[2025-11-05T06:35:33.544591000Z DEBUG solana_runtime::message_processor::stable_log] Program TokenzQdBNbLqP5VEhdkAS6EPFLC1PHnBqCXEpPxuEb success
[2025-11-05T06:35:33.544642000Z DEBUG solana_runtime::message_processor::stable_log] Program ASmKWt93JEMHxbdE6j7znD9y2FcdPboCzC3xtSTJvN7S invoke [2]
[2025-11-05T06:35:33.544676000Z DEBUG solana_runtime::message_processor::stable_log] Program ASmKWt93JEMHxbdE6j7znD9y2FcdPboCzC3xtSTJvN7S consumed 2069 of 147212 compute units
[2025-11-05T06:35:33.544684000Z DEBUG solana_runtime::message_processor::stable_log] Program ASmKWt93JEMHxbdE6j7znD9y2FcdPboCzC3xtSTJvN7S success
[2025-11-05T06:35:33.544808000Z DEBUG solana_runtime::message_processor::stable_log] Program ASmKWt93JEMHxbdE6j7znD9y2FcdPboCzC3xtSTJvN7S invoke [2]
[2025-11-05T06:35:33.544853000Z DEBUG solana_runtime::message_processor::stable_log] Program ASmKWt93JEMHxbdE6j7znD9y2FcdPboCzC3xtSTJvN7S consumed 2069 of 138378 compute units
[2025-11-05T06:35:33.544867000Z DEBUG solana_runtime::message_processor::stable_log] Program ASmKWt93JEMHxbdE6j7znD9y2FcdPboCzC3xtSTJvN7S success
[2025-11-05T06:35:33.544891000Z DEBUG solana_runtime::message_processor::stable_log] Program ASmKWt93JEMHxbdE6j7znD9y2FcdPboCzC3xtSTJvN7S consumed 64332 of 200000 compute units
[2025-11-05T06:35:33.544903000Z DEBUG solana_runtime::message_processor::stable_log] Program ASmKWt93JEMHxbdE6j7znD9y2FcdPboCzC3xtSTJvN7S success
[2025-11-05T06:35:33.575862000Z DEBUG solana_runtime::message_processor::stable_log] Program ASmKWt93JEMHxbdE6j7znD9y2FcdPboCzC3xtSTJvN7S invoke [1]
[2025-11-05T06:35:33.575982000Z DEBUG solana_runtime::message_processor::stable_log] Program log: Instruction: Swap2
[2025-11-05T06:35:33.576386000Z DEBUG solana_runtime::message_processor::stable_log] Program TokenzQdBNbLqP5VEhdkAS6EPFLC1PHnBqCXEpPxuEb invoke [2]
[2025-11-05T06:35:33.576432000Z DEBUG solana_runtime::message_processor::stable_log] Program log: Instruction: TransferChecked
[2025-11-05T06:35:33.576566000Z DEBUG solana_runtime::message_processor::stable_log] Program TokenzQdBNbLqP5VEhdkAS6EPFLC1PHnBqCXEpPxuEb consumed 9156 of 171809 compute units
[2025-11-05T06:35:33.576578000Z DEBUG solana_runtime::message_processor::stable_log] Program TokenzQdBNbLqP5VEhdkAS6EPFLC1PHnBqCXEpPxuEb success
[2025-11-05T06:35:33.576630000Z DEBUG solana_runtime::message_processor::stable_log] Program TokenzQdBNbLqP5VEhdkAS6EPFLC1PHnBqCXEpPxuEb invoke [2]
[2025-11-05T06:35:33.576661000Z DEBUG solana_runtime::message_processor::stable_log] Program log: Instruction: TransferChecked
[2025-11-05T06:35:33.576872000Z DEBUG solana_runtime::message_processor::stable_log] Program TokenzQdBNbLqP5VEhdkAS6EPFLC1PHnBqCXEpPxuEb consumed 9216 of 160194 compute units
[2025-11-05T06:35:33.576882000Z DEBUG solana_runtime::message_processor::stable_log] Program TokenzQdBNbLqP5VEhdkAS6EPFLC1PHnBqCXEpPxuEb success
[2025-11-05T06:35:33.576993000Z DEBUG solana_runtime::message_processor::stable_log] Program ASmKWt93JEMHxbdE6j7znD9y2FcdPboCzC3xtSTJvN7S invoke [2]
[2025-11-05T06:35:33.577026000Z DEBUG solana_runtime::message_processor::stable_log] Program ASmKWt93JEMHxbdE6j7znD9y2FcdPboCzC3xtSTJvN7S consumed 2069 of 144623 compute units
[2025-11-05T06:35:33.577033000Z DEBUG solana_runtime::message_processor::stable_log] Program ASmKWt93JEMHxbdE6j7znD9y2FcdPboCzC3xtSTJvN7S success
[2025-11-05T06:35:33.577089000Z DEBUG solana_runtime::message_processor::stable_log] Program ASmKWt93JEMHxbdE6j7znD9y2FcdPboCzC3xtSTJvN7S invoke [2]
[2025-11-05T06:35:33.577121000Z DEBUG solana_runtime::message_processor::stable_log] Program ASmKWt93JEMHxbdE6j7znD9y2FcdPboCzC3xtSTJvN7S consumed 2069 of 138925 compute units
[2025-11-05T06:35:33.577128000Z DEBUG solana_runtime::message_processor::stable_log] Program ASmKWt93JEMHxbdE6j7znD9y2FcdPboCzC3xtSTJvN7S success
[2025-11-05T06:35:33.577146000Z DEBUG solana_runtime::message_processor::stable_log] Program ASmKWt93JEMHxbdE6j7znD9y2FcdPboCzC3xtSTJvN7S consumed 63678 of 200000 compute units
[2025-11-05T06:35:33.577157000Z DEBUG solana_runtime::message_processor::stable_log] Program ASmKWt93JEMHxbdE6j7znD9y2FcdPboCzC3xtSTJvN7S success
          ✔ Swap successfully (122ms)


  86 passing (20s)
  2 pending
  1 failing

  1) Fee Router - Comprehensive Test Suite
       6. Dust & Cap Handling
         Should accumulate dust across pages and pay out when threshold met:
     Error: Error processing Instruction 1: custom program error: 0x2ee2 (CrankWindowNotReached)
      at /Users/user/development/solana/bounties/fee_router/tests/bankrun-utils/common.ts:115:11
      at Generator.next (<anonymous>)
      at fulfilled (tests/bankrun-utils/common.ts:5:58)



 ELIFECYCLE  Test failed. See above for more details.
